    [CG] 列生成开始，初始列数=310
    [CG] CG iter 1: obj=621003.086635, maxRC=1313091.473339, +26 cols
    [CG]   [DIAG] iter=1 posCols=26 newCols=26 effImprove=26 updated=0
    [CG] CG iter 2: obj=1513439.976963, maxRC=396368.200076, +18 cols
    [CG]   [DIAG] iter=2 posCols=18 newCols=18 effImprove=18 updated=0
    [CG] CG iter 3: obj=1579968.269728, maxRC=563036.255151, +20 cols
    [CG]   [DIAG] iter=3 posCols=20 newCols=20 effImprove=20 updated=0
    [CG] CG iter 4: obj=1603040.810346, maxRC=452072.729125, +18 cols
    [CG]   [DIAG] iter=4 posCols=18 newCols=18 effImprove=18 updated=0
    [CG] CG iter 5: obj=1650456.144342, maxRC=447920.301884, +19 cols
    [CG]   [DIAG] iter=5 posCols=19 newCols=19 effImprove=19 updated=0
    [CG] CG iter 6: obj=1699625.887238, maxRC=396851.785129, +19 cols
    [CG]   [DIAG] iter=6 posCols=19 newCols=19 effImprove=19 updated=0
    [CG] CG iter 7: obj=1738815.768597, maxRC=313045.425693, +12 cols
    [CG]   [DIAG] iter=7 posCols=12 newCols=12 effImprove=12 updated=0
    [CG] CG iter 8: obj=1783371.357466, maxRC=300122.243129, +10 cols
    [CG]   [DIAG] iter=8 posCols=10 newCols=9 effImprove=10 updated=1
    [CG] CG iter 9: obj=1783371.357466, maxRC=107715.265268, +10 cols
    [CG]   [DIAG] iter=9 posCols=10 newCols=10 effImprove=10 updated=0
    [CG] CG iter 10: obj=1797333.750465, maxRC=122375.317762, +9 cols
    [CG]   [DIAG] iter=10 posCols=9 newCols=9 effImprove=9 updated=0
    [CG] CG iter 11: obj=1829596.155918, maxRC=91514.025625, +10 cols
    [CG]   [DIAG] iter=11 posCols=10 newCols=10 effImprove=10 updated=0
    [CG] CG iter 12: obj=1864022.209094, maxRC=113525.814290, +9 cols
    [CG]   [DIAG] iter=12 posCols=9 newCols=9 effImprove=9 updated=0
    [CG] CG iter 13: obj=1866637.505317, maxRC=61872.292437, +9 cols
    [CG]   [DIAG] iter=13 posCols=9 newCols=9 effImprove=9 updated=0
    [CG] CG iter 14: obj=1875193.327722, maxRC=54608.556526, +9 cols
    [CG]   [DIAG] iter=14 posCols=9 newCols=9 effImprove=9 updated=0
    [CG] CG iter 15: obj=1875514.143995, maxRC=38159.277237, +9 cols
    [CG]   [DIAG] iter=15 posCols=9 newCols=9 effImprove=9 updated=0
    [CG] CG iter 16: obj=1881301.857597, maxRC=21445.685303, +9 cols
    [CG]   [DIAG] iter=16 posCols=9 newCols=9 effImprove=9 updated=0
    [CG] CG iter 17: obj=1923997.262592, maxRC=44852.586163, +8 cols
    [CG]   [DIAG] iter=17 posCols=8 newCols=8 effImprove=8 updated=0
    [CG] CG iter 18: obj=1930255.299288, maxRC=47063.320806, +7 cols
    [CG]   [DIAG] iter=18 posCols=7 newCols=7 effImprove=7 updated=0
    [CG] CG iter 19: obj=1930255.299288, maxRC=13561.360256, +8 cols
    [CG]   [DIAG] iter=19 posCols=8 newCols=8 effImprove=8 updated=0
    [CG] CG iter 20: obj=1932619.756718, maxRC=35005.146508, +7 cols
    [CG]   [DIAG] iter=20 posCols=7 newCols=7 effImprove=7 updated=0
    [CG] CG iter 21: obj=1932619.756718, maxRC=19212.705879, +7 cols
    [CG]   [DIAG] iter=21 posCols=7 newCols=7 effImprove=7 updated=0
    [CG] CG iter 22: obj=1932619.756718, maxRC=8858.967862, +7 cols
    [CG]   [DIAG] iter=22 posCols=7 newCols=7 effImprove=7 updated=0
    [CG] CG iter 23: obj=1932619.756718, maxRC=6482.057551, +5 cols
    [CG]   [DIAG] iter=23 posCols=5 newCols=5 effImprove=5 updated=0
    [CG] CG iter 24: obj=1932619.756718, maxRC=8101.795679, +3 cols
    [CG]   [DIAG] iter=24 posCols=3 newCols=3 effImprove=3 updated=0
    [CG] CG iter 25: obj=1932619.756718, maxRC=3658.266004, +3 cols
    [CG]   [DIAG] iter=25 posCols=3 newCols=3 effImprove=3 updated=0
    [CG] CG iter 26: obj=1932619.756718, maxRC=2975.206629, +3 cols
    [CG]   [DIAG] iter=26 posCols=3 newCols=3 effImprove=3 updated=0
    [CG] CG iter 27: obj=1932619.756718, maxRC=748.932530, +3 cols
    [CG]   [DIAG] iter=27 posCols=3 newCols=3 effImprove=3 updated=0
    [CG] 列生成收敛，共 28 轮迭代
    [CG] [CG-NODE] depth=0 exit=CERTIFIED certified=1 feasible=1 iters=28 generatedColsBeforeNode=0 newCols=276 posCandidates=277 duplicateCandidates=1 updatedCols=1 zeroObjImproveIters=10 objFirst=621003.086635 objLast=1932619.756718 objGain=1311616.670084 maxRC=1313091.473339 wallSec=0.235841 pricingSec=0.221304 cplexSolveSec=0.009643
      [BB] 根节点即为整数解，obj=1932619.756718
