    [CG] 列生成开始，初始列数=310
    [CG] CG iter 1: obj=974708.968533, maxRC=865678.875844, +30 cols
    [CG]   [DIAG] iter=1 posCols=30 newCols=30 effImprove=30 updated=0
    [CG] CG iter 2: obj=1471261.306466, maxRC=234501.202713, +27 cols
    [CG]   [DIAG] iter=2 posCols=27 newCols=27 effImprove=27 updated=0
    [CG] CG iter 3: obj=1705093.918567, maxRC=232551.962372, +30 cols
    [CG]   [DIAG] iter=3 posCols=30 newCols=30 effImprove=30 updated=0
    [CG] CG iter 4: obj=1806612.540223, maxRC=178004.998255, +28 cols
    [CG]   [DIAG] iter=4 posCols=28 newCols=28 effImprove=28 updated=0
    [CG] CG iter 5: obj=1923900.666248, maxRC=103956.255871, +23 cols
    [CG]   [DIAG] iter=5 posCols=23 newCols=23 effImprove=23 updated=0
    [CG] CG iter 6: obj=1972542.955758, maxRC=138515.875197, +24 cols
    [CG]   [DIAG] iter=6 posCols=24 newCols=24 effImprove=24 updated=0
    [CG] CG iter 7: obj=1981144.118701, maxRC=78938.369799, +18 cols
    [CG]   [DIAG] iter=7 posCols=18 newCols=18 effImprove=18 updated=0
    [CG] CG iter 8: obj=2001865.980004, maxRC=56279.397001, +15 cols
    [CG]   [DIAG] iter=8 posCols=15 newCols=14 effImprove=15 updated=1
    [CG] CG iter 9: obj=2021163.766356, maxRC=26388.501557, +11 cols
    [CG]   [DIAG] iter=9 posCols=11 newCols=11 effImprove=11 updated=0
    [CG] CG iter 10: obj=2021163.766356, maxRC=19116.963417, +9 cols
    [CG]   [DIAG] iter=10 posCols=9 newCols=9 effImprove=9 updated=0
    [CG] CG iter 11: obj=2025770.918379, maxRC=22630.695179, +5 cols
    [CG]   [DIAG] iter=11 posCols=5 newCols=5 effImprove=5 updated=0
    [CG] CG iter 12: obj=2025770.918379, maxRC=14846.440885, +4 cols
    [CG]   [DIAG] iter=12 posCols=4 newCols=4 effImprove=4 updated=0
    [CG] CG iter 13: obj=2034818.081316, maxRC=2261.726935, +3 cols
    [CG]   [DIAG] iter=13 posCols=3 newCols=3 effImprove=3 updated=0
    [CG] 列生成收敛，共 14 轮迭代
    [CG] [CG-NODE] depth=0 exit=CERTIFIED certified=1 feasible=1 iters=14 generatedColsBeforeNode=0 newCols=226 posCandidates=227 duplicateCandidates=1 updatedCols=1 zeroObjImproveIters=2 objFirst=974708.968533 objLast=2037079.808251 objGain=1062370.839718 maxRC=865678.875844 wallSec=0.094659 pricingSec=0.086473 cplexSolveSec=0.004953
      [BB] 根节点即为整数解，obj=2037079.808251
