    [CG] 列生成开始，初始列数=310
    [CG] CG iter 1: obj=888010.141218, maxRC=858713.069315, +30 cols
    [CG]   [DIAG] iter=1 posCols=30 newCols=30 effImprove=30 updated=0
    [CG] CG iter 2: obj=1495712.531237, maxRC=285846.103395, +29 cols
    [CG]   [DIAG] iter=2 posCols=29 newCols=29 effImprove=29 updated=0
    [CG] CG iter 3: obj=1604002.199208, maxRC=258570.242852, +29 cols
    [CG]   [DIAG] iter=3 posCols=29 newCols=29 effImprove=29 updated=0
    [CG] CG iter 4: obj=1880746.576337, maxRC=136108.198561, +21 cols
    [CG]   [DIAG] iter=4 posCols=21 newCols=21 effImprove=21 updated=0
    [CG] CG iter 5: obj=1894027.259647, maxRC=85758.113819, +18 cols
    [CG]   [DIAG] iter=5 posCols=18 newCols=18 effImprove=18 updated=0
    [CG] CG iter 6: obj=1919420.405984, maxRC=97190.577314, +19 cols
    [CG]   [DIAG] iter=6 posCols=19 newCols=19 effImprove=19 updated=0
    [CG] CG iter 7: obj=1954967.291422, maxRC=78052.801777, +16 cols
    [CG]   [DIAG] iter=7 posCols=16 newCols=16 effImprove=16 updated=0
    [CG] CG iter 8: obj=1954967.291422, maxRC=34145.878593, +15 cols
    [CG]   [DIAG] iter=8 posCols=15 newCols=15 effImprove=15 updated=0
    [CG] CG iter 9: obj=1967578.377533, maxRC=13772.562988, +11 cols
    [CG]   [DIAG] iter=9 posCols=11 newCols=10 effImprove=11 updated=1
    [CG] CG iter 10: obj=1970549.245497, maxRC=9583.093228, +8 cols
    [CG]   [DIAG] iter=10 posCols=8 newCols=7 effImprove=8 updated=1
    [CG] CG iter 11: obj=1973585.066433, maxRC=3989.261370, +3 cols
    [CG]   [DIAG] iter=11 posCols=3 newCols=3 effImprove=3 updated=0
    [CG] CG iter 12: obj=1973585.066433, maxRC=2777.435499, +1 cols
    [CG]   [DIAG] iter=12 posCols=1 newCols=1 effImprove=1 updated=0
    [CG] 列生成收敛，共 13 轮迭代
    [CG] [CG-NODE] depth=0 exit=CERTIFIED certified=1 feasible=1 iters=13 generatedColsBeforeNode=0 newCols=198 posCandidates=200 duplicateCandidates=2 updatedCols=2 zeroObjImproveIters=2 objFirst=888010.141218 objLast=1976362.501932 objGain=1088352.360715 maxRC=858713.069315 wallSec=0.130046 pricingSec=0.120851 cplexSolveSec=0.005070
      [BB] 根节点即为整数解，obj=1976362.501932
