    [CG] 列生成开始，初始列数=310
    [CG] CG iter 1: obj=965086.931275, maxRC=862229.108322, +30 cols
    [CG]   [DIAG] iter=1 posCols=30 newCols=30 effImprove=30 updated=0
    [CG] CG iter 2: obj=1489539.449393, maxRC=270830.849855, +27 cols
    [CG]   [DIAG] iter=2 posCols=27 newCols=27 effImprove=27 updated=0
    [CG] CG iter 3: obj=1689953.426185, maxRC=238209.475955, +30 cols
    [CG]   [DIAG] iter=3 posCols=30 newCols=30 effImprove=30 updated=0
    [CG] CG iter 4: obj=1836635.091821, maxRC=230051.791729, +26 cols
    [CG]   [DIAG] iter=4 posCols=26 newCols=26 effImprove=26 updated=0
    [CG] CG iter 5: obj=1920089.708039, maxRC=192012.280940, +29 cols
    [CG]   [DIAG] iter=5 posCols=29 newCols=29 effImprove=29 updated=0
    [CG] CG iter 6: obj=1920089.708039, maxRC=93897.197440, +21 cols
    [CG]   [DIAG] iter=6 posCols=21 newCols=21 effImprove=21 updated=0
    [CG] CG iter 7: obj=1940778.809388, maxRC=98692.042124, +22 cols
    [CG]   [DIAG] iter=7 posCols=22 newCols=22 effImprove=22 updated=0
    [CG] CG iter 8: obj=1977281.380123, maxRC=70137.660753, +23 cols
    [CG]   [DIAG] iter=8 posCols=23 newCols=22 effImprove=23 updated=1
    [CG] CG iter 9: obj=2017619.355338, maxRC=33188.635768, +16 cols
    [CG]   [DIAG] iter=9 posCols=16 newCols=15 effImprove=16 updated=1
    [CG] CG iter 10: obj=2018213.784307, maxRC=13533.402023, +8 cols
    [CG]   [DIAG] iter=10 posCols=8 newCols=8 effImprove=8 updated=0
    [CG] CG iter 11: obj=2031747.186330, maxRC=12344.373366, +9 cols
    [CG]   [DIAG] iter=11 posCols=9 newCols=8 effImprove=9 updated=1
    [CG] CG iter 12: obj=2046213.512938, maxRC=562.331951, +1 cols
    [CG]   [DIAG] iter=12 posCols=1 newCols=1 effImprove=1 updated=0
    [CG] 列生成收敛，共 13 轮迭代
    [CG] [CG-NODE] depth=0 exit=CERTIFIED certified=1 feasible=1 iters=13 generatedColsBeforeNode=0 newCols=239 posCandidates=242 duplicateCandidates=3 updatedCols=3 zeroObjImproveIters=2 objFirst=965086.931275 objLast=2046213.512938 objGain=1081126.581662 maxRC=862229.108322 wallSec=0.100246 pricingSec=0.092519 cplexSolveSec=0.004747
      [BB] 根节点即为整数解，obj=2046213.512938
