    [CG] 列生成开始，初始列数=310
    [CG] CG iter 1: obj=888670.446565, maxRC=685080.987878, +30 cols
    [CG]   [DIAG] iter=1 posCols=30 newCols=30 effImprove=30 updated=0
    [CG] CG iter 2: obj=1542238.771400, maxRC=235376.584015, +26 cols
    [CG]   [DIAG] iter=2 posCols=26 newCols=26 effImprove=26 updated=0
    [CG] CG iter 3: obj=1607118.230307, maxRC=164053.980473, +26 cols
    [CG]   [DIAG] iter=3 posCols=26 newCols=26 effImprove=26 updated=0
    [CG] CG iter 4: obj=1783412.379766, maxRC=141733.409116, +24 cols
    [CG]   [DIAG] iter=4 posCols=24 newCols=24 effImprove=24 updated=0
    [CG] CG iter 5: obj=1813120.208960, maxRC=44493.231850, +24 cols
    [CG]   [DIAG] iter=5 posCols=24 newCols=23 effImprove=24 updated=1
    [CG] CG iter 6: obj=1828386.529253, maxRC=45082.168119, +22 cols
    [CG]   [DIAG] iter=6 posCols=22 newCols=21 effImprove=22 updated=1
    [CG] CG iter 7: obj=1864145.499623, maxRC=31954.945435, +14 cols
    [CG]   [DIAG] iter=7 posCols=14 newCols=11 effImprove=14 updated=3
    [CG] CG iter 8: obj=1884133.684849, maxRC=21598.820416, +18 cols
    [CG]   [DIAG] iter=8 posCols=18 newCols=18 effImprove=18 updated=0
    [CG] CG iter 9: obj=1895248.659152, maxRC=19812.638954, +6 cols
    [CG]   [DIAG] iter=9 posCols=6 newCols=5 effImprove=6 updated=1
    [CG] CG iter 10: obj=1907622.609913, maxRC=5385.389581, +3 cols
    [CG]   [DIAG] iter=10 posCols=3 newCols=3 effImprove=3 updated=0
    [CG] CG iter 11: obj=1907622.609913, maxRC=5269.334404, +2 cols
    [CG]   [DIAG] iter=11 posCols=2 newCols=1 effImprove=2 updated=1
    [CG] CG iter 12: obj=1907622.609913, maxRC=219.576601, +1 cols
    [CG]   [DIAG] iter=12 posCols=1 newCols=0 effImprove=1 updated=1
    [CG] 列生成收敛，共 13 轮迭代
    [CG] [CG-NODE] depth=0 exit=CERTIFIED certified=1 feasible=1 iters=13 generatedColsBeforeNode=0 newCols=188 posCandidates=196 duplicateCandidates=8 updatedCols=8 zeroObjImproveIters=3 objFirst=888670.446565 objLast=1907622.609913 objGain=1018952.163348 maxRC=685080.987878 wallSec=0.065517 pricingSec=0.059490 cplexSolveSec=0.003616
      [BB] 根节点即为整数解，obj=1907622.609913
