    [CG] 列生成开始，初始列数=310
    [CG] CG iter 1: obj=683061.012935, maxRC=726522.055643, +30 cols
    [CG]   [DIAG] iter=1 posCols=30 newCols=30 effImprove=30 updated=0
    [CG] CG iter 2: obj=1344351.758866, maxRC=294228.383479, +21 cols
    [CG]   [DIAG] iter=2 posCols=21 newCols=21 effImprove=21 updated=0
    [CG] CG iter 3: obj=1509446.893552, maxRC=212299.015400, +22 cols
    [CG]   [DIAG] iter=3 posCols=22 newCols=22 effImprove=22 updated=0
    [CG] CG iter 4: obj=1553500.075844, maxRC=215544.570828, +24 cols
    [CG]   [DIAG] iter=4 posCols=24 newCols=24 effImprove=24 updated=0
    [CG] CG iter 5: obj=1636171.216944, maxRC=160365.382428, +21 cols
    [CG]   [DIAG] iter=5 posCols=21 newCols=21 effImprove=21 updated=0
    [CG] CG iter 6: obj=1736037.501456, maxRC=89737.199923, +16 cols
    [CG]   [DIAG] iter=6 posCols=16 newCols=16 effImprove=16 updated=0
    [CG] CG iter 7: obj=1738841.524037, maxRC=78176.836244, +18 cols
    [CG]   [DIAG] iter=7 posCols=18 newCols=18 effImprove=18 updated=0
    [CG] CG iter 8: obj=1755655.043871, maxRC=39073.335366, +14 cols
    [CG]   [DIAG] iter=8 posCols=14 newCols=14 effImprove=14 updated=0
    [CG] CG iter 9: obj=1760809.864969, maxRC=20509.276445, +12 cols
    [CG]   [DIAG] iter=9 posCols=12 newCols=11 effImprove=12 updated=1
    [CG] CG iter 10: obj=1769148.403539, maxRC=12329.836337, +8 cols
    [CG]   [DIAG] iter=10 posCols=8 newCols=7 effImprove=8 updated=1
    [CG] CG iter 11: obj=1781478.239875, maxRC=3409.177464, +5 cols
    [CG]   [DIAG] iter=11 posCols=5 newCols=5 effImprove=5 updated=0
    [CG] CG iter 12: obj=1781745.448485, maxRC=78.985111, +1 cols
    [CG]   [DIAG] iter=12 posCols=1 newCols=1 effImprove=1 updated=0
    [CG] 列生成收敛，共 13 轮迭代
    [CG] [CG-NODE] depth=0 exit=CERTIFIED certified=1 feasible=1 iters=13 generatedColsBeforeNode=0 newCols=190 posCandidates=192 duplicateCandidates=2 updatedCols=2 zeroObjImproveIters=1 objFirst=683061.012935 objLast=1781745.448485 objGain=1098684.435550 maxRC=726522.055643 wallSec=0.168824 pricingSec=0.142900 cplexSolveSec=0.004826
      [BB] 根节点即为整数解，obj=1781745.448485
