    [CG] 列生成开始，初始列数=310
    [CG] CG iter 1: obj=618624.358608, maxRC=1288940.513939, +27 cols
    [CG]   [DIAG] iter=1 posCols=27 newCols=27 effImprove=27 updated=0
    [CG] CG iter 2: obj=1499991.827164, maxRC=327588.324126, +13 cols
    [CG]   [DIAG] iter=2 posCols=13 newCols=13 effImprove=13 updated=0
    [CG] CG iter 3: obj=1628570.372797, maxRC=618076.040226, +21 cols
    [CG]   [DIAG] iter=3 posCols=21 newCols=21 effImprove=21 updated=0
    [CG] CG iter 4: obj=1628758.140898, maxRC=487812.205465, +20 cols
    [CG]   [DIAG] iter=4 posCols=20 newCols=20 effImprove=20 updated=0
    [CG] CG iter 5: obj=1657908.637696, maxRC=490189.517186, +18 cols
    [CG]   [DIAG] iter=5 posCols=18 newCols=18 effImprove=18 updated=0
    [CG] CG iter 6: obj=1663555.935818, maxRC=434640.344260, +16 cols
    [CG]   [DIAG] iter=6 posCols=16 newCols=15 effImprove=16 updated=1
    [CG] CG iter 7: obj=1706538.726445, maxRC=346900.659940, +15 cols
    [CG]   [DIAG] iter=7 posCols=15 newCols=15 effImprove=15 updated=0
    [CG] CG iter 8: obj=1725690.438215, maxRC=272442.595418, +13 cols
    [CG]   [DIAG] iter=8 posCols=13 newCols=13 effImprove=13 updated=0
    [CG] CG iter 9: obj=1741944.984301, maxRC=158207.163420, +12 cols
    [CG]   [DIAG] iter=9 posCols=12 newCols=12 effImprove=12 updated=0
    [CG] CG iter 10: obj=1753715.629641, maxRC=103239.058151, +10 cols
    [CG]   [DIAG] iter=10 posCols=10 newCols=10 effImprove=10 updated=0
    [CG] CG iter 11: obj=1765006.782519, maxRC=85630.283132, +6 cols
    [CG]   [DIAG] iter=11 posCols=6 newCols=6 effImprove=6 updated=0
    [CG] CG iter 12: obj=1775581.543083, maxRC=91725.350558, +6 cols
    [CG]   [DIAG] iter=12 posCols=6 newCols=6 effImprove=6 updated=0
    [CG] CG iter 13: obj=1780947.029833, maxRC=73792.755709, +7 cols
    [CG]   [DIAG] iter=13 posCols=7 newCols=7 effImprove=7 updated=0
    [CG] CG iter 14: obj=1785455.463258, maxRC=99037.538656, +6 cols
    [CG]   [DIAG] iter=14 posCols=6 newCols=6 effImprove=6 updated=0
    [CG] CG iter 15: obj=1787877.681129, maxRC=49722.771958, +6 cols
    [CG]   [DIAG] iter=15 posCols=6 newCols=6 effImprove=6 updated=0
    [CG] CG iter 16: obj=1791858.993125, maxRC=57226.235875, +6 cols
    [CG]   [DIAG] iter=16 posCols=6 newCols=6 effImprove=6 updated=0
    [CG] CG iter 17: obj=1798335.580518, maxRC=47176.880044, +6 cols
    [CG]   [DIAG] iter=17 posCols=6 newCols=6 effImprove=6 updated=0
    [CG] CG iter 18: obj=1814224.667780, maxRC=56505.577518, +9 cols
    [CG]   [DIAG] iter=18 posCols=9 newCols=9 effImprove=9 updated=0
    [CG] CG iter 19: obj=1818194.974841, maxRC=29728.107730, +6 cols
    [CG]   [DIAG] iter=19 posCols=6 newCols=6 effImprove=6 updated=0
    [CG] CG iter 20: obj=1818194.974841, maxRC=27206.478304, +5 cols
    [CG]   [DIAG] iter=20 posCols=5 newCols=5 effImprove=5 updated=0
    [CG] CG iter 21: obj=1819394.927499, maxRC=40107.098409, +6 cols
    [CG]   [DIAG] iter=21 posCols=6 newCols=6 effImprove=6 updated=0
    [CG] CG iter 22: obj=1825313.244556, maxRC=64544.240708, +6 cols
    [CG]   [DIAG] iter=22 posCols=6 newCols=6 effImprove=6 updated=0
    [CG] CG iter 23: obj=1825313.244556, maxRC=92443.127958, +13 cols
    [CG]   [DIAG] iter=23 posCols=13 newCols=13 effImprove=13 updated=0
    [CG] CG iter 24: obj=1825313.244556, maxRC=47742.209743, +7 cols
    [CG]   [DIAG] iter=24 posCols=7 newCols=7 effImprove=7 updated=0
    [CG] CG iter 25: obj=1825313.244556, maxRC=42218.444413, +6 cols
    [CG]   [DIAG] iter=25 posCols=6 newCols=6 effImprove=6 updated=0
    [CG] CG iter 26: obj=1825313.244556, maxRC=36685.810447, +6 cols
    [CG]   [DIAG] iter=26 posCols=6 newCols=6 effImprove=6 updated=0
    [CG] CG iter 27: obj=1825313.244556, maxRC=26468.087503, +4 cols
    [CG]   [DIAG] iter=27 posCols=4 newCols=4 effImprove=4 updated=0
    [CG] CG iter 28: obj=1825313.244556, maxRC=32146.205768, +6 cols
    [CG]   [DIAG] iter=28 posCols=6 newCols=6 effImprove=6 updated=0
    [CG] CG iter 29: obj=1825313.244556, maxRC=25275.520432, +5 cols
    [CG]   [DIAG] iter=29 posCols=5 newCols=5 effImprove=5 updated=0
    [CG] CG iter 30: obj=1825313.244556, maxRC=24935.033037, +5 cols
    [CG]   [DIAG] iter=30 posCols=5 newCols=5 effImprove=5 updated=0
    [CG] CG iter 31: obj=1825313.244556, maxRC=20803.268655, +4 cols
    [CG]   [DIAG] iter=31 posCols=4 newCols=4 effImprove=4 updated=0
    [CG] CG iter 32: obj=1825313.244556, maxRC=13582.402230, +3 cols
    [CG]   [DIAG] iter=32 posCols=3 newCols=3 effImprove=3 updated=0
    [CG] CG iter 33: obj=1825313.244556, maxRC=24225.360653, +4 cols
    [CG]   [DIAG] iter=33 posCols=4 newCols=4 effImprove=4 updated=0
    [CG] CG iter 34: obj=1825313.244556, maxRC=12811.156856, +4 cols
    [CG]   [DIAG] iter=34 posCols=4 newCols=4 effImprove=4 updated=0
    [CG] CG iter 35: obj=1825313.244556, maxRC=9832.788475, +3 cols
    [CG]   [DIAG] iter=35 posCols=3 newCols=3 effImprove=3 updated=0
    [CG] CG iter 36: obj=1825313.244556, maxRC=4100.254486, +3 cols
    [CG]   [DIAG] iter=36 posCols=3 newCols=3 effImprove=3 updated=0
    [CG] CG iter 37: obj=1825313.244556, maxRC=2563.268258, +2 cols
    [CG]   [DIAG] iter=37 posCols=2 newCols=2 effImprove=2 updated=0
    [CG] CG iter 38: obj=1825313.244556, maxRC=68.363565, +1 cols
    [CG]   [DIAG] iter=38 posCols=1 newCols=1 effImprove=1 updated=0
    [CG] 列生成收敛，共 39 轮迭代
    [CG] [CG-NODE] depth=0 exit=CERTIFIED certified=1 feasible=1 iters=39 generatedColsBeforeNode=0 newCols=315 posCandidates=316 duplicateCandidates=1 updatedCols=1 zeroObjImproveIters=18 objFirst=618624.358608 objLast=1825313.244556 objGain=1206688.885948 maxRC=1288940.513939 wallSec=0.216369 pricingSec=0.197605 cplexSolveSec=0.013088
      [BB] 分支定界开始，根节点LP obj=1825313.244556，最大节点数=10000
      [BB] 根节点启发式下界 LB=1679855.617407（上界=1825313.244556）
    [CG] [BB-DIAG] 分支 x_{dc=0,retailer=5}, 节点数=1
    [CG] 列生成开始，初始列数=564
    [CG] CG iter 40: obj=1800135.333837, maxRC=433327.872260, +12 cols
    [CG]   [DIAG] iter=40 posCols=12 newCols=12 effImprove=12 updated=0
    [CG] CG iter 41: obj=1800135.333837, maxRC=249967.452321, +16 cols
    [CG]   [DIAG] iter=41 posCols=16 newCols=16 effImprove=16 updated=0
    [CG] CG iter 42: obj=1800135.333837, maxRC=90355.179982, +13 cols
    [CG]   [DIAG] iter=42 posCols=13 newCols=13 effImprove=13 updated=0
    [CG] CG iter 43: obj=1800135.333837, maxRC=103423.337613, +9 cols
    [CG]   [DIAG] iter=43 posCols=9 newCols=9 effImprove=9 updated=0
    [CG] CG iter 44: obj=1800135.333837, maxRC=32424.023752, +11 cols
    [CG]   [DIAG] iter=44 posCols=11 newCols=11 effImprove=11 updated=0
    [CG] CG iter 45: obj=1800135.333837, maxRC=26498.916692, +6 cols
    [CG]   [DIAG] iter=45 posCols=6 newCols=6 effImprove=6 updated=0
    [CG] CG iter 46: obj=1806242.935123, maxRC=19888.997124, +5 cols
    [CG]   [DIAG] iter=46 posCols=5 newCols=5 effImprove=5 updated=0
    [CG] CG iter 47: obj=1817051.936734, maxRC=25710.637243, +6 cols
    [CG]   [DIAG] iter=47 posCols=6 newCols=6 effImprove=6 updated=0
    [CG] CG iter 48: obj=1817051.936734, maxRC=5829.448168, +4 cols
    [CG]   [DIAG] iter=48 posCols=4 newCols=4 effImprove=4 updated=0
    [CG] CG iter 49: obj=1821152.337289, maxRC=8799.995602, +4 cols
    [CG]   [DIAG] iter=49 posCols=4 newCols=4 effImprove=4 updated=0
    [CG] CG iter 50: obj=1821152.337289, maxRC=4026.160526, +2 cols
    [CG]   [DIAG] iter=50 posCols=2 newCols=2 effImprove=2 updated=0
    [CG] CG iter 51: obj=1821152.337289, maxRC=8205.059347, +1 cols
    [CG]   [DIAG] iter=51 posCols=1 newCols=1 effImprove=1 updated=0
    [CG] CG iter 52: obj=1821152.337289, maxRC=5645.558793, +1 cols
    [CG]   [DIAG] iter=52 posCols=1 newCols=1 effImprove=1 updated=0
    [CG] CG iter 53: obj=1821152.337289, maxRC=2612.630488, +1 cols
    [CG]   [DIAG] iter=53 posCols=1 newCols=1 effImprove=1 updated=0
    [CG] CG iter 54: obj=1821152.337289, maxRC=4902.301033, +1 cols
    [CG]   [DIAG] iter=54 posCols=1 newCols=1 effImprove=1 updated=0
    [CG] CG iter 55: obj=1821152.337289, maxRC=131.339293, +1 cols
    [CG]   [DIAG] iter=55 posCols=1 newCols=1 effImprove=1 updated=0
    [CG] CG iter 56: obj=1821152.337289, maxRC=128.517104, +1 cols
    [CG]   [DIAG] iter=56 posCols=1 newCols=1 effImprove=1 updated=0
    [CG] CG iter 57: obj=1821152.337289, maxRC=62.841711, +1 cols
    [CG]   [DIAG] iter=57 posCols=1 newCols=1 effImprove=1 updated=0
    [CG] CG iter 58: obj=1821152.337289, maxRC=52.149167, +1 cols
    [CG]   [DIAG] iter=58 posCols=1 newCols=1 effImprove=1 updated=0
    [CG] 列生成收敛，共 59 轮迭代
    [CG] [CG-NODE] depth=1 exit=CERTIFIED certified=1 feasible=1 iters=20 generatedColsBeforeNode=315 newCols=96 posCandidates=96 duplicateCandidates=0 updatedCols=0 zeroObjImproveIters=16 objFirst=1800135.333837 objLast=1821152.337289 objGain=21017.003452 maxRC=433327.872260 wallSec=0.088696 pricingSec=0.078235 cplexSolveSec=0.007823
    [CG] 列生成开始，初始列数=568
    [CG] CG iter 60: obj=1811480.456771, maxRC=79637.531691, +12 cols
    [CG]   [DIAG] iter=60 posCols=12 newCols=12 effImprove=12 updated=0
    [CG] CG iter 61: obj=1811480.456771, maxRC=80537.725251, +9 cols
    [CG]   [DIAG] iter=61 posCols=9 newCols=9 effImprove=9 updated=0
    [CG] CG iter 62: obj=1811480.456771, maxRC=58021.987750, +10 cols
    [CG]   [DIAG] iter=62 posCols=10 newCols=10 effImprove=10 updated=0
    [CG] CG iter 63: obj=1811480.456771, maxRC=69996.464959, +9 cols
    [CG]   [DIAG] iter=63 posCols=9 newCols=9 effImprove=9 updated=0
    [CG] CG iter 64: obj=1811480.456771, maxRC=40682.913898, +6 cols
    [CG]   [DIAG] iter=64 posCols=6 newCols=6 effImprove=6 updated=0
    [CG] CG iter 65: obj=1811480.456771, maxRC=40002.514606, +6 cols
    [CG]   [DIAG] iter=65 posCols=6 newCols=6 effImprove=6 updated=0
    [CG] CG iter 66: obj=1811480.456771, maxRC=17343.795193, +6 cols
    [CG]   [DIAG] iter=66 posCols=6 newCols=6 effImprove=6 updated=0
    [CG] CG iter 67: obj=1811480.456771, maxRC=15237.380941, +5 cols
    [CG]   [DIAG] iter=67 posCols=5 newCols=5 effImprove=5 updated=0
    [CG] CG iter 68: obj=1819975.245623, maxRC=12306.739275, +4 cols
    [CG]   [DIAG] iter=68 posCols=4 newCols=4 effImprove=4 updated=0
    [CG] CG iter 69: obj=1819975.245623, maxRC=3784.044811, +4 cols
    [CG]   [DIAG] iter=69 posCols=4 newCols=4 effImprove=4 updated=0
    [CG] CG iter 70: obj=1823759.290434, maxRC=1219.035250, +2 cols
    [CG]   [DIAG] iter=70 posCols=2 newCols=2 effImprove=2 updated=0
    [CG] CG iter 71: obj=1823759.290434, maxRC=171.146181, +2 cols
    [CG]   [DIAG] iter=71 posCols=2 newCols=2 effImprove=2 updated=0
    [CG] 列生成收敛，共 72 轮迭代
    [CG] [CG-NODE] depth=1 exit=CERTIFIED certified=1 feasible=1 iters=13 generatedColsBeforeNode=411 newCols=75 posCandidates=75 duplicateCandidates=0 updatedCols=0 zeroObjImproveIters=10 objFirst=1811480.456771 objLast=1823759.290434 objGain=12278.833662 maxRC=80537.725251 wallSec=0.044405 pricingSec=0.036569 cplexSolveSec=0.005676
    [CG] [BB-INCUMBENT] selection=2 node=1 previous=1679855.617407 value=1823759.290434 active=1
    [CG] [BB-NODESEL] strategy=hybrid choice=dfs eligibleCount=1 active=1 gap=0.000000
      [BB] 分支定界结束：处理 3 节点，剪枝 1，剩余活跃 0，整数解 2，状态=OPTIMAL，最好可行 obj=1823759.290434，gap=0.000000
