    [CG] 列生成开始，初始列数=310
    [CG] CG iter 1: obj=729352.092238, maxRC=1284674.923668, +30 cols
    [CG]   [DIAG] iter=1 posCols=30 newCols=30 effImprove=30 updated=0
    [CG] CG iter 2: obj=1505969.722405, maxRC=292725.975087, +15 cols
    [CG]   [DIAG] iter=2 posCols=15 newCols=15 effImprove=15 updated=0
    [CG] CG iter 3: obj=1679230.931392, maxRC=671024.729815, +25 cols
    [CG]   [DIAG] iter=3 posCols=25 newCols=25 effImprove=25 updated=0
    [CG] CG iter 4: obj=1745058.829053, maxRC=471549.169798, +22 cols
    [CG]   [DIAG] iter=4 posCols=22 newCols=22 effImprove=22 updated=0
    [CG] CG iter 5: obj=1745058.829053, maxRC=420718.361029, +18 cols
    [CG]   [DIAG] iter=5 posCols=18 newCols=18 effImprove=18 updated=0
    [CG] CG iter 6: obj=1762266.101171, maxRC=327870.170005, +19 cols
    [CG]   [DIAG] iter=6 posCols=19 newCols=19 effImprove=19 updated=0
    [CG] CG iter 7: obj=1763270.759308, maxRC=329615.160410, +11 cols
    [CG]   [DIAG] iter=7 posCols=11 newCols=10 effImprove=11 updated=1
    [CG] CG iter 8: obj=1766549.504134, maxRC=273440.763906, +17 cols
    [CG]   [DIAG] iter=8 posCols=17 newCols=16 effImprove=17 updated=1
    [CG] CG iter 9: obj=1778943.996129, maxRC=158609.636570, +6 cols
    [CG]   [DIAG] iter=9 posCols=6 newCols=6 effImprove=6 updated=0
    [CG] CG iter 10: obj=1785821.634005, maxRC=72092.199885, +7 cols
    [CG]   [DIAG] iter=10 posCols=7 newCols=7 effImprove=7 updated=0
    [CG] CG iter 11: obj=1799596.507214, maxRC=70780.504830, +6 cols
    [CG]   [DIAG] iter=11 posCols=6 newCols=6 effImprove=6 updated=0
    [CG] CG iter 12: obj=1799914.007106, maxRC=67175.482119, +6 cols
    [CG]   [DIAG] iter=12 posCols=6 newCols=6 effImprove=6 updated=0
    [CG] CG iter 13: obj=1809110.650971, maxRC=64158.879584, +6 cols
    [CG]   [DIAG] iter=13 posCols=6 newCols=6 effImprove=6 updated=0
    [CG] CG iter 14: obj=1826552.580184, maxRC=80148.930884, +6 cols
    [CG]   [DIAG] iter=14 posCols=6 newCols=6 effImprove=6 updated=0
    [CG] CG iter 15: obj=1826552.580184, maxRC=39653.242205, +7 cols
    [CG]   [DIAG] iter=15 posCols=7 newCols=7 effImprove=7 updated=0
    [CG] CG iter 16: obj=1835397.290549, maxRC=29002.713218, +6 cols
    [CG]   [DIAG] iter=16 posCols=6 newCols=6 effImprove=6 updated=0
    [CG] CG iter 17: obj=1835397.290549, maxRC=31066.257941, +6 cols
    [CG]   [DIAG] iter=17 posCols=6 newCols=6 effImprove=6 updated=0
    [CG] CG iter 18: obj=1835397.290549, maxRC=23108.732585, +7 cols
    [CG]   [DIAG] iter=18 posCols=7 newCols=7 effImprove=7 updated=0
    [CG] CG iter 19: obj=1836703.604279, maxRC=19886.029092, +6 cols
    [CG]   [DIAG] iter=19 posCols=6 newCols=6 effImprove=6 updated=0
    [CG] CG iter 20: obj=1839287.164079, maxRC=26566.187815, +6 cols
    [CG]   [DIAG] iter=20 posCols=6 newCols=6 effImprove=6 updated=0
    [CG] CG iter 21: obj=1839287.164079, maxRC=7165.653321, +2 cols
    [CG]   [DIAG] iter=21 posCols=2 newCols=2 effImprove=2 updated=0
    [CG] CG iter 22: obj=1839287.164079, maxRC=7154.041387, +2 cols
    [CG]   [DIAG] iter=22 posCols=2 newCols=2 effImprove=2 updated=0
    [CG] CG iter 23: obj=1839287.164079, maxRC=4701.486499, +2 cols
    [CG]   [DIAG] iter=23 posCols=2 newCols=2 effImprove=2 updated=0
    [CG] CG iter 24: obj=1841637.907328, maxRC=5421.733461, +2 cols
    [CG]   [DIAG] iter=24 posCols=2 newCols=2 effImprove=2 updated=0
    [CG] CG iter 25: obj=1841637.907328, maxRC=3693.922297, +2 cols
    [CG]   [DIAG] iter=25 posCols=2 newCols=2 effImprove=2 updated=0
    [CG] CG iter 26: obj=1841637.907328, maxRC=3667.305448, +2 cols
    [CG]   [DIAG] iter=26 posCols=2 newCols=2 effImprove=2 updated=0
    [CG] CG iter 27: obj=1841637.907328, maxRC=230.375351, +2 cols
    [CG]   [DIAG] iter=27 posCols=2 newCols=2 effImprove=2 updated=0
    [CG] CG iter 28: obj=1841637.907328, maxRC=110.278865, +1 cols
    [CG]   [DIAG] iter=28 posCols=1 newCols=1 effImprove=1 updated=0
    [CG] CG iter 29: obj=1841637.907328, maxRC=86.087627, +1 cols
    [CG]   [DIAG] iter=29 posCols=1 newCols=1 effImprove=1 updated=0
    [CG] CG iter 30: obj=1841637.907328, maxRC=54.209441, +1 cols
    [CG]   [DIAG] iter=30 posCols=1 newCols=1 effImprove=1 updated=0
    [CG] 列生成收敛，共 31 轮迭代
    [CG] [CG-NODE] depth=0 exit=CERTIFIED certified=1 feasible=1 iters=31 generatedColsBeforeNode=0 newCols=247 posCandidates=249 duplicateCandidates=2 updatedCols=2 zeroObjImproveIters=14 objFirst=729352.092238 objLast=1841637.907328 objGain=1112285.815091 maxRC=1284674.923668 wallSec=0.221343 pricingSec=0.185019 cplexSolveSec=0.010763
      [BB] 分支定界开始，根节点LP obj=1841637.907328，最大节点数=10000
      [BB] 根节点启发式下界 LB=1689814.063084（上界=1841637.907328）
    [CG] [BB-DIAG] 分支 x_{dc=0,retailer=5}, 节点数=1
    [CG] 列生成开始，初始列数=512
    [CG] CG iter 32: obj=1839287.164079, maxRC=101542.453095, +20 cols
    [CG]   [DIAG] iter=32 posCols=20 newCols=20 effImprove=20 updated=0
    [CG] CG iter 33: obj=1839287.164079, maxRC=16036.516596, +9 cols
    [CG]   [DIAG] iter=33 posCols=9 newCols=9 effImprove=9 updated=0
    [CG] CG iter 34: obj=1839287.164079, maxRC=8045.273921, +4 cols
    [CG]   [DIAG] iter=34 posCols=4 newCols=4 effImprove=4 updated=0
    [CG] CG iter 35: obj=1839287.164079, maxRC=2788.989212, +2 cols
    [CG]   [DIAG] iter=35 posCols=2 newCols=2 effImprove=2 updated=0
    [CG] CG iter 36: obj=1839287.164079, maxRC=2102.831952, +2 cols
    [CG]   [DIAG] iter=36 posCols=2 newCols=2 effImprove=2 updated=0
    [CG] CG iter 37: obj=1839287.164079, maxRC=121.204310, +1 cols
    [CG]   [DIAG] iter=37 posCols=1 newCols=1 effImprove=1 updated=0
    [CG] CG iter 38: obj=1839287.164079, maxRC=66.279882, +1 cols
    [CG]   [DIAG] iter=38 posCols=1 newCols=1 effImprove=1 updated=0
    [CG] 列生成收敛，共 39 轮迭代
    [CG] [CG-NODE] depth=1 exit=CERTIFIED certified=1 feasible=1 iters=8 generatedColsBeforeNode=247 newCols=39 posCandidates=39 duplicateCandidates=0 updatedCols=0 zeroObjImproveIters=7 objFirst=1839287.164079 objLast=1839287.164079 objGain=0.000000 maxRC=101542.453095 wallSec=0.043978 pricingSec=0.039502 cplexSolveSec=0.003064
    [CG] 列生成开始，初始列数=506
    [CG] CG iter 40: obj=1820655.113412, maxRC=67165.969417, +17 cols
    [CG]   [DIAG] iter=40 posCols=17 newCols=17 effImprove=17 updated=0
    [CG] CG iter 41: obj=1820655.113412, maxRC=109219.656866, +8 cols
    [CG]   [DIAG] iter=41 posCols=8 newCols=8 effImprove=8 updated=0
    [CG] CG iter 42: obj=1820655.113412, maxRC=104540.898729, +7 cols
    [CG]   [DIAG] iter=42 posCols=7 newCols=7 effImprove=7 updated=0
    [CG] CG iter 43: obj=1820655.113412, maxRC=54392.258043, +7 cols
    [CG]   [DIAG] iter=43 posCols=7 newCols=7 effImprove=7 updated=0
    [CG] CG iter 44: obj=1820655.113412, maxRC=40483.657231, +7 cols
    [CG]   [DIAG] iter=44 posCols=7 newCols=7 effImprove=7 updated=0
    [CG] CG iter 45: obj=1820655.113412, maxRC=40935.593130, +6 cols
    [CG]   [DIAG] iter=45 posCols=6 newCols=6 effImprove=6 updated=0
    [CG] CG iter 46: obj=1820655.113412, maxRC=17952.427523, +6 cols
    [CG]   [DIAG] iter=46 posCols=6 newCols=6 effImprove=6 updated=0
    [CG] CG iter 47: obj=1820655.113412, maxRC=15586.158718, +4 cols
    [CG]   [DIAG] iter=47 posCols=4 newCols=4 effImprove=4 updated=0
    [CG] CG iter 48: obj=1820655.113412, maxRC=13539.406260, +5 cols
    [CG]   [DIAG] iter=48 posCols=5 newCols=5 effImprove=5 updated=0
    [CG] CG iter 49: obj=1820655.113412, maxRC=13597.087284, +4 cols
    [CG]   [DIAG] iter=49 posCols=4 newCols=4 effImprove=4 updated=0
    [CG] CG iter 50: obj=1820655.113412, maxRC=13518.275221, +5 cols
    [CG]   [DIAG] iter=50 posCols=5 newCols=5 effImprove=5 updated=0
    [CG] CG iter 51: obj=1834173.388633, maxRC=4173.302182, +3 cols
    [CG]   [DIAG] iter=51 posCols=3 newCols=3 effImprove=3 updated=0
    [CG] CG iter 52: obj=1834173.388633, maxRC=2565.214541, +2 cols
    [CG]   [DIAG] iter=52 posCols=2 newCols=2 effImprove=2 updated=0
    [CG] CG iter 53: obj=1834173.388633, maxRC=119.285569, +1 cols
    [CG]   [DIAG] iter=53 posCols=1 newCols=0 effImprove=1 updated=1
    [CG] 列生成收敛，共 54 轮迭代
    [CG] [CG-NODE] depth=1 exit=CERTIFIED certified=1 feasible=1 iters=15 generatedColsBeforeNode=286 newCols=81 posCandidates=82 duplicateCandidates=1 updatedCols=1 zeroObjImproveIters=13 objFirst=1820655.113412 objLast=1834173.388633 objGain=13518.275221 maxRC=109219.656866 wallSec=0.043729 pricingSec=0.035962 cplexSolveSec=0.005693
    [CG] [BB-INCUMBENT] selection=2 node=1 previous=1689814.063084 value=1834173.388633 active=1
    [CG] [BB-NODESEL] strategy=hybrid choice=dfs eligibleCount=1 active=1 gap=0.002788
    [CG] [BB-INCUMBENT] selection=3 node=1 previous=1834173.388633 value=1839287.164079 active=0
      [BB] 分支定界结束：处理 3 节点，剪枝 0，剩余活跃 0，整数解 3，状态=OPTIMAL，最好可行 obj=1839287.164079，gap=0.000000
