    [CG] 列生成开始，初始列数=310
    [CG] CG iter 1: obj=644214.570591, maxRC=1285958.253577, +24 cols
    [CG]   [DIAG] iter=1 posCols=24 newCols=24 effImprove=24 updated=0
    [CG] CG iter 2: obj=1481882.300509, maxRC=314310.594649, +15 cols
    [CG]   [DIAG] iter=2 posCols=15 newCols=15 effImprove=15 updated=0
    [CG] CG iter 3: obj=1703842.980316, maxRC=607390.766519, +21 cols
    [CG]   [DIAG] iter=3 posCols=21 newCols=21 effImprove=21 updated=0
    [CG] CG iter 4: obj=1789556.243623, maxRC=367949.851308, +21 cols
    [CG]   [DIAG] iter=4 posCols=21 newCols=21 effImprove=21 updated=0
    [CG] CG iter 5: obj=1789556.243623, maxRC=296543.463514, +21 cols
    [CG]   [DIAG] iter=5 posCols=21 newCols=21 effImprove=21 updated=0
    [CG] CG iter 6: obj=1789556.243623, maxRC=223860.779743, +15 cols
    [CG]   [DIAG] iter=6 posCols=15 newCols=15 effImprove=15 updated=0
    [CG] CG iter 7: obj=1789556.243623, maxRC=224110.913255, +17 cols
    [CG]   [DIAG] iter=7 posCols=17 newCols=17 effImprove=17 updated=0
    [CG] CG iter 8: obj=1799300.205302, maxRC=376771.364630, +12 cols
    [CG]   [DIAG] iter=8 posCols=12 newCols=12 effImprove=12 updated=0
    [CG] CG iter 9: obj=1809837.937570, maxRC=346861.910513, +13 cols
    [CG]   [DIAG] iter=9 posCols=13 newCols=13 effImprove=13 updated=0
    [CG] CG iter 10: obj=1809837.937570, maxRC=257274.951849, +11 cols
    [CG]   [DIAG] iter=10 posCols=11 newCols=11 effImprove=11 updated=0
    [CG] CG iter 11: obj=1810828.070771, maxRC=136835.788323, +11 cols
    [CG]   [DIAG] iter=11 posCols=11 newCols=11 effImprove=11 updated=0
    [CG] CG iter 12: obj=1810828.070771, maxRC=180489.391149, +13 cols
    [CG]   [DIAG] iter=12 posCols=13 newCols=13 effImprove=13 updated=0
    [CG] CG iter 13: obj=1813646.085007, maxRC=164901.795212, +6 cols
    [CG]   [DIAG] iter=13 posCols=6 newCols=6 effImprove=6 updated=0
    [CG] CG iter 14: obj=1813646.085007, maxRC=157810.187060, +9 cols
    [CG]   [DIAG] iter=14 posCols=9 newCols=9 effImprove=9 updated=0
    [CG] CG iter 15: obj=1820600.554000, maxRC=127667.291507, +6 cols
    [CG]   [DIAG] iter=15 posCols=6 newCols=6 effImprove=6 updated=0
    [CG] CG iter 16: obj=1820600.554000, maxRC=125304.339060, +6 cols
    [CG]   [DIAG] iter=16 posCols=6 newCols=6 effImprove=6 updated=0
    [CG] CG iter 17: obj=1820600.554000, maxRC=96183.826964, +8 cols
    [CG]   [DIAG] iter=17 posCols=8 newCols=8 effImprove=8 updated=0
    [CG] CG iter 18: obj=1825460.975281, maxRC=53127.213958, +6 cols
    [CG]   [DIAG] iter=18 posCols=6 newCols=6 effImprove=6 updated=0
    [CG] CG iter 19: obj=1831296.056158, maxRC=103372.590050, +6 cols
    [CG]   [DIAG] iter=19 posCols=6 newCols=6 effImprove=6 updated=0
    [CG] CG iter 20: obj=1840693.564345, maxRC=35457.997203, +6 cols
    [CG]   [DIAG] iter=20 posCols=6 newCols=6 effImprove=6 updated=0
    [CG] CG iter 21: obj=1843903.341872, maxRC=41818.403874, +6 cols
    [CG]   [DIAG] iter=21 posCols=6 newCols=6 effImprove=6 updated=0
    [CG] CG iter 22: obj=1847354.261800, maxRC=31360.717849, +6 cols
    [CG]   [DIAG] iter=22 posCols=6 newCols=6 effImprove=6 updated=0
    [CG] CG iter 23: obj=1854982.009025, maxRC=27501.226350, +6 cols
    [CG]   [DIAG] iter=23 posCols=6 newCols=6 effImprove=6 updated=0
    [CG] CG iter 24: obj=1855304.840541, maxRC=8877.573034, +5 cols
    [CG]   [DIAG] iter=24 posCols=5 newCols=5 effImprove=5 updated=0
    [CG] CG iter 25: obj=1859743.627058, maxRC=8625.577754, +5 cols
    [CG]   [DIAG] iter=25 posCols=5 newCols=5 effImprove=5 updated=0
    [CG] CG iter 26: obj=1859743.627058, maxRC=12575.881107, +3 cols
    [CG]   [DIAG] iter=26 posCols=3 newCols=3 effImprove=3 updated=0
    [CG] CG iter 27: obj=1859743.627058, maxRC=9785.998719, +4 cols
    [CG]   [DIAG] iter=27 posCols=4 newCols=4 effImprove=4 updated=0
    [CG] CG iter 28: obj=1859743.627058, maxRC=9765.552715, +4 cols
    [CG]   [DIAG] iter=28 posCols=4 newCols=4 effImprove=4 updated=0
    [CG] CG iter 29: obj=1859743.627058, maxRC=4822.941445, +3 cols
    [CG]   [DIAG] iter=29 posCols=3 newCols=3 effImprove=3 updated=0
    [CG] CG iter 30: obj=1859743.627058, maxRC=3227.328256, +2 cols
    [CG]   [DIAG] iter=30 posCols=2 newCols=2 effImprove=2 updated=0
    [CG] CG iter 31: obj=1859743.627058, maxRC=843.235236, +1 cols
    [CG]   [DIAG] iter=31 posCols=1 newCols=1 effImprove=1 updated=0
    [CG] CG iter 32: obj=1859743.627058, maxRC=818.460253, +1 cols
    [CG]   [DIAG] iter=32 posCols=1 newCols=1 effImprove=1 updated=0
    [CG] CG iter 33: obj=1859743.627058, maxRC=384.366209, +1 cols
    [CG]   [DIAG] iter=33 posCols=1 newCols=1 effImprove=1 updated=0
    [CG] CG iter 34: obj=1859743.627058, maxRC=319.281597, +1 cols
    [CG]   [DIAG] iter=34 posCols=1 newCols=1 effImprove=1 updated=0
    [CG] CG iter 35: obj=1859743.627058, maxRC=229.243495, +1 cols
    [CG]   [DIAG] iter=35 posCols=1 newCols=1 effImprove=1 updated=0
    [CG] CG iter 36: obj=1859743.627058, maxRC=198.706096, +1 cols
    [CG]   [DIAG] iter=36 posCols=1 newCols=1 effImprove=1 updated=0
    [CG] 列生成收敛，共 37 轮迭代
    [CG] [CG-NODE] depth=0 exit=CERTIFIED certified=1 feasible=1 iters=37 generatedColsBeforeNode=0 newCols=297 posCandidates=297 duplicateCandidates=0 updatedCols=0 zeroObjImproveIters=20 objFirst=644214.570591 objLast=1859743.627058 objGain=1215529.056467 maxRC=1285958.253577 wallSec=0.273963 pricingSec=0.254428 cplexSolveSec=0.013402
      [BB] 分支定界开始，根节点LP obj=1859743.627058，最大节点数=10000
      [BB] 根节点启发式下界 LB=1709495.766337（上界=1859743.627058）
    [CG] [BB-DIAG] 分支 x_{dc=0,retailer=5}, 节点数=1
    [CG] 列生成开始，初始列数=548
    [CG] CG iter 38: obj=1857686.598311, maxRC=199306.160706, +10 cols
    [CG]   [DIAG] iter=38 posCols=10 newCols=10 effImprove=10 updated=0
    [CG] CG iter 39: obj=1857686.598311, maxRC=120190.024468, +7 cols
    [CG]   [DIAG] iter=39 posCols=7 newCols=7 effImprove=7 updated=0
    [CG] CG iter 40: obj=1857686.598311, maxRC=80860.027107, +7 cols
    [CG]   [DIAG] iter=40 posCols=7 newCols=7 effImprove=7 updated=0
    [CG] CG iter 41: obj=1857686.598311, maxRC=51285.245519, +6 cols
    [CG]   [DIAG] iter=41 posCols=6 newCols=6 effImprove=6 updated=0
    [CG] CG iter 42: obj=1857686.598311, maxRC=56441.627344, +6 cols
    [CG]   [DIAG] iter=42 posCols=6 newCols=6 effImprove=6 updated=0
    [CG] CG iter 43: obj=1857686.598311, maxRC=37665.879619, +5 cols
    [CG]   [DIAG] iter=43 posCols=5 newCols=5 effImprove=5 updated=0
    [CG] CG iter 44: obj=1857686.598311, maxRC=42849.423416, +6 cols
    [CG]   [DIAG] iter=44 posCols=6 newCols=6 effImprove=6 updated=0
    [CG] CG iter 45: obj=1857686.598311, maxRC=24435.745924, +6 cols
    [CG]   [DIAG] iter=45 posCols=6 newCols=6 effImprove=6 updated=0
    [CG] CG iter 46: obj=1857686.598311, maxRC=9287.676898, +4 cols
    [CG]   [DIAG] iter=46 posCols=4 newCols=4 effImprove=4 updated=0
    [CG] CG iter 47: obj=1857686.598311, maxRC=2058.497914, +2 cols
    [CG]   [DIAG] iter=47 posCols=2 newCols=2 effImprove=2 updated=0
    [CG] CG iter 48: obj=1857686.598311, maxRC=3543.930228, +2 cols
    [CG]   [DIAG] iter=48 posCols=2 newCols=2 effImprove=2 updated=0
    [CG] CG iter 49: obj=1857686.598311, maxRC=2158.128802, +1 cols
    [CG]   [DIAG] iter=49 posCols=1 newCols=1 effImprove=1 updated=0
    [CG] CG iter 50: obj=1857686.598311, maxRC=2016.873357, +1 cols
    [CG]   [DIAG] iter=50 posCols=1 newCols=1 effImprove=1 updated=0
    [CG] CG iter 51: obj=1857686.598311, maxRC=1393.692428, +1 cols
    [CG]   [DIAG] iter=51 posCols=1 newCols=1 effImprove=1 updated=0
    [CG] CG iter 52: obj=1857686.598311, maxRC=506.964119, +1 cols
    [CG]   [DIAG] iter=52 posCols=1 newCols=1 effImprove=1 updated=0
    [CG] CG iter 53: obj=1857686.598311, maxRC=421.394007, +1 cols
    [CG]   [DIAG] iter=53 posCols=1 newCols=1 effImprove=1 updated=0
    [CG] CG iter 54: obj=1857686.598311, maxRC=223.689565, +1 cols
    [CG]   [DIAG] iter=54 posCols=1 newCols=1 effImprove=1 updated=0
    [CG] CG iter 55: obj=1857686.598311, maxRC=507.863421, +1 cols
    [CG]   [DIAG] iter=55 posCols=1 newCols=1 effImprove=1 updated=0
    [CG] CG iter 56: obj=1857686.598311, maxRC=131.707329, +1 cols
    [CG]   [DIAG] iter=56 posCols=1 newCols=1 effImprove=1 updated=0
    [CG] CG iter 57: obj=1857686.598311, maxRC=169.755458, +1 cols
    [CG]   [DIAG] iter=57 posCols=1 newCols=1 effImprove=1 updated=0
    [CG] CG iter 58: obj=1857686.598311, maxRC=110.265395, +1 cols
    [CG]   [DIAG] iter=58 posCols=1 newCols=1 effImprove=1 updated=0
    [CG] CG iter 59: obj=1857686.598311, maxRC=75.792513, +1 cols
    [CG]   [DIAG] iter=59 posCols=1 newCols=1 effImprove=1 updated=0
    [CG] 列生成收敛，共 60 轮迭代
    [CG] [CG-NODE] depth=1 exit=CERTIFIED certified=1 feasible=1 iters=23 generatedColsBeforeNode=297 newCols=72 posCandidates=72 duplicateCandidates=0 updatedCols=0 zeroObjImproveIters=22 objFirst=1857686.598311 objLast=1857686.598311 objGain=0.000000 maxRC=199306.160706 wallSec=0.120525 pricingSec=0.109901 cplexSolveSec=0.007809
    [CG] 列生成开始，初始列数=559
    [CG] CG iter 61: obj=1839376.055001, maxRC=36152.820018, +9 cols
    [CG]   [DIAG] iter=61 posCols=9 newCols=9 effImprove=9 updated=0
    [CG] CG iter 62: obj=1839376.055001, maxRC=18217.710449, +6 cols
    [CG]   [DIAG] iter=62 posCols=6 newCols=6 effImprove=6 updated=0
    [CG] CG iter 63: obj=1839376.055001, maxRC=12632.792990, +5 cols
    [CG]   [DIAG] iter=63 posCols=5 newCols=5 effImprove=5 updated=0
    [CG] CG iter 64: obj=1839376.055001, maxRC=13319.200302, +5 cols
    [CG]   [DIAG] iter=64 posCols=5 newCols=5 effImprove=5 updated=0
    [CG] CG iter 65: obj=1839376.055001, maxRC=13528.839651, +5 cols
    [CG]   [DIAG] iter=65 posCols=5 newCols=5 effImprove=5 updated=0
    [CG] CG iter 66: obj=1839376.055001, maxRC=12614.822667, +3 cols
    [CG]   [DIAG] iter=66 posCols=3 newCols=3 effImprove=3 updated=0
    [CG] CG iter 67: obj=1851990.877668, maxRC=772.309763, +1 cols
    [CG]   [DIAG] iter=67 posCols=1 newCols=1 effImprove=1 updated=0
    [CG] 列生成收敛，共 68 轮迭代
    [CG] [CG-NODE] depth=1 exit=CERTIFIED certified=1 feasible=1 iters=8 generatedColsBeforeNode=369 newCols=34 posCandidates=34 duplicateCandidates=0 updatedCols=0 zeroObjImproveIters=6 objFirst=1839376.055001 objLast=1851990.877668 objGain=12614.822667 maxRC=36152.820018 wallSec=0.031824 pricingSec=0.026809 cplexSolveSec=0.003357
    [CG] [BB-INCUMBENT] selection=2 node=1 previous=1709495.766337 value=1851990.877668 active=1
    [CG] [BB-NODESEL] strategy=hybrid choice=dfs eligibleCount=1 active=1 gap=0.003075
    [CG] [BB-INCUMBENT] selection=3 node=1 previous=1851990.877668 value=1857686.598311 active=0
      [BB] 分支定界结束：处理 3 节点，剪枝 0，剩余活跃 0，整数解 3，状态=OPTIMAL，最好可行 obj=1857686.598311，gap=0.000000
