    [CG] 列生成开始，初始列数=310
    [CG] CG iter 1: obj=648599.345759, maxRC=1233911.024065, +27 cols
    [CG]   [DIAG] iter=1 posCols=27 newCols=27 effImprove=27 updated=0
    [CG] CG iter 2: obj=1481209.525789, maxRC=312494.228483, +15 cols
    [CG]   [DIAG] iter=2 posCols=15 newCols=15 effImprove=15 updated=0
    [CG] CG iter 3: obj=1703356.822413, maxRC=603841.111398, +22 cols
    [CG]   [DIAG] iter=3 posCols=22 newCols=22 effImprove=22 updated=0
    [CG] CG iter 4: obj=1791010.952120, maxRC=346046.005296, +23 cols
    [CG]   [DIAG] iter=4 posCols=23 newCols=23 effImprove=23 updated=0
    [CG] CG iter 5: obj=1791010.952120, maxRC=522719.478944, +15 cols
    [CG]   [DIAG] iter=5 posCols=15 newCols=15 effImprove=15 updated=0
    [CG] CG iter 6: obj=1812355.533137, maxRC=422047.759156, +12 cols
    [CG]   [DIAG] iter=6 posCols=12 newCols=12 effImprove=12 updated=0
    [CG] CG iter 7: obj=1812355.533137, maxRC=346491.530962, +11 cols
    [CG]   [DIAG] iter=7 posCols=11 newCols=11 effImprove=11 updated=0
    [CG] CG iter 8: obj=1812355.533137, maxRC=362386.203154, +8 cols
    [CG]   [DIAG] iter=8 posCols=8 newCols=8 effImprove=8 updated=0
    [CG] CG iter 9: obj=1812355.533137, maxRC=337511.694712, +7 cols
    [CG]   [DIAG] iter=9 posCols=7 newCols=7 effImprove=7 updated=0
    [CG] CG iter 10: obj=1812355.533137, maxRC=110904.729044, +12 cols
    [CG]   [DIAG] iter=10 posCols=12 newCols=12 effImprove=12 updated=0
    [CG] CG iter 11: obj=1812355.533137, maxRC=119323.501485, +9 cols
    [CG]   [DIAG] iter=11 posCols=9 newCols=9 effImprove=9 updated=0
    [CG] CG iter 12: obj=1812355.533137, maxRC=114833.888638, +6 cols
    [CG]   [DIAG] iter=12 posCols=6 newCols=6 effImprove=6 updated=0
    [CG] CG iter 13: obj=1812355.533137, maxRC=78745.947921, +12 cols
    [CG]   [DIAG] iter=13 posCols=12 newCols=12 effImprove=12 updated=0
    [CG] CG iter 14: obj=1829948.947460, maxRC=142796.673590, +11 cols
    [CG]   [DIAG] iter=14 posCols=11 newCols=11 effImprove=11 updated=0
    [CG] CG iter 15: obj=1832385.861625, maxRC=108970.597238, +9 cols
    [CG]   [DIAG] iter=15 posCols=9 newCols=9 effImprove=9 updated=0
    [CG] CG iter 16: obj=1836605.652385, maxRC=49671.787529, +6 cols
    [CG]   [DIAG] iter=16 posCols=6 newCols=6 effImprove=6 updated=0
    [CG] CG iter 17: obj=1842311.119922, maxRC=50930.738650, +6 cols
    [CG]   [DIAG] iter=17 posCols=6 newCols=6 effImprove=6 updated=0
    [CG] CG iter 18: obj=1842311.119922, maxRC=62669.825689, +9 cols
    [CG]   [DIAG] iter=18 posCols=9 newCols=9 effImprove=9 updated=0
    [CG] CG iter 19: obj=1842311.119922, maxRC=36903.470224, +6 cols
    [CG]   [DIAG] iter=19 posCols=6 newCols=6 effImprove=6 updated=0
    [CG] CG iter 20: obj=1848338.997340, maxRC=36524.316399, +6 cols
    [CG]   [DIAG] iter=20 posCols=6 newCols=6 effImprove=6 updated=0
    [CG] CG iter 21: obj=1848338.997340, maxRC=20185.362982, +6 cols
    [CG]   [DIAG] iter=21 posCols=6 newCols=6 effImprove=6 updated=0
    [CG] CG iter 22: obj=1855723.300023, maxRC=24166.404504, +6 cols
    [CG]   [DIAG] iter=22 posCols=6 newCols=6 effImprove=6 updated=0
    [CG] CG iter 23: obj=1855723.300023, maxRC=15589.354234, +3 cols
    [CG]   [DIAG] iter=23 posCols=3 newCols=3 effImprove=3 updated=0
    [CG] CG iter 24: obj=1857172.988466, maxRC=15129.633222, +4 cols
    [CG]   [DIAG] iter=24 posCols=4 newCols=4 effImprove=4 updated=0
    [CG] CG iter 25: obj=1860053.443240, maxRC=15405.259695, +2 cols
    [CG]   [DIAG] iter=25 posCols=2 newCols=2 effImprove=2 updated=0
    [CG] CG iter 26: obj=1860053.443240, maxRC=4453.719015, +2 cols
    [CG]   [DIAG] iter=26 posCols=2 newCols=2 effImprove=2 updated=0
    [CG] CG iter 27: obj=1861961.778075, maxRC=9425.468164, +4 cols
    [CG]   [DIAG] iter=27 posCols=4 newCols=4 effImprove=4 updated=0
    [CG] CG iter 28: obj=1861961.778075, maxRC=4520.827532, +1 cols
    [CG]   [DIAG] iter=28 posCols=1 newCols=1 effImprove=1 updated=0
    [CG] CG iter 29: obj=1861961.778075, maxRC=5642.622208, +1 cols
    [CG]   [DIAG] iter=29 posCols=1 newCols=1 effImprove=1 updated=0
    [CG] CG iter 30: obj=1861961.778075, maxRC=7267.434233, +2 cols
    [CG]   [DIAG] iter=30 posCols=2 newCols=2 effImprove=2 updated=0
    [CG] CG iter 31: obj=1861961.778075, maxRC=3964.315282, +1 cols
    [CG]   [DIAG] iter=31 posCols=1 newCols=1 effImprove=1 updated=0
    [CG] CG iter 32: obj=1861961.778075, maxRC=1028.954009, +2 cols
    [CG]   [DIAG] iter=32 posCols=2 newCols=2 effImprove=2 updated=0
    [CG] CG iter 33: obj=1861961.778075, maxRC=826.080852, +1 cols
    [CG]   [DIAG] iter=33 posCols=1 newCols=1 effImprove=1 updated=0
    [CG] CG iter 34: obj=1861961.778075, maxRC=956.419083, +1 cols
    [CG]   [DIAG] iter=34 posCols=1 newCols=1 effImprove=1 updated=0
    [CG] CG iter 35: obj=1861961.778075, maxRC=339.950557, +1 cols
    [CG]   [DIAG] iter=35 posCols=1 newCols=1 effImprove=1 updated=0
    [CG] CG iter 36: obj=1861961.778075, maxRC=206.499971, +1 cols
    [CG]   [DIAG] iter=36 posCols=1 newCols=1 effImprove=1 updated=0
    [CG] CG iter 37: obj=1861961.778075, maxRC=488.549677, +1 cols
    [CG]   [DIAG] iter=37 posCols=1 newCols=1 effImprove=1 updated=0
    [CG] CG iter 38: obj=1861961.778075, maxRC=341.602963, +1 cols
    [CG]   [DIAG] iter=38 posCols=1 newCols=1 effImprove=1 updated=0
    [CG] CG iter 39: obj=1861961.778075, maxRC=122.847722, +1 cols
    [CG]   [DIAG] iter=39 posCols=1 newCols=1 effImprove=1 updated=0
    [CG] CG iter 40: obj=1861961.778075, maxRC=49.607924, +1 cols
    [CG]   [DIAG] iter=40 posCols=1 newCols=1 effImprove=1 updated=0
    [CG] 列生成收敛，共 41 轮迭代
    [CG] [CG-NODE] depth=0 exit=CERTIFIED certified=1 feasible=1 iters=41 generatedColsBeforeNode=0 newCols=274 posCandidates=274 duplicateCandidates=0 updatedCols=0 zeroObjImproveIters=27 objFirst=648599.345759 objLast=1861961.778075 objGain=1213362.432316 maxRC=1233911.024065 wallSec=0.256788 pricingSec=0.216076 cplexSolveSec=0.013447
      [BB] 分支定界开始，根节点LP obj=1861961.778075，最大节点数=10000
      [BB] 根节点启发式下界 LB=1706339.338992（上界=1861961.778075）
    [CG] [BB-DIAG] 分支 x_{dc=0,retailer=5}, 节点数=1
    [CG] 列生成开始，初始列数=525
    [CG] CG iter 42: obj=1860053.443240, maxRC=148396.789748, +17 cols
    [CG]   [DIAG] iter=42 posCols=17 newCols=17 effImprove=17 updated=0
    [CG] CG iter 43: obj=1860053.443240, maxRC=33210.271167, +7 cols
    [CG]   [DIAG] iter=43 posCols=7 newCols=7 effImprove=7 updated=0
    [CG] CG iter 44: obj=1860053.443240, maxRC=46618.434031, +9 cols
    [CG]   [DIAG] iter=44 posCols=9 newCols=9 effImprove=9 updated=0
    [CG] CG iter 45: obj=1860053.443240, maxRC=27316.575765, +7 cols
    [CG]   [DIAG] iter=45 posCols=7 newCols=7 effImprove=7 updated=0
    [CG] CG iter 46: obj=1860053.443240, maxRC=5007.839832, +4 cols
    [CG]   [DIAG] iter=46 posCols=4 newCols=4 effImprove=4 updated=0
    [CG] CG iter 47: obj=1860053.443240, maxRC=1821.354958, +3 cols
    [CG]   [DIAG] iter=47 posCols=3 newCols=3 effImprove=3 updated=0
    [CG] CG iter 48: obj=1860053.443240, maxRC=292.633233, +1 cols
    [CG]   [DIAG] iter=48 posCols=1 newCols=1 effImprove=1 updated=0
    [CG] CG iter 49: obj=1860053.443240, maxRC=294.332380, +1 cols
    [CG]   [DIAG] iter=49 posCols=1 newCols=1 effImprove=1 updated=0
    [CG] CG iter 50: obj=1860053.443240, maxRC=112.708971, +1 cols
    [CG]   [DIAG] iter=50 posCols=1 newCols=1 effImprove=1 updated=0
    [CG] 列生成收敛，共 51 轮迭代
    [CG] [CG-NODE] depth=1 exit=CERTIFIED certified=1 feasible=1 iters=10 generatedColsBeforeNode=274 newCols=50 posCandidates=50 duplicateCandidates=0 updatedCols=0 zeroObjImproveIters=9 objFirst=1860053.443240 objLast=1860053.443240 objGain=0.000000 maxRC=148396.789748 wallSec=0.049217 pricingSec=0.044274 cplexSolveSec=0.003348
    [CG] 列生成开始，初始列数=537
    [CG] CG iter 52: obj=1812284.965431, maxRC=95333.468026, +20 cols
    [CG]   [DIAG] iter=52 posCols=20 newCols=20 effImprove=20 updated=0
    [CG] CG iter 53: obj=1841488.521323, maxRC=39155.151077, +7 cols
    [CG]   [DIAG] iter=53 posCols=7 newCols=6 effImprove=7 updated=1
    [CG] CG iter 54: obj=1841488.521323, maxRC=37598.228103, +6 cols
    [CG]   [DIAG] iter=54 posCols=6 newCols=6 effImprove=6 updated=0
    [CG] CG iter 55: obj=1841488.521323, maxRC=35217.740052, +6 cols
    [CG]   [DIAG] iter=55 posCols=6 newCols=6 effImprove=6 updated=0
    [CG] CG iter 56: obj=1841488.521323, maxRC=25642.692471, +4 cols
    [CG]   [DIAG] iter=56 posCols=4 newCols=4 effImprove=4 updated=0
    [CG] CG iter 57: obj=1851872.113026, maxRC=20692.915971, +4 cols
    [CG]   [DIAG] iter=57 posCols=4 newCols=4 effImprove=4 updated=0
    [CG] CG iter 58: obj=1851872.113026, maxRC=20006.511833, +4 cols
    [CG]   [DIAG] iter=58 posCols=4 newCols=4 effImprove=4 updated=0
    [CG] CG iter 59: obj=1851872.113026, maxRC=15946.549655, +4 cols
    [CG]   [DIAG] iter=59 posCols=4 newCols=4 effImprove=4 updated=0
    [CG] CG iter 60: obj=1851872.113026, maxRC=12579.366990, +2 cols
    [CG]   [DIAG] iter=60 posCols=2 newCols=1 effImprove=2 updated=1
    [CG] CG iter 61: obj=1851872.113026, maxRC=5644.508067, +3 cols
    [CG]   [DIAG] iter=61 posCols=3 newCols=3 effImprove=3 updated=0
    [CG] CG iter 62: obj=1851872.113026, maxRC=4479.490894, +3 cols
    [CG]   [DIAG] iter=62 posCols=3 newCols=3 effImprove=3 updated=0
    [CG] CG iter 63: obj=1851872.113026, maxRC=2232.977823, +2 cols
    [CG]   [DIAG] iter=63 posCols=2 newCols=2 effImprove=2 updated=0
    [CG] CG iter 64: obj=1854060.337411, maxRC=2018.121267, +2 cols
    [CG]   [DIAG] iter=64 posCols=2 newCols=2 effImprove=2 updated=0
    [CG] CG iter 65: obj=1854060.337411, maxRC=894.947945, +1 cols
    [CG]   [DIAG] iter=65 posCols=1 newCols=1 effImprove=1 updated=0
    [CG] CG iter 66: obj=1854060.337411, maxRC=404.914636, +2 cols
    [CG]   [DIAG] iter=66 posCols=2 newCols=2 effImprove=2 updated=0
    [CG] CG iter 67: obj=1854060.337411, maxRC=559.896790, +1 cols
    [CG]   [DIAG] iter=67 posCols=1 newCols=1 effImprove=1 updated=0
    [CG] CG iter 68: obj=1854060.337411, maxRC=958.537204, +1 cols
    [CG]   [DIAG] iter=68 posCols=1 newCols=1 effImprove=1 updated=0
    [CG] CG iter 69: obj=1854060.337411, maxRC=331.805734, +1 cols
    [CG]   [DIAG] iter=69 posCols=1 newCols=1 effImprove=1 updated=0
    [CG] CG iter 70: obj=1854060.337411, maxRC=188.613462, +1 cols
    [CG]   [DIAG] iter=70 posCols=1 newCols=1 effImprove=1 updated=0
    [CG] CG iter 71: obj=1854060.337411, maxRC=129.007467, +1 cols
    [CG]   [DIAG] iter=71 posCols=1 newCols=1 effImprove=1 updated=0
    [CG] 列生成收敛，共 72 轮迭代
    [CG] [CG-NODE] depth=1 exit=CERTIFIED certified=1 feasible=1 iters=21 generatedColsBeforeNode=324 newCols=73 posCandidates=75 duplicateCandidates=2 updatedCols=2 zeroObjImproveIters=17 objFirst=1812284.965431 objLast=1854060.337411 objGain=41775.371979 maxRC=95333.468026 wallSec=0.047304 pricingSec=0.038136 cplexSolveSec=0.006605
    [CG] [BB-INCUMBENT] selection=2 node=1 previous=1706339.338992 value=1854060.337411 active=1
    [CG] [BB-NODESEL] strategy=hybrid choice=dfs eligibleCount=1 active=1 gap=0.003232
    [CG] [BB-INCUMBENT] selection=3 node=1 previous=1854060.337411 value=1860053.443240 active=0
      [BB] 分支定界结束：处理 3 节点，剪枝 0，剩余活跃 0，整数解 3，状态=OPTIMAL，最好可行 obj=1860053.443240，gap=0.000000
