    [CG] 列生成开始，初始列数=310
    [CG] CG iter 1: obj=830884.126531, maxRC=949016.591181, +30 cols
    [CG]   [DIAG] iter=1 posCols=30 newCols=30 effImprove=30 updated=0
    [CG] CG iter 2: obj=1264244.608419, maxRC=338156.003485, +26 cols
    [CG]   [DIAG] iter=2 posCols=26 newCols=26 effImprove=26 updated=0
    [CG] CG iter 3: obj=1580827.153475, maxRC=375441.647559, +29 cols
    [CG]   [DIAG] iter=3 posCols=29 newCols=29 effImprove=29 updated=0
    [CG] CG iter 4: obj=1684150.533692, maxRC=175712.020689, +27 cols
    [CG]   [DIAG] iter=4 posCols=27 newCols=27 effImprove=27 updated=0
    [CG] CG iter 5: obj=1745644.206590, maxRC=180386.025109, +26 cols
    [CG]   [DIAG] iter=5 posCols=26 newCols=26 effImprove=26 updated=0
    [CG] CG iter 6: obj=1826933.695060, maxRC=133421.959542, +18 cols
    [CG]   [DIAG] iter=6 posCols=18 newCols=18 effImprove=18 updated=0
    [CG] CG iter 7: obj=1954459.810211, maxRC=72415.433954, +19 cols
    [CG]   [DIAG] iter=7 posCols=19 newCols=19 effImprove=19 updated=0
    [CG] CG iter 8: obj=1961257.683366, maxRC=83904.073620, +14 cols
    [CG]   [DIAG] iter=8 posCols=14 newCols=14 effImprove=14 updated=0
    [CG] CG iter 9: obj=1982327.970371, maxRC=88946.843830, +8 cols
    [CG]   [DIAG] iter=9 posCols=8 newCols=8 effImprove=8 updated=0
    [CG] CG iter 10: obj=1982327.970371, maxRC=84931.886003, +10 cols
    [CG]   [DIAG] iter=10 posCols=10 newCols=9 effImprove=10 updated=1
    [CG] CG iter 11: obj=1982327.970371, maxRC=56956.084658, +14 cols
    [CG]   [DIAG] iter=11 posCols=14 newCols=14 effImprove=14 updated=0
    [CG] CG iter 12: obj=1982327.970371, maxRC=35651.775308, +8 cols
    [CG]   [DIAG] iter=12 posCols=8 newCols=7 effImprove=8 updated=1
    [CG] CG iter 13: obj=1992720.345905, maxRC=56227.257245, +7 cols
    [CG]   [DIAG] iter=13 posCols=7 newCols=7 effImprove=7 updated=0
    [CG] CG iter 14: obj=1992720.345905, maxRC=11708.834791, +7 cols
    [CG]   [DIAG] iter=14 posCols=7 newCols=7 effImprove=7 updated=0
    [CG] CG iter 15: obj=1992720.345905, maxRC=11280.141519, +3 cols
    [CG]   [DIAG] iter=15 posCols=3 newCols=3 effImprove=3 updated=0
    [CG] CG iter 16: obj=1997957.672806, maxRC=4978.199683, +3 cols
    [CG]   [DIAG] iter=16 posCols=3 newCols=3 effImprove=3 updated=0
    [CG] CG iter 17: obj=2002935.872489, maxRC=517.337954, +2 cols
    [CG]   [DIAG] iter=17 posCols=2 newCols=2 effImprove=2 updated=0
    [CG] CG iter 18: obj=2002935.872489, maxRC=439.993269, +2 cols
    [CG]   [DIAG] iter=18 posCols=2 newCols=2 effImprove=2 updated=0
    [CG] 列生成收敛，共 19 轮迭代
    [CG] [CG-NODE] depth=0 exit=CERTIFIED certified=1 feasible=1 iters=19 generatedColsBeforeNode=0 newCols=251 posCandidates=253 duplicateCandidates=2 updatedCols=2 zeroObjImproveIters=7 objFirst=830884.126531 objLast=2002935.872489 objGain=1172051.745959 maxRC=949016.591181 wallSec=0.116343 pricingSec=0.104580 cplexSolveSec=0.007120
      [BB] 根节点即为整数解，obj=2002935.872489
