    [CG] 列生成开始，初始列数=310
    [CG] CG iter 1: obj=490549.508730, maxRC=1027103.354363, +24 cols
    [CG]   [DIAG] iter=1 posCols=24 newCols=24 effImprove=24 updated=0
    [CG] CG iter 2: obj=1173724.347749, maxRC=287783.205897, +18 cols
    [CG]   [DIAG] iter=2 posCols=18 newCols=18 effImprove=18 updated=0
    [CG] CG iter 3: obj=1230599.929548, maxRC=375561.323012, +21 cols
    [CG]   [DIAG] iter=3 posCols=21 newCols=21 effImprove=21 updated=0
    [CG] CG iter 4: obj=1459283.955819, maxRC=351168.863760, +21 cols
    [CG]   [DIAG] iter=4 posCols=21 newCols=21 effImprove=21 updated=0
    [CG] CG iter 5: obj=1459283.955819, maxRC=446876.859626, +21 cols
    [CG]   [DIAG] iter=5 posCols=21 newCols=21 effImprove=21 updated=0
    [CG] CG iter 6: obj=1459283.955819, maxRC=310712.896327, +21 cols
    [CG]   [DIAG] iter=6 posCols=21 newCols=21 effImprove=21 updated=0
    [CG] CG iter 7: obj=1512952.392200, maxRC=287354.727477, +20 cols
    [CG]   [DIAG] iter=7 posCols=20 newCols=20 effImprove=20 updated=0
    [CG] CG iter 8: obj=1543394.724141, maxRC=221957.535563, +21 cols
    [CG]   [DIAG] iter=8 posCols=21 newCols=21 effImprove=21 updated=0
    [CG] CG iter 9: obj=1563559.246094, maxRC=215507.186599, +21 cols
    [CG]   [DIAG] iter=9 posCols=21 newCols=21 effImprove=21 updated=0
    [CG] CG iter 10: obj=1568450.584839, maxRC=171024.768840, +18 cols
    [CG]   [DIAG] iter=10 posCols=18 newCols=18 effImprove=18 updated=0
    [CG] CG iter 11: obj=1568979.539812, maxRC=116276.818808, +17 cols
    [CG]   [DIAG] iter=11 posCols=17 newCols=17 effImprove=17 updated=0
    [CG] CG iter 12: obj=1578632.010883, maxRC=125644.308182, +16 cols
    [CG]   [DIAG] iter=12 posCols=16 newCols=16 effImprove=16 updated=0
    [CG] CG iter 13: obj=1597726.880814, maxRC=165306.739237, +17 cols
    [CG]   [DIAG] iter=13 posCols=17 newCols=17 effImprove=17 updated=0
    [CG] CG iter 14: obj=1670810.999998, maxRC=151751.324487, +18 cols
    [CG]   [DIAG] iter=14 posCols=18 newCols=18 effImprove=18 updated=0
    [CG] CG iter 15: obj=1713307.054679, maxRC=107977.194383, +17 cols
    [CG]   [DIAG] iter=15 posCols=17 newCols=17 effImprove=17 updated=0
    [CG] CG iter 16: obj=1713307.054679, maxRC=88798.990298, +16 cols
    [CG]   [DIAG] iter=16 posCols=16 newCols=16 effImprove=16 updated=0
    [CG] CG iter 17: obj=1743121.265773, maxRC=76732.635676, +15 cols
    [CG]   [DIAG] iter=17 posCols=15 newCols=15 effImprove=15 updated=0
    [CG] CG iter 18: obj=1743121.265773, maxRC=69666.350752, +15 cols
    [CG]   [DIAG] iter=18 posCols=15 newCols=15 effImprove=15 updated=0
    [CG] CG iter 19: obj=1743121.265773, maxRC=32713.832106, +15 cols
    [CG]   [DIAG] iter=19 posCols=15 newCols=15 effImprove=15 updated=0
    [CG] CG iter 20: obj=1743121.265773, maxRC=53149.233961, +13 cols
    [CG]   [DIAG] iter=20 posCols=13 newCols=13 effImprove=13 updated=0
    [CG] CG iter 21: obj=1757972.661532, maxRC=86352.229254, +14 cols
    [CG]   [DIAG] iter=21 posCols=14 newCols=14 effImprove=14 updated=0
    [CG] CG iter 22: obj=1757972.661532, maxRC=42409.815133, +10 cols
    [CG]   [DIAG] iter=22 posCols=10 newCols=10 effImprove=10 updated=0
    [CG] CG iter 23: obj=1761716.793233, maxRC=28771.341775, +9 cols
    [CG]   [DIAG] iter=23 posCols=9 newCols=8 effImprove=9 updated=1
    [CG] CG iter 24: obj=1761716.793233, maxRC=16734.644036, +6 cols
    [CG]   [DIAG] iter=24 posCols=6 newCols=6 effImprove=6 updated=0
    [CG] CG iter 25: obj=1761716.793233, maxRC=11419.871226, +3 cols
    [CG]   [DIAG] iter=25 posCols=3 newCols=2 effImprove=3 updated=1
    [CG] CG iter 26: obj=1764917.430658, maxRC=17271.815183, +10 cols
    [CG]   [DIAG] iter=26 posCols=10 newCols=9 effImprove=10 updated=1
    [CG] CG iter 27: obj=1770557.500967, maxRC=6630.861580, +5 cols
    [CG]   [DIAG] iter=27 posCols=5 newCols=4 effImprove=5 updated=1
    [CG] CG iter 28: obj=1777188.362547, maxRC=3031.771436, +7 cols
    [CG]   [DIAG] iter=28 posCols=7 newCols=6 effImprove=7 updated=1
    [CG] CG iter 29: obj=1777188.362547, maxRC=3044.781933, +2 cols
    [CG]   [DIAG] iter=29 posCols=2 newCols=2 effImprove=2 updated=0
    [CG] CG iter 30: obj=1777188.362547, maxRC=1362.819858, +1 cols
    [CG]   [DIAG] iter=30 posCols=1 newCols=1 effImprove=1 updated=0
    [CG] CG iter 31: obj=1777188.362547, maxRC=1182.152268, +1 cols
    [CG]   [DIAG] iter=31 posCols=1 newCols=1 effImprove=1 updated=0
    [CG] CG iter 32: obj=1777188.362547, maxRC=751.041362, +1 cols
    [CG]   [DIAG] iter=32 posCols=1 newCols=1 effImprove=1 updated=0
    [CG] CG iter 33: obj=1777188.362547, maxRC=544.604257, +1 cols
    [CG]   [DIAG] iter=33 posCols=1 newCols=1 effImprove=1 updated=0
    [CG] 列生成收敛，共 34 轮迭代
    [CG] [CG-NODE] depth=0 exit=CERTIFIED certified=1 feasible=1 iters=34 generatedColsBeforeNode=0 newCols=430 posCandidates=435 duplicateCandidates=5 updatedCols=5 zeroObjImproveIters=15 objFirst=490549.508730 objLast=1777188.362547 objGain=1286638.853818 maxRC=1027103.354363 wallSec=0.389375 pricingSec=0.368428 cplexSolveSec=0.014065
      [BB] 根节点即为整数解，obj=1777188.362547
