    [CG] 列生成开始，初始列数=310
    [CG] CG iter 1: obj=723636.185833, maxRC=839582.689435, +27 cols
    [CG]   [DIAG] iter=1 posCols=27 newCols=27 effImprove=27 updated=0
    [CG] CG iter 2: obj=1125077.219170, maxRC=347699.811027, +23 cols
    [CG]   [DIAG] iter=2 posCols=23 newCols=23 effImprove=23 updated=0
    [CG] CG iter 3: obj=1388393.995162, maxRC=309114.450746, +21 cols
    [CG]   [DIAG] iter=3 posCols=21 newCols=21 effImprove=21 updated=0
    [CG] CG iter 4: obj=1436372.929108, maxRC=238758.655160, +18 cols
    [CG]   [DIAG] iter=4 posCols=18 newCols=18 effImprove=18 updated=0
    [CG] CG iter 5: obj=1439325.014982, maxRC=224426.374328, +21 cols
    [CG]   [DIAG] iter=5 posCols=21 newCols=21 effImprove=21 updated=0
    [CG] CG iter 6: obj=1523042.696620, maxRC=148280.474448, +16 cols
    [CG]   [DIAG] iter=6 posCols=16 newCols=15 effImprove=16 updated=1
    [CG] CG iter 7: obj=1536494.683469, maxRC=139203.492507, +15 cols
    [CG]   [DIAG] iter=7 posCols=15 newCols=15 effImprove=15 updated=0
    [CG] CG iter 8: obj=1583536.501204, maxRC=34636.951950, +13 cols
    [CG]   [DIAG] iter=8 posCols=13 newCols=13 effImprove=13 updated=0
    [CG] CG iter 9: obj=1591115.233251, maxRC=41458.270117, +12 cols
    [CG]   [DIAG] iter=9 posCols=12 newCols=12 effImprove=12 updated=0
    [CG] CG iter 10: obj=1597933.686651, maxRC=25967.101607, +10 cols
    [CG]   [DIAG] iter=10 posCols=10 newCols=10 effImprove=10 updated=0
    [CG] CG iter 11: obj=1597933.686651, maxRC=19032.961183, +6 cols
    [CG]   [DIAG] iter=11 posCols=6 newCols=6 effImprove=6 updated=0
    [CG] CG iter 12: obj=1610030.134054, maxRC=2919.122371, +2 cols
    [CG]   [DIAG] iter=12 posCols=2 newCols=2 effImprove=2 updated=0
    [CG] CG iter 13: obj=1610030.134054, maxRC=3156.876227, +1 cols
    [CG]   [DIAG] iter=13 posCols=1 newCols=1 effImprove=1 updated=0
    [CG] 列生成收敛，共 14 轮迭代
    [CG] [CG-NODE] depth=0 exit=CERTIFIED certified=1 feasible=1 iters=14 generatedColsBeforeNode=0 newCols=184 posCandidates=185 duplicateCandidates=1 updatedCols=1 zeroObjImproveIters=3 objFirst=723636.185833 objLast=1610030.134054 objGain=886393.948221 maxRC=839582.689435 wallSec=0.073371 pricingSec=0.065934 cplexSolveSec=0.004753
      [BB] 根节点即为整数解，obj=1610030.134054
