    [CG] 列生成开始，初始列数=310
    [CG] CG iter 1: obj=767640.882972, maxRC=1090355.204406, +30 cols
    [CG]   [DIAG] iter=1 posCols=30 newCols=30 effImprove=30 updated=0
    [CG] CG iter 2: obj=1395501.002553, maxRC=277055.625811, +25 cols
    [CG]   [DIAG] iter=2 posCols=25 newCols=25 effImprove=25 updated=0
    [CG] CG iter 3: obj=1500811.573475, maxRC=283521.724442, +27 cols
    [CG]   [DIAG] iter=3 posCols=27 newCols=27 effImprove=27 updated=0
    [CG] CG iter 4: obj=1582419.782663, maxRC=180123.965250, +24 cols
    [CG]   [DIAG] iter=4 posCols=24 newCols=23 effImprove=24 updated=1
    [CG] CG iter 5: obj=1670880.148857, maxRC=180854.661701, +17 cols
    [CG]   [DIAG] iter=5 posCols=17 newCols=17 effImprove=17 updated=0
    [CG] CG iter 6: obj=1709234.282748, maxRC=185096.128457, +18 cols
    [CG]   [DIAG] iter=6 posCols=18 newCols=18 effImprove=18 updated=0
    [CG] CG iter 7: obj=1733257.931931, maxRC=147325.252326, +13 cols
    [CG]   [DIAG] iter=7 posCols=13 newCols=13 effImprove=13 updated=0
    [CG] CG iter 8: obj=1733257.931931, maxRC=55310.671226, +18 cols
    [CG]   [DIAG] iter=8 posCols=18 newCols=18 effImprove=18 updated=0
    [CG] CG iter 9: obj=1745343.754800, maxRC=38387.994849, +12 cols
    [CG]   [DIAG] iter=9 posCols=12 newCols=12 effImprove=12 updated=0
    [CG] CG iter 10: obj=1759013.279500, maxRC=34734.954331, +10 cols
    [CG]   [DIAG] iter=10 posCols=10 newCols=10 effImprove=10 updated=0
    [CG] CG iter 11: obj=1765250.694852, maxRC=19020.041550, +11 cols
    [CG]   [DIAG] iter=11 posCols=11 newCols=11 effImprove=11 updated=0
    [CG] CG iter 12: obj=1773457.246632, maxRC=9637.375652, +8 cols
    [CG]   [DIAG] iter=12 posCols=8 newCols=8 effImprove=8 updated=0
    [CG] CG iter 13: obj=1783161.383326, maxRC=7828.061141, +7 cols
    [CG]   [DIAG] iter=13 posCols=7 newCols=7 effImprove=7 updated=0
    [CG] CG iter 14: obj=1783161.383326, maxRC=5488.495032, +6 cols
    [CG]   [DIAG] iter=14 posCols=6 newCols=6 effImprove=6 updated=0
    [CG] CG iter 15: obj=1783161.383326, maxRC=3668.622942, +1 cols
    [CG]   [DIAG] iter=15 posCols=1 newCols=0 effImprove=1 updated=1
    [CG] 列生成收敛，共 16 轮迭代
    [CG] [CG-NODE] depth=0 exit=CERTIFIED certified=1 feasible=1 iters=16 generatedColsBeforeNode=0 newCols=225 posCandidates=227 duplicateCandidates=2 updatedCols=2 zeroObjImproveIters=4 objFirst=767640.882972 objLast=1783161.383326 objGain=1015520.500354 maxRC=1090355.204406 wallSec=0.131988 pricingSec=0.120897 cplexSolveSec=0.006535
      [BB] 根节点即为整数解，obj=1783161.383326
