    [CG] 列生成开始，初始列数=310
    [CG] CG iter 1: obj=916906.665159, maxRC=2140483.146850, +30 cols
    [CG]   [DIAG] iter=1 posCols=30 newCols=30 effImprove=30 updated=0
    [CG] CG iter 2: obj=2326826.883531, maxRC=334223.477978, +17 cols
    [CG]   [DIAG] iter=2 posCols=17 newCols=17 effImprove=17 updated=0
    [CG] CG iter 3: obj=2386737.568659, maxRC=572624.079256, +24 cols
    [CG]   [DIAG] iter=3 posCols=24 newCols=24 effImprove=24 updated=0
    [CG] CG iter 4: obj=2416857.969567, maxRC=441142.845048, +19 cols
    [CG]   [DIAG] iter=4 posCols=19 newCols=19 effImprove=19 updated=0
    [CG] CG iter 5: obj=2499197.664360, maxRC=335764.009526, +14 cols
    [CG]   [DIAG] iter=5 posCols=14 newCols=14 effImprove=14 updated=0
    [CG] CG iter 6: obj=2509833.531427, maxRC=226232.791123, +11 cols
    [CG]   [DIAG] iter=6 posCols=11 newCols=11 effImprove=11 updated=0
    [CG] CG iter 7: obj=2571360.272915, maxRC=264155.902273, +13 cols
    [CG]   [DIAG] iter=7 posCols=13 newCols=13 effImprove=13 updated=0
    [CG] CG iter 8: obj=2572444.151763, maxRC=117455.889136, +13 cols
    [CG]   [DIAG] iter=8 posCols=13 newCols=13 effImprove=13 updated=0
    [CG] CG iter 9: obj=2578638.236717, maxRC=95349.594577, +11 cols
    [CG]   [DIAG] iter=9 posCols=11 newCols=11 effImprove=11 updated=0
    [CG] CG iter 10: obj=2589691.802440, maxRC=78880.093812, +10 cols
    [CG]   [DIAG] iter=10 posCols=10 newCols=10 effImprove=10 updated=0
    [CG] CG iter 11: obj=2591994.134818, maxRC=49813.632876, +9 cols
    [CG]   [DIAG] iter=11 posCols=9 newCols=9 effImprove=9 updated=0
    [CG] CG iter 12: obj=2600446.372316, maxRC=44399.792793, +9 cols
    [CG]   [DIAG] iter=12 posCols=9 newCols=9 effImprove=9 updated=0
    [CG] CG iter 13: obj=2604080.859702, maxRC=25573.246116, +9 cols
    [CG]   [DIAG] iter=13 posCols=9 newCols=8 effImprove=9 updated=1
    [CG] CG iter 14: obj=2605342.667273, maxRC=29737.827498, +9 cols
    [CG]   [DIAG] iter=14 posCols=9 newCols=9 effImprove=9 updated=0
    [CG] CG iter 15: obj=2622476.550010, maxRC=12140.350288, +7 cols
    [CG]   [DIAG] iter=15 posCols=7 newCols=7 effImprove=7 updated=0
    [CG] CG iter 16: obj=2622476.550010, maxRC=5065.492470, +6 cols
    [CG]   [DIAG] iter=16 posCols=6 newCols=6 effImprove=6 updated=0
    [CG] CG iter 17: obj=2625105.240870, maxRC=7600.359340, +7 cols
    [CG]   [DIAG] iter=17 posCols=7 newCols=7 effImprove=7 updated=0
    [CG] CG iter 18: obj=2625105.240870, maxRC=2395.011988, +4 cols
    [CG]   [DIAG] iter=18 posCols=4 newCols=4 effImprove=4 updated=0
    [CG] CG iter 19: obj=2625105.240870, maxRC=1676.581571, +1 cols
    [CG]   [DIAG] iter=19 posCols=1 newCols=0 effImprove=1 updated=1
    [CG] 列生成收敛，共 20 轮迭代
    [CG] [CG-NODE] depth=0 exit=CERTIFIED certified=1 feasible=1 iters=20 generatedColsBeforeNode=0 newCols=221 posCandidates=223 duplicateCandidates=2 updatedCols=2 zeroObjImproveIters=3 objFirst=916906.665159 objLast=2626781.822440 objGain=1709875.157281 maxRC=2140483.146850 wallSec=0.184281 pricingSec=0.172439 cplexSolveSec=0.007438
      [BB] 根节点即为整数解，obj=2626781.822440
