    [CG] 列生成开始，初始列数=310
    [CG] CG iter 1: obj=1170022.383501, maxRC=1399234.947416, +30 cols
    [CG]   [DIAG] iter=1 posCols=30 newCols=30 effImprove=30 updated=0
    [CG] CG iter 2: obj=1891219.316144, maxRC=328629.719137, +30 cols
    [CG]   [DIAG] iter=2 posCols=30 newCols=30 effImprove=30 updated=0
    [CG] CG iter 3: obj=2117023.915215, maxRC=438816.219467, +30 cols
    [CG]   [DIAG] iter=3 posCols=30 newCols=30 effImprove=30 updated=0
    [CG] CG iter 4: obj=2212451.508609, maxRC=358311.837216, +30 cols
    [CG]   [DIAG] iter=4 posCols=30 newCols=30 effImprove=30 updated=0
    [CG] CG iter 5: obj=2311753.245489, maxRC=123703.128887, +27 cols
    [CG]   [DIAG] iter=5 posCols=27 newCols=27 effImprove=27 updated=0
    [CG] CG iter 6: obj=2458126.687881, maxRC=92826.161659, +22 cols
    [CG]   [DIAG] iter=6 posCols=22 newCols=22 effImprove=22 updated=0
    [CG] CG iter 7: obj=2518619.388557, maxRC=94216.283418, +26 cols
    [CG]   [DIAG] iter=7 posCols=26 newCols=26 effImprove=26 updated=0
    [CG] CG iter 8: obj=2584146.056042, maxRC=99814.830314, +27 cols
    [CG]   [DIAG] iter=8 posCols=27 newCols=27 effImprove=27 updated=0
    [CG] CG iter 9: obj=2590789.230749, maxRC=41431.462408, +21 cols
    [CG]   [DIAG] iter=9 posCols=21 newCols=20 effImprove=21 updated=1
    [CG] CG iter 10: obj=2620801.067415, maxRC=34227.882067, +11 cols
    [CG]   [DIAG] iter=10 posCols=11 newCols=11 effImprove=11 updated=0
    [CG] CG iter 11: obj=2620801.067415, maxRC=18292.507827, +13 cols
    [CG]   [DIAG] iter=11 posCols=13 newCols=13 effImprove=13 updated=0
    [CG] CG iter 12: obj=2624986.606890, maxRC=30124.816654, +12 cols
    [CG]   [DIAG] iter=12 posCols=12 newCols=12 effImprove=12 updated=0
    [CG] CG iter 13: obj=2624986.606890, maxRC=22311.917923, +11 cols
    [CG]   [DIAG] iter=13 posCols=11 newCols=11 effImprove=11 updated=0
    [CG] CG iter 14: obj=2634056.792762, maxRC=33379.132725, +11 cols
    [CG]   [DIAG] iter=14 posCols=11 newCols=11 effImprove=11 updated=0
    [CG] CG iter 15: obj=2634056.792762, maxRC=10429.390106, +6 cols
    [CG]   [DIAG] iter=15 posCols=6 newCols=6 effImprove=6 updated=0
    [CG] CG iter 16: obj=2639271.487816, maxRC=6267.654334, +3 cols
    [CG]   [DIAG] iter=16 posCols=3 newCols=3 effImprove=3 updated=0
    [CG] CG iter 17: obj=2644305.569570, maxRC=2221.006511, +2 cols
    [CG]   [DIAG] iter=17 posCols=2 newCols=2 effImprove=2 updated=0
    [CG] CG iter 18: obj=2644305.569570, maxRC=1720.672974, +1 cols
    [CG]   [DIAG] iter=18 posCols=1 newCols=1 effImprove=1 updated=0
    [CG] CG iter 19: obj=2644305.569570, maxRC=1398.709660, +1 cols
    [CG]   [DIAG] iter=19 posCols=1 newCols=1 effImprove=1 updated=0
    [CG] 列生成收敛，共 20 轮迭代
    [CG] [CG-NODE] depth=0 exit=CERTIFIED certified=1 feasible=1 iters=20 generatedColsBeforeNode=0 newCols=313 posCandidates=314 duplicateCandidates=1 updatedCols=1 zeroObjImproveIters=5 objFirst=1170022.383501 objLast=2645704.279231 objGain=1475681.895730 maxRC=1399234.947416 wallSec=0.177506 pricingSec=0.166234 cplexSolveSec=0.007569
      [BB] 根节点即为整数解，obj=2645704.279231
