    [CG] 列生成开始，初始列数=310
    [CG] CG iter 1: obj=1145962.477471, maxRC=1087876.873114, +30 cols
    [CG]   [DIAG] iter=1 posCols=30 newCols=30 effImprove=30 updated=0
    [CG] CG iter 2: obj=1742827.851428, maxRC=425958.406500, +30 cols
    [CG]   [DIAG] iter=2 posCols=30 newCols=30 effImprove=30 updated=0
    [CG] CG iter 3: obj=2147863.755801, maxRC=239295.739461, +30 cols
    [CG]   [DIAG] iter=3 posCols=30 newCols=30 effImprove=30 updated=0
    [CG] CG iter 4: obj=2158021.625759, maxRC=203383.470496, +30 cols
    [CG]   [DIAG] iter=4 posCols=30 newCols=30 effImprove=30 updated=0
    [CG] CG iter 5: obj=2286289.025724, maxRC=219956.540979, +28 cols
    [CG]   [DIAG] iter=5 posCols=28 newCols=28 effImprove=28 updated=0
    [CG] CG iter 6: obj=2337415.441017, maxRC=112438.090203, +26 cols
    [CG]   [DIAG] iter=6 posCols=26 newCols=26 effImprove=26 updated=0
    [CG] CG iter 7: obj=2359067.914575, maxRC=132932.870780, +23 cols
    [CG]   [DIAG] iter=7 posCols=23 newCols=23 effImprove=23 updated=0
    [CG] CG iter 8: obj=2394143.499620, maxRC=58415.269575, +20 cols
    [CG]   [DIAG] iter=8 posCols=20 newCols=20 effImprove=20 updated=0
    [CG] CG iter 9: obj=2431551.218525, maxRC=49843.424955, +19 cols
    [CG]   [DIAG] iter=9 posCols=19 newCols=19 effImprove=19 updated=0
    [CG] CG iter 10: obj=2438927.242956, maxRC=35742.497015, +14 cols
    [CG]   [DIAG] iter=10 posCols=14 newCols=14 effImprove=14 updated=0
    [CG] CG iter 11: obj=2471920.020783, maxRC=15672.112809, +10 cols
    [CG]   [DIAG] iter=11 posCols=10 newCols=10 effImprove=10 updated=0
    [CG] CG iter 12: obj=2487592.133592, maxRC=9059.797532, +8 cols
    [CG]   [DIAG] iter=12 posCols=8 newCols=8 effImprove=8 updated=0
    [CG] CG iter 13: obj=2495013.445142, maxRC=4140.479180, +4 cols
    [CG]   [DIAG] iter=13 posCols=4 newCols=4 effImprove=4 updated=0
    [CG] CG iter 14: obj=2495013.445142, maxRC=695.015696, +2 cols
    [CG]   [DIAG] iter=14 posCols=2 newCols=2 effImprove=2 updated=0
    [CG] 列生成收敛，共 15 轮迭代
    [CG] [CG-NODE] depth=0 exit=CERTIFIED certified=1 feasible=1 iters=15 generatedColsBeforeNode=0 newCols=274 posCandidates=274 duplicateCandidates=0 updatedCols=0 zeroObjImproveIters=1 objFirst=1145962.477471 objLast=2495286.530859 objGain=1349324.053388 maxRC=1087876.873114 wallSec=0.181328 pricingSec=0.151244 cplexSolveSec=0.006880
      [BB] 分支定界开始，根节点LP obj=2495286.530859，最大节点数=10000
      [BB] 根节点启发式下界 LB=2466044.127063（上界=2495286.530859）
    [CG] [BB-DIAG] 分支 x_{dc=0,retailer=11}, 节点数=1
    [CG] 列生成开始，初始列数=569
    [CG] CG iter 16: obj=2492935.064507, maxRC=32366.949956, +18 cols
    [CG]   [DIAG] iter=16 posCols=18 newCols=18 effImprove=18 updated=0
    [CG] CG iter 17: obj=2492935.064507, maxRC=14173.949276, +11 cols
    [CG]   [DIAG] iter=17 posCols=11 newCols=11 effImprove=11 updated=0
    [CG] CG iter 18: obj=2492935.064507, maxRC=2235.652586, +2 cols
    [CG]   [DIAG] iter=18 posCols=2 newCols=2 effImprove=2 updated=0
    [CG] 列生成收敛，共 19 轮迭代
    [CG] [CG-NODE] depth=1 exit=CERTIFIED certified=1 feasible=1 iters=4 generatedColsBeforeNode=274 newCols=31 posCandidates=31 duplicateCandidates=0 updatedCols=0 zeroObjImproveIters=3 objFirst=2492935.064507 objLast=2492935.064507 objGain=-0.000000 maxRC=32366.949956 wallSec=0.011985 pricingSec=0.007787 cplexSolveSec=0.002804
    [CG] 列生成开始，初始列数=532
    [CG] CG iter 20: obj=2486020.438580, maxRC=87190.320180, +24 cols
    [CG]   [DIAG] iter=20 posCols=24 newCols=24 effImprove=24 updated=0
    [CG] CG iter 21: obj=2486020.438580, maxRC=32142.648116, +17 cols
    [CG]   [DIAG] iter=21 posCols=17 newCols=16 effImprove=17 updated=1
    [CG] CG iter 22: obj=2491787.262473, maxRC=18473.069681, +11 cols
    [CG]   [DIAG] iter=22 posCols=11 newCols=11 effImprove=11 updated=0
    [CG] CG iter 23: obj=2492097.371156, maxRC=2962.356569, +5 cols
    [CG]   [DIAG] iter=23 posCols=5 newCols=5 effImprove=5 updated=0
    [CG] CG iter 24: obj=2492097.371156, maxRC=1246.097511, +1 cols
    [CG]   [DIAG] iter=24 posCols=1 newCols=1 effImprove=1 updated=0
    [CG] 列生成收敛，共 25 轮迭代
    [CG] [CG-NODE] depth=1 exit=CERTIFIED certified=1 feasible=1 iters=6 generatedColsBeforeNode=305 newCols=57 posCandidates=58 duplicateCandidates=1 updatedCols=1 zeroObjImproveIters=3 objFirst=2486020.438580 objLast=2492097.371156 objGain=6076.932577 maxRC=87190.320180 wallSec=0.016717 pricingSec=0.011228 cplexSolveSec=0.003763
    [CG] [BB-DIAG] 分支 x_{dc=4,retailer=1}, 节点数=2
    [CG] 列生成开始，初始列数=579
    [CG] CG iter 26: obj=2491787.262473, maxRC=17230.055090, +11 cols
    [CG]   [DIAG] iter=26 posCols=11 newCols=11 effImprove=11 updated=0
    [CG] CG iter 27: obj=2491787.262473, maxRC=10793.963145, +5 cols
    [CG]   [DIAG] iter=27 posCols=5 newCols=5 effImprove=5 updated=0
    [CG] CG iter 28: obj=2491787.262473, maxRC=5179.055081, +1 cols
    [CG]   [DIAG] iter=28 posCols=1 newCols=1 effImprove=1 updated=0
    [CG] CG iter 29: obj=2491787.262473, maxRC=2474.241838, +1 cols
    [CG]   [DIAG] iter=29 posCols=1 newCols=1 effImprove=1 updated=0
    [CG] 列生成收敛，共 30 轮迭代
    [CG] [CG-NODE] depth=2 exit=CERTIFIED certified=1 feasible=1 iters=5 generatedColsBeforeNode=362 newCols=18 posCandidates=18 duplicateCandidates=0 updatedCols=0 zeroObjImproveIters=4 objFirst=2491787.262473 objLast=2491787.262473 objGain=0.000000 maxRC=17230.055090 wallSec=0.011619 pricingSec=0.007515 cplexSolveSec=0.002794
    [CG] 列生成开始，初始列数=534
    [CG] CG iter 31: obj=2477747.940659, maxRC=24543.564800, +12 cols
    [CG]   [DIAG] iter=31 posCols=12 newCols=12 effImprove=12 updated=0
    [CG] CG iter 32: obj=2487781.764999, maxRC=19527.369512, +10 cols
    [CG]   [DIAG] iter=32 posCols=10 newCols=10 effImprove=10 updated=0
    [CG] CG iter 33: obj=2487781.764999, maxRC=8936.807593, +2 cols
    [CG]   [DIAG] iter=33 posCols=2 newCols=2 effImprove=2 updated=0
    [CG] CG iter 34: obj=2487781.764999, maxRC=196.386061, +1 cols
    [CG]   [DIAG] iter=34 posCols=1 newCols=1 effImprove=1 updated=0
    [CG] 列生成收敛，共 35 轮迭代
    [CG] [CG-NODE] depth=2 exit=CERTIFIED certified=1 feasible=1 iters=5 generatedColsBeforeNode=380 newCols=25 posCandidates=25 duplicateCandidates=0 updatedCols=0 zeroObjImproveIters=3 objFirst=2477747.940659 objLast=2487781.764999 objGain=10033.824339 maxRC=24543.564800 wallSec=0.011134 pricingSec=0.006711 cplexSolveSec=0.003148
    [CG] [BB-INCUMBENT] selection=3 node=2 previous=2466044.127063 value=2487781.764999 active=2
    [CG] [BB-NODESEL] strategy=hybrid choice=dfs eligibleCount=1 active=2 gap=0.002071
    [CG] [BB-INCUMBENT] selection=4 node=2 previous=2487781.764999 value=2491787.262473 active=1
    [CG] [BB-INCUMBENT] selection=5 node=2 previous=2491787.262473 value=2492935.064507 active=0
      [BB] 分支定界结束：处理 5 节点，剪枝 0，剩余活跃 0，整数解 4，状态=OPTIMAL，最好可行 obj=2492935.064507，gap=0.000000
