    [CG] 列生成开始，初始列数=310
    [CG] CG iter 1: obj=1172841.286403, maxRC=1411641.373901, +30 cols
    [CG]   [DIAG] iter=1 posCols=30 newCols=30 effImprove=30 updated=0
    [CG] CG iter 2: obj=1895847.937535, maxRC=378694.732813, +27 cols
    [CG]   [DIAG] iter=2 posCols=27 newCols=27 effImprove=27 updated=0
    [CG] CG iter 3: obj=2032022.952069, maxRC=473570.204988, +30 cols
    [CG]   [DIAG] iter=3 posCols=30 newCols=30 effImprove=30 updated=0
    [CG] CG iter 4: obj=2257804.795340, maxRC=257879.202062, +28 cols
    [CG]   [DIAG] iter=4 posCols=28 newCols=28 effImprove=28 updated=0
    [CG] CG iter 5: obj=2326659.729994, maxRC=147194.473629, +27 cols
    [CG]   [DIAG] iter=5 posCols=27 newCols=27 effImprove=27 updated=0
    [CG] CG iter 6: obj=2441506.504515, maxRC=103182.692475, +24 cols
    [CG]   [DIAG] iter=6 posCols=24 newCols=24 effImprove=24 updated=0
    [CG] CG iter 7: obj=2489646.329452, maxRC=116473.366637, +26 cols
    [CG]   [DIAG] iter=7 posCols=26 newCols=26 effImprove=26 updated=0
    [CG] CG iter 8: obj=2537012.869826, maxRC=64450.867549, +22 cols
    [CG]   [DIAG] iter=8 posCols=22 newCols=22 effImprove=22 updated=0
    [CG] CG iter 9: obj=2586216.287182, maxRC=51632.697506, +21 cols
    [CG]   [DIAG] iter=9 posCols=21 newCols=21 effImprove=21 updated=0
    [CG] CG iter 10: obj=2631387.537080, maxRC=69986.158959, +22 cols
    [CG]   [DIAG] iter=10 posCols=22 newCols=22 effImprove=22 updated=0
    [CG] CG iter 11: obj=2631387.537080, maxRC=29010.031674, +21 cols
    [CG]   [DIAG] iter=11 posCols=21 newCols=21 effImprove=21 updated=0
    [CG] CG iter 12: obj=2653883.715436, maxRC=15282.750129, +16 cols
    [CG]   [DIAG] iter=12 posCols=16 newCols=15 effImprove=16 updated=1
    [CG] CG iter 13: obj=2653883.715436, maxRC=10352.362604, +12 cols
    [CG]   [DIAG] iter=13 posCols=12 newCols=12 effImprove=12 updated=0
    [CG] CG iter 14: obj=2653883.715436, maxRC=4870.851172, +2 cols
    [CG]   [DIAG] iter=14 posCols=2 newCols=2 effImprove=2 updated=0
    [CG] CG iter 15: obj=2658358.091562, maxRC=2812.998899, +1 cols
    [CG]   [DIAG] iter=15 posCols=1 newCols=1 effImprove=1 updated=0
    [CG] 列生成收敛，共 16 轮迭代
    [CG] [CG-NODE] depth=0 exit=CERTIFIED certified=1 feasible=1 iters=16 generatedColsBeforeNode=0 newCols=308 posCandidates=309 duplicateCandidates=1 updatedCols=1 zeroObjImproveIters=4 objFirst=1172841.286403 objLast=2658358.091562 objGain=1485516.805159 maxRC=1411641.373901 wallSec=0.217586 pricingSec=0.202802 cplexSolveSec=0.008913
      [BB] 根节点即为整数解，obj=2658358.091562
