    [CG] 列生成开始，初始列数=310
    [CG] CG iter 1: obj=1199568.143041, maxRC=1402780.537076, +30 cols
    [CG]   [DIAG] iter=1 posCols=30 newCols=30 effImprove=30 updated=0
    [CG] CG iter 2: obj=1903768.506594, maxRC=347991.740517, +30 cols
    [CG]   [DIAG] iter=2 posCols=30 newCols=30 effImprove=30 updated=0
    [CG] CG iter 3: obj=2194567.760903, maxRC=418507.702207, +30 cols
    [CG]   [DIAG] iter=3 posCols=30 newCols=30 effImprove=30 updated=0
    [CG] CG iter 4: obj=2284036.984066, maxRC=307867.985486, +30 cols
    [CG]   [DIAG] iter=4 posCols=30 newCols=30 effImprove=30 updated=0
    [CG] CG iter 5: obj=2329114.270044, maxRC=162334.629449, +29 cols
    [CG]   [DIAG] iter=5 posCols=29 newCols=29 effImprove=29 updated=0
    [CG] CG iter 6: obj=2410045.321815, maxRC=130999.421067, +24 cols
    [CG]   [DIAG] iter=6 posCols=24 newCols=24 effImprove=24 updated=0
    [CG] CG iter 7: obj=2487490.843530, maxRC=126191.660849, +28 cols
    [CG]   [DIAG] iter=7 posCols=28 newCols=28 effImprove=28 updated=0
    [CG] CG iter 8: obj=2561890.245984, maxRC=70393.805856, +24 cols
    [CG]   [DIAG] iter=8 posCols=24 newCols=24 effImprove=24 updated=0
    [CG] CG iter 9: obj=2627483.894706, maxRC=58265.945575, +22 cols
    [CG]   [DIAG] iter=9 posCols=22 newCols=22 effImprove=22 updated=0
    [CG] CG iter 10: obj=2635565.517271, maxRC=42545.565893, +19 cols
    [CG]   [DIAG] iter=10 posCols=19 newCols=19 effImprove=19 updated=0
    [CG] CG iter 11: obj=2643384.136247, maxRC=17001.371640, +18 cols
    [CG]   [DIAG] iter=11 posCols=18 newCols=18 effImprove=18 updated=0
    [CG] CG iter 12: obj=2659632.396236, maxRC=14789.781893, +13 cols
    [CG]   [DIAG] iter=12 posCols=13 newCols=13 effImprove=13 updated=0
    [CG] CG iter 13: obj=2672122.841716, maxRC=2151.175029, +9 cols
    [CG]   [DIAG] iter=13 posCols=9 newCols=8 effImprove=9 updated=1
    [CG] CG iter 14: obj=2672122.841716, maxRC=849.575124, +1 cols
    [CG]   [DIAG] iter=14 posCols=1 newCols=1 effImprove=1 updated=0
    [CG] 列生成收敛，共 15 轮迭代
    [CG] [CG-NODE] depth=0 exit=CERTIFIED certified=1 feasible=1 iters=15 generatedColsBeforeNode=0 newCols=306 posCandidates=307 duplicateCandidates=1 updatedCols=1 zeroObjImproveIters=2 objFirst=1199568.143041 objLast=2672122.841716 objGain=1472554.698675 maxRC=1402780.537076 wallSec=0.204611 pricingSec=0.194421 cplexSolveSec=0.006490
      [BB] 根节点即为整数解，obj=2672122.841716
