    [CG] 列生成开始，初始列数=310
    [CG] CG iter 1: obj=1175873.366871, maxRC=1202722.284635, +30 cols
    [CG]   [DIAG] iter=1 posCols=30 newCols=30 effImprove=30 updated=0
    [CG] CG iter 2: obj=1816504.115974, maxRC=367322.665088, +30 cols
    [CG]   [DIAG] iter=2 posCols=30 newCols=30 effImprove=30 updated=0
    [CG] CG iter 3: obj=2114366.039210, maxRC=445724.246735, +30 cols
    [CG]   [DIAG] iter=3 posCols=30 newCols=30 effImprove=30 updated=0
    [CG] CG iter 4: obj=2176356.751936, maxRC=414701.699182, +30 cols
    [CG]   [DIAG] iter=4 posCols=30 newCols=30 effImprove=30 updated=0
    [CG] CG iter 5: obj=2187819.741310, maxRC=207300.739315, +30 cols
    [CG]   [DIAG] iter=5 posCols=30 newCols=30 effImprove=30 updated=0
    [CG] CG iter 6: obj=2238048.299381, maxRC=192912.517966, +30 cols
    [CG]   [DIAG] iter=6 posCols=30 newCols=30 effImprove=30 updated=0
    [CG] CG iter 7: obj=2337998.005922, maxRC=181425.686673, +26 cols
    [CG]   [DIAG] iter=7 posCols=26 newCols=26 effImprove=26 updated=0
    [CG] CG iter 8: obj=2427389.576258, maxRC=68655.222927, +25 cols
    [CG]   [DIAG] iter=8 posCols=25 newCols=25 effImprove=25 updated=0
    [CG] CG iter 9: obj=2472742.694262, maxRC=71522.764811, +27 cols
    [CG]   [DIAG] iter=9 posCols=27 newCols=27 effImprove=27 updated=0
    [CG] CG iter 10: obj=2515037.066787, maxRC=79098.864551, +25 cols
    [CG]   [DIAG] iter=10 posCols=25 newCols=25 effImprove=25 updated=0
    [CG] CG iter 11: obj=2528952.978577, maxRC=34930.324071, +21 cols
    [CG]   [DIAG] iter=11 posCols=21 newCols=21 effImprove=21 updated=0
    [CG] CG iter 12: obj=2551200.801539, maxRC=46510.485710, +21 cols
    [CG]   [DIAG] iter=12 posCols=21 newCols=21 effImprove=21 updated=0
    [CG] CG iter 13: obj=2551200.801539, maxRC=19258.020825, +15 cols
    [CG]   [DIAG] iter=13 posCols=15 newCols=15 effImprove=15 updated=0
    [CG] CG iter 14: obj=2566128.384177, maxRC=18646.240587, +11 cols
    [CG]   [DIAG] iter=14 posCols=11 newCols=11 effImprove=11 updated=0
    [CG] CG iter 15: obj=2568278.991863, maxRC=12176.919144, +9 cols
    [CG]   [DIAG] iter=15 posCols=9 newCols=9 effImprove=9 updated=0
    [CG] CG iter 16: obj=2578831.275442, maxRC=10161.059044, +2 cols
    [CG]   [DIAG] iter=16 posCols=2 newCols=2 effImprove=2 updated=0
    [CG] CG iter 17: obj=2578831.275442, maxRC=4723.201789, +2 cols
    [CG]   [DIAG] iter=17 posCols=2 newCols=2 effImprove=2 updated=0
    [CG] 列生成收敛，共 18 轮迭代
    [CG] [CG-NODE] depth=0 exit=CERTIFIED certified=1 feasible=1 iters=18 generatedColsBeforeNode=0 newCols=364 posCandidates=364 duplicateCandidates=0 updatedCols=0 zeroObjImproveIters=3 objFirst=1175873.366871 objLast=2578831.275442 objGain=1402957.908572 maxRC=1202722.284635 wallSec=0.230256 pricingSec=0.216024 cplexSolveSec=0.009058
      [BB] 根节点即为整数解，obj=2578831.275442
