    [CG] 列生成开始，初始列数=310
    [CG] CG iter 1: obj=1174975.429096, maxRC=1413387.394397, +30 cols
    [CG]   [DIAG] iter=1 posCols=30 newCols=30 effImprove=30 updated=0
    [CG] CG iter 2: obj=1878848.822279, maxRC=386744.721553, +28 cols
    [CG]   [DIAG] iter=2 posCols=28 newCols=28 effImprove=28 updated=0
    [CG] CG iter 3: obj=1988173.275541, maxRC=360998.241339, +27 cols
    [CG]   [DIAG] iter=3 posCols=27 newCols=27 effImprove=27 updated=0
    [CG] CG iter 4: obj=2172610.268395, maxRC=346387.873543, +28 cols
    [CG]   [DIAG] iter=4 posCols=28 newCols=28 effImprove=28 updated=0
    [CG] CG iter 5: obj=2320218.148674, maxRC=259145.035109, +27 cols
    [CG]   [DIAG] iter=5 posCols=27 newCols=27 effImprove=27 updated=0
    [CG] CG iter 6: obj=2320218.148674, maxRC=184732.930261, +24 cols
    [CG]   [DIAG] iter=6 posCols=24 newCols=24 effImprove=24 updated=0
    [CG] CG iter 7: obj=2353121.876803, maxRC=148845.299228, +25 cols
    [CG]   [DIAG] iter=7 posCols=25 newCols=25 effImprove=25 updated=0
    [CG] CG iter 8: obj=2450302.493923, maxRC=108847.086189, +24 cols
    [CG]   [DIAG] iter=8 posCols=24 newCols=24 effImprove=24 updated=0
    [CG] CG iter 9: obj=2510495.882418, maxRC=77453.196006, +24 cols
    [CG]   [DIAG] iter=9 posCols=24 newCols=24 effImprove=24 updated=0
    [CG] CG iter 10: obj=2544631.986201, maxRC=53433.200214, +24 cols
    [CG]   [DIAG] iter=10 posCols=24 newCols=24 effImprove=24 updated=0
    [CG] CG iter 11: obj=2568621.920790, maxRC=47445.871579, +21 cols
    [CG]   [DIAG] iter=11 posCols=21 newCols=21 effImprove=21 updated=0
    [CG] CG iter 12: obj=2606643.969632, maxRC=77012.408551, +18 cols
    [CG]   [DIAG] iter=12 posCols=18 newCols=18 effImprove=18 updated=0
    [CG] CG iter 13: obj=2609643.058124, maxRC=15242.095565, +14 cols
    [CG]   [DIAG] iter=13 posCols=14 newCols=14 effImprove=14 updated=0
    [CG] CG iter 14: obj=2616392.879283, maxRC=17378.583707, +6 cols
    [CG]   [DIAG] iter=14 posCols=6 newCols=5 effImprove=6 updated=1
    [CG] CG iter 15: obj=2616876.485408, maxRC=3457.389184, +4 cols
    [CG]   [DIAG] iter=15 posCols=4 newCols=3 effImprove=4 updated=1
    [CG] CG iter 16: obj=2616876.485408, maxRC=1193.959321, +2 cols
    [CG]   [DIAG] iter=16 posCols=2 newCols=2 effImprove=2 updated=0
    [CG] 列生成收敛，共 17 轮迭代
    [CG] [CG-NODE] depth=0 exit=CERTIFIED certified=1 feasible=1 iters=17 generatedColsBeforeNode=0 newCols=324 posCandidates=326 duplicateCandidates=2 updatedCols=2 zeroObjImproveIters=2 objFirst=1174975.429096 objLast=2618019.751406 objGain=1443044.322311 maxRC=1413387.394397 wallSec=0.216360 pricingSec=0.187961 cplexSolveSec=0.007759
      [BB] 根节点即为整数解，obj=2618019.751406
