    [CG] 列生成开始，初始列数=310
    [CG] CG iter 1: obj=1095307.608232, maxRC=1308170.433117, +30 cols
    [CG]   [DIAG] iter=1 posCols=30 newCols=30 effImprove=30 updated=0
    [CG] CG iter 2: obj=1717987.247060, maxRC=355353.148721, +30 cols
    [CG]   [DIAG] iter=2 posCols=30 newCols=30 effImprove=30 updated=0
    [CG] CG iter 3: obj=1960209.876106, maxRC=489026.620420, +30 cols
    [CG]   [DIAG] iter=3 posCols=30 newCols=30 effImprove=30 updated=0
    [CG] CG iter 4: obj=2087784.861613, maxRC=225880.907475, +30 cols
    [CG]   [DIAG] iter=4 posCols=30 newCols=30 effImprove=30 updated=0
    [CG] CG iter 5: obj=2213761.467771, maxRC=121749.416906, +26 cols
    [CG]   [DIAG] iter=5 posCols=26 newCols=26 effImprove=26 updated=0
    [CG] CG iter 6: obj=2325389.876702, maxRC=122057.186167, +23 cols
    [CG]   [DIAG] iter=6 posCols=23 newCols=23 effImprove=23 updated=0
    [CG] CG iter 7: obj=2378006.493746, maxRC=88257.261314, +24 cols
    [CG]   [DIAG] iter=7 posCols=24 newCols=24 effImprove=24 updated=0
    [CG] CG iter 8: obj=2436445.555532, maxRC=31273.620136, +19 cols
    [CG]   [DIAG] iter=8 posCols=19 newCols=19 effImprove=19 updated=0
    [CG] CG iter 9: obj=2457252.222566, maxRC=47849.156991, +17 cols
    [CG]   [DIAG] iter=9 posCols=17 newCols=17 effImprove=17 updated=0
    [CG] CG iter 10: obj=2457252.222566, maxRC=24734.502984, +12 cols
    [CG]   [DIAG] iter=10 posCols=12 newCols=11 effImprove=12 updated=1
    [CG] CG iter 11: obj=2467474.537385, maxRC=25226.464471, +9 cols
    [CG]   [DIAG] iter=11 posCols=9 newCols=9 effImprove=9 updated=0
    [CG] CG iter 12: obj=2478844.566282, maxRC=6884.116252, +5 cols
    [CG]   [DIAG] iter=12 posCols=5 newCols=5 effImprove=5 updated=0
    [CG] CG iter 13: obj=2478988.805583, maxRC=2103.691662, +7 cols
    [CG]   [DIAG] iter=13 posCols=7 newCols=5 effImprove=7 updated=2
    [CG] CG iter 14: obj=2479005.606378, maxRC=307.623237, +1 cols
    [CG]   [DIAG] iter=14 posCols=1 newCols=1 effImprove=1 updated=0
    [CG] 列生成收敛，共 15 轮迭代
    [CG] [CG-NODE] depth=0 exit=CERTIFIED certified=1 feasible=1 iters=15 generatedColsBeforeNode=0 newCols=260 posCandidates=263 duplicateCandidates=3 updatedCols=3 zeroObjImproveIters=2 objFirst=1095307.608232 objLast=2479005.606378 objGain=1383697.998146 maxRC=1308170.433117 wallSec=0.213246 pricingSec=0.183085 cplexSolveSec=0.007009
      [BB] 分支定界开始，根节点LP obj=2479005.606378，最大节点数=10000
      [BB] 根节点启发式下界 LB=2176148.215481（上界=2479005.606378）
    [CG] [BB-DIAG] 分支 x_{dc=1,retailer=27}, 节点数=1
    [CG] 列生成开始，初始列数=547
    [CG] CG iter 16: obj=2477039.764035, maxRC=145007.913718, +25 cols
    [CG]   [DIAG] iter=16 posCols=25 newCols=25 effImprove=25 updated=0
    [CG] CG iter 17: obj=2477039.764035, maxRC=32661.671347, +17 cols
    [CG]   [DIAG] iter=17 posCols=17 newCols=17 effImprove=17 updated=0
    [CG] CG iter 18: obj=2477039.764035, maxRC=13470.391092, +10 cols
    [CG]   [DIAG] iter=18 posCols=10 newCols=9 effImprove=10 updated=1
    [CG] CG iter 19: obj=2477303.921693, maxRC=3324.420129, +3 cols
    [CG]   [DIAG] iter=19 posCols=3 newCols=3 effImprove=3 updated=0
    [CG] CG iter 20: obj=2477303.921693, maxRC=791.663748, +2 cols
    [CG]   [DIAG] iter=20 posCols=2 newCols=2 effImprove=2 updated=0
    [CG] 列生成收敛，共 21 轮迭代
    [CG] [CG-NODE] depth=1 exit=CERTIFIED certified=1 feasible=1 iters=6 generatedColsBeforeNode=260 newCols=56 posCandidates=57 duplicateCandidates=1 updatedCols=1 zeroObjImproveIters=4 objFirst=2477039.764035 objLast=2477303.921693 objGain=264.157658 maxRC=145007.913718 wallSec=0.024694 pricingSec=0.020548 cplexSolveSec=0.002796
    [CG] 列生成开始，初始列数=532
    [CG] CG iter 22: obj=2478844.566282, maxRC=84057.040388, +25 cols
    [CG]   [DIAG] iter=22 posCols=25 newCols=25 effImprove=25 updated=0
    [CG] CG iter 23: obj=2478844.566282, maxRC=19810.250222, +22 cols
    [CG]   [DIAG] iter=23 posCols=22 newCols=22 effImprove=22 updated=0
    [CG] CG iter 24: obj=2478844.566282, maxRC=5912.912006, +13 cols
    [CG]   [DIAG] iter=24 posCols=13 newCols=13 effImprove=13 updated=0
    [CG] CG iter 25: obj=2478844.566282, maxRC=2556.062133, +1 cols
    [CG]   [DIAG] iter=25 posCols=1 newCols=1 effImprove=1 updated=0
    [CG] CG iter 26: obj=2478844.566282, maxRC=863.472756, +1 cols
    [CG]   [DIAG] iter=26 posCols=1 newCols=1 effImprove=1 updated=0
    [CG] 列生成收敛，共 27 轮迭代
    [CG] [CG-NODE] depth=1 exit=CERTIFIED certified=1 feasible=1 iters=6 generatedColsBeforeNode=316 newCols=62 posCandidates=62 duplicateCandidates=0 updatedCols=0 zeroObjImproveIters=5 objFirst=2478844.566282 objLast=2478844.566282 objGain=0.000000 maxRC=84057.040388 wallSec=0.024809 pricingSec=0.020700 cplexSolveSec=0.002800
    [CG] [BB-INCUMBENT] selection=2 node=1 previous=2176148.215481 value=2478844.566282 active=1
    [CG] [BB-NODESEL] strategy=hybrid choice=dfs eligibleCount=1 active=1 gap=0.000000
      [BB] 分支定界结束：处理 3 节点，剪枝 1，剩余活跃 0，整数解 2，状态=OPTIMAL，最好可行 obj=2478844.566282，gap=0.000000
