    [CG] 列生成开始，初始列数=310
    [CG] CG iter 1: obj=1097405.343696, maxRC=1264980.620513, +30 cols
    [CG]   [DIAG] iter=1 posCols=30 newCols=30 effImprove=30 updated=0
    [CG] CG iter 2: obj=1749345.415090, maxRC=296763.490767, +30 cols
    [CG]   [DIAG] iter=2 posCols=30 newCols=30 effImprove=30 updated=0
    [CG] CG iter 3: obj=2090726.351242, maxRC=374579.652593, +30 cols
    [CG]   [DIAG] iter=3 posCols=30 newCols=30 effImprove=30 updated=0
    [CG] CG iter 4: obj=2160500.127633, maxRC=361781.803573, +30 cols
    [CG]   [DIAG] iter=4 posCols=30 newCols=30 effImprove=30 updated=0
    [CG] CG iter 5: obj=2163373.788314, maxRC=126789.424584, +24 cols
    [CG]   [DIAG] iter=5 posCols=24 newCols=24 effImprove=24 updated=0
    [CG] CG iter 6: obj=2287860.992985, maxRC=131626.529455, +26 cols
    [CG]   [DIAG] iter=6 posCols=26 newCols=26 effImprove=26 updated=0
    [CG] CG iter 7: obj=2341209.545030, maxRC=79988.002642, +21 cols
    [CG]   [DIAG] iter=7 posCols=21 newCols=21 effImprove=21 updated=0
    [CG] CG iter 8: obj=2406984.614465, maxRC=89526.609168, +19 cols
    [CG]   [DIAG] iter=8 posCols=19 newCols=19 effImprove=19 updated=0
    [CG] CG iter 9: obj=2423010.381710, maxRC=92571.714795, +21 cols
    [CG]   [DIAG] iter=9 posCols=21 newCols=21 effImprove=21 updated=0
    [CG] CG iter 10: obj=2434751.778608, maxRC=64832.053400, +20 cols
    [CG]   [DIAG] iter=10 posCols=20 newCols=19 effImprove=20 updated=1
    [CG] CG iter 11: obj=2443181.346308, maxRC=40304.591608, +15 cols
    [CG]   [DIAG] iter=11 posCols=15 newCols=15 effImprove=15 updated=0
    [CG] CG iter 12: obj=2462923.388063, maxRC=37152.772091, +13 cols
    [CG]   [DIAG] iter=12 posCols=13 newCols=13 effImprove=13 updated=0
    [CG] CG iter 13: obj=2488984.476789, maxRC=19716.036175, +7 cols
    [CG]   [DIAG] iter=13 posCols=7 newCols=7 effImprove=7 updated=0
    [CG] CG iter 14: obj=2488984.476789, maxRC=14064.010242, +4 cols
    [CG]   [DIAG] iter=14 posCols=4 newCols=4 effImprove=4 updated=0
    [CG] CG iter 15: obj=2488984.476789, maxRC=5626.236569, +1 cols
    [CG]   [DIAG] iter=15 posCols=1 newCols=1 effImprove=1 updated=0
    [CG] CG iter 16: obj=2488984.476789, maxRC=2518.475804, +2 cols
    [CG]   [DIAG] iter=16 posCols=2 newCols=2 effImprove=2 updated=0
    [CG] 列生成收敛，共 17 轮迭代
    [CG] [CG-NODE] depth=0 exit=CERTIFIED certified=1 feasible=1 iters=17 generatedColsBeforeNode=0 newCols=292 posCandidates=293 duplicateCandidates=1 updatedCols=1 zeroObjImproveIters=4 objFirst=1097405.343696 objLast=2488984.476789 objGain=1391579.133093 maxRC=1264980.620513 wallSec=0.208545 pricingSec=0.196087 cplexSolveSec=0.007673
      [BB] 根节点即为整数解，obj=2488984.476789
