    [CG] 列生成开始，初始列数=310
    [CG] CG iter 1: obj=1095101.885127, maxRC=1365287.973314, +30 cols
    [CG]   [DIAG] iter=1 posCols=30 newCols=30 effImprove=30 updated=0
    [CG] CG iter 2: obj=1784992.745015, maxRC=313530.103796, +30 cols
    [CG]   [DIAG] iter=2 posCols=30 newCols=30 effImprove=30 updated=0
    [CG] CG iter 3: obj=2073879.702941, maxRC=392139.580795, +30 cols
    [CG]   [DIAG] iter=3 posCols=30 newCols=30 effImprove=30 updated=0
    [CG] CG iter 4: obj=2166492.541379, maxRC=191108.732164, +28 cols
    [CG]   [DIAG] iter=4 posCols=28 newCols=28 effImprove=28 updated=0
    [CG] CG iter 5: obj=2248084.117199, maxRC=133975.134120, +23 cols
    [CG]   [DIAG] iter=5 posCols=23 newCols=22 effImprove=23 updated=1
    [CG] CG iter 6: obj=2333522.832326, maxRC=159918.079341, +25 cols
    [CG]   [DIAG] iter=6 posCols=25 newCols=25 effImprove=25 updated=0
    [CG] CG iter 7: obj=2381820.337464, maxRC=70592.084886, +22 cols
    [CG]   [DIAG] iter=7 posCols=22 newCols=22 effImprove=22 updated=0
    [CG] CG iter 8: obj=2422854.239735, maxRC=45384.398633, +16 cols
    [CG]   [DIAG] iter=8 posCols=16 newCols=16 effImprove=16 updated=0
    [CG] CG iter 9: obj=2446946.777402, maxRC=100955.140185, +19 cols
    [CG]   [DIAG] iter=9 posCols=19 newCols=19 effImprove=19 updated=0
    [CG] CG iter 10: obj=2470537.485628, maxRC=79989.111653, +23 cols
    [CG]   [DIAG] iter=10 posCols=23 newCols=22 effImprove=23 updated=1
    [CG] CG iter 11: obj=2487736.113049, maxRC=34837.409200, +13 cols
    [CG]   [DIAG] iter=11 posCols=13 newCols=10 effImprove=13 updated=3
    [CG] CG iter 12: obj=2494066.876865, maxRC=27202.022510, +10 cols
    [CG]   [DIAG] iter=12 posCols=10 newCols=10 effImprove=10 updated=0
    [CG] CG iter 13: obj=2494066.876865, maxRC=18217.028641, +8 cols
    [CG]   [DIAG] iter=13 posCols=8 newCols=8 effImprove=8 updated=0
    [CG] CG iter 14: obj=2509801.182862, maxRC=10475.319214, +7 cols
    [CG]   [DIAG] iter=14 posCols=7 newCols=7 effImprove=7 updated=0
    [CG] CG iter 15: obj=2520276.502076, maxRC=302.045437, +2 cols
    [CG]   [DIAG] iter=15 posCols=2 newCols=2 effImprove=2 updated=0
    [CG] 列生成收敛，共 16 轮迭代
    [CG] [CG-NODE] depth=0 exit=CERTIFIED certified=1 feasible=1 iters=16 generatedColsBeforeNode=0 newCols=281 posCandidates=286 duplicateCandidates=5 updatedCols=5 zeroObjImproveIters=2 objFirst=1095101.885127 objLast=2520276.502076 objGain=1425174.616949 maxRC=1365287.973314 wallSec=0.224738 pricingSec=0.211375 cplexSolveSec=0.007889
      [BB] 根节点即为整数解，obj=2520276.502076
