    [CG] 列生成开始，初始列数=310
    [CG] CG iter 1: obj=1094891.220247, maxRC=1365323.144219, +30 cols
    [CG]   [DIAG] iter=1 posCols=30 newCols=30 effImprove=30 updated=0
    [CG] CG iter 2: obj=1773270.199823, maxRC=330139.543617, +30 cols
    [CG]   [DIAG] iter=2 posCols=30 newCols=30 effImprove=30 updated=0
    [CG] CG iter 3: obj=1941120.197616, maxRC=509282.235361, +30 cols
    [CG]   [DIAG] iter=3 posCols=30 newCols=30 effImprove=30 updated=0
    [CG] CG iter 4: obj=2130197.262605, maxRC=384450.276115, +30 cols
    [CG]   [DIAG] iter=4 posCols=30 newCols=30 effImprove=30 updated=0
    [CG] CG iter 5: obj=2150160.410131, maxRC=191738.996928, +29 cols
    [CG]   [DIAG] iter=5 posCols=29 newCols=29 effImprove=29 updated=0
    [CG] CG iter 6: obj=2246105.893605, maxRC=130666.280132, +26 cols
    [CG]   [DIAG] iter=6 posCols=26 newCols=26 effImprove=26 updated=0
    [CG] CG iter 7: obj=2413682.822330, maxRC=91066.874270, +21 cols
    [CG]   [DIAG] iter=7 posCols=21 newCols=21 effImprove=21 updated=0
    [CG] CG iter 8: obj=2439386.812749, maxRC=149535.727990, +24 cols
    [CG]   [DIAG] iter=8 posCols=24 newCols=24 effImprove=24 updated=0
    [CG] CG iter 9: obj=2453949.965785, maxRC=117710.936478, +23 cols
    [CG]   [DIAG] iter=9 posCols=23 newCols=23 effImprove=23 updated=0
    [CG] CG iter 10: obj=2471195.886476, maxRC=40635.429256, +16 cols
    [CG]   [DIAG] iter=10 posCols=16 newCols=16 effImprove=16 updated=0
    [CG] CG iter 11: obj=2482864.782232, maxRC=31182.916213, +15 cols
    [CG]   [DIAG] iter=11 posCols=15 newCols=15 effImprove=15 updated=0
    [CG] CG iter 12: obj=2503299.368485, maxRC=25457.896376, +13 cols
    [CG]   [DIAG] iter=12 posCols=13 newCols=12 effImprove=13 updated=1
    [CG] CG iter 13: obj=2508354.737818, maxRC=11767.178579, +7 cols
    [CG]   [DIAG] iter=13 posCols=7 newCols=6 effImprove=7 updated=1
    [CG] CG iter 14: obj=2508354.737818, maxRC=3980.228119, +5 cols
    [CG]   [DIAG] iter=14 posCols=5 newCols=5 effImprove=5 updated=0
    [CG] CG iter 15: obj=2508354.737818, maxRC=2535.815542, +3 cols
    [CG]   [DIAG] iter=15 posCols=3 newCols=3 effImprove=3 updated=0
    [CG] CG iter 16: obj=2508354.737818, maxRC=1780.973061, +2 cols
    [CG]   [DIAG] iter=16 posCols=2 newCols=2 effImprove=2 updated=0
    [CG] CG iter 17: obj=2508354.737818, maxRC=518.017634, +1 cols
    [CG]   [DIAG] iter=17 posCols=1 newCols=1 effImprove=1 updated=0
    [CG] 列生成收敛，共 18 轮迭代
    [CG] [CG-NODE] depth=0 exit=CERTIFIED certified=1 feasible=1 iters=18 generatedColsBeforeNode=0 newCols=303 posCandidates=305 duplicateCandidates=2 updatedCols=2 zeroObjImproveIters=5 objFirst=1094891.220247 objLast=2508354.737818 objGain=1413463.517571 maxRC=1365323.144219 wallSec=0.230346 pricingSec=0.217540 cplexSolveSec=0.007817
      [BB] 根节点即为整数解，obj=2508354.737818
