    [CG] 列生成开始，初始列数=310
    [CG] CG iter 1: obj=1098087.109428, maxRC=1314361.078470, +30 cols
    [CG]   [DIAG] iter=1 posCols=30 newCols=30 effImprove=30 updated=0
    [CG] CG iter 2: obj=1804099.491963, maxRC=319134.804544, +30 cols
    [CG]   [DIAG] iter=2 posCols=30 newCols=30 effImprove=30 updated=0
    [CG] CG iter 3: obj=1995776.767874, maxRC=371641.079651, +30 cols
    [CG]   [DIAG] iter=3 posCols=30 newCols=30 effImprove=30 updated=0
    [CG] CG iter 4: obj=2135266.461330, maxRC=235330.576365, +27 cols
    [CG]   [DIAG] iter=4 posCols=27 newCols=27 effImprove=27 updated=0
    [CG] CG iter 5: obj=2205413.773831, maxRC=134291.602914, +27 cols
    [CG]   [DIAG] iter=5 posCols=27 newCols=27 effImprove=27 updated=0
    [CG] CG iter 6: obj=2345240.596302, maxRC=109310.866580, +25 cols
    [CG]   [DIAG] iter=6 posCols=25 newCols=25 effImprove=25 updated=0
    [CG] CG iter 7: obj=2367288.357843, maxRC=83403.593879, +19 cols
    [CG]   [DIAG] iter=7 posCols=19 newCols=18 effImprove=19 updated=1
    [CG] CG iter 8: obj=2422134.260305, maxRC=97899.701406, +18 cols
    [CG]   [DIAG] iter=8 posCols=18 newCols=18 effImprove=18 updated=0
    [CG] CG iter 9: obj=2427140.962347, maxRC=69194.652180, +18 cols
    [CG]   [DIAG] iter=9 posCols=18 newCols=18 effImprove=18 updated=0
    [CG] CG iter 10: obj=2451820.104867, maxRC=23093.685879, +11 cols
    [CG]   [DIAG] iter=10 posCols=11 newCols=10 effImprove=11 updated=1
    [CG] CG iter 11: obj=2451820.104867, maxRC=20381.545580, +6 cols
    [CG]   [DIAG] iter=11 posCols=6 newCols=6 effImprove=6 updated=0
    [CG] CG iter 12: obj=2451820.104867, maxRC=10203.279853, +3 cols
    [CG]   [DIAG] iter=12 posCols=3 newCols=3 effImprove=3 updated=0
    [CG] CG iter 13: obj=2451820.104867, maxRC=1533.211658, +1 cols
    [CG]   [DIAG] iter=13 posCols=1 newCols=1 effImprove=1 updated=0
    [CG] CG iter 14: obj=2451820.104867, maxRC=1292.948211, +1 cols
    [CG]   [DIAG] iter=14 posCols=1 newCols=0 effImprove=1 updated=1
    [CG] 列生成收敛，共 15 轮迭代
    [CG] [CG-NODE] depth=0 exit=CERTIFIED certified=1 feasible=1 iters=15 generatedColsBeforeNode=0 newCols=243 posCandidates=246 duplicateCandidates=3 updatedCols=3 zeroObjImproveIters=5 objFirst=1098087.109428 objLast=2451820.104867 objGain=1353732.995439 maxRC=1314361.078470 wallSec=0.153869 pricingSec=0.145252 cplexSolveSec=0.005489
      [BB] 根节点即为整数解，obj=2451820.104867
