    [CG] 列生成开始，初始列数=310
    [CG] CG iter 1: obj=1305092.218227, maxRC=1401479.658695, +30 cols
    [CG]   [DIAG] iter=1 posCols=30 newCols=30 effImprove=30 updated=0
    [CG] CG iter 2: obj=2025707.121837, maxRC=322575.455004, +30 cols
    [CG]   [DIAG] iter=2 posCols=30 newCols=30 effImprove=30 updated=0
    [CG] CG iter 3: obj=2450778.366549, maxRC=366596.580332, +30 cols
    [CG]   [DIAG] iter=3 posCols=30 newCols=30 effImprove=30 updated=0
    [CG] CG iter 4: obj=2481663.025483, maxRC=148351.013572, +30 cols
    [CG]   [DIAG] iter=4 posCols=30 newCols=30 effImprove=30 updated=0
    [CG] CG iter 5: obj=2586112.123443, maxRC=135154.546038, +28 cols
    [CG]   [DIAG] iter=5 posCols=28 newCols=28 effImprove=28 updated=0
    [CG] CG iter 6: obj=2666289.476587, maxRC=133632.931952, +30 cols
    [CG]   [DIAG] iter=6 posCols=30 newCols=30 effImprove=30 updated=0
    [CG] CG iter 7: obj=2720282.160859, maxRC=74097.151522, +25 cols
    [CG]   [DIAG] iter=7 posCols=25 newCols=25 effImprove=25 updated=0
    [CG] CG iter 8: obj=2779401.831801, maxRC=55053.778235, +24 cols
    [CG]   [DIAG] iter=8 posCols=24 newCols=24 effImprove=24 updated=0
    [CG] CG iter 9: obj=2801676.299191, maxRC=50409.375795, +22 cols
    [CG]   [DIAG] iter=9 posCols=22 newCols=21 effImprove=22 updated=1
    [CG] CG iter 10: obj=2811108.671001, maxRC=45844.837753, +20 cols
    [CG]   [DIAG] iter=10 posCols=20 newCols=20 effImprove=20 updated=0
    [CG] CG iter 11: obj=2829864.854653, maxRC=25357.270568, +18 cols
    [CG]   [DIAG] iter=11 posCols=18 newCols=17 effImprove=18 updated=1
    [CG] CG iter 12: obj=2852286.198737, maxRC=22198.398437, +15 cols
    [CG]   [DIAG] iter=12 posCols=15 newCols=14 effImprove=15 updated=1
    [CG] CG iter 13: obj=2865860.020683, maxRC=14769.679491, +11 cols
    [CG]   [DIAG] iter=13 posCols=11 newCols=11 effImprove=11 updated=0
    [CG] CG iter 14: obj=2865860.020683, maxRC=7920.842459, +13 cols
    [CG]   [DIAG] iter=14 posCols=13 newCols=13 effImprove=13 updated=0
    [CG] CG iter 15: obj=2867595.286899, maxRC=6983.830907, +4 cols
    [CG]   [DIAG] iter=15 posCols=4 newCols=3 effImprove=4 updated=1
    [CG] CG iter 16: obj=2870096.915006, maxRC=3348.934270, +4 cols
    [CG]   [DIAG] iter=16 posCols=4 newCols=4 effImprove=4 updated=0
    [CG] 列生成收敛，共 17 轮迭代
    [CG] [CG-NODE] depth=0 exit=CERTIFIED certified=1 feasible=1 iters=17 generatedColsBeforeNode=0 newCols=330 posCandidates=334 duplicateCandidates=4 updatedCols=4 zeroObjImproveIters=1 objFirst=1305092.218227 objLast=2871009.564540 objGain=1565917.346312 maxRC=1401479.658695 wallSec=0.183879 pricingSec=0.172183 cplexSolveSec=0.007989
      [BB] 分支定界开始，根节点LP obj=2871009.564540，最大节点数=10000
      [BB] 根节点启发式下界 LB=2523899.761974（上界=2871009.564540）
    [CG] [BB-DIAG] 分支 x_{dc=0,retailer=4}, 节点数=1
    [CG] 列生成开始，初始列数=618
    [CG] CG iter 18: obj=2870096.915006, maxRC=64120.486343, +22 cols
    [CG]   [DIAG] iter=18 posCols=22 newCols=22 effImprove=22 updated=0
    [CG] CG iter 19: obj=2870096.915006, maxRC=21883.001615, +19 cols
    [CG]   [DIAG] iter=19 posCols=19 newCols=17 effImprove=19 updated=2
    [CG] CG iter 20: obj=2870096.915006, maxRC=17209.322956, +10 cols
    [CG]   [DIAG] iter=20 posCols=10 newCols=10 effImprove=10 updated=0
    [CG] CG iter 21: obj=2870096.915006, maxRC=6200.779837, +6 cols
    [CG]   [DIAG] iter=21 posCols=6 newCols=5 effImprove=6 updated=1
    [CG] CG iter 22: obj=2870096.915006, maxRC=1234.359243, +1 cols
    [CG]   [DIAG] iter=22 posCols=1 newCols=1 effImprove=1 updated=0
    [CG] CG iter 23: obj=2870096.915006, maxRC=108.254610, +1 cols
    [CG]   [DIAG] iter=23 posCols=1 newCols=1 effImprove=1 updated=0
    [CG] 列生成收敛，共 24 轮迭代
    [CG] [CG-NODE] depth=1 exit=CERTIFIED certified=1 feasible=1 iters=7 generatedColsBeforeNode=330 newCols=56 posCandidates=59 duplicateCandidates=3 updatedCols=3 zeroObjImproveIters=6 objFirst=2870096.915006 objLast=2870096.915006 objGain=0.000000 maxRC=64120.486343 wallSec=0.015591 pricingSec=0.009534 cplexSolveSec=0.004108
    [CG] 列生成开始，初始列数=593
    [CG] CG iter 25: obj=2870944.221169, maxRC=33447.283017, +20 cols
    [CG]   [DIAG] iter=25 posCols=20 newCols=20 effImprove=20 updated=0
    [CG] CG iter 26: obj=2870944.221169, maxRC=13425.331576, +14 cols
    [CG]   [DIAG] iter=26 posCols=14 newCols=14 effImprove=14 updated=0
    [CG] CG iter 27: obj=2870944.221169, maxRC=10442.082434, +4 cols
    [CG]   [DIAG] iter=27 posCols=4 newCols=4 effImprove=4 updated=0
    [CG] CG iter 28: obj=2870944.221169, maxRC=9334.759428, +1 cols
    [CG]   [DIAG] iter=28 posCols=1 newCols=1 effImprove=1 updated=0
    [CG] CG iter 29: obj=2870944.221169, maxRC=4167.931312, +1 cols
    [CG]   [DIAG] iter=29 posCols=1 newCols=1 effImprove=1 updated=0
    [CG] CG iter 30: obj=2870944.221169, maxRC=4067.319812, +1 cols
    [CG]   [DIAG] iter=30 posCols=1 newCols=1 effImprove=1 updated=0
    [CG] 列生成收敛，共 31 轮迭代
    [CG] [CG-NODE] depth=1 exit=CERTIFIED certified=1 feasible=1 iters=7 generatedColsBeforeNode=386 newCols=41 posCandidates=41 duplicateCandidates=0 updatedCols=0 zeroObjImproveIters=6 objFirst=2870944.221169 objLast=2870944.221169 objGain=0.000000 maxRC=33447.283017 wallSec=0.012719 pricingSec=0.007658 cplexSolveSec=0.003635
    [CG] [BB-INCUMBENT] selection=2 node=1 previous=2523899.761974 value=2870944.221169 active=1
    [CG] [BB-NODESEL] strategy=hybrid choice=dfs eligibleCount=1 active=1 gap=0.000000
      [BB] 分支定界结束：处理 3 节点，剪枝 1，剩余活跃 0，整数解 2，状态=OPTIMAL，最好可行 obj=2870944.221169，gap=0.000000
