    [CG] 列生成开始，初始列数=310
    [CG] CG iter 1: obj=1239974.850579, maxRC=1460544.121847, +30 cols
    [CG]   [DIAG] iter=1 posCols=30 newCols=30 effImprove=30 updated=0
    [CG] CG iter 2: obj=2007872.431133, maxRC=416959.364723, +27 cols
    [CG]   [DIAG] iter=2 posCols=27 newCols=27 effImprove=27 updated=0
    [CG] CG iter 3: obj=2166142.259517, maxRC=582862.716661, +30 cols
    [CG]   [DIAG] iter=3 posCols=30 newCols=30 effImprove=30 updated=0
    [CG] CG iter 4: obj=2316501.423699, maxRC=311664.785283, +27 cols
    [CG]   [DIAG] iter=4 posCols=27 newCols=27 effImprove=27 updated=0
    [CG] CG iter 5: obj=2421081.298962, maxRC=212920.344981, +27 cols
    [CG]   [DIAG] iter=5 posCols=27 newCols=27 effImprove=27 updated=0
    [CG] CG iter 6: obj=2523777.217209, maxRC=140040.976710, +25 cols
    [CG]   [DIAG] iter=6 posCols=25 newCols=25 effImprove=25 updated=0
    [CG] CG iter 7: obj=2575306.473789, maxRC=125858.308790, +25 cols
    [CG]   [DIAG] iter=7 posCols=25 newCols=25 effImprove=25 updated=0
    [CG] CG iter 8: obj=2652140.346240, maxRC=109321.600936, +26 cols
    [CG]   [DIAG] iter=8 posCols=26 newCols=26 effImprove=26 updated=0
    [CG] CG iter 9: obj=2702912.644679, maxRC=67559.914757, +25 cols
    [CG]   [DIAG] iter=9 posCols=25 newCols=25 effImprove=25 updated=0
    [CG] CG iter 10: obj=2726708.626340, maxRC=56845.211660, +22 cols
    [CG]   [DIAG] iter=10 posCols=22 newCols=22 effImprove=22 updated=0
    [CG] CG iter 11: obj=2769659.686836, maxRC=22868.133594, +20 cols
    [CG]   [DIAG] iter=11 posCols=20 newCols=20 effImprove=20 updated=0
    [CG] CG iter 12: obj=2780531.925436, maxRC=23673.134841, +18 cols
    [CG]   [DIAG] iter=12 posCols=18 newCols=18 effImprove=18 updated=0
    [CG] CG iter 13: obj=2797308.946172, maxRC=11121.541861, +6 cols
    [CG]   [DIAG] iter=13 posCols=6 newCols=6 effImprove=6 updated=0
    [CG] CG iter 14: obj=2800484.948135, maxRC=8129.951299, +5 cols
    [CG]   [DIAG] iter=14 posCols=5 newCols=4 effImprove=5 updated=1
    [CG] CG iter 15: obj=2800484.948135, maxRC=7741.918880, +3 cols
    [CG]   [DIAG] iter=15 posCols=3 newCols=3 effImprove=3 updated=0
    [CG] CG iter 16: obj=2800484.948135, maxRC=2624.861972, +5 cols
    [CG]   [DIAG] iter=16 posCols=5 newCols=5 effImprove=5 updated=0
    [CG] CG iter 17: obj=2800484.948135, maxRC=472.627012, +1 cols
    [CG]   [DIAG] iter=17 posCols=1 newCols=1 effImprove=1 updated=0
    [CG] CG iter 18: obj=2800721.261641, maxRC=288.959950, +1 cols
    [CG]   [DIAG] iter=18 posCols=1 newCols=1 effImprove=1 updated=0
    [CG] CG iter 19: obj=2800721.261641, maxRC=241.322433, +1 cols
    [CG]   [DIAG] iter=19 posCols=1 newCols=1 effImprove=1 updated=0
    [CG] 列生成收敛，共 20 轮迭代
    [CG] [CG-NODE] depth=0 exit=CERTIFIED certified=1 feasible=1 iters=20 generatedColsBeforeNode=0 newCols=323 posCandidates=324 duplicateCandidates=1 updatedCols=1 zeroObjImproveIters=5 objFirst=1239974.850579 objLast=2800721.261641 objGain=1560746.411062 maxRC=1460544.121847 wallSec=0.230637 pricingSec=0.195240 cplexSolveSec=0.008995
      [BB] 分支定界开始，根节点LP obj=2800721.261641，最大节点数=10000
      [BB] 根节点启发式下界 LB=2547950.389410（上界=2800721.261641）
    [CG] [BB-DIAG] 分支 x_{dc=4,retailer=1}, 节点数=1
    [CG] 列生成开始，初始列数=624
    [CG] CG iter 21: obj=2797308.946172, maxRC=61931.038368, +23 cols
    [CG]   [DIAG] iter=21 posCols=23 newCols=23 effImprove=23 updated=0
    [CG] CG iter 22: obj=2797308.946172, maxRC=14480.115654, +12 cols
    [CG]   [DIAG] iter=22 posCols=12 newCols=12 effImprove=12 updated=0
    [CG] CG iter 23: obj=2797308.946172, maxRC=7903.942860, +7 cols
    [CG]   [DIAG] iter=23 posCols=7 newCols=7 effImprove=7 updated=0
    [CG] CG iter 24: obj=2798738.922173, maxRC=7742.264018, +6 cols
    [CG]   [DIAG] iter=24 posCols=6 newCols=6 effImprove=6 updated=0
    [CG] CG iter 25: obj=2798738.922173, maxRC=1482.006532, +1 cols
    [CG]   [DIAG] iter=25 posCols=1 newCols=1 effImprove=1 updated=0
    [CG] CG iter 26: obj=2798738.922173, maxRC=133.802969, +1 cols
    [CG]   [DIAG] iter=26 posCols=1 newCols=1 effImprove=1 updated=0
    [CG] 列生成收敛，共 27 轮迭代
    [CG] [CG-NODE] depth=1 exit=CERTIFIED certified=1 feasible=1 iters=7 generatedColsBeforeNode=323 newCols=50 posCandidates=50 duplicateCandidates=0 updatedCols=0 zeroObjImproveIters=5 objFirst=2797308.946172 objLast=2798738.922173 objGain=1429.976002 maxRC=61931.038368 wallSec=0.013785 pricingSec=0.008173 cplexSolveSec=0.003901
    [CG] 列生成开始，初始列数=582
    [CG] CG iter 28: obj=2789751.326061, maxRC=87448.131152, +25 cols
    [CG]   [DIAG] iter=28 posCols=25 newCols=25 effImprove=25 updated=0
    [CG] CG iter 29: obj=2789751.326061, maxRC=36878.708668, +22 cols
    [CG]   [DIAG] iter=29 posCols=22 newCols=22 effImprove=22 updated=0
    [CG] CG iter 30: obj=2790283.043931, maxRC=14450.758220, +15 cols
    [CG]   [DIAG] iter=30 posCols=15 newCols=15 effImprove=15 updated=0
    [CG] CG iter 31: obj=2795918.678562, maxRC=6047.588448, +5 cols
    [CG]   [DIAG] iter=31 posCols=5 newCols=4 effImprove=5 updated=1
    [CG] CG iter 32: obj=2795918.678562, maxRC=3335.027506, +3 cols
    [CG]   [DIAG] iter=32 posCols=3 newCols=3 effImprove=3 updated=0
    [CG] 列生成收敛，共 33 轮迭代
    [CG] [CG-NODE] depth=1 exit=CERTIFIED certified=1 feasible=1 iters=6 generatedColsBeforeNode=373 newCols=69 posCandidates=70 duplicateCandidates=1 updatedCols=1 zeroObjImproveIters=3 objFirst=2789751.326061 objLast=2795918.678562 objGain=6167.352501 maxRC=87448.131152 wallSec=0.016611 pricingSec=0.010695 cplexSolveSec=0.004147
    [CG] [BB-INCUMBENT] selection=2 node=1 previous=2547950.389410 value=2795918.678562 active=1
    [CG] [BB-NODESEL] strategy=hybrid choice=dfs eligibleCount=1 active=1 gap=0.001009
    [CG] [BB-INCUMBENT] selection=3 node=1 previous=2795918.678562 value=2798738.922173 active=0
      [BB] 分支定界结束：处理 3 节点，剪枝 0，剩余活跃 0，整数解 3，状态=OPTIMAL，最好可行 obj=2798738.922173，gap=0.000000
