    [CG] 列生成开始，初始列数=310
    [CG] CG iter 1: obj=1175803.862513, maxRC=1460536.710615, +30 cols
    [CG]   [DIAG] iter=1 posCols=30 newCols=30 effImprove=30 updated=0
    [CG] CG iter 2: obj=1900507.667695, maxRC=391576.112570, +30 cols
    [CG]   [DIAG] iter=2 posCols=30 newCols=30 effImprove=30 updated=0
    [CG] CG iter 3: obj=2130849.881112, maxRC=540002.027880, +30 cols
    [CG]   [DIAG] iter=3 posCols=30 newCols=30 effImprove=30 updated=0
    [CG] CG iter 4: obj=2232334.479989, maxRC=312947.920239, +30 cols
    [CG]   [DIAG] iter=4 posCols=30 newCols=29 effImprove=30 updated=1
    [CG] CG iter 5: obj=2344828.973122, maxRC=192852.969172, +23 cols
    [CG]   [DIAG] iter=5 posCols=23 newCols=23 effImprove=23 updated=0
    [CG] CG iter 6: obj=2433693.880885, maxRC=162012.151400, +19 cols
    [CG]   [DIAG] iter=6 posCols=19 newCols=19 effImprove=19 updated=0
    [CG] CG iter 7: obj=2485479.246284, maxRC=108628.067994, +17 cols
    [CG]   [DIAG] iter=7 posCols=17 newCols=17 effImprove=17 updated=0
    [CG] CG iter 8: obj=2519355.626000, maxRC=82913.563035, +19 cols
    [CG]   [DIAG] iter=8 posCols=19 newCols=19 effImprove=19 updated=0
    [CG] CG iter 9: obj=2590402.237771, maxRC=90854.521042, +12 cols
    [CG]   [DIAG] iter=9 posCols=12 newCols=12 effImprove=12 updated=0
    [CG] CG iter 10: obj=2590402.237771, maxRC=44020.532208, +10 cols
    [CG]   [DIAG] iter=10 posCols=10 newCols=10 effImprove=10 updated=0
    [CG] CG iter 11: obj=2601017.405851, maxRC=43541.659726, +5 cols
    [CG]   [DIAG] iter=11 posCols=5 newCols=5 effImprove=5 updated=0
    [CG] CG iter 12: obj=2601017.405851, maxRC=14407.602748, +5 cols
    [CG]   [DIAG] iter=12 posCols=5 newCols=5 effImprove=5 updated=0
    [CG] CG iter 13: obj=2615425.008598, maxRC=11457.599709, +4 cols
    [CG]   [DIAG] iter=13 posCols=4 newCols=4 effImprove=4 updated=0
    [CG] CG iter 14: obj=2626882.608307, maxRC=2151.514958, +2 cols
    [CG]   [DIAG] iter=14 posCols=2 newCols=2 effImprove=2 updated=0
    [CG] CG iter 15: obj=2626882.608307, maxRC=552.109025, +1 cols
    [CG]   [DIAG] iter=15 posCols=1 newCols=1 effImprove=1 updated=0
    [CG] 列生成收敛，共 16 轮迭代
    [CG] [CG-NODE] depth=0 exit=CERTIFIED certified=1 feasible=1 iters=16 generatedColsBeforeNode=0 newCols=236 posCandidates=237 duplicateCandidates=1 updatedCols=1 zeroObjImproveIters=4 objFirst=1175803.862513 objLast=2626882.608307 objGain=1451078.745794 maxRC=1460536.710615 wallSec=0.144342 pricingSec=0.132817 cplexSolveSec=0.006968
      [BB] 根节点即为整数解，obj=2626882.608307
