    [CG] 列生成开始，初始列数=310
    [CG] CG iter 1: obj=1245753.220482, maxRC=1409221.933450, +30 cols
    [CG]   [DIAG] iter=1 posCols=30 newCols=30 effImprove=30 updated=0
    [CG] CG iter 2: obj=2019701.041014, maxRC=304998.318214, +30 cols
    [CG]   [DIAG] iter=2 posCols=30 newCols=30 effImprove=30 updated=0
    [CG] CG iter 3: obj=2275255.351553, maxRC=426213.346223, +30 cols
    [CG]   [DIAG] iter=3 posCols=30 newCols=30 effImprove=30 updated=0
    [CG] CG iter 4: obj=2338316.184145, maxRC=252392.857473, +29 cols
    [CG]   [DIAG] iter=4 posCols=29 newCols=29 effImprove=29 updated=0
    [CG] CG iter 5: obj=2405690.877069, maxRC=167704.143422, +28 cols
    [CG]   [DIAG] iter=5 posCols=28 newCols=28 effImprove=28 updated=0
    [CG] CG iter 6: obj=2506236.193347, maxRC=113882.885990, +24 cols
    [CG]   [DIAG] iter=6 posCols=24 newCols=24 effImprove=24 updated=0
    [CG] CG iter 7: obj=2579930.400071, maxRC=90348.287353, +24 cols
    [CG]   [DIAG] iter=7 posCols=24 newCols=24 effImprove=24 updated=0
    [CG] CG iter 8: obj=2621049.080404, maxRC=98311.428333, +21 cols
    [CG]   [DIAG] iter=8 posCols=21 newCols=21 effImprove=21 updated=0
    [CG] CG iter 9: obj=2639800.557178, maxRC=124425.833766, +24 cols
    [CG]   [DIAG] iter=9 posCols=24 newCols=24 effImprove=24 updated=0
    [CG] CG iter 10: obj=2667413.732917, maxRC=56666.261050, +22 cols
    [CG]   [DIAG] iter=10 posCols=22 newCols=22 effImprove=22 updated=0
    [CG] CG iter 11: obj=2667413.732917, maxRC=30166.741985, +20 cols
    [CG]   [DIAG] iter=11 posCols=20 newCols=20 effImprove=20 updated=0
    [CG] CG iter 12: obj=2682023.130108, maxRC=27514.694199, +11 cols
    [CG]   [DIAG] iter=12 posCols=11 newCols=10 effImprove=11 updated=1
    [CG] CG iter 13: obj=2691338.964245, maxRC=17019.639108, +6 cols
    [CG]   [DIAG] iter=13 posCols=6 newCols=6 effImprove=6 updated=0
    [CG] CG iter 14: obj=2691338.964245, maxRC=7211.420319, +6 cols
    [CG]   [DIAG] iter=14 posCols=6 newCols=6 effImprove=6 updated=0
    [CG] CG iter 15: obj=2698550.384563, maxRC=3355.658577, +4 cols
    [CG]   [DIAG] iter=15 posCols=4 newCols=4 effImprove=4 updated=0
    [CG] CG iter 16: obj=2698550.384563, maxRC=1855.628040, +1 cols
    [CG]   [DIAG] iter=16 posCols=1 newCols=1 effImprove=1 updated=0
    [CG] CG iter 17: obj=2700406.012603, maxRC=797.962695, +1 cols
    [CG]   [DIAG] iter=17 posCols=1 newCols=0 effImprove=1 updated=1
    [CG] 列生成收敛，共 18 轮迭代
    [CG] [CG-NODE] depth=0 exit=CERTIFIED certified=1 feasible=1 iters=18 generatedColsBeforeNode=0 newCols=309 posCandidates=311 duplicateCandidates=2 updatedCols=2 zeroObjImproveIters=4 objFirst=1245753.220482 objLast=2700406.012603 objGain=1454652.792121 maxRC=1409221.933450 wallSec=0.190883 pricingSec=0.161339 cplexSolveSec=0.007453
      [BB] 根节点即为整数解，obj=2700406.012603
