    [CG] 列生成开始，初始列数=310
    [CG] CG iter 1: obj=1305639.429159, maxRC=1461289.991045, +30 cols
    [CG]   [DIAG] iter=1 posCols=30 newCols=30 effImprove=30 updated=0
    [CG] CG iter 2: obj=2056071.910160, maxRC=348279.777953, +30 cols
    [CG]   [DIAG] iter=2 posCols=30 newCols=30 effImprove=30 updated=0
    [CG] CG iter 3: obj=2417285.118785, maxRC=450653.961211, +30 cols
    [CG]   [DIAG] iter=3 posCols=30 newCols=30 effImprove=30 updated=0
    [CG] CG iter 4: obj=2438554.653978, maxRC=240991.930646, +30 cols
    [CG]   [DIAG] iter=4 posCols=30 newCols=30 effImprove=30 updated=0
    [CG] CG iter 5: obj=2521696.526189, maxRC=202322.428169, +29 cols
    [CG]   [DIAG] iter=5 posCols=29 newCols=29 effImprove=29 updated=0
    [CG] CG iter 6: obj=2638303.117979, maxRC=84269.668643, +29 cols
    [CG]   [DIAG] iter=6 posCols=29 newCols=29 effImprove=29 updated=0
    [CG] CG iter 7: obj=2736032.746100, maxRC=109613.162976, +27 cols
    [CG]   [DIAG] iter=7 posCols=27 newCols=26 effImprove=27 updated=1
    [CG] CG iter 8: obj=2764755.915147, maxRC=53711.631314, +25 cols
    [CG]   [DIAG] iter=8 posCols=25 newCols=25 effImprove=25 updated=0
    [CG] CG iter 9: obj=2850971.838287, maxRC=53873.207205, +20 cols
    [CG]   [DIAG] iter=9 posCols=20 newCols=19 effImprove=20 updated=1
    [CG] CG iter 10: obj=2850971.838287, maxRC=40783.956139, +18 cols
    [CG]   [DIAG] iter=10 posCols=18 newCols=17 effImprove=18 updated=1
    [CG] CG iter 11: obj=2859653.493348, maxRC=41847.125311, +22 cols
    [CG]   [DIAG] iter=11 posCols=22 newCols=22 effImprove=22 updated=0
    [CG] CG iter 12: obj=2873491.027264, maxRC=37156.304356, +19 cols
    [CG]   [DIAG] iter=12 posCols=19 newCols=18 effImprove=19 updated=1
    [CG] CG iter 13: obj=2878558.299902, maxRC=10033.783609, +12 cols
    [CG]   [DIAG] iter=13 posCols=12 newCols=11 effImprove=12 updated=1
    [CG] CG iter 14: obj=2878558.299902, maxRC=7170.184638, +5 cols
    [CG]   [DIAG] iter=14 posCols=5 newCols=5 effImprove=5 updated=0
    [CG] CG iter 15: obj=2878558.299902, maxRC=3798.218616, +3 cols
    [CG]   [DIAG] iter=15 posCols=3 newCols=3 effImprove=3 updated=0
    [CG] CG iter 16: obj=2882356.518519, maxRC=157.526821, +1 cols
    [CG]   [DIAG] iter=16 posCols=1 newCols=1 effImprove=1 updated=0
    [CG] 列生成收敛，共 17 轮迭代
    [CG] [CG-NODE] depth=0 exit=CERTIFIED certified=1 feasible=1 iters=17 generatedColsBeforeNode=0 newCols=325 posCandidates=330 duplicateCandidates=5 updatedCols=5 zeroObjImproveIters=4 objFirst=1305639.429159 objLast=2882356.518519 objGain=1576717.089360 maxRC=1461289.991045 wallSec=0.226945 pricingSec=0.213367 cplexSolveSec=0.008299
      [BB] 根节点即为整数解，obj=2882356.518519
