    [CG] 列生成开始，初始列数=310
    [CG] CG iter 1: obj=1298774.147467, maxRC=1460318.783190, +30 cols
    [CG]   [DIAG] iter=1 posCols=30 newCols=30 effImprove=30 updated=0
    [CG] CG iter 2: obj=2038231.533472, maxRC=376745.336239, +30 cols
    [CG]   [DIAG] iter=2 posCols=30 newCols=30 effImprove=30 updated=0
    [CG] CG iter 3: obj=2381247.018123, maxRC=331044.009271, +30 cols
    [CG]   [DIAG] iter=3 posCols=30 newCols=30 effImprove=30 updated=0
    [CG] CG iter 4: obj=2454610.417346, maxRC=244519.953045, +30 cols
    [CG]   [DIAG] iter=4 posCols=30 newCols=30 effImprove=30 updated=0
    [CG] CG iter 5: obj=2546831.462810, maxRC=156356.707437, +30 cols
    [CG]   [DIAG] iter=5 posCols=30 newCols=30 effImprove=30 updated=0
    [CG] CG iter 6: obj=2618021.113910, maxRC=164396.656326, +30 cols
    [CG]   [DIAG] iter=6 posCols=30 newCols=30 effImprove=30 updated=0
    [CG] CG iter 7: obj=2676406.222003, maxRC=93780.620539, +24 cols
    [CG]   [DIAG] iter=7 posCols=24 newCols=24 effImprove=24 updated=0
    [CG] CG iter 8: obj=2746598.797105, maxRC=72956.128463, +24 cols
    [CG]   [DIAG] iter=8 posCols=24 newCols=24 effImprove=24 updated=0
    [CG] CG iter 9: obj=2780163.680672, maxRC=88591.425881, +25 cols
    [CG]   [DIAG] iter=9 posCols=25 newCols=25 effImprove=25 updated=0
    [CG] CG iter 10: obj=2809420.186892, maxRC=43093.623289, +20 cols
    [CG]   [DIAG] iter=10 posCols=20 newCols=18 effImprove=20 updated=2
    [CG] CG iter 11: obj=2846972.600703, maxRC=21734.663008, +15 cols
    [CG]   [DIAG] iter=11 posCols=15 newCols=15 effImprove=15 updated=0
    [CG] CG iter 12: obj=2848754.510400, maxRC=24476.758837, +12 cols
    [CG]   [DIAG] iter=12 posCols=12 newCols=12 effImprove=12 updated=0
    [CG] CG iter 13: obj=2851665.761029, maxRC=20968.059027, +11 cols
    [CG]   [DIAG] iter=13 posCols=11 newCols=11 effImprove=11 updated=0
    [CG] CG iter 14: obj=2851665.761029, maxRC=9358.432333, +6 cols
    [CG]   [DIAG] iter=14 posCols=6 newCols=6 effImprove=6 updated=0
    [CG] CG iter 15: obj=2861024.193362, maxRC=9082.925221, +4 cols
    [CG]   [DIAG] iter=15 posCols=4 newCols=4 effImprove=4 updated=0
    [CG] CG iter 16: obj=2862677.309139, maxRC=3190.095011, +1 cols
    [CG]   [DIAG] iter=16 posCols=1 newCols=1 effImprove=1 updated=0
    [CG] CG iter 17: obj=2862677.309139, maxRC=1722.257654, +2 cols
    [CG]   [DIAG] iter=17 posCols=2 newCols=2 effImprove=2 updated=0
    [CG] 列生成收敛，共 18 轮迭代
    [CG] [CG-NODE] depth=0 exit=CERTIFIED certified=1 feasible=1 iters=18 generatedColsBeforeNode=0 newCols=322 posCandidates=324 duplicateCandidates=2 updatedCols=2 zeroObjImproveIters=3 objFirst=1298774.147467 objLast=2862677.309139 objGain=1563903.161672 maxRC=1460318.783190 wallSec=0.180571 pricingSec=0.167694 cplexSolveSec=0.007860
      [BB] 根节点即为整数解，obj=2862677.309139
