    [CG] 列生成开始，初始列数=310
    [CG] CG iter 1: obj=1186416.048222, maxRC=1397818.989046, +30 cols
    [CG]   [DIAG] iter=1 posCols=30 newCols=30 effImprove=30 updated=0
    [CG] CG iter 2: obj=1886736.758139, maxRC=403239.341375, +27 cols
    [CG]   [DIAG] iter=2 posCols=27 newCols=27 effImprove=27 updated=0
    [CG] CG iter 3: obj=2056840.083150, maxRC=490204.511836, +30 cols
    [CG]   [DIAG] iter=3 posCols=30 newCols=30 effImprove=30 updated=0
    [CG] CG iter 4: obj=2222243.788458, maxRC=293222.029599, +28 cols
    [CG]   [DIAG] iter=4 posCols=28 newCols=27 effImprove=28 updated=1
    [CG] CG iter 5: obj=2382805.935474, maxRC=198474.746518, +27 cols
    [CG]   [DIAG] iter=5 posCols=27 newCols=27 effImprove=27 updated=0
    [CG] CG iter 6: obj=2439124.394902, maxRC=174114.122929, +25 cols
    [CG]   [DIAG] iter=6 posCols=25 newCols=25 effImprove=25 updated=0
    [CG] CG iter 7: obj=2538579.427809, maxRC=205711.485470, +24 cols
    [CG]   [DIAG] iter=7 posCols=24 newCols=24 effImprove=24 updated=0
    [CG] CG iter 8: obj=2587321.579533, maxRC=129991.822462, +24 cols
    [CG]   [DIAG] iter=8 posCols=24 newCols=24 effImprove=24 updated=0
    [CG] CG iter 9: obj=2592037.940429, maxRC=100292.267137, +18 cols
    [CG]   [DIAG] iter=9 posCols=18 newCols=17 effImprove=18 updated=1
    [CG] CG iter 10: obj=2599822.850675, maxRC=69320.942648, +15 cols
    [CG]   [DIAG] iter=10 posCols=15 newCols=15 effImprove=15 updated=0
    [CG] CG iter 11: obj=2603204.274667, maxRC=85109.079700, +12 cols
    [CG]   [DIAG] iter=11 posCols=12 newCols=12 effImprove=12 updated=0
    [CG] CG iter 12: obj=2615388.210759, maxRC=66106.812135, +13 cols
    [CG]   [DIAG] iter=12 posCols=13 newCols=13 effImprove=13 updated=0
    [CG] CG iter 13: obj=2623691.703278, maxRC=44259.239283, +12 cols
    [CG]   [DIAG] iter=13 posCols=12 newCols=12 effImprove=12 updated=0
    [CG] CG iter 14: obj=2627252.081018, maxRC=30550.165210, +9 cols
    [CG]   [DIAG] iter=14 posCols=9 newCols=9 effImprove=9 updated=0
    [CG] CG iter 15: obj=2642491.084079, maxRC=24708.131064, +9 cols
    [CG]   [DIAG] iter=15 posCols=9 newCols=9 effImprove=9 updated=0
    [CG] CG iter 16: obj=2654890.846964, maxRC=11627.693061, +8 cols
    [CG]   [DIAG] iter=16 posCols=8 newCols=8 effImprove=8 updated=0
    [CG] CG iter 17: obj=2660941.013216, maxRC=5944.257490, +4 cols
    [CG]   [DIAG] iter=17 posCols=4 newCols=4 effImprove=4 updated=0
    [CG] CG iter 18: obj=2660941.013216, maxRC=4058.705068, +2 cols
    [CG]   [DIAG] iter=18 posCols=2 newCols=2 effImprove=2 updated=0
    [CG] CG iter 19: obj=2662808.303634, maxRC=352.090676, +2 cols
    [CG]   [DIAG] iter=19 posCols=2 newCols=2 effImprove=2 updated=0
    [CG] CG iter 20: obj=2663160.394310, maxRC=229.586169, +1 cols
    [CG]   [DIAG] iter=20 posCols=1 newCols=1 effImprove=1 updated=0
    [CG] CG iter 21: obj=2663160.394310, maxRC=96.736549, +1 cols
    [CG]   [DIAG] iter=21 posCols=1 newCols=1 effImprove=1 updated=0
    [CG] 列生成收敛，共 22 轮迭代
    [CG] [CG-NODE] depth=0 exit=CERTIFIED certified=1 feasible=1 iters=22 generatedColsBeforeNode=0 newCols=319 posCandidates=321 duplicateCandidates=2 updatedCols=2 zeroObjImproveIters=3 objFirst=1186416.048222 objLast=2663160.394310 objGain=1476744.346088 maxRC=1397818.989046 wallSec=0.170534 pricingSec=0.156036 cplexSolveSec=0.009536
      [BB] 根节点即为整数解，obj=2663160.394310
