    [CG] 列生成开始，初始列数=310
    [CG] CG iter 1: obj=1294888.930058, maxRC=1460297.419410, +30 cols
    [CG]   [DIAG] iter=1 posCols=30 newCols=30 effImprove=30 updated=0
    [CG] CG iter 2: obj=2032590.911364, maxRC=372021.825049, +30 cols
    [CG]   [DIAG] iter=2 posCols=30 newCols=30 effImprove=30 updated=0
    [CG] CG iter 3: obj=2379206.812923, maxRC=350546.415734, +30 cols
    [CG]   [DIAG] iter=3 posCols=30 newCols=30 effImprove=30 updated=0
    [CG] CG iter 4: obj=2423958.198801, maxRC=246904.398863, +29 cols
    [CG]   [DIAG] iter=4 posCols=29 newCols=29 effImprove=29 updated=0
    [CG] CG iter 5: obj=2543952.113576, maxRC=167694.229767, +30 cols
    [CG]   [DIAG] iter=5 posCols=30 newCols=29 effImprove=30 updated=1
    [CG] CG iter 6: obj=2675501.184388, maxRC=105812.074529, +24 cols
    [CG]   [DIAG] iter=6 posCols=24 newCols=24 effImprove=24 updated=0
    [CG] CG iter 7: obj=2726764.970721, maxRC=94139.347455, +25 cols
    [CG]   [DIAG] iter=7 posCols=25 newCols=25 effImprove=25 updated=0
    [CG] CG iter 8: obj=2791792.371953, maxRC=85823.516418, +24 cols
    [CG]   [DIAG] iter=8 posCols=24 newCols=24 effImprove=24 updated=0
    [CG] CG iter 9: obj=2805886.023854, maxRC=51960.757410, +21 cols
    [CG]   [DIAG] iter=9 posCols=21 newCols=21 effImprove=21 updated=0
    [CG] CG iter 10: obj=2805886.023854, maxRC=50665.191945, +24 cols
    [CG]   [DIAG] iter=10 posCols=24 newCols=24 effImprove=24 updated=0
    [CG] CG iter 11: obj=2816481.178666, maxRC=20051.288270, +20 cols
    [CG]   [DIAG] iter=11 posCols=20 newCols=20 effImprove=20 updated=0
    [CG] CG iter 12: obj=2825756.634742, maxRC=35740.615174, +21 cols
    [CG]   [DIAG] iter=12 posCols=21 newCols=20 effImprove=21 updated=1
    [CG] CG iter 13: obj=2843756.640279, maxRC=44720.204358, +16 cols
    [CG]   [DIAG] iter=13 posCols=16 newCols=16 effImprove=16 updated=0
    [CG] CG iter 14: obj=2851930.183579, maxRC=4946.820538, +12 cols
    [CG]   [DIAG] iter=14 posCols=12 newCols=12 effImprove=12 updated=0
    [CG] 列生成收敛，共 15 轮迭代
    [CG] [CG-NODE] depth=0 exit=CERTIFIED certified=1 feasible=1 iters=15 generatedColsBeforeNode=0 newCols=334 posCandidates=336 duplicateCandidates=2 updatedCols=2 zeroObjImproveIters=1 objFirst=1294888.930058 objLast=2856111.254863 objGain=1561222.324805 maxRC=1460297.419410 wallSec=0.169556 pricingSec=0.157509 cplexSolveSec=0.007515
      [BB] 根节点即为整数解，obj=2856111.254863
