    [CG] 列生成开始，初始列数=310
    [CG] CG iter 1: obj=643985.623585, maxRC=981137.848169, +29 cols
    [CG]   [DIAG] iter=1 posCols=29 newCols=29 effImprove=29 updated=0
    [CG] CG iter 2: obj=1293936.227887, maxRC=319878.229456, +25 cols
    [CG]   [DIAG] iter=2 posCols=25 newCols=25 effImprove=25 updated=0
    [CG] CG iter 3: obj=1326028.394572, maxRC=316340.846548, +24 cols
    [CG]   [DIAG] iter=3 posCols=24 newCols=24 effImprove=24 updated=0
    [CG] CG iter 4: obj=1408794.720582, maxRC=173518.626995, +24 cols
    [CG]   [DIAG] iter=4 posCols=24 newCols=24 effImprove=24 updated=0
    [CG] CG iter 5: obj=1494598.216549, maxRC=151674.059957, +24 cols
    [CG]   [DIAG] iter=5 posCols=24 newCols=24 effImprove=24 updated=0
    [CG] CG iter 6: obj=1629092.120279, maxRC=86318.172500, +24 cols
    [CG]   [DIAG] iter=6 posCols=24 newCols=24 effImprove=24 updated=0
    [CG] CG iter 7: obj=1629504.936280, maxRC=88530.364684, +24 cols
    [CG]   [DIAG] iter=7 posCols=24 newCols=24 effImprove=24 updated=0
    [CG] CG iter 8: obj=1637374.131890, maxRC=84851.404237, +18 cols
    [CG]   [DIAG] iter=8 posCols=18 newCols=18 effImprove=18 updated=0
    [CG] CG iter 9: obj=1645636.615092, maxRC=85931.006980, +14 cols
    [CG]   [DIAG] iter=9 posCols=14 newCols=14 effImprove=14 updated=0
    [CG] CG iter 10: obj=1658451.307974, maxRC=28303.837835, +10 cols
    [CG]   [DIAG] iter=10 posCols=10 newCols=9 effImprove=10 updated=1
    [CG] CG iter 11: obj=1683497.897651, maxRC=37348.406409, +12 cols
    [CG]   [DIAG] iter=11 posCols=12 newCols=12 effImprove=12 updated=0
    [CG] CG iter 12: obj=1683497.897651, maxRC=49097.531395, +8 cols
    [CG]   [DIAG] iter=12 posCols=8 newCols=8 effImprove=8 updated=0
    [CG] CG iter 13: obj=1683946.320479, maxRC=53219.846195, +20 cols
    [CG]   [DIAG] iter=13 posCols=20 newCols=20 effImprove=20 updated=0
    [CG] CG iter 14: obj=1683946.320479, maxRC=31165.961390, +10 cols
    [CG]   [DIAG] iter=14 posCols=10 newCols=10 effImprove=10 updated=0
    [CG] CG iter 15: obj=1684432.262646, maxRC=15811.360392, +6 cols
    [CG]   [DIAG] iter=15 posCols=6 newCols=5 effImprove=6 updated=1
    [CG] CG iter 16: obj=1698359.902768, maxRC=18511.932662, +2 cols
    [CG]   [DIAG] iter=16 posCols=2 newCols=2 effImprove=2 updated=0
    [CG] CG iter 17: obj=1698359.902768, maxRC=2346.182419, +2 cols
    [CG]   [DIAG] iter=17 posCols=2 newCols=2 effImprove=2 updated=0
    [CG] CG iter 18: obj=1699271.157989, maxRC=176.528639, +1 cols
    [CG]   [DIAG] iter=18 posCols=1 newCols=1 effImprove=1 updated=0
    [CG] 列生成收敛，共 19 轮迭代
    [CG] [CG-NODE] depth=0 exit=CERTIFIED certified=1 feasible=1 iters=19 generatedColsBeforeNode=0 newCols=275 posCandidates=277 duplicateCandidates=2 updatedCols=2 zeroObjImproveIters=4 objFirst=643985.623585 objLast=1699271.157989 objGain=1055285.534404 maxRC=981137.848169 wallSec=0.186461 pricingSec=0.174724 cplexSolveSec=0.007772
      [BB] 分支定界开始，根节点LP obj=1699271.157989，最大节点数=10000
      [BB] 根节点启发式下界 LB=1560381.772170（上界=1699271.157989）
    [CG] [BB-DIAG] 分支 x_{dc=2,retailer=24}, 节点数=1
    [CG] 列生成开始，初始列数=565
    [CG] CG iter 20: obj=1697634.860161, maxRC=17662.564249, +13 cols
    [CG]   [DIAG] iter=20 posCols=13 newCols=13 effImprove=13 updated=0
    [CG] CG iter 21: obj=1697634.860161, maxRC=2609.297888, +3 cols
    [CG]   [DIAG] iter=21 posCols=3 newCols=3 effImprove=3 updated=0
    [CG] 列生成收敛，共 22 轮迭代
    [CG] [CG-NODE] depth=1 exit=CERTIFIED certified=1 feasible=1 iters=3 generatedColsBeforeNode=275 newCols=16 posCandidates=16 duplicateCandidates=0 updatedCols=0 zeroObjImproveIters=2 objFirst=1697634.860161 objLast=1697634.860161 objGain=0.000000 maxRC=17662.564249 wallSec=0.020360 pricingSec=0.017168 cplexSolveSec=0.002011
    [CG] 列生成开始，初始列数=548
    [CG] CG iter 23: obj=1695301.154075, maxRC=14947.890525, +12 cols
    [CG]   [DIAG] iter=23 posCols=12 newCols=11 effImprove=12 updated=1
    [CG] CG iter 24: obj=1697313.964987, maxRC=7376.021669, +3 cols
    [CG]   [DIAG] iter=24 posCols=3 newCols=3 effImprove=3 updated=0
    [CG] CG iter 25: obj=1697313.964987, maxRC=140.762120, +1 cols
    [CG]   [DIAG] iter=25 posCols=1 newCols=1 effImprove=1 updated=0
    [CG] 列生成收敛，共 26 轮迭代
    [CG] [CG-NODE] depth=1 exit=CERTIFIED certified=1 feasible=1 iters=4 generatedColsBeforeNode=291 newCols=15 posCandidates=16 duplicateCandidates=1 updatedCols=1 zeroObjImproveIters=2 objFirst=1695301.154075 objLast=1697313.964987 objGain=2012.810912 maxRC=14947.890525 wallSec=0.025838 pricingSec=0.022436 cplexSolveSec=0.002141
    [CG] [BB-DIAG] 分支 x_{dc=6,retailer=11}, 节点数=2
    [CG] 列生成开始，初始列数=553
    [CG] CG iter 27: obj=1693720.474156, maxRC=29511.587012, +16 cols
    [CG]   [DIAG] iter=27 posCols=16 newCols=16 effImprove=16 updated=0
    [CG] CG iter 28: obj=1693720.474156, maxRC=713.997197, +1 cols
    [CG]   [DIAG] iter=28 posCols=1 newCols=1 effImprove=1 updated=0
    [CG] 列生成收敛，共 29 轮迭代
    [CG] [CG-NODE] depth=2 exit=CERTIFIED certified=1 feasible=1 iters=3 generatedColsBeforeNode=306 newCols=17 posCandidates=17 duplicateCandidates=0 updatedCols=0 zeroObjImproveIters=2 objFirst=1693720.474156 objLast=1693720.474156 objGain=0.000000 maxRC=29511.587012 wallSec=0.021637 pricingSec=0.018804 cplexSolveSec=0.001757
    [CG] 列生成开始，初始列数=513
    [CG] CG iter 30: obj=1695301.154075, maxRC=17673.696591, +11 cols
    [CG]   [DIAG] iter=30 posCols=11 newCols=11 effImprove=11 updated=0
    [CG] 列生成收敛，共 31 轮迭代
    [CG] [CG-NODE] depth=2 exit=CERTIFIED certified=1 feasible=1 iters=2 generatedColsBeforeNode=323 newCols=11 posCandidates=11 duplicateCandidates=0 updatedCols=0 zeroObjImproveIters=1 objFirst=1695301.154075 objLast=1695301.154075 objGain=0.000000 maxRC=17673.696591 wallSec=0.015260 pricingSec=0.012480 cplexSolveSec=0.001787
    [CG] [BB-INCUMBENT] selection=3 node=2 previous=1560381.772170 value=1695301.154075 active=2
    [CG] [BB-NODESEL] strategy=hybrid choice=dfs eligibleCount=1 active=2 gap=0.001377
    [CG] [BB-INCUMBENT] selection=5 node=2 previous=1695301.154075 value=1697634.860161 active=0
      [BB] 分支定界结束：处理 5 节点，剪枝 1，剩余活跃 0，整数解 3，状态=OPTIMAL，最好可行 obj=1697634.860161，gap=0.000000
