    [CG] 列生成开始，初始列数=310
    [CG] CG iter 1: obj=643853.912945, maxRC=778705.980957, +30 cols
    [CG]   [DIAG] iter=1 posCols=30 newCols=30 effImprove=30 updated=0
    [CG] CG iter 2: obj=1140486.350868, maxRC=301909.260421, +27 cols
    [CG]   [DIAG] iter=2 posCols=27 newCols=27 effImprove=27 updated=0
    [CG] CG iter 3: obj=1390138.247580, maxRC=302896.881831, +30 cols
    [CG]   [DIAG] iter=3 posCols=30 newCols=30 effImprove=30 updated=0
    [CG] CG iter 4: obj=1457955.612900, maxRC=122433.913963, +27 cols
    [CG]   [DIAG] iter=4 posCols=27 newCols=27 effImprove=27 updated=0
    [CG] CG iter 5: obj=1481960.315206, maxRC=170762.498132, +26 cols
    [CG]   [DIAG] iter=5 posCols=26 newCols=25 effImprove=26 updated=1
    [CG] CG iter 6: obj=1534079.940935, maxRC=74853.062349, +24 cols
    [CG]   [DIAG] iter=6 posCols=24 newCols=24 effImprove=24 updated=0
    [CG] CG iter 7: obj=1578986.933532, maxRC=84000.331097, +22 cols
    [CG]   [DIAG] iter=7 posCols=22 newCols=22 effImprove=22 updated=0
    [CG] CG iter 8: obj=1587505.256573, maxRC=31323.494323, +19 cols
    [CG]   [DIAG] iter=8 posCols=19 newCols=19 effImprove=19 updated=0
    [CG] CG iter 9: obj=1607726.012804, maxRC=41524.694618, +16 cols
    [CG]   [DIAG] iter=9 posCols=16 newCols=16 effImprove=16 updated=0
    [CG] CG iter 10: obj=1613406.344157, maxRC=14033.267970, +10 cols
    [CG]   [DIAG] iter=10 posCols=10 newCols=10 effImprove=10 updated=0
    [CG] CG iter 11: obj=1635257.102533, maxRC=24314.559584, +7 cols
    [CG]   [DIAG] iter=11 posCols=7 newCols=7 effImprove=7 updated=0
    [CG] CG iter 12: obj=1635257.102533, maxRC=14595.266385, +7 cols
    [CG]   [DIAG] iter=12 posCols=7 newCols=7 effImprove=7 updated=0
    [CG] CG iter 13: obj=1635257.102533, maxRC=2844.874415, +3 cols
    [CG]   [DIAG] iter=13 posCols=3 newCols=3 effImprove=3 updated=0
    [CG] 列生成收敛，共 14 轮迭代
    [CG] [CG-NODE] depth=0 exit=CERTIFIED certified=1 feasible=1 iters=14 generatedColsBeforeNode=0 newCols=247 posCandidates=248 duplicateCandidates=1 updatedCols=1 zeroObjImproveIters=3 objFirst=643853.912945 objLast=1635257.102533 objGain=991403.189588 maxRC=778705.980957 wallSec=0.145921 pricingSec=0.135234 cplexSolveSec=0.006304
      [BB] 根节点即为整数解，obj=1635257.102533
