    [CG] 列生成开始，初始列数=310
    [CG] CG iter 1: obj=637310.469397, maxRC=978961.714314, +30 cols
    [CG]   [DIAG] iter=1 posCols=30 newCols=30 effImprove=30 updated=0
    [CG] CG iter 2: obj=1280007.507299, maxRC=443148.517555, +25 cols
    [CG]   [DIAG] iter=2 posCols=25 newCols=25 effImprove=25 updated=0
    [CG] CG iter 3: obj=1312483.657687, maxRC=305464.029761, +24 cols
    [CG]   [DIAG] iter=3 posCols=24 newCols=24 effImprove=24 updated=0
    [CG] CG iter 4: obj=1369961.839243, maxRC=254878.736148, +24 cols
    [CG]   [DIAG] iter=4 posCols=24 newCols=24 effImprove=24 updated=0
    [CG] CG iter 5: obj=1427080.852458, maxRC=198785.438164, +24 cols
    [CG]   [DIAG] iter=5 posCols=24 newCols=24 effImprove=24 updated=0
    [CG] CG iter 6: obj=1517032.391654, maxRC=101396.368009, +24 cols
    [CG]   [DIAG] iter=6 posCols=24 newCols=24 effImprove=24 updated=0
    [CG] CG iter 7: obj=1589958.681463, maxRC=110482.789057, +24 cols
    [CG]   [DIAG] iter=7 posCols=24 newCols=24 effImprove=24 updated=0
    [CG] CG iter 8: obj=1642169.201996, maxRC=102393.421964, +22 cols
    [CG]   [DIAG] iter=8 posCols=22 newCols=22 effImprove=22 updated=0
    [CG] CG iter 9: obj=1660871.799341, maxRC=56102.998667, +19 cols
    [CG]   [DIAG] iter=9 posCols=19 newCols=19 effImprove=19 updated=0
    [CG] CG iter 10: obj=1676091.442070, maxRC=40086.458205, +17 cols
    [CG]   [DIAG] iter=10 posCols=17 newCols=17 effImprove=17 updated=0
    [CG] CG iter 11: obj=1681713.378965, maxRC=33920.230429, +14 cols
    [CG]   [DIAG] iter=11 posCols=14 newCols=14 effImprove=14 updated=0
    [CG] CG iter 12: obj=1709374.136446, maxRC=42241.538351, +10 cols
    [CG]   [DIAG] iter=12 posCols=10 newCols=10 effImprove=10 updated=0
    [CG] CG iter 13: obj=1711727.348981, maxRC=16248.397676, +7 cols
    [CG]   [DIAG] iter=13 posCols=7 newCols=7 effImprove=7 updated=0
    [CG] CG iter 14: obj=1711727.348981, maxRC=11474.331527, +4 cols
    [CG]   [DIAG] iter=14 posCols=4 newCols=4 effImprove=4 updated=0
    [CG] CG iter 15: obj=1723201.680508, maxRC=3219.191541, +2 cols
    [CG]   [DIAG] iter=15 posCols=2 newCols=2 effImprove=2 updated=0
    [CG] CG iter 16: obj=1723201.680508, maxRC=2893.986163, +1 cols
    [CG]   [DIAG] iter=16 posCols=1 newCols=1 effImprove=1 updated=0
    [CG] CG iter 17: obj=1723201.680508, maxRC=21.050956, +1 cols
    [CG]   [DIAG] iter=17 posCols=1 newCols=1 effImprove=1 updated=0
    [CG] 列生成收敛，共 18 轮迭代
    [CG] [CG-NODE] depth=0 exit=CERTIFIED certified=1 feasible=1 iters=18 generatedColsBeforeNode=0 newCols=272 posCandidates=272 duplicateCandidates=0 updatedCols=0 zeroObjImproveIters=4 objFirst=637310.469397 objLast=1723201.680508 objGain=1085891.211111 maxRC=978961.714314 wallSec=0.256787 pricingSec=0.243161 cplexSolveSec=0.008731
      [BB] 分支定界开始，根节点LP obj=1723201.680508，最大节点数=10000
      [BB] 根节点启发式下界 LB=1519919.288850（上界=1723201.680508）
    [CG] [BB-DIAG] 分支 x_{dc=2,retailer=24}, 节点数=1
    [CG] 列生成开始，初始列数=555
    [CG] CG iter 19: obj=1719922.634513, maxRC=28214.362951, +21 cols
    [CG]   [DIAG] iter=19 posCols=21 newCols=21 effImprove=21 updated=0
    [CG] CG iter 20: obj=1719922.634513, maxRC=11113.187781, +9 cols
    [CG]   [DIAG] iter=20 posCols=9 newCols=9 effImprove=9 updated=0
    [CG] CG iter 21: obj=1719922.634513, maxRC=9659.848991, +3 cols
    [CG]   [DIAG] iter=21 posCols=3 newCols=3 effImprove=3 updated=0
    [CG] 列生成收敛，共 22 轮迭代
    [CG] [CG-NODE] depth=1 exit=CERTIFIED certified=1 feasible=1 iters=4 generatedColsBeforeNode=272 newCols=33 posCandidates=33 duplicateCandidates=0 updatedCols=0 zeroObjImproveIters=3 objFirst=1719922.634513 objLast=1719922.634513 objGain=0.000000 maxRC=28214.362951 wallSec=0.047899 pricingSec=0.042058 cplexSolveSec=0.003553
    [CG] 列生成开始，初始列数=547
    [CG] CG iter 23: obj=1720874.424760, maxRC=29919.799105, +14 cols
    [CG]   [DIAG] iter=23 posCols=14 newCols=14 effImprove=14 updated=0
    [CG] CG iter 24: obj=1722878.402134, maxRC=12594.129768, +7 cols
    [CG]   [DIAG] iter=24 posCols=7 newCols=7 effImprove=7 updated=0
    [CG] CG iter 25: obj=1722878.402134, maxRC=8683.118549, +4 cols
    [CG]   [DIAG] iter=25 posCols=4 newCols=4 effImprove=4 updated=0
    [CG] 列生成收敛，共 26 轮迭代
    [CG] [CG-NODE] depth=1 exit=CERTIFIED certified=1 feasible=1 iters=4 generatedColsBeforeNode=305 newCols=25 posCandidates=25 duplicateCandidates=0 updatedCols=0 zeroObjImproveIters=2 objFirst=1720874.424760 objLast=1722878.402134 objGain=2003.977374 maxRC=29919.799105 wallSec=0.028778 pricingSec=0.024974 cplexSolveSec=0.002552
    [CG] [BB-DIAG] 分支 x_{dc=6,retailer=11}, 节点数=2
    [CG] 列生成开始，初始列数=559
    [CG] CG iter 27: obj=1719276.077766, maxRC=9435.978014, +9 cols
    [CG]   [DIAG] iter=27 posCols=9 newCols=9 effImprove=9 updated=0
    [CG] CG iter 28: obj=1719276.077766, maxRC=3110.500970, +4 cols
    [CG]   [DIAG] iter=28 posCols=4 newCols=4 effImprove=4 updated=0
    [CG] CG iter 29: obj=1719276.077766, maxRC=10260.974757, +3 cols
    [CG]   [DIAG] iter=29 posCols=3 newCols=3 effImprove=3 updated=0
    [CG] CG iter 30: obj=1719276.077766, maxRC=1650.195643, +1 cols
    [CG]   [DIAG] iter=30 posCols=1 newCols=1 effImprove=1 updated=0
    [CG] CG iter 31: obj=1719276.077766, maxRC=1242.528017, +1 cols
    [CG]   [DIAG] iter=31 posCols=1 newCols=1 effImprove=1 updated=0
    [CG] CG iter 32: obj=1719276.077766, maxRC=624.729297, +1 cols
    [CG]   [DIAG] iter=32 posCols=1 newCols=1 effImprove=1 updated=0
    [CG] 列生成收敛，共 33 轮迭代
    [CG] [CG-NODE] depth=2 exit=CERTIFIED certified=1 feasible=1 iters=7 generatedColsBeforeNode=330 newCols=19 posCandidates=19 duplicateCandidates=0 updatedCols=0 zeroObjImproveIters=6 objFirst=1719276.077766 objLast=1719276.077766 objGain=0.000000 maxRC=10260.974757 wallSec=0.053773 pricingSec=0.049378 cplexSolveSec=0.002970
    [CG] 列生成开始，初始列数=525
    [CG] CG iter 34: obj=1720874.424760, maxRC=12762.091980, +10 cols
    [CG]   [DIAG] iter=34 posCols=10 newCols=10 effImprove=10 updated=0
    [CG] CG iter 35: obj=1720874.424760, maxRC=6190.954713, +2 cols
    [CG]   [DIAG] iter=35 posCols=2 newCols=2 effImprove=2 updated=0
    [CG] CG iter 36: obj=1720874.424760, maxRC=2495.264647, +5 cols
    [CG]   [DIAG] iter=36 posCols=5 newCols=5 effImprove=5 updated=0
    [CG] CG iter 37: obj=1720874.424760, maxRC=1333.015392, +1 cols
    [CG]   [DIAG] iter=37 posCols=1 newCols=1 effImprove=1 updated=0
    [CG] 列生成收敛，共 38 轮迭代
    [CG] [CG-NODE] depth=2 exit=CERTIFIED certified=1 feasible=1 iters=5 generatedColsBeforeNode=349 newCols=18 posCandidates=18 duplicateCandidates=0 updatedCols=0 zeroObjImproveIters=4 objFirst=1720874.424760 objLast=1720874.424760 objGain=0.000000 maxRC=12762.091980 wallSec=0.040819 pricingSec=0.037110 cplexSolveSec=0.002414
    [CG] [BB-INCUMBENT] selection=3 node=2 previous=1519919.288850 value=1720874.424760 active=2
    [CG] [BB-NODESEL] strategy=hybrid choice=dfs eligibleCount=1 active=2 gap=0.000000
      [BB] 分支定界结束：处理 5 节点，剪枝 2，剩余活跃 0，整数解 2，状态=OPTIMAL，最好可行 obj=1720874.424760，gap=0.000000
