    [CG] 列生成开始，初始列数=310
    [CG] CG iter 1: obj=609467.832861, maxRC=898792.221651, +30 cols
    [CG]   [DIAG] iter=1 posCols=30 newCols=30 effImprove=30 updated=0
    [CG] CG iter 2: obj=1198209.425396, maxRC=249127.335618, +25 cols
    [CG]   [DIAG] iter=2 posCols=25 newCols=25 effImprove=25 updated=0
    [CG] CG iter 3: obj=1272565.360960, maxRC=436607.329969, +25 cols
    [CG]   [DIAG] iter=3 posCols=25 newCols=25 effImprove=25 updated=0
    [CG] CG iter 4: obj=1444934.754840, maxRC=221351.890307, +24 cols
    [CG]   [DIAG] iter=4 posCols=24 newCols=24 effImprove=24 updated=0
    [CG] CG iter 5: obj=1457332.174402, maxRC=241767.750581, +24 cols
    [CG]   [DIAG] iter=5 posCols=24 newCols=24 effImprove=24 updated=0
    [CG] CG iter 6: obj=1538709.097566, maxRC=115087.195065, +24 cols
    [CG]   [DIAG] iter=6 posCols=24 newCols=24 effImprove=24 updated=0
    [CG] CG iter 7: obj=1588682.104762, maxRC=86310.375899, +21 cols
    [CG]   [DIAG] iter=7 posCols=21 newCols=21 effImprove=21 updated=0
    [CG] CG iter 8: obj=1632670.571355, maxRC=85334.387183, +24 cols
    [CG]   [DIAG] iter=8 posCols=24 newCols=24 effImprove=24 updated=0
    [CG] CG iter 9: obj=1685973.888478, maxRC=71921.081867, +22 cols
    [CG]   [DIAG] iter=9 posCols=22 newCols=21 effImprove=22 updated=1
    [CG] CG iter 10: obj=1700815.767947, maxRC=54886.368108, +15 cols
    [CG]   [DIAG] iter=10 posCols=15 newCols=15 effImprove=15 updated=0
    [CG] CG iter 11: obj=1700815.767947, maxRC=40761.050581, +14 cols
    [CG]   [DIAG] iter=11 posCols=14 newCols=14 effImprove=14 updated=0
    [CG] CG iter 12: obj=1708537.341849, maxRC=44309.998462, +19 cols
    [CG]   [DIAG] iter=12 posCols=19 newCols=19 effImprove=19 updated=0
    [CG] CG iter 13: obj=1708537.341849, maxRC=50022.424784, +10 cols
    [CG]   [DIAG] iter=13 posCols=10 newCols=10 effImprove=10 updated=0
    [CG] CG iter 14: obj=1708537.341849, maxRC=19764.370579, +8 cols
    [CG]   [DIAG] iter=14 posCols=8 newCols=7 effImprove=8 updated=1
    [CG] CG iter 15: obj=1708537.341849, maxRC=10391.650597, +5 cols
    [CG]   [DIAG] iter=15 posCols=5 newCols=5 effImprove=5 updated=0
    [CG] CG iter 16: obj=1708537.341849, maxRC=20049.618155, +8 cols
    [CG]   [DIAG] iter=16 posCols=8 newCols=8 effImprove=8 updated=0
    [CG] CG iter 17: obj=1717327.033203, maxRC=13857.755715, +7 cols
    [CG]   [DIAG] iter=17 posCols=7 newCols=7 effImprove=7 updated=0
    [CG] CG iter 18: obj=1717327.033203, maxRC=12839.495970, +7 cols
    [CG]   [DIAG] iter=18 posCols=7 newCols=6 effImprove=7 updated=1
    [CG] CG iter 19: obj=1718388.119898, maxRC=9036.412039, +6 cols
    [CG]   [DIAG] iter=19 posCols=6 newCols=6 effImprove=6 updated=0
    [CG] CG iter 20: obj=1723483.701778, maxRC=3170.091758, +3 cols
    [CG]   [DIAG] iter=20 posCols=3 newCols=3 effImprove=3 updated=0
    [CG] CG iter 21: obj=1723483.701778, maxRC=1545.271378, +3 cols
    [CG]   [DIAG] iter=21 posCols=3 newCols=3 effImprove=3 updated=0
    [CG] CG iter 22: obj=1723483.701778, maxRC=954.488504, +1 cols
    [CG]   [DIAG] iter=22 posCols=1 newCols=1 effImprove=1 updated=0
    [CG] CG iter 23: obj=1723483.701778, maxRC=1537.500907, +1 cols
    [CG]   [DIAG] iter=23 posCols=1 newCols=1 effImprove=1 updated=0
    [CG] 列生成收敛，共 24 轮迭代
    [CG] [CG-NODE] depth=0 exit=CERTIFIED certified=1 feasible=1 iters=24 generatedColsBeforeNode=0 newCols=323 posCandidates=326 duplicateCandidates=3 updatedCols=3 zeroObjImproveIters=10 objFirst=609467.832861 objLast=1723483.701778 objGain=1114015.868917 maxRC=898792.221651 wallSec=0.295522 pricingSec=0.264676 cplexSolveSec=0.009636
      [BB] 根节点即为整数解，obj=1723483.701778
