    [CG] 列生成开始，初始列数=310
    [CG] CG iter 1: obj=632164.108080, maxRC=959523.170095, +30 cols
    [CG]   [DIAG] iter=1 posCols=30 newCols=30 effImprove=30 updated=0
    [CG] CG iter 2: obj=1259587.785905, maxRC=357311.896613, +25 cols
    [CG]   [DIAG] iter=2 posCols=25 newCols=25 effImprove=25 updated=0
    [CG] CG iter 3: obj=1332053.427003, maxRC=366756.304940, +25 cols
    [CG]   [DIAG] iter=3 posCols=25 newCols=25 effImprove=25 updated=0
    [CG] CG iter 4: obj=1419792.814003, maxRC=231137.156530, +24 cols
    [CG]   [DIAG] iter=4 posCols=24 newCols=24 effImprove=24 updated=0
    [CG] CG iter 5: obj=1549473.688961, maxRC=169199.577701, +24 cols
    [CG]   [DIAG] iter=5 posCols=24 newCols=24 effImprove=24 updated=0
    [CG] CG iter 6: obj=1561966.023529, maxRC=115868.590212, +24 cols
    [CG]   [DIAG] iter=6 posCols=24 newCols=24 effImprove=24 updated=0
    [CG] CG iter 7: obj=1579764.478368, maxRC=101712.579642, +21 cols
    [CG]   [DIAG] iter=7 posCols=21 newCols=21 effImprove=21 updated=0
    [CG] CG iter 8: obj=1620827.838544, maxRC=103300.853117, +20 cols
    [CG]   [DIAG] iter=8 posCols=20 newCols=20 effImprove=20 updated=0
    [CG] CG iter 9: obj=1643106.255056, maxRC=71411.307121, +12 cols
    [CG]   [DIAG] iter=9 posCols=12 newCols=12 effImprove=12 updated=0
    [CG] CG iter 10: obj=1650239.009881, maxRC=58536.874773, +14 cols
    [CG]   [DIAG] iter=10 posCols=14 newCols=14 effImprove=14 updated=0
    [CG] CG iter 11: obj=1662261.401268, maxRC=84498.129286, +15 cols
    [CG]   [DIAG] iter=11 posCols=15 newCols=15 effImprove=15 updated=0
    [CG] CG iter 12: obj=1674459.433518, maxRC=40843.720209, +12 cols
    [CG]   [DIAG] iter=12 posCols=12 newCols=12 effImprove=12 updated=0
    [CG] CG iter 13: obj=1693745.446908, maxRC=16201.318969, +10 cols
    [CG]   [DIAG] iter=13 posCols=10 newCols=10 effImprove=10 updated=0
    [CG] CG iter 14: obj=1709946.765877, maxRC=11424.944738, +6 cols
    [CG]   [DIAG] iter=14 posCols=6 newCols=6 effImprove=6 updated=0
    [CG] CG iter 15: obj=1709946.765877, maxRC=10578.583619, +5 cols
    [CG]   [DIAG] iter=15 posCols=5 newCols=5 effImprove=5 updated=0
    [CG] CG iter 16: obj=1710647.941862, maxRC=2403.500536, +2 cols
    [CG]   [DIAG] iter=16 posCols=2 newCols=2 effImprove=2 updated=0
    [CG] CG iter 17: obj=1712467.834570, maxRC=3075.882299, +4 cols
    [CG]   [DIAG] iter=17 posCols=4 newCols=4 effImprove=4 updated=0
    [CG] CG iter 18: obj=1712467.834570, maxRC=1072.852991, +1 cols
    [CG]   [DIAG] iter=18 posCols=1 newCols=1 effImprove=1 updated=0
    [CG] 列生成收敛，共 19 轮迭代
    [CG] [CG-NODE] depth=0 exit=CERTIFIED certified=1 feasible=1 iters=19 generatedColsBeforeNode=0 newCols=274 posCandidates=274 duplicateCandidates=0 updatedCols=0 zeroObjImproveIters=3 objFirst=632164.108080 objLast=1712467.834570 objGain=1080303.726490 maxRC=959523.170095 wallSec=0.246053 pricingSec=0.233530 cplexSolveSec=0.007837
      [BB] 分支定界开始，根节点LP obj=1712467.834570，最大节点数=10000
      [BB] 根节点启发式下界 LB=1573586.186229（上界=1712467.834570）
    [CG] [BB-DIAG] 分支 x_{dc=2,retailer=24}, 节点数=1
    [CG] 列生成开始，初始列数=570
    [CG] CG iter 20: obj=1710823.799264, maxRC=68960.786358, +23 cols
    [CG]   [DIAG] iter=20 posCols=23 newCols=23 effImprove=23 updated=0
    [CG] CG iter 21: obj=1710823.799264, maxRC=23868.428148, +14 cols
    [CG]   [DIAG] iter=21 posCols=14 newCols=14 effImprove=14 updated=0
    [CG] CG iter 22: obj=1710823.799264, maxRC=12950.316475, +6 cols
    [CG]   [DIAG] iter=22 posCols=6 newCols=5 effImprove=6 updated=1
    [CG] CG iter 23: obj=1710823.799264, maxRC=3969.830262, +4 cols
    [CG]   [DIAG] iter=23 posCols=4 newCols=4 effImprove=4 updated=0
    [CG] CG iter 24: obj=1710823.799264, maxRC=7586.472210, +2 cols
    [CG]   [DIAG] iter=24 posCols=2 newCols=2 effImprove=2 updated=0
    [CG] CG iter 25: obj=1710823.799264, maxRC=3358.221278, +1 cols
    [CG]   [DIAG] iter=25 posCols=1 newCols=1 effImprove=1 updated=0
    [CG] CG iter 26: obj=1710823.799264, maxRC=3122.597056, +2 cols
    [CG]   [DIAG] iter=26 posCols=2 newCols=2 effImprove=2 updated=0
    [CG] CG iter 27: obj=1710823.799264, maxRC=1006.704063, +2 cols
    [CG]   [DIAG] iter=27 posCols=2 newCols=2 effImprove=2 updated=0
    [CG] 列生成收敛，共 28 轮迭代
    [CG] [CG-NODE] depth=1 exit=CERTIFIED certified=1 feasible=1 iters=9 generatedColsBeforeNode=274 newCols=53 posCandidates=54 duplicateCandidates=1 updatedCols=1 zeroObjImproveIters=8 objFirst=1710823.799264 objLast=1710823.799264 objGain=0.000000 maxRC=68960.786358 wallSec=0.060828 pricingSec=0.054841 cplexSolveSec=0.004030
    [CG] 列生成开始，初始列数=548
    [CG] CG iter 29: obj=1708505.568134, maxRC=45340.036596, +20 cols
    [CG]   [DIAG] iter=29 posCols=20 newCols=20 effImprove=20 updated=0
    [CG] CG iter 30: obj=1708505.568134, maxRC=24803.567787, +12 cols
    [CG]   [DIAG] iter=30 posCols=12 newCols=12 effImprove=12 updated=0
    [CG] CG iter 31: obj=1710425.705654, maxRC=11104.380418, +6 cols
    [CG]   [DIAG] iter=31 posCols=6 newCols=6 effImprove=6 updated=0
    [CG] CG iter 32: obj=1710425.705654, maxRC=4180.340283, +6 cols
    [CG]   [DIAG] iter=32 posCols=6 newCols=6 effImprove=6 updated=0
    [CG] CG iter 33: obj=1710425.705654, maxRC=2768.249415, +3 cols
    [CG]   [DIAG] iter=33 posCols=3 newCols=3 effImprove=3 updated=0
    [CG] 列生成收敛，共 34 轮迭代
    [CG] [CG-NODE] depth=1 exit=CERTIFIED certified=1 feasible=1 iters=6 generatedColsBeforeNode=327 newCols=47 posCandidates=47 duplicateCandidates=0 updatedCols=0 zeroObjImproveIters=4 objFirst=1708505.568134 objLast=1710425.705654 objGain=1920.137519 maxRC=45340.036596 wallSec=0.038199 pricingSec=0.033726 cplexSolveSec=0.003003
    [CG] [BB-DIAG] 分支 x_{dc=6,retailer=11}, 节点数=2
    [CG] 列生成开始，初始列数=581
    [CG] CG iter 35: obj=1706739.541431, maxRC=18621.958012, +14 cols
    [CG]   [DIAG] iter=35 posCols=14 newCols=14 effImprove=14 updated=0
    [CG] CG iter 36: obj=1706739.541431, maxRC=12560.565305, +6 cols
    [CG]   [DIAG] iter=36 posCols=6 newCols=6 effImprove=6 updated=0
    [CG] CG iter 37: obj=1706739.541431, maxRC=6731.894630, +4 cols
    [CG]   [DIAG] iter=37 posCols=4 newCols=4 effImprove=4 updated=0
    [CG] CG iter 38: obj=1706739.541431, maxRC=5593.665828, +1 cols
    [CG]   [DIAG] iter=38 posCols=1 newCols=1 effImprove=1 updated=0
    [CG] 列生成收敛，共 39 轮迭代
    [CG] [CG-NODE] depth=2 exit=CERTIFIED certified=1 feasible=1 iters=5 generatedColsBeforeNode=374 newCols=25 posCandidates=25 duplicateCandidates=0 updatedCols=0 zeroObjImproveIters=4 objFirst=1706739.541431 objLast=1706739.541431 objGain=0.000000 maxRC=18621.958012 wallSec=0.037159 pricingSec=0.033072 cplexSolveSec=0.002694
    [CG] 列生成开始，初始列数=553
    [CG] CG iter 40: obj=1708505.568134, maxRC=25677.192160, +14 cols
    [CG]   [DIAG] iter=40 posCols=14 newCols=14 effImprove=14 updated=0
    [CG] CG iter 41: obj=1708505.568134, maxRC=12028.567634, +10 cols
    [CG]   [DIAG] iter=41 posCols=10 newCols=10 effImprove=10 updated=0
    [CG] CG iter 42: obj=1708505.568134, maxRC=11277.200407, +7 cols
    [CG]   [DIAG] iter=42 posCols=7 newCols=7 effImprove=7 updated=0
    [CG] CG iter 43: obj=1708505.568134, maxRC=3846.584378, +6 cols
    [CG]   [DIAG] iter=43 posCols=6 newCols=6 effImprove=6 updated=0
    [CG] 列生成收敛，共 44 轮迭代
    [CG] [CG-NODE] depth=2 exit=CERTIFIED certified=1 feasible=1 iters=5 generatedColsBeforeNode=399 newCols=37 posCandidates=37 duplicateCandidates=0 updatedCols=0 zeroObjImproveIters=4 objFirst=1708505.568134 objLast=1708505.568134 objGain=0.000000 maxRC=25677.192160 wallSec=0.038134 pricingSec=0.033925 cplexSolveSec=0.002862
    [CG] [BB-INCUMBENT] selection=3 node=2 previous=1573586.186229 value=1708505.568134 active=2
    [CG] [BB-NODESEL] strategy=hybrid choice=dfs eligibleCount=1 active=2 gap=0.001357
    [CG] [BB-INCUMBENT] selection=5 node=2 previous=1708505.568134 value=1710823.799264 active=0
      [BB] 分支定界结束：处理 5 节点，剪枝 1，剩余活跃 0，整数解 3，状态=OPTIMAL，最好可行 obj=1710823.799264，gap=0.000000
