    [CG] 列生成开始，初始列数=310
    [CG] CG iter 1: obj=621590.411673, maxRC=966942.040166, +29 cols
    [CG]   [DIAG] iter=1 posCols=29 newCols=29 effImprove=29 updated=0
    [CG] CG iter 2: obj=1266287.534669, maxRC=393831.102220, +25 cols
    [CG]   [DIAG] iter=2 posCols=25 newCols=25 effImprove=25 updated=0
    [CG] CG iter 3: obj=1299933.174950, maxRC=306809.727417, +25 cols
    [CG]   [DIAG] iter=3 posCols=25 newCols=25 effImprove=25 updated=0
    [CG] CG iter 4: obj=1373611.226210, maxRC=205855.755066, +25 cols
    [CG]   [DIAG] iter=4 posCols=25 newCols=25 effImprove=25 updated=0
    [CG] CG iter 5: obj=1449816.099474, maxRC=183681.641295, +24 cols
    [CG]   [DIAG] iter=5 posCols=24 newCols=24 effImprove=24 updated=0
    [CG] CG iter 6: obj=1497222.573302, maxRC=160742.125659, +23 cols
    [CG]   [DIAG] iter=6 posCols=23 newCols=23 effImprove=23 updated=0
    [CG] CG iter 7: obj=1538518.355689, maxRC=95105.496502, +20 cols
    [CG]   [DIAG] iter=7 posCols=20 newCols=20 effImprove=20 updated=0
    [CG] CG iter 8: obj=1602514.686365, maxRC=101959.497088, +20 cols
    [CG]   [DIAG] iter=8 posCols=20 newCols=20 effImprove=20 updated=0
    [CG] CG iter 9: obj=1648051.475420, maxRC=76972.583866, +18 cols
    [CG]   [DIAG] iter=9 posCols=18 newCols=18 effImprove=18 updated=0
    [CG] CG iter 10: obj=1672732.659860, maxRC=60403.838149, +19 cols
    [CG]   [DIAG] iter=10 posCols=19 newCols=19 effImprove=19 updated=0
    [CG] CG iter 11: obj=1673645.987614, maxRC=49480.128223, +12 cols
    [CG]   [DIAG] iter=11 posCols=12 newCols=12 effImprove=12 updated=0
    [CG] CG iter 12: obj=1686436.684010, maxRC=27810.950499, +9 cols
    [CG]   [DIAG] iter=12 posCols=9 newCols=9 effImprove=9 updated=0
    [CG] CG iter 13: obj=1704201.057343, maxRC=38876.816725, +10 cols
    [CG]   [DIAG] iter=13 posCols=10 newCols=10 effImprove=10 updated=0
    [CG] CG iter 14: obj=1705842.750217, maxRC=21640.069986, +9 cols
    [CG]   [DIAG] iter=14 posCols=9 newCols=9 effImprove=9 updated=0
    [CG] CG iter 15: obj=1707628.486140, maxRC=12562.733660, +7 cols
    [CG]   [DIAG] iter=15 posCols=7 newCols=6 effImprove=7 updated=1
    [CG] CG iter 16: obj=1727528.348850, maxRC=8618.459183, +3 cols
    [CG]   [DIAG] iter=16 posCols=3 newCols=3 effImprove=3 updated=0
    [CG] CG iter 17: obj=1727528.348850, maxRC=4373.651344, +4 cols
    [CG]   [DIAG] iter=17 posCols=4 newCols=4 effImprove=4 updated=0
    [CG] CG iter 18: obj=1727528.348850, maxRC=1362.704923, +1 cols
    [CG]   [DIAG] iter=18 posCols=1 newCols=1 effImprove=1 updated=0
    [CG] 列生成收敛，共 19 轮迭代
    [CG] [CG-NODE] depth=0 exit=CERTIFIED certified=1 feasible=1 iters=19 generatedColsBeforeNode=0 newCols=282 posCandidates=283 duplicateCandidates=1 updatedCols=1 zeroObjImproveIters=3 objFirst=621590.411673 objLast=1727528.348850 objGain=1105937.937177 maxRC=966942.040166 wallSec=0.223999 pricingSec=0.211297 cplexSolveSec=0.007919
      [BB] 根节点即为整数解，obj=1727528.348850
