    [CG] 列生成开始，初始列数=310
    [CG] CG iter 1: obj=936930.074990, maxRC=1484380.241140, +30 cols
    [CG]   [DIAG] iter=1 posCols=30 newCols=30 effImprove=30 updated=0
    [CG] CG iter 2: obj=1905534.930692, maxRC=237043.661629, +29 cols
    [CG]   [DIAG] iter=2 posCols=29 newCols=29 effImprove=29 updated=0
    [CG] CG iter 3: obj=2051888.669997, maxRC=226208.263639, +30 cols
    [CG]   [DIAG] iter=3 posCols=30 newCols=30 effImprove=30 updated=0
    [CG] CG iter 4: obj=2128766.359051, maxRC=164098.400222, +26 cols
    [CG]   [DIAG] iter=4 posCols=26 newCols=26 effImprove=26 updated=0
    [CG] CG iter 5: obj=2212766.823835, maxRC=91024.661065, +23 cols
    [CG]   [DIAG] iter=5 posCols=23 newCols=23 effImprove=23 updated=0
    [CG] CG iter 6: obj=2250410.464618, maxRC=115879.632996, +23 cols
    [CG]   [DIAG] iter=6 posCols=23 newCols=22 effImprove=23 updated=1
    [CG] CG iter 7: obj=2268051.432604, maxRC=65714.034446, +19 cols
    [CG]   [DIAG] iter=7 posCols=19 newCols=18 effImprove=19 updated=1
    [CG] CG iter 8: obj=2295140.008731, maxRC=75520.197437, +19 cols
    [CG]   [DIAG] iter=8 posCols=19 newCols=19 effImprove=19 updated=0
    [CG] CG iter 9: obj=2310424.579747, maxRC=33560.083109, +13 cols
    [CG]   [DIAG] iter=9 posCols=13 newCols=13 effImprove=13 updated=0
    [CG] CG iter 10: obj=2324841.564492, maxRC=24291.380309, +12 cols
    [CG]   [DIAG] iter=10 posCols=12 newCols=12 effImprove=12 updated=0
    [CG] CG iter 11: obj=2333752.025403, maxRC=19020.785521, +11 cols
    [CG]   [DIAG] iter=11 posCols=11 newCols=10 effImprove=11 updated=1
    [CG] CG iter 12: obj=2352133.655102, maxRC=12167.615640, +8 cols
    [CG]   [DIAG] iter=12 posCols=8 newCols=8 effImprove=8 updated=0
    [CG] CG iter 13: obj=2358247.869868, maxRC=4311.778272, +3 cols
    [CG]   [DIAG] iter=13 posCols=3 newCols=3 effImprove=3 updated=0
    [CG] CG iter 14: obj=2358247.869868, maxRC=2412.040298, +4 cols
    [CG]   [DIAG] iter=14 posCols=4 newCols=3 effImprove=4 updated=1
    [CG] CG iter 15: obj=2358247.869868, maxRC=1801.220219, +1 cols
    [CG]   [DIAG] iter=15 posCols=1 newCols=1 effImprove=1 updated=0
    [CG] CG iter 16: obj=2358247.869868, maxRC=2122.163093, +1 cols
    [CG]   [DIAG] iter=16 posCols=1 newCols=1 effImprove=1 updated=0
    [CG] CG iter 17: obj=2358247.869868, maxRC=1342.019254, +1 cols
    [CG]   [DIAG] iter=17 posCols=1 newCols=1 effImprove=1 updated=0
    [CG] 列生成收敛，共 18 轮迭代
    [CG] [CG-NODE] depth=0 exit=CERTIFIED certified=1 feasible=1 iters=18 generatedColsBeforeNode=0 newCols=249 posCandidates=253 duplicateCandidates=4 updatedCols=4 zeroObjImproveIters=5 objFirst=936930.074990 objLast=2358247.869868 objGain=1421317.794877 maxRC=1484380.241140 wallSec=0.213384 pricingSec=0.200827 cplexSolveSec=0.007863
      [BB] 根节点即为整数解，obj=2358247.869868
