    [CG] 列生成开始，初始列数=310
    [CG] CG iter 1: obj=928088.812112, maxRC=1478180.737473, +30 cols
    [CG]   [DIAG] iter=1 posCols=30 newCols=30 effImprove=30 updated=0
    [CG] CG iter 2: obj=1893667.003858, maxRC=226814.694578, +27 cols
    [CG]   [DIAG] iter=2 posCols=27 newCols=27 effImprove=27 updated=0
    [CG] CG iter 3: obj=2050743.587054, maxRC=289772.581712, +29 cols
    [CG]   [DIAG] iter=3 posCols=29 newCols=29 effImprove=29 updated=0
    [CG] CG iter 4: obj=2110882.440295, maxRC=162090.134805, +24 cols
    [CG]   [DIAG] iter=4 posCols=24 newCols=24 effImprove=24 updated=0
    [CG] CG iter 5: obj=2215726.074461, maxRC=144549.582165, +26 cols
    [CG]   [DIAG] iter=5 posCols=26 newCols=26 effImprove=26 updated=0
    [CG] CG iter 6: obj=2238674.514344, maxRC=81535.260378, +22 cols
    [CG]   [DIAG] iter=6 posCols=22 newCols=21 effImprove=22 updated=1
    [CG] CG iter 7: obj=2276000.998136, maxRC=90842.539817, +20 cols
    [CG]   [DIAG] iter=7 posCols=20 newCols=19 effImprove=20 updated=1
    [CG] CG iter 8: obj=2297707.942634, maxRC=44597.033127, +18 cols
    [CG]   [DIAG] iter=8 posCols=18 newCols=18 effImprove=18 updated=0
    [CG] CG iter 9: obj=2311016.989019, maxRC=47868.126850, +15 cols
    [CG]   [DIAG] iter=9 posCols=15 newCols=15 effImprove=15 updated=0
    [CG] CG iter 10: obj=2331451.975916, maxRC=40695.477339, +17 cols
    [CG]   [DIAG] iter=10 posCols=17 newCols=17 effImprove=17 updated=0
    [CG] CG iter 11: obj=2331451.975916, maxRC=23585.820588, +19 cols
    [CG]   [DIAG] iter=11 posCols=19 newCols=19 effImprove=19 updated=0
    [CG] CG iter 12: obj=2347634.503764, maxRC=30130.335564, +12 cols
    [CG]   [DIAG] iter=12 posCols=12 newCols=12 effImprove=12 updated=0
    [CG] CG iter 13: obj=2357463.937054, maxRC=10737.664849, +6 cols
    [CG]   [DIAG] iter=13 posCols=6 newCols=5 effImprove=6 updated=1
    [CG] CG iter 14: obj=2360449.652282, maxRC=3935.908813, +5 cols
    [CG]   [DIAG] iter=14 posCols=5 newCols=5 effImprove=5 updated=0
    [CG] CG iter 15: obj=2362010.169047, maxRC=457.788403, +1 cols
    [CG]   [DIAG] iter=15 posCols=1 newCols=1 effImprove=1 updated=0
    [CG] 列生成收敛，共 16 轮迭代
    [CG] [CG-NODE] depth=0 exit=CERTIFIED certified=1 feasible=1 iters=16 generatedColsBeforeNode=0 newCols=268 posCandidates=271 duplicateCandidates=3 updatedCols=3 zeroObjImproveIters=2 objFirst=928088.812112 objLast=2362010.169047 objGain=1433921.356935 maxRC=1478180.737473 wallSec=0.199211 pricingSec=0.187929 cplexSolveSec=0.006899
      [BB] 根节点即为整数解，obj=2362010.169047
