    [CG] 列生成开始，初始列数=310
    [CG] CG iter 1: obj=929372.795223, maxRC=1469772.660674, +30 cols
    [CG]   [DIAG] iter=1 posCols=30 newCols=30 effImprove=30 updated=0
    [CG] CG iter 2: obj=1912936.890805, maxRC=232908.712544, +29 cols
    [CG]   [DIAG] iter=2 posCols=29 newCols=29 effImprove=29 updated=0
    [CG] CG iter 3: obj=2075806.059187, maxRC=344264.958199, +30 cols
    [CG]   [DIAG] iter=3 posCols=30 newCols=30 effImprove=30 updated=0
    [CG] CG iter 4: obj=2105768.924723, maxRC=168571.990069, +26 cols
    [CG]   [DIAG] iter=4 posCols=26 newCols=26 effImprove=26 updated=0
    [CG] CG iter 5: obj=2185206.831274, maxRC=94080.365000, +26 cols
    [CG]   [DIAG] iter=5 posCols=26 newCols=25 effImprove=26 updated=1
    [CG] CG iter 6: obj=2235383.853325, maxRC=84917.788917, +22 cols
    [CG]   [DIAG] iter=6 posCols=22 newCols=20 effImprove=22 updated=2
    [CG] CG iter 7: obj=2307619.784074, maxRC=43463.545286, +16 cols
    [CG]   [DIAG] iter=7 posCols=16 newCols=16 effImprove=16 updated=0
    [CG] CG iter 8: obj=2332202.585102, maxRC=29313.620633, +24 cols
    [CG]   [DIAG] iter=8 posCols=24 newCols=24 effImprove=24 updated=0
    [CG] CG iter 9: obj=2340278.487406, maxRC=14774.372637, +15 cols
    [CG]   [DIAG] iter=9 posCols=15 newCols=15 effImprove=15 updated=0
    [CG] CG iter 10: obj=2345107.373241, maxRC=2522.182345, +5 cols
    [CG]   [DIAG] iter=10 posCols=5 newCols=5 effImprove=5 updated=0
    [CG] 列生成收敛，共 11 轮迭代
    [CG] [CG-NODE] depth=0 exit=CERTIFIED certified=1 feasible=1 iters=11 generatedColsBeforeNode=0 newCols=220 posCandidates=223 duplicateCandidates=3 updatedCols=3 zeroObjImproveIters=0 objFirst=929372.795223 objLast=2346772.545593 objGain=1417399.750369 maxRC=1469772.660674 wallSec=0.182606 pricingSec=0.172401 cplexSolveSec=0.005891
      [BB] 根节点即为整数解，obj=2346772.545593
