    [CG] 列生成开始，初始列数=310
    [CG] CG iter 1: obj=933117.619200, maxRC=1472924.205643, +30 cols
    [CG]   [DIAG] iter=1 posCols=30 newCols=30 effImprove=30 updated=0
    [CG] CG iter 2: obj=1901946.207399, maxRC=219501.500261, +28 cols
    [CG]   [DIAG] iter=2 posCols=28 newCols=28 effImprove=28 updated=0
    [CG] CG iter 3: obj=2037952.326949, maxRC=325665.200799, +30 cols
    [CG]   [DIAG] iter=3 posCols=30 newCols=30 effImprove=30 updated=0
    [CG] CG iter 4: obj=2075558.884180, maxRC=199321.351328, +26 cols
    [CG]   [DIAG] iter=4 posCols=26 newCols=26 effImprove=26 updated=0
    [CG] CG iter 5: obj=2148256.451684, maxRC=86944.665657, +24 cols
    [CG]   [DIAG] iter=5 posCols=24 newCols=24 effImprove=24 updated=0
    [CG] CG iter 6: obj=2235683.874859, maxRC=123434.670856, +25 cols
    [CG]   [DIAG] iter=6 posCols=25 newCols=25 effImprove=25 updated=0
    [CG] CG iter 7: obj=2286084.666436, maxRC=83336.322918, +21 cols
    [CG]   [DIAG] iter=7 posCols=21 newCols=20 effImprove=21 updated=1
    [CG] CG iter 8: obj=2318509.277146, maxRC=94824.070015, +23 cols
    [CG]   [DIAG] iter=8 posCols=23 newCols=23 effImprove=23 updated=0
    [CG] CG iter 9: obj=2328585.778961, maxRC=75245.490594, +19 cols
    [CG]   [DIAG] iter=9 posCols=19 newCols=19 effImprove=19 updated=0
    [CG] CG iter 10: obj=2335374.388637, maxRC=25728.962809, +12 cols
    [CG]   [DIAG] iter=10 posCols=12 newCols=12 effImprove=12 updated=0
    [CG] CG iter 11: obj=2335374.388637, maxRC=28504.774032, +12 cols
    [CG]   [DIAG] iter=11 posCols=12 newCols=12 effImprove=12 updated=0
    [CG] CG iter 12: obj=2340346.361939, maxRC=6373.994258, +6 cols
    [CG]   [DIAG] iter=12 posCols=6 newCols=6 effImprove=6 updated=0
    [CG] 列生成收敛，共 13 轮迭代
    [CG] [CG-NODE] depth=0 exit=CERTIFIED certified=1 feasible=1 iters=13 generatedColsBeforeNode=0 newCols=255 posCandidates=256 duplicateCandidates=1 updatedCols=1 zeroObjImproveIters=1 objFirst=933117.619200 objLast=2346720.356197 objGain=1413602.736998 maxRC=1472924.205643 wallSec=0.162884 pricingSec=0.154708 cplexSolveSec=0.005444
      [BB] 根节点即为整数解，obj=2346720.356197
