    [CG] 列生成开始，初始列数=310
    [CG] CG iter 1: obj=463682.752340, maxRC=1330203.086468, +27 cols
    [CG]   [DIAG] iter=1 posCols=27 newCols=27 effImprove=27 updated=0
    [CG] CG iter 2: obj=1469527.284575, maxRC=525659.792377, +15 cols
    [CG]   [DIAG] iter=2 posCols=15 newCols=15 effImprove=15 updated=0
    [CG] CG iter 3: obj=1526969.877576, maxRC=695938.566884, +21 cols
    [CG]   [DIAG] iter=3 posCols=21 newCols=21 effImprove=21 updated=0
    [CG] CG iter 4: obj=1639627.734183, maxRC=679963.461304, +13 cols
    [CG]   [DIAG] iter=4 posCols=13 newCols=13 effImprove=13 updated=0
    [CG] CG iter 5: obj=1699523.018082, maxRC=604040.955423, +15 cols
    [CG]   [DIAG] iter=5 posCols=15 newCols=15 effImprove=15 updated=0
    [CG] CG iter 6: obj=1699523.018082, maxRC=497263.729701, +13 cols
    [CG]   [DIAG] iter=6 posCols=13 newCols=13 effImprove=13 updated=0
    [CG] CG iter 7: obj=1699523.018082, maxRC=444035.669989, +15 cols
    [CG]   [DIAG] iter=7 posCols=15 newCols=15 effImprove=15 updated=0
    [CG] CG iter 8: obj=1699523.018082, maxRC=481703.961141, +13 cols
    [CG]   [DIAG] iter=8 posCols=13 newCols=13 effImprove=13 updated=0
    [CG] CG iter 9: obj=1699523.018082, maxRC=367622.730973, +12 cols
    [CG]   [DIAG] iter=9 posCols=12 newCols=12 effImprove=12 updated=0
    [CG] CG iter 10: obj=1699523.018082, maxRC=396508.865464, +12 cols
    [CG]   [DIAG] iter=10 posCols=12 newCols=12 effImprove=12 updated=0
    [CG] CG iter 11: obj=1699523.018082, maxRC=455220.976270, +12 cols
    [CG]   [DIAG] iter=11 posCols=12 newCols=12 effImprove=12 updated=0
    [CG] CG iter 12: obj=1705461.560729, maxRC=197661.640782, +15 cols
    [CG]   [DIAG] iter=12 posCols=15 newCols=15 effImprove=15 updated=0
    [CG] CG iter 13: obj=1705461.560729, maxRC=103399.165652, +14 cols
    [CG]   [DIAG] iter=13 posCols=14 newCols=14 effImprove=14 updated=0
    [CG] CG iter 14: obj=1705461.560729, maxRC=99959.402085, +12 cols
    [CG]   [DIAG] iter=14 posCols=12 newCols=12 effImprove=12 updated=0
    [CG] CG iter 15: obj=1705461.560729, maxRC=53701.335870, +9 cols
    [CG]   [DIAG] iter=15 posCols=9 newCols=9 effImprove=9 updated=0
    [CG] CG iter 16: obj=1705461.560729, maxRC=93459.918727, +6 cols
    [CG]   [DIAG] iter=16 posCols=6 newCols=6 effImprove=6 updated=0
    [CG] CG iter 17: obj=1705461.560729, maxRC=104815.721169, +7 cols
    [CG]   [DIAG] iter=17 posCols=7 newCols=7 effImprove=7 updated=0
    [CG] CG iter 18: obj=1705916.894811, maxRC=46614.362099, +6 cols
    [CG]   [DIAG] iter=18 posCols=6 newCols=6 effImprove=6 updated=0
    [CG] CG iter 19: obj=1709990.969491, maxRC=47544.906254, +7 cols
    [CG]   [DIAG] iter=19 posCols=7 newCols=7 effImprove=7 updated=0
    [CG] CG iter 20: obj=1714136.629545, maxRC=49790.827024, +9 cols
    [CG]   [DIAG] iter=20 posCols=9 newCols=9 effImprove=9 updated=0
    [CG] CG iter 21: obj=1716025.328764, maxRC=73757.400998, +6 cols
    [CG]   [DIAG] iter=21 posCols=6 newCols=6 effImprove=6 updated=0
    [CG] CG iter 22: obj=1716386.541638, maxRC=33136.035231, +7 cols
    [CG]   [DIAG] iter=22 posCols=7 newCols=7 effImprove=7 updated=0
    [CG] CG iter 23: obj=1719700.145161, maxRC=37988.335866, +5 cols
    [CG]   [DIAG] iter=23 posCols=5 newCols=5 effImprove=5 updated=0
    [CG] CG iter 24: obj=1719700.145161, maxRC=31225.723367, +5 cols
    [CG]   [DIAG] iter=24 posCols=5 newCols=5 effImprove=5 updated=0
    [CG] CG iter 25: obj=1721525.838306, maxRC=35827.614764, +5 cols
    [CG]   [DIAG] iter=25 posCols=5 newCols=5 effImprove=5 updated=0
    [CG] CG iter 26: obj=1722949.238882, maxRC=24199.465151, +4 cols
    [CG]   [DIAG] iter=26 posCols=4 newCols=4 effImprove=4 updated=0
    [CG] CG iter 27: obj=1736505.296878, maxRC=17095.175871, +4 cols
    [CG]   [DIAG] iter=27 posCols=4 newCols=4 effImprove=4 updated=0
    [CG] CG iter 28: obj=1736505.296878, maxRC=15843.357783, +4 cols
    [CG]   [DIAG] iter=28 posCols=4 newCols=4 effImprove=4 updated=0
    [CG] CG iter 29: obj=1736505.296878, maxRC=13149.098735, +4 cols
    [CG]   [DIAG] iter=29 posCols=4 newCols=4 effImprove=4 updated=0
    [CG] CG iter 30: obj=1736505.296878, maxRC=18872.705939, +4 cols
    [CG]   [DIAG] iter=30 posCols=4 newCols=4 effImprove=4 updated=0
    [CG] CG iter 31: obj=1736505.296878, maxRC=8685.411826, +4 cols
    [CG]   [DIAG] iter=31 posCols=4 newCols=4 effImprove=4 updated=0
    [CG] CG iter 32: obj=1736505.296878, maxRC=7720.224313, +3 cols
    [CG]   [DIAG] iter=32 posCols=3 newCols=3 effImprove=3 updated=0
    [CG] CG iter 33: obj=1736505.296878, maxRC=3469.196287, +2 cols
    [CG]   [DIAG] iter=33 posCols=2 newCols=2 effImprove=2 updated=0
    [CG] CG iter 34: obj=1736505.296878, maxRC=1502.691457, +2 cols
    [CG]   [DIAG] iter=34 posCols=2 newCols=2 effImprove=2 updated=0
    [CG] CG iter 35: obj=1736505.296878, maxRC=2463.151433, +1 cols
    [CG]   [DIAG] iter=35 posCols=1 newCols=1 effImprove=1 updated=0
    [CG] CG iter 36: obj=1736505.296878, maxRC=1168.894129, +1 cols
    [CG]   [DIAG] iter=36 posCols=1 newCols=1 effImprove=1 updated=0
    [CG] CG iter 37: obj=1736505.296878, maxRC=948.147005, +1 cols
    [CG]   [DIAG] iter=37 posCols=1 newCols=1 effImprove=1 updated=0
    [CG] CG iter 38: obj=1736505.296878, maxRC=854.781798, +1 cols
    [CG]   [DIAG] iter=38 posCols=1 newCols=1 effImprove=1 updated=0
    [CG] 列生成收敛，共 39 轮迭代
    [CG] [CG-NODE] depth=0 exit=CERTIFIED certified=1 feasible=1 iters=39 generatedColsBeforeNode=0 newCols=316 posCandidates=316 duplicateCandidates=0 updatedCols=0 zeroObjImproveIters=24 objFirst=463682.752340 objLast=1736505.296878 objGain=1272822.544538 maxRC=1330203.086468 wallSec=0.480263 pricingSec=0.441216 cplexSolveSec=0.013156
      [BB] 根节点即为整数解，obj=1736505.296878
