    [CG] 列生成开始，初始列数=310
    [CG] CG iter 1: obj=574602.905705, maxRC=1278977.573015, +30 cols
    [CG]   [DIAG] iter=1 posCols=30 newCols=30 effImprove=30 updated=0
    [CG] CG iter 2: obj=1473014.055378, maxRC=599663.309472, +21 cols
    [CG]   [DIAG] iter=2 posCols=21 newCols=21 effImprove=21 updated=0
    [CG] CG iter 3: obj=1535882.739891, maxRC=582432.069725, +27 cols
    [CG]   [DIAG] iter=3 posCols=27 newCols=27 effImprove=27 updated=0
    [CG] CG iter 4: obj=1719144.400219, maxRC=466440.310974, +21 cols
    [CG]   [DIAG] iter=4 posCols=21 newCols=21 effImprove=21 updated=0
    [CG] CG iter 5: obj=1719144.400219, maxRC=413487.820061, +20 cols
    [CG]   [DIAG] iter=5 posCols=20 newCols=20 effImprove=20 updated=0
    [CG] CG iter 6: obj=1731972.542462, maxRC=387613.797024, +16 cols
    [CG]   [DIAG] iter=6 posCols=16 newCols=16 effImprove=16 updated=0
    [CG] CG iter 7: obj=1731972.542462, maxRC=343749.947578, +13 cols
    [CG]   [DIAG] iter=7 posCols=13 newCols=13 effImprove=13 updated=0
    [CG] CG iter 8: obj=1731972.542462, maxRC=296735.230814, +13 cols
    [CG]   [DIAG] iter=8 posCols=13 newCols=13 effImprove=13 updated=0
    [CG] CG iter 9: obj=1731972.542462, maxRC=263184.034834, +9 cols
    [CG]   [DIAG] iter=9 posCols=9 newCols=9 effImprove=9 updated=0
    [CG] CG iter 10: obj=1732649.471867, maxRC=273010.737662, +5 cols
    [CG]   [DIAG] iter=10 posCols=5 newCols=5 effImprove=5 updated=0
    [CG] CG iter 11: obj=1732649.471867, maxRC=285017.894765, +12 cols
    [CG]   [DIAG] iter=11 posCols=12 newCols=12 effImprove=12 updated=0
    [CG] CG iter 12: obj=1732649.471867, maxRC=383582.739452, +19 cols
    [CG]   [DIAG] iter=12 posCols=19 newCols=19 effImprove=19 updated=0
    [CG] CG iter 13: obj=1732649.471867, maxRC=133544.962887, +11 cols
    [CG]   [DIAG] iter=13 posCols=11 newCols=11 effImprove=11 updated=0
    [CG] CG iter 14: obj=1732649.471867, maxRC=163133.565686, +19 cols
    [CG]   [DIAG] iter=14 posCols=19 newCols=19 effImprove=19 updated=0
    [CG] CG iter 15: obj=1732649.471867, maxRC=87645.525711, +14 cols
    [CG]   [DIAG] iter=15 posCols=14 newCols=14 effImprove=14 updated=0
    [CG] CG iter 16: obj=1732649.471867, maxRC=70563.723158, +10 cols
    [CG]   [DIAG] iter=16 posCols=10 newCols=10 effImprove=10 updated=0
    [CG] CG iter 17: obj=1732649.471867, maxRC=55319.954151, +9 cols
    [CG]   [DIAG] iter=17 posCols=9 newCols=9 effImprove=9 updated=0
    [CG] CG iter 18: obj=1732649.471867, maxRC=42862.327831, +9 cols
    [CG]   [DIAG] iter=18 posCols=9 newCols=9 effImprove=9 updated=0
    [CG] CG iter 19: obj=1732649.471867, maxRC=22500.917757, +6 cols
    [CG]   [DIAG] iter=19 posCols=6 newCols=6 effImprove=6 updated=0
    [CG] CG iter 20: obj=1743670.099797, maxRC=26307.243444, +6 cols
    [CG]   [DIAG] iter=20 posCols=6 newCols=6 effImprove=6 updated=0
    [CG] CG iter 21: obj=1743670.099797, maxRC=21675.380048, +4 cols
    [CG]   [DIAG] iter=21 posCols=4 newCols=4 effImprove=4 updated=0
    [CG] CG iter 22: obj=1751527.094504, maxRC=8389.716937, +6 cols
    [CG]   [DIAG] iter=22 posCols=6 newCols=6 effImprove=6 updated=0
    [CG] CG iter 23: obj=1751527.094504, maxRC=7577.455211, +1 cols
    [CG]   [DIAG] iter=23 posCols=1 newCols=1 effImprove=1 updated=0
    [CG] CG iter 24: obj=1751527.094504, maxRC=7937.533740, +3 cols
    [CG]   [DIAG] iter=24 posCols=3 newCols=3 effImprove=3 updated=0
    [CG] CG iter 25: obj=1751527.094504, maxRC=3757.969586, +1 cols
    [CG]   [DIAG] iter=25 posCols=1 newCols=1 effImprove=1 updated=0
    [CG] CG iter 26: obj=1751527.094504, maxRC=2522.791070, +1 cols
    [CG]   [DIAG] iter=26 posCols=1 newCols=1 effImprove=1 updated=0
    [CG] CG iter 27: obj=1751527.094504, maxRC=1517.117815, +1 cols
    [CG]   [DIAG] iter=27 posCols=1 newCols=1 effImprove=1 updated=0
    [CG] 列生成收敛，共 28 轮迭代
    [CG] [CG-NODE] depth=0 exit=CERTIFIED certified=1 feasible=1 iters=28 generatedColsBeforeNode=0 newCols=307 posCandidates=307 duplicateCandidates=0 updatedCols=0 zeroObjImproveIters=20 objFirst=574602.905705 objLast=1751527.094504 objGain=1176924.188799 maxRC=1278977.573015 wallSec=0.312449 pricingSec=0.296254 cplexSolveSec=0.010459
      [BB] 根节点即为整数解，obj=1751527.094504
