    [CG] 列生成开始，初始列数=310
    [CG] CG iter 1: obj=685628.067121, maxRC=1279198.629325, +30 cols
    [CG]   [DIAG] iter=1 posCols=30 newCols=30 effImprove=30 updated=0
    [CG] CG iter 2: obj=1504897.406414, maxRC=277122.642333, +15 cols
    [CG]   [DIAG] iter=2 posCols=15 newCols=15 effImprove=15 updated=0
    [CG] CG iter 3: obj=1638468.468847, maxRC=460249.088839, +24 cols
    [CG]   [DIAG] iter=3 posCols=24 newCols=24 effImprove=24 updated=0
    [CG] CG iter 4: obj=1683567.229675, maxRC=307370.127603, +22 cols
    [CG]   [DIAG] iter=4 posCols=22 newCols=22 effImprove=22 updated=0
    [CG] CG iter 5: obj=1712542.520648, maxRC=203400.068852, +20 cols
    [CG]   [DIAG] iter=5 posCols=20 newCols=20 effImprove=20 updated=0
    [CG] CG iter 6: obj=1739100.977455, maxRC=280783.498117, +20 cols
    [CG]   [DIAG] iter=6 posCols=20 newCols=20 effImprove=20 updated=0
    [CG] CG iter 7: obj=1744531.798203, maxRC=120672.578086, +16 cols
    [CG]   [DIAG] iter=7 posCols=16 newCols=16 effImprove=16 updated=0
    [CG] CG iter 8: obj=1758594.428731, maxRC=134357.729910, +11 cols
    [CG]   [DIAG] iter=8 posCols=11 newCols=11 effImprove=11 updated=0
    [CG] CG iter 9: obj=1816687.028119, maxRC=102080.164380, +9 cols
    [CG]   [DIAG] iter=9 posCols=9 newCols=9 effImprove=9 updated=0
    [CG] CG iter 10: obj=1816687.028119, maxRC=91341.115630, +10 cols
    [CG]   [DIAG] iter=10 posCols=10 newCols=9 effImprove=10 updated=1
    [CG] CG iter 11: obj=1816687.028119, maxRC=83533.723151, +7 cols
    [CG]   [DIAG] iter=11 posCols=7 newCols=7 effImprove=7 updated=0
    [CG] CG iter 12: obj=1816687.028119, maxRC=170923.874945, +7 cols
    [CG]   [DIAG] iter=12 posCols=7 newCols=7 effImprove=7 updated=0
    [CG] CG iter 13: obj=1816687.028119, maxRC=149206.285424, +7 cols
    [CG]   [DIAG] iter=13 posCols=7 newCols=7 effImprove=7 updated=0
    [CG] CG iter 14: obj=1816687.028119, maxRC=61015.631469, +6 cols
    [CG]   [DIAG] iter=14 posCols=6 newCols=6 effImprove=6 updated=0
    [CG] CG iter 15: obj=1820482.235443, maxRC=34104.434079, +7 cols
    [CG]   [DIAG] iter=15 posCols=7 newCols=7 effImprove=7 updated=0
    [CG] CG iter 16: obj=1827469.466821, maxRC=37203.666899, +6 cols
    [CG]   [DIAG] iter=16 posCols=6 newCols=6 effImprove=6 updated=0
    [CG] CG iter 17: obj=1841053.966568, maxRC=24363.181592, +6 cols
    [CG]   [DIAG] iter=17 posCols=6 newCols=6 effImprove=6 updated=0
    [CG] CG iter 18: obj=1841053.966568, maxRC=23231.215415, +6 cols
    [CG]   [DIAG] iter=18 posCols=6 newCols=6 effImprove=6 updated=0
    [CG] CG iter 19: obj=1843804.280885, maxRC=23374.408120, +5 cols
    [CG]   [DIAG] iter=19 posCols=5 newCols=5 effImprove=5 updated=0
    [CG] CG iter 20: obj=1843804.280885, maxRC=19209.088488, +5 cols
    [CG]   [DIAG] iter=20 posCols=5 newCols=5 effImprove=5 updated=0
    [CG] CG iter 21: obj=1843804.280885, maxRC=10584.292655, +4 cols
    [CG]   [DIAG] iter=21 posCols=4 newCols=4 effImprove=4 updated=0
    [CG] CG iter 22: obj=1843804.280885, maxRC=9954.277271, +5 cols
    [CG]   [DIAG] iter=22 posCols=5 newCols=5 effImprove=5 updated=0
    [CG] CG iter 23: obj=1843804.280885, maxRC=8117.149027, +4 cols
    [CG]   [DIAG] iter=23 posCols=4 newCols=3 effImprove=4 updated=1
    [CG] CG iter 24: obj=1845739.945908, maxRC=5893.348981, +4 cols
    [CG]   [DIAG] iter=24 posCols=4 newCols=4 effImprove=4 updated=0
    [CG] CG iter 25: obj=1845739.945908, maxRC=2995.157564, +1 cols
    [CG]   [DIAG] iter=25 posCols=1 newCols=1 effImprove=1 updated=0
    [CG] CG iter 26: obj=1845739.945908, maxRC=2909.835033, +1 cols
    [CG]   [DIAG] iter=26 posCols=1 newCols=1 effImprove=1 updated=0
    [CG] CG iter 27: obj=1845739.945908, maxRC=2386.184769, +2 cols
    [CG]   [DIAG] iter=27 posCols=2 newCols=2 effImprove=2 updated=0
    [CG] CG iter 28: obj=1845739.945908, maxRC=221.339214, +1 cols
    [CG]   [DIAG] iter=28 posCols=1 newCols=1 effImprove=1 updated=0
    [CG] CG iter 29: obj=1845739.945908, maxRC=160.174747, +1 cols
    [CG]   [DIAG] iter=29 posCols=1 newCols=1 effImprove=1 updated=0
    [CG] CG iter 30: obj=1845739.945908, maxRC=99.595120, +1 cols
    [CG]   [DIAG] iter=30 posCols=1 newCols=1 effImprove=1 updated=0
    [CG] 列生成收敛，共 31 轮迭代
    [CG] [CG-NODE] depth=0 exit=CERTIFIED certified=1 feasible=1 iters=31 generatedColsBeforeNode=0 newCols=261 posCandidates=263 duplicateCandidates=2 updatedCols=2 zeroObjImproveIters=17 objFirst=685628.067121 objLast=1845739.945908 objGain=1160111.878787 maxRC=1279198.629325 wallSec=0.205180 pricingSec=0.188094 cplexSolveSec=0.011469
      [BB] 分支定界开始，根节点LP obj=1845739.945908，最大节点数=10000
      [BB] 根节点启发式下界 LB=1693910.134345（上界=1845739.945908）
    [CG] [BB-DIAG] 分支 x_{dc=0,retailer=5}, 节点数=1
    [CG] 列生成开始，初始列数=529
    [CG] CG iter 32: obj=1843804.280885, maxRC=197380.166443, +22 cols
    [CG]   [DIAG] iter=32 posCols=22 newCols=22 effImprove=22 updated=0
    [CG] CG iter 33: obj=1843804.280885, maxRC=123869.950641, +12 cols
    [CG]   [DIAG] iter=33 posCols=12 newCols=12 effImprove=12 updated=0
    [CG] CG iter 34: obj=1843804.280885, maxRC=63973.431837, +10 cols
    [CG]   [DIAG] iter=34 posCols=10 newCols=10 effImprove=10 updated=0
    [CG] CG iter 35: obj=1843804.280885, maxRC=40705.645860, +5 cols
    [CG]   [DIAG] iter=35 posCols=5 newCols=5 effImprove=5 updated=0
    [CG] CG iter 36: obj=1843804.280885, maxRC=20411.937977, +5 cols
    [CG]   [DIAG] iter=36 posCols=5 newCols=5 effImprove=5 updated=0
    [CG] CG iter 37: obj=1843804.280885, maxRC=6968.613308, +1 cols
    [CG]   [DIAG] iter=37 posCols=1 newCols=1 effImprove=1 updated=0
    [CG] CG iter 38: obj=1843804.280885, maxRC=5979.319508, +3 cols
    [CG]   [DIAG] iter=38 posCols=3 newCols=3 effImprove=3 updated=0
    [CG] CG iter 39: obj=1843804.280885, maxRC=11041.134969, +2 cols
    [CG]   [DIAG] iter=39 posCols=2 newCols=2 effImprove=2 updated=0
    [CG] CG iter 40: obj=1843804.280885, maxRC=520.764689, +1 cols
    [CG]   [DIAG] iter=40 posCols=1 newCols=1 effImprove=1 updated=0
    [CG] CG iter 41: obj=1843804.280885, maxRC=997.450950, +1 cols
    [CG]   [DIAG] iter=41 posCols=1 newCols=1 effImprove=1 updated=0
    [CG] CG iter 42: obj=1843804.280885, maxRC=465.884438, +1 cols
    [CG]   [DIAG] iter=42 posCols=1 newCols=1 effImprove=1 updated=0
    [CG] CG iter 43: obj=1843804.280885, maxRC=794.593433, +1 cols
    [CG]   [DIAG] iter=43 posCols=1 newCols=1 effImprove=1 updated=0
    [CG] CG iter 44: obj=1843804.280885, maxRC=689.164630, +1 cols
    [CG]   [DIAG] iter=44 posCols=1 newCols=1 effImprove=1 updated=0
    [CG] CG iter 45: obj=1843804.280885, maxRC=327.950861, +1 cols
    [CG]   [DIAG] iter=45 posCols=1 newCols=1 effImprove=1 updated=0
    [CG] CG iter 46: obj=1843804.280885, maxRC=476.397816, +1 cols
    [CG]   [DIAG] iter=46 posCols=1 newCols=1 effImprove=1 updated=0
    [CG] CG iter 47: obj=1843804.280885, maxRC=289.523153, +1 cols
    [CG]   [DIAG] iter=47 posCols=1 newCols=1 effImprove=1 updated=0
    [CG] CG iter 48: obj=1843804.280885, maxRC=169.058289, +1 cols
    [CG]   [DIAG] iter=48 posCols=1 newCols=1 effImprove=1 updated=0
    [CG] CG iter 49: obj=1843804.280885, maxRC=187.997160, +1 cols
    [CG]   [DIAG] iter=49 posCols=1 newCols=1 effImprove=1 updated=0
    [CG] CG iter 50: obj=1843804.280885, maxRC=132.056739, +1 cols
    [CG]   [DIAG] iter=50 posCols=1 newCols=1 effImprove=1 updated=0
    [CG] CG iter 51: obj=1843804.280885, maxRC=55.637706, +1 cols
    [CG]   [DIAG] iter=51 posCols=1 newCols=1 effImprove=1 updated=0
    [CG] 列生成收敛，共 52 轮迭代
    [CG] [CG-NODE] depth=1 exit=CERTIFIED certified=1 feasible=1 iters=21 generatedColsBeforeNode=261 newCols=72 posCandidates=72 duplicateCandidates=0 updatedCols=0 zeroObjImproveIters=20 objFirst=1843804.280885 objLast=1843804.280885 objGain=0.000000 maxRC=197380.166443 wallSec=0.082342 pricingSec=0.072887 cplexSolveSec=0.006935
    [CG] 列生成开始，初始列数=519
    [CG] CG iter 53: obj=1826058.986799, maxRC=59893.320866, +13 cols
    [CG]   [DIAG] iter=53 posCols=13 newCols=13 effImprove=13 updated=0
    [CG] CG iter 54: obj=1826058.986799, maxRC=39049.620578, +8 cols
    [CG]   [DIAG] iter=54 posCols=8 newCols=8 effImprove=8 updated=0
    [CG] CG iter 55: obj=1826058.986799, maxRC=15723.656772, +4 cols
    [CG]   [DIAG] iter=55 posCols=4 newCols=4 effImprove=4 updated=0
    [CG] CG iter 56: obj=1826058.986799, maxRC=16773.239709, +5 cols
    [CG]   [DIAG] iter=56 posCols=5 newCols=5 effImprove=5 updated=0
    [CG] CG iter 57: obj=1826058.986799, maxRC=11805.379201, +5 cols
    [CG]   [DIAG] iter=57 posCols=5 newCols=5 effImprove=5 updated=0
    [CG] CG iter 58: obj=1837864.366001, maxRC=4993.978146, +3 cols
    [CG]   [DIAG] iter=58 posCols=3 newCols=3 effImprove=3 updated=0
    [CG] CG iter 59: obj=1837864.366001, maxRC=2904.350089, +2 cols
    [CG]   [DIAG] iter=59 posCols=2 newCols=2 effImprove=2 updated=0
    [CG] CG iter 60: obj=1837864.366001, maxRC=2597.561956, +3 cols
    [CG]   [DIAG] iter=60 posCols=3 newCols=3 effImprove=3 updated=0
    [CG] 列生成收敛，共 61 轮迭代
    [CG] [CG-NODE] depth=1 exit=CERTIFIED certified=1 feasible=1 iters=9 generatedColsBeforeNode=333 newCols=43 posCandidates=43 duplicateCandidates=0 updatedCols=0 zeroObjImproveIters=7 objFirst=1826058.986799 objLast=1837864.366001 objGain=11805.379201 maxRC=59893.320866 wallSec=0.029875 pricingSec=0.024518 cplexSolveSec=0.003681
    [CG] [BB-INCUMBENT] selection=2 node=1 previous=1693910.134345 value=1837864.366001 active=1
    [CG] [BB-NODESEL] strategy=hybrid choice=dfs eligibleCount=1 active=1 gap=0.003232
    [CG] [BB-INCUMBENT] selection=3 node=1 previous=1837864.366001 value=1843804.280885 active=0
      [BB] 分支定界结束：处理 3 节点，剪枝 0，剩余活跃 0，整数解 3，状态=OPTIMAL，最好可行 obj=1843804.280885，gap=0.000000
