    [CG] 列生成开始，初始列数=310
    [CG] CG iter 1: obj=781812.563257, maxRC=1217255.442263, +30 cols
    [CG]   [DIAG] iter=1 posCols=30 newCols=30 effImprove=30 updated=0
    [CG] CG iter 2: obj=1508854.761622, maxRC=302782.686015, +16 cols
    [CG]   [DIAG] iter=2 posCols=16 newCols=16 effImprove=16 updated=0
    [CG] CG iter 3: obj=1756409.991158, maxRC=580253.740644, +30 cols
    [CG]   [DIAG] iter=3 posCols=30 newCols=30 effImprove=30 updated=0
    [CG] CG iter 4: obj=1788894.659275, maxRC=462843.651059, +24 cols
    [CG]   [DIAG] iter=4 posCols=24 newCols=24 effImprove=24 updated=0
    [CG] CG iter 5: obj=1788894.659275, maxRC=339383.223789, +18 cols
    [CG]   [DIAG] iter=5 posCols=18 newCols=18 effImprove=18 updated=0
    [CG] CG iter 6: obj=1797548.951285, maxRC=304189.496948, +13 cols
    [CG]   [DIAG] iter=6 posCols=13 newCols=13 effImprove=13 updated=0
    [CG] CG iter 7: obj=1819058.740451, maxRC=237456.059549, +8 cols
    [CG]   [DIAG] iter=7 posCols=8 newCols=7 effImprove=8 updated=1
    [CG] CG iter 8: obj=1819058.740451, maxRC=218672.766833, +8 cols
    [CG]   [DIAG] iter=8 posCols=8 newCols=8 effImprove=8 updated=0
    [CG] CG iter 9: obj=1819058.740451, maxRC=138098.582118, +7 cols
    [CG]   [DIAG] iter=9 posCols=7 newCols=7 effImprove=7 updated=0
    [CG] CG iter 10: obj=1819058.740451, maxRC=138840.081325, +11 cols
    [CG]   [DIAG] iter=10 posCols=11 newCols=11 effImprove=11 updated=0
    [CG] CG iter 11: obj=1819403.252892, maxRC=84546.679784, +12 cols
    [CG]   [DIAG] iter=11 posCols=12 newCols=12 effImprove=12 updated=0
    [CG] CG iter 12: obj=1827119.980074, maxRC=85396.520954, +6 cols
    [CG]   [DIAG] iter=12 posCols=6 newCols=6 effImprove=6 updated=0
    [CG] CG iter 13: obj=1841616.986685, maxRC=59595.621872, +6 cols
    [CG]   [DIAG] iter=13 posCols=6 newCols=6 effImprove=6 updated=0
    [CG] CG iter 14: obj=1845801.095652, maxRC=62515.231155, +7 cols
    [CG]   [DIAG] iter=14 posCols=7 newCols=7 effImprove=7 updated=0
    [CG] CG iter 15: obj=1848665.722821, maxRC=20688.564811, +7 cols
    [CG]   [DIAG] iter=15 posCols=7 newCols=7 effImprove=7 updated=0
    [CG] CG iter 16: obj=1865650.919796, maxRC=26435.434061, +5 cols
    [CG]   [DIAG] iter=16 posCols=5 newCols=5 effImprove=5 updated=0
    [CG] CG iter 17: obj=1865650.919796, maxRC=23794.317885, +6 cols
    [CG]   [DIAG] iter=17 posCols=6 newCols=6 effImprove=6 updated=0
    [CG] CG iter 18: obj=1865650.919796, maxRC=10634.482338, +5 cols
    [CG]   [DIAG] iter=18 posCols=5 newCols=5 effImprove=5 updated=0
    [CG] CG iter 19: obj=1867271.162330, maxRC=9944.600516, +5 cols
    [CG]   [DIAG] iter=19 posCols=5 newCols=5 effImprove=5 updated=0
    [CG] CG iter 20: obj=1872243.462588, maxRC=6517.768128, +4 cols
    [CG]   [DIAG] iter=20 posCols=4 newCols=4 effImprove=4 updated=0
    [CG] CG iter 21: obj=1872243.462588, maxRC=4422.080923, +2 cols
    [CG]   [DIAG] iter=21 posCols=2 newCols=2 effImprove=2 updated=0
    [CG] CG iter 22: obj=1872243.462588, maxRC=2150.086389, +1 cols
    [CG]   [DIAG] iter=22 posCols=1 newCols=1 effImprove=1 updated=0
    [CG] CG iter 23: obj=1872243.462588, maxRC=163.923090, +1 cols
    [CG]   [DIAG] iter=23 posCols=1 newCols=1 effImprove=1 updated=0
    [CG] CG iter 24: obj=1872243.462588, maxRC=86.012988, +1 cols
    [CG]   [DIAG] iter=24 posCols=1 newCols=1 effImprove=1 updated=0
    [CG] 列生成收敛，共 25 轮迭代
    [CG] [CG-NODE] depth=0 exit=CERTIFIED certified=1 feasible=1 iters=25 generatedColsBeforeNode=0 newCols=232 posCandidates=233 duplicateCandidates=1 updatedCols=1 zeroObjImproveIters=11 objFirst=781812.563257 objLast=1872243.462588 objGain=1090430.899331 maxRC=1217255.442263 wallSec=0.157890 pricingSec=0.127210 cplexSolveSec=0.008236
      [BB] 分支定界开始，根节点LP obj=1872243.462588，最大节点数=10000
      [BB] 根节点启发式下界 LB=1816051.004269（上界=1872243.462588）
    [CG] [BB-DIAG] 分支 x_{dc=0,retailer=5}, 节点数=1
    [CG] 列生成开始，初始列数=504
    [CG] CG iter 26: obj=1840374.503468, maxRC=94532.165959, +11 cols
    [CG]   [DIAG] iter=26 posCols=11 newCols=11 effImprove=11 updated=0
    [CG] CG iter 27: obj=1840750.763076, maxRC=46168.695514, +7 cols
    [CG]   [DIAG] iter=27 posCols=7 newCols=7 effImprove=7 updated=0
    [CG] CG iter 28: obj=1853831.273911, maxRC=31786.717079, +7 cols
    [CG]   [DIAG] iter=28 posCols=7 newCols=6 effImprove=7 updated=1
    [CG] CG iter 29: obj=1853837.302085, maxRC=17200.259870, +6 cols
    [CG]   [DIAG] iter=29 posCols=6 newCols=6 effImprove=6 updated=0
    [CG] CG iter 30: obj=1865272.314098, maxRC=21243.555696, +5 cols
    [CG]   [DIAG] iter=30 posCols=5 newCols=5 effImprove=5 updated=0
    [CG] CG iter 31: obj=1865272.314098, maxRC=7791.819109, +4 cols
    [CG]   [DIAG] iter=31 posCols=4 newCols=4 effImprove=4 updated=0
    [CG] CG iter 32: obj=1865272.314098, maxRC=5057.130576, +2 cols
    [CG]   [DIAG] iter=32 posCols=2 newCols=2 effImprove=2 updated=0
    [CG] CG iter 33: obj=1865272.314098, maxRC=5035.483468, +2 cols
    [CG]   [DIAG] iter=33 posCols=2 newCols=1 effImprove=2 updated=1
    [CG] CG iter 34: obj=1870307.797565, maxRC=589.211558, +2 cols
    [CG]   [DIAG] iter=34 posCols=2 newCols=2 effImprove=2 updated=0
    [CG] CG iter 35: obj=1870307.797565, maxRC=562.073057, +1 cols
    [CG]   [DIAG] iter=35 posCols=1 newCols=1 effImprove=1 updated=0
    [CG] CG iter 36: obj=1870307.797565, maxRC=558.213074, +1 cols
    [CG]   [DIAG] iter=36 posCols=1 newCols=1 effImprove=1 updated=0
    [CG] CG iter 37: obj=1870307.797565, maxRC=232.590340, +1 cols
    [CG]   [DIAG] iter=37 posCols=1 newCols=1 effImprove=1 updated=0
    [CG] CG iter 38: obj=1870307.797565, maxRC=134.819398, +1 cols
    [CG]   [DIAG] iter=38 posCols=1 newCols=1 effImprove=1 updated=0
    [CG] CG iter 39: obj=1870307.797565, maxRC=82.098045, +1 cols
    [CG]   [DIAG] iter=39 posCols=1 newCols=1 effImprove=1 updated=0
    [CG] CG iter 40: obj=1870307.797565, maxRC=47.951103, +1 cols
    [CG]   [DIAG] iter=40 posCols=1 newCols=1 effImprove=1 updated=0
    [CG] 列生成收敛，共 41 轮迭代
    [CG] [CG-NODE] depth=1 exit=CERTIFIED certified=1 feasible=1 iters=16 generatedColsBeforeNode=232 newCols=50 posCandidates=52 duplicateCandidates=2 updatedCols=2 zeroObjImproveIters=10 objFirst=1840374.503468 objLast=1870307.797565 objGain=29933.294098 maxRC=94532.165959 wallSec=0.045100 pricingSec=0.038311 cplexSolveSec=0.004782
    [CG] 列生成开始，初始列数=494
    [CG] CG iter 42: obj=1829276.940682, maxRC=95942.616149, +15 cols
    [CG]   [DIAG] iter=42 posCols=15 newCols=15 effImprove=15 updated=0
    [CG] CG iter 43: obj=1851000.390686, maxRC=74013.140156, +7 cols
    [CG]   [DIAG] iter=43 posCols=7 newCols=7 effImprove=7 updated=0
    [CG] CG iter 44: obj=1851000.390686, maxRC=40679.133794, +6 cols
    [CG]   [DIAG] iter=44 posCols=6 newCols=6 effImprove=6 updated=0
    [CG] CG iter 45: obj=1851000.390686, maxRC=21155.516104, +6 cols
    [CG]   [DIAG] iter=45 posCols=6 newCols=6 effImprove=6 updated=0
    [CG] CG iter 46: obj=1851000.390686, maxRC=18984.000909, +5 cols
    [CG]   [DIAG] iter=46 posCols=5 newCols=5 effImprove=5 updated=0
    [CG] CG iter 47: obj=1864367.882681, maxRC=17322.405326, +6 cols
    [CG]   [DIAG] iter=47 posCols=6 newCols=6 effImprove=6 updated=0
    [CG] CG iter 48: obj=1864367.882681, maxRC=9470.616888, +5 cols
    [CG]   [DIAG] iter=48 posCols=5 newCols=5 effImprove=5 updated=0
    [CG] CG iter 49: obj=1864367.882681, maxRC=3918.498543, +3 cols
    [CG]   [DIAG] iter=49 posCols=3 newCols=3 effImprove=3 updated=0
    [CG] 列生成收敛，共 50 轮迭代
    [CG] [CG-NODE] depth=1 exit=CERTIFIED certified=1 feasible=1 iters=9 generatedColsBeforeNode=282 newCols=53 posCandidates=53 duplicateCandidates=0 updatedCols=0 zeroObjImproveIters=6 objFirst=1829276.940682 objLast=1864367.882681 objGain=35090.941998 maxRC=95942.616149 wallSec=0.021946 pricingSec=0.016884 cplexSolveSec=0.003546
    [CG] [BB-INCUMBENT] selection=2 node=1 previous=1816051.004269 value=1864367.882681 active=1
    [CG] [BB-NODESEL] strategy=hybrid choice=dfs eligibleCount=1 active=1 gap=0.003186
    [CG] [BB-INCUMBENT] selection=3 node=1 previous=1864367.882681 value=1870307.797565 active=0
      [BB] 分支定界结束：处理 3 节点，剪枝 0，剩余活跃 0，整数解 3，状态=OPTIMAL，最好可行 obj=1870307.797565，gap=0.000000
