    [CG] 列生成开始，初始列数=310
    [CG] CG iter 1: obj=708729.326103, maxRC=1314510.867195, +30 cols
    [CG]   [DIAG] iter=1 posCols=30 newCols=30 effImprove=30 updated=0
    [CG] CG iter 2: obj=1538657.600527, maxRC=279283.645389, +15 cols
    [CG]   [DIAG] iter=2 posCols=15 newCols=15 effImprove=15 updated=0
    [CG] CG iter 3: obj=1674342.819939, maxRC=625718.647914, +24 cols
    [CG]   [DIAG] iter=3 posCols=24 newCols=24 effImprove=24 updated=0
    [CG] CG iter 4: obj=1699306.797590, maxRC=423204.874847, +27 cols
    [CG]   [DIAG] iter=4 posCols=27 newCols=27 effImprove=27 updated=0
    [CG] CG iter 5: obj=1709340.295722, maxRC=438336.601673, +21 cols
    [CG]   [DIAG] iter=5 posCols=21 newCols=21 effImprove=21 updated=0
    [CG] CG iter 6: obj=1762742.003472, maxRC=457942.007842, +17 cols
    [CG]   [DIAG] iter=6 posCols=17 newCols=16 effImprove=17 updated=1
    [CG] CG iter 7: obj=1768968.179102, maxRC=324726.814501, +16 cols
    [CG]   [DIAG] iter=7 posCols=16 newCols=16 effImprove=16 updated=0
    [CG] CG iter 8: obj=1769710.082275, maxRC=177659.880237, +15 cols
    [CG]   [DIAG] iter=8 posCols=15 newCols=15 effImprove=15 updated=0
    [CG] CG iter 9: obj=1836458.645305, maxRC=186361.063355, +14 cols
    [CG]   [DIAG] iter=9 posCols=14 newCols=14 effImprove=14 updated=0
    [CG] CG iter 10: obj=1836458.645305, maxRC=128178.428102, +8 cols
    [CG]   [DIAG] iter=10 posCols=8 newCols=8 effImprove=8 updated=0
    [CG] CG iter 11: obj=1836458.645305, maxRC=69847.053681, +6 cols
    [CG]   [DIAG] iter=11 posCols=6 newCols=6 effImprove=6 updated=0
    [CG] CG iter 12: obj=1836458.645305, maxRC=61716.266297, +8 cols
    [CG]   [DIAG] iter=12 posCols=8 newCols=8 effImprove=8 updated=0
    [CG] CG iter 13: obj=1836458.645305, maxRC=65673.719187, +7 cols
    [CG]   [DIAG] iter=13 posCols=7 newCols=7 effImprove=7 updated=0
    [CG] CG iter 14: obj=1836458.645305, maxRC=50666.008977, +6 cols
    [CG]   [DIAG] iter=14 posCols=6 newCols=6 effImprove=6 updated=0
    [CG] CG iter 15: obj=1836458.645305, maxRC=54166.525976, +13 cols
    [CG]   [DIAG] iter=15 posCols=13 newCols=13 effImprove=13 updated=0
    [CG] CG iter 16: obj=1836458.645305, maxRC=48381.729771, +9 cols
    [CG]   [DIAG] iter=16 posCols=9 newCols=9 effImprove=9 updated=0
    [CG] CG iter 17: obj=1836458.645305, maxRC=38519.511060, +10 cols
    [CG]   [DIAG] iter=17 posCols=10 newCols=9 effImprove=10 updated=1
    [CG] CG iter 18: obj=1855718.400835, maxRC=20860.538118, +6 cols
    [CG]   [DIAG] iter=18 posCols=6 newCols=5 effImprove=6 updated=1
    [CG] CG iter 19: obj=1858712.355001, maxRC=23976.380089, +6 cols
    [CG]   [DIAG] iter=19 posCols=6 newCols=6 effImprove=6 updated=0
    [CG] CG iter 20: obj=1858712.355001, maxRC=7367.098468, +3 cols
    [CG]   [DIAG] iter=20 posCols=3 newCols=3 effImprove=3 updated=0
    [CG] CG iter 21: obj=1858712.355001, maxRC=9193.968862, +2 cols
    [CG]   [DIAG] iter=21 posCols=2 newCols=2 effImprove=2 updated=0
    [CG] CG iter 22: obj=1858712.355001, maxRC=7462.326855, +5 cols
    [CG]   [DIAG] iter=22 posCols=5 newCols=5 effImprove=5 updated=0
    [CG] CG iter 23: obj=1858712.355001, maxRC=3774.436926, +2 cols
    [CG]   [DIAG] iter=23 posCols=2 newCols=2 effImprove=2 updated=0
    [CG] CG iter 24: obj=1858712.355001, maxRC=2755.161563, +2 cols
    [CG]   [DIAG] iter=24 posCols=2 newCols=2 effImprove=2 updated=0
    [CG] CG iter 25: obj=1858712.355001, maxRC=129.501146, +2 cols
    [CG]   [DIAG] iter=25 posCols=2 newCols=2 effImprove=2 updated=0
    [CG] CG iter 26: obj=1858712.355001, maxRC=100.683585, +2 cols
    [CG]   [DIAG] iter=26 posCols=2 newCols=2 effImprove=2 updated=0
    [CG] CG iter 27: obj=1858712.355001, maxRC=69.970913, +1 cols
    [CG]   [DIAG] iter=27 posCols=1 newCols=1 effImprove=1 updated=0
    [CG] CG iter 28: obj=1858712.355001, maxRC=40.022499, +1 cols
    [CG]   [DIAG] iter=28 posCols=1 newCols=1 effImprove=1 updated=0
    [CG] 列生成收敛，共 29 轮迭代
    [CG] [CG-NODE] depth=0 exit=CERTIFIED certified=1 feasible=1 iters=29 generatedColsBeforeNode=0 newCols=275 posCandidates=278 duplicateCandidates=3 updatedCols=3 zeroObjImproveIters=18 objFirst=708729.326103 objLast=1858712.355001 objGain=1149983.028898 maxRC=1314510.867195 wallSec=0.219065 pricingSec=0.204033 cplexSolveSec=0.010188
      [BB] 分支定界开始，根节点LP obj=1858712.355001，最大节点数=10000
      [BB] 根节点启发式下界 LB=1760965.642300（上界=1858712.355001）
    [CG] [BB-DIAG] 分支 x_{dc=0,retailer=5}, 节点数=1
    [CG] 列生成开始，初始列数=534
    [CG] CG iter 30: obj=1828594.964767, maxRC=171090.606412, +12 cols
    [CG]   [DIAG] iter=30 posCols=12 newCols=12 effImprove=12 updated=0
    [CG] CG iter 31: obj=1828594.964767, maxRC=106748.335383, +10 cols
    [CG]   [DIAG] iter=31 posCols=10 newCols=10 effImprove=10 updated=0
    [CG] CG iter 32: obj=1828594.964767, maxRC=93828.540741, +7 cols
    [CG]   [DIAG] iter=32 posCols=7 newCols=6 effImprove=7 updated=1
    [CG] CG iter 33: obj=1828594.964767, maxRC=61260.760486, +7 cols
    [CG]   [DIAG] iter=33 posCols=7 newCols=7 effImprove=7 updated=0
    [CG] CG iter 34: obj=1845889.044941, maxRC=43772.927322, +9 cols
    [CG]   [DIAG] iter=34 posCols=9 newCols=9 effImprove=9 updated=0
    [CG] CG iter 35: obj=1845889.044941, maxRC=22125.238391, +4 cols
    [CG]   [DIAG] iter=35 posCols=4 newCols=4 effImprove=4 updated=0
    [CG] CG iter 36: obj=1845889.044941, maxRC=21599.519154, +4 cols
    [CG]   [DIAG] iter=36 posCols=4 newCols=4 effImprove=4 updated=0
    [CG] CG iter 37: obj=1847757.114797, maxRC=12893.140012, +4 cols
    [CG]   [DIAG] iter=37 posCols=4 newCols=4 effImprove=4 updated=0
    [CG] CG iter 38: obj=1857353.015617, maxRC=9740.088769, +3 cols
    [CG]   [DIAG] iter=38 posCols=3 newCols=3 effImprove=3 updated=0
    [CG] CG iter 39: obj=1857353.015617, maxRC=7386.634544, +2 cols
    [CG]   [DIAG] iter=39 posCols=2 newCols=2 effImprove=2 updated=0
    [CG] CG iter 40: obj=1857684.354486, maxRC=542.252716, +2 cols
    [CG]   [DIAG] iter=40 posCols=2 newCols=2 effImprove=2 updated=0
    [CG] CG iter 41: obj=1857684.354486, maxRC=742.912412, +1 cols
    [CG]   [DIAG] iter=41 posCols=1 newCols=1 effImprove=1 updated=0
    [CG] CG iter 42: obj=1857684.354486, maxRC=256.666734, +1 cols
    [CG]   [DIAG] iter=42 posCols=1 newCols=1 effImprove=1 updated=0
    [CG] CG iter 43: obj=1857684.354486, maxRC=288.749955, +1 cols
    [CG]   [DIAG] iter=43 posCols=1 newCols=1 effImprove=1 updated=0
    [CG] CG iter 44: obj=1857684.354486, maxRC=171.484641, +1 cols
    [CG]   [DIAG] iter=44 posCols=1 newCols=0 effImprove=1 updated=1
    [CG] CG iter 45: obj=1857684.354486, maxRC=261.397423, +1 cols
    [CG]   [DIAG] iter=45 posCols=1 newCols=1 effImprove=1 updated=0
    [CG] CG iter 46: obj=1857684.354486, maxRC=130.798698, +1 cols
    [CG]   [DIAG] iter=46 posCols=1 newCols=1 effImprove=1 updated=0
    [CG] CG iter 47: obj=1857684.354486, maxRC=61.542865, +1 cols
    [CG]   [DIAG] iter=47 posCols=1 newCols=1 effImprove=1 updated=0
    [CG] 列生成收敛，共 48 轮迭代
    [CG] [CG-NODE] depth=1 exit=CERTIFIED certified=1 feasible=1 iters=19 generatedColsBeforeNode=275 newCols=69 posCandidates=71 duplicateCandidates=2 updatedCols=2 zeroObjImproveIters=14 objFirst=1828594.964767 objLast=1857684.354486 objGain=29089.389719 maxRC=171090.606412 wallSec=0.072981 pricingSec=0.063973 cplexSolveSec=0.006505
    [CG] 列生成开始，初始列数=538
    [CG] CG iter 49: obj=1836458.645305, maxRC=73267.639404, +8 cols
    [CG]   [DIAG] iter=49 posCols=8 newCols=8 effImprove=8 updated=0
    [CG] CG iter 50: obj=1836458.645305, maxRC=96190.426340, +7 cols
    [CG]   [DIAG] iter=50 posCols=7 newCols=7 effImprove=7 updated=0
    [CG] CG iter 51: obj=1836458.645305, maxRC=52556.142136, +10 cols
    [CG]   [DIAG] iter=51 posCols=10 newCols=10 effImprove=10 updated=0
    [CG] CG iter 52: obj=1836458.645305, maxRC=31376.640059, +6 cols
    [CG]   [DIAG] iter=52 posCols=6 newCols=6 effImprove=6 updated=0
    [CG] CG iter 53: obj=1836458.645305, maxRC=35739.801428, +5 cols
    [CG]   [DIAG] iter=53 posCols=5 newCols=5 effImprove=5 updated=0
    [CG] CG iter 54: obj=1836458.645305, maxRC=24374.623116, +6 cols
    [CG]   [DIAG] iter=54 posCols=6 newCols=6 effImprove=6 updated=0
    [CG] CG iter 55: obj=1850227.079228, maxRC=29034.061001, +6 cols
    [CG]   [DIAG] iter=55 posCols=6 newCols=6 effImprove=6 updated=0
    [CG] CG iter 56: obj=1850227.079228, maxRC=11763.920583, +4 cols
    [CG]   [DIAG] iter=56 posCols=4 newCols=4 effImprove=4 updated=0
    [CG] CG iter 57: obj=1850227.079228, maxRC=12006.906846, +4 cols
    [CG]   [DIAG] iter=57 posCols=4 newCols=4 effImprove=4 updated=0
    [CG] CG iter 58: obj=1850227.079228, maxRC=4538.932961, +3 cols
    [CG]   [DIAG] iter=58 posCols=3 newCols=3 effImprove=3 updated=0
    [CG] CG iter 59: obj=1850227.079228, maxRC=8074.292113, +4 cols
    [CG]   [DIAG] iter=59 posCols=4 newCols=4 effImprove=4 updated=0
    [CG] CG iter 60: obj=1850227.079228, maxRC=2779.110335, +1 cols
    [CG]   [DIAG] iter=60 posCols=1 newCols=1 effImprove=1 updated=0
    [CG] CG iter 61: obj=1850227.079228, maxRC=2297.239980, +1 cols
    [CG]   [DIAG] iter=61 posCols=1 newCols=1 effImprove=1 updated=0
    [CG] CG iter 62: obj=1850227.079228, maxRC=521.644688, +2 cols
    [CG]   [DIAG] iter=62 posCols=2 newCols=2 effImprove=2 updated=0
    [CG] 列生成收敛，共 63 轮迭代
    [CG] [CG-NODE] depth=1 exit=CERTIFIED certified=1 feasible=1 iters=15 generatedColsBeforeNode=344 newCols=67 posCandidates=67 duplicateCandidates=0 updatedCols=0 zeroObjImproveIters=13 objFirst=1836458.645305 objLast=1850227.079228 objGain=13768.433923 maxRC=96190.426340 wallSec=0.039993 pricingSec=0.032206 cplexSolveSec=0.005640
    [CG] [BB-INCUMBENT] selection=2 node=1 previous=1760965.642300 value=1850227.079228 active=1
    [CG] [BB-NODESEL] strategy=hybrid choice=dfs eligibleCount=1 active=1 gap=0.004030
    [CG] [BB-INCUMBENT] selection=3 node=1 previous=1850227.079228 value=1857684.354486 active=0
      [BB] 分支定界结束：处理 3 节点，剪枝 0，剩余活跃 0，整数解 3，状态=OPTIMAL，最好可行 obj=1857684.354486，gap=0.000000
