    [CG] 列生成开始，初始列数=310
    [CG] CG iter 1: obj=746303.022550, maxRC=1309690.243276, +30 cols
    [CG]   [DIAG] iter=1 posCols=30 newCols=30 effImprove=30 updated=0
    [CG] CG iter 2: obj=1538645.226057, maxRC=294252.710623, +15 cols
    [CG]   [DIAG] iter=2 posCols=15 newCols=15 effImprove=15 updated=0
    [CG] CG iter 3: obj=1720765.531422, maxRC=657814.436883, +27 cols
    [CG]   [DIAG] iter=3 posCols=27 newCols=27 effImprove=27 updated=0
    [CG] CG iter 4: obj=1790321.621644, maxRC=524986.709575, +22 cols
    [CG]   [DIAG] iter=4 posCols=22 newCols=22 effImprove=22 updated=0
    [CG] CG iter 5: obj=1808088.521685, maxRC=424101.455107, +16 cols
    [CG]   [DIAG] iter=5 posCols=16 newCols=16 effImprove=16 updated=0
    [CG] CG iter 6: obj=1808088.521685, maxRC=412448.278520, +16 cols
    [CG]   [DIAG] iter=6 posCols=16 newCols=16 effImprove=16 updated=0
    [CG] CG iter 7: obj=1808088.521685, maxRC=357505.508134, +9 cols
    [CG]   [DIAG] iter=7 posCols=9 newCols=9 effImprove=9 updated=0
    [CG] CG iter 8: obj=1808088.521685, maxRC=255043.437460, +16 cols
    [CG]   [DIAG] iter=8 posCols=16 newCols=16 effImprove=16 updated=0
    [CG] CG iter 9: obj=1808088.521685, maxRC=309695.217877, +9 cols
    [CG]   [DIAG] iter=9 posCols=9 newCols=9 effImprove=9 updated=0
    [CG] CG iter 10: obj=1817211.017729, maxRC=137455.337814, +9 cols
    [CG]   [DIAG] iter=10 posCols=9 newCols=9 effImprove=9 updated=0
    [CG] CG iter 11: obj=1826693.837395, maxRC=91765.972357, +8 cols
    [CG]   [DIAG] iter=11 posCols=8 newCols=8 effImprove=8 updated=0
    [CG] CG iter 12: obj=1852406.217630, maxRC=112596.974477, +7 cols
    [CG]   [DIAG] iter=12 posCols=7 newCols=7 effImprove=7 updated=0
    [CG] CG iter 13: obj=1852406.217630, maxRC=97081.334061, +6 cols
    [CG]   [DIAG] iter=13 posCols=6 newCols=6 effImprove=6 updated=0
    [CG] CG iter 14: obj=1852406.217630, maxRC=97207.180411, +7 cols
    [CG]   [DIAG] iter=14 posCols=7 newCols=7 effImprove=7 updated=0
    [CG] CG iter 15: obj=1852406.217630, maxRC=57656.945377, +6 cols
    [CG]   [DIAG] iter=15 posCols=6 newCols=6 effImprove=6 updated=0
    [CG] CG iter 16: obj=1852434.534364, maxRC=37768.454248, +6 cols
    [CG]   [DIAG] iter=16 posCols=6 newCols=6 effImprove=6 updated=0
    [CG] CG iter 17: obj=1866778.387400, maxRC=27120.825786, +5 cols
    [CG]   [DIAG] iter=17 posCols=5 newCols=5 effImprove=5 updated=0
    [CG] CG iter 18: obj=1874174.255881, maxRC=20850.328174, +5 cols
    [CG]   [DIAG] iter=18 posCols=5 newCols=5 effImprove=5 updated=0
    [CG] CG iter 19: obj=1874174.255881, maxRC=27658.700306, +5 cols
    [CG]   [DIAG] iter=19 posCols=5 newCols=5 effImprove=5 updated=0
    [CG] CG iter 20: obj=1878380.104803, maxRC=15386.245531, +5 cols
    [CG]   [DIAG] iter=20 posCols=5 newCols=5 effImprove=5 updated=0
    [CG] CG iter 21: obj=1878380.104803, maxRC=10072.585318, +5 cols
    [CG]   [DIAG] iter=21 posCols=5 newCols=5 effImprove=5 updated=0
    [CG] CG iter 22: obj=1880898.251133, maxRC=5987.908332, +5 cols
    [CG]   [DIAG] iter=22 posCols=5 newCols=4 effImprove=5 updated=1
    [CG] CG iter 23: obj=1885802.586093, maxRC=5881.642645, +4 cols
    [CG]   [DIAG] iter=23 posCols=4 newCols=4 effImprove=4 updated=0
    [CG] CG iter 24: obj=1885802.586093, maxRC=3055.173715, +1 cols
    [CG]   [DIAG] iter=24 posCols=1 newCols=1 effImprove=1 updated=0
    [CG] CG iter 25: obj=1885802.586093, maxRC=1976.636828, +2 cols
    [CG]   [DIAG] iter=25 posCols=2 newCols=2 effImprove=2 updated=0
    [CG] CG iter 26: obj=1885802.586093, maxRC=287.607380, +1 cols
    [CG]   [DIAG] iter=26 posCols=1 newCols=1 effImprove=1 updated=0
    [CG] CG iter 27: obj=1885802.586093, maxRC=374.393463, +1 cols
    [CG]   [DIAG] iter=27 posCols=1 newCols=1 effImprove=1 updated=0
    [CG] CG iter 28: obj=1885802.586093, maxRC=457.505425, +1 cols
    [CG]   [DIAG] iter=28 posCols=1 newCols=1 effImprove=1 updated=0
    [CG] CG iter 29: obj=1885802.586093, maxRC=337.027968, +1 cols
    [CG]   [DIAG] iter=29 posCols=1 newCols=1 effImprove=1 updated=0
    [CG] 列生成收敛，共 30 轮迭代
    [CG] [CG-NODE] depth=0 exit=CERTIFIED certified=1 feasible=1 iters=30 generatedColsBeforeNode=0 newCols=249 posCandidates=250 duplicateCandidates=1 updatedCols=1 zeroObjImproveIters=16 objFirst=746303.022550 objLast=1885802.586093 objGain=1139499.563543 maxRC=1309690.243276 wallSec=0.227581 pricingSec=0.210868 cplexSolveSec=0.011189
      [BB] 分支定界开始，根节点LP obj=1885802.586093，最大节点数=10000
      [BB] 根节点启发式下界 LB=1731172.165320（上界=1885802.586093）
    [CG] [BB-DIAG] 分支 x_{dc=0,retailer=5}, 节点数=1
    [CG] 列生成开始，初始列数=514
    [CG] CG iter 31: obj=1870715.278318, maxRC=144112.259689, +21 cols
    [CG]   [DIAG] iter=31 posCols=21 newCols=21 effImprove=21 updated=0
    [CG] CG iter 32: obj=1870715.278318, maxRC=98659.638838, +14 cols
    [CG]   [DIAG] iter=32 posCols=14 newCols=13 effImprove=14 updated=1
    [CG] CG iter 33: obj=1870715.278318, maxRC=39740.428160, +7 cols
    [CG]   [DIAG] iter=33 posCols=7 newCols=7 effImprove=7 updated=0
    [CG] CG iter 34: obj=1870715.278318, maxRC=17724.937420, +3 cols
    [CG]   [DIAG] iter=34 posCols=3 newCols=3 effImprove=3 updated=0
    [CG] CG iter 35: obj=1882780.692059, maxRC=18115.128818, +5 cols
    [CG]   [DIAG] iter=35 posCols=5 newCols=5 effImprove=5 updated=0
    [CG] CG iter 36: obj=1882780.692059, maxRC=871.162832, +2 cols
    [CG]   [DIAG] iter=36 posCols=2 newCols=2 effImprove=2 updated=0
    [CG] CG iter 37: obj=1883651.854891, maxRC=451.321503, +1 cols
    [CG]   [DIAG] iter=37 posCols=1 newCols=1 effImprove=1 updated=0
    [CG] CG iter 38: obj=1883651.854891, maxRC=707.194541, +1 cols
    [CG]   [DIAG] iter=38 posCols=1 newCols=1 effImprove=1 updated=0
    [CG] CG iter 39: obj=1883651.854891, maxRC=224.614356, +1 cols
    [CG]   [DIAG] iter=39 posCols=1 newCols=1 effImprove=1 updated=0
    [CG] CG iter 40: obj=1883651.854891, maxRC=137.006176, +1 cols
    [CG]   [DIAG] iter=40 posCols=1 newCols=1 effImprove=1 updated=0
    [CG] CG iter 41: obj=1883651.854891, maxRC=52.436853, +1 cols
    [CG]   [DIAG] iter=41 posCols=1 newCols=1 effImprove=1 updated=0
    [CG] 列生成收敛，共 42 轮迭代
    [CG] [CG-NODE] depth=1 exit=CERTIFIED certified=1 feasible=1 iters=12 generatedColsBeforeNode=249 newCols=56 posCandidates=57 duplicateCandidates=1 updatedCols=1 zeroObjImproveIters=9 objFirst=1870715.278318 objLast=1883651.854891 objGain=12936.576573 maxRC=144112.259689 wallSec=0.057599 pricingSec=0.051374 cplexSolveSec=0.004301
    [CG] 列生成开始，初始列数=512
    [CG] CG iter 43: obj=1865692.740632, maxRC=47463.255406, +19 cols
    [CG]   [DIAG] iter=43 posCols=19 newCols=19 effImprove=19 updated=0
    [CG] CG iter 44: obj=1865692.740632, maxRC=37999.660439, +9 cols
    [CG]   [DIAG] iter=44 posCols=9 newCols=9 effImprove=9 updated=0
    [CG] CG iter 45: obj=1865692.740632, maxRC=25691.407204, +6 cols
    [CG]   [DIAG] iter=45 posCols=6 newCols=6 effImprove=6 updated=0
    [CG] CG iter 46: obj=1865692.740632, maxRC=30898.585934, +6 cols
    [CG]   [DIAG] iter=46 posCols=6 newCols=6 effImprove=6 updated=0
    [CG] CG iter 47: obj=1865692.740632, maxRC=44672.809792, +6 cols
    [CG]   [DIAG] iter=47 posCols=6 newCols=6 effImprove=6 updated=0
    [CG] CG iter 48: obj=1865692.740632, maxRC=32495.979908, +6 cols
    [CG]   [DIAG] iter=48 posCols=6 newCols=6 effImprove=6 updated=0
    [CG] CG iter 49: obj=1865692.740632, maxRC=21602.377868, +5 cols
    [CG]   [DIAG] iter=49 posCols=5 newCols=5 effImprove=5 updated=0
    [CG] CG iter 50: obj=1865692.740632, maxRC=13209.550101, +4 cols
    [CG]   [DIAG] iter=50 posCols=4 newCols=4 effImprove=4 updated=0
    [CG] CG iter 51: obj=1865692.740632, maxRC=13919.915954, +4 cols
    [CG]   [DIAG] iter=51 posCols=4 newCols=4 effImprove=4 updated=0
    [CG] CG iter 52: obj=1865692.740632, maxRC=12452.714668, +2 cols
    [CG]   [DIAG] iter=52 posCols=2 newCols=2 effImprove=2 updated=0
    [CG] CG iter 53: obj=1865692.740632, maxRC=13732.651281, +3 cols
    [CG]   [DIAG] iter=53 posCols=3 newCols=3 effImprove=3 updated=0
    [CG] CG iter 54: obj=1866943.921757, maxRC=11165.638956, +4 cols
    [CG]   [DIAG] iter=54 posCols=4 newCols=4 effImprove=4 updated=0
    [CG] CG iter 55: obj=1878109.560713, maxRC=5335.213533, +4 cols
    [CG]   [DIAG] iter=55 posCols=4 newCols=4 effImprove=4 updated=0
    [CG] CG iter 56: obj=1878109.560713, maxRC=2867.243268, +4 cols
    [CG]   [DIAG] iter=56 posCols=4 newCols=4 effImprove=4 updated=0
    [CG] CG iter 57: obj=1878109.560713, maxRC=159.932289, +1 cols
    [CG]   [DIAG] iter=57 posCols=1 newCols=1 effImprove=1 updated=0
    [CG] 列生成收敛，共 58 轮迭代
    [CG] [CG-NODE] depth=1 exit=CERTIFIED certified=1 feasible=1 iters=16 generatedColsBeforeNode=305 newCols=83 posCandidates=83 duplicateCandidates=0 updatedCols=0 zeroObjImproveIters=13 objFirst=1865692.740632 objLast=1878109.560713 objGain=12416.820082 maxRC=47463.255406 wallSec=0.041288 pricingSec=0.033270 cplexSolveSec=0.005802
    [CG] [BB-INCUMBENT] selection=2 node=1 previous=1731172.165320 value=1878109.560713 active=1
    [CG] [BB-NODESEL] strategy=hybrid choice=dfs eligibleCount=1 active=1 gap=0.002951
    [CG] [BB-INCUMBENT] selection=3 node=1 previous=1878109.560713 value=1883651.854891 active=0
      [BB] 分支定界结束：处理 3 节点，剪枝 0，剩余活跃 0，整数解 3，状态=OPTIMAL，最好可行 obj=1883651.854891，gap=0.000000
