    [CG] 列生成开始，初始列数=310
    [CG] CG iter 1: obj=665839.362672, maxRC=1333935.313765, +27 cols
    [CG]   [DIAG] iter=1 posCols=27 newCols=27 effImprove=27 updated=0
    [CG] CG iter 2: obj=1525314.007985, maxRC=262958.221804, +14 cols
    [CG]   [DIAG] iter=2 posCols=14 newCols=14 effImprove=14 updated=0
    [CG] CG iter 3: obj=1649787.796094, maxRC=622598.544226, +21 cols
    [CG]   [DIAG] iter=3 posCols=21 newCols=21 effImprove=21 updated=0
    [CG] CG iter 4: obj=1673024.352613, maxRC=494038.246916, +24 cols
    [CG]   [DIAG] iter=4 posCols=24 newCols=24 effImprove=24 updated=0
    [CG] CG iter 5: obj=1699632.134329, maxRC=440957.154521, +17 cols
    [CG]   [DIAG] iter=5 posCols=17 newCols=16 effImprove=17 updated=1
    [CG] CG iter 6: obj=1719580.259621, maxRC=389415.700197, +13 cols
    [CG]   [DIAG] iter=6 posCols=13 newCols=13 effImprove=13 updated=0
    [CG] CG iter 7: obj=1735000.471034, maxRC=80324.122218, +10 cols
    [CG]   [DIAG] iter=7 posCols=10 newCols=10 effImprove=10 updated=0
    [CG] CG iter 8: obj=1794180.669966, maxRC=109844.745079, +12 cols
    [CG]   [DIAG] iter=8 posCols=12 newCols=12 effImprove=12 updated=0
    [CG] CG iter 9: obj=1794180.669966, maxRC=174468.536916, +6 cols
    [CG]   [DIAG] iter=9 posCols=6 newCols=6 effImprove=6 updated=0
    [CG] CG iter 10: obj=1794180.669966, maxRC=76325.239863, +6 cols
    [CG]   [DIAG] iter=10 posCols=6 newCols=6 effImprove=6 updated=0
    [CG] CG iter 11: obj=1794180.669966, maxRC=74391.614314, +9 cols
    [CG]   [DIAG] iter=11 posCols=9 newCols=9 effImprove=9 updated=0
    [CG] CG iter 12: obj=1794180.669966, maxRC=58956.226060, +6 cols
    [CG]   [DIAG] iter=12 posCols=6 newCols=6 effImprove=6 updated=0
    [CG] CG iter 13: obj=1794180.669966, maxRC=45556.485117, +6 cols
    [CG]   [DIAG] iter=13 posCols=6 newCols=6 effImprove=6 updated=0
    [CG] CG iter 14: obj=1794180.669966, maxRC=96612.539227, +9 cols
    [CG]   [DIAG] iter=14 posCols=9 newCols=9 effImprove=9 updated=0
    [CG] CG iter 15: obj=1804880.457958, maxRC=44986.007645, +7 cols
    [CG]   [DIAG] iter=15 posCols=7 newCols=7 effImprove=7 updated=0
    [CG] CG iter 16: obj=1805924.121886, maxRC=25584.254762, +6 cols
    [CG]   [DIAG] iter=16 posCols=6 newCols=6 effImprove=6 updated=0
    [CG] CG iter 17: obj=1818716.249266, maxRC=34522.540380, +6 cols
    [CG]   [DIAG] iter=17 posCols=6 newCols=6 effImprove=6 updated=0
    [CG] CG iter 18: obj=1818716.249266, maxRC=28135.334849, +6 cols
    [CG]   [DIAG] iter=18 posCols=6 newCols=6 effImprove=6 updated=0
    [CG] CG iter 19: obj=1818716.249266, maxRC=26177.339152, +5 cols
    [CG]   [DIAG] iter=19 posCols=5 newCols=5 effImprove=5 updated=0
    [CG] CG iter 20: obj=1818716.249266, maxRC=35411.057406, +7 cols
    [CG]   [DIAG] iter=20 posCols=7 newCols=7 effImprove=7 updated=0
    [CG] CG iter 21: obj=1818716.249266, maxRC=20432.957595, +5 cols
    [CG]   [DIAG] iter=21 posCols=5 newCols=5 effImprove=5 updated=0
    [CG] CG iter 22: obj=1818716.249266, maxRC=13589.466560, +5 cols
    [CG]   [DIAG] iter=22 posCols=5 newCols=5 effImprove=5 updated=0
    [CG] CG iter 23: obj=1824138.373667, maxRC=11036.298195, +5 cols
    [CG]   [DIAG] iter=23 posCols=5 newCols=5 effImprove=5 updated=0
    [CG] CG iter 24: obj=1824138.373667, maxRC=7808.266701, +4 cols
    [CG]   [DIAG] iter=24 posCols=4 newCols=4 effImprove=4 updated=0
    [CG] CG iter 25: obj=1824138.373667, maxRC=6291.288731, +4 cols
    [CG]   [DIAG] iter=25 posCols=4 newCols=4 effImprove=4 updated=0
    [CG] CG iter 26: obj=1824138.373667, maxRC=6751.583902, +2 cols
    [CG]   [DIAG] iter=26 posCols=2 newCols=2 effImprove=2 updated=0
    [CG] CG iter 27: obj=1824138.373667, maxRC=185.068250, +1 cols
    [CG]   [DIAG] iter=27 posCols=1 newCols=1 effImprove=1 updated=0
    [CG] CG iter 28: obj=1824138.373667, maxRC=155.574450, +1 cols
    [CG]   [DIAG] iter=28 posCols=1 newCols=1 effImprove=1 updated=0
    [CG] CG iter 29: obj=1824138.373667, maxRC=115.240750, +1 cols
    [CG]   [DIAG] iter=29 posCols=1 newCols=1 effImprove=1 updated=0
    [CG] CG iter 30: obj=1824138.373667, maxRC=64.574972, +1 cols
    [CG]   [DIAG] iter=30 posCols=1 newCols=1 effImprove=1 updated=0
    [CG] CG iter 31: obj=1824138.373667, maxRC=41.971504, +1 cols
    [CG]   [DIAG] iter=31 posCols=1 newCols=1 effImprove=1 updated=0
    [CG] 列生成收敛，共 32 轮迭代
    [CG] [CG-NODE] depth=0 exit=CERTIFIED certified=1 feasible=1 iters=32 generatedColsBeforeNode=0 newCols=246 posCandidates=247 duplicateCandidates=1 updatedCols=1 zeroObjImproveIters=20 objFirst=665839.362672 objLast=1824138.373667 objGain=1158299.010994 maxRC=1333935.313765 wallSec=0.313530 pricingSec=0.278531 cplexSolveSec=0.010854
      [BB] 根节点即为整数解，obj=1824138.373667
