    [CG] 列生成开始，初始列数=310
    [CG] CG iter 1: obj=705251.941489, maxRC=1241687.829921, +27 cols
    [CG]   [DIAG] iter=1 posCols=27 newCols=27 effImprove=27 updated=0
    [CG] CG iter 2: obj=1508854.761622, maxRC=466625.711692, +22 cols
    [CG]   [DIAG] iter=2 posCols=22 newCols=22 effImprove=22 updated=0
    [CG] CG iter 3: obj=1656045.558251, maxRC=657933.294096, +27 cols
    [CG]   [DIAG] iter=3 posCols=27 newCols=26 effImprove=27 updated=1
    [CG] CG iter 4: obj=1713753.283318, maxRC=422171.480720, +20 cols
    [CG]   [DIAG] iter=4 posCols=20 newCols=19 effImprove=20 updated=1
    [CG] CG iter 5: obj=1808281.453646, maxRC=430309.396543, +16 cols
    [CG]   [DIAG] iter=5 posCols=16 newCols=16 effImprove=16 updated=0
    [CG] CG iter 6: obj=1808281.453646, maxRC=338006.349566, +10 cols
    [CG]   [DIAG] iter=6 posCols=10 newCols=10 effImprove=10 updated=0
    [CG] CG iter 7: obj=1808281.453646, maxRC=224020.348972, +8 cols
    [CG]   [DIAG] iter=7 posCols=8 newCols=8 effImprove=8 updated=0
    [CG] CG iter 8: obj=1810070.294196, maxRC=236564.907196, +12 cols
    [CG]   [DIAG] iter=8 posCols=12 newCols=12 effImprove=12 updated=0
    [CG] CG iter 9: obj=1810070.294196, maxRC=250176.673778, +6 cols
    [CG]   [DIAG] iter=9 posCols=6 newCols=6 effImprove=6 updated=0
    [CG] CG iter 10: obj=1810070.294196, maxRC=298202.860496, +6 cols
    [CG]   [DIAG] iter=10 posCols=6 newCols=6 effImprove=6 updated=0
    [CG] CG iter 11: obj=1810070.294196, maxRC=136674.910061, +7 cols
    [CG]   [DIAG] iter=11 posCols=7 newCols=7 effImprove=7 updated=0
    [CG] CG iter 12: obj=1813754.753897, maxRC=149818.953118, +10 cols
    [CG]   [DIAG] iter=12 posCols=10 newCols=10 effImprove=10 updated=0
    [CG] CG iter 13: obj=1814655.532282, maxRC=82356.376600, +9 cols
    [CG]   [DIAG] iter=13 posCols=9 newCols=9 effImprove=9 updated=0
    [CG] CG iter 14: obj=1823895.519688, maxRC=110484.920233, +7 cols
    [CG]   [DIAG] iter=14 posCols=7 newCols=7 effImprove=7 updated=0
    [CG] CG iter 15: obj=1826576.423651, maxRC=101223.832713, +6 cols
    [CG]   [DIAG] iter=15 posCols=6 newCols=6 effImprove=6 updated=0
    [CG] CG iter 16: obj=1831065.015817, maxRC=91392.129425, +9 cols
    [CG]   [DIAG] iter=16 posCols=9 newCols=9 effImprove=9 updated=0
    [CG] CG iter 17: obj=1840463.239084, maxRC=63048.252838, +6 cols
    [CG]   [DIAG] iter=17 posCols=6 newCols=6 effImprove=6 updated=0
    [CG] CG iter 18: obj=1845983.128441, maxRC=52403.808407, +6 cols
    [CG]   [DIAG] iter=18 posCols=6 newCols=6 effImprove=6 updated=0
    [CG] CG iter 19: obj=1845983.128441, maxRC=24639.597143, +6 cols
    [CG]   [DIAG] iter=19 posCols=6 newCols=6 effImprove=6 updated=0
    [CG] CG iter 20: obj=1855147.617406, maxRC=28024.818017, +4 cols
    [CG]   [DIAG] iter=20 posCols=4 newCols=4 effImprove=4 updated=0
    [CG] CG iter 21: obj=1855147.617406, maxRC=32714.644128, +6 cols
    [CG]   [DIAG] iter=21 posCols=6 newCols=6 effImprove=6 updated=0
    [CG] CG iter 22: obj=1855147.617406, maxRC=15351.917422, +5 cols
    [CG]   [DIAG] iter=22 posCols=5 newCols=5 effImprove=5 updated=0
    [CG] CG iter 23: obj=1855147.617406, maxRC=21974.024180, +5 cols
    [CG]   [DIAG] iter=23 posCols=5 newCols=5 effImprove=5 updated=0
    [CG] CG iter 24: obj=1857153.412233, maxRC=16771.402686, +3 cols
    [CG]   [DIAG] iter=24 posCols=3 newCols=3 effImprove=3 updated=0
    [CG] CG iter 25: obj=1857153.412233, maxRC=12515.409995, +3 cols
    [CG]   [DIAG] iter=25 posCols=3 newCols=3 effImprove=3 updated=0
    [CG] CG iter 26: obj=1857153.412233, maxRC=5775.678581, +3 cols
    [CG]   [DIAG] iter=26 posCols=3 newCols=3 effImprove=3 updated=0
    [CG] CG iter 27: obj=1857153.412233, maxRC=4056.007464, +4 cols
    [CG]   [DIAG] iter=27 posCols=4 newCols=4 effImprove=4 updated=0
    [CG] CG iter 28: obj=1857153.412233, maxRC=3875.351152, +3 cols
    [CG]   [DIAG] iter=28 posCols=3 newCols=3 effImprove=3 updated=0
    [CG] CG iter 29: obj=1857153.412233, maxRC=2685.536555, +3 cols
    [CG]   [DIAG] iter=29 posCols=3 newCols=3 effImprove=3 updated=0
    [CG] CG iter 30: obj=1857153.412233, maxRC=218.841426, +2 cols
    [CG]   [DIAG] iter=30 posCols=2 newCols=2 effImprove=2 updated=0
    [CG] CG iter 31: obj=1857153.412233, maxRC=379.606218, +2 cols
    [CG]   [DIAG] iter=31 posCols=2 newCols=2 effImprove=2 updated=0
    [CG] CG iter 32: obj=1857153.412233, maxRC=153.434518, +1 cols
    [CG]   [DIAG] iter=32 posCols=1 newCols=1 effImprove=1 updated=0
    [CG] CG iter 33: obj=1857153.412233, maxRC=88.804891, +1 cols
    [CG]   [DIAG] iter=33 posCols=1 newCols=1 effImprove=1 updated=0
    [CG] 列生成收敛，共 34 轮迭代
    [CG] [CG-NODE] depth=0 exit=CERTIFIED certified=1 feasible=1 iters=34 generatedColsBeforeNode=0 newCols=263 posCandidates=265 duplicateCandidates=2 updatedCols=2 zeroObjImproveIters=19 objFirst=705251.941489 objLast=1857153.412233 objGain=1151901.470745 maxRC=1241687.829921 wallSec=0.197116 pricingSec=0.180977 cplexSolveSec=0.010734
      [BB] 分支定界开始，根节点LP obj=1857153.412233，最大节点数=10000
      [BB] 根节点启发式下界 LB=1800960.953914（上界=1857153.412233）
    [CG] [BB-DIAG] 分支 x_{dc=0,retailer=5}, 节点数=1
    [CG] 列生成开始，初始列数=530
    [CG] CG iter 35: obj=1838118.398328, maxRC=100319.363454, +10 cols
    [CG]   [DIAG] iter=35 posCols=10 newCols=10 effImprove=10 updated=0
    [CG] CG iter 36: obj=1838118.398328, maxRC=60259.678137, +8 cols
    [CG]   [DIAG] iter=36 posCols=8 newCols=8 effImprove=8 updated=0
    [CG] CG iter 37: obj=1838118.398328, maxRC=21582.760994, +6 cols
    [CG]   [DIAG] iter=37 posCols=6 newCols=6 effImprove=6 updated=0
    [CG] CG iter 38: obj=1843431.711548, maxRC=15396.855827, +4 cols
    [CG]   [DIAG] iter=38 posCols=4 newCols=4 effImprove=4 updated=0
    [CG] CG iter 39: obj=1855217.747211, maxRC=11090.855936, +5 cols
    [CG]   [DIAG] iter=39 posCols=5 newCols=5 effImprove=5 updated=0
    [CG] CG iter 40: obj=1855217.747211, maxRC=13301.546152, +3 cols
    [CG]   [DIAG] iter=40 posCols=3 newCols=3 effImprove=3 updated=0
    [CG] CG iter 41: obj=1855217.747211, maxRC=13229.530926, +3 cols
    [CG]   [DIAG] iter=41 posCols=3 newCols=3 effImprove=3 updated=0
    [CG] CG iter 42: obj=1855217.747211, maxRC=10826.418481, +2 cols
    [CG]   [DIAG] iter=42 posCols=2 newCols=2 effImprove=2 updated=0
    [CG] CG iter 43: obj=1855217.747211, maxRC=15541.482196, +3 cols
    [CG]   [DIAG] iter=43 posCols=3 newCols=3 effImprove=3 updated=0
    [CG] CG iter 44: obj=1855217.747211, maxRC=652.821723, +1 cols
    [CG]   [DIAG] iter=44 posCols=1 newCols=1 effImprove=1 updated=0
    [CG] CG iter 45: obj=1855217.747211, maxRC=397.216415, +1 cols
    [CG]   [DIAG] iter=45 posCols=1 newCols=1 effImprove=1 updated=0
    [CG] CG iter 46: obj=1855217.747211, maxRC=354.209850, +1 cols
    [CG]   [DIAG] iter=46 posCols=1 newCols=1 effImprove=1 updated=0
    [CG] CG iter 47: obj=1855217.747211, maxRC=288.667540, +1 cols
    [CG]   [DIAG] iter=47 posCols=1 newCols=1 effImprove=1 updated=0
    [CG] CG iter 48: obj=1855217.747211, maxRC=114.647440, +1 cols
    [CG]   [DIAG] iter=48 posCols=1 newCols=1 effImprove=1 updated=0
    [CG] CG iter 49: obj=1855217.747211, maxRC=45.961403, +1 cols
    [CG]   [DIAG] iter=49 posCols=1 newCols=1 effImprove=1 updated=0
    [CG] CG iter 50: obj=1855217.747211, maxRC=45.296891, +1 cols
    [CG]   [DIAG] iter=50 posCols=1 newCols=1 effImprove=1 updated=0
    [CG] CG iter 51: obj=1855217.747211, maxRC=39.733412, +1 cols
    [CG]   [DIAG] iter=51 posCols=1 newCols=1 effImprove=1 updated=0
    [CG] 列生成收敛，共 52 轮迭代
    [CG] [CG-NODE] depth=1 exit=CERTIFIED certified=1 feasible=1 iters=18 generatedColsBeforeNode=263 newCols=52 posCandidates=52 duplicateCandidates=0 updatedCols=0 zeroObjImproveIters=15 objFirst=1838118.398328 objLast=1855217.747211 objGain=17099.348883 maxRC=100319.363454 wallSec=0.077112 pricingSec=0.069434 cplexSolveSec=0.005449
    [CG] 列生成开始，初始列数=518
    [CG] CG iter 53: obj=1835910.340332, maxRC=118759.790050, +13 cols
    [CG]   [DIAG] iter=53 posCols=13 newCols=13 effImprove=13 updated=0
    [CG] CG iter 54: obj=1835910.340332, maxRC=73138.666772, +9 cols
    [CG]   [DIAG] iter=54 posCols=9 newCols=9 effImprove=9 updated=0
    [CG] CG iter 55: obj=1835910.340332, maxRC=69817.293613, +10 cols
    [CG]   [DIAG] iter=55 posCols=10 newCols=10 effImprove=10 updated=0
    [CG] CG iter 56: obj=1835910.340332, maxRC=36393.117157, +8 cols
    [CG]   [DIAG] iter=56 posCols=8 newCols=8 effImprove=8 updated=0
    [CG] CG iter 57: obj=1835910.340332, maxRC=34816.486582, +7 cols
    [CG]   [DIAG] iter=57 posCols=7 newCols=6 effImprove=7 updated=1
    [CG] CG iter 58: obj=1835910.340332, maxRC=41999.280033, +6 cols
    [CG]   [DIAG] iter=58 posCols=6 newCols=6 effImprove=6 updated=0
    [CG] CG iter 59: obj=1835910.340332, maxRC=25882.219719, +5 cols
    [CG]   [DIAG] iter=59 posCols=5 newCols=5 effImprove=5 updated=0
    [CG] CG iter 60: obj=1835910.340332, maxRC=19414.541147, +5 cols
    [CG]   [DIAG] iter=60 posCols=5 newCols=5 effImprove=5 updated=0
    [CG] CG iter 61: obj=1835910.340332, maxRC=32118.595798, +6 cols
    [CG]   [DIAG] iter=61 posCols=6 newCols=6 effImprove=6 updated=0
    [CG] CG iter 62: obj=1835910.340332, maxRC=18774.215306, +4 cols
    [CG]   [DIAG] iter=62 posCols=4 newCols=4 effImprove=4 updated=0
    [CG] CG iter 63: obj=1835910.340332, maxRC=17456.530402, +4 cols
    [CG]   [DIAG] iter=63 posCols=4 newCols=4 effImprove=4 updated=0
    [CG] CG iter 64: obj=1835910.340332, maxRC=13367.491994, +4 cols
    [CG]   [DIAG] iter=64 posCols=4 newCols=4 effImprove=4 updated=0
    [CG] CG iter 65: obj=1849277.832326, maxRC=18316.890962, +6 cols
    [CG]   [DIAG] iter=65 posCols=6 newCols=6 effImprove=6 updated=0
    [CG] CG iter 66: obj=1849277.832326, maxRC=8068.146732, +4 cols
    [CG]   [DIAG] iter=66 posCols=4 newCols=4 effImprove=4 updated=0
    [CG] CG iter 67: obj=1849277.832326, maxRC=2203.841669, +3 cols
    [CG]   [DIAG] iter=67 posCols=3 newCols=3 effImprove=3 updated=0
    [CG] CG iter 68: obj=1849277.832326, maxRC=1619.145633, +1 cols
    [CG]   [DIAG] iter=68 posCols=1 newCols=0 effImprove=1 updated=1
    [CG] CG iter 69: obj=1849277.832326, maxRC=448.374676, +1 cols
    [CG]   [DIAG] iter=69 posCols=1 newCols=1 effImprove=1 updated=0
    [CG] 列生成收敛，共 70 轮迭代
    [CG] [CG-NODE] depth=1 exit=CERTIFIED certified=1 feasible=1 iters=18 generatedColsBeforeNode=315 newCols=94 posCandidates=96 duplicateCandidates=2 updatedCols=2 zeroObjImproveIters=16 objFirst=1835910.340332 objLast=1849277.832326 objGain=13367.491994 maxRC=118759.790050 wallSec=0.051619 pricingSec=0.042231 cplexSolveSec=0.006694
    [CG] [BB-INCUMBENT] selection=2 node=1 previous=1800960.953914 value=1849277.832326 active=1
    [CG] [BB-NODESEL] strategy=hybrid choice=dfs eligibleCount=1 active=1 gap=0.003212
    [CG] [BB-INCUMBENT] selection=3 node=1 previous=1849277.832326 value=1855217.747211 active=0
      [BB] 分支定界结束：处理 3 节点，剪枝 0，剩余活跃 0，整数解 3，状态=OPTIMAL，最好可行 obj=1855217.747211，gap=0.000000
