    [CG] 列生成开始，初始列数=310
    [CG] CG iter 1: obj=515729.478000, maxRC=901711.023749, +30 cols
    [CG]   [DIAG] iter=1 posCols=30 newCols=30 effImprove=30 updated=0
    [CG] CG iter 2: obj=1111241.719181, maxRC=406713.836640, +27 cols
    [CG]   [DIAG] iter=2 posCols=27 newCols=27 effImprove=27 updated=0
    [CG] CG iter 3: obj=1163216.028569, maxRC=379972.445967, +28 cols
    [CG]   [DIAG] iter=3 posCols=28 newCols=28 effImprove=28 updated=0
    [CG] CG iter 4: obj=1270014.644680, maxRC=293604.158554, +24 cols
    [CG]   [DIAG] iter=4 posCols=24 newCols=23 effImprove=24 updated=1
    [CG] CG iter 5: obj=1287236.266982, maxRC=217822.346774, +23 cols
    [CG]   [DIAG] iter=5 posCols=23 newCols=23 effImprove=23 updated=0
    [CG] CG iter 6: obj=1425075.298416, maxRC=187305.316557, +19 cols
    [CG]   [DIAG] iter=6 posCols=19 newCols=19 effImprove=19 updated=0
    [CG] CG iter 7: obj=1429132.159374, maxRC=210778.377767, +23 cols
    [CG]   [DIAG] iter=7 posCols=23 newCols=23 effImprove=23 updated=0
    [CG] CG iter 8: obj=1429132.159374, maxRC=249905.439509, +24 cols
    [CG]   [DIAG] iter=8 posCols=24 newCols=24 effImprove=24 updated=0
    [CG] CG iter 9: obj=1435706.205003, maxRC=74243.870020, +20 cols
    [CG]   [DIAG] iter=9 posCols=20 newCols=19 effImprove=20 updated=1
    [CG] CG iter 10: obj=1442166.976255, maxRC=66025.809857, +14 cols
    [CG]   [DIAG] iter=10 posCols=14 newCols=14 effImprove=14 updated=0
    [CG] CG iter 11: obj=1469631.151431, maxRC=60238.134524, +16 cols
    [CG]   [DIAG] iter=11 posCols=16 newCols=16 effImprove=16 updated=0
    [CG] CG iter 12: obj=1472187.088449, maxRC=30781.902243, +12 cols
    [CG]   [DIAG] iter=12 posCols=12 newCols=12 effImprove=12 updated=0
    [CG] CG iter 13: obj=1483896.786036, maxRC=19768.263682, +12 cols
    [CG]   [DIAG] iter=13 posCols=12 newCols=12 effImprove=12 updated=0
    [CG] CG iter 14: obj=1489118.004665, maxRC=16210.977111, +10 cols
    [CG]   [DIAG] iter=14 posCols=10 newCols=10 effImprove=10 updated=0
    [CG] CG iter 15: obj=1499291.010983, maxRC=4828.038889, +6 cols
    [CG]   [DIAG] iter=15 posCols=6 newCols=6 effImprove=6 updated=0
    [CG] CG iter 16: obj=1499291.010983, maxRC=3715.002066, +3 cols
    [CG]   [DIAG] iter=16 posCols=3 newCols=3 effImprove=3 updated=0
    [CG] 列生成收敛，共 17 轮迭代
    [CG] [CG-NODE] depth=0 exit=CERTIFIED certified=1 feasible=1 iters=17 generatedColsBeforeNode=0 newCols=289 posCandidates=291 duplicateCandidates=2 updatedCols=2 zeroObjImproveIters=3 objFirst=515729.478000 objLast=1499291.010983 objGain=983561.532983 maxRC=901711.023749 wallSec=0.245543 pricingSec=0.232695 cplexSolveSec=0.007443
      [BB] 分支定界开始，根节点LP obj=1499291.010983，最大节点数=10000
      [BB] 根节点启发式下界 LB=1252203.280983（上界=1499291.010983）
    [CG] [BB-DIAG] 分支 x_{dc=0,retailer=28}, 节点数=1
    [CG] 列生成开始，初始列数=571
    [CG] CG iter 18: obj=1486996.898242, maxRC=43272.570978, +15 cols
    [CG]   [DIAG] iter=18 posCols=15 newCols=14 effImprove=15 updated=1
    [CG] CG iter 19: obj=1496768.781036, maxRC=19792.947346, +10 cols
    [CG]   [DIAG] iter=19 posCols=10 newCols=9 effImprove=10 updated=1
    [CG] CG iter 20: obj=1496768.781036, maxRC=14439.819760, +9 cols
    [CG]   [DIAG] iter=20 posCols=9 newCols=9 effImprove=9 updated=0
    [CG] CG iter 21: obj=1496768.781036, maxRC=11335.333208, +7 cols
    [CG]   [DIAG] iter=21 posCols=7 newCols=6 effImprove=7 updated=1
    [CG] CG iter 22: obj=1496768.781036, maxRC=7019.955405, +5 cols
    [CG]   [DIAG] iter=22 posCols=5 newCols=5 effImprove=5 updated=0
    [CG] CG iter 23: obj=1496768.781036, maxRC=3280.648619, +2 cols
    [CG]   [DIAG] iter=23 posCols=2 newCols=2 effImprove=2 updated=0
    [CG] CG iter 24: obj=1496768.781036, maxRC=980.915620, +1 cols
    [CG]   [DIAG] iter=24 posCols=1 newCols=1 effImprove=1 updated=0
    [CG] 列生成收敛，共 25 轮迭代
    [CG] [CG-NODE] depth=1 exit=CERTIFIED certified=1 feasible=1 iters=8 generatedColsBeforeNode=289 newCols=46 posCandidates=49 duplicateCandidates=3 updatedCols=3 zeroObjImproveIters=6 objFirst=1486996.898242 objLast=1496768.781036 objGain=9771.882795 maxRC=43272.570978 wallSec=0.073537 pricingSec=0.068111 cplexSolveSec=0.003429
    [CG] 列生成开始，初始列数=565
    [CG] CG iter 26: obj=1497071.245645, maxRC=30217.431005, +10 cols
    [CG]   [DIAG] iter=26 posCols=10 newCols=10 effImprove=10 updated=0
    [CG] CG iter 27: obj=1497071.245645, maxRC=33110.082185, +11 cols
    [CG]   [DIAG] iter=27 posCols=11 newCols=11 effImprove=11 updated=0
    [CG] CG iter 28: obj=1497071.245645, maxRC=16213.447466, +5 cols
    [CG]   [DIAG] iter=28 posCols=5 newCols=5 effImprove=5 updated=0
    [CG] CG iter 29: obj=1497071.245645, maxRC=1742.274603, +4 cols
    [CG]   [DIAG] iter=29 posCols=4 newCols=4 effImprove=4 updated=0
    [CG] CG iter 30: obj=1497071.245645, maxRC=96.525959, +1 cols
    [CG]   [DIAG] iter=30 posCols=1 newCols=1 effImprove=1 updated=0
    [CG] 列生成收敛，共 31 轮迭代
    [CG] [CG-NODE] depth=1 exit=CERTIFIED certified=1 feasible=1 iters=6 generatedColsBeforeNode=335 newCols=31 posCandidates=31 duplicateCandidates=0 updatedCols=0 zeroObjImproveIters=5 objFirst=1497071.245645 objLast=1497071.245645 objGain=0.000000 maxRC=33110.082185 wallSec=0.053743 pricingSec=0.049693 cplexSolveSec=0.002673
    [CG] [BB-INCUMBENT] selection=2 node=1 previous=1252203.280983 value=1497071.245645 active=1
    [CG] [BB-NODESEL] strategy=hybrid choice=dfs eligibleCount=1 active=1 gap=0.000000
      [BB] 分支定界结束：处理 3 节点，剪枝 1，剩余活跃 0，整数解 2，状态=OPTIMAL，最好可行 obj=1497071.245645，gap=0.000000
