    [CG] 列生成开始，初始列数=310
    [CG] CG iter 1: obj=716742.607106, maxRC=892907.309212, +30 cols
    [CG]   [DIAG] iter=1 posCols=30 newCols=30 effImprove=30 updated=0
    [CG] CG iter 2: obj=1177583.284454, maxRC=348366.390503, +28 cols
    [CG]   [DIAG] iter=2 posCols=28 newCols=28 effImprove=28 updated=0
    [CG] CG iter 3: obj=1376473.430747, maxRC=367005.798367, +27 cols
    [CG]   [DIAG] iter=3 posCols=27 newCols=26 effImprove=27 updated=1
    [CG] CG iter 4: obj=1389704.782511, maxRC=282853.153686, +22 cols
    [CG]   [DIAG] iter=4 posCols=22 newCols=22 effImprove=22 updated=0
    [CG] CG iter 5: obj=1461995.199242, maxRC=165844.578760, +18 cols
    [CG]   [DIAG] iter=5 posCols=18 newCols=18 effImprove=18 updated=0
    [CG] CG iter 6: obj=1536210.631934, maxRC=176118.557347, +18 cols
    [CG]   [DIAG] iter=6 posCols=18 newCols=18 effImprove=18 updated=0
    [CG] CG iter 7: obj=1558944.033502, maxRC=179807.171429, +17 cols
    [CG]   [DIAG] iter=7 posCols=17 newCols=16 effImprove=17 updated=1
    [CG] CG iter 8: obj=1585061.908247, maxRC=56269.110904, +19 cols
    [CG]   [DIAG] iter=8 posCols=19 newCols=19 effImprove=19 updated=0
    [CG] CG iter 9: obj=1587758.529835, maxRC=65972.393594, +15 cols
    [CG]   [DIAG] iter=9 posCols=15 newCols=15 effImprove=15 updated=0
    [CG] CG iter 10: obj=1607319.133479, maxRC=31891.553366, +14 cols
    [CG]   [DIAG] iter=10 posCols=14 newCols=13 effImprove=14 updated=1
    [CG] CG iter 11: obj=1635576.468212, maxRC=21900.256606, +12 cols
    [CG]   [DIAG] iter=11 posCols=12 newCols=12 effImprove=12 updated=0
    [CG] CG iter 12: obj=1638178.032184, maxRC=22309.565546, +11 cols
    [CG]   [DIAG] iter=12 posCols=11 newCols=10 effImprove=11 updated=1
    [CG] CG iter 13: obj=1647398.283059, maxRC=9239.664871, +9 cols
    [CG]   [DIAG] iter=13 posCols=9 newCols=9 effImprove=9 updated=0
    [CG] CG iter 14: obj=1654386.514622, maxRC=2111.393074, +6 cols
    [CG]   [DIAG] iter=14 posCols=6 newCols=6 effImprove=6 updated=0
    [CG] CG iter 15: obj=1656933.436508, maxRC=325.988331, +2 cols
    [CG]   [DIAG] iter=15 posCols=2 newCols=2 effImprove=2 updated=0
    [CG] 列生成收敛，共 16 轮迭代
    [CG] [CG-NODE] depth=0 exit=CERTIFIED certified=1 feasible=1 iters=16 generatedColsBeforeNode=0 newCols=244 posCandidates=248 duplicateCandidates=4 updatedCols=4 zeroObjImproveIters=1 objFirst=716742.607106 objLast=1656933.436508 objGain=940190.829402 maxRC=892907.309212 wallSec=0.111236 pricingSec=0.100384 cplexSolveSec=0.006706
      [BB] 根节点即为整数解，obj=1656933.436508
