    [CG] 列生成开始，初始列数=310
    [CG] CG iter 1: obj=860374.176787, maxRC=1306097.669965, +30 cols
    [CG]   [DIAG] iter=1 posCols=30 newCols=30 effImprove=30 updated=0
    [CG] CG iter 2: obj=1675496.173828, maxRC=264623.312366, +22 cols
    [CG]   [DIAG] iter=2 posCols=22 newCols=22 effImprove=22 updated=0
    [CG] CG iter 3: obj=1760621.392265, maxRC=358011.194053, +27 cols
    [CG]   [DIAG] iter=3 posCols=27 newCols=27 effImprove=27 updated=0
    [CG] CG iter 4: obj=1832781.915554, maxRC=357813.770674, +23 cols
    [CG]   [DIAG] iter=4 posCols=23 newCols=23 effImprove=23 updated=0
    [CG] CG iter 5: obj=1857797.699772, maxRC=170765.435331, +19 cols
    [CG]   [DIAG] iter=5 posCols=19 newCols=19 effImprove=19 updated=0
    [CG] CG iter 6: obj=1929375.896836, maxRC=89738.527391, +16 cols
    [CG]   [DIAG] iter=6 posCols=16 newCols=15 effImprove=16 updated=1
    [CG] CG iter 7: obj=1962962.203392, maxRC=140689.432887, +14 cols
    [CG]   [DIAG] iter=7 posCols=14 newCols=13 effImprove=14 updated=1
    [CG] CG iter 8: obj=1966757.257086, maxRC=76413.895971, +15 cols
    [CG]   [DIAG] iter=8 posCols=15 newCols=15 effImprove=15 updated=0
    [CG] CG iter 9: obj=1981506.531731, maxRC=64647.303082, +10 cols
    [CG]   [DIAG] iter=9 posCols=10 newCols=10 effImprove=10 updated=0
    [CG] CG iter 10: obj=1983969.617919, maxRC=25325.761075, +10 cols
    [CG]   [DIAG] iter=10 posCols=10 newCols=10 effImprove=10 updated=0
    [CG] CG iter 11: obj=1990766.963723, maxRC=25624.748067, +10 cols
    [CG]   [DIAG] iter=11 posCols=10 newCols=10 effImprove=10 updated=0
    [CG] CG iter 12: obj=1992473.989582, maxRC=17788.561797, +7 cols
    [CG]   [DIAG] iter=12 posCols=7 newCols=7 effImprove=7 updated=0
    [CG] CG iter 13: obj=1992473.989582, maxRC=15041.241141, +5 cols
    [CG]   [DIAG] iter=13 posCols=5 newCols=5 effImprove=5 updated=0
    [CG] CG iter 14: obj=1998988.972070, maxRC=7697.257901, +7 cols
    [CG]   [DIAG] iter=14 posCols=7 newCols=6 effImprove=7 updated=1
    [CG] CG iter 15: obj=2002852.567487, maxRC=1982.924120, +2 cols
    [CG]   [DIAG] iter=15 posCols=2 newCols=2 effImprove=2 updated=0
    [CG] CG iter 16: obj=2002852.567487, maxRC=762.129534, +1 cols
    [CG]   [DIAG] iter=16 posCols=1 newCols=1 effImprove=1 updated=0
    [CG] 列生成收敛，共 17 轮迭代
    [CG] [CG-NODE] depth=0 exit=CERTIFIED certified=1 feasible=1 iters=17 generatedColsBeforeNode=0 newCols=215 posCandidates=218 duplicateCandidates=3 updatedCols=3 zeroObjImproveIters=2 objFirst=860374.176787 objLast=2003614.697021 objGain=1143240.520235 maxRC=1306097.669965 wallSec=0.103001 pricingSec=0.094592 cplexSolveSec=0.005683
      [BB] 根节点即为整数解，obj=2003614.697021
