    [CG] 列生成开始，初始列数=310
    [CG] CG iter 1: obj=905762.072521, maxRC=1142576.814906, +30 cols
    [CG]   [DIAG] iter=1 posCols=30 newCols=30 effImprove=30 updated=0
    [CG] CG iter 2: obj=1605004.192546, maxRC=294271.561406, +27 cols
    [CG]   [DIAG] iter=2 posCols=27 newCols=27 effImprove=27 updated=0
    [CG] CG iter 3: obj=1715999.400010, maxRC=538681.727972, +27 cols
    [CG]   [DIAG] iter=3 posCols=27 newCols=27 effImprove=27 updated=0
    [CG] CG iter 4: obj=1873911.988682, maxRC=316845.672151, +27 cols
    [CG]   [DIAG] iter=4 posCols=27 newCols=27 effImprove=27 updated=0
    [CG] CG iter 5: obj=1918138.308386, maxRC=171905.839763, +22 cols
    [CG]   [DIAG] iter=5 posCols=22 newCols=22 effImprove=22 updated=0
    [CG] CG iter 6: obj=1966449.517805, maxRC=210140.081843, +22 cols
    [CG]   [DIAG] iter=6 posCols=22 newCols=22 effImprove=22 updated=0
    [CG] CG iter 7: obj=1984814.131374, maxRC=139759.479047, +23 cols
    [CG]   [DIAG] iter=7 posCols=23 newCols=23 effImprove=23 updated=0
    [CG] CG iter 8: obj=2031480.069720, maxRC=127876.266783, +19 cols
    [CG]   [DIAG] iter=8 posCols=19 newCols=19 effImprove=19 updated=0
    [CG] CG iter 9: obj=2057100.404053, maxRC=90205.867723, +21 cols
    [CG]   [DIAG] iter=9 posCols=21 newCols=21 effImprove=21 updated=0
    [CG] CG iter 10: obj=2078820.532296, maxRC=62783.799865, +15 cols
    [CG]   [DIAG] iter=10 posCols=15 newCols=15 effImprove=15 updated=0
    [CG] CG iter 11: obj=2126771.445481, maxRC=66944.650835, +17 cols
    [CG]   [DIAG] iter=11 posCols=17 newCols=17 effImprove=17 updated=0
    [CG] CG iter 12: obj=2126771.445481, maxRC=78967.157274, +15 cols
    [CG]   [DIAG] iter=12 posCols=15 newCols=15 effImprove=15 updated=0
    [CG] CG iter 13: obj=2127433.242111, maxRC=43212.544698, +17 cols
    [CG]   [DIAG] iter=13 posCols=17 newCols=17 effImprove=17 updated=0
    [CG] CG iter 14: obj=2147132.124858, maxRC=31680.446128, +13 cols
    [CG]   [DIAG] iter=14 posCols=13 newCols=12 effImprove=13 updated=1
    [CG] CG iter 15: obj=2152486.040874, maxRC=20953.984688, +12 cols
    [CG]   [DIAG] iter=15 posCols=12 newCols=12 effImprove=12 updated=0
    [CG] CG iter 16: obj=2153304.449116, maxRC=21477.846819, +12 cols
    [CG]   [DIAG] iter=16 posCols=12 newCols=12 effImprove=12 updated=0
    [CG] CG iter 17: obj=2159217.795379, maxRC=8987.664449, +12 cols
    [CG]   [DIAG] iter=17 posCols=12 newCols=12 effImprove=12 updated=0
    [CG] CG iter 18: obj=2164178.842960, maxRC=9172.659135, +6 cols
    [CG]   [DIAG] iter=18 posCols=6 newCols=6 effImprove=6 updated=0
    [CG] CG iter 19: obj=2164178.842960, maxRC=5570.929838, +4 cols
    [CG]   [DIAG] iter=19 posCols=4 newCols=4 effImprove=4 updated=0
    [CG] CG iter 20: obj=2168557.770563, maxRC=5766.526149, +2 cols
    [CG]   [DIAG] iter=20 posCols=2 newCols=2 effImprove=2 updated=0
    [CG] CG iter 21: obj=2168557.770563, maxRC=470.358001, +1 cols
    [CG]   [DIAG] iter=21 posCols=1 newCols=1 effImprove=1 updated=0
    [CG] 列生成收敛，共 22 轮迭代
    [CG] [CG-NODE] depth=0 exit=CERTIFIED certified=1 feasible=1 iters=22 generatedColsBeforeNode=0 newCols=343 posCandidates=344 duplicateCandidates=1 updatedCols=1 zeroObjImproveIters=4 objFirst=905762.072521 objLast=2168557.770563 objGain=1262795.698042 maxRC=1142576.814906 wallSec=0.183903 pricingSec=0.170496 cplexSolveSec=0.009556
      [BB] 根节点即为整数解，obj=2168557.770563
