    [CG] 列生成开始，初始列数=310
    [CG] CG iter 1: obj=936940.005922, maxRC=1330098.239185, +30 cols
    [CG]   [DIAG] iter=1 posCols=30 newCols=30 effImprove=30 updated=0
    [CG] CG iter 2: obj=1750127.861689, maxRC=251178.421206, +27 cols
    [CG]   [DIAG] iter=2 posCols=27 newCols=27 effImprove=27 updated=0
    [CG] CG iter 3: obj=1788728.391905, maxRC=400273.544398, +28 cols
    [CG]   [DIAG] iter=3 posCols=28 newCols=28 effImprove=28 updated=0
    [CG] CG iter 4: obj=1961939.136564, maxRC=278706.362804, +27 cols
    [CG]   [DIAG] iter=4 posCols=27 newCols=27 effImprove=27 updated=0
    [CG] CG iter 5: obj=2011990.694940, maxRC=163183.458970, +27 cols
    [CG]   [DIAG] iter=5 posCols=27 newCols=27 effImprove=27 updated=0
    [CG] CG iter 6: obj=2068120.841545, maxRC=146695.623185, +24 cols
    [CG]   [DIAG] iter=6 posCols=24 newCols=24 effImprove=24 updated=0
    [CG] CG iter 7: obj=2103278.219656, maxRC=71700.725061, +19 cols
    [CG]   [DIAG] iter=7 posCols=19 newCols=19 effImprove=19 updated=0
    [CG] CG iter 8: obj=2135769.130173, maxRC=102066.041638, +21 cols
    [CG]   [DIAG] iter=8 posCols=21 newCols=21 effImprove=21 updated=0
    [CG] CG iter 9: obj=2153529.343381, maxRC=60480.258777, +16 cols
    [CG]   [DIAG] iter=9 posCols=16 newCols=16 effImprove=16 updated=0
    [CG] CG iter 10: obj=2177011.409563, maxRC=74113.623910, +21 cols
    [CG]   [DIAG] iter=10 posCols=21 newCols=20 effImprove=21 updated=1
    [CG] CG iter 11: obj=2187720.791322, maxRC=44515.621653, +18 cols
    [CG]   [DIAG] iter=11 posCols=18 newCols=18 effImprove=18 updated=0
    [CG] CG iter 12: obj=2199571.838311, maxRC=21547.464231, +13 cols
    [CG]   [DIAG] iter=12 posCols=13 newCols=13 effImprove=13 updated=0
    [CG] CG iter 13: obj=2216559.230050, maxRC=26639.999897, +10 cols
    [CG]   [DIAG] iter=13 posCols=10 newCols=10 effImprove=10 updated=0
    [CG] CG iter 14: obj=2216559.230050, maxRC=23592.849436, +12 cols
    [CG]   [DIAG] iter=14 posCols=12 newCols=12 effImprove=12 updated=0
    [CG] CG iter 15: obj=2237655.671169, maxRC=20245.124134, +13 cols
    [CG]   [DIAG] iter=15 posCols=13 newCols=13 effImprove=13 updated=0
    [CG] CG iter 16: obj=2237655.671169, maxRC=7736.183916, +6 cols
    [CG]   [DIAG] iter=16 posCols=6 newCols=6 effImprove=6 updated=0
    [CG] CG iter 17: obj=2237723.020474, maxRC=924.583346, +2 cols
    [CG]   [DIAG] iter=17 posCols=2 newCols=2 effImprove=2 updated=0
    [CG] CG iter 18: obj=2237723.020474, maxRC=719.146525, +2 cols
    [CG]   [DIAG] iter=18 posCols=2 newCols=2 effImprove=2 updated=0
    [CG] CG iter 19: obj=2238442.166999, maxRC=151.782567, +1 cols
    [CG]   [DIAG] iter=19 posCols=1 newCols=1 effImprove=1 updated=0
    [CG] CG iter 20: obj=2238442.166999, maxRC=7.797462, +1 cols
    [CG]   [DIAG] iter=20 posCols=1 newCols=1 effImprove=1 updated=0
    [CG] 列生成收敛，共 21 轮迭代
    [CG] [CG-NODE] depth=0 exit=CERTIFIED certified=1 feasible=1 iters=21 generatedColsBeforeNode=0 newCols=317 posCandidates=318 duplicateCandidates=1 updatedCols=1 zeroObjImproveIters=5 objFirst=936940.005922 objLast=2238442.166999 objGain=1301502.161077 maxRC=1330098.239185 wallSec=0.205322 pricingSec=0.191427 cplexSolveSec=0.009055
      [BB] 根节点即为整数解，obj=2238442.166999
