    [CG] 列生成开始，初始列数=310
    [CG] CG iter 1: obj=921502.564420, maxRC=1324937.995098, +30 cols
    [CG]   [DIAG] iter=1 posCols=30 newCols=30 effImprove=30 updated=0
    [CG] CG iter 2: obj=1740976.220584, maxRC=277668.789891, +27 cols
    [CG]   [DIAG] iter=2 posCols=27 newCols=27 effImprove=27 updated=0
    [CG] CG iter 3: obj=1855799.890034, maxRC=471641.245307, +27 cols
    [CG]   [DIAG] iter=3 posCols=27 newCols=27 effImprove=27 updated=0
    [CG] CG iter 4: obj=1964211.707210, maxRC=325056.510960, +26 cols
    [CG]   [DIAG] iter=4 posCols=26 newCols=26 effImprove=26 updated=0
    [CG] CG iter 5: obj=2007359.317950, maxRC=197651.306707, +24 cols
    [CG]   [DIAG] iter=5 posCols=24 newCols=24 effImprove=24 updated=0
    [CG] CG iter 6: obj=2038395.478121, maxRC=202712.581042, +23 cols
    [CG]   [DIAG] iter=6 posCols=23 newCols=23 effImprove=23 updated=0
    [CG] CG iter 7: obj=2066434.520112, maxRC=119764.835791, +20 cols
    [CG]   [DIAG] iter=7 posCols=20 newCols=20 effImprove=20 updated=0
    [CG] CG iter 8: obj=2085068.812634, maxRC=123388.127486, +20 cols
    [CG]   [DIAG] iter=8 posCols=20 newCols=19 effImprove=20 updated=1
    [CG] CG iter 9: obj=2125693.043156, maxRC=92386.387584, +19 cols
    [CG]   [DIAG] iter=9 posCols=19 newCols=19 effImprove=19 updated=0
    [CG] CG iter 10: obj=2155240.359466, maxRC=68115.355671, +14 cols
    [CG]   [DIAG] iter=10 posCols=14 newCols=14 effImprove=14 updated=0
    [CG] CG iter 11: obj=2162618.025125, maxRC=101774.057194, +15 cols
    [CG]   [DIAG] iter=11 posCols=15 newCols=15 effImprove=15 updated=0
    [CG] CG iter 12: obj=2167185.398822, maxRC=53425.594336, +12 cols
    [CG]   [DIAG] iter=12 posCols=12 newCols=12 effImprove=12 updated=0
    [CG] CG iter 13: obj=2177173.129330, maxRC=68862.728356, +14 cols
    [CG]   [DIAG] iter=13 posCols=14 newCols=14 effImprove=14 updated=0
    [CG] CG iter 14: obj=2193202.012110, maxRC=40796.958443, +18 cols
    [CG]   [DIAG] iter=14 posCols=18 newCols=17 effImprove=18 updated=1
    [CG] CG iter 15: obj=2199351.585425, maxRC=18591.915354, +9 cols
    [CG]   [DIAG] iter=15 posCols=9 newCols=9 effImprove=9 updated=0
    [CG] CG iter 16: obj=2213893.777190, maxRC=5742.935899, +7 cols
    [CG]   [DIAG] iter=16 posCols=7 newCols=6 effImprove=7 updated=1
    [CG] CG iter 17: obj=2219280.203169, maxRC=3398.077954, +5 cols
    [CG]   [DIAG] iter=17 posCols=5 newCols=5 effImprove=5 updated=0
    [CG] CG iter 18: obj=2220368.402387, maxRC=2625.727313, +2 cols
    [CG]   [DIAG] iter=18 posCols=2 newCols=2 effImprove=2 updated=0
    [CG] CG iter 19: obj=2220368.402387, maxRC=1774.996123, +1 cols
    [CG]   [DIAG] iter=19 posCols=1 newCols=1 effImprove=1 updated=0
    [CG] 列生成收敛，共 20 轮迭代
    [CG] [CG-NODE] depth=0 exit=CERTIFIED certified=1 feasible=1 iters=20 generatedColsBeforeNode=0 newCols=310 posCandidates=313 duplicateCandidates=3 updatedCols=3 zeroObjImproveIters=2 objFirst=921502.564420 objLast=2220368.402387 objGain=1298865.837967 maxRC=1324937.995098 wallSec=0.232556 pricingSec=0.199338 cplexSolveSec=0.010529
      [BB] 根节点即为整数解，obj=2220368.402387
