    [CG] 列生成开始，初始列数=310
    [CG] CG iter 1: obj=859013.391655, maxRC=1304803.803667, +30 cols
    [CG]   [DIAG] iter=1 posCols=30 newCols=30 effImprove=30 updated=0
    [CG] CG iter 2: obj=1690734.102963, maxRC=255616.819975, +21 cols
    [CG]   [DIAG] iter=2 posCols=21 newCols=21 effImprove=21 updated=0
    [CG] CG iter 3: obj=1805524.877844, maxRC=458363.736435, +25 cols
    [CG]   [DIAG] iter=3 posCols=25 newCols=25 effImprove=25 updated=0
    [CG] CG iter 4: obj=1916094.976996, maxRC=285881.153055, +21 cols
    [CG]   [DIAG] iter=4 posCols=21 newCols=20 effImprove=21 updated=1
    [CG] CG iter 5: obj=1985407.601577, maxRC=139233.990885, +15 cols
    [CG]   [DIAG] iter=5 posCols=15 newCols=15 effImprove=15 updated=0
    [CG] CG iter 6: obj=2019958.568108, maxRC=93646.998057, +20 cols
    [CG]   [DIAG] iter=6 posCols=20 newCols=20 effImprove=20 updated=0
    [CG] CG iter 7: obj=2049455.772044, maxRC=72109.068063, +14 cols
    [CG]   [DIAG] iter=7 posCols=14 newCols=14 effImprove=14 updated=0
    [CG] CG iter 8: obj=2071708.607774, maxRC=141662.047103, +15 cols
    [CG]   [DIAG] iter=8 posCols=15 newCols=15 effImprove=15 updated=0
    [CG] CG iter 9: obj=2097017.672185, maxRC=68931.471444, +17 cols
    [CG]   [DIAG] iter=9 posCols=17 newCols=17 effImprove=17 updated=0
    [CG] CG iter 10: obj=2100463.959544, maxRC=56294.879077, +13 cols
    [CG]   [DIAG] iter=10 posCols=13 newCols=13 effImprove=13 updated=0
    [CG] CG iter 11: obj=2107949.728611, maxRC=29316.914423, +11 cols
    [CG]   [DIAG] iter=11 posCols=11 newCols=11 effImprove=11 updated=0
    [CG] CG iter 12: obj=2111752.049937, maxRC=23972.493549, +10 cols
    [CG]   [DIAG] iter=12 posCols=10 newCols=10 effImprove=10 updated=0
    [CG] CG iter 13: obj=2135724.543486, maxRC=15359.498224, +7 cols
    [CG]   [DIAG] iter=13 posCols=7 newCols=7 effImprove=7 updated=0
    [CG] 列生成收敛，共 14 轮迭代
    [CG] [CG-NODE] depth=0 exit=CERTIFIED certified=1 feasible=1 iters=14 generatedColsBeforeNode=0 newCols=218 posCandidates=219 duplicateCandidates=1 updatedCols=1 zeroObjImproveIters=1 objFirst=859013.391655 objLast=2135724.543486 objGain=1276711.151831 maxRC=1304803.803667 wallSec=0.143156 pricingSec=0.131644 cplexSolveSec=0.006949
      [BB] 根节点即为整数解，obj=2135724.543486
