    [CG] 列生成开始，初始列数=310
    [CG] CG iter 1: obj=888190.682338, maxRC=1271100.148779, +30 cols
    [CG]   [DIAG] iter=1 posCols=30 newCols=30 effImprove=30 updated=0
    [CG] CG iter 2: obj=1659305.579357, maxRC=266315.994013, +24 cols
    [CG]   [DIAG] iter=2 posCols=24 newCols=24 effImprove=24 updated=0
    [CG] CG iter 3: obj=1777049.843807, maxRC=517244.246682, +22 cols
    [CG]   [DIAG] iter=3 posCols=22 newCols=22 effImprove=22 updated=0
    [CG] CG iter 4: obj=1840819.364496, maxRC=419452.055804, +23 cols
    [CG]   [DIAG] iter=4 posCols=23 newCols=23 effImprove=23 updated=0
    [CG] CG iter 5: obj=1916367.936065, maxRC=151313.013692, +23 cols
    [CG]   [DIAG] iter=5 posCols=23 newCols=23 effImprove=23 updated=0
    [CG] CG iter 6: obj=1942942.668386, maxRC=179544.646197, +18 cols
    [CG]   [DIAG] iter=6 posCols=18 newCols=18 effImprove=18 updated=0
    [CG] CG iter 7: obj=1974121.139616, maxRC=149784.152642, +20 cols
    [CG]   [DIAG] iter=7 posCols=20 newCols=20 effImprove=20 updated=0
    [CG] CG iter 8: obj=2060539.891906, maxRC=116451.051501, +18 cols
    [CG]   [DIAG] iter=8 posCols=18 newCols=18 effImprove=18 updated=0
    [CG] CG iter 9: obj=2092340.618177, maxRC=80622.225002, +14 cols
    [CG]   [DIAG] iter=9 posCols=14 newCols=13 effImprove=14 updated=1
    [CG] CG iter 10: obj=2092340.618177, maxRC=46394.613370, +12 cols
    [CG]   [DIAG] iter=10 posCols=12 newCols=12 effImprove=12 updated=0
    [CG] CG iter 11: obj=2107461.398554, maxRC=29230.057362, +10 cols
    [CG]   [DIAG] iter=11 posCols=10 newCols=9 effImprove=10 updated=1
    [CG] CG iter 12: obj=2107461.398554, maxRC=26333.705764, +11 cols
    [CG]   [DIAG] iter=12 posCols=11 newCols=10 effImprove=11 updated=1
    [CG] CG iter 13: obj=2119264.854524, maxRC=18953.096564, +3 cols
    [CG]   [DIAG] iter=13 posCols=3 newCols=3 effImprove=3 updated=0
    [CG] CG iter 14: obj=2119264.854524, maxRC=14799.558175, +8 cols
    [CG]   [DIAG] iter=14 posCols=8 newCols=6 effImprove=8 updated=2
    [CG] CG iter 15: obj=2119264.854524, maxRC=4523.144624, +3 cols
    [CG]   [DIAG] iter=15 posCols=3 newCols=3 effImprove=3 updated=0
    [CG] CG iter 16: obj=2119264.854524, maxRC=2760.234474, +3 cols
    [CG]   [DIAG] iter=16 posCols=3 newCols=3 effImprove=3 updated=0
    [CG] CG iter 17: obj=2119264.854524, maxRC=1151.763442, +3 cols
    [CG]   [DIAG] iter=17 posCols=3 newCols=3 effImprove=3 updated=0
    [CG] 列生成收敛，共 18 轮迭代
    [CG] [CG-NODE] depth=0 exit=CERTIFIED certified=1 feasible=1 iters=18 generatedColsBeforeNode=0 newCols=240 posCandidates=245 duplicateCandidates=5 updatedCols=5 zeroObjImproveIters=7 objFirst=888190.682338 objLast=2119264.854524 objGain=1231074.172186 maxRC=1271100.148779 wallSec=0.153313 pricingSec=0.143507 cplexSolveSec=0.006351
      [BB] 根节点即为整数解，obj=2119264.854524
