    [CG] 列生成开始，初始列数=310
    [CG] CG iter 1: obj=923501.602888, maxRC=1311738.900994, +30 cols
    [CG]   [DIAG] iter=1 posCols=30 newCols=30 effImprove=30 updated=0
    [CG] CG iter 2: obj=1723513.960505, maxRC=259072.235547, +27 cols
    [CG]   [DIAG] iter=2 posCols=27 newCols=27 effImprove=27 updated=0
    [CG] CG iter 3: obj=1864388.067554, maxRC=480693.383732, +29 cols
    [CG]   [DIAG] iter=3 posCols=29 newCols=29 effImprove=29 updated=0
    [CG] CG iter 4: obj=1931393.261738, maxRC=216360.089523, +27 cols
    [CG]   [DIAG] iter=4 posCols=27 newCols=27 effImprove=27 updated=0
    [CG] CG iter 5: obj=2013989.972632, maxRC=178757.383919, +25 cols
    [CG]   [DIAG] iter=5 posCols=25 newCols=25 effImprove=25 updated=0
    [CG] CG iter 6: obj=2039806.223110, maxRC=89589.043443, +19 cols
    [CG]   [DIAG] iter=6 posCols=19 newCols=19 effImprove=19 updated=0
    [CG] CG iter 7: obj=2101226.110471, maxRC=90569.247100, +23 cols
    [CG]   [DIAG] iter=7 posCols=23 newCols=23 effImprove=23 updated=0
    [CG] CG iter 8: obj=2115259.845093, maxRC=76944.879406, +18 cols
    [CG]   [DIAG] iter=8 posCols=18 newCols=18 effImprove=18 updated=0
    [CG] CG iter 9: obj=2132388.128269, maxRC=66270.352772, +20 cols
    [CG]   [DIAG] iter=9 posCols=20 newCols=19 effImprove=20 updated=1
    [CG] CG iter 10: obj=2163092.873550, maxRC=53560.370879, +15 cols
    [CG]   [DIAG] iter=10 posCols=15 newCols=15 effImprove=15 updated=0
    [CG] CG iter 11: obj=2184729.292768, maxRC=23981.028527, +11 cols
    [CG]   [DIAG] iter=11 posCols=11 newCols=11 effImprove=11 updated=0
    [CG] CG iter 12: obj=2184729.292768, maxRC=13402.712371, +6 cols
    [CG]   [DIAG] iter=12 posCols=6 newCols=6 effImprove=6 updated=0
    [CG] CG iter 13: obj=2195056.674594, maxRC=8342.516554, +3 cols
    [CG]   [DIAG] iter=13 posCols=3 newCols=3 effImprove=3 updated=0
    [CG] CG iter 14: obj=2196276.758187, maxRC=6540.747542, +5 cols
    [CG]   [DIAG] iter=14 posCols=5 newCols=5 effImprove=5 updated=0
    [CG] CG iter 15: obj=2202817.505729, maxRC=4829.410879, +4 cols
    [CG]   [DIAG] iter=15 posCols=4 newCols=4 effImprove=4 updated=0
    [CG] 列生成收敛，共 16 轮迭代
    [CG] [CG-NODE] depth=0 exit=CERTIFIED certified=1 feasible=1 iters=16 generatedColsBeforeNode=0 newCols=261 posCandidates=262 duplicateCandidates=1 updatedCols=1 zeroObjImproveIters=2 objFirst=923501.602888 objLast=2202817.505729 objGain=1279315.902841 maxRC=1311738.900994 wallSec=0.198344 pricingSec=0.185560 cplexSolveSec=0.008057
      [BB] 根节点即为整数解，obj=2202817.505729
