    [CG] 列生成开始，初始列数=310
    [CG] CG iter 1: obj=932277.253382, maxRC=1248521.460222, +30 cols
    [CG]   [DIAG] iter=1 posCols=30 newCols=30 effImprove=30 updated=0
    [CG] CG iter 2: obj=1620729.364958, maxRC=397063.677549, +29 cols
    [CG]   [DIAG] iter=2 posCols=29 newCols=29 effImprove=29 updated=0
    [CG] CG iter 3: obj=1984256.264186, maxRC=375009.840604, +30 cols
    [CG]   [DIAG] iter=3 posCols=30 newCols=30 effImprove=30 updated=0
    [CG] CG iter 4: obj=2051859.427412, maxRC=111081.216263, +27 cols
    [CG]   [DIAG] iter=4 posCols=27 newCols=27 effImprove=27 updated=0
    [CG] CG iter 5: obj=2065558.101102, maxRC=318888.799131, +27 cols
    [CG]   [DIAG] iter=5 posCols=27 newCols=27 effImprove=27 updated=0
    [CG] CG iter 6: obj=2144610.216203, maxRC=146147.365593, +17 cols
    [CG]   [DIAG] iter=6 posCols=17 newCols=16 effImprove=17 updated=1
    [CG] CG iter 7: obj=2262132.442390, maxRC=121434.555427, +19 cols
    [CG]   [DIAG] iter=7 posCols=19 newCols=19 effImprove=19 updated=0
    [CG] CG iter 8: obj=2277900.310337, maxRC=120109.865935, +21 cols
    [CG]   [DIAG] iter=8 posCols=21 newCols=21 effImprove=21 updated=0
    [CG] CG iter 9: obj=2290019.468603, maxRC=117216.668335, +13 cols
    [CG]   [DIAG] iter=9 posCols=13 newCols=13 effImprove=13 updated=0
    [CG] CG iter 10: obj=2293810.935894, maxRC=46896.820219, +12 cols
    [CG]   [DIAG] iter=10 posCols=12 newCols=12 effImprove=12 updated=0
    [CG] CG iter 11: obj=2312676.047335, maxRC=29284.672501, +9 cols
    [CG]   [DIAG] iter=11 posCols=9 newCols=8 effImprove=9 updated=1
    [CG] CG iter 12: obj=2325444.348064, maxRC=33215.457854, +4 cols
    [CG]   [DIAG] iter=12 posCols=4 newCols=4 effImprove=4 updated=0
    [CG] CG iter 13: obj=2325444.348064, maxRC=14778.958279, +3 cols
    [CG]   [DIAG] iter=13 posCols=3 newCols=3 effImprove=3 updated=0
    [CG] CG iter 14: obj=2325444.348064, maxRC=13528.629707, +4 cols
    [CG]   [DIAG] iter=14 posCols=4 newCols=4 effImprove=4 updated=0
    [CG] CG iter 15: obj=2332208.662918, maxRC=4128.710190, +3 cols
    [CG]   [DIAG] iter=15 posCols=3 newCols=3 effImprove=3 updated=0
    [CG] CG iter 16: obj=2332208.662918, maxRC=3713.969309, +1 cols
    [CG]   [DIAG] iter=16 posCols=1 newCols=1 effImprove=1 updated=0
    [CG] 列生成收敛，共 17 轮迭代
    [CG] [CG-NODE] depth=0 exit=CERTIFIED certified=1 feasible=1 iters=17 generatedColsBeforeNode=0 newCols=247 posCandidates=249 duplicateCandidates=2 updatedCols=2 zeroObjImproveIters=3 objFirst=932277.253382 objLast=2335922.632227 objGain=1403645.378845 maxRC=1248521.460222 wallSec=0.184699 pricingSec=0.154666 cplexSolveSec=0.006688
      [BB] 根节点即为整数解，obj=2335922.632227
