    [CG] 列生成开始，初始列数=310
    [CG] CG iter 1: obj=898087.702789, maxRC=1185072.315420, +30 cols
    [CG]   [DIAG] iter=1 posCols=30 newCols=30 effImprove=30 updated=0
    [CG] CG iter 2: obj=1549808.731990, maxRC=455141.573752, +29 cols
    [CG]   [DIAG] iter=2 posCols=29 newCols=29 effImprove=29 updated=0
    [CG] CG iter 3: obj=1921176.745217, maxRC=555938.348500, +30 cols
    [CG]   [DIAG] iter=3 posCols=30 newCols=30 effImprove=30 updated=0
    [CG] CG iter 4: obj=1943715.777099, maxRC=301452.709307, +30 cols
    [CG]   [DIAG] iter=4 posCols=30 newCols=30 effImprove=30 updated=0
    [CG] CG iter 5: obj=1977231.210328, maxRC=399838.592561, +30 cols
    [CG]   [DIAG] iter=5 posCols=30 newCols=30 effImprove=30 updated=0
    [CG] CG iter 6: obj=2057398.080497, maxRC=202996.551897, +23 cols
    [CG]   [DIAG] iter=6 posCols=23 newCols=23 effImprove=23 updated=0
    [CG] CG iter 7: obj=2102656.659615, maxRC=153773.444717, +20 cols
    [CG]   [DIAG] iter=7 posCols=20 newCols=20 effImprove=20 updated=0
    [CG] CG iter 8: obj=2144613.563264, maxRC=187561.607487, +21 cols
    [CG]   [DIAG] iter=8 posCols=21 newCols=21 effImprove=21 updated=0
    [CG] CG iter 9: obj=2228400.176761, maxRC=196442.065473, +23 cols
    [CG]   [DIAG] iter=9 posCols=23 newCols=23 effImprove=23 updated=0
    [CG] CG iter 10: obj=2236938.144462, maxRC=169509.072973, +21 cols
    [CG]   [DIAG] iter=10 posCols=21 newCols=20 effImprove=21 updated=1
    [CG] CG iter 11: obj=2257817.721406, maxRC=131822.633033, +19 cols
    [CG]   [DIAG] iter=11 posCols=19 newCols=19 effImprove=19 updated=0
    [CG] CG iter 12: obj=2301503.716312, maxRC=127424.297235, +21 cols
    [CG]   [DIAG] iter=12 posCols=21 newCols=20 effImprove=21 updated=1
    [CG] CG iter 13: obj=2310846.122672, maxRC=115846.053095, +19 cols
    [CG]   [DIAG] iter=13 posCols=19 newCols=19 effImprove=19 updated=0
    [CG] CG iter 14: obj=2310846.122672, maxRC=51493.116535, +17 cols
    [CG]   [DIAG] iter=14 posCols=17 newCols=17 effImprove=17 updated=0
    [CG] CG iter 15: obj=2311067.394746, maxRC=60889.062966, +18 cols
    [CG]   [DIAG] iter=15 posCols=18 newCols=18 effImprove=18 updated=0
    [CG] CG iter 16: obj=2319173.088617, maxRC=29201.560645, +14 cols
    [CG]   [DIAG] iter=16 posCols=14 newCols=14 effImprove=14 updated=0
    [CG] CG iter 17: obj=2348374.649262, maxRC=19247.811961, +11 cols
    [CG]   [DIAG] iter=17 posCols=11 newCols=11 effImprove=11 updated=0
    [CG] CG iter 18: obj=2351091.533451, maxRC=19701.133372, +8 cols
    [CG]   [DIAG] iter=18 posCols=8 newCols=7 effImprove=8 updated=1
    [CG] CG iter 19: obj=2351091.533451, maxRC=8284.184283, +3 cols
    [CG]   [DIAG] iter=19 posCols=3 newCols=3 effImprove=3 updated=0
    [CG] CG iter 20: obj=2359375.717734, maxRC=2636.326502, +2 cols
    [CG]   [DIAG] iter=20 posCols=2 newCols=2 effImprove=2 updated=0
    [CG] 列生成收敛，共 21 轮迭代
    [CG] [CG-NODE] depth=0 exit=CERTIFIED certified=1 feasible=1 iters=21 generatedColsBeforeNode=0 newCols=386 posCandidates=389 duplicateCandidates=3 updatedCols=3 zeroObjImproveIters=3 objFirst=898087.702789 objLast=2359375.717734 objGain=1461288.014946 maxRC=1185072.315420 wallSec=0.226010 pricingSec=0.213091 cplexSolveSec=0.008752
      [BB] 根节点即为整数解，obj=2359375.717734
