    [CG] 列生成开始，初始列数=310
    [CG] CG iter 1: obj=870040.010099, maxRC=1372815.761665, +30 cols
    [CG]   [DIAG] iter=1 posCols=30 newCols=30 effImprove=30 updated=0
    [CG] CG iter 2: obj=1671317.967800, maxRC=366674.584968, +25 cols
    [CG]   [DIAG] iter=2 posCols=25 newCols=25 effImprove=25 updated=0
    [CG] CG iter 3: obj=1860898.071275, maxRC=509750.485028, +30 cols
    [CG]   [DIAG] iter=3 posCols=30 newCols=30 effImprove=30 updated=0
    [CG] CG iter 4: obj=1965698.433571, maxRC=345452.638225, +29 cols
    [CG]   [DIAG] iter=4 posCols=29 newCols=29 effImprove=29 updated=0
    [CG] CG iter 5: obj=2025890.809506, maxRC=165429.145509, +23 cols
    [CG]   [DIAG] iter=5 posCols=23 newCols=23 effImprove=23 updated=0
    [CG] CG iter 6: obj=2132687.611927, maxRC=260809.776413, +22 cols
    [CG]   [DIAG] iter=6 posCols=22 newCols=22 effImprove=22 updated=0
    [CG] CG iter 7: obj=2157376.182170, maxRC=264092.757388, +24 cols
    [CG]   [DIAG] iter=7 posCols=24 newCols=24 effImprove=24 updated=0
    [CG] CG iter 8: obj=2175474.034523, maxRC=164352.762575, +20 cols
    [CG]   [DIAG] iter=8 posCols=20 newCols=20 effImprove=20 updated=0
    [CG] CG iter 9: obj=2189163.240707, maxRC=140816.655502, +17 cols
    [CG]   [DIAG] iter=9 posCols=17 newCols=17 effImprove=17 updated=0
    [CG] CG iter 10: obj=2196945.185631, maxRC=93832.764138, +11 cols
    [CG]   [DIAG] iter=10 posCols=11 newCols=11 effImprove=11 updated=0
    [CG] CG iter 11: obj=2205097.587687, maxRC=99335.373791, +9 cols
    [CG]   [DIAG] iter=11 posCols=9 newCols=9 effImprove=9 updated=0
    [CG] CG iter 12: obj=2221006.634637, maxRC=91757.546492, +13 cols
    [CG]   [DIAG] iter=12 posCols=13 newCols=13 effImprove=13 updated=0
    [CG] CG iter 13: obj=2237163.433375, maxRC=92283.289666, +9 cols
    [CG]   [DIAG] iter=13 posCols=9 newCols=9 effImprove=9 updated=0
    [CG] CG iter 14: obj=2243529.992648, maxRC=42742.518095, +11 cols
    [CG]   [DIAG] iter=14 posCols=11 newCols=11 effImprove=11 updated=0
    [CG] CG iter 15: obj=2259020.328359, maxRC=68298.151665, +9 cols
    [CG]   [DIAG] iter=15 posCols=9 newCols=9 effImprove=9 updated=0
    [CG] CG iter 16: obj=2265625.720396, maxRC=48118.905647, +12 cols
    [CG]   [DIAG] iter=16 posCols=12 newCols=12 effImprove=12 updated=0
    [CG] CG iter 17: obj=2277634.535058, maxRC=39990.251789, +7 cols
    [CG]   [DIAG] iter=17 posCols=7 newCols=6 effImprove=7 updated=1
    [CG] CG iter 18: obj=2295964.805191, maxRC=22958.708721, +7 cols
    [CG]   [DIAG] iter=18 posCols=7 newCols=7 effImprove=7 updated=0
    [CG] CG iter 19: obj=2295964.805191, maxRC=16044.643086, +5 cols
    [CG]   [DIAG] iter=19 posCols=5 newCols=5 effImprove=5 updated=0
    [CG] CG iter 20: obj=2295964.805191, maxRC=14965.641029, +3 cols
    [CG]   [DIAG] iter=20 posCols=3 newCols=3 effImprove=3 updated=0
    [CG] CG iter 21: obj=2295964.805191, maxRC=10146.576918, +1 cols
    [CG]   [DIAG] iter=21 posCols=1 newCols=1 effImprove=1 updated=0
    [CG] CG iter 22: obj=2306111.382109, maxRC=20920.995060, +4 cols
    [CG]   [DIAG] iter=22 posCols=4 newCols=4 effImprove=4 updated=0
    [CG] CG iter 23: obj=2306111.382109, maxRC=8087.967629, +1 cols
    [CG]   [DIAG] iter=23 posCols=1 newCols=1 effImprove=1 updated=0
    [CG] CG iter 24: obj=2306111.382109, maxRC=13994.283356, +2 cols
    [CG]   [DIAG] iter=24 posCols=2 newCols=2 effImprove=2 updated=0
    [CG] CG iter 25: obj=2306111.382109, maxRC=4629.325803, +1 cols
    [CG]   [DIAG] iter=25 posCols=1 newCols=1 effImprove=1 updated=0
    [CG] CG iter 26: obj=2306111.382109, maxRC=4140.000753, +1 cols
    [CG]   [DIAG] iter=26 posCols=1 newCols=1 effImprove=1 updated=0
    [CG] CG iter 27: obj=2306111.382109, maxRC=8136.707563, +1 cols
    [CG]   [DIAG] iter=27 posCols=1 newCols=1 effImprove=1 updated=0
    [CG] CG iter 28: obj=2306111.382109, maxRC=1607.470609, +1 cols
    [CG]   [DIAG] iter=28 posCols=1 newCols=0 effImprove=1 updated=1
    [CG] CG iter 29: obj=2306111.382109, maxRC=929.628517, +1 cols
    [CG]   [DIAG] iter=29 posCols=1 newCols=1 effImprove=1 updated=0
    [CG] 列生成收敛，共 30 轮迭代
    [CG] [CG-NODE] depth=0 exit=CERTIFIED certified=1 feasible=1 iters=30 generatedColsBeforeNode=0 newCols=327 posCandidates=329 duplicateCandidates=2 updatedCols=2 zeroObjImproveIters=11 objFirst=870040.010099 objLast=2306111.382109 objGain=1436071.372010 maxRC=1372815.761665 wallSec=0.259686 pricingSec=0.245093 cplexSolveSec=0.010646
      [BB] 根节点即为整数解，obj=2306111.382109
