    [CG] 列生成开始，初始列数=310
    [CG] CG iter 1: obj=858037.367545, maxRC=1095492.287915, +30 cols
    [CG]   [DIAG] iter=1 posCols=30 newCols=30 effImprove=30 updated=0
    [CG] CG iter 2: obj=1573094.246249, maxRC=275210.501056, +30 cols
    [CG]   [DIAG] iter=2 posCols=30 newCols=30 effImprove=30 updated=0
    [CG] CG iter 3: obj=1760666.022324, maxRC=404455.083413, +30 cols
    [CG]   [DIAG] iter=3 posCols=30 newCols=30 effImprove=30 updated=0
    [CG] CG iter 4: obj=1829960.983975, maxRC=233347.296160, +27 cols
    [CG]   [DIAG] iter=4 posCols=27 newCols=27 effImprove=27 updated=0
    [CG] CG iter 5: obj=1889835.511084, maxRC=125919.687071, +24 cols
    [CG]   [DIAG] iter=5 posCols=24 newCols=24 effImprove=24 updated=0
    [CG] CG iter 6: obj=1969317.890674, maxRC=181967.482576, +22 cols
    [CG]   [DIAG] iter=6 posCols=22 newCols=22 effImprove=22 updated=0
    [CG] CG iter 7: obj=1999454.973000, maxRC=83601.319952, +21 cols
    [CG]   [DIAG] iter=7 posCols=21 newCols=21 effImprove=21 updated=0
    [CG] CG iter 8: obj=2068359.883709, maxRC=115944.265798, +25 cols
    [CG]   [DIAG] iter=8 posCols=25 newCols=25 effImprove=25 updated=0
    [CG] CG iter 9: obj=2104985.616736, maxRC=67472.255537, +21 cols
    [CG]   [DIAG] iter=9 posCols=21 newCols=21 effImprove=21 updated=0
    [CG] CG iter 10: obj=2117223.535981, maxRC=35323.217502, +22 cols
    [CG]   [DIAG] iter=10 posCols=22 newCols=22 effImprove=22 updated=0
    [CG] CG iter 11: obj=2134076.058551, maxRC=33372.587541, +18 cols
    [CG]   [DIAG] iter=11 posCols=18 newCols=18 effImprove=18 updated=0
    [CG] CG iter 12: obj=2154721.619093, maxRC=23162.169968, +14 cols
    [CG]   [DIAG] iter=12 posCols=14 newCols=14 effImprove=14 updated=0
    [CG] CG iter 13: obj=2156772.736755, maxRC=18877.769419, +8 cols
    [CG]   [DIAG] iter=13 posCols=8 newCols=8 effImprove=8 updated=0
    [CG] CG iter 14: obj=2159300.683551, maxRC=8543.273146, +5 cols
    [CG]   [DIAG] iter=14 posCols=5 newCols=5 effImprove=5 updated=0
    [CG] CG iter 15: obj=2167637.119972, maxRC=2127.896988, +6 cols
    [CG]   [DIAG] iter=15 posCols=6 newCols=6 effImprove=6 updated=0
    [CG] CG iter 16: obj=2168499.558323, maxRC=117.557357, +1 cols
    [CG]   [DIAG] iter=16 posCols=1 newCols=1 effImprove=1 updated=0
    [CG] 列生成收敛，共 17 轮迭代
    [CG] [CG-NODE] depth=0 exit=CERTIFIED certified=1 feasible=1 iters=17 generatedColsBeforeNode=0 newCols=304 posCandidates=304 duplicateCandidates=0 updatedCols=0 zeroObjImproveIters=1 objFirst=858037.367545 objLast=2168499.558323 objGain=1310462.190778 maxRC=1095492.287915 wallSec=0.133681 pricingSec=0.120092 cplexSolveSec=0.008901
      [BB] 根节点即为整数解，obj=2168499.558323
