    [CG] 列生成开始，初始列数=310
    [CG] CG iter 1: obj=736285.866191, maxRC=1105512.185331, +27 cols
    [CG]   [DIAG] iter=1 posCols=27 newCols=27 effImprove=27 updated=0
    [CG] CG iter 2: obj=1519756.597412, maxRC=302308.234847, +24 cols
    [CG]   [DIAG] iter=2 posCols=24 newCols=24 effImprove=24 updated=0
    [CG] CG iter 3: obj=1693362.505710, maxRC=496429.450230, +24 cols
    [CG]   [DIAG] iter=3 posCols=24 newCols=24 effImprove=24 updated=0
    [CG] CG iter 4: obj=1772804.111799, maxRC=323308.372612, +24 cols
    [CG]   [DIAG] iter=4 posCols=24 newCols=24 effImprove=24 updated=0
    [CG] CG iter 5: obj=1832475.418960, maxRC=209092.632170, +23 cols
    [CG]   [DIAG] iter=5 posCols=23 newCols=23 effImprove=23 updated=0
    [CG] CG iter 6: obj=1850641.276396, maxRC=119078.687450, +24 cols
    [CG]   [DIAG] iter=6 posCols=24 newCols=24 effImprove=24 updated=0
    [CG] CG iter 7: obj=1958128.388744, maxRC=118408.834839, +23 cols
    [CG]   [DIAG] iter=7 posCols=23 newCols=23 effImprove=23 updated=0
    [CG] CG iter 8: obj=2037620.694755, maxRC=86798.010351, +21 cols
    [CG]   [DIAG] iter=8 posCols=21 newCols=21 effImprove=21 updated=0
    [CG] CG iter 9: obj=2102258.437385, maxRC=81944.313123, +22 cols
    [CG]   [DIAG] iter=9 posCols=22 newCols=22 effImprove=22 updated=0
    [CG] CG iter 10: obj=2102258.437385, maxRC=50281.788506, +21 cols
    [CG]   [DIAG] iter=10 posCols=21 newCols=21 effImprove=21 updated=0
    [CG] CG iter 11: obj=2126220.288151, maxRC=42394.832654, +20 cols
    [CG]   [DIAG] iter=11 posCols=20 newCols=20 effImprove=20 updated=0
    [CG] CG iter 12: obj=2128616.238450, maxRC=28772.909863, +17 cols
    [CG]   [DIAG] iter=12 posCols=17 newCols=17 effImprove=17 updated=0
    [CG] CG iter 13: obj=2142140.079654, maxRC=10505.725243, +15 cols
    [CG]   [DIAG] iter=13 posCols=15 newCols=15 effImprove=15 updated=0
    [CG] CG iter 14: obj=2142140.079654, maxRC=9008.473420, +6 cols
    [CG]   [DIAG] iter=14 posCols=6 newCols=6 effImprove=6 updated=0
    [CG] CG iter 15: obj=2151148.553074, maxRC=1498.867151, +5 cols
    [CG]   [DIAG] iter=15 posCols=5 newCols=4 effImprove=5 updated=1
    [CG] CG iter 16: obj=2152647.420226, maxRC=185.125459, +2 cols
    [CG]   [DIAG] iter=16 posCols=2 newCols=1 effImprove=2 updated=1
    [CG] 列生成收敛，共 17 轮迭代
    [CG] [CG-NODE] depth=0 exit=CERTIFIED certified=1 feasible=1 iters=17 generatedColsBeforeNode=0 newCols=296 posCandidates=298 duplicateCandidates=2 updatedCols=2 zeroObjImproveIters=3 objFirst=736285.866191 objLast=2152647.420226 objGain=1416361.554035 maxRC=1105512.185331 wallSec=0.146376 pricingSec=0.136698 cplexSolveSec=0.006549
      [BB] 根节点即为整数解，obj=2152647.420226
