    [CG] 列生成开始，初始列数=310
    [CG] CG iter 1: obj=847122.341849, maxRC=1092852.523407, +30 cols
    [CG]   [DIAG] iter=1 posCols=30 newCols=30 effImprove=30 updated=0
    [CG] CG iter 2: obj=1561510.503467, maxRC=273187.354406, +30 cols
    [CG]   [DIAG] iter=2 posCols=30 newCols=30 effImprove=30 updated=0
    [CG] CG iter 3: obj=1783057.523253, maxRC=322036.755636, +30 cols
    [CG]   [DIAG] iter=3 posCols=30 newCols=30 effImprove=30 updated=0
    [CG] CG iter 4: obj=1828261.764339, maxRC=251817.805815, +27 cols
    [CG]   [DIAG] iter=4 posCols=27 newCols=27 effImprove=27 updated=0
    [CG] CG iter 5: obj=1891353.314760, maxRC=137448.128582, +22 cols
    [CG]   [DIAG] iter=5 posCols=22 newCols=22 effImprove=22 updated=0
    [CG] CG iter 6: obj=1953855.192292, maxRC=92522.058523, +21 cols
    [CG]   [DIAG] iter=6 posCols=21 newCols=21 effImprove=21 updated=0
    [CG] CG iter 7: obj=1979224.431740, maxRC=75607.925560, +21 cols
    [CG]   [DIAG] iter=7 posCols=21 newCols=21 effImprove=21 updated=0
    [CG] CG iter 8: obj=2054183.321032, maxRC=65654.448505, +22 cols
    [CG]   [DIAG] iter=8 posCols=22 newCols=22 effImprove=22 updated=0
    [CG] CG iter 9: obj=2083865.224948, maxRC=59730.954722, +20 cols
    [CG]   [DIAG] iter=9 posCols=20 newCols=20 effImprove=20 updated=0
    [CG] CG iter 10: obj=2093936.954895, maxRC=55986.581867, +17 cols
    [CG]   [DIAG] iter=10 posCols=17 newCols=17 effImprove=17 updated=0
    [CG] CG iter 11: obj=2111832.620137, maxRC=38364.194474, +15 cols
    [CG]   [DIAG] iter=11 posCols=15 newCols=14 effImprove=15 updated=1
    [CG] CG iter 12: obj=2137116.208630, maxRC=11346.795406, +14 cols
    [CG]   [DIAG] iter=12 posCols=14 newCols=13 effImprove=14 updated=1
    [CG] CG iter 13: obj=2154981.670550, maxRC=4505.824280, +7 cols
    [CG]   [DIAG] iter=13 posCols=7 newCols=7 effImprove=7 updated=0
    [CG] CG iter 14: obj=2156218.264284, maxRC=358.773323, +2 cols
    [CG]   [DIAG] iter=14 posCols=2 newCols=2 effImprove=2 updated=0
    [CG] 列生成收敛，共 15 轮迭代
    [CG] [CG-NODE] depth=0 exit=CERTIFIED certified=1 feasible=1 iters=15 generatedColsBeforeNode=0 newCols=276 posCandidates=278 duplicateCandidates=2 updatedCols=2 zeroObjImproveIters=1 objFirst=847122.341849 objLast=2156218.264284 objGain=1309095.922435 maxRC=1092852.523407 wallSec=0.130024 pricingSec=0.117110 cplexSolveSec=0.008017
      [BB] 根节点即为整数解，obj=2156218.264284
