    [CG] 列生成开始，初始列数=310
    [CG] CG iter 1: obj=805490.784308, maxRC=1128457.464491, +27 cols
    [CG]   [DIAG] iter=1 posCols=27 newCols=27 effImprove=27 updated=0
    [CG] CG iter 2: obj=1552416.572890, maxRC=314350.042944, +27 cols
    [CG]   [DIAG] iter=2 posCols=27 newCols=27 effImprove=27 updated=0
    [CG] CG iter 3: obj=1737042.799923, maxRC=462693.025080, +27 cols
    [CG]   [DIAG] iter=3 posCols=27 newCols=27 effImprove=27 updated=0
    [CG] CG iter 4: obj=1803242.113820, maxRC=363921.120087, +27 cols
    [CG]   [DIAG] iter=4 posCols=27 newCols=27 effImprove=27 updated=0
    [CG] CG iter 5: obj=1844245.795329, maxRC=117289.644219, +25 cols
    [CG]   [DIAG] iter=5 posCols=25 newCols=25 effImprove=25 updated=0
    [CG] CG iter 6: obj=1982094.587771, maxRC=162550.601053, +24 cols
    [CG]   [DIAG] iter=6 posCols=24 newCols=24 effImprove=24 updated=0
    [CG] CG iter 7: obj=2034423.749164, maxRC=80249.178301, +23 cols
    [CG]   [DIAG] iter=7 posCols=23 newCols=23 effImprove=23 updated=0
    [CG] CG iter 8: obj=2082925.903940, maxRC=96299.072034, +22 cols
    [CG]   [DIAG] iter=8 posCols=22 newCols=22 effImprove=22 updated=0
    [CG] CG iter 9: obj=2096781.125534, maxRC=60833.260644, +19 cols
    [CG]   [DIAG] iter=9 posCols=19 newCols=19 effImprove=19 updated=0
    [CG] CG iter 10: obj=2128241.639313, maxRC=55148.055680, +20 cols
    [CG]   [DIAG] iter=10 posCols=20 newCols=20 effImprove=20 updated=0
    [CG] CG iter 11: obj=2142083.738687, maxRC=20859.645741, +21 cols
    [CG]   [DIAG] iter=11 posCols=21 newCols=21 effImprove=21 updated=0
    [CG] CG iter 12: obj=2153884.853625, maxRC=28920.233677, +19 cols
    [CG]   [DIAG] iter=12 posCols=19 newCols=18 effImprove=19 updated=1
    [CG] CG iter 13: obj=2179006.314419, maxRC=9360.908685, +8 cols
    [CG]   [DIAG] iter=13 posCols=8 newCols=8 effImprove=8 updated=0
    [CG] CG iter 14: obj=2179006.314419, maxRC=3941.086236, +6 cols
    [CG]   [DIAG] iter=14 posCols=6 newCols=5 effImprove=6 updated=1
    [CG] CG iter 15: obj=2179006.314419, maxRC=833.792277, +1 cols
    [CG]   [DIAG] iter=15 posCols=1 newCols=1 effImprove=1 updated=0
    [CG] CG iter 16: obj=2179006.314419, maxRC=27.841608, +1 cols
    [CG]   [DIAG] iter=16 posCols=1 newCols=1 effImprove=1 updated=0
    [CG] 列生成收敛，共 17 轮迭代
    [CG] [CG-NODE] depth=0 exit=CERTIFIED certified=1 feasible=1 iters=17 generatedColsBeforeNode=0 newCols=295 posCandidates=297 duplicateCandidates=2 updatedCols=2 zeroObjImproveIters=4 objFirst=805490.784308 objLast=2179006.314419 objGain=1373515.530110 maxRC=1128457.464491 wallSec=0.145866 pricingSec=0.133841 cplexSolveSec=0.007470
      [BB] 根节点即为整数解，obj=2179006.314419
