    [CG] 列生成开始，初始列数=310
    [CG] CG iter 1: obj=508419.374776, maxRC=1615470.672676, +26 cols
    [CG]   [DIAG] iter=1 posCols=26 newCols=26 effImprove=26 updated=0
    [CG] CG iter 2: obj=1959684.266100, maxRC=988592.392175, +18 cols
    [CG]   [DIAG] iter=2 posCols=18 newCols=18 effImprove=18 updated=0
    [CG] CG iter 3: obj=1959684.266100, maxRC=916689.808205, +18 cols
    [CG]   [DIAG] iter=3 posCols=18 newCols=18 effImprove=18 updated=0
    [CG] CG iter 4: obj=1959684.266100, maxRC=825806.604090, +18 cols
    [CG]   [DIAG] iter=4 posCols=18 newCols=18 effImprove=18 updated=0
    [CG] CG iter 5: obj=1959684.266100, maxRC=662950.265306, +18 cols
    [CG]   [DIAG] iter=5 posCols=18 newCols=18 effImprove=18 updated=0
    [CG] CG iter 6: obj=1959684.266100, maxRC=793473.314162, +18 cols
    [CG]   [DIAG] iter=6 posCols=18 newCols=18 effImprove=18 updated=0
    [CG] CG iter 7: obj=1959684.266100, maxRC=553369.580106, +18 cols
    [CG]   [DIAG] iter=7 posCols=18 newCols=18 effImprove=18 updated=0
    [CG] CG iter 8: obj=1959684.266100, maxRC=494838.858142, +17 cols
    [CG]   [DIAG] iter=8 posCols=17 newCols=17 effImprove=17 updated=0
    [CG] CG iter 9: obj=1976821.864274, maxRC=480863.038320, +16 cols
    [CG]   [DIAG] iter=9 posCols=16 newCols=16 effImprove=16 updated=0
    [CG] CG iter 10: obj=1976821.864274, maxRC=387605.948389, +15 cols
    [CG]   [DIAG] iter=10 posCols=15 newCols=15 effImprove=15 updated=0
    [CG] CG iter 11: obj=1985535.673222, maxRC=437078.521913, +13 cols
    [CG]   [DIAG] iter=11 posCols=13 newCols=13 effImprove=13 updated=0
    [CG] CG iter 12: obj=2042038.480715, maxRC=405586.036678, +15 cols
    [CG]   [DIAG] iter=12 posCols=15 newCols=15 effImprove=15 updated=0
    [CG] CG iter 13: obj=2068368.887286, maxRC=349018.061167, +12 cols
    [CG]   [DIAG] iter=13 posCols=12 newCols=12 effImprove=12 updated=0
    [CG] CG iter 14: obj=2096704.775961, maxRC=311497.864586, +11 cols
    [CG]   [DIAG] iter=14 posCols=11 newCols=11 effImprove=11 updated=0
    [CG] CG iter 15: obj=2113257.527844, maxRC=278528.794211, +10 cols
    [CG]   [DIAG] iter=15 posCols=10 newCols=10 effImprove=10 updated=0
    [CG] CG iter 16: obj=2142220.129586, maxRC=218325.958095, +12 cols
    [CG]   [DIAG] iter=16 posCols=12 newCols=12 effImprove=12 updated=0
    [CG] CG iter 17: obj=2179113.971393, maxRC=249338.010263, +11 cols
    [CG]   [DIAG] iter=17 posCols=11 newCols=11 effImprove=11 updated=0
    [CG] CG iter 18: obj=2192324.758883, maxRC=256072.595212, +12 cols
    [CG]   [DIAG] iter=18 posCols=12 newCols=12 effImprove=12 updated=0
    [CG] CG iter 19: obj=2201540.940003, maxRC=176368.052113, +11 cols
    [CG]   [DIAG] iter=19 posCols=11 newCols=11 effImprove=11 updated=0
    [CG] CG iter 20: obj=2204105.769897, maxRC=150972.226043, +9 cols
    [CG]   [DIAG] iter=20 posCols=9 newCols=9 effImprove=9 updated=0
    [CG] CG iter 21: obj=2204941.643264, maxRC=172785.027907, +9 cols
    [CG]   [DIAG] iter=21 posCols=9 newCols=9 effImprove=9 updated=0
    [CG] CG iter 22: obj=2219117.831174, maxRC=163944.184638, +12 cols
    [CG]   [DIAG] iter=22 posCols=12 newCols=12 effImprove=12 updated=0
    [CG] CG iter 23: obj=2225317.274848, maxRC=83695.992322, +9 cols
    [CG]   [DIAG] iter=23 posCols=9 newCols=9 effImprove=9 updated=0
    [CG] CG iter 24: obj=2251016.625965, maxRC=82428.194101, +9 cols
    [CG]   [DIAG] iter=24 posCols=9 newCols=9 effImprove=9 updated=0
    [CG] CG iter 25: obj=2254926.843930, maxRC=74546.514522, +9 cols
    [CG]   [DIAG] iter=25 posCols=9 newCols=9 effImprove=9 updated=0
    [CG] CG iter 26: obj=2256873.359929, maxRC=63314.915713, +9 cols
    [CG]   [DIAG] iter=26 posCols=9 newCols=9 effImprove=9 updated=0
    [CG] CG iter 27: obj=2262220.922938, maxRC=85121.666209, +9 cols
    [CG]   [DIAG] iter=27 posCols=9 newCols=9 effImprove=9 updated=0
    [CG] CG iter 28: obj=2264131.790908, maxRC=71405.322163, +9 cols
    [CG]   [DIAG] iter=28 posCols=9 newCols=9 effImprove=9 updated=0
    [CG] CG iter 29: obj=2270455.239908, maxRC=48882.013359, +9 cols
    [CG]   [DIAG] iter=29 posCols=9 newCols=9 effImprove=9 updated=0
    [CG] CG iter 30: obj=2272301.809241, maxRC=38992.875287, +9 cols
    [CG]   [DIAG] iter=30 posCols=9 newCols=9 effImprove=9 updated=0
    [CG] CG iter 31: obj=2277606.216861, maxRC=54717.558441, +9 cols
    [CG]   [DIAG] iter=31 posCols=9 newCols=9 effImprove=9 updated=0
    [CG] CG iter 32: obj=2280691.880144, maxRC=35702.867495, +9 cols
    [CG]   [DIAG] iter=32 posCols=9 newCols=9 effImprove=9 updated=0
    [CG] CG iter 33: obj=2282226.458397, maxRC=18757.981899, +9 cols
    [CG]   [DIAG] iter=33 posCols=9 newCols=9 effImprove=9 updated=0
    [CG] CG iter 34: obj=2289013.566864, maxRC=55456.970784, +9 cols
    [CG]   [DIAG] iter=34 posCols=9 newCols=9 effImprove=9 updated=0
    [CG] CG iter 35: obj=2289013.566864, maxRC=31366.834956, +9 cols
    [CG]   [DIAG] iter=35 posCols=9 newCols=9 effImprove=9 updated=0
    [CG] CG iter 36: obj=2290040.056092, maxRC=30283.019546, +9 cols
    [CG]   [DIAG] iter=36 posCols=9 newCols=9 effImprove=9 updated=0
    [CG] CG iter 37: obj=2291790.648330, maxRC=20641.540246, +9 cols
    [CG]   [DIAG] iter=37 posCols=9 newCols=9 effImprove=9 updated=0
    [CG] CG iter 38: obj=2293302.869872, maxRC=20609.260255, +9 cols
    [CG]   [DIAG] iter=38 posCols=9 newCols=9 effImprove=9 updated=0
    [CG] CG iter 39: obj=2296106.289583, maxRC=22662.451453, +10 cols
    [CG]   [DIAG] iter=39 posCols=10 newCols=10 effImprove=10 updated=0
    [CG] CG iter 40: obj=2297591.114566, maxRC=21116.255790, +9 cols
    [CG]   [DIAG] iter=40 posCols=9 newCols=9 effImprove=9 updated=0
    [CG] CG iter 41: obj=2298326.258970, maxRC=13489.966983, +8 cols
    [CG]   [DIAG] iter=41 posCols=8 newCols=8 effImprove=8 updated=0
    [CG] CG iter 42: obj=2302486.397272, maxRC=12347.725536, +8 cols
    [CG]   [DIAG] iter=42 posCols=8 newCols=8 effImprove=8 updated=0
    [CG] CG iter 43: obj=2302486.397272, maxRC=24715.318977, +9 cols
    [CG]   [DIAG] iter=43 posCols=9 newCols=9 effImprove=9 updated=0
    [CG] CG iter 44: obj=2302803.794312, maxRC=16770.717819, +8 cols
    [CG]   [DIAG] iter=44 posCols=8 newCols=8 effImprove=8 updated=0
    [CG] CG iter 45: obj=2304216.807606, maxRC=23585.343642, +9 cols
    [CG]   [DIAG] iter=45 posCols=9 newCols=9 effImprove=9 updated=0
    [CG] CG iter 46: obj=2305410.313844, maxRC=19956.385389, +8 cols
    [CG]   [DIAG] iter=46 posCols=8 newCols=8 effImprove=8 updated=0
    [CG] CG iter 47: obj=2307025.395716, maxRC=14482.037513, +7 cols
    [CG]   [DIAG] iter=47 posCols=7 newCols=7 effImprove=7 updated=0
    [CG] CG iter 48: obj=2307025.395716, maxRC=8238.131251, +6 cols
    [CG]   [DIAG] iter=48 posCols=6 newCols=6 effImprove=6 updated=0
    [CG] CG iter 49: obj=2308531.747831, maxRC=8395.708775, +7 cols
    [CG]   [DIAG] iter=49 posCols=7 newCols=7 effImprove=7 updated=0
    [CG] CG iter 50: obj=2310534.459285, maxRC=4813.154549, +5 cols
    [CG]   [DIAG] iter=50 posCols=5 newCols=5 effImprove=5 updated=0
    [CG] CG iter 51: obj=2310534.459285, maxRC=5200.704020, +4 cols
    [CG]   [DIAG] iter=51 posCols=4 newCols=4 effImprove=4 updated=0
    [CG] CG iter 52: obj=2314409.051575, maxRC=4576.562349, +5 cols
    [CG]   [DIAG] iter=52 posCols=5 newCols=5 effImprove=5 updated=0
    [CG] CG iter 53: obj=2314409.051575, maxRC=2679.182318, +3 cols
    [CG]   [DIAG] iter=53 posCols=3 newCols=3 effImprove=3 updated=0
    [CG] CG iter 54: obj=2314409.051575, maxRC=998.405017, +2 cols
    [CG]   [DIAG] iter=54 posCols=2 newCols=2 effImprove=2 updated=0
    [CG] CG iter 55: obj=2314409.051575, maxRC=845.109317, +2 cols
    [CG]   [DIAG] iter=55 posCols=2 newCols=2 effImprove=2 updated=0
    [CG] CG iter 56: obj=2314409.051575, maxRC=351.029781, +2 cols
    [CG]   [DIAG] iter=56 posCols=2 newCols=2 effImprove=2 updated=0
    [CG] CG iter 57: obj=2314409.051575, maxRC=30.424600, +1 cols
    [CG]   [DIAG] iter=57 posCols=1 newCols=1 effImprove=1 updated=0
    [CG] CG iter 58: obj=2314409.051575, maxRC=22.779032, +1 cols
    [CG]   [DIAG] iter=58 posCols=1 newCols=1 effImprove=1 updated=0
    [CG] 列生成收敛，共 59 轮迭代
    [CG] [CG-NODE] depth=0 exit=CERTIFIED certified=1 feasible=1 iters=59 generatedColsBeforeNode=0 newCols=577 posCandidates=577 duplicateCandidates=0 updatedCols=0 zeroObjImproveIters=18 objFirst=508419.374776 objLast=2314409.051575 objGain=1805989.676798 maxRC=1615470.672676 wallSec=1.042943 pricingSec=0.986285 cplexSolveSec=0.027144
      [BB] 根节点即为整数解，obj=2314409.051575
