    [CG] 列生成开始，初始列数=310
    [CG] CG iter 1: obj=678000.672897, maxRC=1642998.189972, +27 cols
    [CG]   [DIAG] iter=1 posCols=27 newCols=27 effImprove=27 updated=0
    [CG] CG iter 2: obj=2054894.415385, maxRC=468574.576385, +15 cols
    [CG]   [DIAG] iter=2 posCols=15 newCols=15 effImprove=15 updated=0
    [CG] CG iter 3: obj=2058485.066236, maxRC=443045.541668, +17 cols
    [CG]   [DIAG] iter=3 posCols=17 newCols=17 effImprove=17 updated=0
    [CG] CG iter 4: obj=2058485.066236, maxRC=460336.259427, +15 cols
    [CG]   [DIAG] iter=4 posCols=15 newCols=15 effImprove=15 updated=0
    [CG] CG iter 5: obj=2058485.066236, maxRC=382943.417797, +15 cols
    [CG]   [DIAG] iter=5 posCols=15 newCols=15 effImprove=15 updated=0
    [CG] CG iter 6: obj=2082913.700337, maxRC=385654.446567, +15 cols
    [CG]   [DIAG] iter=6 posCols=15 newCols=15 effImprove=15 updated=0
    [CG] CG iter 7: obj=2145489.401552, maxRC=244113.154772, +15 cols
    [CG]   [DIAG] iter=7 posCols=15 newCols=15 effImprove=15 updated=0
    [CG] CG iter 8: obj=2168051.210331, maxRC=286586.517802, +15 cols
    [CG]   [DIAG] iter=8 posCols=15 newCols=15 effImprove=15 updated=0
    [CG] CG iter 9: obj=2189967.791094, maxRC=205176.271334, +13 cols
    [CG]   [DIAG] iter=9 posCols=13 newCols=13 effImprove=13 updated=0
    [CG] CG iter 10: obj=2241422.788836, maxRC=160401.590525, +12 cols
    [CG]   [DIAG] iter=10 posCols=12 newCols=12 effImprove=12 updated=0
    [CG] CG iter 11: obj=2271258.887879, maxRC=200520.154706, +13 cols
    [CG]   [DIAG] iter=11 posCols=13 newCols=13 effImprove=13 updated=0
    [CG] CG iter 12: obj=2288878.441214, maxRC=158626.036395, +14 cols
    [CG]   [DIAG] iter=12 posCols=14 newCols=14 effImprove=14 updated=0
    [CG] CG iter 13: obj=2291235.354866, maxRC=156112.881761, +12 cols
    [CG]   [DIAG] iter=13 posCols=12 newCols=12 effImprove=12 updated=0
    [CG] CG iter 14: obj=2341219.008424, maxRC=124753.458774, +12 cols
    [CG]   [DIAG] iter=14 posCols=12 newCols=12 effImprove=12 updated=0
    [CG] CG iter 15: obj=2341219.008424, maxRC=95763.836491, +12 cols
    [CG]   [DIAG] iter=15 posCols=12 newCols=12 effImprove=12 updated=0
    [CG] CG iter 16: obj=2341219.008424, maxRC=144458.244503, +12 cols
    [CG]   [DIAG] iter=16 posCols=12 newCols=12 effImprove=12 updated=0
    [CG] CG iter 17: obj=2344276.419700, maxRC=98384.487640, +12 cols
    [CG]   [DIAG] iter=17 posCols=12 newCols=12 effImprove=12 updated=0
    [CG] CG iter 18: obj=2355854.299285, maxRC=71108.640154, +12 cols
    [CG]   [DIAG] iter=18 posCols=12 newCols=12 effImprove=12 updated=0
    [CG] CG iter 19: obj=2375594.389395, maxRC=79615.672906, +10 cols
    [CG]   [DIAG] iter=19 posCols=10 newCols=10 effImprove=10 updated=0
    [CG] CG iter 20: obj=2380815.092724, maxRC=84205.117987, +12 cols
    [CG]   [DIAG] iter=20 posCols=12 newCols=12 effImprove=12 updated=0
    [CG] CG iter 21: obj=2389857.320885, maxRC=49650.305270, +12 cols
    [CG]   [DIAG] iter=21 posCols=12 newCols=12 effImprove=12 updated=0
    [CG] CG iter 22: obj=2389857.320885, maxRC=26958.001822, +9 cols
    [CG]   [DIAG] iter=22 posCols=9 newCols=9 effImprove=9 updated=0
    [CG] CG iter 23: obj=2393833.363389, maxRC=31113.138433, +9 cols
    [CG]   [DIAG] iter=23 posCols=9 newCols=9 effImprove=9 updated=0
    [CG] CG iter 24: obj=2394205.281489, maxRC=37059.469275, +9 cols
    [CG]   [DIAG] iter=24 posCols=9 newCols=9 effImprove=9 updated=0
    [CG] CG iter 25: obj=2395661.967797, maxRC=24270.658548, +9 cols
    [CG]   [DIAG] iter=25 posCols=9 newCols=9 effImprove=9 updated=0
    [CG] CG iter 26: obj=2399452.397033, maxRC=18172.446210, +10 cols
    [CG]   [DIAG] iter=26 posCols=10 newCols=10 effImprove=10 updated=0
    [CG] CG iter 27: obj=2404580.821911, maxRC=18246.328283, +11 cols
    [CG]   [DIAG] iter=27 posCols=11 newCols=11 effImprove=11 updated=0
    [CG] CG iter 28: obj=2408089.996452, maxRC=10473.932673, +9 cols
    [CG]   [DIAG] iter=28 posCols=9 newCols=9 effImprove=9 updated=0
    [CG] CG iter 29: obj=2410009.462551, maxRC=12301.481985, +7 cols
    [CG]   [DIAG] iter=29 posCols=7 newCols=7 effImprove=7 updated=0
    [CG] CG iter 30: obj=2410009.462551, maxRC=6070.600390, +7 cols
    [CG]   [DIAG] iter=30 posCols=7 newCols=7 effImprove=7 updated=0
    [CG] CG iter 31: obj=2412032.996015, maxRC=3241.151800, +5 cols
    [CG]   [DIAG] iter=31 posCols=5 newCols=5 effImprove=5 updated=0
    [CG] CG iter 32: obj=2415274.147815, maxRC=1766.040980, +4 cols
    [CG]   [DIAG] iter=32 posCols=4 newCols=4 effImprove=4 updated=0
    [CG] CG iter 33: obj=2415274.147815, maxRC=1158.215447, +2 cols
    [CG]   [DIAG] iter=33 posCols=2 newCols=2 effImprove=2 updated=0
    [CG] CG iter 34: obj=2415274.147815, maxRC=1404.295494, +3 cols
    [CG]   [DIAG] iter=34 posCols=3 newCols=3 effImprove=3 updated=0
    [CG] CG iter 35: obj=2415274.147815, maxRC=613.342827, +2 cols
    [CG]   [DIAG] iter=35 posCols=2 newCols=2 effImprove=2 updated=0
    [CG] CG iter 36: obj=2415274.147815, maxRC=230.886376, +1 cols
    [CG]   [DIAG] iter=36 posCols=1 newCols=1 effImprove=1 updated=0
    [CG] CG iter 37: obj=2415274.147815, maxRC=218.287930, +1 cols
    [CG]   [DIAG] iter=37 posCols=1 newCols=1 effImprove=1 updated=0
    [CG] CG iter 38: obj=2415274.147815, maxRC=212.271686, +1 cols
    [CG]   [DIAG] iter=38 posCols=1 newCols=1 effImprove=1 updated=0
    [CG] CG iter 39: obj=2415274.147815, maxRC=215.565638, +1 cols
    [CG]   [DIAG] iter=39 posCols=1 newCols=1 effImprove=1 updated=0
    [CG] CG iter 40: obj=2415274.147815, maxRC=124.065378, +1 cols
    [CG]   [DIAG] iter=40 posCols=1 newCols=1 effImprove=1 updated=0
    [CG] CG iter 41: obj=2415274.147815, maxRC=42.220638, +1 cols
    [CG]   [DIAG] iter=41 posCols=1 newCols=1 effImprove=1 updated=0
    [CG] CG iter 42: obj=2415274.147815, maxRC=38.736440, +1 cols
    [CG]   [DIAG] iter=42 posCols=1 newCols=1 effImprove=1 updated=0
    [CG] 列生成收敛，共 43 轮迭代
    [CG] [CG-NODE] depth=0 exit=CERTIFIED certified=1 feasible=1 iters=43 generatedColsBeforeNode=0 newCols=395 posCandidates=395 duplicateCandidates=0 updatedCols=0 zeroObjImproveIters=17 objFirst=678000.672897 objLast=2415274.147815 objGain=1737273.474918 maxRC=1642998.189972 wallSec=0.455655 pricingSec=0.430706 cplexSolveSec=0.018578
      [BB] 根节点即为整数解，obj=2415274.147815
