    [CG] 列生成开始，初始列数=310
    [CG] CG iter 1: obj=615008.643596, maxRC=1595225.517590, +24 cols
    [CG]   [DIAG] iter=1 posCols=24 newCols=24 effImprove=24 updated=0
    [CG] CG iter 2: obj=2035647.452148, maxRC=775100.910341, +18 cols
    [CG]   [DIAG] iter=2 posCols=18 newCols=18 effImprove=18 updated=0
    [CG] CG iter 3: obj=2035647.452148, maxRC=539575.819172, +16 cols
    [CG]   [DIAG] iter=3 posCols=16 newCols=16 effImprove=16 updated=0
    [CG] CG iter 4: obj=2035647.452148, maxRC=445464.591431, +15 cols
    [CG]   [DIAG] iter=4 posCols=15 newCols=15 effImprove=15 updated=0
    [CG] CG iter 5: obj=2035647.452148, maxRC=434606.378764, +14 cols
    [CG]   [DIAG] iter=5 posCols=14 newCols=14 effImprove=14 updated=0
    [CG] CG iter 6: obj=2035647.452148, maxRC=373491.981619, +13 cols
    [CG]   [DIAG] iter=6 posCols=13 newCols=13 effImprove=13 updated=0
    [CG] CG iter 7: obj=2035647.452148, maxRC=405333.402564, +12 cols
    [CG]   [DIAG] iter=7 posCols=12 newCols=12 effImprove=12 updated=0
    [CG] CG iter 8: obj=2043950.973892, maxRC=529754.732097, +17 cols
    [CG]   [DIAG] iter=8 posCols=17 newCols=17 effImprove=17 updated=0
    [CG] CG iter 9: obj=2084867.309348, maxRC=351980.932332, +16 cols
    [CG]   [DIAG] iter=9 posCols=16 newCols=16 effImprove=16 updated=0
    [CG] CG iter 10: obj=2094493.679702, maxRC=256579.085365, +12 cols
    [CG]   [DIAG] iter=10 posCols=12 newCols=12 effImprove=12 updated=0
    [CG] CG iter 11: obj=2132953.121277, maxRC=232291.128129, +13 cols
    [CG]   [DIAG] iter=11 posCols=13 newCols=13 effImprove=13 updated=0
    [CG] CG iter 12: obj=2202198.267618, maxRC=198472.300409, +12 cols
    [CG]   [DIAG] iter=12 posCols=12 newCols=12 effImprove=12 updated=0
    [CG] CG iter 13: obj=2216645.012301, maxRC=214461.114588, +12 cols
    [CG]   [DIAG] iter=13 posCols=12 newCols=12 effImprove=12 updated=0
    [CG] CG iter 14: obj=2231824.881007, maxRC=148623.283120, +12 cols
    [CG]   [DIAG] iter=14 posCols=12 newCols=12 effImprove=12 updated=0
    [CG] CG iter 15: obj=2244026.368661, maxRC=138338.537699, +12 cols
    [CG]   [DIAG] iter=15 posCols=12 newCols=12 effImprove=12 updated=0
    [CG] CG iter 16: obj=2261649.262356, maxRC=102242.921765, +12 cols
    [CG]   [DIAG] iter=16 posCols=12 newCols=12 effImprove=12 updated=0
    [CG] CG iter 17: obj=2279673.647494, maxRC=132919.057120, +12 cols
    [CG]   [DIAG] iter=17 posCols=12 newCols=12 effImprove=12 updated=0
    [CG] CG iter 18: obj=2288404.818738, maxRC=86520.855164, +12 cols
    [CG]   [DIAG] iter=18 posCols=12 newCols=12 effImprove=12 updated=0
    [CG] CG iter 19: obj=2321860.279297, maxRC=98112.446208, +12 cols
    [CG]   [DIAG] iter=19 posCols=12 newCols=11 effImprove=12 updated=1
    [CG] CG iter 20: obj=2335607.123045, maxRC=117798.864064, +12 cols
    [CG]   [DIAG] iter=20 posCols=12 newCols=12 effImprove=12 updated=0
    [CG] CG iter 21: obj=2336837.320574, maxRC=65343.703857, +11 cols
    [CG]   [DIAG] iter=21 posCols=11 newCols=11 effImprove=11 updated=0
    [CG] CG iter 22: obj=2342076.329029, maxRC=79199.994388, +12 cols
    [CG]   [DIAG] iter=22 posCols=12 newCols=12 effImprove=12 updated=0
    [CG] CG iter 23: obj=2344444.823931, maxRC=47456.845780, +11 cols
    [CG]   [DIAG] iter=23 posCols=11 newCols=10 effImprove=11 updated=1
    [CG] CG iter 24: obj=2346753.585804, maxRC=112433.099988, +12 cols
    [CG]   [DIAG] iter=24 posCols=12 newCols=12 effImprove=12 updated=0
    [CG] CG iter 25: obj=2349846.730897, maxRC=62723.248120, +11 cols
    [CG]   [DIAG] iter=25 posCols=11 newCols=11 effImprove=11 updated=0
    [CG] CG iter 26: obj=2351768.157494, maxRC=42616.077198, +10 cols
    [CG]   [DIAG] iter=26 posCols=10 newCols=10 effImprove=10 updated=0
    [CG] CG iter 27: obj=2354092.734284, maxRC=40818.286005, +11 cols
    [CG]   [DIAG] iter=27 posCols=11 newCols=11 effImprove=11 updated=0
    [CG] CG iter 28: obj=2355044.604464, maxRC=32273.913698, +10 cols
    [CG]   [DIAG] iter=28 posCols=10 newCols=10 effImprove=10 updated=0
    [CG] CG iter 29: obj=2358683.689261, maxRC=32853.013099, +11 cols
    [CG]   [DIAG] iter=29 posCols=11 newCols=11 effImprove=11 updated=0
    [CG] CG iter 30: obj=2363857.005760, maxRC=21341.346069, +9 cols
    [CG]   [DIAG] iter=30 posCols=9 newCols=9 effImprove=9 updated=0
    [CG] CG iter 31: obj=2368599.812112, maxRC=19428.259442, +9 cols
    [CG]   [DIAG] iter=31 posCols=9 newCols=9 effImprove=9 updated=0
    [CG] CG iter 32: obj=2373143.553462, maxRC=23537.734797, +9 cols
    [CG]   [DIAG] iter=32 posCols=9 newCols=9 effImprove=9 updated=0
    [CG] CG iter 33: obj=2374473.525394, maxRC=16418.955520, +9 cols
    [CG]   [DIAG] iter=33 posCols=9 newCols=9 effImprove=9 updated=0
    [CG] CG iter 34: obj=2375926.113818, maxRC=13307.975104, +7 cols
    [CG]   [DIAG] iter=34 posCols=7 newCols=7 effImprove=7 updated=0
    [CG] CG iter 35: obj=2378680.658200, maxRC=14011.576457, +9 cols
    [CG]   [DIAG] iter=35 posCols=9 newCols=9 effImprove=9 updated=0
    [CG] CG iter 36: obj=2378680.658200, maxRC=10095.395127, +8 cols
    [CG]   [DIAG] iter=36 posCols=8 newCols=8 effImprove=8 updated=0
    [CG] CG iter 37: obj=2380315.734851, maxRC=8192.140299, +6 cols
    [CG]   [DIAG] iter=37 posCols=6 newCols=6 effImprove=6 updated=0
    [CG] CG iter 38: obj=2380784.418562, maxRC=10321.766069, +5 cols
    [CG]   [DIAG] iter=38 posCols=5 newCols=5 effImprove=5 updated=0
    [CG] CG iter 39: obj=2380784.418562, maxRC=6108.818507, +2 cols
    [CG]   [DIAG] iter=39 posCols=2 newCols=2 effImprove=2 updated=0
    [CG] CG iter 40: obj=2381575.393927, maxRC=7528.977855, +3 cols
    [CG]   [DIAG] iter=40 posCols=3 newCols=3 effImprove=3 updated=0
    [CG] CG iter 41: obj=2381575.393927, maxRC=5088.942615, +2 cols
    [CG]   [DIAG] iter=41 posCols=2 newCols=2 effImprove=2 updated=0
    [CG] CG iter 42: obj=2381575.393927, maxRC=6718.793353, +2 cols
    [CG]   [DIAG] iter=42 posCols=2 newCols=2 effImprove=2 updated=0
    [CG] CG iter 43: obj=2381575.393927, maxRC=490.144416, +1 cols
    [CG]   [DIAG] iter=43 posCols=1 newCols=1 effImprove=1 updated=0
    [CG] CG iter 44: obj=2381575.393927, maxRC=727.255622, +1 cols
    [CG]   [DIAG] iter=44 posCols=1 newCols=1 effImprove=1 updated=0
    [CG] CG iter 45: obj=2381575.393927, maxRC=273.259328, +1 cols
    [CG]   [DIAG] iter=45 posCols=1 newCols=1 effImprove=1 updated=0
    [CG] CG iter 46: obj=2381575.393927, maxRC=190.889628, +1 cols
    [CG]   [DIAG] iter=46 posCols=1 newCols=1 effImprove=1 updated=0
    [CG] CG iter 47: obj=2381575.393927, maxRC=91.356463, +1 cols
    [CG]   [DIAG] iter=47 posCols=1 newCols=1 effImprove=1 updated=0
    [CG] CG iter 48: obj=2381575.393927, maxRC=81.157963, +1 cols
    [CG]   [DIAG] iter=48 posCols=1 newCols=1 effImprove=1 updated=0
    [CG] CG iter 49: obj=2381575.393927, maxRC=93.403200, +1 cols
    [CG]   [DIAG] iter=49 posCols=1 newCols=1 effImprove=1 updated=0
    [CG] CG iter 50: obj=2381575.393927, maxRC=60.999766, +1 cols
    [CG]   [DIAG] iter=50 posCols=1 newCols=1 effImprove=1 updated=0
    [CG] 列生成收敛，共 51 轮迭代
    [CG] [CG-NODE] depth=0 exit=CERTIFIED certified=1 feasible=1 iters=51 generatedColsBeforeNode=0 newCols=463 posCandidates=465 duplicateCandidates=2 updatedCols=2 zeroObjImproveIters=18 objFirst=615008.643596 objLast=2381575.393927 objGain=1766566.750331 maxRC=1595225.517590 wallSec=0.562444 pricingSec=0.511746 cplexSolveSec=0.023757
      [BB] 分支定界开始，根节点LP obj=2381575.393927，最大节点数=10000
      [BB] 根节点启发式下界 LB=1813564.542655（上界=2381575.393927）
    [CG] [BB-DIAG] 分支 x_{dc=4,retailer=3}, 节点数=1
    [CG] 列生成开始，初始列数=687
    [CG] CG iter 52: obj=2371286.738927, maxRC=58454.911542, +13 cols
    [CG]   [DIAG] iter=52 posCols=13 newCols=13 effImprove=13 updated=0
    [CG] CG iter 53: obj=2371286.738927, maxRC=25350.746390, +10 cols
    [CG]   [DIAG] iter=53 posCols=10 newCols=10 effImprove=10 updated=0
    [CG] CG iter 54: obj=2371286.738927, maxRC=13262.059884, +7 cols
    [CG]   [DIAG] iter=54 posCols=7 newCols=7 effImprove=7 updated=0
    [CG] CG iter 55: obj=2371286.738927, maxRC=7324.836133, +7 cols
    [CG]   [DIAG] iter=55 posCols=7 newCols=7 effImprove=7 updated=0
    [CG] CG iter 56: obj=2374733.262343, maxRC=3422.896427, +7 cols
    [CG]   [DIAG] iter=56 posCols=7 newCols=7 effImprove=7 updated=0
    [CG] CG iter 57: obj=2374733.262343, maxRC=3461.397247, +6 cols
    [CG]   [DIAG] iter=57 posCols=6 newCols=6 effImprove=6 updated=0
    [CG] CG iter 58: obj=2374733.262343, maxRC=2141.817754, +2 cols
    [CG]   [DIAG] iter=58 posCols=2 newCols=2 effImprove=2 updated=0
    [CG] CG iter 59: obj=2374733.262343, maxRC=645.301300, +5 cols
    [CG]   [DIAG] iter=59 posCols=5 newCols=5 effImprove=5 updated=0
    [CG] CG iter 60: obj=2374733.262343, maxRC=25.190904, +1 cols
    [CG]   [DIAG] iter=60 posCols=1 newCols=1 effImprove=1 updated=0
    [CG] 列生成收敛，共 61 轮迭代
    [CG] [CG-NODE] depth=1 exit=CERTIFIED certified=1 feasible=1 iters=10 generatedColsBeforeNode=463 newCols=58 posCandidates=58 duplicateCandidates=0 updatedCols=0 zeroObjImproveIters=8 objFirst=2371286.738927 objLast=2374733.262343 objGain=3446.523416 maxRC=58454.911542 wallSec=0.071209 pricingSec=0.062810 cplexSolveSec=0.005695
    [CG] 列生成开始，初始列数=713
    [CG] CG iter 62: obj=2378488.887236, maxRC=41159.254987, +9 cols
    [CG]   [DIAG] iter=62 posCols=9 newCols=9 effImprove=9 updated=0
    [CG] CG iter 63: obj=2378488.887236, maxRC=28763.983588, +8 cols
    [CG]   [DIAG] iter=63 posCols=8 newCols=8 effImprove=8 updated=0
    [CG] CG iter 64: obj=2378488.887236, maxRC=18954.027974, +9 cols
    [CG]   [DIAG] iter=64 posCols=9 newCols=9 effImprove=9 updated=0
    [CG] CG iter 65: obj=2378488.887236, maxRC=7375.972256, +8 cols
    [CG]   [DIAG] iter=65 posCols=8 newCols=8 effImprove=8 updated=0
    [CG] CG iter 66: obj=2378488.887236, maxRC=6129.463586, +5 cols
    [CG]   [DIAG] iter=66 posCols=5 newCols=5 effImprove=5 updated=0
    [CG] CG iter 67: obj=2378488.887236, maxRC=3753.051918, +4 cols
    [CG]   [DIAG] iter=67 posCols=4 newCols=4 effImprove=4 updated=0
    [CG] CG iter 68: obj=2378488.887236, maxRC=1618.152083, +4 cols
    [CG]   [DIAG] iter=68 posCols=4 newCols=4 effImprove=4 updated=0
    [CG] CG iter 69: obj=2378488.887236, maxRC=991.774326, +3 cols
    [CG]   [DIAG] iter=69 posCols=3 newCols=3 effImprove=3 updated=0
    [CG] CG iter 70: obj=2378488.887236, maxRC=811.665690, +2 cols
    [CG]   [DIAG] iter=70 posCols=2 newCols=2 effImprove=2 updated=0
    [CG] CG iter 71: obj=2378488.887236, maxRC=758.025079, +3 cols
    [CG]   [DIAG] iter=71 posCols=3 newCols=3 effImprove=3 updated=0
    [CG] CG iter 72: obj=2378488.887236, maxRC=485.322874, +2 cols
    [CG]   [DIAG] iter=72 posCols=2 newCols=2 effImprove=2 updated=0
    [CG] CG iter 73: obj=2378488.887236, maxRC=556.688616, +1 cols
    [CG]   [DIAG] iter=73 posCols=1 newCols=1 effImprove=1 updated=0
    [CG] CG iter 74: obj=2378488.887236, maxRC=556.002909, +1 cols
    [CG]   [DIAG] iter=74 posCols=1 newCols=1 effImprove=1 updated=0
    [CG] CG iter 75: obj=2378488.887236, maxRC=291.058681, +1 cols
    [CG]   [DIAG] iter=75 posCols=1 newCols=1 effImprove=1 updated=0
    [CG] CG iter 76: obj=2378488.887236, maxRC=365.829175, +1 cols
    [CG]   [DIAG] iter=76 posCols=1 newCols=1 effImprove=1 updated=0
    [CG] CG iter 77: obj=2378488.887236, maxRC=629.693503, +1 cols
    [CG]   [DIAG] iter=77 posCols=1 newCols=1 effImprove=1 updated=0
    [CG] CG iter 78: obj=2378488.887236, maxRC=202.086995, +1 cols
    [CG]   [DIAG] iter=78 posCols=1 newCols=1 effImprove=1 updated=0
    [CG] CG iter 79: obj=2378488.887236, maxRC=129.084472, +1 cols
    [CG]   [DIAG] iter=79 posCols=1 newCols=1 effImprove=1 updated=0
    [CG] CG iter 80: obj=2378488.887236, maxRC=31.295327, +1 cols
    [CG]   [DIAG] iter=80 posCols=1 newCols=1 effImprove=1 updated=0
    [CG] CG iter 81: obj=2378488.887236, maxRC=24.866040, +1 cols
    [CG]   [DIAG] iter=81 posCols=1 newCols=1 effImprove=1 updated=0
    [CG] 列生成收敛，共 82 轮迭代
    [CG] [CG-NODE] depth=1 exit=CERTIFIED certified=1 feasible=1 iters=21 generatedColsBeforeNode=521 newCols=66 posCandidates=66 duplicateCandidates=0 updatedCols=0 zeroObjImproveIters=20 objFirst=2378488.887236 objLast=2378488.887236 objGain=0.000000 maxRC=41159.254987 wallSec=0.096373 pricingSec=0.083149 cplexSolveSec=0.009778
    [CG] [BB-INCUMBENT] selection=2 node=1 previous=1813564.542655 value=2378488.887236 active=1
    [CG] [BB-NODESEL] strategy=hybrid choice=dfs eligibleCount=1 active=1 gap=0.000000
      [BB] 分支定界结束：处理 3 节点，剪枝 1，剩余活跃 0，整数解 2，状态=OPTIMAL，最好可行 obj=2378488.887236，gap=0.000000
