    [CG] 列生成开始，初始列数=310
    [CG] CG iter 1: obj=611128.911373, maxRC=1638386.680643, +28 cols
    [CG]   [DIAG] iter=1 posCols=28 newCols=28 effImprove=28 updated=0
    [CG] CG iter 2: obj=2052125.878656, maxRC=572060.832670, +17 cols
    [CG]   [DIAG] iter=2 posCols=17 newCols=17 effImprove=17 updated=0
    [CG] CG iter 3: obj=2058515.699687, maxRC=511571.611259, +15 cols
    [CG]   [DIAG] iter=3 posCols=15 newCols=15 effImprove=15 updated=0
    [CG] CG iter 4: obj=2058515.699687, maxRC=526123.914823, +15 cols
    [CG]   [DIAG] iter=4 posCols=15 newCols=15 effImprove=15 updated=0
    [CG] CG iter 5: obj=2058515.699687, maxRC=474229.276891, +15 cols
    [CG]   [DIAG] iter=5 posCols=15 newCols=15 effImprove=15 updated=0
    [CG] CG iter 6: obj=2058515.699687, maxRC=410635.463328, +15 cols
    [CG]   [DIAG] iter=6 posCols=15 newCols=15 effImprove=15 updated=0
    [CG] CG iter 7: obj=2058515.699687, maxRC=387909.335895, +15 cols
    [CG]   [DIAG] iter=7 posCols=15 newCols=15 effImprove=15 updated=0
    [CG] CG iter 8: obj=2089477.822749, maxRC=596880.669582, +18 cols
    [CG]   [DIAG] iter=8 posCols=18 newCols=18 effImprove=18 updated=0
    [CG] CG iter 9: obj=2100981.995125, maxRC=464510.970552, +16 cols
    [CG]   [DIAG] iter=9 posCols=16 newCols=16 effImprove=16 updated=0
    [CG] CG iter 10: obj=2164100.106370, maxRC=427733.831886, +17 cols
    [CG]   [DIAG] iter=10 posCols=17 newCols=17 effImprove=17 updated=0
    [CG] CG iter 11: obj=2187897.102180, maxRC=243004.467172, +15 cols
    [CG]   [DIAG] iter=11 posCols=15 newCols=15 effImprove=15 updated=0
    [CG] CG iter 12: obj=2199002.741436, maxRC=158491.470643, +15 cols
    [CG]   [DIAG] iter=12 posCols=15 newCols=15 effImprove=15 updated=0
    [CG] CG iter 13: obj=2242342.165317, maxRC=199916.340532, +15 cols
    [CG]   [DIAG] iter=13 posCols=15 newCols=15 effImprove=15 updated=0
    [CG] CG iter 14: obj=2245173.782962, maxRC=186262.076001, +14 cols
    [CG]   [DIAG] iter=14 posCols=14 newCols=14 effImprove=14 updated=0
    [CG] CG iter 15: obj=2282045.286193, maxRC=202810.598094, +13 cols
    [CG]   [DIAG] iter=15 posCols=13 newCols=13 effImprove=13 updated=0
    [CG] CG iter 16: obj=2295454.483404, maxRC=167610.698176, +13 cols
    [CG]   [DIAG] iter=16 posCols=13 newCols=13 effImprove=13 updated=0
    [CG] CG iter 17: obj=2302013.248577, maxRC=132708.703901, +13 cols
    [CG]   [DIAG] iter=17 posCols=13 newCols=12 effImprove=13 updated=1
    [CG] CG iter 18: obj=2313504.557062, maxRC=87305.308363, +13 cols
    [CG]   [DIAG] iter=18 posCols=13 newCols=13 effImprove=13 updated=0
    [CG] CG iter 19: obj=2316510.684101, maxRC=76242.463231, +12 cols
    [CG]   [DIAG] iter=19 posCols=12 newCols=12 effImprove=12 updated=0
    [CG] CG iter 20: obj=2333514.751083, maxRC=105308.999950, +12 cols
    [CG]   [DIAG] iter=20 posCols=12 newCols=12 effImprove=12 updated=0
    [CG] CG iter 21: obj=2360237.957050, maxRC=81958.072227, +12 cols
    [CG]   [DIAG] iter=21 posCols=12 newCols=12 effImprove=12 updated=0
    [CG] CG iter 22: obj=2364035.789735, maxRC=80468.977544, +12 cols
    [CG]   [DIAG] iter=22 posCols=12 newCols=12 effImprove=12 updated=0
    [CG] CG iter 23: obj=2371067.458954, maxRC=52285.981164, +12 cols
    [CG]   [DIAG] iter=23 posCols=12 newCols=12 effImprove=12 updated=0
    [CG] CG iter 24: obj=2380229.155778, maxRC=44687.943811, +12 cols
    [CG]   [DIAG] iter=24 posCols=12 newCols=12 effImprove=12 updated=0
    [CG] CG iter 25: obj=2381369.378192, maxRC=35503.875046, +10 cols
    [CG]   [DIAG] iter=25 posCols=10 newCols=10 effImprove=10 updated=0
    [CG] CG iter 26: obj=2386498.738502, maxRC=40699.604291, +9 cols
    [CG]   [DIAG] iter=26 posCols=9 newCols=9 effImprove=9 updated=0
    [CG] CG iter 27: obj=2393277.914052, maxRC=30440.483916, +10 cols
    [CG]   [DIAG] iter=27 posCols=10 newCols=9 effImprove=10 updated=1
    [CG] CG iter 28: obj=2395636.336763, maxRC=16977.051288, +9 cols
    [CG]   [DIAG] iter=28 posCols=9 newCols=9 effImprove=9 updated=0
    [CG] CG iter 29: obj=2399077.361834, maxRC=25373.750914, +9 cols
    [CG]   [DIAG] iter=29 posCols=9 newCols=9 effImprove=9 updated=0
    [CG] CG iter 30: obj=2399230.046530, maxRC=27053.289942, +9 cols
    [CG]   [DIAG] iter=30 posCols=9 newCols=9 effImprove=9 updated=0
    [CG] CG iter 31: obj=2401161.523516, maxRC=13844.883726, +9 cols
    [CG]   [DIAG] iter=31 posCols=9 newCols=9 effImprove=9 updated=0
    [CG] CG iter 32: obj=2402070.264515, maxRC=8183.327496, +8 cols
    [CG]   [DIAG] iter=32 posCols=8 newCols=8 effImprove=8 updated=0
    [CG] CG iter 33: obj=2404886.980210, maxRC=9121.556715, +8 cols
    [CG]   [DIAG] iter=33 posCols=8 newCols=8 effImprove=8 updated=0
    [CG] CG iter 34: obj=2414008.536926, maxRC=8208.201795, +7 cols
    [CG]   [DIAG] iter=34 posCols=7 newCols=7 effImprove=7 updated=0
    [CG] CG iter 35: obj=2414008.536926, maxRC=5169.978359, +8 cols
    [CG]   [DIAG] iter=35 posCols=8 newCols=8 effImprove=8 updated=0
    [CG] CG iter 36: obj=2414008.536926, maxRC=4054.533147, +6 cols
    [CG]   [DIAG] iter=36 posCols=6 newCols=6 effImprove=6 updated=0
    [CG] CG iter 37: obj=2414008.536926, maxRC=2944.321995, +6 cols
    [CG]   [DIAG] iter=37 posCols=6 newCols=6 effImprove=6 updated=0
    [CG] CG iter 38: obj=2414008.536926, maxRC=2903.740590, +6 cols
    [CG]   [DIAG] iter=38 posCols=6 newCols=6 effImprove=6 updated=0
    [CG] CG iter 39: obj=2414008.536926, maxRC=1857.041561, +4 cols
    [CG]   [DIAG] iter=39 posCols=4 newCols=4 effImprove=4 updated=0
    [CG] CG iter 40: obj=2414008.536926, maxRC=1678.971276, +5 cols
    [CG]   [DIAG] iter=40 posCols=5 newCols=5 effImprove=5 updated=0
    [CG] CG iter 41: obj=2414008.536926, maxRC=1109.670972, +4 cols
    [CG]   [DIAG] iter=41 posCols=4 newCols=4 effImprove=4 updated=0
    [CG] CG iter 42: obj=2414008.536926, maxRC=163.416298, +3 cols
    [CG]   [DIAG] iter=42 posCols=3 newCols=3 effImprove=3 updated=0
    [CG] CG iter 43: obj=2414008.536926, maxRC=84.881220, +1 cols
    [CG]   [DIAG] iter=43 posCols=1 newCols=1 effImprove=1 updated=0
    [CG] 列生成收敛，共 44 轮迭代
    [CG] [CG-NODE] depth=0 exit=CERTIFIED certified=1 feasible=1 iters=44 generatedColsBeforeNode=0 newCols=483 posCandidates=485 duplicateCandidates=2 updatedCols=2 zeroObjImproveIters=14 objFirst=611128.911373 objLast=2414008.536926 objGain=1802879.625552 maxRC=1638386.680643 wallSec=0.579200 pricingSec=0.532172 cplexSolveSec=0.020691
      [BB] 根节点即为整数解，obj=2414008.536926
