    [CG] 列生成开始，初始列数=310
    [CG] CG iter 1: obj=564039.592847, maxRC=435769.797849, +28 cols
    [CG]   [DIAG] iter=1 posCols=28 newCols=28 effImprove=28 updated=0
    [CG] CG iter 2: obj=938810.968800, maxRC=285313.578736, +25 cols
    [CG]   [DIAG] iter=2 posCols=25 newCols=25 effImprove=25 updated=0
    [CG] CG iter 3: obj=944895.271331, maxRC=229698.240470, +24 cols
    [CG]   [DIAG] iter=3 posCols=24 newCols=24 effImprove=24 updated=0
    [CG] CG iter 4: obj=1047819.196856, maxRC=153973.537815, +24 cols
    [CG]   [DIAG] iter=4 posCols=24 newCols=24 effImprove=24 updated=0
    [CG] CG iter 5: obj=1098732.843818, maxRC=139000.762001, +21 cols
    [CG]   [DIAG] iter=5 posCols=21 newCols=21 effImprove=21 updated=0
    [CG] CG iter 6: obj=1169980.045788, maxRC=86874.733124, +20 cols
    [CG]   [DIAG] iter=6 posCols=20 newCols=20 effImprove=20 updated=0
    [CG] CG iter 7: obj=1230763.758985, maxRC=126319.038373, +24 cols
    [CG]   [DIAG] iter=7 posCols=24 newCols=24 effImprove=24 updated=0
    [CG] CG iter 8: obj=1303005.934235, maxRC=55631.559332, +24 cols
    [CG]   [DIAG] iter=8 posCols=24 newCols=24 effImprove=24 updated=0
    [CG] CG iter 9: obj=1311475.449948, maxRC=26004.641925, +20 cols
    [CG]   [DIAG] iter=9 posCols=20 newCols=20 effImprove=20 updated=0
    [CG] CG iter 10: obj=1326418.938551, maxRC=12774.713467, +15 cols
    [CG]   [DIAG] iter=10 posCols=15 newCols=14 effImprove=15 updated=1
    [CG] CG iter 11: obj=1343171.329067, maxRC=10667.159503, +5 cols
    [CG]   [DIAG] iter=11 posCols=5 newCols=5 effImprove=5 updated=0
    [CG] CG iter 12: obj=1343171.329067, maxRC=5426.916559, +6 cols
    [CG]   [DIAG] iter=12 posCols=6 newCols=6 effImprove=6 updated=0
    [CG] CG iter 13: obj=1343171.329067, maxRC=2765.458774, +1 cols
    [CG]   [DIAG] iter=13 posCols=1 newCols=1 effImprove=1 updated=0
    [CG] 列生成收敛，共 14 轮迭代
    [CG] [CG-NODE] depth=0 exit=CERTIFIED certified=1 feasible=1 iters=14 generatedColsBeforeNode=0 newCols=236 posCandidates=237 duplicateCandidates=1 updatedCols=1 zeroObjImproveIters=3 objFirst=564039.592847 objLast=1343171.329067 objGain=779131.736220 maxRC=435769.797849 wallSec=0.093982 pricingSec=0.086440 cplexSolveSec=0.004734
      [BB] 根节点即为整数解，obj=1343171.329067
