    [CG] 列生成开始，初始列数=310
    [CG] CG iter 1: obj=606871.892435, maxRC=458099.801132, +28 cols
    [CG]   [DIAG] iter=1 posCols=28 newCols=28 effImprove=28 updated=0
    [CG] CG iter 2: obj=986892.570307, maxRC=318984.647200, +27 cols
    [CG]   [DIAG] iter=2 posCols=27 newCols=27 effImprove=27 updated=0
    [CG] CG iter 3: obj=986892.570307, maxRC=221454.740409, +25 cols
    [CG]   [DIAG] iter=3 posCols=25 newCols=25 effImprove=25 updated=0
    [CG] CG iter 4: obj=1076984.632498, maxRC=182984.712088, +24 cols
    [CG]   [DIAG] iter=4 posCols=24 newCols=24 effImprove=24 updated=0
    [CG] CG iter 5: obj=1121457.853594, maxRC=144260.618489, +24 cols
    [CG]   [DIAG] iter=5 posCols=24 newCols=24 effImprove=24 updated=0
    [CG] CG iter 6: obj=1207019.344662, maxRC=106136.870645, +23 cols
    [CG]   [DIAG] iter=6 posCols=23 newCols=23 effImprove=23 updated=0
    [CG] CG iter 7: obj=1281683.826018, maxRC=58055.888799, +23 cols
    [CG]   [DIAG] iter=7 posCols=23 newCols=23 effImprove=23 updated=0
    [CG] CG iter 8: obj=1340177.103775, maxRC=48695.578836, +19 cols
    [CG]   [DIAG] iter=8 posCols=19 newCols=18 effImprove=19 updated=1
    [CG] CG iter 9: obj=1348981.926755, maxRC=42674.459950, +13 cols
    [CG]   [DIAG] iter=9 posCols=13 newCols=12 effImprove=13 updated=1
    [CG] CG iter 10: obj=1356905.074256, maxRC=11342.859232, +8 cols
    [CG]   [DIAG] iter=10 posCols=8 newCols=6 effImprove=8 updated=2
    [CG] CG iter 11: obj=1367662.242344, maxRC=6774.174040, +5 cols
    [CG]   [DIAG] iter=11 posCols=5 newCols=4 effImprove=5 updated=1
    [CG] CG iter 12: obj=1367662.242344, maxRC=4754.494438, +2 cols
    [CG]   [DIAG] iter=12 posCols=2 newCols=2 effImprove=2 updated=0
    [CG] CG iter 13: obj=1367662.242344, maxRC=375.503185, +1 cols
    [CG]   [DIAG] iter=13 posCols=1 newCols=1 effImprove=1 updated=0
    [CG] CG iter 14: obj=1367662.242344, maxRC=248.542640, +1 cols
    [CG]   [DIAG] iter=14 posCols=1 newCols=1 effImprove=1 updated=0
    [CG] 列生成收敛，共 15 轮迭代
    [CG] [CG-NODE] depth=0 exit=CERTIFIED certified=1 feasible=1 iters=15 generatedColsBeforeNode=0 newCols=218 posCandidates=223 duplicateCandidates=5 updatedCols=5 zeroObjImproveIters=5 objFirst=606871.892435 objLast=1367662.242344 objGain=760790.349909 maxRC=458099.801132 wallSec=0.150087 pricingSec=0.138730 cplexSolveSec=0.006549
      [BB] 根节点即为整数解，obj=1367662.242344
