    [CG] 列生成开始，初始列数=310
    [CG] CG iter 1: obj=611621.340636, maxRC=399687.576626, +30 cols
    [CG]   [DIAG] iter=1 posCols=30 newCols=30 effImprove=30 updated=0
    [CG] CG iter 2: obj=921659.700218, maxRC=237716.738477, +25 cols
    [CG]   [DIAG] iter=2 posCols=25 newCols=25 effImprove=25 updated=0
    [CG] CG iter 3: obj=940045.110277, maxRC=186868.884931, +27 cols
    [CG]   [DIAG] iter=3 posCols=27 newCols=27 effImprove=27 updated=0
    [CG] CG iter 4: obj=1068350.899885, maxRC=133930.997056, +24 cols
    [CG]   [DIAG] iter=4 posCols=24 newCols=24 effImprove=24 updated=0
    [CG] CG iter 5: obj=1167823.453090, maxRC=81677.389321, +24 cols
    [CG]   [DIAG] iter=5 posCols=24 newCols=24 effImprove=24 updated=0
    [CG] CG iter 6: obj=1237097.807428, maxRC=61374.218253, +22 cols
    [CG]   [DIAG] iter=6 posCols=22 newCols=22 effImprove=22 updated=0
    [CG] CG iter 7: obj=1288831.389449, maxRC=59968.174845, +22 cols
    [CG]   [DIAG] iter=7 posCols=22 newCols=21 effImprove=22 updated=1
    [CG] CG iter 8: obj=1294902.161679, maxRC=30184.248771, +17 cols
    [CG]   [DIAG] iter=8 posCols=17 newCols=16 effImprove=17 updated=1
    [CG] CG iter 9: obj=1306407.752995, maxRC=12334.168401, +9 cols
    [CG]   [DIAG] iter=9 posCols=9 newCols=8 effImprove=9 updated=1
    [CG] CG iter 10: obj=1306407.752995, maxRC=15867.117032, +6 cols
    [CG]   [DIAG] iter=10 posCols=6 newCols=6 effImprove=6 updated=0
    [CG] CG iter 11: obj=1306407.752995, maxRC=8217.092614, +4 cols
    [CG]   [DIAG] iter=11 posCols=4 newCols=3 effImprove=4 updated=1
    [CG] CG iter 12: obj=1308956.481597, maxRC=3179.828458, +6 cols
    [CG]   [DIAG] iter=12 posCols=6 newCols=6 effImprove=6 updated=0
    [CG] CG iter 13: obj=1311837.107615, maxRC=92.855053, +1 cols
    [CG]   [DIAG] iter=13 posCols=1 newCols=1 effImprove=1 updated=0
    [CG] 列生成收敛，共 14 轮迭代
    [CG] [CG-NODE] depth=0 exit=CERTIFIED certified=1 feasible=1 iters=14 generatedColsBeforeNode=0 newCols=213 posCandidates=217 duplicateCandidates=4 updatedCols=4 zeroObjImproveIters=3 objFirst=611621.340636 objLast=1311837.107615 objGain=700215.766978 maxRC=399687.576626 wallSec=0.074057 pricingSec=0.065727 cplexSolveSec=0.004942
      [BB] 根节点即为整数解，obj=1311837.107615
