    [CG] 列生成开始，初始列数=310
    [CG] CG iter 1: obj=622379.881684, maxRC=424771.287902, +28 cols
    [CG]   [DIAG] iter=1 posCols=28 newCols=28 effImprove=28 updated=0
    [CG] CG iter 2: obj=966395.030088, maxRC=221873.628037, +25 cols
    [CG]   [DIAG] iter=2 posCols=25 newCols=25 effImprove=25 updated=0
    [CG] CG iter 3: obj=997063.492413, maxRC=176729.549329, +24 cols
    [CG]   [DIAG] iter=3 posCols=24 newCols=24 effImprove=24 updated=0
    [CG] CG iter 4: obj=1085651.135186, maxRC=134103.190070, +24 cols
    [CG]   [DIAG] iter=4 posCols=24 newCols=24 effImprove=24 updated=0
    [CG] CG iter 5: obj=1228382.740483, maxRC=71943.123383, +22 cols
    [CG]   [DIAG] iter=5 posCols=22 newCols=21 effImprove=22 updated=1
    [CG] CG iter 6: obj=1323897.692483, maxRC=73074.800145, +20 cols
    [CG]   [DIAG] iter=6 posCols=20 newCols=20 effImprove=20 updated=0
    [CG] CG iter 7: obj=1328977.863361, maxRC=68686.453144, +20 cols
    [CG]   [DIAG] iter=7 posCols=20 newCols=20 effImprove=20 updated=0
    [CG] CG iter 8: obj=1333376.091891, maxRC=45386.418153, +13 cols
    [CG]   [DIAG] iter=8 posCols=13 newCols=13 effImprove=13 updated=0
    [CG] CG iter 9: obj=1353321.885991, maxRC=31282.431914, +9 cols
    [CG]   [DIAG] iter=9 posCols=9 newCols=9 effImprove=9 updated=0
    [CG] CG iter 10: obj=1353321.885991, maxRC=11272.191157, +8 cols
    [CG]   [DIAG] iter=10 posCols=8 newCols=8 effImprove=8 updated=0
    [CG] CG iter 11: obj=1367880.842524, maxRC=3389.177456, +3 cols
    [CG]   [DIAG] iter=11 posCols=3 newCols=3 effImprove=3 updated=0
    [CG] CG iter 12: obj=1367880.842524, maxRC=2941.051767, +4 cols
    [CG]   [DIAG] iter=12 posCols=4 newCols=4 effImprove=4 updated=0
    [CG] 列生成收敛，共 13 轮迭代
    [CG] [CG-NODE] depth=0 exit=CERTIFIED certified=1 feasible=1 iters=13 generatedColsBeforeNode=0 newCols=199 posCandidates=200 duplicateCandidates=1 updatedCols=1 zeroObjImproveIters=2 objFirst=622379.881684 objLast=1368807.886838 objGain=746428.005154 maxRC=424771.287902 wallSec=0.071785 pricingSec=0.064003 cplexSolveSec=0.004930
      [BB] 根节点即为整数解，obj=1368807.886838
