    [CG] 列生成开始，初始列数=310
    [CG] CG iter 1: obj=599301.901311, maxRC=401040.097318, +28 cols
    [CG]   [DIAG] iter=1 posCols=28 newCols=28 effImprove=28 updated=0
    [CG] CG iter 2: obj=933973.621707, maxRC=279357.030967, +25 cols
    [CG]   [DIAG] iter=2 posCols=25 newCols=25 effImprove=25 updated=0
    [CG] CG iter 3: obj=1006822.708494, maxRC=217080.316748, +24 cols
    [CG]   [DIAG] iter=3 posCols=24 newCols=24 effImprove=24 updated=0
    [CG] CG iter 4: obj=1072537.108624, maxRC=153274.026973, +24 cols
    [CG]   [DIAG] iter=4 posCols=24 newCols=24 effImprove=24 updated=0
    [CG] CG iter 5: obj=1219789.414085, maxRC=96367.076365, +24 cols
    [CG]   [DIAG] iter=5 posCols=24 newCols=24 effImprove=24 updated=0
    [CG] CG iter 6: obj=1219789.414085, maxRC=89583.742890, +21 cols
    [CG]   [DIAG] iter=6 posCols=21 newCols=21 effImprove=21 updated=0
    [CG] CG iter 7: obj=1277437.108733, maxRC=39161.167951, +19 cols
    [CG]   [DIAG] iter=7 posCols=19 newCols=19 effImprove=19 updated=0
    [CG] CG iter 8: obj=1295599.918362, maxRC=28691.771875, +14 cols
    [CG]   [DIAG] iter=8 posCols=14 newCols=14 effImprove=14 updated=0
    [CG] CG iter 9: obj=1309520.735659, maxRC=18216.580315, +14 cols
    [CG]   [DIAG] iter=9 posCols=14 newCols=14 effImprove=14 updated=0
    [CG] CG iter 10: obj=1319235.605668, maxRC=23514.099101, +9 cols
    [CG]   [DIAG] iter=10 posCols=9 newCols=8 effImprove=9 updated=1
    [CG] CG iter 11: obj=1319768.816072, maxRC=8220.878399, +7 cols
    [CG]   [DIAG] iter=11 posCols=7 newCols=6 effImprove=7 updated=1
    [CG] CG iter 12: obj=1323343.559096, maxRC=1669.090496, +6 cols
    [CG]   [DIAG] iter=12 posCols=6 newCols=6 effImprove=6 updated=0
    [CG] CG iter 13: obj=1323343.559096, maxRC=60.757398, +1 cols
    [CG]   [DIAG] iter=13 posCols=1 newCols=1 effImprove=1 updated=0
    [CG] 列生成收敛，共 14 轮迭代
    [CG] [CG-NODE] depth=0 exit=CERTIFIED certified=1 feasible=1 iters=14 generatedColsBeforeNode=0 newCols=214 posCandidates=216 duplicateCandidates=2 updatedCols=2 zeroObjImproveIters=3 objFirst=599301.901311 objLast=1323343.559096 objGain=724041.657785 maxRC=401040.097318 wallSec=0.075742 pricingSec=0.068151 cplexSolveSec=0.004788
      [BB] 分支定界开始，根节点LP obj=1323343.559096，最大节点数=10000
      [BB] 根节点启发式下界 LB=1147660.055906（上界=1323343.559096）
    [CG] [BB-DIAG] 分支 x_{dc=2,retailer=2}, 节点数=1
    [CG] 列生成开始，初始列数=517
    [CG] CG iter 15: obj=1319764.551503, maxRC=29960.452209, +17 cols
    [CG]   [DIAG] iter=15 posCols=17 newCols=17 effImprove=17 updated=0
    [CG] CG iter 16: obj=1319764.551503, maxRC=4442.912434, +7 cols
    [CG]   [DIAG] iter=16 posCols=7 newCols=6 effImprove=7 updated=1
    [CG] CG iter 17: obj=1319764.551503, maxRC=1342.763146, +1 cols
    [CG]   [DIAG] iter=17 posCols=1 newCols=1 effImprove=1 updated=0
    [CG] 列生成收敛，共 18 轮迭代
    [CG] [CG-NODE] depth=1 exit=CERTIFIED certified=1 feasible=1 iters=4 generatedColsBeforeNode=214 newCols=24 posCandidates=25 duplicateCandidates=1 updatedCols=1 zeroObjImproveIters=3 objFirst=1319764.551503 objLast=1319764.551503 objGain=0.000000 maxRC=29960.452209 wallSec=0.010750 pricingSec=0.007681 cplexSolveSec=0.001924
    [CG] 列生成开始，初始列数=469
    [CG] CG iter 19: obj=1315048.656428, maxRC=29431.506374, +18 cols
    [CG]   [DIAG] iter=19 posCols=18 newCols=18 effImprove=18 updated=0
    [CG] CG iter 20: obj=1322401.285007, maxRC=4442.912434, +6 cols
    [CG]   [DIAG] iter=20 posCols=6 newCols=5 effImprove=6 updated=1
    [CG] 列生成收敛，共 21 轮迭代
    [CG] [CG-NODE] depth=1 exit=CERTIFIED certified=1 feasible=1 iters=3 generatedColsBeforeNode=238 newCols=23 posCandidates=24 duplicateCandidates=1 updatedCols=1 zeroObjImproveIters=1 objFirst=1315048.656428 objLast=1322401.285007 objGain=7352.628579 maxRC=29431.506374 wallSec=0.008356 pricingSec=0.005867 cplexSolveSec=0.001542
    [CG] [BB-INCUMBENT] selection=2 node=1 previous=1147660.055906 value=1322401.285007 active=1
    [CG] [BB-NODESEL] strategy=hybrid choice=dfs eligibleCount=1 active=1 gap=0.000000
      [BB] 分支定界结束：处理 3 节点，剪枝 1，剩余活跃 0，整数解 2，状态=OPTIMAL，最好可行 obj=1322401.285007，gap=0.000000
