    [CG] 列生成开始，初始列数=310
    [CG] CG iter 1: obj=903574.634219, maxRC=2144021.821542, +30 cols
    [CG]   [DIAG] iter=1 posCols=30 newCols=30 effImprove=30 updated=0
    [CG] CG iter 2: obj=2331997.826854, maxRC=282364.276268, +16 cols
    [CG]   [DIAG] iter=2 posCols=16 newCols=16 effImprove=16 updated=0
    [CG] CG iter 3: obj=2375479.088770, maxRC=576430.474064, +18 cols
    [CG]   [DIAG] iter=3 posCols=18 newCols=18 effImprove=18 updated=0
    [CG] CG iter 4: obj=2429060.755080, maxRC=589916.470016, +20 cols
    [CG]   [DIAG] iter=4 posCols=20 newCols=20 effImprove=20 updated=0
    [CG] CG iter 5: obj=2431470.497701, maxRC=525013.704712, +16 cols
    [CG]   [DIAG] iter=5 posCols=16 newCols=16 effImprove=16 updated=0
    [CG] CG iter 6: obj=2493421.138857, maxRC=367579.826402, +17 cols
    [CG]   [DIAG] iter=6 posCols=17 newCols=17 effImprove=17 updated=0
    [CG] CG iter 7: obj=2559973.794934, maxRC=250120.121114, +14 cols
    [CG]   [DIAG] iter=7 posCols=14 newCols=14 effImprove=14 updated=0
    [CG] CG iter 8: obj=2559973.794934, maxRC=282069.879616, +12 cols
    [CG]   [DIAG] iter=8 posCols=12 newCols=11 effImprove=12 updated=1
    [CG] CG iter 9: obj=2580676.360113, maxRC=126586.699599, +10 cols
    [CG]   [DIAG] iter=9 posCols=10 newCols=10 effImprove=10 updated=0
    [CG] CG iter 10: obj=2597889.564370, maxRC=109755.808756, +12 cols
    [CG]   [DIAG] iter=10 posCols=12 newCols=12 effImprove=12 updated=0
    [CG] CG iter 11: obj=2618525.826913, maxRC=82079.072490, +14 cols
    [CG]   [DIAG] iter=11 posCols=14 newCols=14 effImprove=14 updated=0
    [CG] CG iter 12: obj=2629859.370193, maxRC=63266.430319, +9 cols
    [CG]   [DIAG] iter=12 posCols=9 newCols=9 effImprove=9 updated=0
    [CG] CG iter 13: obj=2637438.011669, maxRC=30887.008903, +9 cols
    [CG]   [DIAG] iter=13 posCols=9 newCols=9 effImprove=9 updated=0
    [CG] CG iter 14: obj=2659934.101030, maxRC=25056.974324, +10 cols
    [CG]   [DIAG] iter=14 posCols=10 newCols=10 effImprove=10 updated=0
    [CG] CG iter 15: obj=2659934.101030, maxRC=23465.372492, +9 cols
    [CG]   [DIAG] iter=15 posCols=9 newCols=9 effImprove=9 updated=0
    [CG] CG iter 16: obj=2659934.101030, maxRC=17595.154954, +7 cols
    [CG]   [DIAG] iter=16 posCols=7 newCols=7 effImprove=7 updated=0
    [CG] CG iter 17: obj=2659934.101030, maxRC=23527.410218, +7 cols
    [CG]   [DIAG] iter=17 posCols=7 newCols=7 effImprove=7 updated=0
    [CG] CG iter 18: obj=2669244.561805, maxRC=18548.649975, +7 cols
    [CG]   [DIAG] iter=18 posCols=7 newCols=7 effImprove=7 updated=0
    [CG] CG iter 19: obj=2669244.561805, maxRC=30940.991260, +8 cols
    [CG]   [DIAG] iter=19 posCols=8 newCols=8 effImprove=8 updated=0
    [CG] CG iter 20: obj=2669244.561805, maxRC=7253.765666, +4 cols
    [CG]   [DIAG] iter=20 posCols=4 newCols=4 effImprove=4 updated=0
    [CG] CG iter 21: obj=2669244.561805, maxRC=7203.153745, +7 cols
    [CG]   [DIAG] iter=21 posCols=7 newCols=7 effImprove=7 updated=0
    [CG] CG iter 22: obj=2669244.561805, maxRC=4922.680576, +3 cols
    [CG]   [DIAG] iter=22 posCols=3 newCols=2 effImprove=3 updated=1
    [CG] CG iter 23: obj=2669244.561805, maxRC=3894.234191, +3 cols
    [CG]   [DIAG] iter=23 posCols=3 newCols=3 effImprove=3 updated=0
    [CG] CG iter 24: obj=2669244.561805, maxRC=800.382874, +2 cols
    [CG]   [DIAG] iter=24 posCols=2 newCols=2 effImprove=2 updated=0
    [CG] CG iter 25: obj=2669244.561805, maxRC=91.292243, +1 cols
    [CG]   [DIAG] iter=25 posCols=1 newCols=1 effImprove=1 updated=0
    [CG] 列生成收敛，共 26 轮迭代
    [CG] [CG-NODE] depth=0 exit=CERTIFIED certified=1 feasible=1 iters=26 generatedColsBeforeNode=0 newCols=263 posCandidates=265 duplicateCandidates=2 updatedCols=2 zeroObjImproveIters=12 objFirst=903574.634219 objLast=2669244.561805 objGain=1765669.927587 maxRC=2144021.821542 wallSec=0.221850 pricingSec=0.185392 cplexSolveSec=0.009577
      [BB] 根节点即为整数解，obj=2669244.561805
