    [CG] 列生成开始，初始列数=310
    [CG] CG iter 1: obj=979544.063882, maxRC=843464.950786, +30 cols
    [CG]   [DIAG] iter=1 posCols=30 newCols=30 effImprove=30 updated=0
    [CG] CG iter 2: obj=1489935.434761, maxRC=263370.189690, +26 cols
    [CG]   [DIAG] iter=2 posCols=26 newCols=26 effImprove=26 updated=0
    [CG] CG iter 3: obj=1697637.995623, maxRC=237652.320775, +30 cols
    [CG]   [DIAG] iter=3 posCols=30 newCols=30 effImprove=30 updated=0
    [CG] CG iter 4: obj=1923301.775078, maxRC=143651.157456, +27 cols
    [CG]   [DIAG] iter=4 posCols=27 newCols=27 effImprove=27 updated=0
    [CG] CG iter 5: obj=1950766.882656, maxRC=105348.603876, +24 cols
    [CG]   [DIAG] iter=5 posCols=24 newCols=24 effImprove=24 updated=0
    [CG] CG iter 6: obj=1966207.473569, maxRC=70835.075141, +23 cols
    [CG]   [DIAG] iter=6 posCols=23 newCols=23 effImprove=23 updated=0
    [CG] CG iter 7: obj=1971421.170958, maxRC=45505.512244, +18 cols
    [CG]   [DIAG] iter=7 posCols=18 newCols=18 effImprove=18 updated=0
    [CG] CG iter 8: obj=1987992.158477, maxRC=40854.383145, +15 cols
    [CG]   [DIAG] iter=8 posCols=15 newCols=15 effImprove=15 updated=0
    [CG] CG iter 9: obj=2014251.803984, maxRC=40266.711086, +17 cols
    [CG]   [DIAG] iter=9 posCols=17 newCols=17 effImprove=17 updated=0
    [CG] CG iter 10: obj=2033438.766978, maxRC=22542.694628, +7 cols
    [CG]   [DIAG] iter=10 posCols=7 newCols=7 effImprove=7 updated=0
    [CG] CG iter 11: obj=2039678.168070, maxRC=7812.244932, +6 cols
    [CG]   [DIAG] iter=11 posCols=6 newCols=5 effImprove=6 updated=1
    [CG] CG iter 12: obj=2047445.225766, maxRC=4463.523361, +2 cols
    [CG]   [DIAG] iter=12 posCols=2 newCols=0 effImprove=2 updated=2
    [CG] 列生成收敛，共 13 轮迭代
    [CG] [CG-NODE] depth=0 exit=CERTIFIED certified=1 feasible=1 iters=13 generatedColsBeforeNode=0 newCols=222 posCandidates=225 duplicateCandidates=3 updatedCols=3 zeroObjImproveIters=1 objFirst=979544.063882 objLast=2047445.225766 objGain=1067901.161884 maxRC=843464.950786 wallSec=0.100088 pricingSec=0.091044 cplexSolveSec=0.005061
      [BB] 根节点即为整数解，obj=2047445.225766
