    [CG] 列生成开始，初始列数=310
    [CG] CG iter 1: obj=975523.551676, maxRC=867397.156270, +30 cols
    [CG]   [DIAG] iter=1 posCols=30 newCols=30 effImprove=30 updated=0
    [CG] CG iter 2: obj=1469831.826127, maxRC=247312.376982, +28 cols
    [CG]   [DIAG] iter=2 posCols=28 newCols=28 effImprove=28 updated=0
    [CG] CG iter 3: obj=1690138.752936, maxRC=235721.568320, +29 cols
    [CG]   [DIAG] iter=3 posCols=29 newCols=29 effImprove=29 updated=0
    [CG] CG iter 4: obj=1823688.389385, maxRC=129948.235133, +25 cols
    [CG]   [DIAG] iter=4 posCols=25 newCols=25 effImprove=25 updated=0
    [CG] CG iter 5: obj=1932765.092781, maxRC=82926.289757, +24 cols
    [CG]   [DIAG] iter=5 posCols=24 newCols=24 effImprove=24 updated=0
    [CG] CG iter 6: obj=1965538.036172, maxRC=74849.188414, +23 cols
    [CG]   [DIAG] iter=6 posCols=23 newCols=23 effImprove=23 updated=0
    [CG] CG iter 7: obj=1983763.852175, maxRC=39170.660194, +21 cols
    [CG]   [DIAG] iter=7 posCols=21 newCols=16 effImprove=21 updated=5
    [CG] CG iter 8: obj=2002351.306833, maxRC=30614.407370, +11 cols
    [CG]   [DIAG] iter=8 posCols=11 newCols=11 effImprove=11 updated=0
    [CG] CG iter 9: obj=2026504.554966, maxRC=16476.066491, +11 cols
    [CG]   [DIAG] iter=9 posCols=11 newCols=11 effImprove=11 updated=0
    [CG] CG iter 10: obj=2036966.330679, maxRC=14797.922817, +5 cols
    [CG]   [DIAG] iter=10 posCols=5 newCols=5 effImprove=5 updated=0
    [CG] CG iter 11: obj=2036966.330679, maxRC=733.159396, +1 cols
    [CG]   [DIAG] iter=11 posCols=1 newCols=1 effImprove=1 updated=0
    [CG] 列生成收敛，共 12 轮迭代
    [CG] [CG-NODE] depth=0 exit=CERTIFIED certified=1 feasible=1 iters=12 generatedColsBeforeNode=0 newCols=203 posCandidates=208 duplicateCandidates=5 updatedCols=5 zeroObjImproveIters=2 objFirst=975523.551676 objLast=2036966.330679 objGain=1061442.779003 maxRC=867397.156270 wallSec=0.099997 pricingSec=0.091192 cplexSolveSec=0.004879
      [BB] 根节点即为整数解，obj=2036966.330679
