    [CG] 列生成开始，初始列数=310
    [CG] CG iter 1: obj=960260.094466, maxRC=905260.321406, +30 cols
    [CG]   [DIAG] iter=1 posCols=30 newCols=30 effImprove=30 updated=0
    [CG] CG iter 2: obj=1524077.891681, maxRC=202248.090179, +28 cols
    [CG]   [DIAG] iter=2 posCols=28 newCols=28 effImprove=28 updated=0
    [CG] CG iter 3: obj=1713521.877702, maxRC=308254.058333, +30 cols
    [CG]   [DIAG] iter=3 posCols=30 newCols=30 effImprove=30 updated=0
    [CG] CG iter 4: obj=1834743.750297, maxRC=130531.444555, +26 cols
    [CG]   [DIAG] iter=4 posCols=26 newCols=26 effImprove=26 updated=0
    [CG] CG iter 5: obj=1909874.279838, maxRC=175187.637521, +27 cols
    [CG]   [DIAG] iter=5 posCols=27 newCols=27 effImprove=27 updated=0
    [CG] CG iter 6: obj=1957981.543279, maxRC=69308.184898, +26 cols
    [CG]   [DIAG] iter=6 posCols=26 newCols=25 effImprove=26 updated=1
    [CG] CG iter 7: obj=2039925.233460, maxRC=69794.801108, +21 cols
    [CG]   [DIAG] iter=7 posCols=21 newCols=21 effImprove=21 updated=0
    [CG] CG iter 8: obj=2039925.233460, maxRC=58441.391408, +19 cols
    [CG]   [DIAG] iter=8 posCols=19 newCols=19 effImprove=19 updated=0
    [CG] CG iter 9: obj=2045106.226199, maxRC=18374.583324, +12 cols
    [CG]   [DIAG] iter=9 posCols=12 newCols=11 effImprove=12 updated=1
    [CG] CG iter 10: obj=2054148.638135, maxRC=12093.065363, +5 cols
    [CG]   [DIAG] iter=10 posCols=5 newCols=5 effImprove=5 updated=0
    [CG] CG iter 11: obj=2073613.911653, maxRC=7317.119669, +4 cols
    [CG]   [DIAG] iter=11 posCols=4 newCols=4 effImprove=4 updated=0
    [CG] CG iter 12: obj=2073613.911653, maxRC=2753.191551, +2 cols
    [CG]   [DIAG] iter=12 posCols=2 newCols=2 effImprove=2 updated=0
    [CG] CG iter 13: obj=2073613.911653, maxRC=466.558225, +1 cols
    [CG]   [DIAG] iter=13 posCols=1 newCols=1 effImprove=1 updated=0
    [CG] 列生成收敛，共 14 轮迭代
    [CG] [CG-NODE] depth=0 exit=CERTIFIED certified=1 feasible=1 iters=14 generatedColsBeforeNode=0 newCols=229 posCandidates=231 duplicateCandidates=2 updatedCols=2 zeroObjImproveIters=4 objFirst=960260.094466 objLast=2073613.911653 objGain=1113353.817187 maxRC=905260.321406 wallSec=0.133188 pricingSec=0.122699 cplexSolveSec=0.006195
      [BB] 根节点即为整数解，obj=2073613.911653
