    [CG] 列生成开始，初始列数=310
    [CG] CG iter 1: obj=907351.485073, maxRC=1062496.459024, +30 cols
    [CG]   [DIAG] iter=1 posCols=30 newCols=30 effImprove=30 updated=0
    [CG] CG iter 2: obj=1469230.650249, maxRC=265145.341285, +24 cols
    [CG]   [DIAG] iter=2 posCols=24 newCols=24 effImprove=24 updated=0
    [CG] CG iter 3: obj=1703845.007209, maxRC=363800.365762, +30 cols
    [CG]   [DIAG] iter=3 posCols=30 newCols=30 effImprove=30 updated=0
    [CG] CG iter 4: obj=1754584.645672, maxRC=247297.694663, +27 cols
    [CG]   [DIAG] iter=4 posCols=27 newCols=27 effImprove=27 updated=0
    [CG] CG iter 5: obj=1805675.662843, maxRC=267784.641211, +28 cols
    [CG]   [DIAG] iter=5 posCols=28 newCols=28 effImprove=28 updated=0
    [CG] CG iter 6: obj=1899250.789417, maxRC=140973.524304, +24 cols
    [CG]   [DIAG] iter=6 posCols=24 newCols=24 effImprove=24 updated=0
    [CG] CG iter 7: obj=1899250.789417, maxRC=158878.706938, +27 cols
    [CG]   [DIAG] iter=7 posCols=27 newCols=27 effImprove=27 updated=0
    [CG] CG iter 8: obj=1942536.655523, maxRC=118215.259734, +24 cols
    [CG]   [DIAG] iter=8 posCols=24 newCols=23 effImprove=24 updated=1
    [CG] CG iter 9: obj=1959050.002631, maxRC=89784.457283, +20 cols
    [CG]   [DIAG] iter=9 posCols=20 newCols=20 effImprove=20 updated=0
    [CG] CG iter 10: obj=2047118.790223, maxRC=95674.668383, +18 cols
    [CG]   [DIAG] iter=10 posCols=18 newCols=18 effImprove=18 updated=0
    [CG] CG iter 11: obj=2080169.820832, maxRC=42594.070184, +13 cols
    [CG]   [DIAG] iter=11 posCols=13 newCols=13 effImprove=13 updated=0
    [CG] CG iter 12: obj=2080169.820832, maxRC=19494.002679, +7 cols
    [CG]   [DIAG] iter=12 posCols=7 newCols=7 effImprove=7 updated=0
    [CG] CG iter 13: obj=2080169.820832, maxRC=11812.537841, +9 cols
    [CG]   [DIAG] iter=13 posCols=9 newCols=9 effImprove=9 updated=0
    [CG] CG iter 14: obj=2084449.126503, maxRC=5952.240251, +5 cols
    [CG]   [DIAG] iter=14 posCols=5 newCols=5 effImprove=5 updated=0
    [CG] CG iter 15: obj=2084449.126503, maxRC=6113.408048, +2 cols
    [CG]   [DIAG] iter=15 posCols=2 newCols=2 effImprove=2 updated=0
    [CG] CG iter 16: obj=2087178.940314, maxRC=3399.548597, +2 cols
    [CG]   [DIAG] iter=16 posCols=2 newCols=1 effImprove=2 updated=1
    [CG] CG iter 17: obj=2087178.940314, maxRC=580.288597, +2 cols
    [CG]   [DIAG] iter=17 posCols=2 newCols=2 effImprove=2 updated=0
    [CG] 列生成收敛，共 18 轮迭代
    [CG] [CG-NODE] depth=0 exit=CERTIFIED certified=1 feasible=1 iters=18 generatedColsBeforeNode=0 newCols=290 posCandidates=292 duplicateCandidates=2 updatedCols=2 zeroObjImproveIters=6 objFirst=907351.485073 objLast=2087178.940314 objGain=1179827.455241 maxRC=1062496.459024 wallSec=0.160153 pricingSec=0.150292 cplexSolveSec=0.006561
      [BB] 根节点即为整数解，obj=2087178.940314
