    [CG] 列生成开始，初始列数=310
    [CG] CG iter 1: obj=683044.366169, maxRC=1629697.638752, +24 cols
    [CG]   [DIAG] iter=1 posCols=24 newCols=24 effImprove=24 updated=0
    [CG] CG iter 2: obj=2079541.622659, maxRC=569383.084156, +18 cols
    [CG]   [DIAG] iter=2 posCols=18 newCols=18 effImprove=18 updated=0
    [CG] CG iter 3: obj=2092246.314252, maxRC=366787.165984, +15 cols
    [CG]   [DIAG] iter=3 posCols=15 newCols=15 effImprove=15 updated=0
    [CG] CG iter 4: obj=2096595.364002, maxRC=437770.633132, +15 cols
    [CG]   [DIAG] iter=4 posCols=15 newCols=15 effImprove=15 updated=0
    [CG] CG iter 5: obj=2096595.364002, maxRC=390516.756230, +15 cols
    [CG]   [DIAG] iter=5 posCols=15 newCols=15 effImprove=15 updated=0
    [CG] CG iter 6: obj=2102166.809506, maxRC=361675.299244, +15 cols
    [CG]   [DIAG] iter=6 posCols=15 newCols=15 effImprove=15 updated=0
    [CG] CG iter 7: obj=2102166.809506, maxRC=354715.203648, +15 cols
    [CG]   [DIAG] iter=7 posCols=15 newCols=15 effImprove=15 updated=0
    [CG] CG iter 8: obj=2102166.809506, maxRC=429072.942612, +15 cols
    [CG]   [DIAG] iter=8 posCols=15 newCols=15 effImprove=15 updated=0
    [CG] CG iter 9: obj=2102166.809506, maxRC=363692.805611, +13 cols
    [CG]   [DIAG] iter=9 posCols=13 newCols=13 effImprove=13 updated=0
    [CG] CG iter 10: obj=2163379.870761, maxRC=217124.828614, +15 cols
    [CG]   [DIAG] iter=10 posCols=15 newCols=15 effImprove=15 updated=0
    [CG] CG iter 11: obj=2277956.750790, maxRC=173842.760318, +13 cols
    [CG]   [DIAG] iter=11 posCols=13 newCols=13 effImprove=13 updated=0
    [CG] CG iter 12: obj=2326228.583152, maxRC=220074.330188, +14 cols
    [CG]   [DIAG] iter=12 posCols=14 newCols=14 effImprove=14 updated=0
    [CG] CG iter 13: obj=2326228.583152, maxRC=134929.443960, +12 cols
    [CG]   [DIAG] iter=13 posCols=12 newCols=12 effImprove=12 updated=0
    [CG] CG iter 14: obj=2326228.583152, maxRC=121406.980172, +12 cols
    [CG]   [DIAG] iter=14 posCols=12 newCols=12 effImprove=12 updated=0
    [CG] CG iter 15: obj=2336386.595170, maxRC=147997.103818, +13 cols
    [CG]   [DIAG] iter=15 posCols=13 newCols=13 effImprove=13 updated=0
    [CG] CG iter 16: obj=2336386.595170, maxRC=155889.489237, +13 cols
    [CG]   [DIAG] iter=16 posCols=13 newCols=13 effImprove=13 updated=0
    [CG] CG iter 17: obj=2338959.563373, maxRC=126248.937588, +12 cols
    [CG]   [DIAG] iter=17 posCols=12 newCols=12 effImprove=12 updated=0
    [CG] CG iter 18: obj=2356125.776003, maxRC=95078.166526, +12 cols
    [CG]   [DIAG] iter=18 posCols=12 newCols=12 effImprove=12 updated=0
    [CG] CG iter 19: obj=2361265.657817, maxRC=61860.692951, +12 cols
    [CG]   [DIAG] iter=19 posCols=12 newCols=12 effImprove=12 updated=0
    [CG] CG iter 20: obj=2372481.349246, maxRC=81488.432089, +12 cols
    [CG]   [DIAG] iter=20 posCols=12 newCols=12 effImprove=12 updated=0
    [CG] CG iter 21: obj=2374684.853272, maxRC=132689.431184, +12 cols
    [CG]   [DIAG] iter=21 posCols=12 newCols=12 effImprove=12 updated=0
    [CG] CG iter 22: obj=2376400.948149, maxRC=53760.357227, +9 cols
    [CG]   [DIAG] iter=22 posCols=9 newCols=9 effImprove=9 updated=0
    [CG] CG iter 23: obj=2378949.377249, maxRC=65860.199227, +10 cols
    [CG]   [DIAG] iter=23 posCols=10 newCols=10 effImprove=10 updated=0
    [CG] CG iter 24: obj=2390449.947274, maxRC=52612.907128, +9 cols
    [CG]   [DIAG] iter=24 posCols=9 newCols=9 effImprove=9 updated=0
    [CG] CG iter 25: obj=2397705.116246, maxRC=38586.395429, +9 cols
    [CG]   [DIAG] iter=25 posCols=9 newCols=9 effImprove=9 updated=0
    [CG] CG iter 26: obj=2401872.850105, maxRC=31124.111536, +9 cols
    [CG]   [DIAG] iter=26 posCols=9 newCols=9 effImprove=9 updated=0
    [CG] CG iter 27: obj=2404477.542666, maxRC=16430.604610, +9 cols
    [CG]   [DIAG] iter=27 posCols=9 newCols=9 effImprove=9 updated=0
    [CG] CG iter 28: obj=2408063.399466, maxRC=14827.624428, +9 cols
    [CG]   [DIAG] iter=28 posCols=9 newCols=9 effImprove=9 updated=0
    [CG] CG iter 29: obj=2411813.239979, maxRC=9360.343021, +9 cols
    [CG]   [DIAG] iter=29 posCols=9 newCols=9 effImprove=9 updated=0
    [CG] CG iter 30: obj=2415421.223548, maxRC=7720.822496, +8 cols
    [CG]   [DIAG] iter=30 posCols=8 newCols=8 effImprove=8 updated=0
    [CG] CG iter 31: obj=2417347.430063, maxRC=5708.590084, +7 cols
    [CG]   [DIAG] iter=31 posCols=7 newCols=7 effImprove=7 updated=0
    [CG] CG iter 32: obj=2420866.488636, maxRC=3981.581687, +9 cols
    [CG]   [DIAG] iter=32 posCols=9 newCols=9 effImprove=9 updated=0
    [CG] CG iter 33: obj=2420866.488636, maxRC=3556.846242, +7 cols
    [CG]   [DIAG] iter=33 posCols=7 newCols=7 effImprove=7 updated=0
    [CG] CG iter 34: obj=2420866.488636, maxRC=2053.183952, +5 cols
    [CG]   [DIAG] iter=34 posCols=5 newCols=5 effImprove=5 updated=0
    [CG] CG iter 35: obj=2420866.488636, maxRC=3090.204789, +3 cols
    [CG]   [DIAG] iter=35 posCols=3 newCols=3 effImprove=3 updated=0
    [CG] CG iter 36: obj=2420866.488636, maxRC=2118.055962, +3 cols
    [CG]   [DIAG] iter=36 posCols=3 newCols=3 effImprove=3 updated=0
    [CG] CG iter 37: obj=2420866.488636, maxRC=2020.738657, +3 cols
    [CG]   [DIAG] iter=37 posCols=3 newCols=3 effImprove=3 updated=0
    [CG] CG iter 38: obj=2420866.488636, maxRC=1223.634822, +1 cols
    [CG]   [DIAG] iter=38 posCols=1 newCols=1 effImprove=1 updated=0
    [CG] CG iter 39: obj=2420866.488636, maxRC=437.398968, +1 cols
    [CG]   [DIAG] iter=39 posCols=1 newCols=1 effImprove=1 updated=0
    [CG] CG iter 40: obj=2420866.488636, maxRC=298.172109, +1 cols
    [CG]   [DIAG] iter=40 posCols=1 newCols=1 effImprove=1 updated=0
    [CG] CG iter 41: obj=2420866.488636, maxRC=397.341040, +1 cols
    [CG]   [DIAG] iter=41 posCols=1 newCols=1 effImprove=1 updated=0
    [CG] 列生成收敛，共 42 轮迭代
    [CG] [CG-NODE] depth=0 exit=CERTIFIED certified=1 feasible=1 iters=42 generatedColsBeforeNode=0 newCols=419 posCandidates=419 duplicateCandidates=0 updatedCols=0 zeroObjImproveIters=17 objFirst=683044.366169 objLast=2420866.488636 objGain=1737822.122467 maxRC=1629697.638752 wallSec=0.448555 pricingSec=0.404627 cplexSolveSec=0.018546
      [BB] 根节点即为整数解，obj=2420866.488636
