    [CG] 列生成开始，初始列数=310
    [CG] CG iter 1: obj=573631.908389, maxRC=1584146.110788, +24 cols
    [CG]   [DIAG] iter=1 posCols=24 newCols=24 effImprove=24 updated=0
    [CG] CG iter 2: obj=1998410.127558, maxRC=652766.725313, +15 cols
    [CG]   [DIAG] iter=2 posCols=15 newCols=15 effImprove=15 updated=0
    [CG] CG iter 3: obj=1998410.127558, maxRC=592224.823074, +15 cols
    [CG]   [DIAG] iter=3 posCols=15 newCols=15 effImprove=15 updated=0
    [CG] CG iter 4: obj=1998410.127558, maxRC=505450.629825, +15 cols
    [CG]   [DIAG] iter=4 posCols=15 newCols=15 effImprove=15 updated=0
    [CG] CG iter 5: obj=1998410.127558, maxRC=452040.895328, +15 cols
    [CG]   [DIAG] iter=5 posCols=15 newCols=15 effImprove=15 updated=0
    [CG] CG iter 6: obj=1998410.127558, maxRC=415172.470968, +15 cols
    [CG]   [DIAG] iter=6 posCols=15 newCols=15 effImprove=15 updated=0
    [CG] CG iter 7: obj=2035476.176200, maxRC=437055.353279, +15 cols
    [CG]   [DIAG] iter=7 posCols=15 newCols=15 effImprove=15 updated=0
    [CG] CG iter 8: obj=2041804.551980, maxRC=298904.975029, +15 cols
    [CG]   [DIAG] iter=8 posCols=15 newCols=15 effImprove=15 updated=0
    [CG] CG iter 9: obj=2107714.916778, maxRC=283141.198979, +15 cols
    [CG]   [DIAG] iter=9 posCols=15 newCols=15 effImprove=15 updated=0
    [CG] CG iter 10: obj=2182188.433755, maxRC=247953.496134, +15 cols
    [CG]   [DIAG] iter=10 posCols=15 newCols=15 effImprove=15 updated=0
    [CG] CG iter 11: obj=2224825.392354, maxRC=203546.210278, +13 cols
    [CG]   [DIAG] iter=11 posCols=13 newCols=13 effImprove=13 updated=0
    [CG] CG iter 12: obj=2256105.388145, maxRC=176828.408896, +12 cols
    [CG]   [DIAG] iter=12 posCols=12 newCols=12 effImprove=12 updated=0
    [CG] CG iter 13: obj=2280762.730026, maxRC=190146.066690, +13 cols
    [CG]   [DIAG] iter=13 posCols=13 newCols=13 effImprove=13 updated=0
    [CG] CG iter 14: obj=2290147.023056, maxRC=161437.695887, +13 cols
    [CG]   [DIAG] iter=14 posCols=13 newCols=13 effImprove=13 updated=0
    [CG] CG iter 15: obj=2300466.321668, maxRC=160813.243730, +12 cols
    [CG]   [DIAG] iter=15 posCols=12 newCols=12 effImprove=12 updated=0
    [CG] CG iter 16: obj=2310411.216830, maxRC=174554.920640, +13 cols
    [CG]   [DIAG] iter=16 posCols=13 newCols=13 effImprove=13 updated=0
    [CG] CG iter 17: obj=2312996.227543, maxRC=141073.047109, +12 cols
    [CG]   [DIAG] iter=17 posCols=12 newCols=12 effImprove=12 updated=0
    [CG] CG iter 18: obj=2319337.145648, maxRC=86447.349228, +12 cols
    [CG]   [DIAG] iter=18 posCols=12 newCols=12 effImprove=12 updated=0
    [CG] CG iter 19: obj=2346928.572691, maxRC=73957.072783, +12 cols
    [CG]   [DIAG] iter=19 posCols=12 newCols=12 effImprove=12 updated=0
    [CG] CG iter 20: obj=2353266.941483, maxRC=90118.447903, +12 cols
    [CG]   [DIAG] iter=20 posCols=12 newCols=12 effImprove=12 updated=0
    [CG] CG iter 21: obj=2365869.285376, maxRC=75003.746921, +12 cols
    [CG]   [DIAG] iter=21 posCols=12 newCols=12 effImprove=12 updated=0
    [CG] CG iter 22: obj=2375817.436563, maxRC=93431.223239, +12 cols
    [CG]   [DIAG] iter=22 posCols=12 newCols=12 effImprove=12 updated=0
    [CG] CG iter 23: obj=2378189.784738, maxRC=56825.059423, +11 cols
    [CG]   [DIAG] iter=23 posCols=11 newCols=11 effImprove=11 updated=0
    [CG] CG iter 24: obj=2379607.109399, maxRC=64700.854112, +9 cols
    [CG]   [DIAG] iter=24 posCols=9 newCols=9 effImprove=9 updated=0
    [CG] CG iter 25: obj=2381362.341582, maxRC=30663.404033, +11 cols
    [CG]   [DIAG] iter=25 posCols=11 newCols=11 effImprove=11 updated=0
    [CG] CG iter 26: obj=2387843.218031, maxRC=38172.817562, +10 cols
    [CG]   [DIAG] iter=26 posCols=10 newCols=10 effImprove=10 updated=0
    [CG] CG iter 27: obj=2387843.218031, maxRC=22358.639684, +9 cols
    [CG]   [DIAG] iter=27 posCols=9 newCols=9 effImprove=9 updated=0
    [CG] CG iter 28: obj=2389537.929973, maxRC=17690.606977, +9 cols
    [CG]   [DIAG] iter=28 posCols=9 newCols=9 effImprove=9 updated=0
    [CG] CG iter 29: obj=2390734.697951, maxRC=17771.941333, +9 cols
    [CG]   [DIAG] iter=29 posCols=9 newCols=9 effImprove=9 updated=0
    [CG] CG iter 30: obj=2393870.686640, maxRC=10044.900116, +7 cols
    [CG]   [DIAG] iter=30 posCols=7 newCols=7 effImprove=7 updated=0
    [CG] CG iter 31: obj=2393870.686640, maxRC=9837.847626, +6 cols
    [CG]   [DIAG] iter=31 posCols=6 newCols=6 effImprove=6 updated=0
    [CG] CG iter 32: obj=2395849.873840, maxRC=7194.503082, +7 cols
    [CG]   [DIAG] iter=32 posCols=7 newCols=7 effImprove=7 updated=0
    [CG] CG iter 33: obj=2396749.611414, maxRC=7855.419051, +8 cols
    [CG]   [DIAG] iter=33 posCols=8 newCols=8 effImprove=8 updated=0
    [CG] CG iter 34: obj=2398101.305669, maxRC=4096.398649, +6 cols
    [CG]   [DIAG] iter=34 posCols=6 newCols=6 effImprove=6 updated=0
    [CG] CG iter 35: obj=2399023.865451, maxRC=3580.626721, +4 cols
    [CG]   [DIAG] iter=35 posCols=4 newCols=4 effImprove=4 updated=0
    [CG] CG iter 36: obj=2399023.865451, maxRC=1679.037602, +4 cols
    [CG]   [DIAG] iter=36 posCols=4 newCols=4 effImprove=4 updated=0
    [CG] CG iter 37: obj=2399023.865451, maxRC=1842.696636, +1 cols
    [CG]   [DIAG] iter=37 posCols=1 newCols=1 effImprove=1 updated=0
    [CG] CG iter 38: obj=2399556.288089, maxRC=944.856794, +1 cols
    [CG]   [DIAG] iter=38 posCols=1 newCols=1 effImprove=1 updated=0
    [CG] CG iter 39: obj=2399556.288089, maxRC=857.262426, +2 cols
    [CG]   [DIAG] iter=39 posCols=2 newCols=2 effImprove=2 updated=0
    [CG] CG iter 40: obj=2399556.288089, maxRC=1082.773631, +1 cols
    [CG]   [DIAG] iter=40 posCols=1 newCols=1 effImprove=1 updated=0
    [CG] CG iter 41: obj=2399617.147979, maxRC=1148.854854, +2 cols
    [CG]   [DIAG] iter=41 posCols=2 newCols=2 effImprove=2 updated=0
    [CG] CG iter 42: obj=2399617.147979, maxRC=289.287777, +1 cols
    [CG]   [DIAG] iter=42 posCols=1 newCols=1 effImprove=1 updated=0
    [CG] 列生成收敛，共 43 轮迭代
    [CG] [CG-NODE] depth=0 exit=CERTIFIED certified=1 feasible=1 iters=43 generatedColsBeforeNode=0 newCols=425 posCandidates=425 duplicateCandidates=0 updatedCols=0 zeroObjImproveIters=12 objFirst=573631.908389 objLast=2399617.147979 objGain=1825985.239590 maxRC=1584146.110788 wallSec=0.504580 pricingSec=0.460885 cplexSolveSec=0.018919
      [BB] 分支定界开始，根节点LP obj=2399617.147979，最大节点数=10000
      [BB] 根节点启发式下界 LB=2064321.260584（上界=2399617.147979）
    [CG] [BB-DIAG] 分支 x_{dc=4,retailer=3}, 节点数=1
    [CG] 列生成开始，初始列数=666
    [CG] CG iter 44: obj=2390998.616757, maxRC=41408.274793, +10 cols
    [CG]   [DIAG] iter=44 posCols=10 newCols=10 effImprove=10 updated=0
    [CG] CG iter 45: obj=2390998.616757, maxRC=19812.594670, +9 cols
    [CG]   [DIAG] iter=45 posCols=9 newCols=9 effImprove=9 updated=0
    [CG] CG iter 46: obj=2394346.001519, maxRC=4107.255191, +6 cols
    [CG]   [DIAG] iter=46 posCols=6 newCols=6 effImprove=6 updated=0
    [CG] CG iter 47: obj=2396989.199763, maxRC=6627.403726, +5 cols
    [CG]   [DIAG] iter=47 posCols=5 newCols=5 effImprove=5 updated=0
    [CG] CG iter 48: obj=2396989.199763, maxRC=5154.146875, +5 cols
    [CG]   [DIAG] iter=48 posCols=5 newCols=5 effImprove=5 updated=0
    [CG] CG iter 49: obj=2396989.199763, maxRC=2525.789687, +5 cols
    [CG]   [DIAG] iter=49 posCols=5 newCols=4 effImprove=5 updated=1
    [CG] CG iter 50: obj=2396989.199763, maxRC=75.438292, +1 cols
    [CG]   [DIAG] iter=50 posCols=1 newCols=1 effImprove=1 updated=0
    [CG] CG iter 51: obj=2396989.199763, maxRC=46.254975, +1 cols
    [CG]   [DIAG] iter=51 posCols=1 newCols=1 effImprove=1 updated=0
    [CG] 列生成收敛，共 52 轮迭代
    [CG] [CG-NODE] depth=1 exit=CERTIFIED certified=1 feasible=1 iters=9 generatedColsBeforeNode=425 newCols=41 posCandidates=42 duplicateCandidates=1 updatedCols=1 zeroObjImproveIters=6 objFirst=2390998.616757 objLast=2396989.199763 objGain=5990.583005 maxRC=41408.274793 wallSec=0.044121 pricingSec=0.037196 cplexSolveSec=0.004821
    [CG] 列生成开始，初始列数=677
    [CG] CG iter 53: obj=2389153.746970, maxRC=27196.740760, +11 cols
    [CG]   [DIAG] iter=53 posCols=11 newCols=11 effImprove=11 updated=0
    [CG] CG iter 54: obj=2391740.701199, maxRC=18253.822841, +9 cols
    [CG]   [DIAG] iter=54 posCols=9 newCols=9 effImprove=9 updated=0
    [CG] CG iter 55: obj=2391740.701199, maxRC=9875.936211, +6 cols
    [CG]   [DIAG] iter=55 posCols=6 newCols=6 effImprove=6 updated=0
    [CG] CG iter 56: obj=2396806.765097, maxRC=5218.958537, +7 cols
    [CG]   [DIAG] iter=56 posCols=7 newCols=7 effImprove=7 updated=0
    [CG] CG iter 57: obj=2396806.765097, maxRC=2990.491603, +6 cols
    [CG]   [DIAG] iter=57 posCols=6 newCols=6 effImprove=6 updated=0
    [CG] CG iter 58: obj=2396806.765097, maxRC=1353.421007, +4 cols
    [CG]   [DIAG] iter=58 posCols=4 newCols=4 effImprove=4 updated=0
    [CG] CG iter 59: obj=2396806.765097, maxRC=1839.035851, +2 cols
    [CG]   [DIAG] iter=59 posCols=2 newCols=2 effImprove=2 updated=0
    [CG] CG iter 60: obj=2396806.765097, maxRC=1497.606915, +3 cols
    [CG]   [DIAG] iter=60 posCols=3 newCols=3 effImprove=3 updated=0
    [CG] CG iter 61: obj=2396806.765097, maxRC=718.504896, +1 cols
    [CG]   [DIAG] iter=61 posCols=1 newCols=1 effImprove=1 updated=0
    [CG] CG iter 62: obj=2396806.765097, maxRC=340.636635, +1 cols
    [CG]   [DIAG] iter=62 posCols=1 newCols=1 effImprove=1 updated=0
    [CG] CG iter 63: obj=2396806.765097, maxRC=371.738913, +1 cols
    [CG]   [DIAG] iter=63 posCols=1 newCols=1 effImprove=1 updated=0
    [CG] CG iter 64: obj=2396806.765097, maxRC=234.589527, +1 cols
    [CG]   [DIAG] iter=64 posCols=1 newCols=1 effImprove=1 updated=0
    [CG] CG iter 65: obj=2396806.765097, maxRC=430.069251, +1 cols
    [CG]   [DIAG] iter=65 posCols=1 newCols=1 effImprove=1 updated=0
    [CG] CG iter 66: obj=2396806.765097, maxRC=196.132258, +1 cols
    [CG]   [DIAG] iter=66 posCols=1 newCols=1 effImprove=1 updated=0
    [CG] 列生成收敛，共 67 轮迭代
    [CG] [CG-NODE] depth=1 exit=CERTIFIED certified=1 feasible=1 iters=15 generatedColsBeforeNode=466 newCols=54 posCandidates=54 duplicateCandidates=0 updatedCols=0 zeroObjImproveIters=12 objFirst=2389153.746970 objLast=2396806.765097 objGain=7653.018127 maxRC=27196.740760 wallSec=0.080332 pricingSec=0.070071 cplexSolveSec=0.007539
    [CG] [BB-INCUMBENT] selection=2 node=1 previous=2064321.260584 value=2396806.765097 active=1
    [CG] [BB-NODESEL] strategy=hybrid choice=dfs eligibleCount=1 active=1 gap=0.000076
    [CG] [BB-INCUMBENT] selection=3 node=1 previous=2396806.765097 value=2396989.199763 active=0
      [BB] 分支定界结束：处理 3 节点，剪枝 0，剩余活跃 0，整数解 3，状态=OPTIMAL，最好可行 obj=2396989.199763，gap=0.000000
