    [CG] 列生成开始，初始列数=310
    [CG] CG iter 1: obj=418896.613329, maxRC=1637412.865577, +24 cols
    [CG]   [DIAG] iter=1 posCols=24 newCols=24 effImprove=24 updated=0
    [CG] CG iter 2: obj=1976060.439622, maxRC=1036032.937973, +18 cols
    [CG]   [DIAG] iter=2 posCols=18 newCols=18 effImprove=18 updated=0
    [CG] CG iter 3: obj=1976060.439622, maxRC=970227.042176, +18 cols
    [CG]   [DIAG] iter=3 posCols=18 newCols=18 effImprove=18 updated=0
    [CG] CG iter 4: obj=1976060.439622, maxRC=888773.969274, +18 cols
    [CG]   [DIAG] iter=4 posCols=18 newCols=18 effImprove=18 updated=0
    [CG] CG iter 5: obj=1976060.439622, maxRC=875039.166078, +16 cols
    [CG]   [DIAG] iter=5 posCols=16 newCols=16 effImprove=16 updated=0
    [CG] CG iter 6: obj=1976060.439622, maxRC=883846.178699, +16 cols
    [CG]   [DIAG] iter=6 posCols=16 newCols=16 effImprove=16 updated=0
    [CG] CG iter 7: obj=1976060.439622, maxRC=912045.250920, +16 cols
    [CG]   [DIAG] iter=7 posCols=16 newCols=16 effImprove=16 updated=0
    [CG] CG iter 8: obj=1976060.439622, maxRC=543729.986437, +12 cols
    [CG]   [DIAG] iter=8 posCols=12 newCols=12 effImprove=12 updated=0
    [CG] CG iter 9: obj=1976060.439622, maxRC=612636.855522, +12 cols
    [CG]   [DIAG] iter=9 posCols=12 newCols=12 effImprove=12 updated=0
    [CG] CG iter 10: obj=1976060.439622, maxRC=595069.419815, +12 cols
    [CG]   [DIAG] iter=10 posCols=12 newCols=12 effImprove=12 updated=0
    [CG] CG iter 11: obj=1976060.439622, maxRC=523339.492829, +10 cols
    [CG]   [DIAG] iter=11 posCols=10 newCols=10 effImprove=10 updated=0
    [CG] CG iter 12: obj=1976060.439622, maxRC=554960.929543, +9 cols
    [CG]   [DIAG] iter=12 posCols=9 newCols=9 effImprove=9 updated=0
    [CG] CG iter 13: obj=1976060.439622, maxRC=524316.486132, +10 cols
    [CG]   [DIAG] iter=13 posCols=10 newCols=10 effImprove=10 updated=0
    [CG] CG iter 14: obj=1976060.439622, maxRC=597481.182077, +13 cols
    [CG]   [DIAG] iter=14 posCols=13 newCols=13 effImprove=13 updated=0
    [CG] CG iter 15: obj=1976060.439622, maxRC=603947.800598, +11 cols
    [CG]   [DIAG] iter=15 posCols=11 newCols=11 effImprove=11 updated=0
    [CG] CG iter 16: obj=1976060.439622, maxRC=735963.066784, +13 cols
    [CG]   [DIAG] iter=16 posCols=13 newCols=13 effImprove=13 updated=0
    [CG] CG iter 17: obj=1989673.877967, maxRC=513128.510387, +14 cols
    [CG]   [DIAG] iter=17 posCols=14 newCols=14 effImprove=14 updated=0
    [CG] CG iter 18: obj=2030975.557502, maxRC=476779.157911, +12 cols
    [CG]   [DIAG] iter=18 posCols=12 newCols=12 effImprove=12 updated=0
    [CG] CG iter 19: obj=2053800.428192, maxRC=364672.370435, +9 cols
    [CG]   [DIAG] iter=19 posCols=9 newCols=9 effImprove=9 updated=0
    [CG] CG iter 20: obj=2103890.197673, maxRC=299212.771018, +10 cols
    [CG]   [DIAG] iter=20 posCols=10 newCols=10 effImprove=10 updated=0
    [CG] CG iter 21: obj=2129899.237891, maxRC=292881.417767, +9 cols
    [CG]   [DIAG] iter=21 posCols=9 newCols=9 effImprove=9 updated=0
    [CG] CG iter 22: obj=2166865.264807, maxRC=247931.911881, +10 cols
    [CG]   [DIAG] iter=22 posCols=10 newCols=10 effImprove=10 updated=0
    [CG] CG iter 23: obj=2177672.135303, maxRC=182312.125595, +9 cols
    [CG]   [DIAG] iter=23 posCols=9 newCols=9 effImprove=9 updated=0
    [CG] CG iter 24: obj=2195440.007761, maxRC=178736.601692, +9 cols
    [CG]   [DIAG] iter=24 posCols=9 newCols=9 effImprove=9 updated=0
    [CG] CG iter 25: obj=2224828.670385, maxRC=161152.868383, +9 cols
    [CG]   [DIAG] iter=25 posCols=9 newCols=9 effImprove=9 updated=0
    [CG] CG iter 26: obj=2228628.273360, maxRC=175422.481641, +10 cols
    [CG]   [DIAG] iter=26 posCols=10 newCols=10 effImprove=10 updated=0
    [CG] CG iter 27: obj=2235347.232644, maxRC=182858.795562, +9 cols
    [CG]   [DIAG] iter=27 posCols=9 newCols=9 effImprove=9 updated=0
    [CG] CG iter 28: obj=2246000.040247, maxRC=139377.391857, +10 cols
    [CG]   [DIAG] iter=28 posCols=10 newCols=10 effImprove=10 updated=0
    [CG] CG iter 29: obj=2250149.964183, maxRC=94250.341251, +9 cols
    [CG]   [DIAG] iter=29 posCols=9 newCols=9 effImprove=9 updated=0
    [CG] CG iter 30: obj=2257217.076563, maxRC=147181.584171, +9 cols
    [CG]   [DIAG] iter=30 posCols=9 newCols=9 effImprove=9 updated=0
    [CG] CG iter 31: obj=2263568.101885, maxRC=103876.744563, +9 cols
    [CG]   [DIAG] iter=31 posCols=9 newCols=9 effImprove=9 updated=0
    [CG] CG iter 32: obj=2270940.274172, maxRC=98237.649565, +9 cols
    [CG]   [DIAG] iter=32 posCols=9 newCols=9 effImprove=9 updated=0
    [CG] CG iter 33: obj=2275782.938170, maxRC=69402.774271, +9 cols
    [CG]   [DIAG] iter=33 posCols=9 newCols=9 effImprove=9 updated=0
    [CG] CG iter 34: obj=2283437.033337, maxRC=78970.961351, +9 cols
    [CG]   [DIAG] iter=34 posCols=9 newCols=9 effImprove=9 updated=0
    [CG] CG iter 35: obj=2283940.999168, maxRC=62139.812162, +9 cols
    [CG]   [DIAG] iter=35 posCols=9 newCols=9 effImprove=9 updated=0
    [CG] CG iter 36: obj=2286832.812126, maxRC=56846.391643, +9 cols
    [CG]   [DIAG] iter=36 posCols=9 newCols=9 effImprove=9 updated=0
    [CG] CG iter 37: obj=2291332.411062, maxRC=54809.582011, +9 cols
    [CG]   [DIAG] iter=37 posCols=9 newCols=9 effImprove=9 updated=0
    [CG] CG iter 38: obj=2303654.373360, maxRC=53815.684445, +9 cols
    [CG]   [DIAG] iter=38 posCols=9 newCols=9 effImprove=9 updated=0
    [CG] CG iter 39: obj=2305078.828061, maxRC=68354.531735, +9 cols
    [CG]   [DIAG] iter=39 posCols=9 newCols=9 effImprove=9 updated=0
    [CG] CG iter 40: obj=2307001.502845, maxRC=38390.199259, +9 cols
    [CG]   [DIAG] iter=40 posCols=9 newCols=9 effImprove=9 updated=0
    [CG] CG iter 41: obj=2308655.658488, maxRC=32103.339088, +9 cols
    [CG]   [DIAG] iter=41 posCols=9 newCols=9 effImprove=9 updated=0
    [CG] CG iter 42: obj=2310942.801337, maxRC=26215.967253, +9 cols
    [CG]   [DIAG] iter=42 posCols=9 newCols=9 effImprove=9 updated=0
    [CG] CG iter 43: obj=2312036.061816, maxRC=18008.480497, +9 cols
    [CG]   [DIAG] iter=43 posCols=9 newCols=9 effImprove=9 updated=0
    [CG] CG iter 44: obj=2316172.252583, maxRC=33304.735638, +9 cols
    [CG]   [DIAG] iter=44 posCols=9 newCols=9 effImprove=9 updated=0
    [CG] CG iter 45: obj=2317376.250696, maxRC=21050.630369, +9 cols
    [CG]   [DIAG] iter=45 posCols=9 newCols=9 effImprove=9 updated=0
    [CG] CG iter 46: obj=2321597.373719, maxRC=18164.919465, +8 cols
    [CG]   [DIAG] iter=46 posCols=8 newCols=8 effImprove=8 updated=0
    [CG] CG iter 47: obj=2323373.457774, maxRC=17704.586845, +8 cols
    [CG]   [DIAG] iter=47 posCols=8 newCols=8 effImprove=8 updated=0
    [CG] CG iter 48: obj=2325568.538753, maxRC=23952.078878, +9 cols
    [CG]   [DIAG] iter=48 posCols=9 newCols=9 effImprove=9 updated=0
    [CG] CG iter 49: obj=2331655.166722, maxRC=14869.718673, +9 cols
    [CG]   [DIAG] iter=49 posCols=9 newCols=9 effImprove=9 updated=0
    [CG] CG iter 50: obj=2331856.341611, maxRC=18413.411909, +8 cols
    [CG]   [DIAG] iter=50 posCols=8 newCols=8 effImprove=8 updated=0
    [CG] CG iter 51: obj=2333340.162393, maxRC=13501.788510, +8 cols
    [CG]   [DIAG] iter=51 posCols=8 newCols=8 effImprove=8 updated=0
    [CG] CG iter 52: obj=2333640.845611, maxRC=11172.051267, +7 cols
    [CG]   [DIAG] iter=52 posCols=7 newCols=7 effImprove=7 updated=0
    [CG] CG iter 53: obj=2335608.610056, maxRC=11673.560391, +9 cols
    [CG]   [DIAG] iter=53 posCols=9 newCols=9 effImprove=9 updated=0
    [CG] CG iter 54: obj=2347282.170447, maxRC=13938.791645, +9 cols
    [CG]   [DIAG] iter=54 posCols=9 newCols=9 effImprove=9 updated=0
    [CG] CG iter 55: obj=2347282.170447, maxRC=5038.466168, +7 cols
    [CG]   [DIAG] iter=55 posCols=7 newCols=7 effImprove=7 updated=0
    [CG] CG iter 56: obj=2347282.170447, maxRC=5940.863960, +6 cols
    [CG]   [DIAG] iter=56 posCols=6 newCols=6 effImprove=6 updated=0
    [CG] CG iter 57: obj=2347282.170447, maxRC=4601.206627, +6 cols
    [CG]   [DIAG] iter=57 posCols=6 newCols=6 effImprove=6 updated=0
    [CG] CG iter 58: obj=2347282.170447, maxRC=4500.064598, +4 cols
    [CG]   [DIAG] iter=58 posCols=4 newCols=4 effImprove=4 updated=0
    [CG] CG iter 59: obj=2347282.170447, maxRC=4387.969125, +3 cols
    [CG]   [DIAG] iter=59 posCols=3 newCols=3 effImprove=3 updated=0
    [CG] CG iter 60: obj=2347282.170447, maxRC=3312.439877, +3 cols
    [CG]   [DIAG] iter=60 posCols=3 newCols=3 effImprove=3 updated=0
    [CG] CG iter 61: obj=2347282.170447, maxRC=1822.751407, +4 cols
    [CG]   [DIAG] iter=61 posCols=4 newCols=4 effImprove=4 updated=0
    [CG] CG iter 62: obj=2347282.170447, maxRC=1327.602774, +3 cols
    [CG]   [DIAG] iter=62 posCols=3 newCols=3 effImprove=3 updated=0
    [CG] CG iter 63: obj=2347282.170447, maxRC=1686.817849, +3 cols
    [CG]   [DIAG] iter=63 posCols=3 newCols=3 effImprove=3 updated=0
    [CG] CG iter 64: obj=2347282.170447, maxRC=1712.617142, +3 cols
    [CG]   [DIAG] iter=64 posCols=3 newCols=3 effImprove=3 updated=0
    [CG] CG iter 65: obj=2347282.170447, maxRC=286.713426, +2 cols
    [CG]   [DIAG] iter=65 posCols=2 newCols=2 effImprove=2 updated=0
    [CG] CG iter 66: obj=2347282.170447, maxRC=140.270836, +1 cols
    [CG]   [DIAG] iter=66 posCols=1 newCols=1 effImprove=1 updated=0
    [CG] 列生成收敛，共 67 轮迭代
    [CG] [CG-NODE] depth=0 exit=CERTIFIED certified=1 feasible=1 iters=67 generatedColsBeforeNode=0 newCols=621 posCandidates=621 duplicateCandidates=0 updatedCols=0 zeroObjImproveIters=27 objFirst=418896.613329 objLast=2347282.170447 objGain=1928385.557118 maxRC=1637412.865577 wallSec=1.200260 pricingSec=1.136952 cplexSolveSec=0.032513
      [BB] 根节点即为整数解，obj=2347282.170447
