    [CG] 列生成开始，初始列数=310
    [CG] CG iter 1: obj=670735.486928, maxRC=1583807.486769, +24 cols
    [CG]   [DIAG] iter=1 posCols=24 newCols=24 effImprove=24 updated=0
    [CG] CG iter 2: obj=2040185.087708, maxRC=509833.498601, +17 cols
    [CG]   [DIAG] iter=2 posCols=17 newCols=17 effImprove=17 updated=0
    [CG] CG iter 3: obj=2045374.660416, maxRC=451129.249828, +15 cols
    [CG]   [DIAG] iter=3 posCols=15 newCols=15 effImprove=15 updated=0
    [CG] CG iter 4: obj=2045374.660416, maxRC=406212.865941, +15 cols
    [CG]   [DIAG] iter=4 posCols=15 newCols=15 effImprove=15 updated=0
    [CG] CG iter 5: obj=2056039.983945, maxRC=401251.371823, +16 cols
    [CG]   [DIAG] iter=5 posCols=16 newCols=16 effImprove=16 updated=0
    [CG] CG iter 6: obj=2064139.466352, maxRC=427800.056459, +15 cols
    [CG]   [DIAG] iter=6 posCols=15 newCols=15 effImprove=15 updated=0
    [CG] CG iter 7: obj=2077126.341347, maxRC=431528.218072, +17 cols
    [CG]   [DIAG] iter=7 posCols=17 newCols=17 effImprove=17 updated=0
    [CG] CG iter 8: obj=2122129.288460, maxRC=343389.015077, +15 cols
    [CG]   [DIAG] iter=8 posCols=15 newCols=15 effImprove=15 updated=0
    [CG] CG iter 9: obj=2149930.334920, maxRC=226853.859742, +15 cols
    [CG]   [DIAG] iter=9 posCols=15 newCols=15 effImprove=15 updated=0
    [CG] CG iter 10: obj=2214726.762778, maxRC=205278.748137, +14 cols
    [CG]   [DIAG] iter=10 posCols=14 newCols=14 effImprove=14 updated=0
    [CG] CG iter 11: obj=2232695.666276, maxRC=179330.241348, +15 cols
    [CG]   [DIAG] iter=11 posCols=15 newCols=15 effImprove=15 updated=0
    [CG] CG iter 12: obj=2265469.519099, maxRC=140855.253418, +13 cols
    [CG]   [DIAG] iter=12 posCols=13 newCols=13 effImprove=13 updated=0
    [CG] CG iter 13: obj=2289775.559081, maxRC=246571.665217, +15 cols
    [CG]   [DIAG] iter=13 posCols=15 newCols=15 effImprove=15 updated=0
    [CG] CG iter 14: obj=2297686.738092, maxRC=190770.081749, +12 cols
    [CG]   [DIAG] iter=14 posCols=12 newCols=12 effImprove=12 updated=0
    [CG] CG iter 15: obj=2308966.436212, maxRC=93989.323590, +12 cols
    [CG]   [DIAG] iter=15 posCols=12 newCols=12 effImprove=12 updated=0
    [CG] CG iter 16: obj=2325082.420405, maxRC=167752.817618, +13 cols
    [CG]   [DIAG] iter=16 posCols=13 newCols=13 effImprove=13 updated=0
    [CG] CG iter 17: obj=2335432.584663, maxRC=72650.862316, +12 cols
    [CG]   [DIAG] iter=17 posCols=12 newCols=12 effImprove=12 updated=0
    [CG] CG iter 18: obj=2341052.233026, maxRC=73465.685832, +12 cols
    [CG]   [DIAG] iter=18 posCols=12 newCols=12 effImprove=12 updated=0
    [CG] CG iter 19: obj=2350779.944888, maxRC=60620.202451, +11 cols
    [CG]   [DIAG] iter=19 posCols=11 newCols=11 effImprove=11 updated=0
    [CG] CG iter 20: obj=2356375.409450, maxRC=54629.749868, +10 cols
    [CG]   [DIAG] iter=20 posCols=10 newCols=10 effImprove=10 updated=0
    [CG] CG iter 21: obj=2362000.990578, maxRC=63237.530680, +10 cols
    [CG]   [DIAG] iter=21 posCols=10 newCols=10 effImprove=10 updated=0
    [CG] CG iter 22: obj=2365801.755047, maxRC=43960.664410, +9 cols
    [CG]   [DIAG] iter=22 posCols=9 newCols=9 effImprove=9 updated=0
    [CG] CG iter 23: obj=2367930.257343, maxRC=45609.646253, +9 cols
    [CG]   [DIAG] iter=23 posCols=9 newCols=9 effImprove=9 updated=0
    [CG] CG iter 24: obj=2371869.981234, maxRC=43915.952416, +12 cols
    [CG]   [DIAG] iter=24 posCols=12 newCols=12 effImprove=12 updated=0
    [CG] CG iter 25: obj=2373612.135213, maxRC=21822.167901, +9 cols
    [CG]   [DIAG] iter=25 posCols=9 newCols=9 effImprove=9 updated=0
    [CG] CG iter 26: obj=2381671.829511, maxRC=36872.565673, +10 cols
    [CG]   [DIAG] iter=26 posCols=10 newCols=10 effImprove=10 updated=0
    [CG] CG iter 27: obj=2396768.053746, maxRC=20331.287798, +9 cols
    [CG]   [DIAG] iter=27 posCols=9 newCols=9 effImprove=9 updated=0
    [CG] CG iter 28: obj=2396768.053746, maxRC=15748.760982, +9 cols
    [CG]   [DIAG] iter=28 posCols=9 newCols=9 effImprove=9 updated=0
    [CG] CG iter 29: obj=2396768.053746, maxRC=19969.568335, +9 cols
    [CG]   [DIAG] iter=29 posCols=9 newCols=9 effImprove=9 updated=0
    [CG] CG iter 30: obj=2396768.053746, maxRC=21127.598601, +7 cols
    [CG]   [DIAG] iter=30 posCols=7 newCols=7 effImprove=7 updated=0
    [CG] CG iter 31: obj=2396768.053746, maxRC=11370.414717, +8 cols
    [CG]   [DIAG] iter=31 posCols=8 newCols=8 effImprove=8 updated=0
    [CG] CG iter 32: obj=2396768.053746, maxRC=10065.087556, +8 cols
    [CG]   [DIAG] iter=32 posCols=8 newCols=8 effImprove=8 updated=0
    [CG] CG iter 33: obj=2396768.053746, maxRC=8724.956955, +7 cols
    [CG]   [DIAG] iter=33 posCols=7 newCols=7 effImprove=7 updated=0
    [CG] CG iter 34: obj=2396768.053746, maxRC=4944.346861, +7 cols
    [CG]   [DIAG] iter=34 posCols=7 newCols=7 effImprove=7 updated=0
    [CG] CG iter 35: obj=2396768.053746, maxRC=2502.176854, +6 cols
    [CG]   [DIAG] iter=35 posCols=6 newCols=6 effImprove=6 updated=0
    [CG] CG iter 36: obj=2396768.053746, maxRC=3187.685825, +4 cols
    [CG]   [DIAG] iter=36 posCols=4 newCols=4 effImprove=4 updated=0
    [CG] CG iter 37: obj=2398424.393580, maxRC=1928.157897, +1 cols
    [CG]   [DIAG] iter=37 posCols=1 newCols=1 effImprove=1 updated=0
    [CG] CG iter 38: obj=2398424.393580, maxRC=1595.046757, +2 cols
    [CG]   [DIAG] iter=38 posCols=2 newCols=2 effImprove=2 updated=0
    [CG] CG iter 39: obj=2398424.393580, maxRC=1003.893880, +1 cols
    [CG]   [DIAG] iter=39 posCols=1 newCols=1 effImprove=1 updated=0
    [CG] CG iter 40: obj=2398424.393580, maxRC=1915.659464, +1 cols
    [CG]   [DIAG] iter=40 posCols=1 newCols=1 effImprove=1 updated=0
    [CG] CG iter 41: obj=2398424.393580, maxRC=921.105719, +1 cols
    [CG]   [DIAG] iter=41 posCols=1 newCols=1 effImprove=1 updated=0
    [CG] CG iter 42: obj=2398424.393580, maxRC=95.104865, +1 cols
    [CG]   [DIAG] iter=42 posCols=1 newCols=1 effImprove=1 updated=0
    [CG] CG iter 43: obj=2398424.393580, maxRC=72.926207, +1 cols
    [CG]   [DIAG] iter=43 posCols=1 newCols=1 effImprove=1 updated=0
    [CG] 列生成收敛，共 44 轮迭代
    [CG] [CG-NODE] depth=0 exit=CERTIFIED certified=1 feasible=1 iters=44 generatedColsBeforeNode=0 newCols=429 posCandidates=429 duplicateCandidates=0 updatedCols=0 zeroObjImproveIters=17 objFirst=670735.486928 objLast=2398424.393580 objGain=1727688.906652 maxRC=1583807.486769 wallSec=0.435184 pricingSec=0.390523 cplexSolveSec=0.018869
      [BB] 分支定界开始，根节点LP obj=2398424.393580，最大节点数=10000
      [BB] 根节点启发式下界 LB=1971305.556098（上界=2398424.393580）
    [CG] [BB-DIAG] 分支 x_{dc=4,retailer=3}, 节点数=1
    [CG] 列生成开始，初始列数=666
    [CG] CG iter 45: obj=2388169.696914, maxRC=60210.017930, +9 cols
    [CG]   [DIAG] iter=45 posCols=9 newCols=9 effImprove=9 updated=0
    [CG] CG iter 46: obj=2389754.345482, maxRC=14844.568118, +7 cols
    [CG]   [DIAG] iter=46 posCols=7 newCols=7 effImprove=7 updated=0
    [CG] CG iter 47: obj=2391880.462019, maxRC=8140.583040, +8 cols
    [CG]   [DIAG] iter=47 posCols=8 newCols=8 effImprove=8 updated=0
    [CG] CG iter 48: obj=2391880.462019, maxRC=8483.914490, +6 cols
    [CG]   [DIAG] iter=48 posCols=6 newCols=6 effImprove=6 updated=0
    [CG] CG iter 49: obj=2392384.721666, maxRC=4630.711425, +6 cols
    [CG]   [DIAG] iter=49 posCols=6 newCols=6 effImprove=6 updated=0
    [CG] CG iter 50: obj=2393672.103962, maxRC=2597.415701, +6 cols
    [CG]   [DIAG] iter=50 posCols=6 newCols=6 effImprove=6 updated=0
    [CG] CG iter 51: obj=2393922.663737, maxRC=2073.620278, +4 cols
    [CG]   [DIAG] iter=51 posCols=4 newCols=4 effImprove=4 updated=0
    [CG] CG iter 52: obj=2395996.284015, maxRC=750.880271, +3 cols
    [CG]   [DIAG] iter=52 posCols=3 newCols=3 effImprove=3 updated=0
    [CG] CG iter 53: obj=2395996.284015, maxRC=386.653584, +4 cols
    [CG]   [DIAG] iter=53 posCols=4 newCols=4 effImprove=4 updated=0
    [CG] CG iter 54: obj=2395996.284015, maxRC=359.549894, +1 cols
    [CG]   [DIAG] iter=54 posCols=1 newCols=1 effImprove=1 updated=0
    [CG] CG iter 55: obj=2395996.284015, maxRC=108.752991, +1 cols
    [CG]   [DIAG] iter=55 posCols=1 newCols=1 effImprove=1 updated=0
    [CG] 列生成收敛，共 56 轮迭代
    [CG] [CG-NODE] depth=1 exit=CERTIFIED certified=1 feasible=1 iters=12 generatedColsBeforeNode=429 newCols=55 posCandidates=55 duplicateCandidates=0 updatedCols=0 zeroObjImproveIters=5 objFirst=2388169.696914 objLast=2395996.284015 objGain=7826.587101 maxRC=60210.017930 wallSec=0.046678 pricingSec=0.038234 cplexSolveSec=0.005997
    [CG] 列生成开始，初始列数=684
    [CG] CG iter 57: obj=2396768.053746, maxRC=35765.274465, +12 cols
    [CG]   [DIAG] iter=57 posCols=12 newCols=12 effImprove=12 updated=0
    [CG] CG iter 58: obj=2396768.053746, maxRC=20738.752347, +12 cols
    [CG]   [DIAG] iter=58 posCols=12 newCols=12 effImprove=12 updated=0
    [CG] CG iter 59: obj=2396768.053746, maxRC=16253.187940, +8 cols
    [CG]   [DIAG] iter=59 posCols=8 newCols=8 effImprove=8 updated=0
    [CG] CG iter 60: obj=2396768.053746, maxRC=9452.815216, +8 cols
    [CG]   [DIAG] iter=60 posCols=8 newCols=8 effImprove=8 updated=0
    [CG] CG iter 61: obj=2396768.053746, maxRC=8649.451307, +6 cols
    [CG]   [DIAG] iter=61 posCols=6 newCols=6 effImprove=6 updated=0
    [CG] CG iter 62: obj=2396768.053746, maxRC=7973.050501, +6 cols
    [CG]   [DIAG] iter=62 posCols=6 newCols=6 effImprove=6 updated=0
    [CG] CG iter 63: obj=2396768.053746, maxRC=4253.893931, +7 cols
    [CG]   [DIAG] iter=63 posCols=7 newCols=7 effImprove=7 updated=0
    [CG] CG iter 64: obj=2396768.053746, maxRC=3467.868265, +5 cols
    [CG]   [DIAG] iter=64 posCols=5 newCols=5 effImprove=5 updated=0
    [CG] CG iter 65: obj=2396768.053746, maxRC=28.704706, +1 cols
    [CG]   [DIAG] iter=65 posCols=1 newCols=1 effImprove=1 updated=0
    [CG] 列生成收敛，共 66 轮迭代
    [CG] [CG-NODE] depth=1 exit=CERTIFIED certified=1 feasible=1 iters=10 generatedColsBeforeNode=484 newCols=65 posCandidates=65 duplicateCandidates=0 updatedCols=0 zeroObjImproveIters=9 objFirst=2396768.053746 objLast=2396768.053746 objGain=-0.000000 maxRC=35765.274465 wallSec=0.039669 pricingSec=0.031903 cplexSolveSec=0.005439
    [CG] [BB-INCUMBENT] selection=2 node=1 previous=1971305.556098 value=2396768.053746 active=1
    [CG] [BB-NODESEL] strategy=hybrid choice=dfs eligibleCount=1 active=1 gap=0.000000
      [BB] 分支定界结束：处理 3 节点，剪枝 1，剩余活跃 0，整数解 2，状态=OPTIMAL，最好可行 obj=2396768.053746，gap=0.000000
