    [CG] 列生成开始，初始列数=310
    [CG] CG iter 1: obj=618365.322853, maxRC=1631382.377254, +27 cols
    [CG]   [DIAG] iter=1 posCols=27 newCols=27 effImprove=27 updated=0
    [CG] CG iter 2: obj=2019592.448474, maxRC=522265.223705, +18 cols
    [CG]   [DIAG] iter=2 posCols=18 newCols=18 effImprove=18 updated=0
    [CG] CG iter 3: obj=2024694.417531, maxRC=454762.846610, +15 cols
    [CG]   [DIAG] iter=3 posCols=15 newCols=15 effImprove=15 updated=0
    [CG] CG iter 4: obj=2034224.582694, maxRC=331587.273248, +15 cols
    [CG]   [DIAG] iter=4 posCols=15 newCols=15 effImprove=15 updated=0
    [CG] CG iter 5: obj=2034224.582694, maxRC=325006.901094, +16 cols
    [CG]   [DIAG] iter=5 posCols=16 newCols=16 effImprove=16 updated=0
    [CG] CG iter 6: obj=2035550.565636, maxRC=357947.884249, +15 cols
    [CG]   [DIAG] iter=6 posCols=15 newCols=15 effImprove=15 updated=0
    [CG] CG iter 7: obj=2035550.565636, maxRC=342441.719549, +15 cols
    [CG]   [DIAG] iter=7 posCols=15 newCols=15 effImprove=15 updated=0
    [CG] CG iter 8: obj=2072098.662855, maxRC=478090.946713, +18 cols
    [CG]   [DIAG] iter=8 posCols=18 newCols=18 effImprove=18 updated=0
    [CG] CG iter 9: obj=2111984.869203, maxRC=282384.224256, +13 cols
    [CG]   [DIAG] iter=9 posCols=13 newCols=13 effImprove=13 updated=0
    [CG] CG iter 10: obj=2144683.100018, maxRC=184219.261308, +13 cols
    [CG]   [DIAG] iter=10 posCols=13 newCols=13 effImprove=13 updated=0
    [CG] CG iter 11: obj=2178889.442390, maxRC=206273.016450, +12 cols
    [CG]   [DIAG] iter=11 posCols=12 newCols=12 effImprove=12 updated=0
    [CG] CG iter 12: obj=2191696.167636, maxRC=191396.254423, +13 cols
    [CG]   [DIAG] iter=12 posCols=13 newCols=13 effImprove=13 updated=0
    [CG] CG iter 13: obj=2236542.543907, maxRC=208413.416090, +15 cols
    [CG]   [DIAG] iter=13 posCols=15 newCols=15 effImprove=15 updated=0
    [CG] CG iter 14: obj=2241957.523717, maxRC=177707.403200, +12 cols
    [CG]   [DIAG] iter=14 posCols=12 newCols=12 effImprove=12 updated=0
    [CG] CG iter 15: obj=2257512.279142, maxRC=100456.511542, +12 cols
    [CG]   [DIAG] iter=15 posCols=12 newCols=12 effImprove=12 updated=0
    [CG] CG iter 16: obj=2305150.311136, maxRC=184133.817424, +12 cols
    [CG]   [DIAG] iter=16 posCols=12 newCols=12 effImprove=12 updated=0
    [CG] CG iter 17: obj=2305150.311136, maxRC=94625.894406, +12 cols
    [CG]   [DIAG] iter=17 posCols=12 newCols=12 effImprove=12 updated=0
    [CG] CG iter 18: obj=2305150.311136, maxRC=125599.559470, +12 cols
    [CG]   [DIAG] iter=18 posCols=12 newCols=12 effImprove=12 updated=0
    [CG] CG iter 19: obj=2306189.544665, maxRC=86428.257803, +14 cols
    [CG]   [DIAG] iter=19 posCols=14 newCols=14 effImprove=14 updated=0
    [CG] CG iter 20: obj=2308415.527779, maxRC=59903.726617, +12 cols
    [CG]   [DIAG] iter=20 posCols=12 newCols=12 effImprove=12 updated=0
    [CG] CG iter 21: obj=2351071.084580, maxRC=108819.514251, +13 cols
    [CG]   [DIAG] iter=21 posCols=13 newCols=13 effImprove=13 updated=0
    [CG] CG iter 22: obj=2351071.084580, maxRC=58635.341016, +12 cols
    [CG]   [DIAG] iter=22 posCols=12 newCols=12 effImprove=12 updated=0
    [CG] CG iter 23: obj=2351071.084580, maxRC=47316.274393, +12 cols
    [CG]   [DIAG] iter=23 posCols=12 newCols=12 effImprove=12 updated=0
    [CG] CG iter 24: obj=2351071.084580, maxRC=42949.463161, +12 cols
    [CG]   [DIAG] iter=24 posCols=12 newCols=12 effImprove=12 updated=0
    [CG] CG iter 25: obj=2351071.084580, maxRC=37536.122992, +10 cols
    [CG]   [DIAG] iter=25 posCols=10 newCols=10 effImprove=10 updated=0
    [CG] CG iter 26: obj=2351071.084580, maxRC=20651.009660, +11 cols
    [CG]   [DIAG] iter=26 posCols=11 newCols=11 effImprove=11 updated=0
    [CG] CG iter 27: obj=2351071.084580, maxRC=40776.669030, +11 cols
    [CG]   [DIAG] iter=27 posCols=11 newCols=11 effImprove=11 updated=0
    [CG] CG iter 28: obj=2351071.084580, maxRC=17528.822321, +9 cols
    [CG]   [DIAG] iter=28 posCols=9 newCols=9 effImprove=9 updated=0
    [CG] CG iter 29: obj=2363619.579168, maxRC=23528.288956, +7 cols
    [CG]   [DIAG] iter=29 posCols=7 newCols=7 effImprove=7 updated=0
    [CG] CG iter 30: obj=2363619.579168, maxRC=26906.246650, +10 cols
    [CG]   [DIAG] iter=30 posCols=10 newCols=10 effImprove=10 updated=0
    [CG] CG iter 31: obj=2363619.579168, maxRC=11347.342961, +5 cols
    [CG]   [DIAG] iter=31 posCols=5 newCols=5 effImprove=5 updated=0
    [CG] CG iter 32: obj=2363619.579168, maxRC=15172.982243, +7 cols
    [CG]   [DIAG] iter=32 posCols=7 newCols=7 effImprove=7 updated=0
    [CG] CG iter 33: obj=2363619.579168, maxRC=14192.427162, +4 cols
    [CG]   [DIAG] iter=33 posCols=4 newCols=4 effImprove=4 updated=0
    [CG] CG iter 34: obj=2363619.579168, maxRC=10335.349669, +6 cols
    [CG]   [DIAG] iter=34 posCols=6 newCols=6 effImprove=6 updated=0
    [CG] CG iter 35: obj=2373777.706479, maxRC=9020.917147, +4 cols
    [CG]   [DIAG] iter=35 posCols=4 newCols=4 effImprove=4 updated=0
    [CG] CG iter 36: obj=2373777.706479, maxRC=4851.351219, +4 cols
    [CG]   [DIAG] iter=36 posCols=4 newCols=4 effImprove=4 updated=0
    [CG] CG iter 37: obj=2373777.706479, maxRC=2101.853676, +3 cols
    [CG]   [DIAG] iter=37 posCols=3 newCols=3 effImprove=3 updated=0
    [CG] CG iter 38: obj=2373777.706479, maxRC=1313.735838, +2 cols
    [CG]   [DIAG] iter=38 posCols=2 newCols=2 effImprove=2 updated=0
    [CG] CG iter 39: obj=2373777.706479, maxRC=124.520296, +1 cols
    [CG]   [DIAG] iter=39 posCols=1 newCols=1 effImprove=1 updated=0
    [CG] 列生成收敛，共 40 轮迭代
    [CG] [CG-NODE] depth=0 exit=CERTIFIED certified=1 feasible=1 iters=40 generatedColsBeforeNode=0 newCols=434 posCandidates=434 duplicateCandidates=0 updatedCols=0 zeroObjImproveIters=21 objFirst=618365.322853 objLast=2373777.706479 objGain=1755412.383626 maxRC=1631382.377254 wallSec=0.552702 pricingSec=0.507850 cplexSolveSec=0.017176
      [BB] 根节点即为整数解，obj=2373777.706479
