    [CG] 列生成开始，初始列数=310
    [CG] CG iter 1: obj=993686.711142, maxRC=1503797.539245, +30 cols
    [CG]   [DIAG] iter=1 posCols=30 newCols=30 effImprove=30 updated=0
    [CG] CG iter 2: obj=1885395.125565, maxRC=328912.698549, +27 cols
    [CG]   [DIAG] iter=2 posCols=27 newCols=27 effImprove=27 updated=0
    [CG] CG iter 3: obj=2142987.290637, maxRC=544102.645452, +30 cols
    [CG]   [DIAG] iter=3 posCols=30 newCols=30 effImprove=30 updated=0
    [CG] CG iter 4: obj=2176420.705248, maxRC=413479.435975, +30 cols
    [CG]   [DIAG] iter=4 posCols=30 newCols=30 effImprove=30 updated=0
    [CG] CG iter 5: obj=2206737.632211, maxRC=258814.790427, +30 cols
    [CG]   [DIAG] iter=5 posCols=30 newCols=30 effImprove=30 updated=0
    [CG] CG iter 6: obj=2253085.245579, maxRC=143390.841936, +27 cols
    [CG]   [DIAG] iter=6 posCols=27 newCols=27 effImprove=27 updated=0
    [CG] CG iter 7: obj=2316793.652502, maxRC=137831.820911, +23 cols
    [CG]   [DIAG] iter=7 posCols=23 newCols=23 effImprove=23 updated=0
    [CG] CG iter 8: obj=2401180.893799, maxRC=117872.196329, +21 cols
    [CG]   [DIAG] iter=8 posCols=21 newCols=21 effImprove=21 updated=0
    [CG] CG iter 9: obj=2433381.626890, maxRC=133741.581118, +20 cols
    [CG]   [DIAG] iter=9 posCols=20 newCols=20 effImprove=20 updated=0
    [CG] CG iter 10: obj=2451282.751054, maxRC=124292.290468, +16 cols
    [CG]   [DIAG] iter=10 posCols=16 newCols=16 effImprove=16 updated=0
    [CG] CG iter 11: obj=2460145.014773, maxRC=104633.512197, +17 cols
    [CG]   [DIAG] iter=11 posCols=17 newCols=17 effImprove=17 updated=0
    [CG] CG iter 12: obj=2465637.431685, maxRC=55848.250721, +18 cols
    [CG]   [DIAG] iter=12 posCols=18 newCols=18 effImprove=18 updated=0
    [CG] CG iter 13: obj=2492646.233412, maxRC=36332.354221, +14 cols
    [CG]   [DIAG] iter=13 posCols=14 newCols=13 effImprove=14 updated=1
    [CG] CG iter 14: obj=2515469.374921, maxRC=54247.131577, +11 cols
    [CG]   [DIAG] iter=14 posCols=11 newCols=10 effImprove=11 updated=1
    [CG] CG iter 15: obj=2526997.262267, maxRC=11733.454129, +8 cols
    [CG]   [DIAG] iter=15 posCols=8 newCols=8 effImprove=8 updated=0
    [CG] CG iter 16: obj=2544698.468314, maxRC=10750.556821, +5 cols
    [CG]   [DIAG] iter=16 posCols=5 newCols=5 effImprove=5 updated=0
    [CG] CG iter 17: obj=2544698.468314, maxRC=7712.738180, +3 cols
    [CG]   [DIAG] iter=17 posCols=3 newCols=3 effImprove=3 updated=0
    [CG] CG iter 18: obj=2544698.468314, maxRC=5180.335664, +3 cols
    [CG]   [DIAG] iter=18 posCols=3 newCols=3 effImprove=3 updated=0
    [CG] CG iter 19: obj=2544698.468314, maxRC=3416.939690, +2 cols
    [CG]   [DIAG] iter=19 posCols=2 newCols=2 effImprove=2 updated=0
    [CG] 列生成收敛，共 20 轮迭代
    [CG] [CG-NODE] depth=0 exit=CERTIFIED certified=1 feasible=1 iters=20 generatedColsBeforeNode=0 newCols=333 posCandidates=335 duplicateCandidates=2 updatedCols=2 zeroObjImproveIters=3 objFirst=993686.711142 objLast=2546012.092795 objGain=1552325.381654 maxRC=1503797.539245 wallSec=0.230629 pricingSec=0.216662 cplexSolveSec=0.009365
      [BB] 根节点即为整数解，obj=2546012.092795
