    [CG] 列生成开始，初始列数=310
    [CG] CG iter 1: obj=955842.276786, maxRC=1443206.055447, +30 cols
    [CG]   [DIAG] iter=1 posCols=30 newCols=30 effImprove=30 updated=0
    [CG] CG iter 2: obj=1711178.524726, maxRC=370183.469200, +30 cols
    [CG]   [DIAG] iter=2 posCols=30 newCols=30 effImprove=30 updated=0
    [CG] CG iter 3: obj=1978344.056102, maxRC=531646.049664, +30 cols
    [CG]   [DIAG] iter=3 posCols=30 newCols=30 effImprove=30 updated=0
    [CG] CG iter 4: obj=2010988.532017, maxRC=251693.350315, +29 cols
    [CG]   [DIAG] iter=4 posCols=29 newCols=29 effImprove=29 updated=0
    [CG] CG iter 5: obj=2067371.563109, maxRC=203796.499954, +27 cols
    [CG]   [DIAG] iter=5 posCols=27 newCols=27 effImprove=27 updated=0
    [CG] CG iter 6: obj=2107680.645329, maxRC=156448.568739, +23 cols
    [CG]   [DIAG] iter=6 posCols=23 newCols=22 effImprove=23 updated=1
    [CG] CG iter 7: obj=2222139.038996, maxRC=193715.487572, +21 cols
    [CG]   [DIAG] iter=7 posCols=21 newCols=21 effImprove=21 updated=0
    [CG] CG iter 8: obj=2257291.375078, maxRC=101702.859622, +19 cols
    [CG]   [DIAG] iter=8 posCols=19 newCols=18 effImprove=19 updated=1
    [CG] CG iter 9: obj=2356651.318261, maxRC=98228.606646, +19 cols
    [CG]   [DIAG] iter=9 posCols=19 newCols=19 effImprove=19 updated=0
    [CG] CG iter 10: obj=2357424.816610, maxRC=35085.645461, +11 cols
    [CG]   [DIAG] iter=10 posCols=11 newCols=10 effImprove=11 updated=1
    [CG] CG iter 11: obj=2385690.067057, maxRC=64590.303448, +10 cols
    [CG]   [DIAG] iter=11 posCols=10 newCols=8 effImprove=10 updated=2
    [CG] CG iter 12: obj=2385690.067057, maxRC=22108.262312, +6 cols
    [CG]   [DIAG] iter=12 posCols=6 newCols=6 effImprove=6 updated=0
    [CG] CG iter 13: obj=2385690.067057, maxRC=70130.189338, +5 cols
    [CG]   [DIAG] iter=13 posCols=5 newCols=5 effImprove=5 updated=0
    [CG] CG iter 14: obj=2385690.067057, maxRC=25399.984017, +4 cols
    [CG]   [DIAG] iter=14 posCols=4 newCols=4 effImprove=4 updated=0
    [CG] CG iter 15: obj=2388578.902554, maxRC=33452.327450, +3 cols
    [CG]   [DIAG] iter=15 posCols=3 newCols=3 effImprove=3 updated=0
    [CG] CG iter 16: obj=2388578.902554, maxRC=17307.143119, +4 cols
    [CG]   [DIAG] iter=16 posCols=4 newCols=4 effImprove=4 updated=0
    [CG] CG iter 17: obj=2397272.810506, maxRC=14525.962738, +4 cols
    [CG]   [DIAG] iter=17 posCols=4 newCols=4 effImprove=4 updated=0
    [CG] CG iter 18: obj=2397272.810506, maxRC=11394.920643, +3 cols
    [CG]   [DIAG] iter=18 posCols=3 newCols=3 effImprove=3 updated=0
    [CG] CG iter 19: obj=2397272.810506, maxRC=5499.324639, +3 cols
    [CG]   [DIAG] iter=19 posCols=3 newCols=3 effImprove=3 updated=0
    [CG] CG iter 20: obj=2397272.810506, maxRC=2192.321718, +3 cols
    [CG]   [DIAG] iter=20 posCols=3 newCols=3 effImprove=3 updated=0
    [CG] CG iter 21: obj=2397770.552194, maxRC=2111.836624, +2 cols
    [CG]   [DIAG] iter=21 posCols=2 newCols=2 effImprove=2 updated=0
    [CG] 列生成收敛，共 22 轮迭代
    [CG] [CG-NODE] depth=0 exit=CERTIFIED certified=1 feasible=1 iters=22 generatedColsBeforeNode=0 newCols=281 posCandidates=286 duplicateCandidates=5 updatedCols=5 zeroObjImproveIters=8 objFirst=955842.276786 objLast=2397770.552194 objGain=1441928.275408 maxRC=1443206.055447 wallSec=0.179952 pricingSec=0.168684 cplexSolveSec=0.007608
      [BB] 根节点即为整数解，obj=2397770.552194
