    [CG] 列生成开始，初始列数=310
    [CG] CG iter 1: obj=1006717.606877, maxRC=1605937.729313, +30 cols
    [CG]   [DIAG] iter=1 posCols=30 newCols=30 effImprove=30 updated=0
    [CG] CG iter 2: obj=1895177.729315, maxRC=332163.783375, +30 cols
    [CG]   [DIAG] iter=2 posCols=30 newCols=30 effImprove=30 updated=0
    [CG] CG iter 3: obj=2153808.312573, maxRC=575753.803052, +30 cols
    [CG]   [DIAG] iter=3 posCols=30 newCols=30 effImprove=30 updated=0
    [CG] CG iter 4: obj=2174283.674030, maxRC=306372.323477, +30 cols
    [CG]   [DIAG] iter=4 posCols=30 newCols=30 effImprove=30 updated=0
    [CG] CG iter 5: obj=2203278.273882, maxRC=231998.661561, +30 cols
    [CG]   [DIAG] iter=5 posCols=30 newCols=30 effImprove=30 updated=0
    [CG] CG iter 6: obj=2284239.539925, maxRC=143081.490883, +27 cols
    [CG]   [DIAG] iter=6 posCols=27 newCols=27 effImprove=27 updated=0
    [CG] CG iter 7: obj=2369282.568342, maxRC=147159.210345, +26 cols
    [CG]   [DIAG] iter=7 posCols=26 newCols=26 effImprove=26 updated=0
    [CG] CG iter 8: obj=2414944.101347, maxRC=143607.642934, +27 cols
    [CG]   [DIAG] iter=8 posCols=27 newCols=27 effImprove=27 updated=0
    [CG] CG iter 9: obj=2442465.076141, maxRC=103414.746148, +26 cols
    [CG]   [DIAG] iter=9 posCols=26 newCols=25 effImprove=26 updated=1
    [CG] CG iter 10: obj=2518754.624883, maxRC=85946.183355, +19 cols
    [CG]   [DIAG] iter=10 posCols=19 newCols=19 effImprove=19 updated=0
    [CG] CG iter 11: obj=2523252.457189, maxRC=111113.840002, +16 cols
    [CG]   [DIAG] iter=11 posCols=16 newCols=16 effImprove=16 updated=0
    [CG] CG iter 12: obj=2523252.457189, maxRC=35771.460929, +17 cols
    [CG]   [DIAG] iter=12 posCols=17 newCols=17 effImprove=17 updated=0
    [CG] CG iter 13: obj=2524525.590453, maxRC=62134.824952, +18 cols
    [CG]   [DIAG] iter=13 posCols=18 newCols=18 effImprove=18 updated=0
    [CG] CG iter 14: obj=2537606.315538, maxRC=33158.558523, +16 cols
    [CG]   [DIAG] iter=14 posCols=16 newCols=15 effImprove=16 updated=1
    [CG] CG iter 15: obj=2539513.573924, maxRC=26865.131691, +14 cols
    [CG]   [DIAG] iter=15 posCols=14 newCols=14 effImprove=14 updated=0
    [CG] CG iter 16: obj=2555902.894326, maxRC=20901.547701, +10 cols
    [CG]   [DIAG] iter=16 posCols=10 newCols=10 effImprove=10 updated=0
    [CG] CG iter 17: obj=2564971.310618, maxRC=10420.473498, +8 cols
    [CG]   [DIAG] iter=17 posCols=8 newCols=7 effImprove=8 updated=1
    [CG] CG iter 18: obj=2564971.310618, maxRC=3776.497054, +4 cols
    [CG]   [DIAG] iter=18 posCols=4 newCols=2 effImprove=4 updated=2
    [CG] 列生成收敛，共 19 轮迭代
    [CG] [CG-NODE] depth=0 exit=CERTIFIED certified=1 feasible=1 iters=19 generatedColsBeforeNode=0 newCols=373 posCandidates=378 duplicateCandidates=5 updatedCols=5 zeroObjImproveIters=2 objFirst=1006717.606877 objLast=2568523.649002 objGain=1561806.042125 maxRC=1605937.729313 wallSec=0.280198 pricingSec=0.249749 cplexSolveSec=0.008295
      [BB] 根节点即为整数解，obj=2568523.649002
