    [CG] 列生成开始，初始列数=310
    [CG] CG iter 1: obj=942895.225733, maxRC=1143946.310362, +30 cols
    [CG]   [DIAG] iter=1 posCols=30 newCols=30 effImprove=30 updated=0
    [CG] CG iter 2: obj=1628669.769028, maxRC=290895.973151, +27 cols
    [CG]   [DIAG] iter=2 posCols=27 newCols=27 effImprove=27 updated=0
    [CG] CG iter 3: obj=1827200.023743, maxRC=383844.460779, +21 cols
    [CG]   [DIAG] iter=3 posCols=21 newCols=21 effImprove=21 updated=0
    [CG] CG iter 4: obj=1966303.999555, maxRC=169974.113291, +23 cols
    [CG]   [DIAG] iter=4 posCols=23 newCols=22 effImprove=23 updated=1
    [CG] CG iter 5: obj=1966303.999555, maxRC=154839.092278, +21 cols
    [CG]   [DIAG] iter=5 posCols=21 newCols=21 effImprove=21 updated=0
    [CG] CG iter 6: obj=2006747.000657, maxRC=198169.403224, +21 cols
    [CG]   [DIAG] iter=6 posCols=21 newCols=21 effImprove=21 updated=0
    [CG] CG iter 7: obj=2032010.270533, maxRC=117202.777166, +21 cols
    [CG]   [DIAG] iter=7 posCols=21 newCols=21 effImprove=21 updated=0
    [CG] CG iter 8: obj=2053505.428663, maxRC=104878.263931, +20 cols
    [CG]   [DIAG] iter=8 posCols=20 newCols=20 effImprove=20 updated=0
    [CG] CG iter 9: obj=2076293.790693, maxRC=68796.199561, +19 cols
    [CG]   [DIAG] iter=9 posCols=19 newCols=19 effImprove=19 updated=0
    [CG] CG iter 10: obj=2097762.637665, maxRC=97533.296648, +21 cols
    [CG]   [DIAG] iter=10 posCols=21 newCols=21 effImprove=21 updated=0
    [CG] CG iter 11: obj=2139653.394348, maxRC=69728.781299, +16 cols
    [CG]   [DIAG] iter=11 posCols=16 newCols=16 effImprove=16 updated=0
    [CG] CG iter 12: obj=2152146.017002, maxRC=38798.345608, +11 cols
    [CG]   [DIAG] iter=12 posCols=11 newCols=11 effImprove=11 updated=0
    [CG] CG iter 13: obj=2183333.133952, maxRC=24340.862059, +9 cols
    [CG]   [DIAG] iter=13 posCols=9 newCols=9 effImprove=9 updated=0
    [CG] CG iter 14: obj=2183333.133952, maxRC=40434.430627, +13 cols
    [CG]   [DIAG] iter=14 posCols=13 newCols=13 effImprove=13 updated=0
    [CG] CG iter 15: obj=2183333.133952, maxRC=23295.490208, +9 cols
    [CG]   [DIAG] iter=15 posCols=9 newCols=9 effImprove=9 updated=0
    [CG] CG iter 16: obj=2183333.133952, maxRC=21971.970135, +6 cols
    [CG]   [DIAG] iter=16 posCols=6 newCols=6 effImprove=6 updated=0
    [CG] CG iter 17: obj=2183333.133952, maxRC=8908.758831, +6 cols
    [CG]   [DIAG] iter=17 posCols=6 newCols=6 effImprove=6 updated=0
    [CG] CG iter 18: obj=2183333.133952, maxRC=7199.452931, +4 cols
    [CG]   [DIAG] iter=18 posCols=4 newCols=4 effImprove=4 updated=0
    [CG] CG iter 19: obj=2183333.133952, maxRC=6590.672558, +5 cols
    [CG]   [DIAG] iter=19 posCols=5 newCols=5 effImprove=5 updated=0
    [CG] CG iter 20: obj=2189898.547906, maxRC=4819.510830, +4 cols
    [CG]   [DIAG] iter=20 posCols=4 newCols=4 effImprove=4 updated=0
    [CG] 列生成收敛，共 21 轮迭代
    [CG] [CG-NODE] depth=0 exit=CERTIFIED certified=1 feasible=1 iters=21 generatedColsBeforeNode=0 newCols=306 posCandidates=307 duplicateCandidates=1 updatedCols=1 zeroObjImproveIters=8 objFirst=942895.225733 objLast=2189898.547906 objGain=1247003.322173 maxRC=1143946.310362 wallSec=0.151402 pricingSec=0.136423 cplexSolveSec=0.009757
      [BB] 根节点即为整数解，obj=2189898.547906
