    [CG] 列生成开始，初始列数=310
    [CG] CG iter 1: obj=966130.052211, maxRC=1352322.194012, +30 cols
    [CG]   [DIAG] iter=1 posCols=30 newCols=30 effImprove=30 updated=0
    [CG] CG iter 2: obj=1829483.877778, maxRC=303652.667634, +24 cols
    [CG]   [DIAG] iter=2 posCols=24 newCols=24 effImprove=24 updated=0
    [CG] CG iter 3: obj=1930434.575885, maxRC=518747.506288, +27 cols
    [CG]   [DIAG] iter=3 posCols=27 newCols=27 effImprove=27 updated=0
    [CG] CG iter 4: obj=2033441.293706, maxRC=419924.433902, +27 cols
    [CG]   [DIAG] iter=4 posCols=27 newCols=27 effImprove=27 updated=0
    [CG] CG iter 5: obj=2054767.271617, maxRC=268286.804610, +26 cols
    [CG]   [DIAG] iter=5 posCols=26 newCols=26 effImprove=26 updated=0
    [CG] CG iter 6: obj=2096277.251802, maxRC=212982.946450, +25 cols
    [CG]   [DIAG] iter=6 posCols=25 newCols=25 effImprove=25 updated=0
    [CG] CG iter 7: obj=2109753.847235, maxRC=118221.566306, +22 cols
    [CG]   [DIAG] iter=7 posCols=22 newCols=22 effImprove=22 updated=0
    [CG] CG iter 8: obj=2164676.368719, maxRC=132462.129041, +20 cols
    [CG]   [DIAG] iter=8 posCols=20 newCols=19 effImprove=20 updated=1
    [CG] CG iter 9: obj=2207854.332275, maxRC=95065.912359, +19 cols
    [CG]   [DIAG] iter=9 posCols=19 newCols=19 effImprove=19 updated=0
    [CG] CG iter 10: obj=2228602.336239, maxRC=60745.313151, +18 cols
    [CG]   [DIAG] iter=10 posCols=18 newCols=18 effImprove=18 updated=0
    [CG] CG iter 11: obj=2251214.951103, maxRC=65258.733131, +17 cols
    [CG]   [DIAG] iter=11 posCols=17 newCols=17 effImprove=17 updated=0
    [CG] CG iter 12: obj=2293512.674974, maxRC=80835.668975, +14 cols
    [CG]   [DIAG] iter=12 posCols=14 newCols=13 effImprove=14 updated=1
    [CG] CG iter 13: obj=2294218.454664, maxRC=26850.095789, +13 cols
    [CG]   [DIAG] iter=13 posCols=13 newCols=13 effImprove=13 updated=0
    [CG] CG iter 14: obj=2305417.855494, maxRC=23337.864007, +10 cols
    [CG]   [DIAG] iter=14 posCols=10 newCols=10 effImprove=10 updated=0
    [CG] CG iter 15: obj=2320956.851499, maxRC=23697.013507, +11 cols
    [CG]   [DIAG] iter=15 posCols=11 newCols=11 effImprove=11 updated=0
    [CG] CG iter 16: obj=2329796.094021, maxRC=16436.575436, +12 cols
    [CG]   [DIAG] iter=16 posCols=12 newCols=12 effImprove=12 updated=0
    [CG] CG iter 17: obj=2333134.914000, maxRC=19029.590472, +9 cols
    [CG]   [DIAG] iter=17 posCols=9 newCols=9 effImprove=9 updated=0
    [CG] CG iter 18: obj=2341032.711342, maxRC=13069.014429, +6 cols
    [CG]   [DIAG] iter=18 posCols=6 newCols=5 effImprove=6 updated=1
    [CG] CG iter 19: obj=2341032.711342, maxRC=5958.236868, +4 cols
    [CG]   [DIAG] iter=19 posCols=4 newCols=4 effImprove=4 updated=0
    [CG] CG iter 20: obj=2341032.711342, maxRC=5060.548927, +5 cols
    [CG]   [DIAG] iter=20 posCols=5 newCols=5 effImprove=5 updated=0
    [CG] CG iter 21: obj=2341032.711342, maxRC=2859.008599, +4 cols
    [CG]   [DIAG] iter=21 posCols=4 newCols=4 effImprove=4 updated=0
    [CG] CG iter 22: obj=2341032.711342, maxRC=2057.023528, +1 cols
    [CG]   [DIAG] iter=22 posCols=1 newCols=1 effImprove=1 updated=0
    [CG] 列生成收敛，共 23 轮迭代
    [CG] [CG-NODE] depth=0 exit=CERTIFIED certified=1 feasible=1 iters=23 generatedColsBeforeNode=0 newCols=341 posCandidates=344 duplicateCandidates=3 updatedCols=3 zeroObjImproveIters=5 objFirst=966130.052211 objLast=2341032.711342 objGain=1374902.659131 maxRC=1352322.194012 wallSec=0.204557 pricingSec=0.187945 cplexSolveSec=0.011378
      [BB] 根节点即为整数解，obj=2341032.711342
