    [CG] 列生成开始，初始列数=310
    [CG] CG iter 1: obj=887410.650668, maxRC=1383810.409019, +30 cols
    [CG]   [DIAG] iter=1 posCols=30 newCols=30 effImprove=30 updated=0
    [CG] CG iter 2: obj=1776680.999542, maxRC=427103.466548, +22 cols
    [CG]   [DIAG] iter=2 posCols=22 newCols=22 effImprove=22 updated=0
    [CG] CG iter 3: obj=1857361.064734, maxRC=504434.916487, +24 cols
    [CG]   [DIAG] iter=3 posCols=24 newCols=24 effImprove=24 updated=0
    [CG] CG iter 4: obj=1903457.685572, maxRC=289595.352570, +23 cols
    [CG]   [DIAG] iter=4 posCols=23 newCols=23 effImprove=23 updated=0
    [CG] CG iter 5: obj=1912719.876611, maxRC=268511.866402, +22 cols
    [CG]   [DIAG] iter=5 posCols=22 newCols=22 effImprove=22 updated=0
    [CG] CG iter 6: obj=1926572.916712, maxRC=296576.168013, +20 cols
    [CG]   [DIAG] iter=6 posCols=20 newCols=20 effImprove=20 updated=0
    [CG] CG iter 7: obj=1982833.428239, maxRC=240021.963162, +24 cols
    [CG]   [DIAG] iter=7 posCols=24 newCols=24 effImprove=24 updated=0
    [CG] CG iter 8: obj=1995968.611505, maxRC=72960.360700, +18 cols
    [CG]   [DIAG] iter=8 posCols=18 newCols=18 effImprove=18 updated=0
    [CG] CG iter 9: obj=2039146.955978, maxRC=101781.973532, +18 cols
    [CG]   [DIAG] iter=9 posCols=18 newCols=18 effImprove=18 updated=0
    [CG] CG iter 10: obj=2055349.332111, maxRC=84526.936164, +16 cols
    [CG]   [DIAG] iter=10 posCols=16 newCols=16 effImprove=16 updated=0
    [CG] CG iter 11: obj=2074714.667429, maxRC=58815.149306, +13 cols
    [CG]   [DIAG] iter=11 posCols=13 newCols=13 effImprove=13 updated=0
    [CG] CG iter 12: obj=2100072.649751, maxRC=21807.249817, +13 cols
    [CG]   [DIAG] iter=12 posCols=13 newCols=13 effImprove=13 updated=0
    [CG] CG iter 13: obj=2117671.619562, maxRC=17305.094069, +14 cols
    [CG]   [DIAG] iter=13 posCols=14 newCols=14 effImprove=14 updated=0
    [CG] CG iter 14: obj=2122225.811559, maxRC=6740.401321, +9 cols
    [CG]   [DIAG] iter=14 posCols=9 newCols=8 effImprove=9 updated=1
    [CG] CG iter 15: obj=2137665.634249, maxRC=1931.782891, +2 cols
    [CG]   [DIAG] iter=15 posCols=2 newCols=2 effImprove=2 updated=0
    [CG] CG iter 16: obj=2137665.634249, maxRC=173.254341, +1 cols
    [CG]   [DIAG] iter=16 posCols=1 newCols=1 effImprove=1 updated=0
    [CG] CG iter 17: obj=2137665.634249, maxRC=112.261803, +1 cols
    [CG]   [DIAG] iter=17 posCols=1 newCols=1 effImprove=1 updated=0
    [CG] 列生成收敛，共 18 轮迭代
    [CG] [CG-NODE] depth=0 exit=CERTIFIED certified=1 feasible=1 iters=18 generatedColsBeforeNode=0 newCols=269 posCandidates=270 duplicateCandidates=1 updatedCols=1 zeroObjImproveIters=3 objFirst=887410.650668 objLast=2137665.634249 objGain=1250254.983581 maxRC=1383810.409019 wallSec=0.161932 pricingSec=0.148712 cplexSolveSec=0.008233
      [BB] 根节点即为整数解，obj=2137665.634249
