    [CG] 列生成开始，初始列数=310
    [CG] CG iter 1: obj=498645.898341, maxRC=606122.779749, +29 cols
    [CG]   [DIAG] iter=1 posCols=29 newCols=29 effImprove=29 updated=0
    [CG] CG iter 2: obj=1259540.766147, maxRC=439070.245213, +28 cols
    [CG]   [DIAG] iter=2 posCols=28 newCols=28 effImprove=28 updated=0
    [CG] CG iter 3: obj=1259540.766147, maxRC=333924.799556, +23 cols
    [CG]   [DIAG] iter=3 posCols=23 newCols=23 effImprove=23 updated=0
    [CG] CG iter 4: obj=1259540.766147, maxRC=297117.960960, +15 cols
    [CG]   [DIAG] iter=4 posCols=15 newCols=15 effImprove=15 updated=0
    [CG] CG iter 5: obj=1259540.766147, maxRC=246428.915289, +18 cols
    [CG]   [DIAG] iter=5 posCols=18 newCols=18 effImprove=18 updated=0
    [CG] CG iter 6: obj=1404259.987894, maxRC=293845.614902, +24 cols
    [CG]   [DIAG] iter=6 posCols=24 newCols=24 effImprove=24 updated=0
    [CG] CG iter 7: obj=1425169.356273, maxRC=214371.287152, +18 cols
    [CG]   [DIAG] iter=7 posCols=18 newCols=18 effImprove=18 updated=0
    [CG] CG iter 8: obj=1523469.975776, maxRC=128178.161669, +18 cols
    [CG]   [DIAG] iter=8 posCols=18 newCols=18 effImprove=18 updated=0
    [CG] CG iter 9: obj=1576435.160225, maxRC=82062.712797, +17 cols
    [CG]   [DIAG] iter=9 posCols=17 newCols=17 effImprove=17 updated=0
    [CG] CG iter 10: obj=1578747.451384, maxRC=67839.495862, +15 cols
    [CG]   [DIAG] iter=10 posCols=15 newCols=15 effImprove=15 updated=0
    [CG] CG iter 11: obj=1581496.725321, maxRC=65692.711356, +15 cols
    [CG]   [DIAG] iter=11 posCols=15 newCols=15 effImprove=15 updated=0
    [CG] CG iter 12: obj=1604022.735204, maxRC=62927.267856, +12 cols
    [CG]   [DIAG] iter=12 posCols=12 newCols=12 effImprove=12 updated=0
    [CG] CG iter 13: obj=1604022.735204, maxRC=16158.667677, +8 cols
    [CG]   [DIAG] iter=13 posCols=8 newCols=8 effImprove=8 updated=0
    [CG] CG iter 14: obj=1604022.735204, maxRC=28118.958751, +5 cols
    [CG]   [DIAG] iter=14 posCols=5 newCols=5 effImprove=5 updated=0
    [CG] CG iter 15: obj=1608763.406875, maxRC=27081.167865, +4 cols
    [CG]   [DIAG] iter=15 posCols=4 newCols=4 effImprove=4 updated=0
    [CG] CG iter 16: obj=1608763.406875, maxRC=13015.089935, +3 cols
    [CG]   [DIAG] iter=16 posCols=3 newCols=3 effImprove=3 updated=0
    [CG] CG iter 17: obj=1615432.079179, maxRC=9839.376205, +3 cols
    [CG]   [DIAG] iter=17 posCols=3 newCols=3 effImprove=3 updated=0
    [CG] CG iter 18: obj=1615432.079179, maxRC=6371.458261, +3 cols
    [CG]   [DIAG] iter=18 posCols=3 newCols=3 effImprove=3 updated=0
    [CG] CG iter 19: obj=1615432.079179, maxRC=1768.308343, +3 cols
    [CG]   [DIAG] iter=19 posCols=3 newCols=3 effImprove=3 updated=0
    [CG] CG iter 20: obj=1615432.079179, maxRC=89.846706, +1 cols
    [CG]   [DIAG] iter=20 posCols=1 newCols=1 effImprove=1 updated=0
    [CG] 列生成收敛，共 21 轮迭代
    [CG] [CG-NODE] depth=0 exit=CERTIFIED certified=1 feasible=1 iters=21 generatedColsBeforeNode=0 newCols=262 posCandidates=262 duplicateCandidates=0 updatedCols=0 zeroObjImproveIters=10 objFirst=498645.898341 objLast=1615432.079179 objGain=1116786.180839 maxRC=606122.779749 wallSec=0.455564 pricingSec=0.443369 cplexSolveSec=0.007339
      [BB] 分支定界开始，根节点LP obj=1615432.079179，最大节点数=10000
      [BB] 根节点启发式下界 LB=1400138.526013（上界=1615432.079179）
    [CG] [BB-DIAG] 分支 x_{dc=4,retailer=0}, 节点数=1
    [CG] 列生成开始，初始列数=555
    [CG] CG iter 22: obj=1615270.951842, maxRC=64493.563262, +15 cols
    [CG]   [DIAG] iter=22 posCols=15 newCols=15 effImprove=15 updated=0
    [CG] CG iter 23: obj=1615270.951842, maxRC=20478.463434, +10 cols
    [CG]   [DIAG] iter=23 posCols=10 newCols=10 effImprove=10 updated=0
    [CG] CG iter 24: obj=1615270.951842, maxRC=7686.117660, +4 cols
    [CG]   [DIAG] iter=24 posCols=4 newCols=4 effImprove=4 updated=0
    [CG] CG iter 25: obj=1615270.951842, maxRC=2338.758786, +3 cols
    [CG]   [DIAG] iter=25 posCols=3 newCols=3 effImprove=3 updated=0
    [CG] CG iter 26: obj=1615270.951842, maxRC=2090.254594, +2 cols
    [CG]   [DIAG] iter=26 posCols=2 newCols=2 effImprove=2 updated=0
    [CG] CG iter 27: obj=1615270.951842, maxRC=119.150601, +2 cols
    [CG]   [DIAG] iter=27 posCols=2 newCols=2 effImprove=2 updated=0
    [CG] CG iter 28: obj=1615270.951842, maxRC=155.708012, +1 cols
    [CG]   [DIAG] iter=28 posCols=1 newCols=1 effImprove=1 updated=0
    [CG] CG iter 29: obj=1615270.951842, maxRC=93.696305, +1 cols
    [CG]   [DIAG] iter=29 posCols=1 newCols=1 effImprove=1 updated=0
    [CG] CG iter 30: obj=1615270.951842, maxRC=48.654608, +1 cols
    [CG]   [DIAG] iter=30 posCols=1 newCols=1 effImprove=1 updated=0
    [CG] 列生成收敛，共 31 轮迭代
    [CG] [CG-NODE] depth=1 exit=CERTIFIED certified=1 feasible=1 iters=10 generatedColsBeforeNode=262 newCols=39 posCandidates=39 duplicateCandidates=0 updatedCols=0 zeroObjImproveIters=9 objFirst=1615270.951842 objLast=1615270.951842 objGain=0.000000 maxRC=64493.563262 wallSec=0.135677 pricingSec=0.130891 cplexSolveSec=0.003116
    [CG] 列生成开始，初始列数=521
    [CG] CG iter 32: obj=1610380.836034, maxRC=135186.043101, +20 cols
    [CG]   [DIAG] iter=32 posCols=20 newCols=20 effImprove=20 updated=0
    [CG] CG iter 33: obj=1610380.836034, maxRC=64557.366667, +11 cols
    [CG]   [DIAG] iter=33 posCols=11 newCols=11 effImprove=11 updated=0
    [CG] CG iter 34: obj=1610380.836034, maxRC=26753.238051, +12 cols
    [CG]   [DIAG] iter=34 posCols=12 newCols=12 effImprove=12 updated=0
    [CG] CG iter 35: obj=1610380.836034, maxRC=13192.033907, +4 cols
    [CG]   [DIAG] iter=35 posCols=4 newCols=4 effImprove=4 updated=0
    [CG] CG iter 36: obj=1610380.836034, maxRC=9106.033010, +2 cols
    [CG]   [DIAG] iter=36 posCols=2 newCols=2 effImprove=2 updated=0
    [CG] CG iter 37: obj=1610380.836034, maxRC=3113.982435, +1 cols
    [CG]   [DIAG] iter=37 posCols=1 newCols=1 effImprove=1 updated=0
    [CG] CG iter 38: obj=1610380.836034, maxRC=2625.798403, +1 cols
    [CG]   [DIAG] iter=38 posCols=1 newCols=1 effImprove=1 updated=0
    [CG] CG iter 39: obj=1610380.836034, maxRC=128.740744, +1 cols
    [CG]   [DIAG] iter=39 posCols=1 newCols=1 effImprove=1 updated=0
    [CG] CG iter 40: obj=1610380.836034, maxRC=176.901887, +1 cols
    [CG]   [DIAG] iter=40 posCols=1 newCols=1 effImprove=1 updated=0
    [CG] CG iter 41: obj=1610380.836034, maxRC=106.712102, +1 cols
    [CG]   [DIAG] iter=41 posCols=1 newCols=1 effImprove=1 updated=0
    [CG] CG iter 42: obj=1610380.836034, maxRC=45.999591, +1 cols
    [CG]   [DIAG] iter=42 posCols=1 newCols=1 effImprove=1 updated=0
    [CG] 列生成收敛，共 43 轮迭代
    [CG] [CG-NODE] depth=1 exit=CERTIFIED certified=1 feasible=1 iters=12 generatedColsBeforeNode=301 newCols=55 posCandidates=55 duplicateCandidates=0 updatedCols=0 zeroObjImproveIters=11 objFirst=1610380.836034 objLast=1610380.836034 objGain=0.000000 maxRC=135186.043101 wallSec=0.173999 pricingSec=0.168238 cplexSolveSec=0.003862
    [CG] [BB-INCUMBENT] selection=2 node=1 previous=1400138.526013 value=1610380.836034 active=1
    [CG] [BB-NODESEL] strategy=hybrid choice=dfs eligibleCount=1 active=1 gap=0.003037
    [CG] [BB-DIAG] 分支 x_{dc=4,retailer=1}, 节点数=2
    [CG] 列生成开始，初始列数=584
    [CG] CG iter 44: obj=1608198.551618, maxRC=25109.845931, +14 cols
    [CG]   [DIAG] iter=44 posCols=14 newCols=14 effImprove=14 updated=0
    [CG] CG iter 45: obj=1608198.551618, maxRC=9316.483511, +4 cols
    [CG]   [DIAG] iter=45 posCols=4 newCols=4 effImprove=4 updated=0
    [CG] CG iter 46: obj=1608198.551618, maxRC=8569.717213, +1 cols
    [CG]   [DIAG] iter=46 posCols=1 newCols=1 effImprove=1 updated=0
    [CG] CG iter 47: obj=1610202.141472, maxRC=4008.923059, +1 cols
    [CG]   [DIAG] iter=47 posCols=1 newCols=1 effImprove=1 updated=0
    [CG] CG iter 48: obj=1614211.064531, maxRC=179.129285, +1 cols
    [CG]   [DIAG] iter=48 posCols=1 newCols=1 effImprove=1 updated=0
    [CG] 列生成收敛，共 49 轮迭代
    [CG] [CG-NODE] depth=2 exit=CERTIFIED certified=1 feasible=1 iters=6 generatedColsBeforeNode=356 newCols=21 posCandidates=21 duplicateCandidates=0 updatedCols=0 zeroObjImproveIters=3 objFirst=1608198.551618 objLast=1614211.064531 objGain=6012.512913 maxRC=25109.845931 wallSec=0.093675 pricingSec=0.090024 cplexSolveSec=0.002303
    [CG] 列生成开始，初始列数=549
    [CG] CG iter 50: obj=1608763.406875, maxRC=25174.420459, +10 cols
    [CG]   [DIAG] iter=50 posCols=10 newCols=10 effImprove=10 updated=0
    [CG] CG iter 51: obj=1612426.036244, maxRC=7526.895203, +5 cols
    [CG]   [DIAG] iter=51 posCols=5 newCols=5 effImprove=5 updated=0
    [CG] 列生成收敛，共 52 轮迭代
    [CG] [CG-NODE] depth=2 exit=CERTIFIED certified=1 feasible=1 iters=3 generatedColsBeforeNode=377 newCols=15 posCandidates=15 duplicateCandidates=0 updatedCols=0 zeroObjImproveIters=1 objFirst=1608763.406875 objLast=1612426.036244 objGain=3662.629369 maxRC=25174.420459 wallSec=0.049854 pricingSec=0.046976 cplexSolveSec=0.001636
    [CG] [BB-INCUMBENT] selection=4 node=2 previous=1610380.836034 value=1612426.036244 active=1
    [CG] [BB-INCUMBENT] selection=5 node=2 previous=1612426.036244 value=1614211.064531 active=0
      [BB] 分支定界结束：处理 5 节点，剪枝 0，剩余活跃 0，整数解 4，状态=OPTIMAL，最好可行 obj=1614211.064531，gap=0.000000
