    [CG] 列生成开始，初始列数=310
    [CG] CG iter 1: obj=788705.564677, maxRC=737343.570287, +30 cols
    [CG]   [DIAG] iter=1 posCols=30 newCols=30 effImprove=30 updated=0
    [CG] CG iter 2: obj=1410886.079192, maxRC=272190.722840, +25 cols
    [CG]   [DIAG] iter=2 posCols=25 newCols=25 effImprove=25 updated=0
    [CG] CG iter 3: obj=1495021.784861, maxRC=245350.502946, +25 cols
    [CG]   [DIAG] iter=3 posCols=25 newCols=25 effImprove=25 updated=0
    [CG] CG iter 4: obj=1728276.142103, maxRC=171181.501793, +25 cols
    [CG]   [DIAG] iter=4 posCols=25 newCols=25 effImprove=25 updated=0
    [CG] CG iter 5: obj=1774684.771049, maxRC=73424.017807, +20 cols
    [CG]   [DIAG] iter=5 posCols=20 newCols=20 effImprove=20 updated=0
    [CG] CG iter 6: obj=1790903.843187, maxRC=112361.062923, +22 cols
    [CG]   [DIAG] iter=6 posCols=22 newCols=22 effImprove=22 updated=0
    [CG] CG iter 7: obj=1828893.273691, maxRC=58244.159919, +18 cols
    [CG]   [DIAG] iter=7 posCols=18 newCols=17 effImprove=18 updated=1
    [CG] CG iter 8: obj=1858013.332754, maxRC=56747.212783, +15 cols
    [CG]   [DIAG] iter=8 posCols=15 newCols=14 effImprove=15 updated=1
    [CG] CG iter 9: obj=1858604.367885, maxRC=44995.483951, +9 cols
    [CG]   [DIAG] iter=9 posCols=9 newCols=9 effImprove=9 updated=0
    [CG] CG iter 10: obj=1875319.358280, maxRC=40047.560722, +8 cols
    [CG]   [DIAG] iter=10 posCols=8 newCols=8 effImprove=8 updated=0
    [CG] CG iter 11: obj=1875319.358280, maxRC=7995.641609, +8 cols
    [CG]   [DIAG] iter=11 posCols=8 newCols=8 effImprove=8 updated=0
    [CG] CG iter 12: obj=1880902.193577, maxRC=2120.875865, +4 cols
    [CG]   [DIAG] iter=12 posCols=4 newCols=2 effImprove=4 updated=2
    [CG] CG iter 13: obj=1880902.193577, maxRC=1430.296585, +2 cols
    [CG]   [DIAG] iter=13 posCols=2 newCols=2 effImprove=2 updated=0
    [CG] 列生成收敛，共 14 轮迭代
    [CG] [CG-NODE] depth=0 exit=CERTIFIED certified=1 feasible=1 iters=14 generatedColsBeforeNode=0 newCols=207 posCandidates=211 duplicateCandidates=4 updatedCols=4 zeroObjImproveIters=3 objFirst=788705.564677 objLast=1880902.193577 objGain=1092196.628900 maxRC=737343.570287 wallSec=0.144055 pricingSec=0.134755 cplexSolveSec=0.005171
      [BB] 根节点即为整数解，obj=1880902.193577
