    [CG] 列生成开始，初始列数=310
    [CG] CG iter 1: obj=885359.363576, maxRC=685000.748430, +30 cols
    [CG]   [DIAG] iter=1 posCols=30 newCols=30 effImprove=30 updated=0
    [CG] CG iter 2: obj=1514646.128777, maxRC=229273.277480, +26 cols
    [CG]   [DIAG] iter=2 posCols=26 newCols=26 effImprove=26 updated=0
    [CG] CG iter 3: obj=1685454.240293, maxRC=222549.476763, +27 cols
    [CG]   [DIAG] iter=3 posCols=27 newCols=27 effImprove=27 updated=0
    [CG] CG iter 4: obj=1770210.967408, maxRC=69255.890884, +19 cols
    [CG]   [DIAG] iter=4 posCols=19 newCols=19 effImprove=19 updated=0
    [CG] CG iter 5: obj=1815784.934211, maxRC=63738.304920, +23 cols
    [CG]   [DIAG] iter=5 posCols=23 newCols=22 effImprove=23 updated=1
    [CG] CG iter 6: obj=1860415.388008, maxRC=37488.269496, +21 cols
    [CG]   [DIAG] iter=6 posCols=21 newCols=20 effImprove=21 updated=1
    [CG] CG iter 7: obj=1865843.796265, maxRC=38685.164078, +17 cols
    [CG]   [DIAG] iter=7 posCols=17 newCols=17 effImprove=17 updated=0
    [CG] CG iter 8: obj=1894690.102676, maxRC=12455.375499, +10 cols
    [CG]   [DIAG] iter=8 posCols=10 newCols=10 effImprove=10 updated=0
    [CG] CG iter 9: obj=1903548.202864, maxRC=6892.618461, +4 cols
    [CG]   [DIAG] iter=9 posCols=4 newCols=4 effImprove=4 updated=0
    [CG] CG iter 10: obj=1903548.202864, maxRC=1757.369438, +1 cols
    [CG]   [DIAG] iter=10 posCols=1 newCols=1 effImprove=1 updated=0
    [CG] 列生成收敛，共 11 轮迭代
    [CG] [CG-NODE] depth=0 exit=CERTIFIED certified=1 feasible=1 iters=11 generatedColsBeforeNode=0 newCols=176 posCandidates=178 duplicateCandidates=2 updatedCols=2 zeroObjImproveIters=2 objFirst=885359.363576 objLast=1903548.202864 objGain=1018188.839288 maxRC=685000.748430 wallSec=0.107771 pricingSec=0.081727 cplexSolveSec=0.004279
      [BB] 根节点即为整数解，obj=1903548.202864
