    [CG] 列生成开始，初始列数=310
    [CG] CG iter 1: obj=966231.282735, maxRC=728967.703058, +30 cols
    [CG]   [DIAG] iter=1 posCols=30 newCols=30 effImprove=30 updated=0
    [CG] CG iter 2: obj=1565076.866588, maxRC=247624.862686, +30 cols
    [CG]   [DIAG] iter=2 posCols=30 newCols=30 effImprove=30 updated=0
    [CG] CG iter 3: obj=1675681.611304, maxRC=174812.826548, +25 cols
    [CG]   [DIAG] iter=3 posCols=25 newCols=25 effImprove=25 updated=0
    [CG] CG iter 4: obj=1860260.087053, maxRC=146408.050520, +24 cols
    [CG]   [DIAG] iter=4 posCols=24 newCols=24 effImprove=24 updated=0
    [CG] CG iter 5: obj=1865012.361691, maxRC=94051.091764, +20 cols
    [CG]   [DIAG] iter=5 posCols=20 newCols=20 effImprove=20 updated=0
    [CG] CG iter 6: obj=1921310.868204, maxRC=46599.103784, +16 cols
    [CG]   [DIAG] iter=6 posCols=16 newCols=16 effImprove=16 updated=0
    [CG] CG iter 7: obj=1931233.973062, maxRC=34604.862769, +9 cols
    [CG]   [DIAG] iter=7 posCols=9 newCols=9 effImprove=9 updated=0
    [CG] CG iter 8: obj=1936889.736619, maxRC=23012.302555, +7 cols
    [CG]   [DIAG] iter=8 posCols=7 newCols=7 effImprove=7 updated=0
    [CG] CG iter 9: obj=1947656.742670, maxRC=18825.506431, +9 cols
    [CG]   [DIAG] iter=9 posCols=9 newCols=9 effImprove=9 updated=0
    [CG] CG iter 10: obj=1966657.682287, maxRC=7344.394998, +2 cols
    [CG]   [DIAG] iter=10 posCols=2 newCols=2 effImprove=2 updated=0
    [CG] CG iter 11: obj=1966657.682287, maxRC=6009.412464, +1 cols
    [CG]   [DIAG] iter=11 posCols=1 newCols=1 effImprove=1 updated=0
    [CG] 列生成收敛，共 12 轮迭代
    [CG] [CG-NODE] depth=0 exit=CERTIFIED certified=1 feasible=1 iters=12 generatedColsBeforeNode=0 newCols=173 posCandidates=173 duplicateCandidates=0 updatedCols=0 zeroObjImproveIters=2 objFirst=966231.282735 objLast=1966657.682287 objGain=1000426.399553 maxRC=728967.703058 wallSec=0.085075 pricingSec=0.077156 cplexSolveSec=0.004300
      [BB] 分支定界开始，根节点LP obj=1966657.682287，最大节点数=10000
      [BB] 根节点启发式下界 LB=1928855.191005（上界=1966657.682287）
    [CG] [BB-DIAG] 分支 x_{dc=4,retailer=1}, 节点数=1
    [CG] 列生成开始，初始列数=476
    [CG] CG iter 13: obj=1966482.249101, maxRC=64360.431565, +23 cols
    [CG]   [DIAG] iter=13 posCols=23 newCols=23 effImprove=23 updated=0
    [CG] CG iter 14: obj=1966482.249101, maxRC=39080.423278, +20 cols
    [CG]   [DIAG] iter=14 posCols=20 newCols=20 effImprove=20 updated=0
    [CG] CG iter 15: obj=1966482.249101, maxRC=10266.238433, +11 cols
    [CG]   [DIAG] iter=15 posCols=11 newCols=10 effImprove=11 updated=1
    [CG] CG iter 16: obj=1966482.249101, maxRC=14928.593715, +7 cols
    [CG]   [DIAG] iter=16 posCols=7 newCols=7 effImprove=7 updated=0
    [CG] CG iter 17: obj=1966482.249101, maxRC=247.152395, +1 cols
    [CG]   [DIAG] iter=17 posCols=1 newCols=1 effImprove=1 updated=0
    [CG] 列生成收敛，共 18 轮迭代
    [CG] [CG-NODE] depth=1 exit=CERTIFIED certified=1 feasible=1 iters=6 generatedColsBeforeNode=173 newCols=61 posCandidates=62 duplicateCandidates=1 updatedCols=1 zeroObjImproveIters=5 objFirst=1966482.249101 objLast=1966482.249101 objGain=-0.000000 maxRC=64360.431565 wallSec=0.015719 pricingSec=0.012153 cplexSolveSec=0.002229
    [CG] 列生成开始，初始列数=441
    [CG] CG iter 19: obj=1965439.024849, maxRC=55857.559943, +23 cols
    [CG]   [DIAG] iter=19 posCols=23 newCols=23 effImprove=23 updated=0
    [CG] CG iter 20: obj=1965439.024849, maxRC=44388.065993, +20 cols
    [CG]   [DIAG] iter=20 posCols=20 newCols=20 effImprove=20 updated=0
    [CG] CG iter 21: obj=1965439.024849, maxRC=12422.837336, +8 cols
    [CG]   [DIAG] iter=21 posCols=8 newCols=8 effImprove=8 updated=0
    [CG] CG iter 22: obj=1965439.024849, maxRC=2441.907710, +6 cols
    [CG]   [DIAG] iter=22 posCols=6 newCols=6 effImprove=6 updated=0
    [CG] CG iter 23: obj=1965439.024849, maxRC=1558.794342, +1 cols
    [CG]   [DIAG] iter=23 posCols=1 newCols=1 effImprove=1 updated=0
    [CG] 列生成收敛，共 24 轮迭代
    [CG] [CG-NODE] depth=1 exit=CERTIFIED certified=1 feasible=1 iters=6 generatedColsBeforeNode=234 newCols=58 posCandidates=58 duplicateCandidates=0 updatedCols=0 zeroObjImproveIters=5 objFirst=1965439.024849 objLast=1965439.024849 objGain=0.000000 maxRC=55857.559943 wallSec=0.018752 pricingSec=0.015396 cplexSolveSec=0.002128
    [CG] [BB-INCUMBENT] selection=2 node=1 previous=1928855.191005 value=1965439.024849 active=1
    [CG] [BB-NODESEL] strategy=hybrid choice=dfs eligibleCount=1 active=1 gap=0.000531
    [CG] [BB-INCUMBENT] selection=3 node=1 previous=1965439.024849 value=1966482.249101 active=0
      [BB] 分支定界结束：处理 3 节点，剪枝 0，剩余活跃 0，整数解 3，状态=OPTIMAL，最好可行 obj=1966482.249101，gap=0.000000
