    [CG] 列生成开始，初始列数=310
    [CG] CG iter 1: obj=979717.794074, maxRC=729536.233419, +30 cols
    [CG]   [DIAG] iter=1 posCols=30 newCols=30 effImprove=30 updated=0
    [CG] CG iter 2: obj=1588342.270962, maxRC=210999.993418, +30 cols
    [CG]   [DIAG] iter=2 posCols=30 newCols=30 effImprove=30 updated=0
    [CG] CG iter 3: obj=1738792.092733, maxRC=158419.535093, +25 cols
    [CG]   [DIAG] iter=3 posCols=25 newCols=25 effImprove=25 updated=0
    [CG] CG iter 4: obj=1793009.451007, maxRC=99182.464640, +24 cols
    [CG]   [DIAG] iter=4 posCols=24 newCols=24 effImprove=24 updated=0
    [CG] CG iter 5: obj=1882219.396970, maxRC=109121.186583, +27 cols
    [CG]   [DIAG] iter=5 posCols=27 newCols=26 effImprove=27 updated=1
    [CG] CG iter 6: obj=1916199.560324, maxRC=100219.566923, +20 cols
    [CG]   [DIAG] iter=6 posCols=20 newCols=20 effImprove=20 updated=0
    [CG] CG iter 7: obj=1954315.585806, maxRC=27618.300415, +15 cols
    [CG]   [DIAG] iter=7 posCols=15 newCols=14 effImprove=15 updated=1
    [CG] CG iter 8: obj=1972663.510855, maxRC=12018.724692, +10 cols
    [CG]   [DIAG] iter=8 posCols=10 newCols=10 effImprove=10 updated=0
    [CG] CG iter 9: obj=1987765.939547, maxRC=4817.025525, +4 cols
    [CG]   [DIAG] iter=9 posCols=4 newCols=4 effImprove=4 updated=0
    [CG] 列生成收敛，共 10 轮迭代
    [CG] [CG-NODE] depth=0 exit=CERTIFIED certified=1 feasible=1 iters=10 generatedColsBeforeNode=0 newCols=183 posCandidates=185 duplicateCandidates=2 updatedCols=2 zeroObjImproveIters=1 objFirst=979717.794074 objLast=1987765.939547 objGain=1008048.145473 maxRC=729536.233419 wallSec=0.087366 pricingSec=0.080460 cplexSolveSec=0.003855
      [BB] 根节点即为整数解，obj=1987765.939547
