    [CG] 列生成开始，初始列数=310
    [CG] CG iter 1: obj=980091.939992, maxRC=729536.233419, +30 cols
    [CG]   [DIAG] iter=1 posCols=30 newCols=30 effImprove=30 updated=0
    [CG] CG iter 2: obj=1594170.716331, maxRC=207118.457008, +30 cols
    [CG]   [DIAG] iter=2 posCols=30 newCols=30 effImprove=30 updated=0
    [CG] CG iter 3: obj=1698043.445888, maxRC=195868.121714, +27 cols
    [CG]   [DIAG] iter=3 posCols=27 newCols=27 effImprove=27 updated=0
    [CG] CG iter 4: obj=1868562.242510, maxRC=117601.565473, +26 cols
    [CG]   [DIAG] iter=4 posCols=26 newCols=26 effImprove=26 updated=0
    [CG] CG iter 5: obj=1905438.980852, maxRC=60613.289501, +20 cols
    [CG]   [DIAG] iter=5 posCols=20 newCols=20 effImprove=20 updated=0
    [CG] CG iter 6: obj=1928212.043786, maxRC=58233.190469, +25 cols
    [CG]   [DIAG] iter=6 posCols=25 newCols=25 effImprove=25 updated=0
    [CG] CG iter 7: obj=1940597.790030, maxRC=29568.161191, +19 cols
    [CG]   [DIAG] iter=7 posCols=19 newCols=18 effImprove=19 updated=1
    [CG] CG iter 8: obj=1951065.769292, maxRC=32938.150549, +11 cols
    [CG]   [DIAG] iter=8 posCols=11 newCols=11 effImprove=11 updated=0
    [CG] CG iter 9: obj=1972958.023789, maxRC=16894.450722, +5 cols
    [CG]   [DIAG] iter=9 posCols=5 newCols=5 effImprove=5 updated=0
    [CG] CG iter 10: obj=1990234.921465, maxRC=6556.326999, +2 cols
    [CG]   [DIAG] iter=10 posCols=2 newCols=2 effImprove=2 updated=0
    [CG] 列生成收敛，共 11 轮迭代
    [CG] [CG-NODE] depth=0 exit=CERTIFIED certified=1 feasible=1 iters=11 generatedColsBeforeNode=0 newCols=194 posCandidates=195 duplicateCandidates=1 updatedCols=1 zeroObjImproveIters=1 objFirst=980091.939992 objLast=1990234.921465 objGain=1010142.981473 maxRC=729536.233419 wallSec=0.085195 pricingSec=0.076650 cplexSolveSec=0.004667
      [BB] 根节点即为整数解，obj=1990234.921465
