    [CG] 列生成开始，初始列数=310
    [CG] CG iter 1: obj=683568.796760, maxRC=1337932.234207, +30 cols
    [CG]   [DIAG] iter=1 posCols=30 newCols=30 effImprove=30 updated=0
    [CG] CG iter 2: obj=1577967.875388, maxRC=227309.232514, +30 cols
    [CG]   [DIAG] iter=2 posCols=30 newCols=30 effImprove=30 updated=0
    [CG] CG iter 3: obj=1803117.009361, maxRC=441653.023800, +30 cols
    [CG]   [DIAG] iter=3 posCols=30 newCols=30 effImprove=30 updated=0
    [CG] CG iter 4: obj=1803117.009361, maxRC=382505.581319, +30 cols
    [CG]   [DIAG] iter=4 posCols=30 newCols=30 effImprove=30 updated=0
    [CG] CG iter 5: obj=1816557.419980, maxRC=294005.125083, +30 cols
    [CG]   [DIAG] iter=5 posCols=30 newCols=30 effImprove=30 updated=0
    [CG] CG iter 6: obj=1852129.536122, maxRC=157261.699446, +29 cols
    [CG]   [DIAG] iter=6 posCols=29 newCols=29 effImprove=29 updated=0
    [CG] CG iter 7: obj=1871528.863872, maxRC=136751.774169, +26 cols
    [CG]   [DIAG] iter=7 posCols=26 newCols=25 effImprove=26 updated=1
    [CG] CG iter 8: obj=1910160.176777, maxRC=104155.871686, +21 cols
    [CG]   [DIAG] iter=8 posCols=21 newCols=21 effImprove=21 updated=0
    [CG] CG iter 9: obj=1997011.493618, maxRC=85286.031152, +19 cols
    [CG]   [DIAG] iter=9 posCols=19 newCols=19 effImprove=19 updated=0
    [CG] CG iter 10: obj=1997011.493618, maxRC=54161.052850, +18 cols
    [CG]   [DIAG] iter=10 posCols=18 newCols=18 effImprove=18 updated=0
    [CG] CG iter 11: obj=2020238.655473, maxRC=37012.341460, +18 cols
    [CG]   [DIAG] iter=11 posCols=18 newCols=18 effImprove=18 updated=0
    [CG] CG iter 12: obj=2037691.161126, maxRC=43704.821537, +17 cols
    [CG]   [DIAG] iter=12 posCols=17 newCols=17 effImprove=17 updated=0
    [CG] CG iter 13: obj=2043725.639530, maxRC=29997.168093, +16 cols
    [CG]   [DIAG] iter=13 posCols=16 newCols=16 effImprove=16 updated=0
    [CG] CG iter 14: obj=2045235.405977, maxRC=29295.608713, +12 cols
    [CG]   [DIAG] iter=14 posCols=12 newCols=11 effImprove=12 updated=1
    [CG] CG iter 15: obj=2055221.643910, maxRC=23330.058779, +10 cols
    [CG]   [DIAG] iter=15 posCols=10 newCols=10 effImprove=10 updated=0
    [CG] CG iter 16: obj=2073840.570682, maxRC=3905.725039, +4 cols
    [CG]   [DIAG] iter=16 posCols=4 newCols=4 effImprove=4 updated=0
    [CG] CG iter 17: obj=2075889.026503, maxRC=264.034004, +1 cols
    [CG]   [DIAG] iter=17 posCols=1 newCols=1 effImprove=1 updated=0
    [CG] 列生成收敛，共 18 轮迭代
    [CG] [CG-NODE] depth=0 exit=CERTIFIED certified=1 feasible=1 iters=18 generatedColsBeforeNode=0 newCols=339 posCandidates=341 duplicateCandidates=2 updatedCols=2 zeroObjImproveIters=3 objFirst=683568.796760 objLast=2075889.026503 objGain=1392320.229743 maxRC=1337932.234207 wallSec=0.310132 pricingSec=0.275861 cplexSolveSec=0.008838
      [BB] 根节点即为整数解，obj=2075889.026503
