    [CG] 列生成开始，初始列数=310
    [CG] CG iter 1: obj=829227.968564, maxRC=1125871.903829, +30 cols
    [CG]   [DIAG] iter=1 posCols=30 newCols=30 effImprove=30 updated=0
    [CG] CG iter 2: obj=1574596.135371, maxRC=283464.859621, +30 cols
    [CG]   [DIAG] iter=2 posCols=30 newCols=30 effImprove=30 updated=0
    [CG] CG iter 3: obj=1743547.823770, maxRC=491137.380545, +30 cols
    [CG]   [DIAG] iter=3 posCols=30 newCols=30 effImprove=30 updated=0
    [CG] CG iter 4: obj=1788660.899191, maxRC=319221.788480, +30 cols
    [CG]   [DIAG] iter=4 posCols=30 newCols=30 effImprove=30 updated=0
    [CG] CG iter 5: obj=1853321.680076, maxRC=151718.565140, +28 cols
    [CG]   [DIAG] iter=5 posCols=28 newCols=28 effImprove=28 updated=0
    [CG] CG iter 6: obj=1936325.916303, maxRC=108540.809203, +29 cols
    [CG]   [DIAG] iter=6 posCols=29 newCols=29 effImprove=29 updated=0
    [CG] CG iter 7: obj=1998551.050022, maxRC=80072.677002, +22 cols
    [CG]   [DIAG] iter=7 posCols=22 newCols=21 effImprove=22 updated=1
    [CG] CG iter 8: obj=2060593.842097, maxRC=75771.449033, +23 cols
    [CG]   [DIAG] iter=8 posCols=23 newCols=23 effImprove=23 updated=0
    [CG] CG iter 9: obj=2131012.693647, maxRC=45635.175357, +20 cols
    [CG]   [DIAG] iter=9 posCols=20 newCols=20 effImprove=20 updated=0
    [CG] CG iter 10: obj=2153756.850684, maxRC=30432.206756, +22 cols
    [CG]   [DIAG] iter=10 posCols=22 newCols=22 effImprove=22 updated=0
    [CG] CG iter 11: obj=2165076.928384, maxRC=14339.980149, +10 cols
    [CG]   [DIAG] iter=11 posCols=10 newCols=9 effImprove=10 updated=1
    [CG] CG iter 12: obj=2177589.695429, maxRC=13489.146263, +8 cols
    [CG]   [DIAG] iter=12 posCols=8 newCols=7 effImprove=8 updated=1
    [CG] CG iter 13: obj=2185519.764012, maxRC=9972.239207, +8 cols
    [CG]   [DIAG] iter=13 posCols=8 newCols=8 effImprove=8 updated=0
    [CG] CG iter 14: obj=2185519.764012, maxRC=3253.141543, +2 cols
    [CG]   [DIAG] iter=14 posCols=2 newCols=1 effImprove=2 updated=1
    [CG] CG iter 15: obj=2188772.905555, maxRC=2135.650182, +1 cols
    [CG]   [DIAG] iter=15 posCols=1 newCols=0 effImprove=1 updated=1
    [CG] CG iter 16: obj=2188772.905555, maxRC=1572.809103, +1 cols
    [CG]   [DIAG] iter=16 posCols=1 newCols=1 effImprove=1 updated=0
    [CG] 列生成收敛，共 17 轮迭代
    [CG] [CG-NODE] depth=0 exit=CERTIFIED certified=1 feasible=1 iters=17 generatedColsBeforeNode=0 newCols=289 posCandidates=294 duplicateCandidates=5 updatedCols=5 zeroObjImproveIters=3 objFirst=829227.968564 objLast=2188772.905555 objGain=1359544.936991 maxRC=1125871.903829 wallSec=0.164044 pricingSec=0.151878 cplexSolveSec=0.007518
      [BB] 根节点即为整数解，obj=2188772.905555
