    [CG] 列生成开始，初始列数=310
    [CG] CG iter 1: obj=857694.269391, maxRC=1124934.391848, +30 cols
    [CG]   [DIAG] iter=1 posCols=30 newCols=30 effImprove=30 updated=0
    [CG] CG iter 2: obj=1600986.418779, maxRC=284668.365175, +30 cols
    [CG]   [DIAG] iter=2 posCols=30 newCols=30 effImprove=30 updated=0
    [CG] CG iter 3: obj=1783934.713687, maxRC=405019.949455, +28 cols
    [CG]   [DIAG] iter=3 posCols=28 newCols=28 effImprove=28 updated=0
    [CG] CG iter 4: obj=1818814.384151, maxRC=294514.170030, +25 cols
    [CG]   [DIAG] iter=4 posCols=25 newCols=25 effImprove=25 updated=0
    [CG] CG iter 5: obj=1898163.143682, maxRC=124661.119303, +24 cols
    [CG]   [DIAG] iter=5 posCols=24 newCols=24 effImprove=24 updated=0
    [CG] CG iter 6: obj=1981861.805074, maxRC=113601.198760, +22 cols
    [CG]   [DIAG] iter=6 posCols=22 newCols=22 effImprove=22 updated=0
    [CG] CG iter 7: obj=2098364.946524, maxRC=76628.013267, +23 cols
    [CG]   [DIAG] iter=7 posCols=23 newCols=23 effImprove=23 updated=0
    [CG] CG iter 8: obj=2125749.412779, maxRC=62309.952273, +21 cols
    [CG]   [DIAG] iter=8 posCols=21 newCols=21 effImprove=21 updated=0
    [CG] CG iter 9: obj=2200682.960953, maxRC=36821.253251, +20 cols
    [CG]   [DIAG] iter=9 posCols=20 newCols=20 effImprove=20 updated=0
    [CG] CG iter 10: obj=2205026.314873, maxRC=22521.830383, +12 cols
    [CG]   [DIAG] iter=10 posCols=12 newCols=12 effImprove=12 updated=0
    [CG] CG iter 11: obj=2205026.314873, maxRC=10880.638874, +6 cols
    [CG]   [DIAG] iter=11 posCols=6 newCols=5 effImprove=6 updated=1
    [CG] CG iter 12: obj=2215906.953747, maxRC=4604.581778, +2 cols
    [CG]   [DIAG] iter=12 posCols=2 newCols=2 effImprove=2 updated=0
    [CG] CG iter 13: obj=2215906.953747, maxRC=3288.366479, +2 cols
    [CG]   [DIAG] iter=13 posCols=2 newCols=2 effImprove=2 updated=0
    [CG] CG iter 14: obj=2215906.953747, maxRC=4740.038787, +5 cols
    [CG]   [DIAG] iter=14 posCols=5 newCols=5 effImprove=5 updated=0
    [CG] CG iter 15: obj=2215906.953747, maxRC=2059.623943, +1 cols
    [CG]   [DIAG] iter=15 posCols=1 newCols=1 effImprove=1 updated=0
    [CG] CG iter 16: obj=2217966.577690, maxRC=414.405450, +1 cols
    [CG]   [DIAG] iter=16 posCols=1 newCols=1 effImprove=1 updated=0
    [CG] 列生成收敛，共 17 轮迭代
    [CG] [CG-NODE] depth=0 exit=CERTIFIED certified=1 feasible=1 iters=17 generatedColsBeforeNode=0 newCols=251 posCandidates=252 duplicateCandidates=1 updatedCols=1 zeroObjImproveIters=5 objFirst=857694.269391 objLast=2217966.577690 objGain=1360272.308299 maxRC=1124934.391848 wallSec=0.165566 pricingSec=0.136761 cplexSolveSec=0.007219
      [BB] 根节点即为整数解，obj=2217966.577690
