    [CG] 列生成开始，初始列数=310
    [CG] CG iter 1: obj=794083.604279, maxRC=1296282.301306, +30 cols
    [CG]   [DIAG] iter=1 posCols=30 newCols=30 effImprove=30 updated=0
    [CG] CG iter 2: obj=1623030.396837, maxRC=275302.329571, +25 cols
    [CG]   [DIAG] iter=2 posCols=25 newCols=25 effImprove=25 updated=0
    [CG] CG iter 3: obj=1767200.628877, maxRC=548272.086110, +30 cols
    [CG]   [DIAG] iter=3 posCols=30 newCols=30 effImprove=30 updated=0
    [CG] CG iter 4: obj=1869115.099174, maxRC=362868.868046, +27 cols
    [CG]   [DIAG] iter=4 posCols=27 newCols=27 effImprove=27 updated=0
    [CG] CG iter 5: obj=1924947.828814, maxRC=169938.314400, +27 cols
    [CG]   [DIAG] iter=5 posCols=27 newCols=27 effImprove=27 updated=0
    [CG] CG iter 6: obj=1984471.488494, maxRC=136222.919601, +24 cols
    [CG]   [DIAG] iter=6 posCols=24 newCols=24 effImprove=24 updated=0
    [CG] CG iter 7: obj=2022326.001646, maxRC=127481.989009, +22 cols
    [CG]   [DIAG] iter=7 posCols=22 newCols=22 effImprove=22 updated=0
    [CG] CG iter 8: obj=2067503.124005, maxRC=68310.075776, +23 cols
    [CG]   [DIAG] iter=8 posCols=23 newCols=23 effImprove=23 updated=0
    [CG] CG iter 9: obj=2182179.444096, maxRC=96850.924973, +26 cols
    [CG]   [DIAG] iter=9 posCols=26 newCols=26 effImprove=26 updated=0
    [CG] CG iter 10: obj=2196507.413674, maxRC=44054.042145, +18 cols
    [CG]   [DIAG] iter=10 posCols=18 newCols=18 effImprove=18 updated=0
    [CG] CG iter 11: obj=2196507.413674, maxRC=32413.162165, +14 cols
    [CG]   [DIAG] iter=11 posCols=14 newCols=14 effImprove=14 updated=0
    [CG] CG iter 12: obj=2196507.413674, maxRC=24130.479990, +14 cols
    [CG]   [DIAG] iter=12 posCols=14 newCols=13 effImprove=14 updated=1
    [CG] CG iter 13: obj=2196507.413674, maxRC=10540.939683, +7 cols
    [CG]   [DIAG] iter=13 posCols=7 newCols=7 effImprove=7 updated=0
    [CG] CG iter 14: obj=2196507.413674, maxRC=18608.938815, +7 cols
    [CG]   [DIAG] iter=14 posCols=7 newCols=6 effImprove=7 updated=1
    [CG] CG iter 15: obj=2196507.413674, maxRC=16626.192194, +4 cols
    [CG]   [DIAG] iter=15 posCols=4 newCols=4 effImprove=4 updated=0
    [CG] CG iter 16: obj=2213133.605868, maxRC=10993.928304, +7 cols
    [CG]   [DIAG] iter=16 posCols=7 newCols=7 effImprove=7 updated=0
    [CG] CG iter 17: obj=2213133.605868, maxRC=6654.834219, +2 cols
    [CG]   [DIAG] iter=17 posCols=2 newCols=2 effImprove=2 updated=0
    [CG] CG iter 18: obj=2213133.605868, maxRC=2566.952264, +2 cols
    [CG]   [DIAG] iter=18 posCols=2 newCols=2 effImprove=2 updated=0
    [CG] 列生成收敛，共 19 轮迭代
    [CG] [CG-NODE] depth=0 exit=CERTIFIED certified=1 feasible=1 iters=19 generatedColsBeforeNode=0 newCols=307 posCandidates=309 duplicateCandidates=2 updatedCols=2 zeroObjImproveIters=8 objFirst=794083.604279 objLast=2213133.605868 objGain=1419050.001589 maxRC=1296282.301306 wallSec=0.205284 pricingSec=0.191635 cplexSolveSec=0.008560
      [BB] 根节点即为整数解，obj=2213133.605868
