    [CG] 列生成开始，初始列数=310
    [CG] CG iter 1: obj=769241.491456, maxRC=1293963.985981, +30 cols
    [CG]   [DIAG] iter=1 posCols=30 newCols=30 effImprove=30 updated=0
    [CG] CG iter 2: obj=1610796.327698, maxRC=275086.935579, +25 cols
    [CG]   [DIAG] iter=2 posCols=25 newCols=25 effImprove=25 updated=0
    [CG] CG iter 3: obj=1741381.873295, maxRC=548472.142326, +30 cols
    [CG]   [DIAG] iter=3 posCols=30 newCols=30 effImprove=30 updated=0
    [CG] CG iter 4: obj=1855556.315939, maxRC=326678.833898, +27 cols
    [CG]   [DIAG] iter=4 posCols=27 newCols=27 effImprove=27 updated=0
    [CG] CG iter 5: obj=1903867.709499, maxRC=178775.133327, +26 cols
    [CG]   [DIAG] iter=5 posCols=26 newCols=26 effImprove=26 updated=0
    [CG] CG iter 6: obj=1981194.965272, maxRC=114918.759034, +24 cols
    [CG]   [DIAG] iter=6 posCols=24 newCols=24 effImprove=24 updated=0
    [CG] CG iter 7: obj=2045138.107298, maxRC=102313.148699, +23 cols
    [CG]   [DIAG] iter=7 posCols=23 newCols=23 effImprove=23 updated=0
    [CG] CG iter 8: obj=2058557.394615, maxRC=125076.993898, +22 cols
    [CG]   [DIAG] iter=8 posCols=22 newCols=22 effImprove=22 updated=0
    [CG] CG iter 9: obj=2107537.427080, maxRC=67046.573590, +21 cols
    [CG]   [DIAG] iter=9 posCols=21 newCols=21 effImprove=21 updated=0
    [CG] CG iter 10: obj=2153286.809914, maxRC=49938.799341, +23 cols
    [CG]   [DIAG] iter=10 posCols=23 newCols=23 effImprove=23 updated=0
    [CG] CG iter 11: obj=2167227.738833, maxRC=33120.667059, +17 cols
    [CG]   [DIAG] iter=11 posCols=17 newCols=17 effImprove=17 updated=0
    [CG] CG iter 12: obj=2192283.966908, maxRC=22550.007830, +10 cols
    [CG]   [DIAG] iter=12 posCols=10 newCols=10 effImprove=10 updated=0
    [CG] CG iter 13: obj=2192283.966908, maxRC=29557.768299, +13 cols
    [CG]   [DIAG] iter=13 posCols=13 newCols=13 effImprove=13 updated=0
    [CG] CG iter 14: obj=2194620.957703, maxRC=15119.988882, +8 cols
    [CG]   [DIAG] iter=14 posCols=8 newCols=8 effImprove=8 updated=0
    [CG] CG iter 15: obj=2209740.946584, maxRC=8243.573091, +7 cols
    [CG]   [DIAG] iter=15 posCols=7 newCols=7 effImprove=7 updated=0
    [CG] CG iter 16: obj=2209740.946584, maxRC=6140.960399, +4 cols
    [CG]   [DIAG] iter=16 posCols=4 newCols=4 effImprove=4 updated=0
    [CG] CG iter 17: obj=2209740.946584, maxRC=2131.268416, +2 cols
    [CG]   [DIAG] iter=17 posCols=2 newCols=2 effImprove=2 updated=0
    [CG] CG iter 18: obj=2209740.946584, maxRC=1047.207073, +1 cols
    [CG]   [DIAG] iter=18 posCols=1 newCols=1 effImprove=1 updated=0
    [CG] 列生成收敛，共 19 轮迭代
    [CG] [CG-NODE] depth=0 exit=CERTIFIED certified=1 feasible=1 iters=19 generatedColsBeforeNode=0 newCols=313 posCandidates=313 duplicateCandidates=0 updatedCols=0 zeroObjImproveIters=5 objFirst=769241.491456 objLast=2209740.946584 objGain=1440499.455128 maxRC=1293963.985981 wallSec=0.232190 pricingSec=0.203320 cplexSolveSec=0.008168
      [BB] 根节点即为整数解，obj=2209740.946584
