    [CG] 列生成开始，初始列数=310
    [CG] CG iter 1: obj=833741.911610, maxRC=1183938.439004, +30 cols
    [CG]   [DIAG] iter=1 posCols=30 newCols=30 effImprove=30 updated=0
    [CG] CG iter 2: obj=1580889.142443, maxRC=254033.409647, +30 cols
    [CG]   [DIAG] iter=2 posCols=30 newCols=30 effImprove=30 updated=0
    [CG] CG iter 3: obj=1903053.345533, maxRC=366487.793354, +30 cols
    [CG]   [DIAG] iter=3 posCols=30 newCols=30 effImprove=30 updated=0
    [CG] CG iter 4: obj=1918306.783331, maxRC=174970.454887, +27 cols
    [CG]   [DIAG] iter=4 posCols=27 newCols=27 effImprove=27 updated=0
    [CG] CG iter 5: obj=1943825.074172, maxRC=124098.058661, +25 cols
    [CG]   [DIAG] iter=5 posCols=25 newCols=25 effImprove=25 updated=0
    [CG] CG iter 6: obj=2019255.371336, maxRC=83058.068060, +25 cols
    [CG]   [DIAG] iter=6 posCols=25 newCols=25 effImprove=25 updated=0
    [CG] CG iter 7: obj=2114665.409316, maxRC=88692.013798, +26 cols
    [CG]   [DIAG] iter=7 posCols=26 newCols=26 effImprove=26 updated=0
    [CG] CG iter 8: obj=2132734.996612, maxRC=47914.372404, +20 cols
    [CG]   [DIAG] iter=8 posCols=20 newCols=20 effImprove=20 updated=0
    [CG] CG iter 9: obj=2161618.553018, maxRC=25745.161633, +18 cols
    [CG]   [DIAG] iter=9 posCols=18 newCols=18 effImprove=18 updated=0
    [CG] CG iter 10: obj=2168762.388639, maxRC=13553.185099, +15 cols
    [CG]   [DIAG] iter=10 posCols=15 newCols=15 effImprove=15 updated=0
    [CG] CG iter 11: obj=2188191.163447, maxRC=3589.979194, +5 cols
    [CG]   [DIAG] iter=11 posCols=5 newCols=5 effImprove=5 updated=0
    [CG] 列生成收敛，共 12 轮迭代
    [CG] [CG-NODE] depth=0 exit=CERTIFIED certified=1 feasible=1 iters=12 generatedColsBeforeNode=0 newCols=251 posCandidates=251 duplicateCandidates=0 updatedCols=0 zeroObjImproveIters=1 objFirst=833741.911610 objLast=2188191.163447 objGain=1354449.251837 maxRC=1183938.439004 wallSec=0.147620 pricingSec=0.136964 cplexSolveSec=0.006499
      [BB] 根节点即为整数解，obj=2188191.163447
