    [CG] 列生成开始，初始列数=310
    [CG] CG iter 1: obj=835769.817303, maxRC=1116848.009277, +30 cols
    [CG]   [DIAG] iter=1 posCols=30 newCols=30 effImprove=30 updated=0
    [CG] CG iter 2: obj=1571927.336403, maxRC=335226.438900, +30 cols
    [CG]   [DIAG] iter=2 posCols=30 newCols=30 effImprove=30 updated=0
    [CG] CG iter 3: obj=1815589.545179, maxRC=495086.280338, +27 cols
    [CG]   [DIAG] iter=3 posCols=27 newCols=27 effImprove=27 updated=0
    [CG] CG iter 4: obj=1853989.729551, maxRC=249876.402453, +27 cols
    [CG]   [DIAG] iter=4 posCols=27 newCols=27 effImprove=27 updated=0
    [CG] CG iter 5: obj=1916319.776543, maxRC=149460.066354, +23 cols
    [CG]   [DIAG] iter=5 posCols=23 newCols=23 effImprove=23 updated=0
    [CG] CG iter 6: obj=1981645.418507, maxRC=97520.848189, +22 cols
    [CG]   [DIAG] iter=6 posCols=22 newCols=22 effImprove=22 updated=0
    [CG] CG iter 7: obj=2053159.564225, maxRC=98071.801077, +26 cols
    [CG]   [DIAG] iter=7 posCols=26 newCols=26 effImprove=26 updated=0
    [CG] CG iter 8: obj=2123061.462330, maxRC=46757.700378, +22 cols
    [CG]   [DIAG] iter=8 posCols=22 newCols=21 effImprove=22 updated=1
    [CG] CG iter 9: obj=2162146.623780, maxRC=63027.026212, +20 cols
    [CG]   [DIAG] iter=9 posCols=20 newCols=19 effImprove=20 updated=1
    [CG] CG iter 10: obj=2199120.606329, maxRC=42459.268002, +20 cols
    [CG]   [DIAG] iter=10 posCols=20 newCols=19 effImprove=20 updated=1
    [CG] CG iter 11: obj=2200349.624144, maxRC=27852.934233, +18 cols
    [CG]   [DIAG] iter=11 posCols=18 newCols=18 effImprove=18 updated=0
    [CG] CG iter 12: obj=2213661.582353, maxRC=18221.905295, +11 cols
    [CG]   [DIAG] iter=12 posCols=11 newCols=11 effImprove=11 updated=0
    [CG] CG iter 13: obj=2221698.397943, maxRC=9829.956733, +5 cols
    [CG]   [DIAG] iter=13 posCols=5 newCols=5 effImprove=5 updated=0
    [CG] CG iter 14: obj=2231528.354677, maxRC=10149.956242, +5 cols
    [CG]   [DIAG] iter=14 posCols=5 newCols=5 effImprove=5 updated=0
    [CG] CG iter 15: obj=2232976.479179, maxRC=3179.703165, +3 cols
    [CG]   [DIAG] iter=15 posCols=3 newCols=3 effImprove=3 updated=0
    [CG] 列生成收敛，共 16 轮迭代
    [CG] [CG-NODE] depth=0 exit=CERTIFIED certified=1 feasible=1 iters=16 generatedColsBeforeNode=0 newCols=286 posCandidates=289 duplicateCandidates=3 updatedCols=3 zeroObjImproveIters=1 objFirst=835769.817303 objLast=2232976.479179 objGain=1397206.661876 maxRC=1116848.009277 wallSec=0.175378 pricingSec=0.159658 cplexSolveSec=0.010189
      [BB] 根节点即为整数解，obj=2232976.479179
