    [CG] 列生成开始，初始列数=310
    [CG] CG iter 1: obj=802941.294800, maxRC=1190076.030131, +30 cols
    [CG]   [DIAG] iter=1 posCols=30 newCols=30 effImprove=30 updated=0
    [CG] CG iter 2: obj=1578196.115141, maxRC=300137.416884, +28 cols
    [CG]   [DIAG] iter=2 posCols=28 newCols=28 effImprove=28 updated=0
    [CG] CG iter 3: obj=1845929.387593, maxRC=496902.149221, +30 cols
    [CG]   [DIAG] iter=3 posCols=30 newCols=30 effImprove=30 updated=0
    [CG] CG iter 4: obj=1900637.797759, maxRC=127435.028514, +25 cols
    [CG]   [DIAG] iter=4 posCols=25 newCols=25 effImprove=25 updated=0
    [CG] CG iter 5: obj=1998594.845603, maxRC=135052.180312, +24 cols
    [CG]   [DIAG] iter=5 posCols=24 newCols=24 effImprove=24 updated=0
    [CG] CG iter 6: obj=2046729.242892, maxRC=89459.312439, +22 cols
    [CG]   [DIAG] iter=6 posCols=22 newCols=22 effImprove=22 updated=0
    [CG] CG iter 7: obj=2097521.903897, maxRC=122914.947518, +22 cols
    [CG]   [DIAG] iter=7 posCols=22 newCols=22 effImprove=22 updated=0
    [CG] CG iter 8: obj=2112507.807714, maxRC=83785.750596, +21 cols
    [CG]   [DIAG] iter=8 posCols=21 newCols=21 effImprove=21 updated=0
    [CG] CG iter 9: obj=2133983.350845, maxRC=69268.615624, +22 cols
    [CG]   [DIAG] iter=9 posCols=22 newCols=22 effImprove=22 updated=0
    [CG] CG iter 10: obj=2184033.553397, maxRC=67277.561670, +21 cols
    [CG]   [DIAG] iter=10 posCols=21 newCols=21 effImprove=21 updated=0
    [CG] CG iter 11: obj=2200832.590884, maxRC=51370.240521, +22 cols
    [CG]   [DIAG] iter=11 posCols=22 newCols=22 effImprove=22 updated=0
    [CG] CG iter 12: obj=2204058.523395, maxRC=23278.310027, +14 cols
    [CG]   [DIAG] iter=12 posCols=14 newCols=13 effImprove=14 updated=1
    [CG] CG iter 13: obj=2235289.922268, maxRC=19192.862652, +9 cols
    [CG]   [DIAG] iter=13 posCols=9 newCols=9 effImprove=9 updated=0
    [CG] CG iter 14: obj=2236649.883925, maxRC=3776.359117, +1 cols
    [CG]   [DIAG] iter=14 posCols=1 newCols=1 effImprove=1 updated=0
    [CG] CG iter 15: obj=2236649.883925, maxRC=776.733839, +1 cols
    [CG]   [DIAG] iter=15 posCols=1 newCols=1 effImprove=1 updated=0
    [CG] 列生成收敛，共 16 轮迭代
    [CG] [CG-NODE] depth=0 exit=CERTIFIED certified=1 feasible=1 iters=16 generatedColsBeforeNode=0 newCols=291 posCandidates=292 duplicateCandidates=1 updatedCols=1 zeroObjImproveIters=2 objFirst=802941.294800 objLast=2236649.883925 objGain=1433708.589125 maxRC=1190076.030131 wallSec=0.161505 pricingSec=0.151318 cplexSolveSec=0.006936
      [BB] 根节点即为整数解，obj=2236649.883925
