    [CG] 列生成开始，初始列数=310
    [CG] CG iter 1: obj=808645.870307, maxRC=1295168.654257, +30 cols
    [CG]   [DIAG] iter=1 posCols=30 newCols=30 effImprove=30 updated=0
    [CG] CG iter 2: obj=1616973.043152, maxRC=245152.144279, +25 cols
    [CG]   [DIAG] iter=2 posCols=25 newCols=25 effImprove=25 updated=0
    [CG] CG iter 3: obj=1770925.712392, maxRC=490906.113725, +30 cols
    [CG]   [DIAG] iter=3 posCols=30 newCols=30 effImprove=30 updated=0
    [CG] CG iter 4: obj=1851643.046659, maxRC=287946.252545, +27 cols
    [CG]   [DIAG] iter=4 posCols=27 newCols=27 effImprove=27 updated=0
    [CG] CG iter 5: obj=1886799.587781, maxRC=125153.886686, +26 cols
    [CG]   [DIAG] iter=5 posCols=26 newCols=26 effImprove=26 updated=0
    [CG] CG iter 6: obj=1994584.422304, maxRC=122011.386312, +28 cols
    [CG]   [DIAG] iter=6 posCols=28 newCols=28 effImprove=28 updated=0
    [CG] CG iter 7: obj=2063896.171414, maxRC=115614.628421, +23 cols
    [CG]   [DIAG] iter=7 posCols=23 newCols=23 effImprove=23 updated=0
    [CG] CG iter 8: obj=2157118.148077, maxRC=59435.350019, +20 cols
    [CG]   [DIAG] iter=8 posCols=20 newCols=20 effImprove=20 updated=0
    [CG] CG iter 9: obj=2165478.583653, maxRC=74523.303505, +21 cols
    [CG]   [DIAG] iter=9 posCols=21 newCols=21 effImprove=21 updated=0
    [CG] CG iter 10: obj=2180948.810106, maxRC=38102.362307, +19 cols
    [CG]   [DIAG] iter=10 posCols=19 newCols=18 effImprove=19 updated=1
    [CG] CG iter 11: obj=2192054.174749, maxRC=44372.636674, +17 cols
    [CG]   [DIAG] iter=11 posCols=17 newCols=17 effImprove=17 updated=0
    [CG] CG iter 12: obj=2193799.871959, maxRC=9869.865649, +8 cols
    [CG]   [DIAG] iter=12 posCols=8 newCols=8 effImprove=8 updated=0
    [CG] CG iter 13: obj=2197057.371785, maxRC=8760.397427, +6 cols
    [CG]   [DIAG] iter=13 posCols=6 newCols=6 effImprove=6 updated=0
    [CG] CG iter 14: obj=2208520.339550, maxRC=11628.006925, +7 cols
    [CG]   [DIAG] iter=14 posCols=7 newCols=7 effImprove=7 updated=0
    [CG] CG iter 15: obj=2208520.339550, maxRC=3578.375444, +3 cols
    [CG]   [DIAG] iter=15 posCols=3 newCols=3 effImprove=3 updated=0
    [CG] CG iter 16: obj=2208520.339550, maxRC=1940.090928, +1 cols
    [CG]   [DIAG] iter=16 posCols=1 newCols=1 effImprove=1 updated=0
    [CG] 列生成收敛，共 17 轮迭代
    [CG] [CG-NODE] depth=0 exit=CERTIFIED certified=1 feasible=1 iters=17 generatedColsBeforeNode=0 newCols=290 posCandidates=291 duplicateCandidates=1 updatedCols=1 zeroObjImproveIters=3 objFirst=808645.870307 objLast=2208520.339550 objGain=1399874.469242 maxRC=1295168.654257 wallSec=0.188894 pricingSec=0.176588 cplexSolveSec=0.007703
      [BB] 根节点即为整数解，obj=2208520.339550
