    [CG] 列生成开始，初始列数=310
    [CG] CG iter 1: obj=830238.959031, maxRC=1281256.395377, +30 cols
    [CG]   [DIAG] iter=1 posCols=30 newCols=30 effImprove=30 updated=0
    [CG] CG iter 2: obj=1561994.165133, maxRC=373388.225303, +28 cols
    [CG]   [DIAG] iter=2 posCols=28 newCols=28 effImprove=28 updated=0
    [CG] CG iter 3: obj=1688197.308489, maxRC=501609.534940, +30 cols
    [CG]   [DIAG] iter=3 posCols=30 newCols=30 effImprove=30 updated=0
    [CG] CG iter 4: obj=1882334.150965, maxRC=388834.371468, +30 cols
    [CG]   [DIAG] iter=4 posCols=30 newCols=30 effImprove=30 updated=0
    [CG] CG iter 5: obj=1912395.128810, maxRC=214006.992988, +30 cols
    [CG]   [DIAG] iter=5 posCols=30 newCols=30 effImprove=30 updated=0
    [CG] CG iter 6: obj=1953714.726306, maxRC=136503.298156, +19 cols
    [CG]   [DIAG] iter=6 posCols=19 newCols=19 effImprove=19 updated=0
    [CG] CG iter 7: obj=1999592.984701, maxRC=180475.390366, +26 cols
    [CG]   [DIAG] iter=7 posCols=26 newCols=26 effImprove=26 updated=0
    [CG] CG iter 8: obj=2080365.345219, maxRC=178279.647197, +28 cols
    [CG]   [DIAG] iter=8 posCols=28 newCols=28 effImprove=28 updated=0
    [CG] CG iter 9: obj=2119763.365317, maxRC=169613.971596, +23 cols
    [CG]   [DIAG] iter=9 posCols=23 newCols=22 effImprove=23 updated=1
    [CG] CG iter 10: obj=2119763.365317, maxRC=101554.608282, +22 cols
    [CG]   [DIAG] iter=10 posCols=22 newCols=21 effImprove=22 updated=1
    [CG] CG iter 11: obj=2123542.265674, maxRC=70087.761033, +18 cols
    [CG]   [DIAG] iter=11 posCols=18 newCols=17 effImprove=18 updated=1
    [CG] CG iter 12: obj=2170820.767969, maxRC=75863.913822, +19 cols
    [CG]   [DIAG] iter=12 posCols=19 newCols=18 effImprove=19 updated=1
    [CG] CG iter 13: obj=2189418.683160, maxRC=57143.728815, +12 cols
    [CG]   [DIAG] iter=13 posCols=12 newCols=12 effImprove=12 updated=0
    [CG] CG iter 14: obj=2203328.389179, maxRC=16712.936341, +9 cols
    [CG]   [DIAG] iter=14 posCols=9 newCols=8 effImprove=9 updated=1
    [CG] CG iter 15: obj=2203328.389179, maxRC=21207.709918, +4 cols
    [CG]   [DIAG] iter=15 posCols=4 newCols=4 effImprove=4 updated=0
    [CG] CG iter 16: obj=2203328.389179, maxRC=10347.267735, +6 cols
    [CG]   [DIAG] iter=16 posCols=6 newCols=6 effImprove=6 updated=0
    [CG] CG iter 17: obj=2213675.656914, maxRC=10994.082840, +4 cols
    [CG]   [DIAG] iter=17 posCols=4 newCols=3 effImprove=4 updated=1
    [CG] CG iter 18: obj=2213675.656914, maxRC=1611.897469, +4 cols
    [CG]   [DIAG] iter=18 posCols=4 newCols=4 effImprove=4 updated=0
    [CG] CG iter 19: obj=2213675.656914, maxRC=1170.773745, +3 cols
    [CG]   [DIAG] iter=19 posCols=3 newCols=3 effImprove=3 updated=0
    [CG] 列生成收敛，共 20 轮迭代
    [CG] [CG-NODE] depth=0 exit=CERTIFIED certified=1 feasible=1 iters=20 generatedColsBeforeNode=0 newCols=339 posCandidates=345 duplicateCandidates=6 updatedCols=6 zeroObjImproveIters=6 objFirst=830238.959031 objLast=2213675.656914 objGain=1383436.697883 maxRC=1281256.395377 wallSec=0.254286 pricingSec=0.241235 cplexSolveSec=0.008439
      [BB] 根节点即为整数解，obj=2213675.656914
