    [CG] 列生成开始，初始列数=310
    [CG] CG iter 1: obj=817110.191696, maxRC=1266096.973145, +30 cols
    [CG]   [DIAG] iter=1 posCols=30 newCols=30 effImprove=30 updated=0
    [CG] CG iter 2: obj=1549980.340729, maxRC=419792.116748, +29 cols
    [CG]   [DIAG] iter=2 posCols=29 newCols=29 effImprove=29 updated=0
    [CG] CG iter 3: obj=1662803.343386, maxRC=531546.116047, +30 cols
    [CG]   [DIAG] iter=3 posCols=30 newCols=30 effImprove=30 updated=0
    [CG] CG iter 4: obj=1849856.369418, maxRC=392119.605891, +30 cols
    [CG]   [DIAG] iter=4 posCols=30 newCols=30 effImprove=30 updated=0
    [CG] CG iter 5: obj=1854422.671020, maxRC=269424.922269, +28 cols
    [CG]   [DIAG] iter=5 posCols=28 newCols=28 effImprove=28 updated=0
    [CG] CG iter 6: obj=1886514.811390, maxRC=224907.515585, +27 cols
    [CG]   [DIAG] iter=6 posCols=27 newCols=27 effImprove=27 updated=0
    [CG] CG iter 7: obj=1932950.691602, maxRC=201888.837170, +24 cols
    [CG]   [DIAG] iter=7 posCols=24 newCols=24 effImprove=24 updated=0
    [CG] CG iter 8: obj=1989119.468047, maxRC=117054.893856, +23 cols
    [CG]   [DIAG] iter=8 posCols=23 newCols=23 effImprove=23 updated=0
    [CG] CG iter 9: obj=2067033.242094, maxRC=145387.512922, +20 cols
    [CG]   [DIAG] iter=9 posCols=20 newCols=20 effImprove=20 updated=0
    [CG] CG iter 10: obj=2115012.828801, maxRC=205540.001362, +20 cols
    [CG]   [DIAG] iter=10 posCols=20 newCols=20 effImprove=20 updated=0
    [CG] CG iter 11: obj=2127479.755574, maxRC=162718.890999, +25 cols
    [CG]   [DIAG] iter=11 posCols=25 newCols=25 effImprove=25 updated=0
    [CG] CG iter 12: obj=2128844.226468, maxRC=151008.161645, +16 cols
    [CG]   [DIAG] iter=12 posCols=16 newCols=15 effImprove=16 updated=1
    [CG] CG iter 13: obj=2132243.175453, maxRC=118128.162082, +16 cols
    [CG]   [DIAG] iter=13 posCols=16 newCols=15 effImprove=16 updated=1
    [CG] CG iter 14: obj=2140711.074847, maxRC=98464.203836, +11 cols
    [CG]   [DIAG] iter=14 posCols=11 newCols=11 effImprove=11 updated=0
    [CG] CG iter 15: obj=2140711.074847, maxRC=35495.631145, +6 cols
    [CG]   [DIAG] iter=15 posCols=6 newCols=6 effImprove=6 updated=0
    [CG] CG iter 16: obj=2144304.576362, maxRC=36503.982865, +7 cols
    [CG]   [DIAG] iter=16 posCols=7 newCols=7 effImprove=7 updated=0
    [CG] CG iter 17: obj=2144304.576362, maxRC=35232.674022, +7 cols
    [CG]   [DIAG] iter=17 posCols=7 newCols=7 effImprove=7 updated=0
    [CG] CG iter 18: obj=2171816.230707, maxRC=17148.243059, +6 cols
    [CG]   [DIAG] iter=18 posCols=6 newCols=6 effImprove=6 updated=0
    [CG] CG iter 19: obj=2171816.230707, maxRC=6550.354559, +3 cols
    [CG]   [DIAG] iter=19 posCols=3 newCols=1 effImprove=3 updated=2
    [CG] CG iter 20: obj=2178366.585266, maxRC=1278.686679, +4 cols
    [CG]   [DIAG] iter=20 posCols=4 newCols=4 effImprove=4 updated=0
    [CG] CG iter 21: obj=2178366.585266, maxRC=832.106818, +2 cols
    [CG]   [DIAG] iter=21 posCols=2 newCols=2 effImprove=2 updated=0
    [CG] 列生成收敛，共 22 轮迭代
    [CG] [CG-NODE] depth=0 exit=CERTIFIED certified=1 feasible=1 iters=22 generatedColsBeforeNode=0 newCols=360 posCandidates=364 duplicateCandidates=4 updatedCols=4 zeroObjImproveIters=5 objFirst=817110.191696 objLast=2178366.585266 objGain=1361256.393569 maxRC=1266096.973145 wallSec=0.254309 pricingSec=0.241658 cplexSolveSec=0.008476
      [BB] 根节点即为整数解，obj=2178366.585266
