    [CG] 列生成开始，初始列数=310
    [CG] CG iter 1: obj=842424.892483, maxRC=1278925.435005, +30 cols
    [CG]   [DIAG] iter=1 posCols=30 newCols=30 effImprove=30 updated=0
    [CG] CG iter 2: obj=1566111.153375, maxRC=342941.931603, +29 cols
    [CG]   [DIAG] iter=2 posCols=29 newCols=29 effImprove=29 updated=0
    [CG] CG iter 3: obj=1727100.560634, maxRC=428123.297662, +30 cols
    [CG]   [DIAG] iter=3 posCols=30 newCols=30 effImprove=30 updated=0
    [CG] CG iter 4: obj=1904486.568652, maxRC=295542.901858, +30 cols
    [CG]   [DIAG] iter=4 posCols=30 newCols=30 effImprove=30 updated=0
    [CG] CG iter 5: obj=1923979.752218, maxRC=181600.246232, +22 cols
    [CG]   [DIAG] iter=5 posCols=22 newCols=22 effImprove=22 updated=0
    [CG] CG iter 6: obj=1991607.062347, maxRC=171684.355573, +22 cols
    [CG]   [DIAG] iter=6 posCols=22 newCols=22 effImprove=22 updated=0
    [CG] CG iter 7: obj=2096837.512958, maxRC=173035.305283, +28 cols
    [CG]   [DIAG] iter=7 posCols=28 newCols=28 effImprove=28 updated=0
    [CG] CG iter 8: obj=2133320.922176, maxRC=220100.883656, +14 cols
    [CG]   [DIAG] iter=8 posCols=14 newCols=14 effImprove=14 updated=0
    [CG] CG iter 9: obj=2142239.724577, maxRC=128488.120203, +12 cols
    [CG]   [DIAG] iter=9 posCols=12 newCols=12 effImprove=12 updated=0
    [CG] CG iter 10: obj=2149869.250776, maxRC=101589.325456, +16 cols
    [CG]   [DIAG] iter=10 posCols=16 newCols=16 effImprove=16 updated=0
    [CG] CG iter 11: obj=2152747.982397, maxRC=149824.412377, +11 cols
    [CG]   [DIAG] iter=11 posCols=11 newCols=11 effImprove=11 updated=0
    [CG] CG iter 12: obj=2158575.304077, maxRC=117651.651816, +13 cols
    [CG]   [DIAG] iter=12 posCols=13 newCols=13 effImprove=13 updated=0
    [CG] CG iter 13: obj=2177488.379147, maxRC=44621.611234, +8 cols
    [CG]   [DIAG] iter=13 posCols=8 newCols=8 effImprove=8 updated=0
    [CG] CG iter 14: obj=2177499.647570, maxRC=65360.482941, +9 cols
    [CG]   [DIAG] iter=14 posCols=9 newCols=9 effImprove=9 updated=0
    [CG] CG iter 15: obj=2180738.381747, maxRC=63642.858212, +4 cols
    [CG]   [DIAG] iter=15 posCols=4 newCols=4 effImprove=4 updated=0
    [CG] CG iter 16: obj=2180738.381747, maxRC=30100.363611, +4 cols
    [CG]   [DIAG] iter=16 posCols=4 newCols=3 effImprove=4 updated=1
    [CG] CG iter 17: obj=2194678.627837, maxRC=27539.472292, +4 cols
    [CG]   [DIAG] iter=17 posCols=4 newCols=4 effImprove=4 updated=0
    [CG] CG iter 18: obj=2194678.627837, maxRC=17474.800565, +4 cols
    [CG]   [DIAG] iter=18 posCols=4 newCols=4 effImprove=4 updated=0
    [CG] CG iter 19: obj=2212153.428402, maxRC=20906.887039, +4 cols
    [CG]   [DIAG] iter=19 posCols=4 newCols=3 effImprove=4 updated=1
    [CG] CG iter 20: obj=2212153.428402, maxRC=17954.885488, +4 cols
    [CG]   [DIAG] iter=20 posCols=4 newCols=3 effImprove=4 updated=1
    [CG] CG iter 21: obj=2212153.428402, maxRC=15999.210114, +3 cols
    [CG]   [DIAG] iter=21 posCols=3 newCols=3 effImprove=3 updated=0
    [CG] CG iter 22: obj=2212153.428402, maxRC=12573.530327, +5 cols
    [CG]   [DIAG] iter=22 posCols=5 newCols=5 effImprove=5 updated=0
    [CG] CG iter 23: obj=2212153.428402, maxRC=3706.751766, +5 cols
    [CG]   [DIAG] iter=23 posCols=5 newCols=5 effImprove=5 updated=0
    [CG] CG iter 24: obj=2212153.428402, maxRC=628.829058, +1 cols
    [CG]   [DIAG] iter=24 posCols=1 newCols=1 effImprove=1 updated=0
    [CG] CG iter 25: obj=2212153.428402, maxRC=395.870468, +1 cols
    [CG]   [DIAG] iter=25 posCols=1 newCols=1 effImprove=1 updated=0
    [CG] 列生成收敛，共 26 轮迭代
    [CG] [CG-NODE] depth=0 exit=CERTIFIED certified=1 feasible=1 iters=26 generatedColsBeforeNode=0 newCols=310 posCandidates=313 duplicateCandidates=3 updatedCols=3 zeroObjImproveIters=9 objFirst=842424.892483 objLast=2212153.428402 objGain=1369728.535918 maxRC=1278925.435005 wallSec=0.230428 pricingSec=0.214121 cplexSolveSec=0.010878
      [BB] 根节点即为整数解，obj=2212153.428402
