    [CG] 列生成开始，初始列数=310
    [CG] CG iter 1: obj=841865.928965, maxRC=1280759.995495, +30 cols
    [CG]   [DIAG] iter=1 posCols=30 newCols=30 effImprove=30 updated=0
    [CG] CG iter 2: obj=1571750.051447, maxRC=339458.807773, +29 cols
    [CG]   [DIAG] iter=2 posCols=29 newCols=29 effImprove=29 updated=0
    [CG] CG iter 3: obj=1686928.389880, maxRC=507356.473487, +30 cols
    [CG]   [DIAG] iter=3 posCols=30 newCols=30 effImprove=30 updated=0
    [CG] CG iter 4: obj=1866532.676725, maxRC=210096.660332, +30 cols
    [CG]   [DIAG] iter=4 posCols=30 newCols=30 effImprove=30 updated=0
    [CG] CG iter 5: obj=1950286.941811, maxRC=236780.633845, +27 cols
    [CG]   [DIAG] iter=5 posCols=27 newCols=27 effImprove=27 updated=0
    [CG] CG iter 6: obj=2003714.009172, maxRC=137102.489430, +25 cols
    [CG]   [DIAG] iter=6 posCols=25 newCols=25 effImprove=25 updated=0
    [CG] CG iter 7: obj=2067829.323952, maxRC=170845.636066, +25 cols
    [CG]   [DIAG] iter=7 posCols=25 newCols=25 effImprove=25 updated=0
    [CG] CG iter 8: obj=2117179.433122, maxRC=173910.118590, +21 cols
    [CG]   [DIAG] iter=8 posCols=21 newCols=20 effImprove=21 updated=1
    [CG] CG iter 9: obj=2119128.526203, maxRC=133019.829711, +15 cols
    [CG]   [DIAG] iter=9 posCols=15 newCols=15 effImprove=15 updated=0
    [CG] CG iter 10: obj=2122993.469454, maxRC=128793.926716, +10 cols
    [CG]   [DIAG] iter=10 posCols=10 newCols=8 effImprove=10 updated=2
    [CG] CG iter 11: obj=2166015.042857, maxRC=99656.664808, +11 cols
    [CG]   [DIAG] iter=11 posCols=11 newCols=11 effImprove=11 updated=0
    [CG] CG iter 12: obj=2166015.042857, maxRC=88376.869779, +11 cols
    [CG]   [DIAG] iter=12 posCols=11 newCols=11 effImprove=11 updated=0
    [CG] CG iter 13: obj=2177834.182539, maxRC=68086.674473, +7 cols
    [CG]   [DIAG] iter=13 posCols=7 newCols=7 effImprove=7 updated=0
    [CG] CG iter 14: obj=2182125.608793, maxRC=45936.334881, +9 cols
    [CG]   [DIAG] iter=14 posCols=9 newCols=9 effImprove=9 updated=0
    [CG] CG iter 15: obj=2182125.608793, maxRC=43579.806304, +7 cols
    [CG]   [DIAG] iter=15 posCols=7 newCols=7 effImprove=7 updated=0
    [CG] CG iter 16: obj=2184317.137734, maxRC=26837.665763, +6 cols
    [CG]   [DIAG] iter=16 posCols=6 newCols=6 effImprove=6 updated=0
    [CG] CG iter 17: obj=2211154.803497, maxRC=41972.773586, +6 cols
    [CG]   [DIAG] iter=17 posCols=6 newCols=6 effImprove=6 updated=0
    [CG] CG iter 18: obj=2211154.803497, maxRC=9522.909999, +6 cols
    [CG]   [DIAG] iter=18 posCols=6 newCols=6 effImprove=6 updated=0
    [CG] CG iter 19: obj=2211154.803497, maxRC=5945.606409, +6 cols
    [CG]   [DIAG] iter=19 posCols=6 newCols=5 effImprove=6 updated=1
    [CG] CG iter 20: obj=2211154.803497, maxRC=1304.783728, +3 cols
    [CG]   [DIAG] iter=20 posCols=3 newCols=3 effImprove=3 updated=0
    [CG] CG iter 21: obj=2211154.803497, maxRC=330.300686, +1 cols
    [CG]   [DIAG] iter=21 posCols=1 newCols=1 effImprove=1 updated=0
    [CG] CG iter 22: obj=2211154.803497, maxRC=109.237895, +3 cols
    [CG]   [DIAG] iter=22 posCols=3 newCols=3 effImprove=3 updated=0
    [CG] 列生成收敛，共 23 轮迭代
    [CG] [CG-NODE] depth=0 exit=CERTIFIED certified=1 feasible=1 iters=23 generatedColsBeforeNode=0 newCols=314 posCandidates=318 duplicateCandidates=4 updatedCols=4 zeroObjImproveIters=8 objFirst=841865.928965 objLast=2211154.803497 objGain=1369288.874532 maxRC=1280759.995495 wallSec=0.200127 pricingSec=0.188255 cplexSolveSec=0.008067
      [BB] 根节点即为整数解，obj=2211154.803497
