    [CG] 列生成开始，初始列数=310
    [CG] CG iter 1: obj=865475.242523, maxRC=1326724.679693, +30 cols
    [CG]   [DIAG] iter=1 posCols=30 newCols=30 effImprove=30 updated=0
    [CG] CG iter 2: obj=1625516.935075, maxRC=360449.870983, +29 cols
    [CG]   [DIAG] iter=2 posCols=29 newCols=29 effImprove=29 updated=0
    [CG] CG iter 3: obj=1954535.132139, maxRC=614121.130242, +30 cols
    [CG]   [DIAG] iter=3 posCols=30 newCols=30 effImprove=30 updated=0
    [CG] CG iter 4: obj=1954535.132139, maxRC=391716.405963, +30 cols
    [CG]   [DIAG] iter=4 posCols=30 newCols=30 effImprove=30 updated=0
    [CG] CG iter 5: obj=1989349.212958, maxRC=215761.580493, +28 cols
    [CG]   [DIAG] iter=5 posCols=28 newCols=28 effImprove=28 updated=0
    [CG] CG iter 6: obj=2125669.167759, maxRC=228569.079210, +27 cols
    [CG]   [DIAG] iter=6 posCols=27 newCols=27 effImprove=27 updated=0
    [CG] CG iter 7: obj=2138093.005190, maxRC=169626.666366, +19 cols
    [CG]   [DIAG] iter=7 posCols=19 newCols=19 effImprove=19 updated=0
    [CG] CG iter 8: obj=2167122.999292, maxRC=183330.153641, +19 cols
    [CG]   [DIAG] iter=8 posCols=19 newCols=17 effImprove=19 updated=2
    [CG] CG iter 9: obj=2167122.999292, maxRC=82888.209995, +12 cols
    [CG]   [DIAG] iter=9 posCols=12 newCols=12 effImprove=12 updated=0
    [CG] CG iter 10: obj=2168628.328440, maxRC=86062.529810, +8 cols
    [CG]   [DIAG] iter=10 posCols=8 newCols=8 effImprove=8 updated=0
    [CG] CG iter 11: obj=2168628.328440, maxRC=75665.540645, +7 cols
    [CG]   [DIAG] iter=11 posCols=7 newCols=7 effImprove=7 updated=0
    [CG] CG iter 12: obj=2168628.328440, maxRC=106733.920520, +7 cols
    [CG]   [DIAG] iter=12 posCols=7 newCols=6 effImprove=7 updated=1
    [CG] CG iter 13: obj=2173461.301808, maxRC=92708.139728, +8 cols
    [CG]   [DIAG] iter=13 posCols=8 newCols=8 effImprove=8 updated=0
    [CG] CG iter 14: obj=2179321.198321, maxRC=62894.754810, +6 cols
    [CG]   [DIAG] iter=14 posCols=6 newCols=6 effImprove=6 updated=0
    [CG] CG iter 15: obj=2179321.198321, maxRC=47837.259009, +3 cols
    [CG]   [DIAG] iter=15 posCols=3 newCols=3 effImprove=3 updated=0
    [CG] CG iter 16: obj=2179321.198321, maxRC=55919.430762, +4 cols
    [CG]   [DIAG] iter=16 posCols=4 newCols=4 effImprove=4 updated=0
    [CG] CG iter 17: obj=2179321.198321, maxRC=30213.991172, +4 cols
    [CG]   [DIAG] iter=17 posCols=4 newCols=4 effImprove=4 updated=0
    [CG] CG iter 18: obj=2179321.198321, maxRC=27179.392053, +3 cols
    [CG]   [DIAG] iter=18 posCols=3 newCols=3 effImprove=3 updated=0
    [CG] CG iter 19: obj=2179321.198321, maxRC=17761.571978, +3 cols
    [CG]   [DIAG] iter=19 posCols=3 newCols=3 effImprove=3 updated=0
    [CG] CG iter 20: obj=2194665.044650, maxRC=19166.924995, +4 cols
    [CG]   [DIAG] iter=20 posCols=4 newCols=4 effImprove=4 updated=0
    [CG] CG iter 21: obj=2194665.044650, maxRC=12970.043005, +4 cols
    [CG]   [DIAG] iter=21 posCols=4 newCols=4 effImprove=4 updated=0
    [CG] CG iter 22: obj=2194665.044650, maxRC=9807.013185, +3 cols
    [CG]   [DIAG] iter=22 posCols=3 newCols=3 effImprove=3 updated=0
    [CG] CG iter 23: obj=2194665.044650, maxRC=16635.072868, +3 cols
    [CG]   [DIAG] iter=23 posCols=3 newCols=3 effImprove=3 updated=0
    [CG] CG iter 24: obj=2194665.044650, maxRC=2220.056460, +3 cols
    [CG]   [DIAG] iter=24 posCols=3 newCols=3 effImprove=3 updated=0
    [CG] CG iter 25: obj=2194665.044650, maxRC=2557.381147, +2 cols
    [CG]   [DIAG] iter=25 posCols=2 newCols=2 effImprove=2 updated=0
    [CG] CG iter 26: obj=2194665.044650, maxRC=1268.126962, +3 cols
    [CG]   [DIAG] iter=26 posCols=3 newCols=3 effImprove=3 updated=0
    [CG] CG iter 27: obj=2194665.044650, maxRC=606.544016, +2 cols
    [CG]   [DIAG] iter=27 posCols=2 newCols=2 effImprove=2 updated=0
    [CG] CG iter 28: obj=2194665.044650, maxRC=48.348705, +1 cols
    [CG]   [DIAG] iter=28 posCols=1 newCols=1 effImprove=1 updated=0
    [CG] 列生成收敛，共 29 轮迭代
    [CG] [CG-NODE] depth=0 exit=CERTIFIED certified=1 feasible=1 iters=29 generatedColsBeforeNode=0 newCols=299 posCandidates=302 duplicateCandidates=3 updatedCols=3 zeroObjImproveIters=18 objFirst=865475.242523 objLast=2194665.044650 objGain=1329189.802127 maxRC=1326724.679693 wallSec=0.216971 pricingSec=0.200804 cplexSolveSec=0.010544
      [BB] 根节点即为整数解，obj=2194665.044650
