    [CG] 列生成开始，初始列数=310
    [CG] CG iter 1: obj=834397.144116, maxRC=1320505.450078, +30 cols
    [CG]   [DIAG] iter=1 posCols=30 newCols=30 effImprove=30 updated=0
    [CG] CG iter 2: obj=1606792.793218, maxRC=391322.748985, +28 cols
    [CG]   [DIAG] iter=2 posCols=28 newCols=28 effImprove=28 updated=0
    [CG] CG iter 3: obj=1719123.938802, maxRC=451202.773961, +30 cols
    [CG]   [DIAG] iter=3 posCols=30 newCols=30 effImprove=30 updated=0
    [CG] CG iter 4: obj=1869557.533703, maxRC=388606.693803, +30 cols
    [CG]   [DIAG] iter=4 posCols=30 newCols=30 effImprove=30 updated=0
    [CG] CG iter 5: obj=1906939.025448, maxRC=196721.877360, +28 cols
    [CG]   [DIAG] iter=5 posCols=28 newCols=28 effImprove=28 updated=0
    [CG] CG iter 6: obj=1980737.868106, maxRC=185285.797381, +28 cols
    [CG]   [DIAG] iter=6 posCols=28 newCols=28 effImprove=28 updated=0
    [CG] CG iter 7: obj=2004253.250360, maxRC=222302.132946, +28 cols
    [CG]   [DIAG] iter=7 posCols=28 newCols=27 effImprove=28 updated=1
    [CG] CG iter 8: obj=2070509.087759, maxRC=101922.654179, +21 cols
    [CG]   [DIAG] iter=8 posCols=21 newCols=21 effImprove=21 updated=0
    [CG] CG iter 9: obj=2093186.281416, maxRC=83696.625751, +16 cols
    [CG]   [DIAG] iter=9 posCols=16 newCols=16 effImprove=16 updated=0
    [CG] CG iter 10: obj=2114611.612816, maxRC=152194.206824, +20 cols
    [CG]   [DIAG] iter=10 posCols=20 newCols=20 effImprove=20 updated=0
    [CG] CG iter 11: obj=2135887.324107, maxRC=191156.866544, +17 cols
    [CG]   [DIAG] iter=11 posCols=17 newCols=17 effImprove=17 updated=0
    [CG] CG iter 12: obj=2141835.772942, maxRC=60545.694184, +12 cols
    [CG]   [DIAG] iter=12 posCols=12 newCols=12 effImprove=12 updated=0
    [CG] CG iter 13: obj=2149042.014976, maxRC=47079.536286, +13 cols
    [CG]   [DIAG] iter=13 posCols=13 newCols=12 effImprove=13 updated=1
    [CG] CG iter 14: obj=2150767.836546, maxRC=41526.253309, +11 cols
    [CG]   [DIAG] iter=14 posCols=11 newCols=11 effImprove=11 updated=0
    [CG] CG iter 15: obj=2180867.999361, maxRC=49514.672451, +18 cols
    [CG]   [DIAG] iter=15 posCols=18 newCols=18 effImprove=18 updated=0
    [CG] CG iter 16: obj=2185461.542180, maxRC=27492.136309, +13 cols
    [CG]   [DIAG] iter=16 posCols=13 newCols=12 effImprove=13 updated=1
    [CG] CG iter 17: obj=2191643.327725, maxRC=18778.420089, +9 cols
    [CG]   [DIAG] iter=17 posCols=9 newCols=8 effImprove=9 updated=1
    [CG] CG iter 18: obj=2200377.347411, maxRC=12272.224346, +3 cols
    [CG]   [DIAG] iter=18 posCols=3 newCols=3 effImprove=3 updated=0
    [CG] CG iter 19: obj=2200377.347411, maxRC=2978.476338, +1 cols
    [CG]   [DIAG] iter=19 posCols=1 newCols=0 effImprove=1 updated=1
    [CG] CG iter 20: obj=2200377.347411, maxRC=6231.970796, +3 cols
    [CG]   [DIAG] iter=20 posCols=3 newCols=3 effImprove=3 updated=0
    [CG] CG iter 21: obj=2200377.347411, maxRC=1973.792663, +1 cols
    [CG]   [DIAG] iter=21 posCols=1 newCols=0 effImprove=1 updated=1
    [CG] CG iter 22: obj=2200377.347411, maxRC=1106.154730, +2 cols
    [CG]   [DIAG] iter=22 posCols=2 newCols=2 effImprove=2 updated=0
    [CG] CG iter 23: obj=2200377.347411, maxRC=581.795877, +1 cols
    [CG]   [DIAG] iter=23 posCols=1 newCols=1 effImprove=1 updated=0
    [CG] 列生成收敛，共 24 轮迭代
    [CG] [CG-NODE] depth=0 exit=CERTIFIED certified=1 feasible=1 iters=24 generatedColsBeforeNode=0 newCols=357 posCandidates=363 duplicateCandidates=6 updatedCols=6 zeroObjImproveIters=6 objFirst=834397.144116 objLast=2200377.347411 objGain=1365980.203295 maxRC=1320505.450078 wallSec=0.251136 pricingSec=0.234833 cplexSolveSec=0.010554
      [BB] 根节点即为整数解，obj=2200377.347411
