    [CG] 列生成开始，初始列数=310
    [CG] CG iter 1: obj=827099.253849, maxRC=1251118.346276, +30 cols
    [CG]   [DIAG] iter=1 posCols=30 newCols=30 effImprove=30 updated=0
    [CG] CG iter 2: obj=1500791.661874, maxRC=340581.828787, +28 cols
    [CG]   [DIAG] iter=2 posCols=28 newCols=28 effImprove=28 updated=0
    [CG] CG iter 3: obj=1654279.528302, maxRC=489883.728521, +30 cols
    [CG]   [DIAG] iter=3 posCols=30 newCols=30 effImprove=30 updated=0
    [CG] CG iter 4: obj=1874775.467659, maxRC=253108.971118, +30 cols
    [CG]   [DIAG] iter=4 posCols=30 newCols=30 effImprove=30 updated=0
    [CG] CG iter 5: obj=1928599.988052, maxRC=195293.116768, +25 cols
    [CG]   [DIAG] iter=5 posCols=25 newCols=25 effImprove=25 updated=0
    [CG] CG iter 6: obj=2079236.178810, maxRC=139455.689241, +23 cols
    [CG]   [DIAG] iter=6 posCols=23 newCols=23 effImprove=23 updated=0
    [CG] CG iter 7: obj=2079236.178810, maxRC=156510.248212, +25 cols
    [CG]   [DIAG] iter=7 posCols=25 newCols=24 effImprove=25 updated=1
    [CG] CG iter 8: obj=2133685.753621, maxRC=150227.611582, +21 cols
    [CG]   [DIAG] iter=8 posCols=21 newCols=21 effImprove=21 updated=0
    [CG] CG iter 9: obj=2133685.753621, maxRC=113125.384868, +14 cols
    [CG]   [DIAG] iter=9 posCols=14 newCols=13 effImprove=14 updated=1
    [CG] CG iter 10: obj=2133685.753621, maxRC=97177.172094, +15 cols
    [CG]   [DIAG] iter=10 posCols=15 newCols=15 effImprove=15 updated=0
    [CG] CG iter 11: obj=2133685.753621, maxRC=91692.364696, +12 cols
    [CG]   [DIAG] iter=11 posCols=12 newCols=11 effImprove=12 updated=1
    [CG] CG iter 12: obj=2133685.753621, maxRC=91713.362242, +12 cols
    [CG]   [DIAG] iter=12 posCols=12 newCols=12 effImprove=12 updated=0
    [CG] CG iter 13: obj=2133685.753621, maxRC=56271.589006, +7 cols
    [CG]   [DIAG] iter=13 posCols=7 newCols=7 effImprove=7 updated=0
    [CG] CG iter 14: obj=2148448.216905, maxRC=32033.046950, +8 cols
    [CG]   [DIAG] iter=14 posCols=8 newCols=8 effImprove=8 updated=0
    [CG] CG iter 15: obj=2148448.216905, maxRC=40258.304286, +6 cols
    [CG]   [DIAG] iter=15 posCols=6 newCols=6 effImprove=6 updated=0
    [CG] CG iter 16: obj=2151991.946938, maxRC=36236.598558, +20 cols
    [CG]   [DIAG] iter=16 posCols=20 newCols=20 effImprove=20 updated=0
    [CG] CG iter 17: obj=2158533.396317, maxRC=25495.924749, +8 cols
    [CG]   [DIAG] iter=17 posCols=8 newCols=8 effImprove=8 updated=0
    [CG] CG iter 18: obj=2182531.004837, maxRC=15742.652713, +6 cols
    [CG]   [DIAG] iter=18 posCols=6 newCols=6 effImprove=6 updated=0
    [CG] CG iter 19: obj=2182531.004837, maxRC=11888.275563, +5 cols
    [CG]   [DIAG] iter=19 posCols=5 newCols=4 effImprove=5 updated=1
    [CG] CG iter 20: obj=2182531.004837, maxRC=2683.580248, +3 cols
    [CG]   [DIAG] iter=20 posCols=3 newCols=3 effImprove=3 updated=0
    [CG] CG iter 21: obj=2182531.004837, maxRC=1703.807210, +1 cols
    [CG]   [DIAG] iter=21 posCols=1 newCols=1 effImprove=1 updated=0
    [CG] CG iter 22: obj=2182531.004837, maxRC=572.021806, +1 cols
    [CG]   [DIAG] iter=22 posCols=1 newCols=1 effImprove=1 updated=0
    [CG] 列生成收敛，共 23 轮迭代
    [CG] [CG-NODE] depth=0 exit=CERTIFIED certified=1 feasible=1 iters=23 generatedColsBeforeNode=0 newCols=326 posCandidates=330 duplicateCandidates=4 updatedCols=4 zeroObjImproveIters=12 objFirst=827099.253849 objLast=2182531.004837 objGain=1355431.750988 maxRC=1251118.346276 wallSec=0.240155 pricingSec=0.224592 cplexSolveSec=0.009806
      [BB] 根节点即为整数解，obj=2182531.004837
