    [CG] 列生成开始，初始列数=310
    [CG] CG iter 1: obj=860712.383807, maxRC=1336060.226522, +30 cols
    [CG]   [DIAG] iter=1 posCols=30 newCols=30 effImprove=30 updated=0
    [CG] CG iter 2: obj=1633028.791230, maxRC=370217.813950, +29 cols
    [CG]   [DIAG] iter=2 posCols=29 newCols=29 effImprove=29 updated=0
    [CG] CG iter 3: obj=1952641.609537, maxRC=552380.678712, +30 cols
    [CG]   [DIAG] iter=3 posCols=30 newCols=30 effImprove=30 updated=0
    [CG] CG iter 4: obj=1952641.609537, maxRC=458365.553598, +30 cols
    [CG]   [DIAG] iter=4 posCols=30 newCols=30 effImprove=30 updated=0
    [CG] CG iter 5: obj=1974372.002547, maxRC=209356.895190, +30 cols
    [CG]   [DIAG] iter=5 posCols=30 newCols=30 effImprove=30 updated=0
    [CG] CG iter 6: obj=2065207.639689, maxRC=183035.792637, +30 cols
    [CG]   [DIAG] iter=6 posCols=30 newCols=30 effImprove=30 updated=0
    [CG] CG iter 7: obj=2098034.608323, maxRC=177053.893367, +25 cols
    [CG]   [DIAG] iter=7 posCols=25 newCols=25 effImprove=25 updated=0
    [CG] CG iter 8: obj=2129374.718275, maxRC=170222.151553, +21 cols
    [CG]   [DIAG] iter=8 posCols=21 newCols=21 effImprove=21 updated=0
    [CG] CG iter 9: obj=2148463.949445, maxRC=109904.244952, +16 cols
    [CG]   [DIAG] iter=9 posCols=16 newCols=16 effImprove=16 updated=0
    [CG] CG iter 10: obj=2180371.433542, maxRC=128913.562014, +10 cols
    [CG]   [DIAG] iter=10 posCols=10 newCols=10 effImprove=10 updated=0
    [CG] CG iter 11: obj=2180371.433542, maxRC=138491.360823, +10 cols
    [CG]   [DIAG] iter=11 posCols=10 newCols=10 effImprove=10 updated=0
    [CG] CG iter 12: obj=2180371.433542, maxRC=59791.065483, +9 cols
    [CG]   [DIAG] iter=12 posCols=9 newCols=9 effImprove=9 updated=0
    [CG] CG iter 13: obj=2180371.433542, maxRC=77916.754873, +6 cols
    [CG]   [DIAG] iter=13 posCols=6 newCols=6 effImprove=6 updated=0
    [CG] CG iter 14: obj=2180371.433542, maxRC=72567.671208, +6 cols
    [CG]   [DIAG] iter=14 posCols=6 newCols=6 effImprove=6 updated=0
    [CG] CG iter 15: obj=2180371.433542, maxRC=27761.708965, +4 cols
    [CG]   [DIAG] iter=15 posCols=4 newCols=4 effImprove=4 updated=0
    [CG] CG iter 16: obj=2180371.433542, maxRC=49698.780479, +4 cols
    [CG]   [DIAG] iter=16 posCols=4 newCols=4 effImprove=4 updated=0
    [CG] CG iter 17: obj=2180371.433542, maxRC=66808.452747, +9 cols
    [CG]   [DIAG] iter=17 posCols=9 newCols=9 effImprove=9 updated=0
    [CG] CG iter 18: obj=2180371.433542, maxRC=39833.529783, +4 cols
    [CG]   [DIAG] iter=18 posCols=4 newCols=4 effImprove=4 updated=0
    [CG] CG iter 19: obj=2180371.433542, maxRC=23505.151411, +3 cols
    [CG]   [DIAG] iter=19 posCols=3 newCols=3 effImprove=3 updated=0
    [CG] CG iter 20: obj=2180371.433542, maxRC=41635.300146, +7 cols
    [CG]   [DIAG] iter=20 posCols=7 newCols=6 effImprove=7 updated=1
    [CG] CG iter 21: obj=2180371.433542, maxRC=21269.396612, +3 cols
    [CG]   [DIAG] iter=21 posCols=3 newCols=3 effImprove=3 updated=0
    [CG] CG iter 22: obj=2199790.283789, maxRC=1900.303658, +3 cols
    [CG]   [DIAG] iter=22 posCols=3 newCols=3 effImprove=3 updated=0
    [CG] CG iter 23: obj=2199790.283789, maxRC=496.416560, +2 cols
    [CG]   [DIAG] iter=23 posCols=2 newCols=2 effImprove=2 updated=0
    [CG] CG iter 24: obj=2199790.283789, maxRC=243.617540, +2 cols
    [CG]   [DIAG] iter=24 posCols=2 newCols=2 effImprove=2 updated=0
    [CG] 列生成收敛，共 25 轮迭代
    [CG] [CG-NODE] depth=0 exit=CERTIFIED certified=1 feasible=1 iters=25 generatedColsBeforeNode=0 newCols=322 posCandidates=323 duplicateCandidates=1 updatedCols=1 zeroObjImproveIters=15 objFirst=860712.383807 objLast=2199790.283789 objGain=1339077.899981 maxRC=1336060.226522 wallSec=0.193903 pricingSec=0.181076 cplexSolveSec=0.008677
      [BB] 根节点即为整数解，obj=2199790.283789
