    [CG] 列生成开始，初始列数=310
    [CG] CG iter 1: obj=212016.471152, maxRC=774539.478219, +9 cols
    [CG]   [DIAG] iter=1 posCols=9 newCols=9 effImprove=9 updated=0
    [CG] CG iter 2: obj=956245.111796, maxRC=570968.707672, +9 cols
    [CG]   [DIAG] iter=2 posCols=9 newCols=9 effImprove=9 updated=0
    [CG] CG iter 3: obj=956245.111796, maxRC=576527.286932, +9 cols
    [CG]   [DIAG] iter=3 posCols=9 newCols=9 effImprove=9 updated=0
    [CG] CG iter 4: obj=973144.999849, maxRC=543396.976005, +6 cols
    [CG]   [DIAG] iter=4 posCols=6 newCols=6 effImprove=6 updated=0
    [CG] CG iter 5: obj=973144.999849, maxRC=555504.774485, +6 cols
    [CG]   [DIAG] iter=5 posCols=6 newCols=6 effImprove=6 updated=0
    [CG] CG iter 6: obj=973667.986567, maxRC=509548.022011, +6 cols
    [CG]   [DIAG] iter=6 posCols=6 newCols=6 effImprove=6 updated=0
    [CG] CG iter 7: obj=973667.986567, maxRC=502521.836249, +6 cols
    [CG]   [DIAG] iter=7 posCols=6 newCols=6 effImprove=6 updated=0
    [CG] CG iter 8: obj=973667.986567, maxRC=372148.008767, +8 cols
    [CG]   [DIAG] iter=8 posCols=8 newCols=8 effImprove=8 updated=0
    [CG] CG iter 9: obj=973667.986567, maxRC=371149.765069, +7 cols
    [CG]   [DIAG] iter=9 posCols=7 newCols=7 effImprove=7 updated=0
    [CG] CG iter 10: obj=973667.986567, maxRC=398595.350929, +7 cols
    [CG]   [DIAG] iter=10 posCols=7 newCols=7 effImprove=7 updated=0
    [CG] CG iter 11: obj=1040674.760111, maxRC=435629.779319, +9 cols
    [CG]   [DIAG] iter=11 posCols=9 newCols=9 effImprove=9 updated=0
    [CG] CG iter 12: obj=1043291.311553, maxRC=400070.474758, +7 cols
    [CG]   [DIAG] iter=12 posCols=7 newCols=7 effImprove=7 updated=0
    [CG] CG iter 13: obj=1065408.409513, maxRC=378591.728681, +7 cols
    [CG]   [DIAG] iter=13 posCols=7 newCols=7 effImprove=7 updated=0
    [CG] CG iter 14: obj=1129681.001756, maxRC=327884.258778, +6 cols
    [CG]   [DIAG] iter=14 posCols=6 newCols=6 effImprove=6 updated=0
    [CG] CG iter 15: obj=1129681.001756, maxRC=319162.428242, +6 cols
    [CG]   [DIAG] iter=15 posCols=6 newCols=6 effImprove=6 updated=0
    [CG] CG iter 16: obj=1152367.781895, maxRC=281878.368826, +6 cols
    [CG]   [DIAG] iter=16 posCols=6 newCols=6 effImprove=6 updated=0
    [CG] CG iter 17: obj=1161041.895323, maxRC=259597.166643, +6 cols
    [CG]   [DIAG] iter=17 posCols=6 newCols=6 effImprove=6 updated=0
    [CG] CG iter 18: obj=1172747.084082, maxRC=115254.347983, +6 cols
    [CG]   [DIAG] iter=18 posCols=6 newCols=6 effImprove=6 updated=0
    [CG] CG iter 19: obj=1177925.260166, maxRC=152197.420226, +7 cols
    [CG]   [DIAG] iter=19 posCols=7 newCols=7 effImprove=7 updated=0
    [CG] CG iter 20: obj=1186923.095884, maxRC=113744.048621, +6 cols
    [CG]   [DIAG] iter=20 posCols=6 newCols=6 effImprove=6 updated=0
    [CG] CG iter 21: obj=1192525.176730, maxRC=102188.691391, +6 cols
    [CG]   [DIAG] iter=21 posCols=6 newCols=6 effImprove=6 updated=0
    [CG] CG iter 22: obj=1193852.855265, maxRC=72688.420768, +6 cols
    [CG]   [DIAG] iter=22 posCols=6 newCols=6 effImprove=6 updated=0
    [CG] CG iter 23: obj=1195015.700305, maxRC=50997.704988, +6 cols
    [CG]   [DIAG] iter=23 posCols=6 newCols=6 effImprove=6 updated=0
    [CG] CG iter 24: obj=1222705.588466, maxRC=129232.489559, +6 cols
    [CG]   [DIAG] iter=24 posCols=6 newCols=6 effImprove=6 updated=0
    [CG] CG iter 25: obj=1222705.588466, maxRC=96898.083531, +7 cols
    [CG]   [DIAG] iter=25 posCols=7 newCols=7 effImprove=7 updated=0
    [CG] CG iter 26: obj=1222705.588466, maxRC=76135.662493, +6 cols
    [CG]   [DIAG] iter=26 posCols=6 newCols=6 effImprove=6 updated=0
    [CG] CG iter 27: obj=1222705.588466, maxRC=86731.701187, +6 cols
    [CG]   [DIAG] iter=27 posCols=6 newCols=6 effImprove=6 updated=0
    [CG] CG iter 28: obj=1222705.588466, maxRC=116604.441140, +6 cols
    [CG]   [DIAG] iter=28 posCols=6 newCols=6 effImprove=6 updated=0
    [CG] CG iter 29: obj=1222705.588466, maxRC=64856.899066, +6 cols
    [CG]   [DIAG] iter=29 posCols=6 newCols=6 effImprove=6 updated=0
    [CG] CG iter 30: obj=1222705.588466, maxRC=44046.915080, +6 cols
    [CG]   [DIAG] iter=30 posCols=6 newCols=6 effImprove=6 updated=0
    [CG] CG iter 31: obj=1222705.588466, maxRC=39872.153830, +6 cols
    [CG]   [DIAG] iter=31 posCols=6 newCols=6 effImprove=6 updated=0
    [CG] CG iter 32: obj=1222705.588466, maxRC=44644.483710, +6 cols
    [CG]   [DIAG] iter=32 posCols=6 newCols=6 effImprove=6 updated=0
    [CG] CG iter 33: obj=1222705.588466, maxRC=52888.570394, +6 cols
    [CG]   [DIAG] iter=33 posCols=6 newCols=6 effImprove=6 updated=0
    [CG] CG iter 34: obj=1225468.491222, maxRC=182339.806756, +6 cols
    [CG]   [DIAG] iter=34 posCols=6 newCols=6 effImprove=6 updated=0
    [CG] CG iter 35: obj=1225468.491222, maxRC=35411.405082, +6 cols
    [CG]   [DIAG] iter=35 posCols=6 newCols=6 effImprove=6 updated=0
    [CG] CG iter 36: obj=1232550.772239, maxRC=50035.781859, +6 cols
    [CG]   [DIAG] iter=36 posCols=6 newCols=6 effImprove=6 updated=0
    [CG] CG iter 37: obj=1232550.772239, maxRC=22599.509139, +6 cols
    [CG]   [DIAG] iter=37 posCols=6 newCols=6 effImprove=6 updated=0
    [CG] CG iter 38: obj=1232550.772239, maxRC=41570.921221, +6 cols
    [CG]   [DIAG] iter=38 posCols=6 newCols=6 effImprove=6 updated=0
    [CG] CG iter 39: obj=1232550.772239, maxRC=32993.439868, +6 cols
    [CG]   [DIAG] iter=39 posCols=6 newCols=6 effImprove=6 updated=0
    [CG] CG iter 40: obj=1235565.014258, maxRC=25205.666602, +6 cols
    [CG]   [DIAG] iter=40 posCols=6 newCols=6 effImprove=6 updated=0
    [CG] CG iter 41: obj=1244871.569402, maxRC=24724.173238, +6 cols
    [CG]   [DIAG] iter=41 posCols=6 newCols=6 effImprove=6 updated=0
    [CG] CG iter 42: obj=1244871.569402, maxRC=9594.195634, +5 cols
    [CG]   [DIAG] iter=42 posCols=5 newCols=5 effImprove=5 updated=0
    [CG] CG iter 43: obj=1245648.540293, maxRC=11508.966747, +6 cols
    [CG]   [DIAG] iter=43 posCols=6 newCols=6 effImprove=6 updated=0
    [CG] CG iter 44: obj=1245648.540293, maxRC=13070.748720, +6 cols
    [CG]   [DIAG] iter=44 posCols=6 newCols=6 effImprove=6 updated=0
    [CG] CG iter 45: obj=1245648.540293, maxRC=7971.344633, +4 cols
    [CG]   [DIAG] iter=45 posCols=4 newCols=4 effImprove=4 updated=0
    [CG] CG iter 46: obj=1245648.540293, maxRC=11348.338723, +5 cols
    [CG]   [DIAG] iter=46 posCols=5 newCols=5 effImprove=5 updated=0
    [CG] CG iter 47: obj=1245648.540293, maxRC=6924.510920, +3 cols
    [CG]   [DIAG] iter=47 posCols=3 newCols=3 effImprove=3 updated=0
    [CG] CG iter 48: obj=1245648.540293, maxRC=8599.459318, +3 cols
    [CG]   [DIAG] iter=48 posCols=3 newCols=3 effImprove=3 updated=0
    [CG] CG iter 49: obj=1245648.540293, maxRC=4681.557060, +3 cols
    [CG]   [DIAG] iter=49 posCols=3 newCols=3 effImprove=3 updated=0
    [CG] CG iter 50: obj=1245648.540293, maxRC=4318.354959, +4 cols
    [CG]   [DIAG] iter=50 posCols=4 newCols=4 effImprove=4 updated=0
    [CG] CG iter 51: obj=1245648.540293, maxRC=148.857646, +2 cols
    [CG]   [DIAG] iter=51 posCols=2 newCols=1 effImprove=2 updated=1
    [CG] CG iter 52: obj=1245648.540293, maxRC=39.736989, +2 cols
    [CG]   [DIAG] iter=52 posCols=2 newCols=2 effImprove=2 updated=0
    [CG] CG iter 53: obj=1245648.540293, maxRC=27.073582, +1 cols
    [CG]   [DIAG] iter=53 posCols=1 newCols=1 effImprove=1 updated=0
    [CG] 列生成收敛，共 54 轮迭代
    [CG] [CG-NODE] depth=0 exit=CERTIFIED certified=1 feasible=1 iters=54 generatedColsBeforeNode=0 newCols=309 posCandidates=310 duplicateCandidates=1 updatedCols=1 zeroObjImproveIters=32 objFirst=212016.471152 objLast=1245648.540293 objGain=1033632.069141 maxRC=774539.478219 wallSec=1.513509 pricingSec=1.467050 cplexSolveSec=0.019362
      [BB] 根节点即为整数解，obj=1245648.540293
