    [CG] 列生成开始，初始列数=310
    [CG] CG iter 1: obj=860984.592073, maxRC=1055520.901210, +30 cols
    [CG]   [DIAG] iter=1 posCols=30 newCols=30 effImprove=30 updated=0
    [CG] CG iter 2: obj=1396398.060552, maxRC=330926.933495, +30 cols
    [CG]   [DIAG] iter=2 posCols=30 newCols=30 effImprove=30 updated=0
    [CG] CG iter 3: obj=1677115.978149, maxRC=580142.447648, +30 cols
    [CG]   [DIAG] iter=3 posCols=30 newCols=30 effImprove=30 updated=0
    [CG] CG iter 4: obj=1772808.662201, maxRC=233177.329846, +26 cols
    [CG]   [DIAG] iter=4 posCols=26 newCols=26 effImprove=26 updated=0
    [CG] CG iter 5: obj=1934490.093241, maxRC=189731.971701, +29 cols
    [CG]   [DIAG] iter=5 posCols=29 newCols=29 effImprove=29 updated=0
    [CG] CG iter 6: obj=1982707.625391, maxRC=163756.426485, +25 cols
    [CG]   [DIAG] iter=6 posCols=25 newCols=24 effImprove=25 updated=1
    [CG] CG iter 7: obj=2020145.145359, maxRC=157434.213644, +25 cols
    [CG]   [DIAG] iter=7 posCols=25 newCols=25 effImprove=25 updated=0
    [CG] CG iter 8: obj=2034310.998644, maxRC=121443.177718, +20 cols
    [CG]   [DIAG] iter=8 posCols=20 newCols=20 effImprove=20 updated=0
    [CG] CG iter 9: obj=2049386.254111, maxRC=119088.308967, +24 cols
    [CG]   [DIAG] iter=9 posCols=24 newCols=24 effImprove=24 updated=0
    [CG] CG iter 10: obj=2080524.507478, maxRC=97708.977227, +23 cols
    [CG]   [DIAG] iter=10 posCols=23 newCols=23 effImprove=23 updated=0
    [CG] CG iter 11: obj=2101451.303476, maxRC=45163.942136, +17 cols
    [CG]   [DIAG] iter=11 posCols=17 newCols=16 effImprove=17 updated=1
    [CG] CG iter 12: obj=2109348.487650, maxRC=66565.101391, +10 cols
    [CG]   [DIAG] iter=12 posCols=10 newCols=10 effImprove=10 updated=0
    [CG] CG iter 13: obj=2109348.487650, maxRC=29297.307632, +10 cols
    [CG]   [DIAG] iter=13 posCols=10 newCols=10 effImprove=10 updated=0
    [CG] CG iter 14: obj=2111276.862208, maxRC=38019.865049, +7 cols
    [CG]   [DIAG] iter=14 posCols=7 newCols=7 effImprove=7 updated=0
    [CG] CG iter 15: obj=2111276.862208, maxRC=27730.340714, +6 cols
    [CG]   [DIAG] iter=15 posCols=6 newCols=4 effImprove=6 updated=2
    [CG] CG iter 16: obj=2111276.862208, maxRC=32658.475014, +3 cols
    [CG]   [DIAG] iter=16 posCols=3 newCols=3 effImprove=3 updated=0
    [CG] CG iter 17: obj=2111276.862208, maxRC=15976.795670, +3 cols
    [CG]   [DIAG] iter=17 posCols=3 newCols=3 effImprove=3 updated=0
    [CG] CG iter 18: obj=2127253.657878, maxRC=11055.120439, +3 cols
    [CG]   [DIAG] iter=18 posCols=3 newCols=3 effImprove=3 updated=0
    [CG] CG iter 19: obj=2127253.657878, maxRC=20285.331529, +5 cols
    [CG]   [DIAG] iter=19 posCols=5 newCols=5 effImprove=5 updated=0
    [CG] CG iter 20: obj=2127253.657878, maxRC=12828.056080, +3 cols
    [CG]   [DIAG] iter=20 posCols=3 newCols=3 effImprove=3 updated=0
    [CG] CG iter 21: obj=2127253.657878, maxRC=7482.018566, +3 cols
    [CG]   [DIAG] iter=21 posCols=3 newCols=3 effImprove=3 updated=0
    [CG] CG iter 22: obj=2127253.657878, maxRC=2976.767901, +1 cols
    [CG]   [DIAG] iter=22 posCols=1 newCols=1 effImprove=1 updated=0
    [CG] CG iter 23: obj=2127253.657878, maxRC=2075.544616, +1 cols
    [CG]   [DIAG] iter=23 posCols=1 newCols=1 effImprove=1 updated=0
    [CG] CG iter 24: obj=2127253.657878, maxRC=1867.063294, +1 cols
    [CG]   [DIAG] iter=24 posCols=1 newCols=1 effImprove=1 updated=0
    [CG] CG iter 25: obj=2127253.657878, maxRC=1000.669843, +1 cols
    [CG]   [DIAG] iter=25 posCols=1 newCols=1 effImprove=1 updated=0
    [CG] CG iter 26: obj=2127253.657878, maxRC=1105.802503, +1 cols
    [CG]   [DIAG] iter=26 posCols=1 newCols=1 effImprove=1 updated=0
    [CG] CG iter 27: obj=2127253.657878, maxRC=550.928832, +1 cols
    [CG]   [DIAG] iter=27 posCols=1 newCols=1 effImprove=1 updated=0
    [CG] CG iter 28: obj=2127253.657878, maxRC=289.795408, +1 cols
    [CG]   [DIAG] iter=28 posCols=1 newCols=1 effImprove=1 updated=0
    [CG] CG iter 29: obj=2127253.657878, maxRC=218.195219, +1 cols
    [CG]   [DIAG] iter=29 posCols=1 newCols=1 effImprove=1 updated=0
    [CG] 列生成收敛，共 30 轮迭代
    [CG] [CG-NODE] depth=0 exit=CERTIFIED certified=1 feasible=1 iters=30 generatedColsBeforeNode=0 newCols=336 posCandidates=340 duplicateCandidates=4 updatedCols=4 zeroObjImproveIters=16 objFirst=860984.592073 objLast=2127253.657878 objGain=1266269.065805 maxRC=1055520.901210 wallSec=0.175145 pricingSec=0.160142 cplexSolveSec=0.010002
      [BB] 根节点即为整数解，obj=2127253.657878
