    [CG] 列生成开始，初始列数=310
    [CG] CG iter 1: obj=855392.159732, maxRC=1056079.050661, +30 cols
    [CG]   [DIAG] iter=1 posCols=30 newCols=30 effImprove=30 updated=0
    [CG] CG iter 2: obj=1390944.701042, maxRC=341991.959501, +30 cols
    [CG]   [DIAG] iter=2 posCols=30 newCols=30 effImprove=30 updated=0
    [CG] CG iter 3: obj=1643698.240823, maxRC=508814.802184, +30 cols
    [CG]   [DIAG] iter=3 posCols=30 newCols=30 effImprove=30 updated=0
    [CG] CG iter 4: obj=1776395.951800, maxRC=220531.177220, +28 cols
    [CG]   [DIAG] iter=4 posCols=28 newCols=28 effImprove=28 updated=0
    [CG] CG iter 5: obj=1929841.118833, maxRC=167560.023572, +26 cols
    [CG]   [DIAG] iter=5 posCols=26 newCols=26 effImprove=26 updated=0
    [CG] CG iter 6: obj=1962235.353683, maxRC=112087.371269, +22 cols
    [CG]   [DIAG] iter=6 posCols=22 newCols=22 effImprove=22 updated=0
    [CG] CG iter 7: obj=2043856.952924, maxRC=187501.574681, +24 cols
    [CG]   [DIAG] iter=7 posCols=24 newCols=24 effImprove=24 updated=0
    [CG] CG iter 8: obj=2052649.634629, maxRC=151351.261683, +22 cols
    [CG]   [DIAG] iter=8 posCols=22 newCols=22 effImprove=22 updated=0
    [CG] CG iter 9: obj=2084450.721777, maxRC=190143.862804, +24 cols
    [CG]   [DIAG] iter=9 posCols=24 newCols=24 effImprove=24 updated=0
    [CG] CG iter 10: obj=2097852.803493, maxRC=62059.105951, +15 cols
    [CG]   [DIAG] iter=10 posCols=15 newCols=13 effImprove=15 updated=2
    [CG] CG iter 11: obj=2111276.862208, maxRC=57613.642097, +14 cols
    [CG]   [DIAG] iter=11 posCols=14 newCols=11 effImprove=14 updated=3
    [CG] CG iter 12: obj=2111276.862208, maxRC=54926.060807, +7 cols
    [CG]   [DIAG] iter=12 posCols=7 newCols=7 effImprove=7 updated=0
    [CG] CG iter 13: obj=2111276.862208, maxRC=27685.942004, +8 cols
    [CG]   [DIAG] iter=13 posCols=8 newCols=8 effImprove=8 updated=0
    [CG] CG iter 14: obj=2111276.862208, maxRC=15976.795670, +6 cols
    [CG]   [DIAG] iter=14 posCols=6 newCols=6 effImprove=6 updated=0
    [CG] CG iter 15: obj=2127253.657878, maxRC=17703.190669, +7 cols
    [CG]   [DIAG] iter=15 posCols=7 newCols=7 effImprove=7 updated=0
    [CG] CG iter 16: obj=2127253.657878, maxRC=3961.830533, +3 cols
    [CG]   [DIAG] iter=16 posCols=3 newCols=3 effImprove=3 updated=0
    [CG] CG iter 17: obj=2127253.657878, maxRC=4138.009583, +3 cols
    [CG]   [DIAG] iter=17 posCols=3 newCols=3 effImprove=3 updated=0
    [CG] CG iter 18: obj=2127253.657878, maxRC=1633.564951, +1 cols
    [CG]   [DIAG] iter=18 posCols=1 newCols=1 effImprove=1 updated=0
    [CG] 列生成收敛，共 19 轮迭代
    [CG] [CG-NODE] depth=0 exit=CERTIFIED certified=1 feasible=1 iters=19 generatedColsBeforeNode=0 newCols=295 posCandidates=300 duplicateCandidates=5 updatedCols=5 zeroObjImproveIters=7 objFirst=855392.159732 objLast=2127253.657878 objGain=1271861.498146 maxRC=1056079.050661 wallSec=0.156823 pricingSec=0.146263 cplexSolveSec=0.006921
      [BB] 根节点即为整数解，obj=2127253.657878
