    [CG] 列生成开始，初始列数=310
    [CG] CG iter 1: obj=755436.137470, maxRC=1205503.709070, +30 cols
    [CG]   [DIAG] iter=1 posCols=30 newCols=30 effImprove=30 updated=0
    [CG] CG iter 2: obj=1487281.243351, maxRC=326500.015095, +15 cols
    [CG]   [DIAG] iter=2 posCols=15 newCols=15 effImprove=15 updated=0
    [CG] CG iter 3: obj=1745818.434534, maxRC=390959.618300, +29 cols
    [CG]   [DIAG] iter=3 posCols=29 newCols=29 effImprove=29 updated=0
    [CG] CG iter 4: obj=1784243.652117, maxRC=237303.965110, +21 cols
    [CG]   [DIAG] iter=4 posCols=21 newCols=21 effImprove=21 updated=0
    [CG] CG iter 5: obj=1784243.652117, maxRC=144960.397407, +17 cols
    [CG]   [DIAG] iter=5 posCols=17 newCols=17 effImprove=17 updated=0
    [CG] CG iter 6: obj=1790167.864046, maxRC=117416.652319, +13 cols
    [CG]   [DIAG] iter=6 posCols=13 newCols=13 effImprove=13 updated=0
    [CG] CG iter 7: obj=1808863.497807, maxRC=161697.057982, +7 cols
    [CG]   [DIAG] iter=7 posCols=7 newCols=7 effImprove=7 updated=0
    [CG] CG iter 8: obj=1808982.725199, maxRC=163642.641134, +11 cols
    [CG]   [DIAG] iter=8 posCols=11 newCols=11 effImprove=11 updated=0
    [CG] CG iter 9: obj=1808982.725199, maxRC=160952.033479, +6 cols
    [CG]   [DIAG] iter=9 posCols=6 newCols=6 effImprove=6 updated=0
    [CG] CG iter 10: obj=1808982.725199, maxRC=146278.250509, +12 cols
    [CG]   [DIAG] iter=10 posCols=12 newCols=12 effImprove=12 updated=0
    [CG] CG iter 11: obj=1831439.087660, maxRC=144786.352444, +6 cols
    [CG]   [DIAG] iter=11 posCols=6 newCols=6 effImprove=6 updated=0
    [CG] CG iter 12: obj=1831439.087660, maxRC=78665.828307, +6 cols
    [CG]   [DIAG] iter=12 posCols=6 newCols=6 effImprove=6 updated=0
    [CG] CG iter 13: obj=1840185.539867, maxRC=103006.353117, +6 cols
    [CG]   [DIAG] iter=13 posCols=6 newCols=6 effImprove=6 updated=0
    [CG] CG iter 14: obj=1840185.539867, maxRC=59793.950284, +6 cols
    [CG]   [DIAG] iter=14 posCols=6 newCols=6 effImprove=6 updated=0
    [CG] CG iter 15: obj=1840185.539867, maxRC=55012.144775, +6 cols
    [CG]   [DIAG] iter=15 posCols=6 newCols=6 effImprove=6 updated=0
    [CG] CG iter 16: obj=1846288.144413, maxRC=25077.707734, +6 cols
    [CG]   [DIAG] iter=16 posCols=6 newCols=6 effImprove=6 updated=0
    [CG] CG iter 17: obj=1856729.320597, maxRC=33636.054033, +6 cols
    [CG]   [DIAG] iter=17 posCols=6 newCols=6 effImprove=6 updated=0
    [CG] CG iter 18: obj=1859050.494791, maxRC=17347.124254, +6 cols
    [CG]   [DIAG] iter=18 posCols=6 newCols=6 effImprove=6 updated=0
    [CG] CG iter 19: obj=1865970.453233, maxRC=15614.693989, +5 cols
    [CG]   [DIAG] iter=19 posCols=5 newCols=5 effImprove=5 updated=0
    [CG] CG iter 20: obj=1870468.370384, maxRC=9277.237445, +3 cols
    [CG]   [DIAG] iter=20 posCols=3 newCols=3 effImprove=3 updated=0
    [CG] CG iter 21: obj=1870468.370384, maxRC=7806.711551, +3 cols
    [CG]   [DIAG] iter=21 posCols=3 newCols=3 effImprove=3 updated=0
    [CG] CG iter 22: obj=1870468.370384, maxRC=3481.316327, +3 cols
    [CG]   [DIAG] iter=22 posCols=3 newCols=3 effImprove=3 updated=0
    [CG] CG iter 23: obj=1872209.028548, maxRC=1093.781430, +3 cols
    [CG]   [DIAG] iter=23 posCols=3 newCols=3 effImprove=3 updated=0
    [CG] CG iter 24: obj=1872209.028548, maxRC=17.564632, +1 cols
    [CG]   [DIAG] iter=24 posCols=1 newCols=1 effImprove=1 updated=0
    [CG] 列生成收敛，共 25 轮迭代
    [CG] [CG-NODE] depth=0 exit=CERTIFIED certified=1 feasible=1 iters=25 generatedColsBeforeNode=0 newCols=227 posCandidates=227 duplicateCandidates=0 updatedCols=0 zeroObjImproveIters=10 objFirst=755436.137470 objLast=1872209.028548 objGain=1116772.891078 maxRC=1205503.709070 wallSec=0.178395 pricingSec=0.164413 cplexSolveSec=0.009168
      [BB] 分支定界开始，根节点LP obj=1872209.028548，最大节点数=10000
      [BB] 根节点启发式下界 LB=1751071.396073（上界=1872209.028548）
    [CG] [BB-DIAG] 分支 x_{dc=0,retailer=5}, 节点数=1
    [CG] 列生成开始，初始列数=495
    [CG] CG iter 26: obj=1871460.192543, maxRC=149572.083790, +26 cols
    [CG]   [DIAG] iter=26 posCols=26 newCols=26 effImprove=26 updated=0
    [CG] CG iter 27: obj=1871460.192543, maxRC=78513.050303, +21 cols
    [CG]   [DIAG] iter=27 posCols=21 newCols=20 effImprove=21 updated=1
    [CG] CG iter 28: obj=1871460.192543, maxRC=39036.645048, +9 cols
    [CG]   [DIAG] iter=28 posCols=9 newCols=9 effImprove=9 updated=0
    [CG] CG iter 29: obj=1871460.192543, maxRC=32776.385887, +7 cols
    [CG]   [DIAG] iter=29 posCols=7 newCols=7 effImprove=7 updated=0
    [CG] CG iter 30: obj=1871460.192543, maxRC=47007.060548, +6 cols
    [CG]   [DIAG] iter=30 posCols=6 newCols=6 effImprove=6 updated=0
    [CG] CG iter 31: obj=1871460.192543, maxRC=23024.443107, +6 cols
    [CG]   [DIAG] iter=31 posCols=6 newCols=6 effImprove=6 updated=0
    [CG] CG iter 32: obj=1871460.192543, maxRC=13363.156899, +5 cols
    [CG]   [DIAG] iter=32 posCols=5 newCols=5 effImprove=5 updated=0
    [CG] CG iter 33: obj=1871460.192543, maxRC=8211.609355, +5 cols
    [CG]   [DIAG] iter=33 posCols=5 newCols=5 effImprove=5 updated=0
    [CG] CG iter 34: obj=1871460.192543, maxRC=5231.470634, +3 cols
    [CG]   [DIAG] iter=34 posCols=3 newCols=3 effImprove=3 updated=0
    [CG] CG iter 35: obj=1871460.192543, maxRC=6945.059950, +2 cols
    [CG]   [DIAG] iter=35 posCols=2 newCols=2 effImprove=2 updated=0
    [CG] CG iter 36: obj=1871460.192543, maxRC=6141.862943, +1 cols
    [CG]   [DIAG] iter=36 posCols=1 newCols=1 effImprove=1 updated=0
    [CG] CG iter 37: obj=1871460.192543, maxRC=214.037904, +1 cols
    [CG]   [DIAG] iter=37 posCols=1 newCols=1 effImprove=1 updated=0
    [CG] CG iter 38: obj=1871460.192543, maxRC=131.969639, +1 cols
    [CG]   [DIAG] iter=38 posCols=1 newCols=1 effImprove=1 updated=0
    [CG] 列生成收敛，共 39 轮迭代
    [CG] [CG-NODE] depth=1 exit=CERTIFIED certified=1 feasible=1 iters=14 generatedColsBeforeNode=227 newCols=92 posCandidates=93 duplicateCandidates=1 updatedCols=1 zeroObjImproveIters=13 objFirst=1871460.192543 objLast=1871460.192543 objGain=-0.000000 maxRC=149572.083790 wallSec=0.087122 pricingSec=0.078795 cplexSolveSec=0.005759
    [CG] 列生成开始，初始列数=486
    [CG] CG iter 40: obj=1832474.192579, maxRC=85991.089041, +16 cols
    [CG]   [DIAG] iter=40 posCols=16 newCols=16 effImprove=16 updated=0
    [CG] CG iter 41: obj=1851085.166045, maxRC=136232.242584, +12 cols
    [CG]   [DIAG] iter=41 posCols=12 newCols=12 effImprove=12 updated=0
    [CG] CG iter 42: obj=1851085.166045, maxRC=54375.150520, +8 cols
    [CG]   [DIAG] iter=42 posCols=8 newCols=8 effImprove=8 updated=0
    [CG] CG iter 43: obj=1851085.166045, maxRC=25022.465491, +5 cols
    [CG]   [DIAG] iter=43 posCols=5 newCols=5 effImprove=5 updated=0
    [CG] CG iter 44: obj=1851085.166045, maxRC=35167.164471, +5 cols
    [CG]   [DIAG] iter=44 posCols=5 newCols=5 effImprove=5 updated=0
    [CG] CG iter 45: obj=1851085.166045, maxRC=22094.175461, +5 cols
    [CG]   [DIAG] iter=45 posCols=5 newCols=5 effImprove=5 updated=0
    [CG] CG iter 46: obj=1855231.752872, maxRC=27934.190834, +6 cols
    [CG]   [DIAG] iter=46 posCols=6 newCols=6 effImprove=6 updated=0
    [CG] CG iter 47: obj=1855231.752872, maxRC=26566.404147, +5 cols
    [CG]   [DIAG] iter=47 posCols=5 newCols=5 effImprove=5 updated=0
    [CG] CG iter 48: obj=1855231.752872, maxRC=27002.015373, +5 cols
    [CG]   [DIAG] iter=48 posCols=5 newCols=5 effImprove=5 updated=0
    [CG] CG iter 49: obj=1855231.752872, maxRC=15630.891003, +5 cols
    [CG]   [DIAG] iter=49 posCols=5 newCols=5 effImprove=5 updated=0
    [CG] CG iter 50: obj=1863848.666154, maxRC=10330.435924, +4 cols
    [CG]   [DIAG] iter=50 posCols=4 newCols=4 effImprove=4 updated=0
    [CG] CG iter 51: obj=1864139.661203, maxRC=7303.578110, +3 cols
    [CG]   [DIAG] iter=51 posCols=3 newCols=3 effImprove=3 updated=0
    [CG] CG iter 52: obj=1864139.661203, maxRC=3662.660221, +3 cols
    [CG]   [DIAG] iter=52 posCols=3 newCols=3 effImprove=3 updated=0
    [CG] CG iter 53: obj=1864139.661203, maxRC=1189.077687, +3 cols
    [CG]   [DIAG] iter=53 posCols=3 newCols=3 effImprove=3 updated=0
    [CG] 列生成收敛，共 54 轮迭代
    [CG] [CG-NODE] depth=1 exit=CERTIFIED certified=1 feasible=1 iters=15 generatedColsBeforeNode=319 newCols=85 posCandidates=85 duplicateCandidates=0 updatedCols=0 zeroObjImproveIters=10 objFirst=1832474.192579 objLast=1864139.661203 objGain=31665.468624 maxRC=136232.242584 wallSec=0.039507 pricingSec=0.031901 cplexSolveSec=0.005582
    [CG] [BB-INCUMBENT] selection=2 node=1 previous=1751071.396073 value=1864139.661203 active=1
    [CG] [BB-NODESEL] strategy=hybrid choice=dfs eligibleCount=1 active=1 gap=0.003927
    [CG] [BB-INCUMBENT] selection=3 node=1 previous=1864139.661203 value=1871460.192543 active=0
      [BB] 分支定界结束：处理 3 节点，剪枝 0，剩余活跃 0，整数解 3，状态=OPTIMAL，最好可行 obj=1871460.192543，gap=0.000000
