    [CG] 列生成开始，初始列数=310
    [CG] CG iter 1: obj=590329.028365, maxRC=1373394.638815, +30 cols
    [CG]   [DIAG] iter=1 posCols=30 newCols=30 effImprove=30 updated=0
    [CG] CG iter 2: obj=1560298.831442, maxRC=299799.890556, +14 cols
    [CG]   [DIAG] iter=2 posCols=14 newCols=14 effImprove=14 updated=0
    [CG] CG iter 3: obj=1619513.279403, maxRC=706442.960798, +23 cols
    [CG]   [DIAG] iter=3 posCols=23 newCols=23 effImprove=23 updated=0
    [CG] CG iter 4: obj=1645631.410869, maxRC=533664.217992, +24 cols
    [CG]   [DIAG] iter=4 posCols=24 newCols=24 effImprove=24 updated=0
    [CG] CG iter 5: obj=1661728.131442, maxRC=513251.879426, +22 cols
    [CG]   [DIAG] iter=5 posCols=22 newCols=22 effImprove=22 updated=0
    [CG] CG iter 6: obj=1665441.556913, maxRC=442755.149768, +16 cols
    [CG]   [DIAG] iter=6 posCols=16 newCols=16 effImprove=16 updated=0
    [CG] CG iter 7: obj=1675288.903021, maxRC=436367.128920, +13 cols
    [CG]   [DIAG] iter=7 posCols=13 newCols=13 effImprove=13 updated=0
    [CG] CG iter 8: obj=1706401.206201, maxRC=375417.892639, +17 cols
    [CG]   [DIAG] iter=8 posCols=17 newCols=17 effImprove=17 updated=0
    [CG] CG iter 9: obj=1712274.925543, maxRC=330157.302292, +12 cols
    [CG]   [DIAG] iter=9 posCols=12 newCols=11 effImprove=12 updated=1
    [CG] CG iter 10: obj=1736802.089954, maxRC=140879.803818, +10 cols
    [CG]   [DIAG] iter=10 posCols=10 newCols=10 effImprove=10 updated=0
    [CG] CG iter 11: obj=1759566.661817, maxRC=139013.692291, +9 cols
    [CG]   [DIAG] iter=11 posCols=9 newCols=9 effImprove=9 updated=0
    [CG] CG iter 12: obj=1767099.866426, maxRC=106737.153861, +6 cols
    [CG]   [DIAG] iter=12 posCols=6 newCols=6 effImprove=6 updated=0
    [CG] CG iter 13: obj=1771929.024053, maxRC=54203.924913, +10 cols
    [CG]   [DIAG] iter=13 posCols=10 newCols=10 effImprove=10 updated=0
    [CG] CG iter 14: obj=1798119.244706, maxRC=108413.998532, +8 cols
    [CG]   [DIAG] iter=14 posCols=8 newCols=8 effImprove=8 updated=0
    [CG] CG iter 15: obj=1798119.244706, maxRC=160576.740896, +8 cols
    [CG]   [DIAG] iter=15 posCols=8 newCols=8 effImprove=8 updated=0
    [CG] CG iter 16: obj=1798119.244706, maxRC=71987.667821, +6 cols
    [CG]   [DIAG] iter=16 posCols=6 newCols=6 effImprove=6 updated=0
    [CG] CG iter 17: obj=1798119.244706, maxRC=44146.839762, +6 cols
    [CG]   [DIAG] iter=17 posCols=6 newCols=6 effImprove=6 updated=0
    [CG] CG iter 18: obj=1798119.244706, maxRC=39667.822880, +6 cols
    [CG]   [DIAG] iter=18 posCols=6 newCols=6 effImprove=6 updated=0
    [CG] CG iter 19: obj=1798781.908919, maxRC=45791.401673, +6 cols
    [CG]   [DIAG] iter=19 posCols=6 newCols=6 effImprove=6 updated=0
    [CG] CG iter 20: obj=1803655.393278, maxRC=18501.115232, +5 cols
    [CG]   [DIAG] iter=20 posCols=5 newCols=5 effImprove=5 updated=0
    [CG] CG iter 21: obj=1810695.083256, maxRC=12772.039085, +5 cols
    [CG]   [DIAG] iter=21 posCols=5 newCols=5 effImprove=5 updated=0
    [CG] CG iter 22: obj=1810695.083256, maxRC=10981.480154, +5 cols
    [CG]   [DIAG] iter=22 posCols=5 newCols=4 effImprove=5 updated=1
    [CG] CG iter 23: obj=1817340.703644, maxRC=4489.691516, +2 cols
    [CG]   [DIAG] iter=23 posCols=2 newCols=1 effImprove=2 updated=1
    [CG] CG iter 24: obj=1817340.703644, maxRC=2667.114679, +2 cols
    [CG]   [DIAG] iter=24 posCols=2 newCols=2 effImprove=2 updated=0
    [CG] CG iter 25: obj=1817340.703644, maxRC=1529.892486, +2 cols
    [CG]   [DIAG] iter=25 posCols=2 newCols=2 effImprove=2 updated=0
    [CG] CG iter 26: obj=1817340.703644, maxRC=802.099006, +1 cols
    [CG]   [DIAG] iter=26 posCols=1 newCols=1 effImprove=1 updated=0
    [CG] CG iter 27: obj=1817340.703644, maxRC=626.017455, +1 cols
    [CG]   [DIAG] iter=27 posCols=1 newCols=1 effImprove=1 updated=0
    [CG] CG iter 28: obj=1817340.703644, maxRC=354.007794, +1 cols
    [CG]   [DIAG] iter=28 posCols=1 newCols=1 effImprove=1 updated=0
    [CG] CG iter 29: obj=1817340.703644, maxRC=308.372513, +1 cols
    [CG]   [DIAG] iter=29 posCols=1 newCols=1 effImprove=1 updated=0
    [CG] CG iter 30: obj=1817340.703644, maxRC=94.917412, +1 cols
    [CG]   [DIAG] iter=30 posCols=1 newCols=1 effImprove=1 updated=0
    [CG] 列生成收敛，共 31 轮迭代
    [CG] [CG-NODE] depth=0 exit=CERTIFIED certified=1 feasible=1 iters=31 generatedColsBeforeNode=0 newCols=269 posCandidates=272 duplicateCandidates=3 updatedCols=3 zeroObjImproveIters=13 objFirst=590329.028365 objLast=1817340.703644 objGain=1227011.675279 maxRC=1373394.638815 wallSec=0.430960 pricingSec=0.393985 cplexSolveSec=0.011667
      [BB] 分支定界开始，根节点LP obj=1817340.703644，最大节点数=10000
      [BB] 根节点启发式下界 LB=1651850.593581（上界=1817340.703644）
    [CG] [BB-DIAG] 分支 x_{dc=0,retailer=2}, 节点数=1
    [CG] 列生成开始，初始列数=529
    [CG] CG iter 32: obj=1768953.143869, maxRC=268957.214432, +14 cols
    [CG]   [DIAG] iter=32 posCols=14 newCols=14 effImprove=14 updated=0
    [CG] CG iter 33: obj=1768953.143869, maxRC=231769.023377, +9 cols
    [CG]   [DIAG] iter=33 posCols=9 newCols=8 effImprove=9 updated=1
    [CG] CG iter 34: obj=1768953.143869, maxRC=230069.133519, +7 cols
    [CG]   [DIAG] iter=34 posCols=7 newCols=7 effImprove=7 updated=0
    [CG] CG iter 35: obj=1776872.777517, maxRC=224736.174891, +7 cols
    [CG]   [DIAG] iter=35 posCols=7 newCols=7 effImprove=7 updated=0
    [CG] CG iter 36: obj=1785158.331853, maxRC=176039.263058, +6 cols
    [CG]   [DIAG] iter=36 posCols=6 newCols=6 effImprove=6 updated=0
    [CG] CG iter 37: obj=1787176.426396, maxRC=71270.414475, +8 cols
    [CG]   [DIAG] iter=37 posCols=8 newCols=7 effImprove=8 updated=1
    [CG] CG iter 38: obj=1802712.713310, maxRC=40226.457381, +5 cols
    [CG]   [DIAG] iter=38 posCols=5 newCols=5 effImprove=5 updated=0
    [CG] CG iter 39: obj=1803019.430355, maxRC=19901.291976, +3 cols
    [CG]   [DIAG] iter=39 posCols=3 newCols=3 effImprove=3 updated=0
    [CG] CG iter 40: obj=1804619.667249, maxRC=21485.308175, +3 cols
    [CG]   [DIAG] iter=40 posCols=3 newCols=2 effImprove=3 updated=1
    [CG] CG iter 41: obj=1807599.787269, maxRC=20520.914248, +5 cols
    [CG]   [DIAG] iter=41 posCols=5 newCols=5 effImprove=5 updated=0
    [CG] CG iter 42: obj=1807599.787269, maxRC=4631.930249, +2 cols
    [CG]   [DIAG] iter=42 posCols=2 newCols=2 effImprove=2 updated=0
    [CG] CG iter 43: obj=1809561.150195, maxRC=1252.786085, +2 cols
    [CG]   [DIAG] iter=43 posCols=2 newCols=2 effImprove=2 updated=0
    [CG] CG iter 44: obj=1809561.150195, maxRC=678.770250, +1 cols
    [CG]   [DIAG] iter=44 posCols=1 newCols=1 effImprove=1 updated=0
    [CG] 列生成收敛，共 45 轮迭代
    [CG] [CG-NODE] depth=1 exit=CERTIFIED certified=1 feasible=1 iters=14 generatedColsBeforeNode=269 newCols=69 posCandidates=72 duplicateCandidates=3 updatedCols=3 zeroObjImproveIters=5 objFirst=1768953.143869 objLast=1809561.150195 objGain=40608.006326 maxRC=268957.214432 wallSec=0.126778 pricingSec=0.119024 cplexSolveSec=0.005555
    [CG] 列生成开始，初始列数=532
    [CG] CG iter 46: obj=1805422.577150, maxRC=75724.454735, +12 cols
    [CG]   [DIAG] iter=46 posCols=12 newCols=12 effImprove=12 updated=0
    [CG] CG iter 47: obj=1805422.577150, maxRC=68265.916174, +8 cols
    [CG]   [DIAG] iter=47 posCols=8 newCols=8 effImprove=8 updated=0
    [CG] CG iter 48: obj=1805422.577150, maxRC=69783.885341, +7 cols
    [CG]   [DIAG] iter=48 posCols=7 newCols=7 effImprove=7 updated=0
    [CG] CG iter 49: obj=1805422.577150, maxRC=55705.649819, +7 cols
    [CG]   [DIAG] iter=49 posCols=7 newCols=7 effImprove=7 updated=0
    [CG] CG iter 50: obj=1805422.577150, maxRC=44157.069804, +7 cols
    [CG]   [DIAG] iter=50 posCols=7 newCols=7 effImprove=7 updated=0
    [CG] CG iter 51: obj=1805422.577150, maxRC=26429.076452, +6 cols
    [CG]   [DIAG] iter=51 posCols=6 newCols=6 effImprove=6 updated=0
    [CG] CG iter 52: obj=1805422.577150, maxRC=27776.746703, +6 cols
    [CG]   [DIAG] iter=52 posCols=6 newCols=6 effImprove=6 updated=0
    [CG] CG iter 53: obj=1805422.577150, maxRC=11569.441688, +6 cols
    [CG]   [DIAG] iter=53 posCols=6 newCols=6 effImprove=6 updated=0
    [CG] CG iter 54: obj=1816992.018838, maxRC=18305.535822, +5 cols
    [CG]   [DIAG] iter=54 posCols=5 newCols=5 effImprove=5 updated=0
    [CG] CG iter 55: obj=1816992.018838, maxRC=5563.563912, +4 cols
    [CG]   [DIAG] iter=55 posCols=4 newCols=4 effImprove=4 updated=0
    [CG] CG iter 56: obj=1816992.018838, maxRC=5664.158288, +5 cols
    [CG]   [DIAG] iter=56 posCols=5 newCols=5 effImprove=5 updated=0
    [CG] CG iter 57: obj=1816992.018838, maxRC=3351.765916, +3 cols
    [CG]   [DIAG] iter=57 posCols=3 newCols=3 effImprove=3 updated=0
    [CG] 列生成收敛，共 58 轮迭代
    [CG] [CG-NODE] depth=1 exit=CERTIFIED certified=1 feasible=1 iters=13 generatedColsBeforeNode=338 newCols=76 posCandidates=76 duplicateCandidates=0 updatedCols=0 zeroObjImproveIters=11 objFirst=1805422.577150 objLast=1816992.018838 objGain=11569.441688 maxRC=75724.454735 wallSec=0.087724 pricingSec=0.080681 cplexSolveSec=0.005013
    [CG] [BB-INCUMBENT] selection=2 node=1 previous=1651850.593581 value=1816992.018838 active=1
    [CG] [BB-NODESEL] strategy=hybrid choice=dfs eligibleCount=1 active=1 gap=0.000000
      [BB] 分支定界结束：处理 3 节点，剪枝 1，剩余活跃 0，整数解 2，状态=OPTIMAL，最好可行 obj=1816992.018838，gap=0.000000
