    [CG] 列生成开始，初始列数=310
    [CG] CG iter 1: obj=766301.072290, maxRC=1255542.294214, +30 cols
    [CG]   [DIAG] iter=1 posCols=30 newCols=30 effImprove=30 updated=0
    [CG] CG iter 2: obj=1543983.201434, maxRC=289129.052570, +16 cols
    [CG]   [DIAG] iter=2 posCols=16 newCols=16 effImprove=16 updated=0
    [CG] CG iter 3: obj=1802360.471983, maxRC=485073.777803, +29 cols
    [CG]   [DIAG] iter=3 posCols=29 newCols=29 effImprove=29 updated=0
    [CG] CG iter 4: obj=1837097.440586, maxRC=123891.918094, +13 cols
    [CG]   [DIAG] iter=4 posCols=13 newCols=13 effImprove=13 updated=0
    [CG] CG iter 5: obj=1839099.753937, maxRC=148311.442546, +13 cols
    [CG]   [DIAG] iter=5 posCols=13 newCols=13 effImprove=13 updated=0
    [CG] CG iter 6: obj=1854416.078151, maxRC=143675.605852, +13 cols
    [CG]   [DIAG] iter=6 posCols=13 newCols=13 effImprove=13 updated=0
    [CG] CG iter 7: obj=1854416.078151, maxRC=149550.320765, +10 cols
    [CG]   [DIAG] iter=7 posCols=10 newCols=10 effImprove=10 updated=0
    [CG] CG iter 8: obj=1858111.888306, maxRC=77990.378696, +9 cols
    [CG]   [DIAG] iter=8 posCols=9 newCols=9 effImprove=9 updated=0
    [CG] CG iter 9: obj=1860172.117502, maxRC=68552.599703, +6 cols
    [CG]   [DIAG] iter=9 posCols=6 newCols=6 effImprove=6 updated=0
    [CG] CG iter 10: obj=1871034.700553, maxRC=140172.309778, +13 cols
    [CG]   [DIAG] iter=10 posCols=13 newCols=13 effImprove=13 updated=0
    [CG] CG iter 11: obj=1880305.762367, maxRC=62738.813945, +7 cols
    [CG]   [DIAG] iter=11 posCols=7 newCols=7 effImprove=7 updated=0
    [CG] CG iter 12: obj=1886617.278941, maxRC=43911.334790, +6 cols
    [CG]   [DIAG] iter=12 posCols=6 newCols=6 effImprove=6 updated=0
    [CG] CG iter 13: obj=1888715.505070, maxRC=33292.917626, +9 cols
    [CG]   [DIAG] iter=13 posCols=9 newCols=9 effImprove=9 updated=0
    [CG] CG iter 14: obj=1890952.250892, maxRC=47655.774590, +6 cols
    [CG]   [DIAG] iter=14 posCols=6 newCols=6 effImprove=6 updated=0
    [CG] CG iter 15: obj=1892836.235091, maxRC=25111.684935, +6 cols
    [CG]   [DIAG] iter=15 posCols=6 newCols=6 effImprove=6 updated=0
    [CG] CG iter 16: obj=1895511.041420, maxRC=16623.625336, +5 cols
    [CG]   [DIAG] iter=16 posCols=5 newCols=5 effImprove=5 updated=0
    [CG] CG iter 17: obj=1896943.949159, maxRC=11853.027237, +5 cols
    [CG]   [DIAG] iter=17 posCols=5 newCols=5 effImprove=5 updated=0
    [CG] CG iter 18: obj=1906558.710197, maxRC=6469.904516, +5 cols
    [CG]   [DIAG] iter=18 posCols=5 newCols=5 effImprove=5 updated=0
    [CG] CG iter 19: obj=1906558.710197, maxRC=10115.487780, +4 cols
    [CG]   [DIAG] iter=19 posCols=4 newCols=4 effImprove=4 updated=0
    [CG] CG iter 20: obj=1906558.710197, maxRC=6087.534724, +3 cols
    [CG]   [DIAG] iter=20 posCols=3 newCols=3 effImprove=3 updated=0
    [CG] CG iter 21: obj=1906558.710197, maxRC=5189.431736, +2 cols
    [CG]   [DIAG] iter=21 posCols=2 newCols=2 effImprove=2 updated=0
    [CG] CG iter 22: obj=1906558.710197, maxRC=860.727479, +2 cols
    [CG]   [DIAG] iter=22 posCols=2 newCols=2 effImprove=2 updated=0
    [CG] CG iter 23: obj=1906558.710197, maxRC=1269.857576, +1 cols
    [CG]   [DIAG] iter=23 posCols=1 newCols=1 effImprove=1 updated=0
    [CG] CG iter 24: obj=1906558.710197, maxRC=282.807437, +1 cols
    [CG]   [DIAG] iter=24 posCols=1 newCols=1 effImprove=1 updated=0
    [CG] CG iter 25: obj=1906558.710197, maxRC=190.481050, +1 cols
    [CG]   [DIAG] iter=25 posCols=1 newCols=1 effImprove=1 updated=0
    [CG] 列生成收敛，共 26 轮迭代
    [CG] [CG-NODE] depth=0 exit=CERTIFIED certified=1 feasible=1 iters=26 generatedColsBeforeNode=0 newCols=215 posCandidates=215 duplicateCandidates=0 updatedCols=0 zeroObjImproveIters=9 objFirst=766301.072290 objLast=1906558.710197 objGain=1140257.637907 maxRC=1255542.294214 wallSec=0.183573 pricingSec=0.169058 cplexSolveSec=0.009578
      [BB] 分支定界开始，根节点LP obj=1906558.710197，最大节点数=10000
      [BB] 根节点启发式下界 LB=1747440.118934（上界=1906558.710197）
    [CG] [BB-DIAG] 分支 x_{dc=0,retailer=5}, 节点数=1
    [CG] 列生成开始，初始列数=493
    [CG] CG iter 27: obj=1904989.518326, maxRC=88966.365920, +14 cols
    [CG]   [DIAG] iter=27 posCols=14 newCols=14 effImprove=14 updated=0
    [CG] CG iter 28: obj=1904989.518326, maxRC=38560.211374, +8 cols
    [CG]   [DIAG] iter=28 posCols=8 newCols=8 effImprove=8 updated=0
    [CG] CG iter 29: obj=1904989.518326, maxRC=24089.290774, +8 cols
    [CG]   [DIAG] iter=29 posCols=8 newCols=8 effImprove=8 updated=0
    [CG] CG iter 30: obj=1904989.518326, maxRC=9898.109622, +4 cols
    [CG]   [DIAG] iter=30 posCols=4 newCols=4 effImprove=4 updated=0
    [CG] CG iter 31: obj=1904989.518326, maxRC=497.996127, +3 cols
    [CG]   [DIAG] iter=31 posCols=3 newCols=3 effImprove=3 updated=0
    [CG] CG iter 32: obj=1904989.518326, maxRC=661.217773, +1 cols
    [CG]   [DIAG] iter=32 posCols=1 newCols=1 effImprove=1 updated=0
    [CG] CG iter 33: obj=1904989.518326, maxRC=399.605007, +1 cols
    [CG]   [DIAG] iter=33 posCols=1 newCols=1 effImprove=1 updated=0
    [CG] CG iter 34: obj=1904989.518326, maxRC=267.569546, +1 cols
    [CG]   [DIAG] iter=34 posCols=1 newCols=1 effImprove=1 updated=0
    [CG] 列生成收敛，共 35 轮迭代
    [CG] [CG-NODE] depth=1 exit=CERTIFIED certified=1 feasible=1 iters=9 generatedColsBeforeNode=215 newCols=40 posCandidates=40 duplicateCandidates=0 updatedCols=0 zeroObjImproveIters=8 objFirst=1904989.518326 objLast=1904989.518326 objGain=0.000000 maxRC=88966.365920 wallSec=0.044504 pricingSec=0.039522 cplexSolveSec=0.003402
    [CG] 列生成开始，初始列数=473
    [CG] CG iter 36: obj=1864269.583232, maxRC=83850.208586, +14 cols
    [CG]   [DIAG] iter=36 posCols=14 newCols=14 effImprove=14 updated=0
    [CG] CG iter 37: obj=1884240.885869, maxRC=61158.765465, +8 cols
    [CG]   [DIAG] iter=37 posCols=8 newCols=8 effImprove=8 updated=0
    [CG] CG iter 38: obj=1884240.885869, maxRC=73747.183158, +7 cols
    [CG]   [DIAG] iter=38 posCols=7 newCols=7 effImprove=7 updated=0
    [CG] CG iter 39: obj=1884240.885869, maxRC=49587.503453, +6 cols
    [CG]   [DIAG] iter=39 posCols=6 newCols=6 effImprove=6 updated=0
    [CG] CG iter 40: obj=1884240.885869, maxRC=34044.626295, +6 cols
    [CG]   [DIAG] iter=40 posCols=6 newCols=6 effImprove=6 updated=0
    [CG] CG iter 41: obj=1898314.209528, maxRC=31077.409234, +6 cols
    [CG]   [DIAG] iter=41 posCols=6 newCols=6 effImprove=6 updated=0
    [CG] CG iter 42: obj=1898314.209528, maxRC=18485.390429, +4 cols
    [CG]   [DIAG] iter=42 posCols=4 newCols=4 effImprove=4 updated=0
    [CG] CG iter 43: obj=1898314.209528, maxRC=23473.417279, +4 cols
    [CG]   [DIAG] iter=43 posCols=4 newCols=4 effImprove=4 updated=0
    [CG] CG iter 44: obj=1898314.209528, maxRC=7981.560066, +4 cols
    [CG]   [DIAG] iter=44 posCols=4 newCols=4 effImprove=4 updated=0
    [CG] CG iter 45: obj=1898314.209528, maxRC=3058.584156, +3 cols
    [CG]   [DIAG] iter=45 posCols=3 newCols=3 effImprove=3 updated=0
    [CG] CG iter 46: obj=1898314.209528, maxRC=602.137550, +2 cols
    [CG]   [DIAG] iter=46 posCols=2 newCols=2 effImprove=2 updated=0
    [CG] CG iter 47: obj=1898314.209528, maxRC=343.622209, +1 cols
    [CG]   [DIAG] iter=47 posCols=1 newCols=1 effImprove=1 updated=0
    [CG] 列生成收敛，共 48 轮迭代
    [CG] [CG-NODE] depth=1 exit=CERTIFIED certified=1 feasible=1 iters=13 generatedColsBeforeNode=255 newCols=65 posCandidates=65 duplicateCandidates=0 updatedCols=0 zeroObjImproveIters=10 objFirst=1864269.583232 objLast=1898314.209528 objGain=34044.626295 maxRC=83850.208586 wallSec=0.028639 pricingSec=0.022813 cplexSolveSec=0.004117
    [CG] [BB-INCUMBENT] selection=2 node=1 previous=1747440.118934 value=1898314.209528 active=1
    [CG] [BB-NODESEL] strategy=hybrid choice=dfs eligibleCount=1 active=1 gap=0.003516
    [CG] [BB-INCUMBENT] selection=3 node=1 previous=1898314.209528 value=1904989.518326 active=0
      [BB] 分支定界结束：处理 3 节点，剪枝 0，剩余活跃 0，整数解 3，状态=OPTIMAL，最好可行 obj=1904989.518326，gap=0.000000
