    [CG] 列生成开始，初始列数=310
    [CG] CG iter 1: obj=739403.885468, maxRC=1312999.433737, +30 cols
    [CG]   [DIAG] iter=1 posCols=30 newCols=30 effImprove=30 updated=0
    [CG] CG iter 2: obj=1568452.833927, maxRC=294582.210311, +15 cols
    [CG]   [DIAG] iter=2 posCols=15 newCols=15 effImprove=15 updated=0
    [CG] CG iter 3: obj=1742607.414462, maxRC=667913.044883, +27 cols
    [CG]   [DIAG] iter=3 posCols=27 newCols=27 effImprove=27 updated=0
    [CG] CG iter 4: obj=1772036.117983, maxRC=542680.444279, +24 cols
    [CG]   [DIAG] iter=4 posCols=24 newCols=24 effImprove=24 updated=0
    [CG] CG iter 5: obj=1794754.922373, maxRC=531698.011962, +26 cols
    [CG]   [DIAG] iter=5 posCols=26 newCols=26 effImprove=26 updated=0
    [CG] CG iter 6: obj=1806850.316690, maxRC=284994.782431, +14 cols
    [CG]   [DIAG] iter=6 posCols=14 newCols=14 effImprove=14 updated=0
    [CG] CG iter 7: obj=1863793.441908, maxRC=323446.059820, +21 cols
    [CG]   [DIAG] iter=7 posCols=21 newCols=21 effImprove=21 updated=0
    [CG] CG iter 8: obj=1863793.441908, maxRC=216675.024427, +19 cols
    [CG]   [DIAG] iter=8 posCols=19 newCols=19 effImprove=19 updated=0
    [CG] CG iter 9: obj=1882558.673340, maxRC=88699.897113, +12 cols
    [CG]   [DIAG] iter=9 posCols=12 newCols=12 effImprove=12 updated=0
    [CG] CG iter 10: obj=1882558.673340, maxRC=62963.619080, +10 cols
    [CG]   [DIAG] iter=10 posCols=10 newCols=10 effImprove=10 updated=0
    [CG] CG iter 11: obj=1891578.292197, maxRC=89530.670462, +8 cols
    [CG]   [DIAG] iter=11 posCols=8 newCols=8 effImprove=8 updated=0
    [CG] CG iter 12: obj=1891578.292197, maxRC=103629.796443, +6 cols
    [CG]   [DIAG] iter=12 posCols=6 newCols=6 effImprove=6 updated=0
    [CG] CG iter 13: obj=1892695.193602, maxRC=54124.020609, +6 cols
    [CG]   [DIAG] iter=13 posCols=6 newCols=6 effImprove=6 updated=0
    [CG] CG iter 14: obj=1912100.806950, maxRC=48445.738094, +6 cols
    [CG]   [DIAG] iter=14 posCols=6 newCols=6 effImprove=6 updated=0
    [CG] CG iter 15: obj=1912100.806950, maxRC=36288.615955, +6 cols
    [CG]   [DIAG] iter=15 posCols=6 newCols=6 effImprove=6 updated=0
    [CG] CG iter 16: obj=1912100.806950, maxRC=29942.705528, +6 cols
    [CG]   [DIAG] iter=16 posCols=6 newCols=6 effImprove=6 updated=0
    [CG] CG iter 17: obj=1912100.806950, maxRC=11493.716812, +5 cols
    [CG]   [DIAG] iter=17 posCols=5 newCols=5 effImprove=5 updated=0
    [CG] CG iter 18: obj=1925872.382473, maxRC=10268.194632, +3 cols
    [CG]   [DIAG] iter=18 posCols=3 newCols=3 effImprove=3 updated=0
    [CG] CG iter 19: obj=1925872.382473, maxRC=6461.730652, +2 cols
    [CG]   [DIAG] iter=19 posCols=2 newCols=2 effImprove=2 updated=0
    [CG] CG iter 20: obj=1925872.382473, maxRC=8744.752490, +2 cols
    [CG]   [DIAG] iter=20 posCols=2 newCols=2 effImprove=2 updated=0
    [CG] CG iter 21: obj=1925872.382473, maxRC=1361.498997, +2 cols
    [CG]   [DIAG] iter=21 posCols=2 newCols=2 effImprove=2 updated=0
    [CG] CG iter 22: obj=1925872.382473, maxRC=1267.967210, +2 cols
    [CG]   [DIAG] iter=22 posCols=2 newCols=2 effImprove=2 updated=0
    [CG] CG iter 23: obj=1925872.382473, maxRC=1234.876336, +2 cols
    [CG]   [DIAG] iter=23 posCols=2 newCols=2 effImprove=2 updated=0
    [CG] CG iter 24: obj=1925872.382473, maxRC=92.968247, +2 cols
    [CG]   [DIAG] iter=24 posCols=2 newCols=2 effImprove=2 updated=0
    [CG] CG iter 25: obj=1925872.382473, maxRC=52.959524, +1 cols
    [CG]   [DIAG] iter=25 posCols=1 newCols=1 effImprove=1 updated=0
    [CG] 列生成收敛，共 26 轮迭代
    [CG] [CG-NODE] depth=0 exit=CERTIFIED certified=1 feasible=1 iters=26 generatedColsBeforeNode=0 newCols=257 posCandidates=257 duplicateCandidates=0 updatedCols=0 zeroObjImproveIters=14 objFirst=739403.885468 objLast=1925872.382473 objGain=1186468.497005 maxRC=1312999.433737 wallSec=0.242573 pricingSec=0.210101 cplexSolveSec=0.009563
      [BB] 分支定界开始，根节点LP obj=1925872.382473，最大节点数=10000
      [BB] 根节点启发式下界 LB=1867465.488655（上界=1925872.382473）
    [CG] [BB-DIAG] 分支 x_{dc=0,retailer=5}, 节点数=1
    [CG] 列生成开始，初始列数=524
    [CG] CG iter 27: obj=1908164.202641, maxRC=178772.574245, +20 cols
    [CG]   [DIAG] iter=27 posCols=20 newCols=20 effImprove=20 updated=0
    [CG] CG iter 28: obj=1908164.202641, maxRC=150908.810672, +13 cols
    [CG]   [DIAG] iter=28 posCols=13 newCols=13 effImprove=13 updated=0
    [CG] CG iter 29: obj=1908164.202641, maxRC=65748.522030, +7 cols
    [CG]   [DIAG] iter=29 posCols=7 newCols=7 effImprove=7 updated=0
    [CG] CG iter 30: obj=1908164.202641, maxRC=42431.583814, +8 cols
    [CG]   [DIAG] iter=30 posCols=8 newCols=8 effImprove=8 updated=0
    [CG] CG iter 31: obj=1908164.202641, maxRC=33934.564345, +7 cols
    [CG]   [DIAG] iter=31 posCols=7 newCols=7 effImprove=7 updated=0
    [CG] CG iter 32: obj=1908164.202641, maxRC=26111.101544, +5 cols
    [CG]   [DIAG] iter=32 posCols=5 newCols=5 effImprove=5 updated=0
    [CG] CG iter 33: obj=1912092.972136, maxRC=37202.466097, +6 cols
    [CG]   [DIAG] iter=33 posCols=6 newCols=6 effImprove=6 updated=0
    [CG] CG iter 34: obj=1912460.144325, maxRC=19630.733844, +8 cols
    [CG]   [DIAG] iter=34 posCols=8 newCols=8 effImprove=8 updated=0
    [CG] CG iter 35: obj=1914152.671218, maxRC=13862.895739, +3 cols
    [CG]   [DIAG] iter=35 posCols=3 newCols=3 effImprove=3 updated=0
    [CG] CG iter 36: obj=1924185.059014, maxRC=28267.203852, +4 cols
    [CG]   [DIAG] iter=36 posCols=4 newCols=4 effImprove=4 updated=0
    [CG] CG iter 37: obj=1924185.059014, maxRC=18589.798298, +5 cols
    [CG]   [DIAG] iter=37 posCols=5 newCols=5 effImprove=5 updated=0
    [CG] CG iter 38: obj=1924185.059014, maxRC=6477.718909, +2 cols
    [CG]   [DIAG] iter=38 posCols=2 newCols=2 effImprove=2 updated=0
    [CG] CG iter 39: obj=1924185.059014, maxRC=475.269838, +1 cols
    [CG]   [DIAG] iter=39 posCols=1 newCols=1 effImprove=1 updated=0
    [CG] CG iter 40: obj=1924185.059014, maxRC=457.306621, +1 cols
    [CG]   [DIAG] iter=40 posCols=1 newCols=1 effImprove=1 updated=0
    [CG] CG iter 41: obj=1924185.059014, maxRC=257.005656, +1 cols
    [CG]   [DIAG] iter=41 posCols=1 newCols=1 effImprove=1 updated=0
    [CG] CG iter 42: obj=1924185.059014, maxRC=179.052957, +1 cols
    [CG]   [DIAG] iter=42 posCols=1 newCols=1 effImprove=1 updated=0
    [CG] CG iter 43: obj=1924185.059014, maxRC=241.431787, +1 cols
    [CG]   [DIAG] iter=43 posCols=1 newCols=0 effImprove=1 updated=1
    [CG] CG iter 44: obj=1924185.059014, maxRC=70.999900, +1 cols
    [CG]   [DIAG] iter=44 posCols=1 newCols=1 effImprove=1 updated=0
    [CG] 列生成收敛，共 45 轮迭代
    [CG] [CG-NODE] depth=1 exit=CERTIFIED certified=1 feasible=1 iters=19 generatedColsBeforeNode=257 newCols=93 posCandidates=94 duplicateCandidates=1 updatedCols=1 zeroObjImproveIters=14 objFirst=1908164.202641 objLast=1924185.059014 objGain=16020.856373 maxRC=178772.574245 wallSec=0.090632 pricingSec=0.081529 cplexSolveSec=0.006558
    [CG] 列生成开始，初始列数=521
    [CG] CG iter 46: obj=1906058.101532, maxRC=166827.983458, +13 cols
    [CG]   [DIAG] iter=46 posCols=13 newCols=13 effImprove=13 updated=0
    [CG] CG iter 47: obj=1906058.101532, maxRC=87162.679648, +6 cols
    [CG]   [DIAG] iter=47 posCols=6 newCols=6 effImprove=6 updated=0
    [CG] CG iter 48: obj=1906058.101532, maxRC=42753.741104, +7 cols
    [CG]   [DIAG] iter=48 posCols=7 newCols=7 effImprove=7 updated=0
    [CG] CG iter 49: obj=1906058.101532, maxRC=55465.100735, +8 cols
    [CG]   [DIAG] iter=49 posCols=8 newCols=8 effImprove=8 updated=0
    [CG] CG iter 50: obj=1906058.101532, maxRC=84581.436799, +8 cols
    [CG]   [DIAG] iter=50 posCols=8 newCols=8 effImprove=8 updated=0
    [CG] CG iter 51: obj=1906058.101532, maxRC=40843.932024, +5 cols
    [CG]   [DIAG] iter=51 posCols=5 newCols=5 effImprove=5 updated=0
    [CG] CG iter 52: obj=1906058.101532, maxRC=46320.720694, +6 cols
    [CG]   [DIAG] iter=52 posCols=6 newCols=6 effImprove=6 updated=0
    [CG] CG iter 53: obj=1906058.101532, maxRC=32630.374343, +5 cols
    [CG]   [DIAG] iter=53 posCols=5 newCols=5 effImprove=5 updated=0
    [CG] CG iter 54: obj=1906058.101532, maxRC=15970.171964, +5 cols
    [CG]   [DIAG] iter=54 posCols=5 newCols=5 effImprove=5 updated=0
    [CG] CG iter 55: obj=1906058.101532, maxRC=19312.105410, +6 cols
    [CG]   [DIAG] iter=55 posCols=6 newCols=6 effImprove=6 updated=0
    [CG] CG iter 56: obj=1906058.101532, maxRC=18580.137289, +6 cols
    [CG]   [DIAG] iter=56 posCols=6 newCols=6 effImprove=6 updated=0
    [CG] CG iter 57: obj=1906058.101532, maxRC=25789.123663, +6 cols
    [CG]   [DIAG] iter=57 posCols=6 newCols=6 effImprove=6 updated=0
    [CG] CG iter 58: obj=1906058.101532, maxRC=11710.610123, +5 cols
    [CG]   [DIAG] iter=58 posCols=5 newCols=5 effImprove=5 updated=0
    [CG] CG iter 59: obj=1906058.101532, maxRC=11677.003100, +4 cols
    [CG]   [DIAG] iter=59 posCols=4 newCols=4 effImprove=4 updated=0
    [CG] CG iter 60: obj=1917735.104632, maxRC=26182.656579, +5 cols
    [CG]   [DIAG] iter=60 posCols=5 newCols=5 effImprove=5 updated=0
    [CG] CG iter 61: obj=1917735.104632, maxRC=4482.361946, +4 cols
    [CG]   [DIAG] iter=61 posCols=4 newCols=4 effImprove=4 updated=0
    [CG] CG iter 62: obj=1917735.104632, maxRC=3904.217447, +2 cols
    [CG]   [DIAG] iter=62 posCols=2 newCols=2 effImprove=2 updated=0
    [CG] 列生成收敛，共 63 轮迭代
    [CG] [CG-NODE] depth=1 exit=CERTIFIED certified=1 feasible=1 iters=18 generatedColsBeforeNode=350 newCols=101 posCandidates=101 duplicateCandidates=0 updatedCols=0 zeroObjImproveIters=16 objFirst=1906058.101532 objLast=1917735.104632 objGain=11677.003100 maxRC=166827.983458 wallSec=0.061559 pricingSec=0.052529 cplexSolveSec=0.006592
    [CG] [BB-INCUMBENT] selection=2 node=1 previous=1867465.488655 value=1917735.104632 active=1
    [CG] [BB-NODESEL] strategy=hybrid choice=dfs eligibleCount=1 active=1 gap=0.003363
    [CG] [BB-INCUMBENT] selection=3 node=1 previous=1917735.104632 value=1924185.059014 active=0
      [BB] 分支定界结束：处理 3 节点，剪枝 0，剩余活跃 0，整数解 3，状态=OPTIMAL，最好可行 obj=1924185.059014，gap=0.000000
