    [CG] 列生成开始，初始列数=310
    [CG] CG iter 1: obj=852117.092334, maxRC=685080.130387, +27 cols
    [CG]   [DIAG] iter=1 posCols=27 newCols=27 effImprove=27 updated=0
    [CG] CG iter 2: obj=1426880.981519, maxRC=224125.232584, +27 cols
    [CG]   [DIAG] iter=2 posCols=27 newCols=27 effImprove=27 updated=0
    [CG] CG iter 3: obj=1649901.999847, maxRC=199066.855617, +26 cols
    [CG]   [DIAG] iter=3 posCols=26 newCols=26 effImprove=26 updated=0
    [CG] CG iter 4: obj=1755161.323891, maxRC=149485.400712, +22 cols
    [CG]   [DIAG] iter=4 posCols=22 newCols=22 effImprove=22 updated=0
    [CG] CG iter 5: obj=1778497.307145, maxRC=68623.879755, +24 cols
    [CG]   [DIAG] iter=5 posCols=24 newCols=23 effImprove=24 updated=1
    [CG] CG iter 6: obj=1794965.263994, maxRC=79317.111986, +19 cols
    [CG]   [DIAG] iter=6 posCols=19 newCols=18 effImprove=19 updated=1
    [CG] CG iter 7: obj=1825363.626578, maxRC=43135.980232, +13 cols
    [CG]   [DIAG] iter=7 posCols=13 newCols=13 effImprove=13 updated=0
    [CG] CG iter 8: obj=1845123.761248, maxRC=44377.573525, +10 cols
    [CG]   [DIAG] iter=8 posCols=10 newCols=9 effImprove=10 updated=1
    [CG] CG iter 9: obj=1847145.194773, maxRC=23387.166090, +8 cols
    [CG]   [DIAG] iter=9 posCols=8 newCols=8 effImprove=8 updated=0
    [CG] CG iter 10: obj=1854877.035927, maxRC=5507.388777, +6 cols
    [CG]   [DIAG] iter=10 posCols=6 newCols=5 effImprove=6 updated=1
    [CG] CG iter 11: obj=1854877.035927, maxRC=3169.044129, +2 cols
    [CG]   [DIAG] iter=11 posCols=2 newCols=2 effImprove=2 updated=0
    [CG] 列生成收敛，共 12 轮迭代
    [CG] [CG-NODE] depth=0 exit=CERTIFIED certified=1 feasible=1 iters=12 generatedColsBeforeNode=0 newCols=180 posCandidates=184 duplicateCandidates=4 updatedCols=4 zeroObjImproveIters=1 objFirst=852117.092334 objLast=1858046.080056 objGain=1005928.987722 maxRC=685080.130387 wallSec=0.086212 pricingSec=0.077462 cplexSolveSec=0.004636
      [BB] 根节点即为整数解，obj=1858046.080056
