    [CG] 列生成开始，初始列数=310
    [CG] CG iter 1: obj=537564.198729, maxRC=791286.795690, +30 cols
    [CG]   [DIAG] iter=1 posCols=30 newCols=30 effImprove=30 updated=0
    [CG] CG iter 2: obj=1101118.608189, maxRC=210678.435741, +27 cols
    [CG]   [DIAG] iter=2 posCols=27 newCols=27 effImprove=27 updated=0
    [CG] CG iter 3: obj=1221671.798925, maxRC=339877.635928, +30 cols
    [CG]   [DIAG] iter=3 posCols=30 newCols=30 effImprove=30 updated=0
    [CG] CG iter 4: obj=1244192.234409, maxRC=253816.665790, +30 cols
    [CG]   [DIAG] iter=4 posCols=30 newCols=30 effImprove=30 updated=0
    [CG] CG iter 5: obj=1303540.623307, maxRC=208955.693737, +24 cols
    [CG]   [DIAG] iter=5 posCols=24 newCols=24 effImprove=24 updated=0
    [CG] CG iter 6: obj=1386577.992760, maxRC=120400.608006, +23 cols
    [CG]   [DIAG] iter=6 posCols=23 newCols=22 effImprove=23 updated=1
    [CG] CG iter 7: obj=1462013.890481, maxRC=56272.318591, +21 cols
    [CG]   [DIAG] iter=7 posCols=21 newCols=20 effImprove=21 updated=1
    [CG] CG iter 8: obj=1479239.317142, maxRC=78440.285442, +20 cols
    [CG]   [DIAG] iter=8 posCols=20 newCols=20 effImprove=20 updated=0
    [CG] CG iter 9: obj=1507291.566234, maxRC=29315.245772, +10 cols
    [CG]   [DIAG] iter=9 posCols=10 newCols=10 effImprove=10 updated=0
    [CG] CG iter 10: obj=1522000.653408, maxRC=42409.321294, +13 cols
    [CG]   [DIAG] iter=10 posCols=13 newCols=13 effImprove=13 updated=0
    [CG] CG iter 11: obj=1535817.602111, maxRC=29293.701301, +9 cols
    [CG]   [DIAG] iter=11 posCols=9 newCols=8 effImprove=9 updated=1
    [CG] CG iter 12: obj=1565111.303412, maxRC=4937.341956, +4 cols
    [CG]   [DIAG] iter=12 posCols=4 newCols=4 effImprove=4 updated=0
    [CG] CG iter 13: obj=1565111.303412, maxRC=696.815874, +2 cols
    [CG]   [DIAG] iter=13 posCols=2 newCols=2 effImprove=2 updated=0
    [CG] 列生成收敛，共 14 轮迭代
    [CG] [CG-NODE] depth=0 exit=CERTIFIED certified=1 feasible=1 iters=14 generatedColsBeforeNode=0 newCols=240 posCandidates=243 duplicateCandidates=3 updatedCols=3 zeroObjImproveIters=2 objFirst=537564.198729 objLast=1565111.303412 objGain=1027547.104682 maxRC=791286.795690 wallSec=0.183581 pricingSec=0.172902 cplexSolveSec=0.006264
      [BB] 根节点即为整数解，obj=1565111.303412
