    [CG] 列生成开始，初始列数=310
    [CG] CG iter 1: obj=598735.603072, maxRC=1043704.165284, +30 cols
    [CG]   [DIAG] iter=1 posCols=30 newCols=30 effImprove=30 updated=0
    [CG] CG iter 2: obj=1282987.954539, maxRC=343258.704249, +20 cols
    [CG]   [DIAG] iter=2 posCols=20 newCols=20 effImprove=20 updated=0
    [CG] CG iter 3: obj=1396358.372571, maxRC=451462.953285, +27 cols
    [CG]   [DIAG] iter=3 posCols=27 newCols=27 effImprove=27 updated=0
    [CG] CG iter 4: obj=1555752.715519, maxRC=348914.817613, +22 cols
    [CG]   [DIAG] iter=4 posCols=22 newCols=22 effImprove=22 updated=0
    [CG] CG iter 5: obj=1591022.736684, maxRC=291543.466345, +22 cols
    [CG]   [DIAG] iter=5 posCols=22 newCols=22 effImprove=22 updated=0
    [CG] CG iter 6: obj=1637736.448666, maxRC=178778.874731, +19 cols
    [CG]   [DIAG] iter=6 posCols=19 newCols=19 effImprove=19 updated=0
    [CG] CG iter 7: obj=1688670.726094, maxRC=204312.291822, +19 cols
    [CG]   [DIAG] iter=7 posCols=19 newCols=19 effImprove=19 updated=0
    [CG] CG iter 8: obj=1749183.213429, maxRC=159164.956100, +18 cols
    [CG]   [DIAG] iter=8 posCols=18 newCols=18 effImprove=18 updated=0
    [CG] CG iter 9: obj=1834013.291818, maxRC=241023.627364, +15 cols
    [CG]   [DIAG] iter=9 posCols=15 newCols=15 effImprove=15 updated=0
    [CG] CG iter 10: obj=1836612.197532, maxRC=161079.423383, +12 cols
    [CG]   [DIAG] iter=10 posCols=12 newCols=12 effImprove=12 updated=0
    [CG] CG iter 11: obj=1839696.554082, maxRC=126665.104870, +13 cols
    [CG]   [DIAG] iter=11 posCols=13 newCols=13 effImprove=13 updated=0
    [CG] CG iter 12: obj=1850039.569473, maxRC=113077.214605, +13 cols
    [CG]   [DIAG] iter=12 posCols=13 newCols=13 effImprove=13 updated=0
    [CG] CG iter 13: obj=1853668.694665, maxRC=148524.449166, +11 cols
    [CG]   [DIAG] iter=13 posCols=11 newCols=11 effImprove=11 updated=0
    [CG] CG iter 14: obj=1863202.592000, maxRC=68918.761199, +9 cols
    [CG]   [DIAG] iter=14 posCols=9 newCols=9 effImprove=9 updated=0
    [CG] CG iter 15: obj=1897219.721156, maxRC=75366.110775, +14 cols
    [CG]   [DIAG] iter=15 posCols=14 newCols=14 effImprove=14 updated=0
    [CG] CG iter 16: obj=1947660.051830, maxRC=42027.188959, +12 cols
    [CG]   [DIAG] iter=16 posCols=12 newCols=12 effImprove=12 updated=0
    [CG] CG iter 17: obj=1947660.051830, maxRC=45854.979627, +10 cols
    [CG]   [DIAG] iter=17 posCols=10 newCols=10 effImprove=10 updated=0
    [CG] CG iter 18: obj=1947660.051830, maxRC=23792.058976, +9 cols
    [CG]   [DIAG] iter=18 posCols=9 newCols=9 effImprove=9 updated=0
    [CG] CG iter 19: obj=1947660.051830, maxRC=24830.548156, +10 cols
    [CG]   [DIAG] iter=19 posCols=10 newCols=10 effImprove=10 updated=0
    [CG] CG iter 20: obj=1947660.051830, maxRC=22758.830532, +8 cols
    [CG]   [DIAG] iter=20 posCols=8 newCols=8 effImprove=8 updated=0
    [CG] CG iter 21: obj=1947660.051830, maxRC=21900.109951, +7 cols
    [CG]   [DIAG] iter=21 posCols=7 newCols=6 effImprove=7 updated=1
    [CG] CG iter 22: obj=1947660.051830, maxRC=11931.078417, +8 cols
    [CG]   [DIAG] iter=22 posCols=8 newCols=8 effImprove=8 updated=0
    [CG] CG iter 23: obj=1947660.051830, maxRC=5528.202838, +8 cols
    [CG]   [DIAG] iter=23 posCols=8 newCols=8 effImprove=8 updated=0
    [CG] CG iter 24: obj=1947660.051830, maxRC=3665.276464, +8 cols
    [CG]   [DIAG] iter=24 posCols=8 newCols=8 effImprove=8 updated=0
    [CG] CG iter 25: obj=1947660.051830, maxRC=2166.279573, +6 cols
    [CG]   [DIAG] iter=25 posCols=6 newCols=6 effImprove=6 updated=0
    [CG] CG iter 26: obj=1947660.051830, maxRC=1903.521241, +3 cols
    [CG]   [DIAG] iter=26 posCols=3 newCols=3 effImprove=3 updated=0
    [CG] CG iter 27: obj=1947660.051830, maxRC=1889.174255, +2 cols
    [CG]   [DIAG] iter=27 posCols=2 newCols=2 effImprove=2 updated=0
    [CG] CG iter 28: obj=1949215.255872, maxRC=2912.751027, +1 cols
    [CG]   [DIAG] iter=28 posCols=1 newCols=1 effImprove=1 updated=0
    [CG] CG iter 29: obj=1949215.255872, maxRC=359.549429, +1 cols
    [CG]   [DIAG] iter=29 posCols=1 newCols=0 effImprove=1 updated=1
    [CG] 列生成收敛，共 30 轮迭代
    [CG] [CG-NODE] depth=0 exit=CERTIFIED certified=1 feasible=1 iters=30 generatedColsBeforeNode=0 newCols=355 posCandidates=357 duplicateCandidates=2 updatedCols=2 zeroObjImproveIters=13 objFirst=598735.603072 objLast=1949215.255872 objGain=1350479.652800 maxRC=1043704.165284 wallSec=0.336050 pricingSec=0.317731 cplexSolveSec=0.012178
      [BB] 根节点即为整数解，obj=1949215.255872
