    [CG] 列生成开始，初始列数=310
    [CG] CG iter 1: obj=800571.083517, maxRC=1052172.508701, +30 cols
    [CG]   [DIAG] iter=1 posCols=30 newCols=30 effImprove=30 updated=0
    [CG] CG iter 2: obj=1289932.940323, maxRC=340714.588617, +29 cols
    [CG]   [DIAG] iter=2 posCols=29 newCols=29 effImprove=29 updated=0
    [CG] CG iter 3: obj=1537725.865082, maxRC=392238.645888, +30 cols
    [CG]   [DIAG] iter=3 posCols=30 newCols=30 effImprove=30 updated=0
    [CG] CG iter 4: obj=1654863.940720, maxRC=177549.317296, +22 cols
    [CG]   [DIAG] iter=4 posCols=22 newCols=22 effImprove=22 updated=0
    [CG] CG iter 5: obj=1760678.995600, maxRC=204058.989191, +20 cols
    [CG]   [DIAG] iter=5 posCols=20 newCols=20 effImprove=20 updated=0
    [CG] CG iter 6: obj=1768905.826431, maxRC=133749.933270, +19 cols
    [CG]   [DIAG] iter=6 posCols=19 newCols=19 effImprove=19 updated=0
    [CG] CG iter 7: obj=1895266.631401, maxRC=58166.154138, +17 cols
    [CG]   [DIAG] iter=7 posCols=17 newCols=17 effImprove=17 updated=0
    [CG] CG iter 8: obj=1895266.631401, maxRC=81868.134379, +12 cols
    [CG]   [DIAG] iter=8 posCols=12 newCols=12 effImprove=12 updated=0
    [CG] CG iter 9: obj=1906318.660440, maxRC=74104.303570, +14 cols
    [CG]   [DIAG] iter=9 posCols=14 newCols=13 effImprove=14 updated=1
    [CG] CG iter 10: obj=1909461.379541, maxRC=30616.455876, +9 cols
    [CG]   [DIAG] iter=10 posCols=9 newCols=9 effImprove=9 updated=0
    [CG] CG iter 11: obj=1937464.225805, maxRC=19362.523362, +8 cols
    [CG]   [DIAG] iter=11 posCols=8 newCols=8 effImprove=8 updated=0
    [CG] CG iter 12: obj=1937464.225805, maxRC=5668.930235, +4 cols
    [CG]   [DIAG] iter=12 posCols=4 newCols=4 effImprove=4 updated=0
    [CG] CG iter 13: obj=1942392.518400, maxRC=1134.307463, +4 cols
    [CG]   [DIAG] iter=13 posCols=4 newCols=3 effImprove=4 updated=1
    [CG] CG iter 14: obj=1942392.518400, maxRC=951.705844, +3 cols
    [CG]   [DIAG] iter=14 posCols=3 newCols=2 effImprove=3 updated=1
    [CG] CG iter 15: obj=1942392.518400, maxRC=439.993269, +2 cols
    [CG]   [DIAG] iter=15 posCols=2 newCols=2 effImprove=2 updated=0
    [CG] 列生成收敛，共 16 轮迭代
    [CG] [CG-NODE] depth=0 exit=CERTIFIED certified=1 feasible=1 iters=16 generatedColsBeforeNode=0 newCols=220 posCandidates=223 duplicateCandidates=3 updatedCols=3 zeroObjImproveIters=5 objFirst=800571.083517 objLast=1942392.518400 objGain=1141821.434883 maxRC=1052172.508701 wallSec=0.165378 pricingSec=0.152401 cplexSolveSec=0.007766
      [BB] 根节点即为整数解，obj=1942392.518400
