    [CG] 列生成开始，初始列数=310
    [CG] CG iter 1: obj=820425.344575, maxRC=956870.261773, +30 cols
    [CG]   [DIAG] iter=1 posCols=30 newCols=30 effImprove=30 updated=0
    [CG] CG iter 2: obj=1262384.432201, maxRC=339052.486875, +27 cols
    [CG]   [DIAG] iter=2 posCols=27 newCols=27 effImprove=27 updated=0
    [CG] CG iter 3: obj=1574333.885842, maxRC=391971.920538, +30 cols
    [CG]   [DIAG] iter=3 posCols=30 newCols=30 effImprove=30 updated=0
    [CG] CG iter 4: obj=1677750.647344, maxRC=165487.378355, +24 cols
    [CG]   [DIAG] iter=4 posCols=24 newCols=24 effImprove=24 updated=0
    [CG] CG iter 5: obj=1774291.944485, maxRC=227607.915292, +25 cols
    [CG]   [DIAG] iter=5 posCols=25 newCols=25 effImprove=25 updated=0
    [CG] CG iter 6: obj=1817257.942545, maxRC=127582.209402, +26 cols
    [CG]   [DIAG] iter=6 posCols=26 newCols=26 effImprove=26 updated=0
    [CG] CG iter 7: obj=1902344.231161, maxRC=98227.895920, +15 cols
    [CG]   [DIAG] iter=7 posCols=15 newCols=15 effImprove=15 updated=0
    [CG] CG iter 8: obj=2000572.127080, maxRC=86679.341650, +12 cols
    [CG]   [DIAG] iter=8 posCols=12 newCols=12 effImprove=12 updated=0
    [CG] CG iter 9: obj=2000572.127080, maxRC=42487.763972, +8 cols
    [CG]   [DIAG] iter=9 posCols=8 newCols=8 effImprove=8 updated=0
    [CG] CG iter 10: obj=2000572.127080, maxRC=105169.754385, +8 cols
    [CG]   [DIAG] iter=10 posCols=8 newCols=8 effImprove=8 updated=0
    [CG] CG iter 11: obj=2000572.127080, maxRC=132809.290997, +7 cols
    [CG]   [DIAG] iter=11 posCols=7 newCols=7 effImprove=7 updated=0
    [CG] CG iter 12: obj=2000572.127080, maxRC=79057.460202, +11 cols
    [CG]   [DIAG] iter=12 posCols=11 newCols=11 effImprove=11 updated=0
    [CG] CG iter 13: obj=2000572.127080, maxRC=80126.162310, +6 cols
    [CG]   [DIAG] iter=13 posCols=6 newCols=6 effImprove=6 updated=0
    [CG] CG iter 14: obj=2000572.127080, maxRC=32751.950768, +6 cols
    [CG]   [DIAG] iter=14 posCols=6 newCols=6 effImprove=6 updated=0
    [CG] CG iter 15: obj=2000572.127080, maxRC=24339.342124, +5 cols
    [CG]   [DIAG] iter=15 posCols=5 newCols=5 effImprove=5 updated=0
    [CG] CG iter 16: obj=2000572.127080, maxRC=11176.674653, +4 cols
    [CG]   [DIAG] iter=16 posCols=4 newCols=4 effImprove=4 updated=0
    [CG] CG iter 17: obj=2000572.127080, maxRC=13212.911326, +3 cols
    [CG]   [DIAG] iter=17 posCols=3 newCols=3 effImprove=3 updated=0
    [CG] CG iter 18: obj=2003222.379181, maxRC=7536.296676, +3 cols
    [CG]   [DIAG] iter=18 posCols=3 newCols=3 effImprove=3 updated=0
    [CG] CG iter 19: obj=2010758.675857, maxRC=550.572322, +2 cols
    [CG]   [DIAG] iter=19 posCols=2 newCols=2 effImprove=2 updated=0
    [CG] CG iter 20: obj=2010758.675857, maxRC=245.247866, +1 cols
    [CG]   [DIAG] iter=20 posCols=1 newCols=1 effImprove=1 updated=0
    [CG] CG iter 21: obj=2010758.675857, maxRC=341.580712, +1 cols
    [CG]   [DIAG] iter=21 posCols=1 newCols=0 effImprove=1 updated=1
    [CG] CG iter 22: obj=2010758.675857, maxRC=72.890344, +1 cols
    [CG]   [DIAG] iter=22 posCols=1 newCols=1 effImprove=1 updated=0
    [CG] CG iter 23: obj=2010758.675857, maxRC=55.014460, +1 cols
    [CG]   [DIAG] iter=23 posCols=1 newCols=1 effImprove=1 updated=0
    [CG] 列生成收敛，共 24 轮迭代
    [CG] [CG-NODE] depth=0 exit=CERTIFIED certified=1 feasible=1 iters=24 generatedColsBeforeNode=0 newCols=255 posCandidates=256 duplicateCandidates=1 updatedCols=1 zeroObjImproveIters=14 objFirst=820425.344575 objLast=2010758.675857 objGain=1190333.331282 maxRC=956870.261773 wallSec=0.147123 pricingSec=0.133697 cplexSolveSec=0.008563
      [BB] 根节点即为整数解，obj=2010758.675857
