    [CG] 列生成开始，初始列数=310
    [CG] CG iter 1: obj=563278.058817, maxRC=945275.877870, +30 cols
    [CG]   [DIAG] iter=1 posCols=30 newCols=30 effImprove=30 updated=0
    [CG] CG iter 2: obj=1184137.170634, maxRC=419675.384274, +24 cols
    [CG]   [DIAG] iter=2 posCols=24 newCols=24 effImprove=24 updated=0
    [CG] CG iter 3: obj=1381560.279443, maxRC=471946.585532, +27 cols
    [CG]   [DIAG] iter=3 posCols=27 newCols=27 effImprove=27 updated=0
    [CG] CG iter 4: obj=1427050.101512, maxRC=444526.864966, +27 cols
    [CG]   [DIAG] iter=4 posCols=27 newCols=27 effImprove=27 updated=0
    [CG] CG iter 5: obj=1476141.809354, maxRC=435657.217305, +27 cols
    [CG]   [DIAG] iter=5 posCols=27 newCols=27 effImprove=27 updated=0
    [CG] CG iter 6: obj=1484565.848533, maxRC=341779.519101, +27 cols
    [CG]   [DIAG] iter=6 posCols=27 newCols=27 effImprove=27 updated=0
    [CG] CG iter 7: obj=1527485.815948, maxRC=204289.439071, +22 cols
    [CG]   [DIAG] iter=7 posCols=22 newCols=22 effImprove=22 updated=0
    [CG] CG iter 8: obj=1547325.767451, maxRC=340320.369489, +24 cols
    [CG]   [DIAG] iter=8 posCols=24 newCols=24 effImprove=24 updated=0
    [CG] CG iter 9: obj=1639515.496111, maxRC=167424.970901, +19 cols
    [CG]   [DIAG] iter=9 posCols=19 newCols=19 effImprove=19 updated=0
    [CG] CG iter 10: obj=1669530.950542, maxRC=184449.400835, +17 cols
    [CG]   [DIAG] iter=10 posCols=17 newCols=17 effImprove=17 updated=0
    [CG] CG iter 11: obj=1704062.915288, maxRC=127698.697136, +19 cols
    [CG]   [DIAG] iter=11 posCols=19 newCols=19 effImprove=19 updated=0
    [CG] CG iter 12: obj=1741011.741158, maxRC=159196.287924, +15 cols
    [CG]   [DIAG] iter=12 posCols=15 newCols=15 effImprove=15 updated=0
    [CG] CG iter 13: obj=1777947.668330, maxRC=116041.600165, +22 cols
    [CG]   [DIAG] iter=13 posCols=22 newCols=22 effImprove=22 updated=0
    [CG] CG iter 14: obj=1808107.555771, maxRC=144656.845431, +18 cols
    [CG]   [DIAG] iter=14 posCols=18 newCols=18 effImprove=18 updated=0
    [CG] CG iter 15: obj=1821163.335493, maxRC=119411.775586, +17 cols
    [CG]   [DIAG] iter=15 posCols=17 newCols=17 effImprove=17 updated=0
    [CG] CG iter 16: obj=1827115.278135, maxRC=81141.591215, +17 cols
    [CG]   [DIAG] iter=16 posCols=17 newCols=17 effImprove=17 updated=0
    [CG] CG iter 17: obj=1834947.822019, maxRC=46658.631702, +16 cols
    [CG]   [DIAG] iter=17 posCols=16 newCols=16 effImprove=16 updated=0
    [CG] CG iter 18: obj=1842355.410107, maxRC=91025.723946, +15 cols
    [CG]   [DIAG] iter=18 posCols=15 newCols=15 effImprove=15 updated=0
    [CG] CG iter 19: obj=1853904.464236, maxRC=79626.506204, +14 cols
    [CG]   [DIAG] iter=19 posCols=14 newCols=13 effImprove=14 updated=1
    [CG] CG iter 20: obj=1863773.543572, maxRC=56533.681790, +12 cols
    [CG]   [DIAG] iter=20 posCols=12 newCols=11 effImprove=12 updated=1
    [CG] CG iter 21: obj=1895779.900487, maxRC=97638.380572, +13 cols
    [CG]   [DIAG] iter=21 posCols=13 newCols=12 effImprove=13 updated=1
    [CG] CG iter 22: obj=1902303.494196, maxRC=62963.764576, +14 cols
    [CG]   [DIAG] iter=22 posCols=14 newCols=14 effImprove=14 updated=0
    [CG] CG iter 23: obj=1902303.494196, maxRC=33244.266673, +13 cols
    [CG]   [DIAG] iter=23 posCols=13 newCols=13 effImprove=13 updated=0
    [CG] CG iter 24: obj=1902303.494196, maxRC=23840.313288, +12 cols
    [CG]   [DIAG] iter=24 posCols=12 newCols=12 effImprove=12 updated=0
    [CG] CG iter 25: obj=1902303.494196, maxRC=22849.783009, +13 cols
    [CG]   [DIAG] iter=25 posCols=13 newCols=12 effImprove=13 updated=1
    [CG] CG iter 26: obj=1902303.494196, maxRC=30378.527769, +8 cols
    [CG]   [DIAG] iter=26 posCols=8 newCols=8 effImprove=8 updated=0
    [CG] CG iter 27: obj=1902303.494196, maxRC=22230.079252, +9 cols
    [CG]   [DIAG] iter=27 posCols=9 newCols=9 effImprove=9 updated=0
    [CG] CG iter 28: obj=1906702.450964, maxRC=9120.388452, +7 cols
    [CG]   [DIAG] iter=28 posCols=7 newCols=7 effImprove=7 updated=0
    [CG] CG iter 29: obj=1909750.432801, maxRC=14702.371343, +7 cols
    [CG]   [DIAG] iter=29 posCols=7 newCols=7 effImprove=7 updated=0
    [CG] CG iter 30: obj=1909750.432801, maxRC=3057.056793, +5 cols
    [CG]   [DIAG] iter=30 posCols=5 newCols=5 effImprove=5 updated=0
    [CG] CG iter 31: obj=1909750.432801, maxRC=2142.771046, +4 cols
    [CG]   [DIAG] iter=31 posCols=4 newCols=3 effImprove=4 updated=1
    [CG] CG iter 32: obj=1909750.432801, maxRC=325.916283, +3 cols
    [CG]   [DIAG] iter=32 posCols=3 newCols=3 effImprove=3 updated=0
    [CG] CG iter 33: obj=1909750.432801, maxRC=138.989114, +1 cols
    [CG]   [DIAG] iter=33 posCols=1 newCols=1 effImprove=1 updated=0
    [CG] CG iter 34: obj=1909750.432801, maxRC=76.517788, +1 cols
    [CG]   [DIAG] iter=34 posCols=1 newCols=1 effImprove=1 updated=0
    [CG] 列生成收敛，共 35 轮迭代
    [CG] [CG-NODE] depth=0 exit=CERTIFIED certified=1 feasible=1 iters=35 generatedColsBeforeNode=0 newCols=514 posCandidates=519 duplicateCandidates=5 updatedCols=5 zeroObjImproveIters=11 objFirst=563278.058817 objLast=1909750.432801 objGain=1346472.373984 maxRC=945275.877870 wallSec=0.471149 pricingSec=0.428745 cplexSolveSec=0.016769
      [BB] 根节点即为整数解，obj=1909750.432801
