    [CG] 列生成开始，初始列数=310
    [CG] CG iter 1: obj=860202.506006, maxRC=944921.568261, +30 cols
    [CG]   [DIAG] iter=1 posCols=30 newCols=30 effImprove=30 updated=0
    [CG] CG iter 2: obj=1317304.325494, maxRC=320554.538494, +29 cols
    [CG]   [DIAG] iter=2 posCols=29 newCols=29 effImprove=29 updated=0
    [CG] CG iter 3: obj=1658022.928930, maxRC=335456.276704, +30 cols
    [CG]   [DIAG] iter=3 posCols=30 newCols=30 effImprove=30 updated=0
    [CG] CG iter 4: obj=1731596.238885, maxRC=243988.379161, +29 cols
    [CG]   [DIAG] iter=4 posCols=29 newCols=29 effImprove=29 updated=0
    [CG] CG iter 5: obj=1783658.405412, maxRC=169703.385208, +29 cols
    [CG]   [DIAG] iter=5 posCols=29 newCols=29 effImprove=29 updated=0
    [CG] CG iter 6: obj=1922828.899982, maxRC=135733.216577, +18 cols
    [CG]   [DIAG] iter=6 posCols=18 newCols=18 effImprove=18 updated=0
    [CG] CG iter 7: obj=1968777.918192, maxRC=116521.017113, +16 cols
    [CG]   [DIAG] iter=7 posCols=16 newCols=16 effImprove=16 updated=0
    [CG] CG iter 8: obj=1984097.304450, maxRC=86482.934282, +14 cols
    [CG]   [DIAG] iter=8 posCols=14 newCols=14 effImprove=14 updated=0
    [CG] CG iter 9: obj=1984097.304450, maxRC=35844.121021, +9 cols
    [CG]   [DIAG] iter=9 posCols=9 newCols=8 effImprove=9 updated=1
    [CG] CG iter 10: obj=1994357.903454, maxRC=26268.072698, +6 cols
    [CG]   [DIAG] iter=10 posCols=6 newCols=6 effImprove=6 updated=0
    [CG] CG iter 11: obj=1994357.903454, maxRC=19603.183006, +6 cols
    [CG]   [DIAG] iter=11 posCols=6 newCols=6 effImprove=6 updated=0
    [CG] CG iter 12: obj=1994357.903454, maxRC=31939.418063, +4 cols
    [CG]   [DIAG] iter=12 posCols=4 newCols=4 effImprove=4 updated=0
    [CG] CG iter 13: obj=1994357.903454, maxRC=11137.150141, +3 cols
    [CG]   [DIAG] iter=13 posCols=3 newCols=3 effImprove=3 updated=0
    [CG] CG iter 14: obj=1994357.903454, maxRC=10319.652060, +2 cols
    [CG]   [DIAG] iter=14 posCols=2 newCols=2 effImprove=2 updated=0
    [CG] CG iter 15: obj=1994357.903454, maxRC=10086.753938, +1 cols
    [CG]   [DIAG] iter=15 posCols=1 newCols=1 effImprove=1 updated=0
    [CG] CG iter 16: obj=1994357.903454, maxRC=12176.626812, +1 cols
    [CG]   [DIAG] iter=16 posCols=1 newCols=1 effImprove=1 updated=0
    [CG] CG iter 17: obj=1994357.903454, maxRC=29347.746835, +6 cols
    [CG]   [DIAG] iter=17 posCols=6 newCols=6 effImprove=6 updated=0
    [CG] CG iter 18: obj=1994357.903454, maxRC=37258.997432, +1 cols
    [CG]   [DIAG] iter=18 posCols=1 newCols=1 effImprove=1 updated=0
    [CG] CG iter 19: obj=1994357.903454, maxRC=34311.684691, +1 cols
    [CG]   [DIAG] iter=19 posCols=1 newCols=1 effImprove=1 updated=0
    [CG] CG iter 20: obj=1994357.903454, maxRC=21232.808603, +3 cols
    [CG]   [DIAG] iter=20 posCols=3 newCols=3 effImprove=3 updated=0
    [CG] CG iter 21: obj=1994357.903454, maxRC=11590.092702, +1 cols
    [CG]   [DIAG] iter=21 posCols=1 newCols=1 effImprove=1 updated=0
    [CG] CG iter 22: obj=1994357.903454, maxRC=8248.159532, +1 cols
    [CG]   [DIAG] iter=22 posCols=1 newCols=0 effImprove=1 updated=1
    [CG] CG iter 23: obj=2002606.062986, maxRC=390.621577, +1 cols
    [CG]   [DIAG] iter=23 posCols=1 newCols=1 effImprove=1 updated=0
    [CG] CG iter 24: obj=2002606.062986, maxRC=159.433271, +1 cols
    [CG]   [DIAG] iter=24 posCols=1 newCols=0 effImprove=1 updated=1
    [CG] 列生成收敛，共 25 轮迭代
    [CG] [CG-NODE] depth=0 exit=CERTIFIED certified=1 feasible=1 iters=25 generatedColsBeforeNode=0 newCols=239 posCandidates=242 duplicateCandidates=3 updatedCols=3 zeroObjImproveIters=15 objFirst=860202.506006 objLast=2002606.062986 objGain=1142403.556980 maxRC=944921.568261 wallSec=0.141917 pricingSec=0.111505 cplexSolveSec=0.008192
      [BB] 根节点即为整数解，obj=2002606.062986
