    [CG] 列生成开始，初始列数=310
    [CG] CG iter 1: obj=452629.018152, maxRC=885996.089586, +30 cols
    [CG]   [DIAG] iter=1 posCols=30 newCols=30 effImprove=30 updated=0
    [CG] CG iter 2: obj=947148.735065, maxRC=400380.216024, +28 cols
    [CG]   [DIAG] iter=2 posCols=28 newCols=28 effImprove=28 updated=0
    [CG] CG iter 3: obj=1132226.204946, maxRC=479124.799699, +30 cols
    [CG]   [DIAG] iter=3 posCols=30 newCols=30 effImprove=30 updated=0
    [CG] CG iter 4: obj=1257027.315775, maxRC=305312.684478, +29 cols
    [CG]   [DIAG] iter=4 posCols=29 newCols=29 effImprove=29 updated=0
    [CG] CG iter 5: obj=1350589.426287, maxRC=292460.953204, +30 cols
    [CG]   [DIAG] iter=5 posCols=30 newCols=30 effImprove=30 updated=0
    [CG] CG iter 6: obj=1415629.272535, maxRC=203061.682748, +24 cols
    [CG]   [DIAG] iter=6 posCols=24 newCols=24 effImprove=24 updated=0
    [CG] CG iter 7: obj=1465508.032290, maxRC=202469.219605, +25 cols
    [CG]   [DIAG] iter=7 posCols=25 newCols=25 effImprove=25 updated=0
    [CG] CG iter 8: obj=1520372.141275, maxRC=190957.247148, +20 cols
    [CG]   [DIAG] iter=8 posCols=20 newCols=20 effImprove=20 updated=0
    [CG] CG iter 9: obj=1554894.631273, maxRC=111715.201805, +16 cols
    [CG]   [DIAG] iter=9 posCols=16 newCols=15 effImprove=16 updated=1
    [CG] CG iter 10: obj=1561731.406913, maxRC=128849.916984, +15 cols
    [CG]   [DIAG] iter=10 posCols=15 newCols=15 effImprove=15 updated=0
    [CG] CG iter 11: obj=1561731.406913, maxRC=53412.863098, +13 cols
    [CG]   [DIAG] iter=11 posCols=13 newCols=13 effImprove=13 updated=0
    [CG] CG iter 12: obj=1568322.455037, maxRC=90023.758732, +13 cols
    [CG]   [DIAG] iter=12 posCols=13 newCols=13 effImprove=13 updated=0
    [CG] CG iter 13: obj=1579181.696345, maxRC=78637.979238, +10 cols
    [CG]   [DIAG] iter=13 posCols=10 newCols=10 effImprove=10 updated=0
    [CG] CG iter 14: obj=1584357.699239, maxRC=69390.038450, +15 cols
    [CG]   [DIAG] iter=14 posCols=15 newCols=15 effImprove=15 updated=0
    [CG] CG iter 15: obj=1584357.699239, maxRC=71575.969819, +13 cols
    [CG]   [DIAG] iter=15 posCols=13 newCols=13 effImprove=13 updated=0
    [CG] CG iter 16: obj=1584357.699239, maxRC=96871.946595, +13 cols
    [CG]   [DIAG] iter=16 posCols=13 newCols=13 effImprove=13 updated=0
    [CG] CG iter 17: obj=1584357.699239, maxRC=89382.002202, +10 cols
    [CG]   [DIAG] iter=17 posCols=10 newCols=9 effImprove=10 updated=1
    [CG] CG iter 18: obj=1600358.504034, maxRC=59019.235823, +15 cols
    [CG]   [DIAG] iter=18 posCols=15 newCols=15 effImprove=15 updated=0
    [CG] CG iter 19: obj=1600358.504034, maxRC=49245.434537, +9 cols
    [CG]   [DIAG] iter=19 posCols=9 newCols=9 effImprove=9 updated=0
    [CG] CG iter 20: obj=1600358.504034, maxRC=43660.804207, +7 cols
    [CG]   [DIAG] iter=20 posCols=7 newCols=7 effImprove=7 updated=0
    [CG] CG iter 21: obj=1612865.508582, maxRC=21861.924508, +8 cols
    [CG]   [DIAG] iter=21 posCols=8 newCols=8 effImprove=8 updated=0
    [CG] CG iter 22: obj=1612865.508582, maxRC=28157.114615, +9 cols
    [CG]   [DIAG] iter=22 posCols=9 newCols=9 effImprove=9 updated=0
    [CG] CG iter 23: obj=1612865.508582, maxRC=10699.433514, +6 cols
    [CG]   [DIAG] iter=23 posCols=6 newCols=6 effImprove=6 updated=0
    [CG] CG iter 24: obj=1612865.508582, maxRC=9460.806622, +5 cols
    [CG]   [DIAG] iter=24 posCols=5 newCols=5 effImprove=5 updated=0
    [CG] CG iter 25: obj=1612865.508582, maxRC=17557.252121, +6 cols
    [CG]   [DIAG] iter=25 posCols=6 newCols=6 effImprove=6 updated=0
    [CG] CG iter 26: obj=1612865.508582, maxRC=11484.262281, +4 cols
    [CG]   [DIAG] iter=26 posCols=4 newCols=4 effImprove=4 updated=0
    [CG] CG iter 27: obj=1612865.508582, maxRC=5163.931291, +5 cols
    [CG]   [DIAG] iter=27 posCols=5 newCols=5 effImprove=5 updated=0
    [CG] CG iter 28: obj=1612865.508582, maxRC=4177.054838, +4 cols
    [CG]   [DIAG] iter=28 posCols=4 newCols=4 effImprove=4 updated=0
    [CG] CG iter 29: obj=1612865.508582, maxRC=5591.478463, +4 cols
    [CG]   [DIAG] iter=29 posCols=4 newCols=4 effImprove=4 updated=0
    [CG] CG iter 30: obj=1612865.508582, maxRC=694.369263, +1 cols
    [CG]   [DIAG] iter=30 posCols=1 newCols=1 effImprove=1 updated=0
    [CG] 列生成收敛，共 31 轮迭代
    [CG] [CG-NODE] depth=0 exit=CERTIFIED certified=1 feasible=1 iters=31 generatedColsBeforeNode=0 newCols=415 posCandidates=417 duplicateCandidates=2 updatedCols=2 zeroObjImproveIters=16 objFirst=452629.018152 objLast=1612865.508582 objGain=1160236.490431 maxRC=885996.089586 wallSec=0.577002 pricingSec=0.538917 cplexSolveSec=0.013036
      [BB] 根节点即为整数解，obj=1612865.508582
