    [CG] 列生成开始，初始列数=310
    [CG] CG iter 1: obj=826702.991743, maxRC=989252.305126, +30 cols
    [CG]   [DIAG] iter=1 posCols=30 newCols=30 effImprove=30 updated=0
    [CG] CG iter 2: obj=1320202.628335, maxRC=358502.688770, +29 cols
    [CG]   [DIAG] iter=2 posCols=29 newCols=29 effImprove=29 updated=0
    [CG] CG iter 3: obj=1531207.516395, maxRC=365913.749803, +30 cols
    [CG]   [DIAG] iter=3 posCols=30 newCols=30 effImprove=30 updated=0
    [CG] CG iter 4: obj=1720811.922507, maxRC=154556.808088, +27 cols
    [CG]   [DIAG] iter=4 posCols=27 newCols=27 effImprove=27 updated=0
    [CG] CG iter 5: obj=1855062.438847, maxRC=199577.764451, +22 cols
    [CG]   [DIAG] iter=5 posCols=22 newCols=22 effImprove=22 updated=0
    [CG] CG iter 6: obj=1875197.036812, maxRC=201570.249528, +23 cols
    [CG]   [DIAG] iter=6 posCols=23 newCols=23 effImprove=23 updated=0
    [CG] CG iter 7: obj=1915832.722906, maxRC=119896.447218, +20 cols
    [CG]   [DIAG] iter=7 posCols=20 newCols=20 effImprove=20 updated=0
    [CG] CG iter 8: obj=1960229.510937, maxRC=115482.137080, +15 cols
    [CG]   [DIAG] iter=8 posCols=15 newCols=15 effImprove=15 updated=0
    [CG] CG iter 9: obj=1960229.510937, maxRC=51154.372169, +13 cols
    [CG]   [DIAG] iter=9 posCols=13 newCols=12 effImprove=13 updated=1
    [CG] CG iter 10: obj=1960229.510937, maxRC=58539.053293, +12 cols
    [CG]   [DIAG] iter=10 posCols=12 newCols=12 effImprove=12 updated=0
    [CG] CG iter 11: obj=1973212.108729, maxRC=38681.774315, +10 cols
    [CG]   [DIAG] iter=11 posCols=10 newCols=10 effImprove=10 updated=0
    [CG] CG iter 12: obj=1992240.253745, maxRC=41233.668181, +7 cols
    [CG]   [DIAG] iter=12 posCols=7 newCols=7 effImprove=7 updated=0
    [CG] CG iter 13: obj=2028506.599474, maxRC=38177.117044, +9 cols
    [CG]   [DIAG] iter=13 posCols=9 newCols=9 effImprove=9 updated=0
    [CG] CG iter 14: obj=2028506.599474, maxRC=11469.132015, +4 cols
    [CG]   [DIAG] iter=14 posCols=4 newCols=3 effImprove=4 updated=1
    [CG] CG iter 15: obj=2028506.599474, maxRC=5342.311854, +3 cols
    [CG]   [DIAG] iter=15 posCols=3 newCols=3 effImprove=3 updated=0
    [CG] CG iter 16: obj=2028506.599474, maxRC=2153.326545, +1 cols
    [CG]   [DIAG] iter=16 posCols=1 newCols=1 effImprove=1 updated=0
    [CG] CG iter 17: obj=2030659.926019, maxRC=649.839416, +1 cols
    [CG]   [DIAG] iter=17 posCols=1 newCols=1 effImprove=1 updated=0
    [CG] 列生成收敛，共 18 轮迭代
    [CG] [CG-NODE] depth=0 exit=CERTIFIED certified=1 feasible=1 iters=18 generatedColsBeforeNode=0 newCols=254 posCandidates=256 duplicateCandidates=2 updatedCols=2 zeroObjImproveIters=6 objFirst=826702.991743 objLast=2030659.926019 objGain=1203956.934276 maxRC=989252.305126 wallSec=0.145174 pricingSec=0.133505 cplexSolveSec=0.007111
      [BB] 根节点即为整数解，obj=2030659.926019
