    [CG] 列生成开始，初始列数=310
    [CG] CG iter 1: obj=839071.404611, maxRC=1057803.631618, +30 cols
    [CG]   [DIAG] iter=1 posCols=30 newCols=30 effImprove=30 updated=0
    [CG] CG iter 2: obj=1335691.356143, maxRC=350379.066059, +29 cols
    [CG]   [DIAG] iter=2 posCols=29 newCols=29 effImprove=29 updated=0
    [CG] CG iter 3: obj=1558444.152501, maxRC=340050.307347, +30 cols
    [CG]   [DIAG] iter=3 posCols=30 newCols=30 effImprove=30 updated=0
    [CG] CG iter 4: obj=1717792.127093, maxRC=173863.881426, +26 cols
    [CG]   [DIAG] iter=4 posCols=26 newCols=26 effImprove=26 updated=0
    [CG] CG iter 5: obj=1816028.797417, maxRC=153781.169597, +24 cols
    [CG]   [DIAG] iter=5 posCols=24 newCols=24 effImprove=24 updated=0
    [CG] CG iter 6: obj=1932683.224319, maxRC=166425.580554, +21 cols
    [CG]   [DIAG] iter=6 posCols=21 newCols=20 effImprove=21 updated=1
    [CG] CG iter 7: obj=1962717.338810, maxRC=178904.411513, +21 cols
    [CG]   [DIAG] iter=7 posCols=21 newCols=21 effImprove=21 updated=0
    [CG] CG iter 8: obj=1962717.338810, maxRC=89822.652602, +13 cols
    [CG]   [DIAG] iter=8 posCols=13 newCols=13 effImprove=13 updated=0
    [CG] CG iter 9: obj=1962717.338810, maxRC=48100.903011, +9 cols
    [CG]   [DIAG] iter=9 posCols=9 newCols=9 effImprove=9 updated=0
    [CG] CG iter 10: obj=1962717.338810, maxRC=83127.195559, +12 cols
    [CG]   [DIAG] iter=10 posCols=12 newCols=11 effImprove=12 updated=1
    [CG] CG iter 11: obj=1966144.278567, maxRC=39291.000891, +15 cols
    [CG]   [DIAG] iter=11 posCols=15 newCols=15 effImprove=15 updated=0
    [CG] CG iter 12: obj=1991920.880458, maxRC=26384.633321, +7 cols
    [CG]   [DIAG] iter=12 posCols=7 newCols=7 effImprove=7 updated=0
    [CG] CG iter 13: obj=1991920.880458, maxRC=20122.356823, +6 cols
    [CG]   [DIAG] iter=13 posCols=6 newCols=6 effImprove=6 updated=0
    [CG] 列生成收敛，共 14 轮迭代
    [CG] [CG-NODE] depth=0 exit=CERTIFIED certified=1 feasible=1 iters=14 generatedColsBeforeNode=0 newCols=241 posCandidates=243 duplicateCandidates=2 updatedCols=2 zeroObjImproveIters=4 objFirst=839071.404611 objLast=2012043.237280 objGain=1172971.832669 maxRC=1057803.631618 wallSec=0.118319 pricingSec=0.109744 cplexSolveSec=0.005178
      [BB] 根节点即为整数解，obj=2012043.237280
