    [CG] 列生成开始，初始列数=310
    [CG] CG iter 1: obj=355054.847896, maxRC=791502.821950, +30 cols
    [CG]   [DIAG] iter=1 posCols=30 newCols=30 effImprove=30 updated=0
    [CG] CG iter 2: obj=939779.189780, maxRC=376665.531346, +25 cols
    [CG]   [DIAG] iter=2 posCols=25 newCols=25 effImprove=25 updated=0
    [CG] CG iter 3: obj=969575.954698, maxRC=501724.531761, +27 cols
    [CG]   [DIAG] iter=3 posCols=27 newCols=27 effImprove=27 updated=0
    [CG] CG iter 4: obj=1068216.499253, maxRC=471328.848129, +27 cols
    [CG]   [DIAG] iter=4 posCols=27 newCols=27 effImprove=27 updated=0
    [CG] CG iter 5: obj=1152476.515941, maxRC=248851.544215, +23 cols
    [CG]   [DIAG] iter=5 posCols=23 newCols=23 effImprove=23 updated=0
    [CG] CG iter 6: obj=1251928.924078, maxRC=258524.088573, +19 cols
    [CG]   [DIAG] iter=6 posCols=19 newCols=19 effImprove=19 updated=0
    [CG] CG iter 7: obj=1277299.408572, maxRC=221922.462781, +20 cols
    [CG]   [DIAG] iter=7 posCols=20 newCols=20 effImprove=20 updated=0
    [CG] CG iter 8: obj=1288480.396477, maxRC=165691.480380, +19 cols
    [CG]   [DIAG] iter=8 posCols=19 newCols=19 effImprove=19 updated=0
    [CG] CG iter 9: obj=1320943.177910, maxRC=158851.351369, +18 cols
    [CG]   [DIAG] iter=9 posCols=18 newCols=18 effImprove=18 updated=0
    [CG] CG iter 10: obj=1329151.746968, maxRC=138204.679887, +16 cols
    [CG]   [DIAG] iter=10 posCols=16 newCols=16 effImprove=16 updated=0
    [CG] CG iter 11: obj=1343183.137591, maxRC=105961.568079, +17 cols
    [CG]   [DIAG] iter=11 posCols=17 newCols=17 effImprove=17 updated=0
    [CG] CG iter 12: obj=1349555.162430, maxRC=71857.007452, +15 cols
    [CG]   [DIAG] iter=12 posCols=15 newCols=15 effImprove=15 updated=0
    [CG] CG iter 13: obj=1400896.824142, maxRC=78361.737036, +15 cols
    [CG]   [DIAG] iter=13 posCols=15 newCols=15 effImprove=15 updated=0
    [CG] CG iter 14: obj=1400896.824142, maxRC=64960.252716, +12 cols
    [CG]   [DIAG] iter=14 posCols=12 newCols=12 effImprove=12 updated=0
    [CG] CG iter 15: obj=1400896.824142, maxRC=41225.211448, +15 cols
    [CG]   [DIAG] iter=15 posCols=15 newCols=15 effImprove=15 updated=0
    [CG] CG iter 16: obj=1407309.358844, maxRC=61596.556118, +12 cols
    [CG]   [DIAG] iter=16 posCols=12 newCols=12 effImprove=12 updated=0
    [CG] CG iter 17: obj=1407309.358844, maxRC=49162.099760, +12 cols
    [CG]   [DIAG] iter=17 posCols=12 newCols=12 effImprove=12 updated=0
    [CG] CG iter 18: obj=1407309.358844, maxRC=27401.992996, +10 cols
    [CG]   [DIAG] iter=18 posCols=10 newCols=10 effImprove=10 updated=0
    [CG] CG iter 19: obj=1416436.088376, maxRC=28466.462037, +9 cols
    [CG]   [DIAG] iter=19 posCols=9 newCols=8 effImprove=9 updated=1
    [CG] CG iter 20: obj=1418133.756055, maxRC=18901.229487, +4 cols
    [CG]   [DIAG] iter=20 posCols=4 newCols=4 effImprove=4 updated=0
    [CG] CG iter 21: obj=1418133.756055, maxRC=8288.582188, +3 cols
    [CG]   [DIAG] iter=21 posCols=3 newCols=3 effImprove=3 updated=0
    [CG] CG iter 22: obj=1424720.854699, maxRC=7006.699760, +1 cols
    [CG]   [DIAG] iter=22 posCols=1 newCols=1 effImprove=1 updated=0
    [CG] CG iter 23: obj=1424720.854699, maxRC=4238.080644, +1 cols
    [CG]   [DIAG] iter=23 posCols=1 newCols=1 effImprove=1 updated=0
    [CG] CG iter 24: obj=1424720.854699, maxRC=1282.491314, +1 cols
    [CG]   [DIAG] iter=24 posCols=1 newCols=1 effImprove=1 updated=0
    [CG] 列生成收敛，共 25 轮迭代
    [CG] [CG-NODE] depth=0 exit=CERTIFIED certified=1 feasible=1 iters=25 generatedColsBeforeNode=0 newCols=350 posCandidates=351 duplicateCandidates=1 updatedCols=1 zeroObjImproveIters=8 objFirst=355054.847896 objLast=1424720.854699 objGain=1069666.006803 maxRC=791502.821950 wallSec=0.874585 pricingSec=0.839307 cplexSolveSec=0.010455
      [BB] 根节点即为整数解，obj=1424720.854699
