    [CG] 列生成开始，初始列数=310
    [CG] CG iter 1: obj=832222.639733, maxRC=1832830.392859, +30 cols
    [CG]   [DIAG] iter=1 posCols=30 newCols=30 effImprove=30 updated=0
    [CG] CG iter 2: obj=2119117.419768, maxRC=396427.237772, +17 cols
    [CG]   [DIAG] iter=2 posCols=17 newCols=17 effImprove=17 updated=0
    [CG] CG iter 3: obj=2143684.818563, maxRC=270565.109008, +24 cols
    [CG]   [DIAG] iter=3 posCols=24 newCols=24 effImprove=24 updated=0
    [CG] CG iter 4: obj=2192203.273457, maxRC=503543.611140, +24 cols
    [CG]   [DIAG] iter=4 posCols=24 newCols=24 effImprove=24 updated=0
    [CG] CG iter 5: obj=2213418.339423, maxRC=412269.080370, +14 cols
    [CG]   [DIAG] iter=5 posCols=14 newCols=14 effImprove=14 updated=0
    [CG] CG iter 6: obj=2213418.339423, maxRC=344981.732605, +10 cols
    [CG]   [DIAG] iter=6 posCols=10 newCols=9 effImprove=10 updated=1
    [CG] CG iter 7: obj=2231411.194416, maxRC=370768.056844, +11 cols
    [CG]   [DIAG] iter=7 posCols=11 newCols=11 effImprove=11 updated=0
    [CG] CG iter 8: obj=2231411.194416, maxRC=381701.672904, +7 cols
    [CG]   [DIAG] iter=8 posCols=7 newCols=7 effImprove=7 updated=0
    [CG] CG iter 9: obj=2239296.893385, maxRC=101654.184694, +9 cols
    [CG]   [DIAG] iter=9 posCols=9 newCols=9 effImprove=9 updated=0
    [CG] CG iter 10: obj=2255040.312310, maxRC=82576.711786, +9 cols
    [CG]   [DIAG] iter=10 posCols=9 newCols=9 effImprove=9 updated=0
    [CG] CG iter 11: obj=2263637.543744, maxRC=61791.323966, +9 cols
    [CG]   [DIAG] iter=11 posCols=9 newCols=9 effImprove=9 updated=0
    [CG] CG iter 12: obj=2284183.863927, maxRC=51967.618514, +6 cols
    [CG]   [DIAG] iter=12 posCols=6 newCols=6 effImprove=6 updated=0
    [CG] CG iter 13: obj=2291187.187849, maxRC=38780.397635, +7 cols
    [CG]   [DIAG] iter=13 posCols=7 newCols=7 effImprove=7 updated=0
    [CG] CG iter 14: obj=2308550.690250, maxRC=19662.072157, +4 cols
    [CG]   [DIAG] iter=14 posCols=4 newCols=4 effImprove=4 updated=0
    [CG] CG iter 15: obj=2314607.676755, maxRC=19665.519166, +4 cols
    [CG]   [DIAG] iter=15 posCols=4 newCols=4 effImprove=4 updated=0
    [CG] CG iter 16: obj=2314607.676755, maxRC=14721.678759, +5 cols
    [CG]   [DIAG] iter=16 posCols=5 newCols=5 effImprove=5 updated=0
    [CG] CG iter 17: obj=2314607.676755, maxRC=6481.832700, +4 cols
    [CG]   [DIAG] iter=17 posCols=4 newCols=4 effImprove=4 updated=0
    [CG] CG iter 18: obj=2314607.676755, maxRC=4340.303741, +4 cols
    [CG]   [DIAG] iter=18 posCols=4 newCols=3 effImprove=4 updated=1
    [CG] CG iter 19: obj=2318947.980496, maxRC=13911.902019, +3 cols
    [CG]   [DIAG] iter=19 posCols=3 newCols=3 effImprove=3 updated=0
    [CG] CG iter 20: obj=2318947.980496, maxRC=264.151581, +2 cols
    [CG]   [DIAG] iter=20 posCols=2 newCols=2 effImprove=2 updated=0
    [CG] 列生成收敛，共 21 轮迭代
    [CG] [CG-NODE] depth=0 exit=CERTIFIED certified=1 feasible=1 iters=21 generatedColsBeforeNode=0 newCols=201 posCandidates=203 duplicateCandidates=2 updatedCols=2 zeroObjImproveIters=7 objFirst=832222.639733 objLast=2318947.980496 objGain=1486725.340763 maxRC=1832830.392859 wallSec=0.227553 pricingSec=0.213361 cplexSolveSec=0.008867
      [BB] 根节点即为整数解，obj=2318947.980496
