    [CG] 列生成开始，初始列数=310
    [CG] CG iter 1: obj=830103.931752, maxRC=1284654.279091, +30 cols
    [CG]   [DIAG] iter=1 posCols=30 newCols=30 effImprove=30 updated=0
    [CG] CG iter 2: obj=1596422.831504, maxRC=315603.257088, +21 cols
    [CG]   [DIAG] iter=2 posCols=21 newCols=21 effImprove=21 updated=0
    [CG] CG iter 3: obj=1817287.561293, maxRC=676313.656305, +28 cols
    [CG]   [DIAG] iter=3 posCols=28 newCols=28 effImprove=28 updated=0
    [CG] CG iter 4: obj=1839274.707089, maxRC=445871.165419, +28 cols
    [CG]   [DIAG] iter=4 posCols=28 newCols=28 effImprove=28 updated=0
    [CG] CG iter 5: obj=1864098.974054, maxRC=245227.692353, +20 cols
    [CG]   [DIAG] iter=5 posCols=20 newCols=19 effImprove=20 updated=1
    [CG] CG iter 6: obj=1897567.424670, maxRC=231772.870881, +17 cols
    [CG]   [DIAG] iter=6 posCols=17 newCols=17 effImprove=17 updated=0
    [CG] CG iter 7: obj=1900189.131892, maxRC=180999.797561, +16 cols
    [CG]   [DIAG] iter=7 posCols=16 newCols=16 effImprove=16 updated=0
    [CG] CG iter 8: obj=1976083.259720, maxRC=167081.098462, +14 cols
    [CG]   [DIAG] iter=8 posCols=14 newCols=14 effImprove=14 updated=0
    [CG] CG iter 9: obj=2035382.397423, maxRC=145006.796229, +18 cols
    [CG]   [DIAG] iter=9 posCols=18 newCols=18 effImprove=18 updated=0
    [CG] CG iter 10: obj=2062711.868317, maxRC=161399.982377, +15 cols
    [CG]   [DIAG] iter=10 posCols=15 newCols=14 effImprove=15 updated=1
    [CG] CG iter 11: obj=2068456.857671, maxRC=126823.963009, +15 cols
    [CG]   [DIAG] iter=11 posCols=15 newCols=15 effImprove=15 updated=0
    [CG] CG iter 12: obj=2081139.004056, maxRC=107217.706768, +11 cols
    [CG]   [DIAG] iter=12 posCols=11 newCols=10 effImprove=11 updated=1
    [CG] CG iter 13: obj=2081139.004056, maxRC=111451.385757, +9 cols
    [CG]   [DIAG] iter=13 posCols=9 newCols=9 effImprove=9 updated=0
    [CG] CG iter 14: obj=2081139.004056, maxRC=105886.858287, +9 cols
    [CG]   [DIAG] iter=14 posCols=9 newCols=8 effImprove=9 updated=1
    [CG] CG iter 15: obj=2081139.004056, maxRC=84899.214875, +7 cols
    [CG]   [DIAG] iter=15 posCols=7 newCols=7 effImprove=7 updated=0
    [CG] CG iter 16: obj=2081139.004056, maxRC=55898.060900, +6 cols
    [CG]   [DIAG] iter=16 posCols=6 newCols=6 effImprove=6 updated=0
    [CG] CG iter 17: obj=2096935.198739, maxRC=45071.797634, +13 cols
    [CG]   [DIAG] iter=17 posCols=13 newCols=13 effImprove=13 updated=0
    [CG] CG iter 18: obj=2111431.899891, maxRC=37678.625652, +6 cols
    [CG]   [DIAG] iter=18 posCols=6 newCols=6 effImprove=6 updated=0
    [CG] CG iter 19: obj=2111431.899891, maxRC=16108.443915, +6 cols
    [CG]   [DIAG] iter=19 posCols=6 newCols=6 effImprove=6 updated=0
    [CG] CG iter 20: obj=2111431.899891, maxRC=21895.784980, +9 cols
    [CG]   [DIAG] iter=20 posCols=9 newCols=9 effImprove=9 updated=0
    [CG] CG iter 21: obj=2111431.899891, maxRC=18541.789733, +8 cols
    [CG]   [DIAG] iter=21 posCols=8 newCols=8 effImprove=8 updated=0
    [CG] CG iter 22: obj=2111431.899891, maxRC=11901.413796, +4 cols
    [CG]   [DIAG] iter=22 posCols=4 newCols=4 effImprove=4 updated=0
    [CG] CG iter 23: obj=2111431.899891, maxRC=12978.993308, +3 cols
    [CG]   [DIAG] iter=23 posCols=3 newCols=3 effImprove=3 updated=0
    [CG] CG iter 24: obj=2123176.364279, maxRC=4807.060646, +3 cols
    [CG]   [DIAG] iter=24 posCols=3 newCols=3 effImprove=3 updated=0
    [CG] CG iter 25: obj=2123176.364279, maxRC=866.099183, +1 cols
    [CG]   [DIAG] iter=25 posCols=1 newCols=1 effImprove=1 updated=0
    [CG] 列生成收敛，共 26 轮迭代
    [CG] [CG-NODE] depth=0 exit=CERTIFIED certified=1 feasible=1 iters=26 generatedColsBeforeNode=0 newCols=313 posCandidates=317 duplicateCandidates=4 updatedCols=4 zeroObjImproveIters=11 objFirst=830103.931752 objLast=2123176.364279 objGain=1293072.432527 maxRC=1284654.279091 wallSec=0.201172 pricingSec=0.187703 cplexSolveSec=0.009385
      [BB] 根节点即为整数解，obj=2123176.364279
