    [CG] 列生成开始，初始列数=310
    [CG] CG iter 1: obj=830403.361694, maxRC=1822803.748888, +30 cols
    [CG]   [DIAG] iter=1 posCols=30 newCols=30 effImprove=30 updated=0
    [CG] CG iter 2: obj=2132689.642773, maxRC=459604.726466, +24 cols
    [CG]   [DIAG] iter=2 posCols=24 newCols=24 effImprove=24 updated=0
    [CG] CG iter 3: obj=2190997.137096, maxRC=278145.099925, +22 cols
    [CG]   [DIAG] iter=3 posCols=22 newCols=22 effImprove=22 updated=0
    [CG] CG iter 4: obj=2225382.513951, maxRC=185180.583621, +17 cols
    [CG]   [DIAG] iter=4 posCols=17 newCols=16 effImprove=17 updated=1
    [CG] CG iter 5: obj=2241957.428768, maxRC=173105.039177, +16 cols
    [CG]   [DIAG] iter=5 posCols=16 newCols=16 effImprove=16 updated=0
    [CG] CG iter 6: obj=2271669.293784, maxRC=189054.315371, +22 cols
    [CG]   [DIAG] iter=6 posCols=22 newCols=22 effImprove=22 updated=0
    [CG] CG iter 7: obj=2271669.293784, maxRC=120365.482126, +12 cols
    [CG]   [DIAG] iter=7 posCols=12 newCols=12 effImprove=12 updated=0
    [CG] CG iter 8: obj=2273857.597236, maxRC=179528.775672, +10 cols
    [CG]   [DIAG] iter=8 posCols=10 newCols=10 effImprove=10 updated=0
    [CG] CG iter 9: obj=2273857.597236, maxRC=262975.375663, +10 cols
    [CG]   [DIAG] iter=9 posCols=10 newCols=10 effImprove=10 updated=0
    [CG] CG iter 10: obj=2273857.597236, maxRC=228642.538494, +8 cols
    [CG]   [DIAG] iter=10 posCols=8 newCols=8 effImprove=8 updated=0
    [CG] CG iter 11: obj=2273857.597236, maxRC=127199.658310, +13 cols
    [CG]   [DIAG] iter=11 posCols=13 newCols=13 effImprove=13 updated=0
    [CG] CG iter 12: obj=2273857.597236, maxRC=164788.860699, +7 cols
    [CG]   [DIAG] iter=12 posCols=7 newCols=7 effImprove=7 updated=0
    [CG] CG iter 13: obj=2279133.292514, maxRC=130487.336230, +6 cols
    [CG]   [DIAG] iter=13 posCols=6 newCols=6 effImprove=6 updated=0
    [CG] CG iter 14: obj=2286137.027620, maxRC=84148.857531, +6 cols
    [CG]   [DIAG] iter=14 posCols=6 newCols=6 effImprove=6 updated=0
    [CG] CG iter 15: obj=2291907.905757, maxRC=39919.351990, +6 cols
    [CG]   [DIAG] iter=15 posCols=6 newCols=6 effImprove=6 updated=0
    [CG] CG iter 16: obj=2292473.717899, maxRC=42241.871766, +6 cols
    [CG]   [DIAG] iter=16 posCols=6 newCols=6 effImprove=6 updated=0
    [CG] CG iter 17: obj=2304258.529244, maxRC=135601.117287, +6 cols
    [CG]   [DIAG] iter=17 posCols=6 newCols=6 effImprove=6 updated=0
    [CG] CG iter 18: obj=2316189.890535, maxRC=38267.334849, +6 cols
    [CG]   [DIAG] iter=18 posCols=6 newCols=6 effImprove=6 updated=0
    [CG] CG iter 19: obj=2316189.890535, maxRC=29419.327730, +6 cols
    [CG]   [DIAG] iter=19 posCols=6 newCols=6 effImprove=6 updated=0
    [CG] CG iter 20: obj=2316189.890535, maxRC=62811.375508, +6 cols
    [CG]   [DIAG] iter=20 posCols=6 newCols=6 effImprove=6 updated=0
    [CG] CG iter 21: obj=2317076.560515, maxRC=28364.293827, +6 cols
    [CG]   [DIAG] iter=21 posCols=6 newCols=6 effImprove=6 updated=0
    [CG] CG iter 22: obj=2320175.514324, maxRC=12404.778617, +4 cols
    [CG]   [DIAG] iter=22 posCols=4 newCols=4 effImprove=4 updated=0
    [CG] CG iter 23: obj=2330451.202760, maxRC=36189.434261, +6 cols
    [CG]   [DIAG] iter=23 posCols=6 newCols=6 effImprove=6 updated=0
    [CG] CG iter 24: obj=2330451.202760, maxRC=31849.092303, +5 cols
    [CG]   [DIAG] iter=24 posCols=5 newCols=5 effImprove=5 updated=0
    [CG] CG iter 25: obj=2331296.796963, maxRC=17259.339215, +3 cols
    [CG]   [DIAG] iter=25 posCols=3 newCols=2 effImprove=3 updated=1
    [CG] CG iter 26: obj=2334791.506501, maxRC=10757.036813, +5 cols
    [CG]   [DIAG] iter=26 posCols=5 newCols=5 effImprove=5 updated=0
    [CG] CG iter 27: obj=2334791.506501, maxRC=6067.835426, +2 cols
    [CG]   [DIAG] iter=27 posCols=2 newCols=2 effImprove=2 updated=0
    [CG] CG iter 28: obj=2334791.506501, maxRC=2499.339881, +2 cols
    [CG]   [DIAG] iter=28 posCols=2 newCols=2 effImprove=2 updated=0
    [CG] CG iter 29: obj=2334791.506501, maxRC=1377.966317, +2 cols
    [CG]   [DIAG] iter=29 posCols=2 newCols=2 effImprove=2 updated=0
    [CG] CG iter 30: obj=2334791.506501, maxRC=2952.672234, +1 cols
    [CG]   [DIAG] iter=30 posCols=1 newCols=1 effImprove=1 updated=0
    [CG] CG iter 31: obj=2334791.506501, maxRC=1538.860432, +1 cols
    [CG]   [DIAG] iter=31 posCols=1 newCols=1 effImprove=1 updated=0
    [CG] CG iter 32: obj=2334791.506501, maxRC=535.297049, +1 cols
    [CG]   [DIAG] iter=32 posCols=1 newCols=1 effImprove=1 updated=0
    [CG] 列生成收敛，共 33 轮迭代
    [CG] [CG-NODE] depth=0 exit=CERTIFIED certified=1 feasible=1 iters=33 generatedColsBeforeNode=0 newCols=275 posCandidates=277 duplicateCandidates=2 updatedCols=2 zeroObjImproveIters=15 objFirst=830403.361694 objLast=2334791.506501 objGain=1504388.144807 maxRC=1822803.748888 wallSec=0.388806 pricingSec=0.349415 cplexSolveSec=0.011245
      [BB] 根节点即为整数解，obj=2334791.506501
