    [CG] 列生成开始，初始列数=310
    [CG] CG iter 1: obj=821372.681266, maxRC=1050053.611371, +30 cols
    [CG]   [DIAG] iter=1 posCols=30 newCols=30 effImprove=30 updated=0
    [CG] CG iter 2: obj=1327384.718872, maxRC=349663.099833, +29 cols
    [CG]   [DIAG] iter=2 posCols=29 newCols=29 effImprove=29 updated=0
    [CG] CG iter 3: obj=1606726.970241, maxRC=516528.699134, +30 cols
    [CG]   [DIAG] iter=3 posCols=30 newCols=30 effImprove=30 updated=0
    [CG] CG iter 4: obj=1707918.613582, maxRC=216655.030958, +24 cols
    [CG]   [DIAG] iter=4 posCols=24 newCols=24 effImprove=24 updated=0
    [CG] CG iter 5: obj=1823628.565363, maxRC=230701.749817, +29 cols
    [CG]   [DIAG] iter=5 posCols=29 newCols=29 effImprove=29 updated=0
    [CG] CG iter 6: obj=1856226.372121, maxRC=195395.978786, +30 cols
    [CG]   [DIAG] iter=6 posCols=30 newCols=30 effImprove=30 updated=0
    [CG] CG iter 7: obj=1965775.160516, maxRC=183166.276516, +22 cols
    [CG]   [DIAG] iter=7 posCols=22 newCols=22 effImprove=22 updated=0
    [CG] CG iter 8: obj=2021841.821897, maxRC=169836.527987, +14 cols
    [CG]   [DIAG] iter=8 posCols=14 newCols=13 effImprove=14 updated=1
    [CG] CG iter 9: obj=2021841.821897, maxRC=108623.579097, +11 cols
    [CG]   [DIAG] iter=9 posCols=11 newCols=11 effImprove=11 updated=0
    [CG] CG iter 10: obj=2049450.324662, maxRC=63783.239456, +9 cols
    [CG]   [DIAG] iter=10 posCols=9 newCols=9 effImprove=9 updated=0
    [CG] CG iter 11: obj=2049450.324662, maxRC=25060.993047, +6 cols
    [CG]   [DIAG] iter=11 posCols=6 newCols=6 effImprove=6 updated=0
    [CG] CG iter 12: obj=2049450.324662, maxRC=25233.540918, +6 cols
    [CG]   [DIAG] iter=12 posCols=6 newCols=6 effImprove=6 updated=0
    [CG] CG iter 13: obj=2049450.324662, maxRC=27343.146391, +6 cols
    [CG]   [DIAG] iter=13 posCols=6 newCols=6 effImprove=6 updated=0
    [CG] CG iter 14: obj=2049450.324662, maxRC=29681.491112, +6 cols
    [CG]   [DIAG] iter=14 posCols=6 newCols=6 effImprove=6 updated=0
    [CG] CG iter 15: obj=2054265.044198, maxRC=12333.575178, +6 cols
    [CG]   [DIAG] iter=15 posCols=6 newCols=6 effImprove=6 updated=0
    [CG] CG iter 16: obj=2054265.044198, maxRC=19604.743638, +3 cols
    [CG]   [DIAG] iter=16 posCols=3 newCols=3 effImprove=3 updated=0
    [CG] CG iter 17: obj=2054265.044198, maxRC=4706.836594, +4 cols
    [CG]   [DIAG] iter=17 posCols=4 newCols=4 effImprove=4 updated=0
    [CG] CG iter 18: obj=2054265.044198, maxRC=11181.659601, +3 cols
    [CG]   [DIAG] iter=18 posCols=3 newCols=3 effImprove=3 updated=0
    [CG] CG iter 19: obj=2054265.044198, maxRC=2532.120642, +2 cols
    [CG]   [DIAG] iter=19 posCols=2 newCols=2 effImprove=2 updated=0
    [CG] CG iter 20: obj=2056797.164841, maxRC=1848.113253, +1 cols
    [CG]   [DIAG] iter=20 posCols=1 newCols=1 effImprove=1 updated=0
    [CG] CG iter 21: obj=2056797.164841, maxRC=1209.582689, +1 cols
    [CG]   [DIAG] iter=21 posCols=1 newCols=1 effImprove=1 updated=0
    [CG] CG iter 22: obj=2056797.164841, maxRC=1466.447614, +1 cols
    [CG]   [DIAG] iter=22 posCols=1 newCols=1 effImprove=1 updated=0
    [CG] CG iter 23: obj=2056797.164841, maxRC=920.218986, +1 cols
    [CG]   [DIAG] iter=23 posCols=1 newCols=1 effImprove=1 updated=0
    [CG] CG iter 24: obj=2056797.164841, maxRC=413.350300, +1 cols
    [CG]   [DIAG] iter=24 posCols=1 newCols=1 effImprove=1 updated=0
    [CG] CG iter 25: obj=2056797.164841, maxRC=297.969972, +1 cols
    [CG]   [DIAG] iter=25 posCols=1 newCols=1 effImprove=1 updated=0
    [CG] 列生成收敛，共 26 轮迭代
    [CG] [CG-NODE] depth=0 exit=CERTIFIED certified=1 feasible=1 iters=26 generatedColsBeforeNode=0 newCols=275 posCandidates=276 duplicateCandidates=1 updatedCols=1 zeroObjImproveIters=15 objFirst=821372.681266 objLast=2056797.164841 objGain=1235424.483575 maxRC=1050053.611371 wallSec=0.158761 pricingSec=0.146785 cplexSolveSec=0.008081
      [BB] 根节点即为整数解，obj=2056797.164841
