    [CG] 列生成开始，初始列数=310
    [CG] CG iter 1: obj=585008.473490, maxRC=1216303.951820, +30 cols
    [CG]   [DIAG] iter=1 posCols=30 newCols=30 effImprove=30 updated=0
    [CG] CG iter 2: obj=1339458.460630, maxRC=264617.828476, +25 cols
    [CG]   [DIAG] iter=2 posCols=25 newCols=25 effImprove=25 updated=0
    [CG] CG iter 3: obj=1469347.669345, maxRC=385246.568609, +28 cols
    [CG]   [DIAG] iter=3 posCols=28 newCols=28 effImprove=28 updated=0
    [CG] CG iter 4: obj=1628876.346882, maxRC=410226.299278, +29 cols
    [CG]   [DIAG] iter=4 posCols=29 newCols=29 effImprove=29 updated=0
    [CG] CG iter 5: obj=1736049.681958, maxRC=294750.697901, +27 cols
    [CG]   [DIAG] iter=5 posCols=27 newCols=27 effImprove=27 updated=0
    [CG] CG iter 6: obj=1743518.319370, maxRC=209594.266477, +22 cols
    [CG]   [DIAG] iter=6 posCols=22 newCols=21 effImprove=22 updated=1
    [CG] CG iter 7: obj=1752563.209482, maxRC=166873.065511, +17 cols
    [CG]   [DIAG] iter=7 posCols=17 newCols=17 effImprove=17 updated=0
    [CG] CG iter 8: obj=1763146.129209, maxRC=135376.931329, +18 cols
    [CG]   [DIAG] iter=8 posCols=18 newCols=18 effImprove=18 updated=0
    [CG] CG iter 9: obj=1763146.129209, maxRC=144062.119455, +17 cols
    [CG]   [DIAG] iter=9 posCols=17 newCols=17 effImprove=17 updated=0
    [CG] CG iter 10: obj=1765203.409926, maxRC=78215.473378, +16 cols
    [CG]   [DIAG] iter=10 posCols=16 newCols=15 effImprove=16 updated=1
    [CG] CG iter 11: obj=1805571.597033, maxRC=148520.305745, +16 cols
    [CG]   [DIAG] iter=11 posCols=16 newCols=16 effImprove=16 updated=0
    [CG] CG iter 12: obj=1825216.835640, maxRC=74333.128692, +15 cols
    [CG]   [DIAG] iter=12 posCols=15 newCols=15 effImprove=15 updated=0
    [CG] CG iter 13: obj=1857836.614823, maxRC=44702.518096, +14 cols
    [CG]   [DIAG] iter=13 posCols=14 newCols=14 effImprove=14 updated=0
    [CG] CG iter 14: obj=1874901.073362, maxRC=34424.255411, +14 cols
    [CG]   [DIAG] iter=14 posCols=14 newCols=14 effImprove=14 updated=0
    [CG] CG iter 15: obj=1897236.247549, maxRC=48429.898684, +14 cols
    [CG]   [DIAG] iter=15 posCols=14 newCols=14 effImprove=14 updated=0
    [CG] CG iter 16: obj=1899729.159248, maxRC=39346.307422, +11 cols
    [CG]   [DIAG] iter=16 posCols=11 newCols=11 effImprove=11 updated=0
    [CG] CG iter 17: obj=1899729.159248, maxRC=10934.785813, +6 cols
    [CG]   [DIAG] iter=17 posCols=6 newCols=5 effImprove=6 updated=1
    [CG] CG iter 18: obj=1899729.159248, maxRC=9182.808371, +4 cols
    [CG]   [DIAG] iter=18 posCols=4 newCols=3 effImprove=4 updated=1
    [CG] CG iter 19: obj=1908911.967619, maxRC=11599.296757, +4 cols
    [CG]   [DIAG] iter=19 posCols=4 newCols=4 effImprove=4 updated=0
    [CG] CG iter 20: obj=1908911.967619, maxRC=4775.362325, +1 cols
    [CG]   [DIAG] iter=20 posCols=1 newCols=1 effImprove=1 updated=0
    [CG] CG iter 21: obj=1908911.967619, maxRC=2067.567964, +1 cols
    [CG]   [DIAG] iter=21 posCols=1 newCols=1 effImprove=1 updated=0
    [CG] 列生成收敛，共 22 轮迭代
    [CG] [CG-NODE] depth=0 exit=CERTIFIED certified=1 feasible=1 iters=22 generatedColsBeforeNode=0 newCols=325 posCandidates=329 duplicateCandidates=4 updatedCols=4 zeroObjImproveIters=6 objFirst=585008.473490 objLast=1908911.967619 objGain=1323903.494130 maxRC=1216303.951820 wallSec=0.364536 pricingSec=0.348276 cplexSolveSec=0.010301
      [BB] 根节点即为整数解，obj=1908911.967619
