    [CG] 列生成开始，初始列数=310
    [CG] CG iter 1: obj=807368.627273, maxRC=945161.323556, +30 cols
    [CG]   [DIAG] iter=1 posCols=30 newCols=30 effImprove=30 updated=0
    [CG] CG iter 2: obj=1308797.715177, maxRC=387426.975635, +30 cols
    [CG]   [DIAG] iter=2 posCols=30 newCols=30 effImprove=30 updated=0
    [CG] CG iter 3: obj=1480504.279850, maxRC=463347.032116, +30 cols
    [CG]   [DIAG] iter=3 posCols=30 newCols=30 effImprove=30 updated=0
    [CG] CG iter 4: obj=1641819.221565, maxRC=245335.430890, +27 cols
    [CG]   [DIAG] iter=4 posCols=27 newCols=27 effImprove=27 updated=0
    [CG] CG iter 5: obj=1765681.684480, maxRC=209365.344445, +29 cols
    [CG]   [DIAG] iter=5 posCols=29 newCols=28 effImprove=29 updated=1
    [CG] CG iter 6: obj=1807083.064874, maxRC=150605.805582, +24 cols
    [CG]   [DIAG] iter=6 posCols=24 newCols=24 effImprove=24 updated=0
    [CG] CG iter 7: obj=1866877.606022, maxRC=109014.977930, +17 cols
    [CG]   [DIAG] iter=7 posCols=17 newCols=16 effImprove=17 updated=1
    [CG] CG iter 8: obj=1901004.925208, maxRC=121412.945027, +19 cols
    [CG]   [DIAG] iter=8 posCols=19 newCols=19 effImprove=19 updated=0
    [CG] CG iter 9: obj=1944375.495322, maxRC=76473.351992, +16 cols
    [CG]   [DIAG] iter=9 posCols=16 newCols=15 effImprove=16 updated=1
    [CG] CG iter 10: obj=1965895.234467, maxRC=74042.573297, +13 cols
    [CG]   [DIAG] iter=10 posCols=13 newCols=13 effImprove=13 updated=0
    [CG] CG iter 11: obj=1965895.234467, maxRC=50896.278303, +11 cols
    [CG]   [DIAG] iter=11 posCols=11 newCols=11 effImprove=11 updated=0
    [CG] CG iter 12: obj=1996118.227296, maxRC=34634.267212, +11 cols
    [CG]   [DIAG] iter=12 posCols=11 newCols=10 effImprove=11 updated=1
    [CG] CG iter 13: obj=1996118.227296, maxRC=7611.908132, +10 cols
    [CG]   [DIAG] iter=13 posCols=10 newCols=9 effImprove=10 updated=1
    [CG] CG iter 14: obj=2001077.856478, maxRC=5183.053896, +3 cols
    [CG]   [DIAG] iter=14 posCols=3 newCols=2 effImprove=3 updated=1
    [CG] CG iter 15: obj=2006260.910374, maxRC=97.139822, +1 cols
    [CG]   [DIAG] iter=15 posCols=1 newCols=1 effImprove=1 updated=0
    [CG] 列生成收敛，共 16 轮迭代
    [CG] [CG-NODE] depth=0 exit=CERTIFIED certified=1 feasible=1 iters=16 generatedColsBeforeNode=0 newCols=265 posCandidates=271 duplicateCandidates=6 updatedCols=6 zeroObjImproveIters=3 objFirst=807368.627273 objLast=2006260.910374 objGain=1198892.283100 maxRC=945161.323556 wallSec=0.147299 pricingSec=0.135374 cplexSolveSec=0.007071
      [BB] 根节点即为整数解，obj=2006260.910374
