    [CG] 列生成开始，初始列数=310
    [CG] CG iter 1: obj=632959.604520, maxRC=1076606.164848, +30 cols
    [CG]   [DIAG] iter=1 posCols=30 newCols=30 effImprove=30 updated=0
    [CG] CG iter 2: obj=1298230.986306, maxRC=354047.828331, +26 cols
    [CG]   [DIAG] iter=2 posCols=26 newCols=26 effImprove=26 updated=0
    [CG] CG iter 3: obj=1430806.371918, maxRC=511545.990840, +30 cols
    [CG]   [DIAG] iter=3 posCols=30 newCols=30 effImprove=30 updated=0
    [CG] CG iter 4: obj=1681691.709299, maxRC=456721.276440, +30 cols
    [CG]   [DIAG] iter=4 posCols=30 newCols=30 effImprove=30 updated=0
    [CG] CG iter 5: obj=1694126.742021, maxRC=242886.410160, +24 cols
    [CG]   [DIAG] iter=5 posCols=24 newCols=24 effImprove=24 updated=0
    [CG] CG iter 6: obj=1741119.366630, maxRC=204975.516175, +23 cols
    [CG]   [DIAG] iter=6 posCols=23 newCols=23 effImprove=23 updated=0
    [CG] CG iter 7: obj=1796270.828257, maxRC=190324.445218, +23 cols
    [CG]   [DIAG] iter=7 posCols=23 newCols=23 effImprove=23 updated=0
    [CG] CG iter 8: obj=1831969.496605, maxRC=174786.003100, +21 cols
    [CG]   [DIAG] iter=8 posCols=21 newCols=21 effImprove=21 updated=0
    [CG] CG iter 9: obj=1863928.188717, maxRC=142970.916490, +14 cols
    [CG]   [DIAG] iter=9 posCols=14 newCols=14 effImprove=14 updated=0
    [CG] CG iter 10: obj=1938785.759028, maxRC=151174.505006, +21 cols
    [CG]   [DIAG] iter=10 posCols=21 newCols=21 effImprove=21 updated=0
    [CG] CG iter 11: obj=1938785.759028, maxRC=129651.825719, +19 cols
    [CG]   [DIAG] iter=11 posCols=19 newCols=19 effImprove=19 updated=0
    [CG] CG iter 12: obj=1956741.982476, maxRC=80197.909856, +16 cols
    [CG]   [DIAG] iter=12 posCols=16 newCols=16 effImprove=16 updated=0
    [CG] CG iter 13: obj=1966801.078202, maxRC=90225.719789, +11 cols
    [CG]   [DIAG] iter=13 posCols=11 newCols=11 effImprove=11 updated=0
    [CG] CG iter 14: obj=1966801.078202, maxRC=53051.277364, +12 cols
    [CG]   [DIAG] iter=14 posCols=12 newCols=11 effImprove=12 updated=1
    [CG] CG iter 15: obj=1966801.078202, maxRC=38337.968801, +13 cols
    [CG]   [DIAG] iter=15 posCols=13 newCols=13 effImprove=13 updated=0
    [CG] CG iter 16: obj=1966801.078202, maxRC=44909.282375, +15 cols
    [CG]   [DIAG] iter=16 posCols=15 newCols=15 effImprove=15 updated=0
    [CG] CG iter 17: obj=2007967.696146, maxRC=27869.726834, +12 cols
    [CG]   [DIAG] iter=17 posCols=12 newCols=12 effImprove=12 updated=0
    [CG] CG iter 18: obj=2007967.696146, maxRC=15152.747906, +8 cols
    [CG]   [DIAG] iter=18 posCols=8 newCols=8 effImprove=8 updated=0
    [CG] CG iter 19: obj=2007967.696146, maxRC=9453.936103, +6 cols
    [CG]   [DIAG] iter=19 posCols=6 newCols=5 effImprove=6 updated=1
    [CG] CG iter 20: obj=2010322.475754, maxRC=6367.792495, +7 cols
    [CG]   [DIAG] iter=20 posCols=7 newCols=7 effImprove=7 updated=0
    [CG] CG iter 21: obj=2010322.475754, maxRC=3628.598174, +6 cols
    [CG]   [DIAG] iter=21 posCols=6 newCols=6 effImprove=6 updated=0
    [CG] CG iter 22: obj=2010322.475754, maxRC=1074.631841, +3 cols
    [CG]   [DIAG] iter=22 posCols=3 newCols=3 effImprove=3 updated=0
    [CG] 列生成收敛，共 23 轮迭代
    [CG] [CG-NODE] depth=0 exit=CERTIFIED certified=1 feasible=1 iters=23 generatedColsBeforeNode=0 newCols=368 posCandidates=370 duplicateCandidates=2 updatedCols=2 zeroObjImproveIters=9 objFirst=632959.604520 objLast=2010322.475754 objGain=1377362.871234 maxRC=1076606.164848 wallSec=0.313981 pricingSec=0.279598 cplexSolveSec=0.010062
      [BB] 根节点即为整数解，obj=2010322.475754
