    [CG] 列生成开始，初始列数=310
    [CG] CG iter 1: obj=896806.550448, maxRC=2136041.537981, +29 cols
    [CG]   [DIAG] iter=1 posCols=29 newCols=29 effImprove=29 updated=0
    [CG] CG iter 2: obj=2325948.988927, maxRC=309063.994501, +19 cols
    [CG]   [DIAG] iter=2 posCols=19 newCols=19 effImprove=19 updated=0
    [CG] CG iter 3: obj=2362548.098173, maxRC=526598.347841, +21 cols
    [CG]   [DIAG] iter=3 posCols=21 newCols=21 effImprove=21 updated=0
    [CG] CG iter 4: obj=2397015.482046, maxRC=536466.053377, +22 cols
    [CG]   [DIAG] iter=4 posCols=22 newCols=22 effImprove=22 updated=0
    [CG] CG iter 5: obj=2411600.956553, maxRC=608486.193485, +19 cols
    [CG]   [DIAG] iter=5 posCols=19 newCols=19 effImprove=19 updated=0
    [CG] CG iter 6: obj=2436882.503999, maxRC=552890.223823, +21 cols
    [CG]   [DIAG] iter=6 posCols=21 newCols=21 effImprove=21 updated=0
    [CG] CG iter 7: obj=2506270.905090, maxRC=308754.259105, +17 cols
    [CG]   [DIAG] iter=7 posCols=17 newCols=17 effImprove=17 updated=0
    [CG] CG iter 8: obj=2548742.425850, maxRC=368635.170339, +13 cols
    [CG]   [DIAG] iter=8 posCols=13 newCols=13 effImprove=13 updated=0
    [CG] CG iter 9: obj=2571355.929653, maxRC=277273.147408, +15 cols
    [CG]   [DIAG] iter=9 posCols=15 newCols=15 effImprove=15 updated=0
    [CG] CG iter 10: obj=2579841.687165, maxRC=155067.016699, +11 cols
    [CG]   [DIAG] iter=10 posCols=11 newCols=11 effImprove=11 updated=0
    [CG] CG iter 11: obj=2611722.210977, maxRC=103333.437998, +12 cols
    [CG]   [DIAG] iter=11 posCols=12 newCols=12 effImprove=12 updated=0
    [CG] CG iter 12: obj=2626939.919631, maxRC=80658.301540, +9 cols
    [CG]   [DIAG] iter=12 posCols=9 newCols=9 effImprove=9 updated=0
    [CG] CG iter 13: obj=2633498.719019, maxRC=57823.642370, +9 cols
    [CG]   [DIAG] iter=13 posCols=9 newCols=9 effImprove=9 updated=0
    [CG] CG iter 14: obj=2639135.856639, maxRC=53515.264132, +9 cols
    [CG]   [DIAG] iter=14 posCols=9 newCols=9 effImprove=9 updated=0
    [CG] CG iter 15: obj=2645081.997098, maxRC=34355.445158, +9 cols
    [CG]   [DIAG] iter=15 posCols=9 newCols=9 effImprove=9 updated=0
    [CG] CG iter 16: obj=2648581.168262, maxRC=33669.389157, +9 cols
    [CG]   [DIAG] iter=16 posCols=9 newCols=9 effImprove=9 updated=0
    [CG] CG iter 17: obj=2654596.832206, maxRC=33040.549388, +9 cols
    [CG]   [DIAG] iter=17 posCols=9 newCols=9 effImprove=9 updated=0
    [CG] CG iter 18: obj=2658171.299123, maxRC=20810.522565, +9 cols
    [CG]   [DIAG] iter=18 posCols=9 newCols=9 effImprove=9 updated=0
    [CG] CG iter 19: obj=2666117.111766, maxRC=9636.207667, +9 cols
    [CG]   [DIAG] iter=19 posCols=9 newCols=9 effImprove=9 updated=0
    [CG] CG iter 20: obj=2666117.111766, maxRC=9741.164184, +6 cols
    [CG]   [DIAG] iter=20 posCols=6 newCols=6 effImprove=6 updated=0
    [CG] CG iter 21: obj=2675359.908919, maxRC=8224.377733, +7 cols
    [CG]   [DIAG] iter=21 posCols=7 newCols=7 effImprove=7 updated=0
    [CG] CG iter 22: obj=2675359.908919, maxRC=8146.481062, +6 cols
    [CG]   [DIAG] iter=22 posCols=6 newCols=6 effImprove=6 updated=0
    [CG] CG iter 23: obj=2675359.908919, maxRC=4330.639081, +6 cols
    [CG]   [DIAG] iter=23 posCols=6 newCols=6 effImprove=6 updated=0
    [CG] CG iter 24: obj=2675359.908919, maxRC=3897.638831, +5 cols
    [CG]   [DIAG] iter=24 posCols=5 newCols=5 effImprove=5 updated=0
    [CG] CG iter 25: obj=2675359.908919, maxRC=2975.425290, +3 cols
    [CG]   [DIAG] iter=25 posCols=3 newCols=3 effImprove=3 updated=0
    [CG] CG iter 26: obj=2675359.908919, maxRC=188.972899, +1 cols
    [CG]   [DIAG] iter=26 posCols=1 newCols=1 effImprove=1 updated=0
    [CG] 列生成收敛，共 27 轮迭代
    [CG] [CG-NODE] depth=0 exit=CERTIFIED certified=1 feasible=1 iters=27 generatedColsBeforeNode=0 newCols=305 posCandidates=305 duplicateCandidates=0 updatedCols=0 zeroObjImproveIters=7 objFirst=896806.550448 objLast=2675359.908919 objGain=1778553.358471 maxRC=2136041.537981 wallSec=0.210911 pricingSec=0.196381 cplexSolveSec=0.009828
      [BB] 根节点即为整数解，obj=2675359.908919
