    [CG] 列生成开始，初始列数=310
    [CG] CG iter 1: obj=802328.001789, maxRC=1027572.013044, +27 cols
    [CG]   [DIAG] iter=1 posCols=27 newCols=27 effImprove=27 updated=0
    [CG] CG iter 2: obj=1412841.633926, maxRC=232176.867471, +25 cols
    [CG]   [DIAG] iter=2 posCols=25 newCols=25 effImprove=25 updated=0
    [CG] CG iter 3: obj=1610650.536867, maxRC=333937.392638, +21 cols
    [CG]   [DIAG] iter=3 posCols=21 newCols=21 effImprove=21 updated=0
    [CG] CG iter 4: obj=1767023.566776, maxRC=122872.187465, +22 cols
    [CG]   [DIAG] iter=4 posCols=22 newCols=22 effImprove=22 updated=0
    [CG] CG iter 5: obj=1849006.148221, maxRC=86298.845047, +20 cols
    [CG]   [DIAG] iter=5 posCols=20 newCols=20 effImprove=20 updated=0
    [CG] CG iter 6: obj=1892756.591087, maxRC=88944.968418, +15 cols
    [CG]   [DIAG] iter=6 posCols=15 newCols=15 effImprove=15 updated=0
    [CG] CG iter 7: obj=1902261.730689, maxRC=31883.531518, +14 cols
    [CG]   [DIAG] iter=7 posCols=14 newCols=14 effImprove=14 updated=0
    [CG] CG iter 8: obj=1914492.079130, maxRC=16889.202285, +10 cols
    [CG]   [DIAG] iter=8 posCols=10 newCols=10 effImprove=10 updated=0
    [CG] CG iter 9: obj=1922936.680272, maxRC=10189.646942, +4 cols
    [CG]   [DIAG] iter=9 posCols=4 newCols=4 effImprove=4 updated=0
    [CG] CG iter 10: obj=1933126.327214, maxRC=5816.226119, +4 cols
    [CG]   [DIAG] iter=10 posCols=4 newCols=3 effImprove=4 updated=1
    [CG] 列生成收敛，共 11 轮迭代
    [CG] [CG-NODE] depth=0 exit=CERTIFIED certified=1 feasible=1 iters=11 generatedColsBeforeNode=0 newCols=161 posCandidates=162 duplicateCandidates=1 updatedCols=1 zeroObjImproveIters=1 objFirst=802328.001789 objLast=1933126.327214 objGain=1130798.325426 maxRC=1027572.013044 wallSec=0.090703 pricingSec=0.084504 cplexSolveSec=0.003865
      [BB] 根节点即为整数解，obj=1933126.327214
