    [CG] 列生成开始，初始列数=310
    [CG] CG iter 1: obj=853541.760374, maxRC=979777.091996, +30 cols
    [CG]   [DIAG] iter=1 posCols=30 newCols=30 effImprove=30 updated=0
    [CG] CG iter 2: obj=1403185.258485, maxRC=246074.437289, +27 cols
    [CG]   [DIAG] iter=2 posCols=27 newCols=27 effImprove=27 updated=0
    [CG] CG iter 3: obj=1602982.557369, maxRC=386698.630870, +26 cols
    [CG]   [DIAG] iter=3 posCols=26 newCols=26 effImprove=26 updated=0
    [CG] CG iter 4: obj=1765048.151176, maxRC=106383.873549, +20 cols
    [CG]   [DIAG] iter=4 posCols=20 newCols=20 effImprove=20 updated=0
    [CG] CG iter 5: obj=1779818.588142, maxRC=181932.341974, +26 cols
    [CG]   [DIAG] iter=5 posCols=26 newCols=26 effImprove=26 updated=0
    [CG] CG iter 6: obj=1816215.243763, maxRC=111129.657861, +22 cols
    [CG]   [DIAG] iter=6 posCols=22 newCols=22 effImprove=22 updated=0
    [CG] CG iter 7: obj=1865183.604073, maxRC=69875.980731, +15 cols
    [CG]   [DIAG] iter=7 posCols=15 newCols=15 effImprove=15 updated=0
    [CG] CG iter 8: obj=1878723.257886, maxRC=40792.834392, +10 cols
    [CG]   [DIAG] iter=8 posCols=10 newCols=9 effImprove=10 updated=1
    [CG] CG iter 9: obj=1895436.166004, maxRC=56326.344803, +12 cols
    [CG]   [DIAG] iter=9 posCols=12 newCols=12 effImprove=12 updated=0
    [CG] CG iter 10: obj=1896957.217712, maxRC=27200.938125, +8 cols
    [CG]   [DIAG] iter=10 posCols=8 newCols=8 effImprove=8 updated=0
    [CG] CG iter 11: obj=1922692.929036, maxRC=12074.903563, +6 cols
    [CG]   [DIAG] iter=11 posCols=6 newCols=6 effImprove=6 updated=0
    [CG] CG iter 12: obj=1922692.929036, maxRC=6909.622276, +3 cols
    [CG]   [DIAG] iter=12 posCols=3 newCols=3 effImprove=3 updated=0
    [CG] CG iter 13: obj=1922692.929036, maxRC=2660.014307, +1 cols
    [CG]   [DIAG] iter=13 posCols=1 newCols=1 effImprove=1 updated=0
    [CG] 列生成收敛，共 14 轮迭代
    [CG] [CG-NODE] depth=0 exit=CERTIFIED certified=1 feasible=1 iters=14 generatedColsBeforeNode=0 newCols=205 posCandidates=206 duplicateCandidates=1 updatedCols=1 zeroObjImproveIters=3 objFirst=853541.760374 objLast=1922692.929036 objGain=1069151.168661 maxRC=979777.091996 wallSec=0.076467 pricingSec=0.069195 cplexSolveSec=0.004767
      [BB] 根节点即为整数解，obj=1922692.929036
