    [CG] 列生成开始，初始列数=310
    [CG] CG iter 1: obj=812449.323899, maxRC=1056987.119826, +27 cols
    [CG]   [DIAG] iter=1 posCols=27 newCols=27 effImprove=27 updated=0
    [CG] CG iter 2: obj=1444694.649165, maxRC=234339.233644, +25 cols
    [CG]   [DIAG] iter=2 posCols=25 newCols=25 effImprove=25 updated=0
    [CG] CG iter 3: obj=1637362.670759, maxRC=363407.668121, +24 cols
    [CG]   [DIAG] iter=3 posCols=24 newCols=24 effImprove=24 updated=0
    [CG] CG iter 4: obj=1753756.134353, maxRC=337270.726894, +25 cols
    [CG]   [DIAG] iter=4 posCols=25 newCols=25 effImprove=25 updated=0
    [CG] CG iter 5: obj=1795861.636453, maxRC=138630.765503, +24 cols
    [CG]   [DIAG] iter=5 posCols=24 newCols=24 effImprove=24 updated=0
    [CG] CG iter 6: obj=1864228.158832, maxRC=80381.552771, +18 cols
    [CG]   [DIAG] iter=6 posCols=18 newCols=18 effImprove=18 updated=0
    [CG] CG iter 7: obj=1890355.022378, maxRC=75791.660444, +14 cols
    [CG]   [DIAG] iter=7 posCols=14 newCols=14 effImprove=14 updated=0
    [CG] CG iter 8: obj=1908210.195059, maxRC=59170.175405, +15 cols
    [CG]   [DIAG] iter=8 posCols=15 newCols=15 effImprove=15 updated=0
    [CG] CG iter 9: obj=1915592.757332, maxRC=28957.888669, +12 cols
    [CG]   [DIAG] iter=9 posCols=12 newCols=12 effImprove=12 updated=0
    [CG] CG iter 10: obj=1944550.646001, maxRC=4606.269553, +4 cols
    [CG]   [DIAG] iter=10 posCols=4 newCols=4 effImprove=4 updated=0
    [CG] CG iter 11: obj=1944550.646001, maxRC=4903.097944, +3 cols
    [CG]   [DIAG] iter=11 posCols=3 newCols=3 effImprove=3 updated=0
    [CG] CG iter 12: obj=1944550.646001, maxRC=3867.616499, +1 cols
    [CG]   [DIAG] iter=12 posCols=1 newCols=1 effImprove=1 updated=0
    [CG] 列生成收敛，共 13 轮迭代
    [CG] [CG-NODE] depth=0 exit=CERTIFIED certified=1 feasible=1 iters=13 generatedColsBeforeNode=0 newCols=192 posCandidates=192 duplicateCandidates=0 updatedCols=0 zeroObjImproveIters=3 objFirst=812449.323899 objLast=1944550.646001 objGain=1132101.322102 maxRC=1056987.119826 wallSec=0.105573 pricingSec=0.098909 cplexSolveSec=0.004352
      [BB] 根节点即为整数解，obj=1944550.646001
