    [CG] 列生成开始，初始列数=310
    [CG] CG iter 1: obj=640171.890613, maxRC=1080061.389904, +27 cols
    [CG]   [DIAG] iter=1 posCols=27 newCols=27 effImprove=27 updated=0
    [CG] CG iter 2: obj=1367742.586635, maxRC=253478.196531, +22 cols
    [CG]   [DIAG] iter=2 posCols=22 newCols=22 effImprove=22 updated=0
    [CG] CG iter 3: obj=1522408.871536, maxRC=343359.465659, +21 cols
    [CG]   [DIAG] iter=3 posCols=21 newCols=21 effImprove=21 updated=0
    [CG] CG iter 4: obj=1533203.412247, maxRC=273970.348519, +24 cols
    [CG]   [DIAG] iter=4 posCols=24 newCols=24 effImprove=24 updated=0
    [CG] CG iter 5: obj=1589337.129561, maxRC=344154.531253, +27 cols
    [CG]   [DIAG] iter=5 posCols=27 newCols=27 effImprove=27 updated=0
    [CG] CG iter 6: obj=1629581.132432, maxRC=119850.062820, +19 cols
    [CG]   [DIAG] iter=6 posCols=19 newCols=19 effImprove=19 updated=0
    [CG] CG iter 7: obj=1667002.973447, maxRC=109941.688875, +19 cols
    [CG]   [DIAG] iter=7 posCols=19 newCols=19 effImprove=19 updated=0
    [CG] CG iter 8: obj=1709220.600320, maxRC=177330.504256, +18 cols
    [CG]   [DIAG] iter=8 posCols=18 newCols=18 effImprove=18 updated=0
    [CG] CG iter 9: obj=1709220.600320, maxRC=101500.986960, +13 cols
    [CG]   [DIAG] iter=9 posCols=13 newCols=13 effImprove=13 updated=0
    [CG] CG iter 10: obj=1724672.687264, maxRC=41123.678997, +9 cols
    [CG]   [DIAG] iter=10 posCols=9 newCols=8 effImprove=9 updated=1
    [CG] CG iter 11: obj=1735610.939736, maxRC=32422.182231, +12 cols
    [CG]   [DIAG] iter=11 posCols=12 newCols=12 effImprove=12 updated=0
    [CG] CG iter 12: obj=1747885.924658, maxRC=17245.918386, +8 cols
    [CG]   [DIAG] iter=12 posCols=8 newCols=8 effImprove=8 updated=0
    [CG] CG iter 13: obj=1747885.924658, maxRC=10564.151175, +7 cols
    [CG]   [DIAG] iter=13 posCols=7 newCols=7 effImprove=7 updated=0
    [CG] CG iter 14: obj=1749963.985094, maxRC=3192.022620, +3 cols
    [CG]   [DIAG] iter=14 posCols=3 newCols=3 effImprove=3 updated=0
    [CG] CG iter 15: obj=1749963.985094, maxRC=231.893323, +2 cols
    [CG]   [DIAG] iter=15 posCols=2 newCols=2 effImprove=2 updated=0
    [CG] 列生成收敛，共 16 轮迭代
    [CG] [CG-NODE] depth=0 exit=CERTIFIED certified=1 feasible=1 iters=16 generatedColsBeforeNode=0 newCols=230 posCandidates=231 duplicateCandidates=1 updatedCols=1 zeroObjImproveIters=4 objFirst=640171.890613 objLast=1749963.985094 objGain=1109792.094482 maxRC=1080061.389904 wallSec=0.185653 pricingSec=0.176458 cplexSolveSec=0.005777
      [BB] 根节点即为整数解，obj=1749963.985094
