    [CG] 列生成开始，初始列数=310
    [CG] CG iter 1: obj=808050.419036, maxRC=994041.018200, +30 cols
    [CG]   [DIAG] iter=1 posCols=30 newCols=30 effImprove=30 updated=0
    [CG] CG iter 2: obj=1389122.560617, maxRC=231836.983001, +25 cols
    [CG]   [DIAG] iter=2 posCols=25 newCols=25 effImprove=25 updated=0
    [CG] CG iter 3: obj=1639117.082528, maxRC=402135.037122, +24 cols
    [CG]   [DIAG] iter=3 posCols=24 newCols=24 effImprove=24 updated=0
    [CG] CG iter 4: obj=1738672.233107, maxRC=200143.961766, +23 cols
    [CG]   [DIAG] iter=4 posCols=23 newCols=23 effImprove=23 updated=0
    [CG] CG iter 5: obj=1765495.668006, maxRC=141194.430083, +23 cols
    [CG]   [DIAG] iter=5 posCols=23 newCols=23 effImprove=23 updated=0
    [CG] CG iter 6: obj=1807686.594727, maxRC=117438.856018, +20 cols
    [CG]   [DIAG] iter=6 posCols=20 newCols=20 effImprove=20 updated=0
    [CG] CG iter 7: obj=1847195.090415, maxRC=88267.807999, +17 cols
    [CG]   [DIAG] iter=7 posCols=17 newCols=17 effImprove=17 updated=0
    [CG] CG iter 8: obj=1864533.461428, maxRC=69236.801985, +11 cols
    [CG]   [DIAG] iter=8 posCols=11 newCols=9 effImprove=11 updated=2
    [CG] CG iter 9: obj=1878848.862885, maxRC=42702.993129, +11 cols
    [CG]   [DIAG] iter=9 posCols=11 newCols=11 effImprove=11 updated=0
    [CG] CG iter 10: obj=1913186.733295, maxRC=25123.263490, +11 cols
    [CG]   [DIAG] iter=10 posCols=11 newCols=11 effImprove=11 updated=0
    [CG] CG iter 11: obj=1913186.733295, maxRC=7156.930647, +5 cols
    [CG]   [DIAG] iter=11 posCols=5 newCols=5 effImprove=5 updated=0
    [CG] CG iter 12: obj=1913186.733295, maxRC=6454.908158, +4 cols
    [CG]   [DIAG] iter=12 posCols=4 newCols=4 effImprove=4 updated=0
    [CG] 列生成收敛，共 13 轮迭代
    [CG] [CG-NODE] depth=0 exit=CERTIFIED certified=1 feasible=1 iters=13 generatedColsBeforeNode=0 newCols=202 posCandidates=204 duplicateCandidates=2 updatedCols=2 zeroObjImproveIters=2 objFirst=808050.419036 objLast=1919641.641452 objGain=1111591.222416 maxRC=994041.018200 wallSec=0.098436 pricingSec=0.091517 cplexSolveSec=0.004501
      [BB] 根节点即为整数解，obj=1919641.641452
