    [CG] 列生成开始，初始列数=310
    [CG] CG iter 1: obj=794063.975241, maxRC=1074944.429815, +27 cols
    [CG]   [DIAG] iter=1 posCols=27 newCols=27 effImprove=27 updated=0
    [CG] CG iter 2: obj=1442498.497763, maxRC=240030.623037, +25 cols
    [CG]   [DIAG] iter=2 posCols=25 newCols=25 effImprove=25 updated=0
    [CG] CG iter 3: obj=1631430.823780, maxRC=386407.339347, +24 cols
    [CG]   [DIAG] iter=3 posCols=24 newCols=24 effImprove=24 updated=0
    [CG] CG iter 4: obj=1744956.160637, maxRC=250414.516596, +24 cols
    [CG]   [DIAG] iter=4 posCols=24 newCols=24 effImprove=24 updated=0
    [CG] CG iter 5: obj=1783435.529282, maxRC=140477.993894, +22 cols
    [CG]   [DIAG] iter=5 posCols=22 newCols=22 effImprove=22 updated=0
    [CG] CG iter 6: obj=1818977.277152, maxRC=109675.035897, +22 cols
    [CG]   [DIAG] iter=6 posCols=22 newCols=22 effImprove=22 updated=0
    [CG] CG iter 7: obj=1860151.814330, maxRC=80088.012348, +20 cols
    [CG]   [DIAG] iter=7 posCols=20 newCols=19 effImprove=20 updated=1
    [CG] CG iter 8: obj=1865000.630443, maxRC=63819.412053, +13 cols
    [CG]   [DIAG] iter=8 posCols=13 newCols=13 effImprove=13 updated=0
    [CG] CG iter 9: obj=1877590.773053, maxRC=53204.308237, +13 cols
    [CG]   [DIAG] iter=9 posCols=13 newCols=13 effImprove=13 updated=0
    [CG] CG iter 10: obj=1919599.540335, maxRC=6202.780358, +7 cols
    [CG]   [DIAG] iter=10 posCols=7 newCols=7 effImprove=7 updated=0
    [CG] CG iter 11: obj=1920231.461483, maxRC=3762.377337, +2 cols
    [CG]   [DIAG] iter=11 posCols=2 newCols=2 effImprove=2 updated=0
    [CG] 列生成收敛，共 12 轮迭代
    [CG] [CG-NODE] depth=0 exit=CERTIFIED certified=1 feasible=1 iters=12 generatedColsBeforeNode=0 newCols=198 posCandidates=199 duplicateCandidates=1 updatedCols=1 zeroObjImproveIters=1 objFirst=794063.975241 objLast=1920231.461483 objGain=1126167.486242 maxRC=1074944.429815 wallSec=0.123837 pricingSec=0.114367 cplexSolveSec=0.005352
      [BB] 根节点即为整数解，obj=1920231.461483
