    [CG] 列生成开始，初始列数=310
    [CG] CG iter 1: obj=774052.665393, maxRC=1294144.046208, +30 cols
    [CG]   [DIAG] iter=1 posCols=30 newCols=30 effImprove=30 updated=0
    [CG] CG iter 2: obj=1567109.763257, maxRC=283755.598022, +25 cols
    [CG]   [DIAG] iter=2 posCols=25 newCols=25 effImprove=25 updated=0
    [CG] CG iter 3: obj=1663324.976307, maxRC=404067.939938, +29 cols
    [CG]   [DIAG] iter=3 posCols=29 newCols=29 effImprove=29 updated=0
    [CG] CG iter 4: obj=1705732.793002, maxRC=261382.969104, +26 cols
    [CG]   [DIAG] iter=4 posCols=26 newCols=26 effImprove=26 updated=0
    [CG] CG iter 5: obj=1777219.897145, maxRC=157040.538645, +22 cols
    [CG]   [DIAG] iter=5 posCols=22 newCols=22 effImprove=22 updated=0
    [CG] CG iter 6: obj=1832824.705342, maxRC=159170.880161, +18 cols
    [CG]   [DIAG] iter=6 posCols=18 newCols=18 effImprove=18 updated=0
    [CG] CG iter 7: obj=1850715.124379, maxRC=140389.695833, +19 cols
    [CG]   [DIAG] iter=7 posCols=19 newCols=18 effImprove=19 updated=1
    [CG] CG iter 8: obj=1893278.012991, maxRC=132741.992829, +16 cols
    [CG]   [DIAG] iter=8 posCols=16 newCols=16 effImprove=16 updated=0
    [CG] CG iter 9: obj=1923421.442051, maxRC=75635.097350, +13 cols
    [CG]   [DIAG] iter=9 posCols=13 newCols=13 effImprove=13 updated=0
    [CG] CG iter 10: obj=1935667.428472, maxRC=49613.377036, +16 cols
    [CG]   [DIAG] iter=10 posCols=16 newCols=16 effImprove=16 updated=0
    [CG] CG iter 11: obj=1949086.751082, maxRC=43446.802667, +12 cols
    [CG]   [DIAG] iter=11 posCols=12 newCols=11 effImprove=12 updated=1
    [CG] CG iter 12: obj=1961408.963895, maxRC=23487.483467, +10 cols
    [CG]   [DIAG] iter=12 posCols=10 newCols=8 effImprove=10 updated=2
    [CG] CG iter 13: obj=1961408.963895, maxRC=24150.602357, +7 cols
    [CG]   [DIAG] iter=13 posCols=7 newCols=7 effImprove=7 updated=0
    [CG] CG iter 14: obj=1975687.770488, maxRC=16559.636110, +7 cols
    [CG]   [DIAG] iter=14 posCols=7 newCols=7 effImprove=7 updated=0
    [CG] CG iter 15: obj=1978422.325926, maxRC=8425.435312, +4 cols
    [CG]   [DIAG] iter=15 posCols=4 newCols=4 effImprove=4 updated=0
    [CG] CG iter 16: obj=1984113.205799, maxRC=3813.855521, +2 cols
    [CG]   [DIAG] iter=16 posCols=2 newCols=2 effImprove=2 updated=0
    [CG] CG iter 17: obj=1984113.205799, maxRC=5872.652566, +2 cols
    [CG]   [DIAG] iter=17 posCols=2 newCols=2 effImprove=2 updated=0
    [CG] CG iter 18: obj=1984113.205799, maxRC=646.232465, +1 cols
    [CG]   [DIAG] iter=18 posCols=1 newCols=1 effImprove=1 updated=0
    [CG] CG iter 19: obj=1984113.205799, maxRC=201.764743, +1 cols
    [CG]   [DIAG] iter=19 posCols=1 newCols=1 effImprove=1 updated=0
    [CG] 列生成收敛，共 20 轮迭代
    [CG] [CG-NODE] depth=0 exit=CERTIFIED certified=1 feasible=1 iters=20 generatedColsBeforeNode=0 newCols=256 posCandidates=260 duplicateCandidates=4 updatedCols=4 zeroObjImproveIters=5 objFirst=774052.665393 objLast=1984113.205799 objGain=1210060.540406 maxRC=1294144.046208 wallSec=0.198365 pricingSec=0.184740 cplexSolveSec=0.008520
      [BB] 根节点即为整数解，obj=1984113.205799
