    [CG] 列生成开始，初始列数=310
    [CG] CG iter 1: obj=897610.512167, maxRC=1229988.443593, +30 cols
    [CG]   [DIAG] iter=1 posCols=30 newCols=30 effImprove=30 updated=0
    [CG] CG iter 2: obj=1630099.942055, maxRC=265911.021306, +24 cols
    [CG]   [DIAG] iter=2 posCols=24 newCols=24 effImprove=24 updated=0
    [CG] CG iter 3: obj=1766326.692943, maxRC=539457.248855, +29 cols
    [CG]   [DIAG] iter=3 posCols=29 newCols=29 effImprove=29 updated=0
    [CG] CG iter 4: obj=1881824.488648, maxRC=306898.657938, +24 cols
    [CG]   [DIAG] iter=4 posCols=24 newCols=24 effImprove=24 updated=0
    [CG] CG iter 5: obj=1898094.610915, maxRC=268292.871186, +22 cols
    [CG]   [DIAG] iter=5 posCols=22 newCols=22 effImprove=22 updated=0
    [CG] CG iter 6: obj=1971339.431712, maxRC=118965.038800, +20 cols
    [CG]   [DIAG] iter=6 posCols=20 newCols=20 effImprove=20 updated=0
    [CG] CG iter 7: obj=2036536.582412, maxRC=139967.832482, +20 cols
    [CG]   [DIAG] iter=7 posCols=20 newCols=20 effImprove=20 updated=0
    [CG] CG iter 8: obj=2056898.095112, maxRC=126120.473705, +18 cols
    [CG]   [DIAG] iter=8 posCols=18 newCols=18 effImprove=18 updated=0
    [CG] CG iter 9: obj=2071854.447862, maxRC=61492.357169, +19 cols
    [CG]   [DIAG] iter=9 posCols=19 newCols=19 effImprove=19 updated=0
    [CG] CG iter 10: obj=2087372.627829, maxRC=79317.677142, +20 cols
    [CG]   [DIAG] iter=10 posCols=20 newCols=20 effImprove=20 updated=0
    [CG] CG iter 11: obj=2105501.856785, maxRC=69623.735256, +18 cols
    [CG]   [DIAG] iter=11 posCols=18 newCols=18 effImprove=18 updated=0
    [CG] CG iter 12: obj=2144865.330992, maxRC=40094.910957, +18 cols
    [CG]   [DIAG] iter=12 posCols=18 newCols=18 effImprove=18 updated=0
    [CG] CG iter 13: obj=2148207.960543, maxRC=39829.021710, +16 cols
    [CG]   [DIAG] iter=13 posCols=16 newCols=15 effImprove=16 updated=1
    [CG] CG iter 14: obj=2152223.936390, maxRC=38110.158256, +11 cols
    [CG]   [DIAG] iter=14 posCols=11 newCols=11 effImprove=11 updated=0
    [CG] CG iter 15: obj=2152223.936390, maxRC=24729.849165, +13 cols
    [CG]   [DIAG] iter=15 posCols=13 newCols=13 effImprove=13 updated=0
    [CG] CG iter 16: obj=2173634.119406, maxRC=13965.405649, +7 cols
    [CG]   [DIAG] iter=16 posCols=7 newCols=6 effImprove=7 updated=1
    [CG] CG iter 17: obj=2173634.119406, maxRC=7467.996639, +8 cols
    [CG]   [DIAG] iter=17 posCols=8 newCols=8 effImprove=8 updated=0
    [CG] CG iter 18: obj=2180026.937180, maxRC=5093.788109, +4 cols
    [CG]   [DIAG] iter=18 posCols=4 newCols=4 effImprove=4 updated=0
    [CG] CG iter 19: obj=2180026.937180, maxRC=5224.339735, +4 cols
    [CG]   [DIAG] iter=19 posCols=4 newCols=4 effImprove=4 updated=0
    [CG] CG iter 20: obj=2180058.252844, maxRC=849.246428, +1 cols
    [CG]   [DIAG] iter=20 posCols=1 newCols=1 effImprove=1 updated=0
    [CG] CG iter 21: obj=2180058.252844, maxRC=355.387199, +1 cols
    [CG]   [DIAG] iter=21 posCols=1 newCols=1 effImprove=1 updated=0
    [CG] 列生成收敛，共 22 轮迭代
    [CG] [CG-NODE] depth=0 exit=CERTIFIED certified=1 feasible=1 iters=22 generatedColsBeforeNode=0 newCols=325 posCandidates=327 duplicateCandidates=2 updatedCols=2 zeroObjImproveIters=5 objFirst=897610.512167 objLast=2180058.252844 objGain=1282447.740677 maxRC=1229988.443593 wallSec=0.210651 pricingSec=0.196308 cplexSolveSec=0.009382
      [BB] 根节点即为整数解，obj=2180058.252844
