    [CG] 列生成开始，初始列数=310
    [CG] CG iter 1: obj=882254.161778, maxRC=1293208.912277, +30 cols
    [CG]   [DIAG] iter=1 posCols=30 newCols=30 effImprove=30 updated=0
    [CG] CG iter 2: obj=1671224.038232, maxRC=261370.806720, +20 cols
    [CG]   [DIAG] iter=2 posCols=20 newCols=20 effImprove=20 updated=0
    [CG] CG iter 3: obj=1813865.328851, maxRC=495913.506902, +26 cols
    [CG]   [DIAG] iter=3 posCols=26 newCols=26 effImprove=26 updated=0
    [CG] CG iter 4: obj=1975816.495860, maxRC=291561.499337, +21 cols
    [CG]   [DIAG] iter=4 posCols=21 newCols=21 effImprove=21 updated=0
    [CG] CG iter 5: obj=1985965.060891, maxRC=210869.900659, +16 cols
    [CG]   [DIAG] iter=5 posCols=16 newCols=16 effImprove=16 updated=0
    [CG] CG iter 6: obj=2028930.062543, maxRC=110974.613487, +15 cols
    [CG]   [DIAG] iter=6 posCols=15 newCols=15 effImprove=15 updated=0
    [CG] CG iter 7: obj=2056373.016819, maxRC=115453.932151, +15 cols
    [CG]   [DIAG] iter=7 posCols=15 newCols=15 effImprove=15 updated=0
    [CG] CG iter 8: obj=2070614.680422, maxRC=121620.464280, +15 cols
    [CG]   [DIAG] iter=8 posCols=15 newCols=15 effImprove=15 updated=0
    [CG] CG iter 9: obj=2089764.726252, maxRC=62997.578786, +15 cols
    [CG]   [DIAG] iter=9 posCols=15 newCols=15 effImprove=15 updated=0
    [CG] CG iter 10: obj=2098625.175650, maxRC=45975.514070, +14 cols
    [CG]   [DIAG] iter=10 posCols=14 newCols=14 effImprove=14 updated=0
    [CG] CG iter 11: obj=2116942.525641, maxRC=64125.335491, +16 cols
    [CG]   [DIAG] iter=11 posCols=16 newCols=16 effImprove=16 updated=0
    [CG] CG iter 12: obj=2121392.306233, maxRC=24410.278653, +9 cols
    [CG]   [DIAG] iter=12 posCols=9 newCols=9 effImprove=9 updated=0
    [CG] CG iter 13: obj=2140535.008203, maxRC=35775.336718, +12 cols
    [CG]   [DIAG] iter=13 posCols=12 newCols=12 effImprove=12 updated=0
    [CG] CG iter 14: obj=2146594.421977, maxRC=27757.203820, +9 cols
    [CG]   [DIAG] iter=14 posCols=9 newCols=8 effImprove=9 updated=1
    [CG] CG iter 15: obj=2149581.240085, maxRC=7142.859631, +5 cols
    [CG]   [DIAG] iter=15 posCols=5 newCols=5 effImprove=5 updated=0
    [CG] CG iter 16: obj=2152333.960331, maxRC=1433.203292, +3 cols
    [CG]   [DIAG] iter=16 posCols=3 newCols=3 effImprove=3 updated=0
    [CG] 列生成收敛，共 17 轮迭代
    [CG] [CG-NODE] depth=0 exit=CERTIFIED certified=1 feasible=1 iters=17 generatedColsBeforeNode=0 newCols=240 posCandidates=241 duplicateCandidates=1 updatedCols=1 zeroObjImproveIters=1 objFirst=882254.161778 objLast=2152333.960331 objGain=1270079.798552 maxRC=1293208.912277 wallSec=0.141963 pricingSec=0.131500 cplexSolveSec=0.006923
      [BB] 根节点即为整数解，obj=2152333.960331
