    [CG] 列生成开始，初始列数=310
    [CG] CG iter 1: obj=643496.735581, maxRC=757097.410545, +30 cols
    [CG]   [DIAG] iter=1 posCols=30 newCols=30 effImprove=30 updated=0
    [CG] CG iter 2: obj=1062294.070156, maxRC=367364.969543, +26 cols
    [CG]   [DIAG] iter=2 posCols=26 newCols=26 effImprove=26 updated=0
    [CG] CG iter 3: obj=1301370.509494, maxRC=310472.839519, +20 cols
    [CG]   [DIAG] iter=3 posCols=20 newCols=20 effImprove=20 updated=0
    [CG] CG iter 4: obj=1302923.791961, maxRC=256851.083649, +16 cols
    [CG]   [DIAG] iter=4 posCols=16 newCols=16 effImprove=16 updated=0
    [CG] CG iter 5: obj=1302923.791961, maxRC=209928.041419, +13 cols
    [CG]   [DIAG] iter=5 posCols=13 newCols=13 effImprove=13 updated=0
    [CG] CG iter 6: obj=1343726.084323, maxRC=135606.452310, +16 cols
    [CG]   [DIAG] iter=6 posCols=16 newCols=16 effImprove=16 updated=0
    [CG] CG iter 7: obj=1390910.523170, maxRC=89363.947630, +13 cols
    [CG]   [DIAG] iter=7 posCols=13 newCols=13 effImprove=13 updated=0
    [CG] CG iter 8: obj=1405377.853533, maxRC=120129.236085, +14 cols
    [CG]   [DIAG] iter=8 posCols=14 newCols=13 effImprove=14 updated=1
    [CG] CG iter 9: obj=1446268.044810, maxRC=55392.415772, +12 cols
    [CG]   [DIAG] iter=9 posCols=12 newCols=12 effImprove=12 updated=0
    [CG] CG iter 10: obj=1501660.460581, maxRC=30362.868056, +11 cols
    [CG]   [DIAG] iter=10 posCols=11 newCols=11 effImprove=11 updated=0
    [CG] CG iter 11: obj=1501660.460581, maxRC=43208.747783, +11 cols
    [CG]   [DIAG] iter=11 posCols=11 newCols=11 effImprove=11 updated=0
    [CG] CG iter 12: obj=1501660.460581, maxRC=20105.630750, +12 cols
    [CG]   [DIAG] iter=12 posCols=12 newCols=10 effImprove=12 updated=2
    [CG] CG iter 13: obj=1501660.460581, maxRC=11497.169515, +9 cols
    [CG]   [DIAG] iter=13 posCols=9 newCols=7 effImprove=9 updated=2
    [CG] CG iter 14: obj=1503543.215054, maxRC=10922.152907, +5 cols
    [CG]   [DIAG] iter=14 posCols=5 newCols=5 effImprove=5 updated=0
    [CG] CG iter 15: obj=1503543.215054, maxRC=2514.947087, +1 cols
    [CG]   [DIAG] iter=15 posCols=1 newCols=1 effImprove=1 updated=0
    [CG] CG iter 16: obj=1503543.215054, maxRC=1456.510120, +2 cols
    [CG]   [DIAG] iter=16 posCols=2 newCols=2 effImprove=2 updated=0
    [CG] 列生成收敛，共 17 轮迭代
    [CG] [CG-NODE] depth=0 exit=CERTIFIED certified=1 feasible=1 iters=17 generatedColsBeforeNode=0 newCols=206 posCandidates=211 duplicateCandidates=5 updatedCols=5 zeroObjImproveIters=7 objFirst=643496.735581 objLast=1503543.215054 objGain=860046.479473 maxRC=757097.410545 wallSec=0.101815 pricingSec=0.093095 cplexSolveSec=0.005388
      [BB] 根节点即为整数解，obj=1503543.215054
