    [CG] 列生成开始，初始列数=310
    [CG] CG iter 1: obj=230390.500305, maxRC=807659.677410, +27 cols
    [CG]   [DIAG] iter=1 posCols=27 newCols=27 effImprove=27 updated=0
    [CG] CG iter 2: obj=850521.114772, maxRC=444200.702278, +23 cols
    [CG]   [DIAG] iter=2 posCols=23 newCols=23 effImprove=23 updated=0
    [CG] CG iter 3: obj=854521.862327, maxRC=402173.044674, +22 cols
    [CG]   [DIAG] iter=3 posCols=22 newCols=22 effImprove=22 updated=0
    [CG] CG iter 4: obj=854521.862327, maxRC=290319.093852, +21 cols
    [CG]   [DIAG] iter=4 posCols=21 newCols=21 effImprove=21 updated=0
    [CG] CG iter 5: obj=955438.664047, maxRC=297311.667774, +19 cols
    [CG]   [DIAG] iter=5 posCols=19 newCols=19 effImprove=19 updated=0
    [CG] CG iter 6: obj=985535.313201, maxRC=254420.902305, +20 cols
    [CG]   [DIAG] iter=6 posCols=20 newCols=19 effImprove=20 updated=1
    [CG] CG iter 7: obj=989756.564610, maxRC=191432.310652, +17 cols
    [CG]   [DIAG] iter=7 posCols=17 newCols=16 effImprove=17 updated=1
    [CG] CG iter 8: obj=1011770.812140, maxRC=186206.970653, +13 cols
    [CG]   [DIAG] iter=8 posCols=13 newCols=13 effImprove=13 updated=0
    [CG] CG iter 9: obj=1026063.274784, maxRC=163077.453039, +14 cols
    [CG]   [DIAG] iter=9 posCols=14 newCols=13 effImprove=14 updated=1
    [CG] CG iter 10: obj=1028445.771055, maxRC=124438.175125, +10 cols
    [CG]   [DIAG] iter=10 posCols=10 newCols=10 effImprove=10 updated=0
    [CG] CG iter 11: obj=1049024.052458, maxRC=90931.240166, +15 cols
    [CG]   [DIAG] iter=11 posCols=15 newCols=15 effImprove=15 updated=0
    [CG] CG iter 12: obj=1061811.305745, maxRC=72275.232393, +12 cols
    [CG]   [DIAG] iter=12 posCols=12 newCols=12 effImprove=12 updated=0
    [CG] CG iter 13: obj=1071165.507245, maxRC=91222.185502, +12 cols
    [CG]   [DIAG] iter=13 posCols=12 newCols=12 effImprove=12 updated=0
    [CG] CG iter 14: obj=1077713.546232, maxRC=56433.741904, +9 cols
    [CG]   [DIAG] iter=14 posCols=9 newCols=9 effImprove=9 updated=0
    [CG] CG iter 15: obj=1077713.546232, maxRC=60387.266770, +12 cols
    [CG]   [DIAG] iter=15 posCols=12 newCols=12 effImprove=12 updated=0
    [CG] CG iter 16: obj=1077713.546232, maxRC=45924.283246, +9 cols
    [CG]   [DIAG] iter=16 posCols=9 newCols=9 effImprove=9 updated=0
    [CG] CG iter 17: obj=1077713.546232, maxRC=26451.168784, +9 cols
    [CG]   [DIAG] iter=17 posCols=9 newCols=9 effImprove=9 updated=0
    [CG] CG iter 18: obj=1087439.698946, maxRC=17434.591712, +10 cols
    [CG]   [DIAG] iter=18 posCols=10 newCols=10 effImprove=10 updated=0
    [CG] CG iter 19: obj=1088138.682541, maxRC=15332.453438, +6 cols
    [CG]   [DIAG] iter=19 posCols=6 newCols=6 effImprove=6 updated=0
    [CG] CG iter 20: obj=1088676.656840, maxRC=9842.309179, +4 cols
    [CG]   [DIAG] iter=20 posCols=4 newCols=4 effImprove=4 updated=0
    [CG] CG iter 21: obj=1098518.966020, maxRC=2220.040437, +5 cols
    [CG]   [DIAG] iter=21 posCols=5 newCols=5 effImprove=5 updated=0
    [CG] 列生成收敛，共 22 轮迭代
    [CG] [CG-NODE] depth=0 exit=CERTIFIED certified=1 feasible=1 iters=22 generatedColsBeforeNode=0 newCols=286 posCandidates=289 duplicateCandidates=3 updatedCols=3 zeroObjImproveIters=5 objFirst=230390.500305 objLast=1098518.966020 objGain=868128.465715 maxRC=807659.677410 wallSec=0.418246 pricingSec=0.405388 cplexSolveSec=0.007840
      [BB] 根节点即为整数解，obj=1098518.966020
