    [CG] 列生成开始，初始列数=310
    [CG] CG iter 1: obj=724776.231124, maxRC=1208405.557799, +27 cols
    [CG]   [DIAG] iter=1 posCols=27 newCols=27 effImprove=27 updated=0
    [CG] CG iter 2: obj=1486020.175806, maxRC=309186.442503, +15 cols
    [CG]   [DIAG] iter=2 posCols=15 newCols=15 effImprove=15 updated=0
    [CG] CG iter 3: obj=1752568.085597, maxRC=519957.713532, +23 cols
    [CG]   [DIAG] iter=3 posCols=23 newCols=23 effImprove=23 updated=0
    [CG] CG iter 4: obj=1785895.005024, maxRC=353313.125348, +19 cols
    [CG]   [DIAG] iter=4 posCols=19 newCols=19 effImprove=19 updated=0
    [CG] CG iter 5: obj=1785895.005024, maxRC=459037.372811, +19 cols
    [CG]   [DIAG] iter=5 posCols=19 newCols=19 effImprove=19 updated=0
    [CG] CG iter 6: obj=1805193.704201, maxRC=299441.696662, +13 cols
    [CG]   [DIAG] iter=6 posCols=13 newCols=13 effImprove=13 updated=0
    [CG] CG iter 7: obj=1805193.704201, maxRC=337553.825644, +11 cols
    [CG]   [DIAG] iter=7 posCols=11 newCols=11 effImprove=11 updated=0
    [CG] CG iter 8: obj=1805193.704201, maxRC=225185.242225, +8 cols
    [CG]   [DIAG] iter=8 posCols=8 newCols=8 effImprove=8 updated=0
    [CG] CG iter 9: obj=1805504.279020, maxRC=311335.172585, +11 cols
    [CG]   [DIAG] iter=9 posCols=11 newCols=11 effImprove=11 updated=0
    [CG] CG iter 10: obj=1809024.153275, maxRC=100275.199029, +7 cols
    [CG]   [DIAG] iter=10 posCols=7 newCols=7 effImprove=7 updated=0
    [CG] CG iter 11: obj=1823190.448753, maxRC=81139.004239, +7 cols
    [CG]   [DIAG] iter=11 posCols=7 newCols=7 effImprove=7 updated=0
    [CG] CG iter 12: obj=1829350.190168, maxRC=77327.486545, +6 cols
    [CG]   [DIAG] iter=12 posCols=6 newCols=6 effImprove=6 updated=0
    [CG] CG iter 13: obj=1829350.190168, maxRC=39891.571322, +6 cols
    [CG]   [DIAG] iter=13 posCols=6 newCols=6 effImprove=6 updated=0
    [CG] CG iter 14: obj=1832896.695738, maxRC=45411.459475, +6 cols
    [CG]   [DIAG] iter=14 posCols=6 newCols=6 effImprove=6 updated=0
    [CG] CG iter 15: obj=1833991.865403, maxRC=22914.181229, +6 cols
    [CG]   [DIAG] iter=15 posCols=6 newCols=6 effImprove=6 updated=0
    [CG] CG iter 16: obj=1835235.648521, maxRC=23876.669958, +6 cols
    [CG]   [DIAG] iter=16 posCols=6 newCols=6 effImprove=6 updated=0
    [CG] CG iter 17: obj=1849178.082168, maxRC=24896.723348, +5 cols
    [CG]   [DIAG] iter=17 posCols=5 newCols=5 effImprove=5 updated=0
    [CG] CG iter 18: obj=1849178.082168, maxRC=11502.744679, +5 cols
    [CG]   [DIAG] iter=18 posCols=5 newCols=5 effImprove=5 updated=0
    [CG] CG iter 19: obj=1851158.127105, maxRC=7711.681326, +4 cols
    [CG]   [DIAG] iter=19 posCols=4 newCols=4 effImprove=4 updated=0
    [CG] CG iter 20: obj=1851158.127105, maxRC=5987.908332, +4 cols
    [CG]   [DIAG] iter=20 posCols=4 newCols=3 effImprove=4 updated=1
    [CG] CG iter 21: obj=1854152.081270, maxRC=6954.512699, +4 cols
    [CG]   [DIAG] iter=21 posCols=4 newCols=4 effImprove=4 updated=0
    [CG] CG iter 22: obj=1854152.081270, maxRC=3585.004080, +3 cols
    [CG]   [DIAG] iter=22 posCols=3 newCols=3 effImprove=3 updated=0
    [CG] CG iter 23: obj=1854152.081270, maxRC=295.737688, +1 cols
    [CG]   [DIAG] iter=23 posCols=1 newCols=0 effImprove=1 updated=1
    [CG] CG iter 24: obj=1854152.081270, maxRC=443.126270, +1 cols
    [CG]   [DIAG] iter=24 posCols=1 newCols=1 effImprove=1 updated=0
    [CG] CG iter 25: obj=1854152.081270, maxRC=189.218620, +1 cols
    [CG]   [DIAG] iter=25 posCols=1 newCols=1 effImprove=1 updated=0
    [CG] CG iter 26: obj=1854152.081270, maxRC=32.594487, +1 cols
    [CG]   [DIAG] iter=26 posCols=1 newCols=1 effImprove=1 updated=0
    [CG] 列生成收敛，共 27 轮迭代
    [CG] [CG-NODE] depth=0 exit=CERTIFIED certified=1 feasible=1 iters=27 generatedColsBeforeNode=0 newCols=217 posCandidates=219 duplicateCandidates=2 updatedCols=2 zeroObjImproveIters=12 objFirst=724776.231124 objLast=1854152.081270 objGain=1129375.850146 maxRC=1208405.557799 wallSec=0.169638 pricingSec=0.139503 cplexSolveSec=0.009374
      [BB] 分支定界开始，根节点LP obj=1854152.081270，最大节点数=10000
      [BB] 根节点启发式下界 LB=1702289.786213（上界=1854152.081270）
    [CG] [BB-DIAG] 分支 x_{dc=0,retailer=5}, 节点数=1
    [CG] 列生成开始，初始列数=491
    [CG] CG iter 28: obj=1823190.448753, maxRC=147417.339742, +10 cols
    [CG]   [DIAG] iter=28 posCols=10 newCols=10 effImprove=10 updated=0
    [CG] CG iter 29: obj=1823190.448753, maxRC=84190.128905, +7 cols
    [CG]   [DIAG] iter=29 posCols=7 newCols=7 effImprove=7 updated=0
    [CG] CG iter 30: obj=1836077.759103, maxRC=57843.015352, +6 cols
    [CG]   [DIAG] iter=30 posCols=6 newCols=6 effImprove=6 updated=0
    [CG] CG iter 31: obj=1836077.759103, maxRC=21257.316999, +6 cols
    [CG]   [DIAG] iter=31 posCols=6 newCols=6 effImprove=6 updated=0
    [CG] CG iter 32: obj=1836113.805931, maxRC=27724.913460, +4 cols
    [CG]   [DIAG] iter=32 posCols=4 newCols=4 effImprove=4 updated=0
    [CG] CG iter 33: obj=1851787.556173, maxRC=15129.794633, +5 cols
    [CG]   [DIAG] iter=33 posCols=5 newCols=5 effImprove=5 updated=0
    [CG] CG iter 34: obj=1851787.556173, maxRC=4340.303741, +1 cols
    [CG]   [DIAG] iter=34 posCols=1 newCols=0 effImprove=1 updated=1
    [CG] CG iter 35: obj=1851787.556173, maxRC=958.345983, +1 cols
    [CG]   [DIAG] iter=35 posCols=1 newCols=1 effImprove=1 updated=0
    [CG] CG iter 36: obj=1851787.556173, maxRC=801.942957, +1 cols
    [CG]   [DIAG] iter=36 posCols=1 newCols=1 effImprove=1 updated=0
    [CG] CG iter 37: obj=1851787.556173, maxRC=486.326601, +1 cols
    [CG]   [DIAG] iter=37 posCols=1 newCols=1 effImprove=1 updated=0
    [CG] CG iter 38: obj=1851787.556173, maxRC=129.320829, +1 cols
    [CG]   [DIAG] iter=38 posCols=1 newCols=1 effImprove=1 updated=0
    [CG] CG iter 39: obj=1851787.556173, maxRC=162.455028, +1 cols
    [CG]   [DIAG] iter=39 posCols=1 newCols=1 effImprove=1 updated=0
    [CG] CG iter 40: obj=1851787.556173, maxRC=66.155963, +1 cols
    [CG]   [DIAG] iter=40 posCols=1 newCols=1 effImprove=1 updated=0
    [CG] CG iter 41: obj=1851787.556173, maxRC=48.379971, +1 cols
    [CG]   [DIAG] iter=41 posCols=1 newCols=1 effImprove=1 updated=0
    [CG] CG iter 42: obj=1851787.556173, maxRC=29.209180, +1 cols
    [CG]   [DIAG] iter=42 posCols=1 newCols=1 effImprove=1 updated=0
    [CG] 列生成收敛，共 43 轮迭代
    [CG] [CG-NODE] depth=1 exit=CERTIFIED certified=1 feasible=1 iters=16 generatedColsBeforeNode=217 newCols=46 posCandidates=47 duplicateCandidates=1 updatedCols=1 zeroObjImproveIters=12 objFirst=1823190.448753 objLast=1851787.556173 objGain=28597.107420 maxRC=147417.339742 wallSec=0.045948 pricingSec=0.039459 cplexSolveSec=0.004683
    [CG] 列生成开始，初始列数=476
    [CG] CG iter 44: obj=1804634.066820, maxRC=214641.345823, +14 cols
    [CG]   [DIAG] iter=44 posCols=14 newCols=14 effImprove=14 updated=0
    [CG] CG iter 45: obj=1832037.731309, maxRC=137415.493068, +8 cols
    [CG]   [DIAG] iter=45 posCols=8 newCols=8 effImprove=8 updated=0
    [CG] CG iter 46: obj=1832037.731309, maxRC=136403.771333, +7 cols
    [CG]   [DIAG] iter=46 posCols=7 newCols=6 effImprove=7 updated=1
    [CG] CG iter 47: obj=1834283.762389, maxRC=107547.929260, +6 cols
    [CG]   [DIAG] iter=47 posCols=6 newCols=6 effImprove=6 updated=0
    [CG] CG iter 48: obj=1834283.762389, maxRC=65358.856870, +6 cols
    [CG]   [DIAG] iter=48 posCols=6 newCols=6 effImprove=6 updated=0
    [CG] CG iter 49: obj=1834283.762389, maxRC=69059.677064, +9 cols
    [CG]   [DIAG] iter=49 posCols=9 newCols=9 effImprove=9 updated=0
    [CG] CG iter 50: obj=1834283.762389, maxRC=40108.522539, +8 cols
    [CG]   [DIAG] iter=50 posCols=8 newCols=8 effImprove=8 updated=0
    [CG] CG iter 51: obj=1834283.762389, maxRC=30496.158904, +7 cols
    [CG]   [DIAG] iter=51 posCols=7 newCols=7 effImprove=7 updated=0
    [CG] CG iter 52: obj=1834283.762389, maxRC=40847.468200, +4 cols
    [CG]   [DIAG] iter=52 posCols=4 newCols=4 effImprove=4 updated=0
    [CG] CG iter 53: obj=1834283.762389, maxRC=23071.682026, +5 cols
    [CG]   [DIAG] iter=53 posCols=5 newCols=5 effImprove=5 updated=0
    [CG] CG iter 54: obj=1834283.762389, maxRC=18850.201902, +4 cols
    [CG]   [DIAG] iter=54 posCols=4 newCols=4 effImprove=4 updated=0
    [CG] CG iter 55: obj=1834283.762389, maxRC=12441.034292, +4 cols
    [CG]   [DIAG] iter=55 posCols=4 newCols=4 effImprove=4 updated=0
    [CG] CG iter 56: obj=1834283.762389, maxRC=12423.068479, +3 cols
    [CG]   [DIAG] iter=56 posCols=3 newCols=3 effImprove=3 updated=0
    [CG] CG iter 57: obj=1846706.830869, maxRC=12402.443596, +4 cols
    [CG]   [DIAG] iter=57 posCols=4 newCols=4 effImprove=4 updated=0
    [CG] CG iter 58: obj=1846706.830869, maxRC=9306.748019, +4 cols
    [CG]   [DIAG] iter=58 posCols=4 newCols=4 effImprove=4 updated=0
    [CG] CG iter 59: obj=1846706.830869, maxRC=321.685029, +1 cols
    [CG]   [DIAG] iter=59 posCols=1 newCols=1 effImprove=1 updated=0
    [CG] CG iter 60: obj=1846706.830869, maxRC=242.333346, +1 cols
    [CG]   [DIAG] iter=60 posCols=1 newCols=1 effImprove=1 updated=0
    [CG] CG iter 61: obj=1846706.830869, maxRC=147.650491, +1 cols
    [CG]   [DIAG] iter=61 posCols=1 newCols=1 effImprove=1 updated=0
    [CG] 列生成收敛，共 62 轮迭代
    [CG] [CG-NODE] depth=1 exit=CERTIFIED certified=1 feasible=1 iters=19 generatedColsBeforeNode=263 newCols=95 posCandidates=96 duplicateCandidates=1 updatedCols=1 zeroObjImproveIters=15 objFirst=1804634.066820 objLast=1846706.830869 objGain=42072.764049 maxRC=214641.345823 wallSec=0.041180 pricingSec=0.031382 cplexSolveSec=0.007472
    [CG] [BB-INCUMBENT] selection=2 node=1 previous=1702289.786213 value=1846706.830869 active=1
    [CG] [BB-NODESEL] strategy=hybrid choice=dfs eligibleCount=1 active=1 gap=0.002751
    [CG] [BB-INCUMBENT] selection=3 node=1 previous=1846706.830869 value=1851787.556173 active=0
      [BB] 分支定界结束：处理 3 节点，剪枝 0，剩余活跃 0，整数解 3，状态=OPTIMAL，最好可行 obj=1851787.556173，gap=0.000000
