    [CG] 列生成开始，初始列数=310
    [CG] CG iter 1: obj=631976.388194, maxRC=946932.536269, +30 cols
    [CG]   [DIAG] iter=1 posCols=30 newCols=30 effImprove=30 updated=0
    [CG] CG iter 2: obj=1169842.148856, maxRC=362535.466692, +24 cols
    [CG]   [DIAG] iter=2 posCols=24 newCols=24 effImprove=24 updated=0
    [CG] CG iter 3: obj=1255621.456140, maxRC=417105.375495, +23 cols
    [CG]   [DIAG] iter=3 posCols=23 newCols=22 effImprove=23 updated=1
    [CG] CG iter 4: obj=1300638.482691, maxRC=264092.647863, +21 cols
    [CG]   [DIAG] iter=4 posCols=21 newCols=21 effImprove=21 updated=0
    [CG] CG iter 5: obj=1360654.931956, maxRC=249679.114935, +23 cols
    [CG]   [DIAG] iter=5 posCols=23 newCols=23 effImprove=23 updated=0
    [CG] CG iter 6: obj=1384621.088942, maxRC=164656.073009, +19 cols
    [CG]   [DIAG] iter=6 posCols=19 newCols=18 effImprove=19 updated=1
    [CG] CG iter 7: obj=1422605.467074, maxRC=164765.752939, +18 cols
    [CG]   [DIAG] iter=7 posCols=18 newCols=18 effImprove=18 updated=0
    [CG] CG iter 8: obj=1460829.193805, maxRC=91160.631752, +21 cols
    [CG]   [DIAG] iter=8 posCols=21 newCols=21 effImprove=21 updated=0
    [CG] CG iter 9: obj=1488776.159250, maxRC=91703.768642, +14 cols
    [CG]   [DIAG] iter=9 posCols=14 newCols=13 effImprove=14 updated=1
    [CG] CG iter 10: obj=1494062.301087, maxRC=82387.323785, +16 cols
    [CG]   [DIAG] iter=10 posCols=16 newCols=16 effImprove=16 updated=0
    [CG] CG iter 11: obj=1514791.206985, maxRC=39130.281813, +16 cols
    [CG]   [DIAG] iter=11 posCols=16 newCols=16 effImprove=16 updated=0
    [CG] CG iter 12: obj=1518286.206926, maxRC=23463.966317, +13 cols
    [CG]   [DIAG] iter=12 posCols=13 newCols=13 effImprove=13 updated=0
    [CG] CG iter 13: obj=1529767.913409, maxRC=36673.091304, +7 cols
    [CG]   [DIAG] iter=13 posCols=7 newCols=7 effImprove=7 updated=0
    [CG] CG iter 14: obj=1547567.031504, maxRC=12587.875821, +4 cols
    [CG]   [DIAG] iter=14 posCols=4 newCols=4 effImprove=4 updated=0
    [CG] CG iter 15: obj=1555644.713911, maxRC=517.878816, +1 cols
    [CG]   [DIAG] iter=15 posCols=1 newCols=1 effImprove=1 updated=0
    [CG] CG iter 16: obj=1555644.713911, maxRC=158.832300, +1 cols
    [CG]   [DIAG] iter=16 posCols=1 newCols=1 effImprove=1 updated=0
    [CG] 列生成收敛，共 17 轮迭代
    [CG] [CG-NODE] depth=0 exit=CERTIFIED certified=1 feasible=1 iters=17 generatedColsBeforeNode=0 newCols=248 posCandidates=251 duplicateCandidates=3 updatedCols=3 zeroObjImproveIters=2 objFirst=631976.388194 objLast=1555644.713911 objGain=923668.325717 maxRC=946932.536269 wallSec=0.144067 pricingSec=0.133538 cplexSolveSec=0.005898
      [BB] 根节点即为整数解，obj=1555644.713911
