    [CG] 列生成开始，初始列数=310
    [CG] CG iter 1: obj=701414.020060, maxRC=892390.442111, +30 cols
    [CG]   [DIAG] iter=1 posCols=30 newCols=30 effImprove=30 updated=0
    [CG] CG iter 2: obj=1148981.834335, maxRC=348940.485068, +25 cols
    [CG]   [DIAG] iter=2 posCols=25 newCols=25 effImprove=25 updated=0
    [CG] CG iter 3: obj=1329167.904486, maxRC=259552.261271, +25 cols
    [CG]   [DIAG] iter=3 posCols=25 newCols=25 effImprove=25 updated=0
    [CG] CG iter 4: obj=1405653.858046, maxRC=176749.206344, +20 cols
    [CG]   [DIAG] iter=4 posCols=20 newCols=19 effImprove=20 updated=1
    [CG] CG iter 5: obj=1547854.248183, maxRC=191304.981743, +20 cols
    [CG]   [DIAG] iter=5 posCols=20 newCols=20 effImprove=20 updated=0
    [CG] CG iter 6: obj=1555802.601066, maxRC=157097.563683, +15 cols
    [CG]   [DIAG] iter=6 posCols=15 newCols=15 effImprove=15 updated=0
    [CG] CG iter 7: obj=1582335.566076, maxRC=117208.006134, +16 cols
    [CG]   [DIAG] iter=7 posCols=16 newCols=16 effImprove=16 updated=0
    [CG] CG iter 8: obj=1582335.566076, maxRC=147036.246720, +12 cols
    [CG]   [DIAG] iter=8 posCols=12 newCols=12 effImprove=12 updated=0
    [CG] CG iter 9: obj=1582335.566076, maxRC=33355.269876, +11 cols
    [CG]   [DIAG] iter=9 posCols=11 newCols=10 effImprove=11 updated=1
    [CG] CG iter 10: obj=1596286.087616, maxRC=20874.959903, +10 cols
    [CG]   [DIAG] iter=10 posCols=10 newCols=10 effImprove=10 updated=0
    [CG] CG iter 11: obj=1617161.047518, maxRC=40793.996299, +10 cols
    [CG]   [DIAG] iter=11 posCols=10 newCols=10 effImprove=10 updated=0
    [CG] CG iter 12: obj=1617161.047518, maxRC=15464.871318, +5 cols
    [CG]   [DIAG] iter=12 posCols=5 newCols=5 effImprove=5 updated=0
    [CG] CG iter 13: obj=1617161.047518, maxRC=8048.227759, +4 cols
    [CG]   [DIAG] iter=13 posCols=4 newCols=4 effImprove=4 updated=0
    [CG] CG iter 14: obj=1617161.047518, maxRC=2576.540427, +1 cols
    [CG]   [DIAG] iter=14 posCols=1 newCols=1 effImprove=1 updated=0
    [CG] CG iter 15: obj=1617161.047518, maxRC=511.698899, +1 cols
    [CG]   [DIAG] iter=15 posCols=1 newCols=1 effImprove=1 updated=0
    [CG] 列生成收敛，共 16 轮迭代
    [CG] [CG-NODE] depth=0 exit=CERTIFIED certified=1 feasible=1 iters=16 generatedColsBeforeNode=0 newCols=203 posCandidates=205 duplicateCandidates=2 updatedCols=2 zeroObjImproveIters=7 objFirst=701414.020060 objLast=1617161.047518 objGain=915747.027459 maxRC=892390.442111 wallSec=0.092843 pricingSec=0.083144 cplexSolveSec=0.005548
      [BB] 根节点即为整数解，obj=1617161.047518
