    [CG] 列生成开始，初始列数=310
    [CG] CG iter 1: obj=665514.201368, maxRC=939293.123695, +30 cols
    [CG]   [DIAG] iter=1 posCols=30 newCols=30 effImprove=30 updated=0
    [CG] CG iter 2: obj=1180017.551755, maxRC=289400.002071, +25 cols
    [CG]   [DIAG] iter=2 posCols=25 newCols=25 effImprove=25 updated=0
    [CG] CG iter 3: obj=1366835.340306, maxRC=325007.256375, +26 cols
    [CG]   [DIAG] iter=3 posCols=26 newCols=26 effImprove=26 updated=0
    [CG] CG iter 4: obj=1392718.728423, maxRC=229007.908542, +25 cols
    [CG]   [DIAG] iter=4 posCols=25 newCols=25 effImprove=25 updated=0
    [CG] CG iter 5: obj=1464595.258033, maxRC=190253.152760, +20 cols
    [CG]   [DIAG] iter=5 posCols=20 newCols=20 effImprove=20 updated=0
    [CG] CG iter 6: obj=1531188.874121, maxRC=155273.220698, +15 cols
    [CG]   [DIAG] iter=6 posCols=15 newCols=15 effImprove=15 updated=0
    [CG] CG iter 7: obj=1531188.874121, maxRC=101224.664389, +15 cols
    [CG]   [DIAG] iter=7 posCols=15 newCols=15 effImprove=15 updated=0
    [CG] CG iter 8: obj=1556065.412797, maxRC=44567.101412, +15 cols
    [CG]   [DIAG] iter=8 posCols=15 newCols=15 effImprove=15 updated=0
    [CG] CG iter 9: obj=1570776.469899, maxRC=24811.373028, +12 cols
    [CG]   [DIAG] iter=9 posCols=12 newCols=12 effImprove=12 updated=0
    [CG] CG iter 10: obj=1580918.116333, maxRC=10794.272839, +7 cols
    [CG]   [DIAG] iter=10 posCols=7 newCols=7 effImprove=7 updated=0
    [CG] CG iter 11: obj=1583939.207470, maxRC=11884.929263, +9 cols
    [CG]   [DIAG] iter=11 posCols=9 newCols=9 effImprove=9 updated=0
    [CG] CG iter 12: obj=1590967.276914, maxRC=2125.515782, +5 cols
    [CG]   [DIAG] iter=12 posCols=5 newCols=5 effImprove=5 updated=0
    [CG] CG iter 13: obj=1593092.792696, maxRC=540.009007, +2 cols
    [CG]   [DIAG] iter=13 posCols=2 newCols=2 effImprove=2 updated=0
    [CG] 列生成收敛，共 14 轮迭代
    [CG] [CG-NODE] depth=0 exit=CERTIFIED certified=1 feasible=1 iters=14 generatedColsBeforeNode=0 newCols=206 posCandidates=206 duplicateCandidates=0 updatedCols=0 zeroObjImproveIters=2 objFirst=665514.201368 objLast=1593092.792696 objGain=927578.591328 maxRC=939293.123695 wallSec=0.096620 pricingSec=0.089163 cplexSolveSec=0.004968
      [BB] 根节点即为整数解，obj=1593092.792696
