    [CG] 列生成开始，初始列数=310
    [CG] CG iter 1: obj=599743.314202, maxRC=818006.368406, +30 cols
    [CG]   [DIAG] iter=1 posCols=30 newCols=30 effImprove=30 updated=0
    [CG] CG iter 2: obj=1031191.074145, maxRC=344609.289352, +28 cols
    [CG]   [DIAG] iter=2 posCols=28 newCols=28 effImprove=28 updated=0
    [CG] CG iter 3: obj=1188619.060962, maxRC=405858.158683, +26 cols
    [CG]   [DIAG] iter=3 posCols=26 newCols=26 effImprove=26 updated=0
    [CG] CG iter 4: obj=1258358.119067, maxRC=279351.299984, +21 cols
    [CG]   [DIAG] iter=4 posCols=21 newCols=21 effImprove=21 updated=0
    [CG] CG iter 5: obj=1321050.633119, maxRC=219017.036875, +19 cols
    [CG]   [DIAG] iter=5 posCols=19 newCols=19 effImprove=19 updated=0
    [CG] CG iter 6: obj=1355796.206123, maxRC=185439.251427, +19 cols
    [CG]   [DIAG] iter=6 posCols=19 newCols=19 effImprove=19 updated=0
    [CG] CG iter 7: obj=1415458.503941, maxRC=150693.754196, +18 cols
    [CG]   [DIAG] iter=7 posCols=18 newCols=18 effImprove=18 updated=0
    [CG] CG iter 8: obj=1462688.113344, maxRC=82700.076716, +18 cols
    [CG]   [DIAG] iter=8 posCols=18 newCols=16 effImprove=18 updated=2
    [CG] CG iter 9: obj=1485305.341770, maxRC=44660.540542, +15 cols
    [CG]   [DIAG] iter=9 posCols=15 newCols=14 effImprove=15 updated=1
    [CG] CG iter 10: obj=1496293.980224, maxRC=27278.159184, +15 cols
    [CG]   [DIAG] iter=10 posCols=15 newCols=15 effImprove=15 updated=0
    [CG] CG iter 11: obj=1511537.504460, maxRC=16007.029316, +12 cols
    [CG]   [DIAG] iter=11 posCols=12 newCols=12 effImprove=12 updated=0
    [CG] CG iter 12: obj=1514522.229832, maxRC=14516.334102, +7 cols
    [CG]   [DIAG] iter=12 posCols=7 newCols=7 effImprove=7 updated=0
    [CG] CG iter 13: obj=1516695.701677, maxRC=5708.150764, +4 cols
    [CG]   [DIAG] iter=13 posCols=4 newCols=4 effImprove=4 updated=0
    [CG] CG iter 14: obj=1516695.701677, maxRC=7667.745518, +4 cols
    [CG]   [DIAG] iter=14 posCols=4 newCols=4 effImprove=4 updated=0
    [CG] CG iter 15: obj=1518715.242332, maxRC=2616.918250, +2 cols
    [CG]   [DIAG] iter=15 posCols=2 newCols=2 effImprove=2 updated=0
    [CG] CG iter 16: obj=1518812.961396, maxRC=859.677128, +2 cols
    [CG]   [DIAG] iter=16 posCols=2 newCols=2 effImprove=2 updated=0
    [CG] CG iter 17: obj=1518881.302083, maxRC=778.180133, +2 cols
    [CG]   [DIAG] iter=17 posCols=2 newCols=2 effImprove=2 updated=0
    [CG] CG iter 18: obj=1519659.482215, maxRC=1261.541478, +2 cols
    [CG]   [DIAG] iter=18 posCols=2 newCols=2 effImprove=2 updated=0
    [CG] CG iter 19: obj=1520252.766457, maxRC=664.487661, +1 cols
    [CG]   [DIAG] iter=19 posCols=1 newCols=1 effImprove=1 updated=0
    [CG] 列生成收敛，共 20 轮迭代
    [CG] [CG-NODE] depth=0 exit=CERTIFIED certified=1 feasible=1 iters=20 generatedColsBeforeNode=0 newCols=242 posCandidates=245 duplicateCandidates=3 updatedCols=3 zeroObjImproveIters=2 objFirst=599743.314202 objLast=1520252.766457 objGain=920509.452255 maxRC=818006.368406 wallSec=0.198217 pricingSec=0.185806 cplexSolveSec=0.007699
      [BB] 根节点即为整数解，obj=1520252.766457
