    [CG] 列生成开始，初始列数=310
    [CG] CG iter 1: obj=714027.663954, maxRC=878631.559202, +30 cols
    [CG]   [DIAG] iter=1 posCols=30 newCols=30 effImprove=30 updated=0
    [CG] CG iter 2: obj=1175030.818472, maxRC=378201.119706, +26 cols
    [CG]   [DIAG] iter=2 posCols=26 newCols=26 effImprove=26 updated=0
    [CG] CG iter 3: obj=1319695.736993, maxRC=455005.155833, +26 cols
    [CG]   [DIAG] iter=3 posCols=26 newCols=26 effImprove=26 updated=0
    [CG] CG iter 4: obj=1383623.888056, maxRC=200593.052184, +23 cols
    [CG]   [DIAG] iter=4 posCols=23 newCols=23 effImprove=23 updated=0
    [CG] CG iter 5: obj=1447595.090244, maxRC=201317.948432, +20 cols
    [CG]   [DIAG] iter=5 posCols=20 newCols=20 effImprove=20 updated=0
    [CG] CG iter 6: obj=1507404.458651, maxRC=190304.273203, +19 cols
    [CG]   [DIAG] iter=6 posCols=19 newCols=19 effImprove=19 updated=0
    [CG] CG iter 7: obj=1550194.235059, maxRC=82318.768364, +15 cols
    [CG]   [DIAG] iter=7 posCols=15 newCols=15 effImprove=15 updated=0
    [CG] CG iter 8: obj=1583895.449012, maxRC=60434.887209, +17 cols
    [CG]   [DIAG] iter=8 posCols=17 newCols=16 effImprove=17 updated=1
    [CG] CG iter 9: obj=1614249.200649, maxRC=29716.844663, +15 cols
    [CG]   [DIAG] iter=9 posCols=15 newCols=15 effImprove=15 updated=0
    [CG] CG iter 10: obj=1619504.992050, maxRC=24303.789934, +12 cols
    [CG]   [DIAG] iter=10 posCols=12 newCols=12 effImprove=12 updated=0
    [CG] CG iter 11: obj=1633410.778126, maxRC=18937.230312, +9 cols
    [CG]   [DIAG] iter=11 posCols=9 newCols=8 effImprove=9 updated=1
    [CG] CG iter 12: obj=1637423.561973, maxRC=11836.886427, +9 cols
    [CG]   [DIAG] iter=12 posCols=9 newCols=9 effImprove=9 updated=0
    [CG] CG iter 13: obj=1645349.746855, maxRC=8111.617442, +4 cols
    [CG]   [DIAG] iter=13 posCols=4 newCols=4 effImprove=4 updated=0
    [CG] CG iter 14: obj=1645615.403464, maxRC=3827.717767, +3 cols
    [CG]   [DIAG] iter=14 posCols=3 newCols=3 effImprove=3 updated=0
    [CG] CG iter 15: obj=1645615.403464, maxRC=651.945815, +1 cols
    [CG]   [DIAG] iter=15 posCols=1 newCols=1 effImprove=1 updated=0
    [CG] 列生成收敛，共 16 轮迭代
    [CG] [CG-NODE] depth=0 exit=CERTIFIED certified=1 feasible=1 iters=16 generatedColsBeforeNode=0 newCols=227 posCandidates=229 duplicateCandidates=2 updatedCols=2 zeroObjImproveIters=1 objFirst=714027.663954 objLast=1645941.376372 objGain=931913.712417 maxRC=878631.559202 wallSec=0.104529 pricingSec=0.093471 cplexSolveSec=0.006584
      [BB] 分支定界开始，根节点LP obj=1645941.376372，最大节点数=10000
      [BB] 根节点启发式下界 LB=1567097.504087（上界=1645941.376372）
    [CG] [BB-DIAG] 分支 x_{dc=5,retailer=27}, 节点数=1
    [CG] 列生成开始，初始列数=520
    [CG] CG iter 17: obj=1636147.531558, maxRC=125913.585393, +20 cols
    [CG]   [DIAG] iter=17 posCols=20 newCols=20 effImprove=20 updated=0
    [CG] CG iter 18: obj=1636147.531558, maxRC=37417.019101, +11 cols
    [CG]   [DIAG] iter=18 posCols=11 newCols=11 effImprove=11 updated=0
    [CG] CG iter 19: obj=1637264.020748, maxRC=10765.860222, +7 cols
    [CG]   [DIAG] iter=19 posCols=7 newCols=7 effImprove=7 updated=0
    [CG] CG iter 20: obj=1642029.575875, maxRC=6393.946477, +4 cols
    [CG]   [DIAG] iter=20 posCols=4 newCols=4 effImprove=4 updated=0
    [CG] CG iter 21: obj=1642029.575875, maxRC=2305.829626, +2 cols
    [CG]   [DIAG] iter=21 posCols=2 newCols=2 effImprove=2 updated=0
    [CG] CG iter 22: obj=1644335.405501, maxRC=901.026989, +2 cols
    [CG]   [DIAG] iter=22 posCols=2 newCols=2 effImprove=2 updated=0
    [CG] 列生成收敛，共 23 轮迭代
    [CG] [CG-NODE] depth=1 exit=CERTIFIED certified=1 feasible=1 iters=7 generatedColsBeforeNode=227 newCols=46 posCandidates=46 duplicateCandidates=0 updatedCols=0 zeroObjImproveIters=3 objFirst=1636147.531558 objLast=1644335.405501 objGain=8187.873943 maxRC=125913.585393 wallSec=0.022018 pricingSec=0.017976 cplexSolveSec=0.002632
    [CG] 列生成开始，初始列数=487
    [CG] CG iter 24: obj=1645615.403464, maxRC=107928.852235, +22 cols
    [CG]   [DIAG] iter=24 posCols=22 newCols=22 effImprove=22 updated=0
    [CG] CG iter 25: obj=1645615.403464, maxRC=15011.927637, +10 cols
    [CG]   [DIAG] iter=25 posCols=10 newCols=9 effImprove=10 updated=1
    [CG] CG iter 26: obj=1645615.403464, maxRC=2856.045910, +6 cols
    [CG]   [DIAG] iter=26 posCols=6 newCols=6 effImprove=6 updated=0
    [CG] CG iter 27: obj=1645615.403464, maxRC=1219.098047, +4 cols
    [CG]   [DIAG] iter=27 posCols=4 newCols=4 effImprove=4 updated=0
    [CG] CG iter 28: obj=1645615.403464, maxRC=121.693300, +1 cols
    [CG]   [DIAG] iter=28 posCols=1 newCols=1 effImprove=1 updated=0
    [CG] 列生成收敛，共 29 轮迭代
    [CG] [CG-NODE] depth=1 exit=CERTIFIED certified=1 feasible=1 iters=6 generatedColsBeforeNode=273 newCols=42 posCandidates=43 duplicateCandidates=1 updatedCols=1 zeroObjImproveIters=5 objFirst=1645615.403464 objLast=1645615.403464 objGain=0.000000 maxRC=107928.852235 wallSec=0.017059 pricingSec=0.013121 cplexSolveSec=0.002631
    [CG] [BB-INCUMBENT] selection=2 node=1 previous=1567097.504087 value=1645615.403464 active=1
    [CG] [BB-NODESEL] strategy=hybrid choice=dfs eligibleCount=1 active=1 gap=0.000000
      [BB] 分支定界结束：处理 3 节点，剪枝 1，剩余活跃 0，整数解 2，状态=OPTIMAL，最好可行 obj=1645615.403464，gap=0.000000
