    [CG] 列生成开始，初始列数=310
    [CG] CG iter 1: obj=560186.762095, maxRC=602549.019867, +30 cols
    [CG]   [DIAG] iter=1 posCols=30 newCols=30 effImprove=30 updated=0
    [CG] CG iter 2: obj=975585.101862, maxRC=289151.336480, +27 cols
    [CG]   [DIAG] iter=2 posCols=27 newCols=27 effImprove=27 updated=0
    [CG] CG iter 3: obj=1047026.504950, maxRC=362344.210326, +27 cols
    [CG]   [DIAG] iter=3 posCols=27 newCols=27 effImprove=27 updated=0
    [CG] CG iter 4: obj=1160409.492529, maxRC=176833.540176, +24 cols
    [CG]   [DIAG] iter=4 posCols=24 newCols=24 effImprove=24 updated=0
    [CG] CG iter 5: obj=1187176.230653, maxRC=157930.810618, +24 cols
    [CG]   [DIAG] iter=5 posCols=24 newCols=24 effImprove=24 updated=0
    [CG] CG iter 6: obj=1273533.586504, maxRC=100199.524420, +23 cols
    [CG]   [DIAG] iter=6 posCols=23 newCols=23 effImprove=23 updated=0
    [CG] CG iter 7: obj=1335042.993443, maxRC=56627.089827, +22 cols
    [CG]   [DIAG] iter=7 posCols=22 newCols=22 effImprove=22 updated=0
    [CG] CG iter 8: obj=1377120.193609, maxRC=60240.997216, +20 cols
    [CG]   [DIAG] iter=8 posCols=20 newCols=20 effImprove=20 updated=0
    [CG] CG iter 9: obj=1388853.718002, maxRC=38254.878454, +17 cols
    [CG]   [DIAG] iter=9 posCols=17 newCols=15 effImprove=17 updated=2
    [CG] CG iter 10: obj=1399499.754064, maxRC=21382.162114, +14 cols
    [CG]   [DIAG] iter=10 posCols=14 newCols=14 effImprove=14 updated=0
    [CG] CG iter 11: obj=1416893.805017, maxRC=12163.054815, +4 cols
    [CG]   [DIAG] iter=11 posCols=4 newCols=4 effImprove=4 updated=0
    [CG] CG iter 12: obj=1420884.758648, maxRC=10399.998442, +6 cols
    [CG]   [DIAG] iter=12 posCols=6 newCols=6 effImprove=6 updated=0
    [CG] CG iter 13: obj=1423022.698957, maxRC=4782.645339, +1 cols
    [CG]   [DIAG] iter=13 posCols=1 newCols=1 effImprove=1 updated=0
    [CG] CG iter 14: obj=1423022.698957, maxRC=2078.210461, +1 cols
    [CG]   [DIAG] iter=14 posCols=1 newCols=1 effImprove=1 updated=0
    [CG] CG iter 15: obj=1423022.698957, maxRC=1246.737238, +1 cols
    [CG]   [DIAG] iter=15 posCols=1 newCols=1 effImprove=1 updated=0
    [CG] CG iter 16: obj=1423022.698957, maxRC=400.739708, +1 cols
    [CG]   [DIAG] iter=16 posCols=1 newCols=1 effImprove=1 updated=0
    [CG] 列生成收敛，共 17 轮迭代
    [CG] [CG-NODE] depth=0 exit=CERTIFIED certified=1 feasible=1 iters=17 generatedColsBeforeNode=0 newCols=240 posCandidates=242 duplicateCandidates=2 updatedCols=2 zeroObjImproveIters=4 objFirst=560186.762095 objLast=1423022.698957 objGain=862835.936862 maxRC=602549.019867 wallSec=0.169640 pricingSec=0.158148 cplexSolveSec=0.007008
      [BB] 分支定界开始，根节点LP obj=1423022.698957，最大节点数=10000
      [BB] 根节点启发式下界 LB=1186728.595638（上界=1423022.698957）
    [CG] [BB-DIAG] 分支 x_{dc=1,retailer=15}, 节点数=1
    [CG] 列生成开始，初始列数=543
    [CG] CG iter 18: obj=1414575.333384, maxRC=32840.391627, +17 cols
    [CG]   [DIAG] iter=18 posCols=17 newCols=17 effImprove=17 updated=0
    [CG] CG iter 19: obj=1414575.333384, maxRC=18828.679292, +9 cols
    [CG]   [DIAG] iter=19 posCols=9 newCols=9 effImprove=9 updated=0
    [CG] CG iter 20: obj=1419595.451066, maxRC=3505.675426, +7 cols
    [CG]   [DIAG] iter=20 posCols=7 newCols=7 effImprove=7 updated=0
    [CG] CG iter 21: obj=1419796.835465, maxRC=3395.914046, +4 cols
    [CG]   [DIAG] iter=21 posCols=4 newCols=4 effImprove=4 updated=0
    [CG] 列生成收敛，共 22 轮迭代
    [CG] [CG-NODE] depth=1 exit=CERTIFIED certified=1 feasible=1 iters=5 generatedColsBeforeNode=240 newCols=37 posCandidates=37 duplicateCandidates=0 updatedCols=0 zeroObjImproveIters=1 objFirst=1414575.333384 objLast=1422789.980712 objGain=8214.647328 maxRC=32840.391627 wallSec=0.023934 pricingSec=0.020423 cplexSolveSec=0.002280
    [CG] 列生成开始，初始列数=520
    [CG] CG iter 23: obj=1421487.483760, maxRC=25185.970580, +19 cols
    [CG]   [DIAG] iter=23 posCols=19 newCols=19 effImprove=19 updated=0
    [CG] CG iter 24: obj=1421487.483760, maxRC=9628.844047, +5 cols
    [CG]   [DIAG] iter=24 posCols=5 newCols=4 effImprove=5 updated=1
    [CG] CG iter 25: obj=1421487.483760, maxRC=1289.520732, +1 cols
    [CG]   [DIAG] iter=25 posCols=1 newCols=1 effImprove=1 updated=0
    [CG] 列生成收敛，共 26 轮迭代
    [CG] [CG-NODE] depth=1 exit=CERTIFIED certified=1 feasible=1 iters=4 generatedColsBeforeNode=277 newCols=24 posCandidates=25 duplicateCandidates=1 updatedCols=1 zeroObjImproveIters=3 objFirst=1421487.483760 objLast=1421487.483760 objGain=0.000000 maxRC=25185.970580 wallSec=0.018628 pricingSec=0.015227 cplexSolveSec=0.001979
    [CG] [BB-INCUMBENT] selection=2 node=1 previous=1186728.595638 value=1421487.483760 active=1
    [CG] [BB-NODESEL] strategy=hybrid choice=dfs eligibleCount=1 active=1 gap=0.000916
    [CG] [BB-INCUMBENT] selection=3 node=1 previous=1421487.483760 value=1422789.980712 active=0
      [BB] 分支定界结束：处理 3 节点，剪枝 0，剩余活跃 0，整数解 3，状态=OPTIMAL，最好可行 obj=1422789.980712，gap=0.000000
