    [CG] 列生成开始，初始列数=310
    [CG] CG iter 1: obj=419033.650435, maxRC=585331.660128, +29 cols
    [CG]   [DIAG] iter=1 posCols=29 newCols=29 effImprove=29 updated=0
    [CG] CG iter 2: obj=913427.691150, maxRC=378453.495318, +27 cols
    [CG]   [DIAG] iter=2 posCols=27 newCols=27 effImprove=27 updated=0
    [CG] CG iter 3: obj=913427.691150, maxRC=339452.348658, +27 cols
    [CG]   [DIAG] iter=3 posCols=27 newCols=27 effImprove=27 updated=0
    [CG] CG iter 4: obj=960078.241088, maxRC=264221.069642, +24 cols
    [CG]   [DIAG] iter=4 posCols=24 newCols=24 effImprove=24 updated=0
    [CG] CG iter 5: obj=996590.411626, maxRC=184726.805498, +24 cols
    [CG]   [DIAG] iter=5 posCols=24 newCols=24 effImprove=24 updated=0
    [CG] CG iter 6: obj=1066105.605652, maxRC=190186.066136, +24 cols
    [CG]   [DIAG] iter=6 posCols=24 newCols=24 effImprove=24 updated=0
    [CG] CG iter 7: obj=1111211.327183, maxRC=90093.339301, +24 cols
    [CG]   [DIAG] iter=7 posCols=24 newCols=24 effImprove=24 updated=0
    [CG] CG iter 8: obj=1168947.635781, maxRC=83834.121084, +21 cols
    [CG]   [DIAG] iter=8 posCols=21 newCols=21 effImprove=21 updated=0
    [CG] CG iter 9: obj=1223322.076120, maxRC=67782.538596, +20 cols
    [CG]   [DIAG] iter=9 posCols=20 newCols=20 effImprove=20 updated=0
    [CG] CG iter 10: obj=1244626.149235, maxRC=71137.984370, +21 cols
    [CG]   [DIAG] iter=10 posCols=21 newCols=21 effImprove=21 updated=0
    [CG] CG iter 11: obj=1245901.953879, maxRC=19937.137687, +20 cols
    [CG]   [DIAG] iter=11 posCols=20 newCols=19 effImprove=20 updated=1
    [CG] CG iter 12: obj=1265501.186815, maxRC=23722.517745, +12 cols
    [CG]   [DIAG] iter=12 posCols=12 newCols=12 effImprove=12 updated=0
    [CG] CG iter 13: obj=1265501.186815, maxRC=8735.033676, +7 cols
    [CG]   [DIAG] iter=13 posCols=7 newCols=6 effImprove=7 updated=1
    [CG] CG iter 14: obj=1270603.814840, maxRC=7683.357873, +3 cols
    [CG]   [DIAG] iter=14 posCols=3 newCols=3 effImprove=3 updated=0
    [CG] CG iter 15: obj=1276936.899381, maxRC=5972.568881, +4 cols
    [CG]   [DIAG] iter=15 posCols=4 newCols=4 effImprove=4 updated=0
    [CG] CG iter 16: obj=1276936.899381, maxRC=1967.126408, +2 cols
    [CG]   [DIAG] iter=16 posCols=2 newCols=2 effImprove=2 updated=0
    [CG] CG iter 17: obj=1276936.899381, maxRC=1883.726445, +1 cols
    [CG]   [DIAG] iter=17 posCols=1 newCols=1 effImprove=1 updated=0
    [CG] CG iter 18: obj=1276936.899381, maxRC=1389.959767, +1 cols
    [CG]   [DIAG] iter=18 posCols=1 newCols=1 effImprove=1 updated=0
    [CG] 列生成收敛，共 19 轮迭代
    [CG] [CG-NODE] depth=0 exit=CERTIFIED certified=1 feasible=1 iters=19 generatedColsBeforeNode=0 newCols=289 posCandidates=291 duplicateCandidates=2 updatedCols=2 zeroObjImproveIters=6 objFirst=419033.650435 objLast=1276936.899381 objGain=857903.248946 maxRC=585331.660128 wallSec=0.260772 pricingSec=0.250166 cplexSolveSec=0.006944
      [BB] 根节点即为整数解，obj=1276936.899381
