    [CG] 列生成开始，初始列数=310
    [CG] CG iter 1: obj=607878.995644, maxRC=514521.572719, +29 cols
    [CG]   [DIAG] iter=1 posCols=29 newCols=29 effImprove=29 updated=0
    [CG] CG iter 2: obj=1053241.241275, maxRC=291775.386295, +26 cols
    [CG]   [DIAG] iter=2 posCols=26 newCols=26 effImprove=26 updated=0
    [CG] CG iter 3: obj=1053241.241275, maxRC=272346.383224, +25 cols
    [CG]   [DIAG] iter=3 posCols=25 newCols=25 effImprove=25 updated=0
    [CG] CG iter 4: obj=1109046.893688, maxRC=240980.855376, +26 cols
    [CG]   [DIAG] iter=4 posCols=26 newCols=26 effImprove=26 updated=0
    [CG] CG iter 5: obj=1205458.735201, maxRC=117653.008554, +24 cols
    [CG]   [DIAG] iter=5 posCols=24 newCols=24 effImprove=24 updated=0
    [CG] CG iter 6: obj=1272053.792627, maxRC=101900.268795, +24 cols
    [CG]   [DIAG] iter=6 posCols=24 newCols=24 effImprove=24 updated=0
    [CG] CG iter 7: obj=1353257.713142, maxRC=51709.450667, +21 cols
    [CG]   [DIAG] iter=7 posCols=21 newCols=21 effImprove=21 updated=0
    [CG] CG iter 8: obj=1380900.320574, maxRC=50594.476241, +21 cols
    [CG]   [DIAG] iter=8 posCols=21 newCols=21 effImprove=21 updated=0
    [CG] CG iter 9: obj=1399199.744044, maxRC=42661.016618, +20 cols
    [CG]   [DIAG] iter=9 posCols=20 newCols=19 effImprove=20 updated=1
    [CG] CG iter 10: obj=1412150.422583, maxRC=25794.474603, +13 cols
    [CG]   [DIAG] iter=10 posCols=13 newCols=13 effImprove=13 updated=0
    [CG] CG iter 11: obj=1437944.897187, maxRC=10524.459544, +13 cols
    [CG]   [DIAG] iter=11 posCols=13 newCols=13 effImprove=13 updated=0
    [CG] CG iter 12: obj=1441695.091035, maxRC=12968.357041, +9 cols
    [CG]   [DIAG] iter=12 posCols=9 newCols=9 effImprove=9 updated=0
    [CG] CG iter 13: obj=1441695.091035, maxRC=4878.658019, +3 cols
    [CG]   [DIAG] iter=13 posCols=3 newCols=2 effImprove=3 updated=1
    [CG] CG iter 14: obj=1446573.749053, maxRC=1823.054536, +3 cols
    [CG]   [DIAG] iter=14 posCols=3 newCols=1 effImprove=3 updated=2
    [CG] CG iter 15: obj=1446573.749053, maxRC=1415.352083, +2 cols
    [CG]   [DIAG] iter=15 posCols=2 newCols=2 effImprove=2 updated=0
    [CG] CG iter 16: obj=1446573.749053, maxRC=87.874933, +1 cols
    [CG]   [DIAG] iter=16 posCols=1 newCols=1 effImprove=1 updated=0
    [CG] 列生成收敛，共 17 轮迭代
    [CG] [CG-NODE] depth=0 exit=CERTIFIED certified=1 feasible=1 iters=17 generatedColsBeforeNode=0 newCols=256 posCandidates=260 duplicateCandidates=4 updatedCols=4 zeroObjImproveIters=5 objFirst=607878.995644 objLast=1446573.749053 objGain=838694.753410 maxRC=514521.572719 wallSec=0.111386 pricingSec=0.103026 cplexSolveSec=0.005471
      [BB] 根节点即为整数解，obj=1446573.749053
