    [CG] 列生成开始，初始列数=310
    [CG] CG iter 1: obj=567539.707301, maxRC=592627.618387, +29 cols
    [CG]   [DIAG] iter=1 posCols=29 newCols=29 effImprove=29 updated=0
    [CG] CG iter 2: obj=1022522.580122, maxRC=233402.646080, +24 cols
    [CG]   [DIAG] iter=2 posCols=24 newCols=24 effImprove=24 updated=0
    [CG] CG iter 3: obj=1048573.428730, maxRC=278893.283161, +24 cols
    [CG]   [DIAG] iter=3 posCols=24 newCols=24 effImprove=24 updated=0
    [CG] CG iter 4: obj=1183767.381085, maxRC=172908.472296, +24 cols
    [CG]   [DIAG] iter=4 posCols=24 newCols=24 effImprove=24 updated=0
    [CG] CG iter 5: obj=1215000.720423, maxRC=143445.835482, +24 cols
    [CG]   [DIAG] iter=5 posCols=24 newCols=24 effImprove=24 updated=0
    [CG] CG iter 6: obj=1273739.654327, maxRC=68519.390570, +22 cols
    [CG]   [DIAG] iter=6 posCols=22 newCols=22 effImprove=22 updated=0
    [CG] CG iter 7: obj=1350817.482462, maxRC=71588.596593, +21 cols
    [CG]   [DIAG] iter=7 posCols=21 newCols=21 effImprove=21 updated=0
    [CG] CG iter 8: obj=1397029.907418, maxRC=63385.209513, +23 cols
    [CG]   [DIAG] iter=8 posCols=23 newCols=23 effImprove=23 updated=0
    [CG] CG iter 9: obj=1397029.907418, maxRC=22906.768622, +14 cols
    [CG]   [DIAG] iter=9 posCols=14 newCols=14 effImprove=14 updated=0
    [CG] CG iter 10: obj=1398043.286759, maxRC=17978.276645, +14 cols
    [CG]   [DIAG] iter=10 posCols=14 newCols=14 effImprove=14 updated=0
    [CG] CG iter 11: obj=1403789.993919, maxRC=9295.293574, +16 cols
    [CG]   [DIAG] iter=11 posCols=16 newCols=15 effImprove=16 updated=1
    [CG] CG iter 12: obj=1404014.718690, maxRC=4118.537971, +7 cols
    [CG]   [DIAG] iter=12 posCols=7 newCols=6 effImprove=7 updated=1
    [CG] CG iter 13: obj=1405388.419494, maxRC=2724.975489, +3 cols
    [CG]   [DIAG] iter=13 posCols=3 newCols=3 effImprove=3 updated=0
    [CG] CG iter 14: obj=1405388.419494, maxRC=2598.889627, +1 cols
    [CG]   [DIAG] iter=14 posCols=1 newCols=1 effImprove=1 updated=0
    [CG] CG iter 15: obj=1407675.711120, maxRC=192.184167, +1 cols
    [CG]   [DIAG] iter=15 posCols=1 newCols=0 effImprove=1 updated=1
    [CG] 列生成收敛，共 16 轮迭代
    [CG] [CG-NODE] depth=0 exit=CERTIFIED certified=1 feasible=1 iters=16 generatedColsBeforeNode=0 newCols=244 posCandidates=247 duplicateCandidates=3 updatedCols=3 zeroObjImproveIters=3 objFirst=567539.707301 objLast=1407675.711120 objGain=840136.003819 maxRC=592627.618387 wallSec=0.132843 pricingSec=0.121529 cplexSolveSec=0.006773
      [BB] 分支定界开始，根节点LP obj=1407675.711120，最大节点数=10000
      [BB] 根节点启发式下界 LB=1213297.033450（上界=1407675.711120）
    [CG] [BB-DIAG] 分支 x_{dc=2,retailer=2}, 节点数=1
    [CG] 列生成开始，初始列数=541
    [CG] CG iter 17: obj=1406017.291089, maxRC=38798.213744, +19 cols
    [CG]   [DIAG] iter=17 posCols=19 newCols=19 effImprove=19 updated=0
    [CG] CG iter 18: obj=1406017.291089, maxRC=10073.127769, +8 cols
    [CG]   [DIAG] iter=18 posCols=8 newCols=8 effImprove=8 updated=0
    [CG] CG iter 19: obj=1406017.291089, maxRC=1226.560144, +1 cols
    [CG]   [DIAG] iter=19 posCols=1 newCols=1 effImprove=1 updated=0
    [CG] 列生成收敛，共 20 轮迭代
    [CG] [CG-NODE] depth=1 exit=CERTIFIED certified=1 feasible=1 iters=4 generatedColsBeforeNode=244 newCols=28 posCandidates=28 duplicateCandidates=0 updatedCols=0 zeroObjImproveIters=3 objFirst=1406017.291089 objLast=1406017.291089 objGain=0.000000 maxRC=38798.213744 wallSec=0.018087 pricingSec=0.014428 cplexSolveSec=0.002450
    [CG] 列生成开始，初始列数=503
    [CG] CG iter 21: obj=1402152.632444, maxRC=45064.927150, +20 cols
    [CG]   [DIAG] iter=21 posCols=20 newCols=20 effImprove=20 updated=0
    [CG] CG iter 22: obj=1402152.632444, maxRC=8139.480220, +12 cols
    [CG]   [DIAG] iter=22 posCols=12 newCols=12 effImprove=12 updated=0
    [CG] CG iter 23: obj=1402152.632444, maxRC=5170.783114, +3 cols
    [CG]   [DIAG] iter=23 posCols=3 newCols=2 effImprove=3 updated=1
    [CG] CG iter 24: obj=1402152.632444, maxRC=2656.375454, +1 cols
    [CG]   [DIAG] iter=24 posCols=1 newCols=1 effImprove=1 updated=0
    [CG] 列生成收敛，共 25 轮迭代
    [CG] [CG-NODE] depth=1 exit=CERTIFIED certified=1 feasible=1 iters=5 generatedColsBeforeNode=272 newCols=35 posCandidates=36 duplicateCandidates=1 updatedCols=1 zeroObjImproveIters=4 objFirst=1402152.632444 objLast=1402152.632444 objGain=-0.000000 maxRC=45064.927150 wallSec=0.020379 pricingSec=0.017087 cplexSolveSec=0.002122
    [CG] [BB-INCUMBENT] selection=2 node=1 previous=1213297.033450 value=1402152.632444 active=1
    [CG] [BB-NODESEL] strategy=hybrid choice=dfs eligibleCount=1 active=1 gap=0.002756
    [CG] [BB-INCUMBENT] selection=3 node=1 previous=1402152.632444 value=1406017.291089 active=0
      [BB] 分支定界结束：处理 3 节点，剪枝 0，剩余活跃 0，整数解 3，状态=OPTIMAL，最好可行 obj=1406017.291089，gap=0.000000
