    [CG] 列生成开始，初始列数=310
    [CG] CG iter 1: obj=595902.437964, maxRC=530495.597653, +30 cols
    [CG]   [DIAG] iter=1 posCols=30 newCols=30 effImprove=30 updated=0
    [CG] CG iter 2: obj=1065378.908773, maxRC=331083.806377, +27 cols
    [CG]   [DIAG] iter=2 posCols=27 newCols=27 effImprove=27 updated=0
    [CG] CG iter 3: obj=1065378.908773, maxRC=288447.830837, +27 cols
    [CG]   [DIAG] iter=3 posCols=27 newCols=27 effImprove=27 updated=0
    [CG] CG iter 4: obj=1091971.664367, maxRC=230322.200170, +24 cols
    [CG]   [DIAG] iter=4 posCols=24 newCols=24 effImprove=24 updated=0
    [CG] CG iter 5: obj=1178355.434450, maxRC=167154.103670, +24 cols
    [CG]   [DIAG] iter=5 posCols=24 newCols=24 effImprove=24 updated=0
    [CG] CG iter 6: obj=1279644.880124, maxRC=109562.266826, +23 cols
    [CG]   [DIAG] iter=6 posCols=23 newCols=23 effImprove=23 updated=0
    [CG] CG iter 7: obj=1352659.892901, maxRC=98458.442979, +20 cols
    [CG]   [DIAG] iter=7 posCols=20 newCols=20 effImprove=20 updated=0
    [CG] CG iter 8: obj=1372663.643904, maxRC=62195.805089, +21 cols
    [CG]   [DIAG] iter=8 posCols=21 newCols=21 effImprove=21 updated=0
    [CG] CG iter 9: obj=1407069.160097, maxRC=59850.755145, +20 cols
    [CG]   [DIAG] iter=9 posCols=20 newCols=20 effImprove=20 updated=0
    [CG] CG iter 10: obj=1419665.923386, maxRC=26667.540654, +18 cols
    [CG]   [DIAG] iter=10 posCols=18 newCols=18 effImprove=18 updated=0
    [CG] CG iter 11: obj=1431417.149391, maxRC=14592.913346, +14 cols
    [CG]   [DIAG] iter=11 posCols=14 newCols=13 effImprove=14 updated=1
    [CG] CG iter 12: obj=1455611.046288, maxRC=3050.781467, +6 cols
    [CG]   [DIAG] iter=12 posCols=6 newCols=5 effImprove=6 updated=1
    [CG] CG iter 13: obj=1455611.046288, maxRC=25.546506, +1 cols
    [CG]   [DIAG] iter=13 posCols=1 newCols=1 effImprove=1 updated=0
    [CG] 列生成收敛，共 14 轮迭代
    [CG] [CG-NODE] depth=0 exit=CERTIFIED certified=1 feasible=1 iters=14 generatedColsBeforeNode=0 newCols=253 posCandidates=255 duplicateCandidates=2 updatedCols=2 zeroObjImproveIters=3 objFirst=595902.437964 objLast=1455611.046288 objGain=859708.608323 maxRC=530495.597653 wallSec=0.114517 pricingSec=0.104593 cplexSolveSec=0.005722
      [BB] 根节点即为整数解，obj=1455611.046288
