    [CG] 列生成开始，初始列数=310
    [CG] CG iter 1: obj=780381.975917, maxRC=952250.493565, +27 cols
    [CG]   [DIAG] iter=1 posCols=27 newCols=27 effImprove=27 updated=0
    [CG] CG iter 2: obj=1232222.362960, maxRC=349754.131188, +23 cols
    [CG]   [DIAG] iter=2 posCols=23 newCols=23 effImprove=23 updated=0
    [CG] CG iter 3: obj=1501908.594773, maxRC=419813.246868, +24 cols
    [CG]   [DIAG] iter=3 posCols=24 newCols=24 effImprove=24 updated=0
    [CG] CG iter 4: obj=1621847.315740, maxRC=221858.237568, +24 cols
    [CG]   [DIAG] iter=4 posCols=24 newCols=24 effImprove=24 updated=0
    [CG] CG iter 5: obj=1738868.104635, maxRC=206760.825678, +22 cols
    [CG]   [DIAG] iter=5 posCols=22 newCols=22 effImprove=22 updated=0
    [CG] CG iter 6: obj=1845542.530571, maxRC=115134.415526, +16 cols
    [CG]   [DIAG] iter=6 posCols=16 newCols=16 effImprove=16 updated=0
    [CG] CG iter 7: obj=1878016.259707, maxRC=94503.112711, +19 cols
    [CG]   [DIAG] iter=7 posCols=19 newCols=18 effImprove=19 updated=1
    [CG] CG iter 8: obj=1909778.708959, maxRC=58877.429473, +15 cols
    [CG]   [DIAG] iter=8 posCols=15 newCols=15 effImprove=15 updated=0
    [CG] CG iter 9: obj=1931637.541672, maxRC=38421.746737, +7 cols
    [CG]   [DIAG] iter=9 posCols=7 newCols=7 effImprove=7 updated=0
    [CG] CG iter 10: obj=1943625.962059, maxRC=28542.073485, +7 cols
    [CG]   [DIAG] iter=10 posCols=7 newCols=7 effImprove=7 updated=0
    [CG] CG iter 11: obj=1943625.962059, maxRC=32459.439087, +3 cols
    [CG]   [DIAG] iter=11 posCols=3 newCols=3 effImprove=3 updated=0
    [CG] CG iter 12: obj=1943625.962059, maxRC=53398.388769, +4 cols
    [CG]   [DIAG] iter=12 posCols=4 newCols=3 effImprove=4 updated=1
    [CG] CG iter 13: obj=1943625.962059, maxRC=29346.234465, +2 cols
    [CG]   [DIAG] iter=13 posCols=2 newCols=2 effImprove=2 updated=0
    [CG] CG iter 14: obj=1943625.962059, maxRC=7344.691124, +2 cols
    [CG]   [DIAG] iter=14 posCols=2 newCols=2 effImprove=2 updated=0
    [CG] CG iter 15: obj=1950970.653183, maxRC=4816.879675, +2 cols
    [CG]   [DIAG] iter=15 posCols=2 newCols=2 effImprove=2 updated=0
    [CG] CG iter 16: obj=1950970.653183, maxRC=393.573988, +1 cols
    [CG]   [DIAG] iter=16 posCols=1 newCols=1 effImprove=1 updated=0
    [CG] CG iter 17: obj=1950970.653183, maxRC=146.104517, +1 cols
    [CG]   [DIAG] iter=17 posCols=1 newCols=1 effImprove=1 updated=0
    [CG] CG iter 18: obj=1950970.653183, maxRC=112.751840, +1 cols
    [CG]   [DIAG] iter=18 posCols=1 newCols=1 effImprove=1 updated=0
    [CG] 列生成收敛，共 19 轮迭代
    [CG] [CG-NODE] depth=0 exit=CERTIFIED certified=1 feasible=1 iters=19 generatedColsBeforeNode=0 newCols=198 posCandidates=200 duplicateCandidates=2 updatedCols=2 zeroObjImproveIters=8 objFirst=780381.975917 objLast=1950970.653183 objGain=1170588.677265 maxRC=952250.493565 wallSec=0.126644 pricingSec=0.115959 cplexSolveSec=0.006448
      [BB] 根节点即为整数解，obj=1950970.653183
