    [CG] 列生成开始，初始列数=310
    [CG] CG iter 1: obj=678429.401345, maxRC=1745630.003892, +30 cols
    [CG]   [DIAG] iter=1 posCols=30 newCols=30 effImprove=30 updated=0
    [CG] CG iter 2: obj=1871810.126576, maxRC=383974.932200, +17 cols
    [CG]   [DIAG] iter=2 posCols=17 newCols=17 effImprove=17 updated=0
    [CG] CG iter 3: obj=1917658.055004, maxRC=637707.831683, +25 cols
    [CG]   [DIAG] iter=3 posCols=25 newCols=25 effImprove=25 updated=0
    [CG] CG iter 4: obj=1917658.055004, maxRC=558960.993306, +20 cols
    [CG]   [DIAG] iter=4 posCols=20 newCols=19 effImprove=20 updated=1
    [CG] CG iter 5: obj=1923348.882157, maxRC=550786.196987, +21 cols
    [CG]   [DIAG] iter=5 posCols=21 newCols=21 effImprove=21 updated=0
    [CG] CG iter 6: obj=1984598.021760, maxRC=677803.324707, +24 cols
    [CG]   [DIAG] iter=6 posCols=24 newCols=24 effImprove=24 updated=0
    [CG] CG iter 7: obj=1996475.467894, maxRC=352538.825192, +15 cols
    [CG]   [DIAG] iter=7 posCols=15 newCols=15 effImprove=15 updated=0
    [CG] CG iter 8: obj=2008628.834626, maxRC=310682.230777, +9 cols
    [CG]   [DIAG] iter=8 posCols=9 newCols=9 effImprove=9 updated=0
    [CG] CG iter 9: obj=2023255.621618, maxRC=328734.380357, +11 cols
    [CG]   [DIAG] iter=9 posCols=11 newCols=11 effImprove=11 updated=0
    [CG] CG iter 10: obj=2045903.225018, maxRC=193384.408174, +12 cols
    [CG]   [DIAG] iter=10 posCols=12 newCols=12 effImprove=12 updated=0
    [CG] CG iter 11: obj=2062381.594146, maxRC=83517.248864, +10 cols
    [CG]   [DIAG] iter=11 posCols=10 newCols=10 effImprove=10 updated=0
    [CG] CG iter 12: obj=2080723.907900, maxRC=283094.918682, +10 cols
    [CG]   [DIAG] iter=12 posCols=10 newCols=10 effImprove=10 updated=0
    [CG] CG iter 13: obj=2090112.977381, maxRC=138268.759211, +9 cols
    [CG]   [DIAG] iter=13 posCols=9 newCols=9 effImprove=9 updated=0
    [CG] CG iter 14: obj=2095713.099864, maxRC=52645.930671, +9 cols
    [CG]   [DIAG] iter=14 posCols=9 newCols=9 effImprove=9 updated=0
    [CG] CG iter 15: obj=2106212.749022, maxRC=48210.568883, +12 cols
    [CG]   [DIAG] iter=15 posCols=12 newCols=12 effImprove=12 updated=0
    [CG] CG iter 16: obj=2109775.768272, maxRC=41017.661683, +9 cols
    [CG]   [DIAG] iter=16 posCols=9 newCols=9 effImprove=9 updated=0
    [CG] CG iter 17: obj=2119382.058514, maxRC=35964.743851, +9 cols
    [CG]   [DIAG] iter=17 posCols=9 newCols=9 effImprove=9 updated=0
    [CG] CG iter 18: obj=2125697.297841, maxRC=38894.708349, +9 cols
    [CG]   [DIAG] iter=18 posCols=9 newCols=9 effImprove=9 updated=0
    [CG] CG iter 19: obj=2127435.921159, maxRC=25449.436180, +8 cols
    [CG]   [DIAG] iter=19 posCols=8 newCols=8 effImprove=8 updated=0
    [CG] CG iter 20: obj=2134515.558933, maxRC=25070.104225, +7 cols
    [CG]   [DIAG] iter=20 posCols=7 newCols=7 effImprove=7 updated=0
    [CG] CG iter 21: obj=2147050.611045, maxRC=21525.846794, +7 cols
    [CG]   [DIAG] iter=21 posCols=7 newCols=7 effImprove=7 updated=0
    [CG] CG iter 22: obj=2162305.766775, maxRC=27945.370584, +7 cols
    [CG]   [DIAG] iter=22 posCols=7 newCols=7 effImprove=7 updated=0
    [CG] CG iter 23: obj=2162305.766775, maxRC=13513.187419, +4 cols
    [CG]   [DIAG] iter=23 posCols=4 newCols=4 effImprove=4 updated=0
    [CG] CG iter 24: obj=2162305.766775, maxRC=11874.671335, +4 cols
    [CG]   [DIAG] iter=24 posCols=4 newCols=4 effImprove=4 updated=0
    [CG] CG iter 25: obj=2162305.766775, maxRC=7206.751728, +3 cols
    [CG]   [DIAG] iter=25 posCols=3 newCols=3 effImprove=3 updated=0
    [CG] CG iter 26: obj=2162305.766775, maxRC=3039.394330, +1 cols
    [CG]   [DIAG] iter=26 posCols=1 newCols=1 effImprove=1 updated=0
    [CG] CG iter 27: obj=2162305.766775, maxRC=2477.521579, +1 cols
    [CG]   [DIAG] iter=27 posCols=1 newCols=1 effImprove=1 updated=0
    [CG] CG iter 28: obj=2162305.766775, maxRC=2357.775627, +1 cols
    [CG]   [DIAG] iter=28 posCols=1 newCols=1 effImprove=1 updated=0
    [CG] CG iter 29: obj=2162305.766775, maxRC=823.855865, +1 cols
    [CG]   [DIAG] iter=29 posCols=1 newCols=1 effImprove=1 updated=0
    [CG] 列生成收敛，共 30 轮迭代
    [CG] [CG-NODE] depth=0 exit=CERTIFIED certified=1 feasible=1 iters=30 generatedColsBeforeNode=0 newCols=304 posCandidates=305 duplicateCandidates=1 updatedCols=1 zeroObjImproveIters=9 objFirst=678429.401345 objLast=2162305.766775 objGain=1483876.365430 maxRC=1745630.003892 wallSec=0.316429 pricingSec=0.299373 cplexSolveSec=0.011177
      [BB] 根节点即为整数解，obj=2162305.766775
