    [CG] 列生成开始，初始列数=310
    [CG] CG iter 1: obj=814364.558114, maxRC=1139503.531548, +30 cols
    [CG]   [DIAG] iter=1 posCols=30 newCols=30 effImprove=30 updated=0
    [CG] CG iter 2: obj=1552134.960417, maxRC=258610.560894, +25 cols
    [CG]   [DIAG] iter=2 posCols=25 newCols=25 effImprove=25 updated=0
    [CG] CG iter 3: obj=1620828.403371, maxRC=412328.625754, +28 cols
    [CG]   [DIAG] iter=3 posCols=28 newCols=28 effImprove=28 updated=0
    [CG] CG iter 4: obj=1814681.499513, maxRC=277912.939576, +22 cols
    [CG]   [DIAG] iter=4 posCols=22 newCols=22 effImprove=22 updated=0
    [CG] CG iter 5: obj=1844948.524305, maxRC=202315.410469, +22 cols
    [CG]   [DIAG] iter=5 posCols=22 newCols=22 effImprove=22 updated=0
    [CG] CG iter 6: obj=1940151.150428, maxRC=159870.128459, +22 cols
    [CG]   [DIAG] iter=6 posCols=22 newCols=22 effImprove=22 updated=0
    [CG] CG iter 7: obj=1962392.250679, maxRC=94752.670860, +21 cols
    [CG]   [DIAG] iter=7 posCols=21 newCols=21 effImprove=21 updated=0
    [CG] CG iter 8: obj=2012379.812050, maxRC=93974.668769, +21 cols
    [CG]   [DIAG] iter=8 posCols=21 newCols=21 effImprove=21 updated=0
    [CG] CG iter 9: obj=2048046.714349, maxRC=68343.983176, +21 cols
    [CG]   [DIAG] iter=9 posCols=21 newCols=21 effImprove=21 updated=0
    [CG] CG iter 10: obj=2079887.962201, maxRC=73658.050692, +21 cols
    [CG]   [DIAG] iter=10 posCols=21 newCols=21 effImprove=21 updated=0
    [CG] CG iter 11: obj=2100684.197333, maxRC=60344.276581, +14 cols
    [CG]   [DIAG] iter=11 posCols=14 newCols=13 effImprove=14 updated=1
    [CG] CG iter 12: obj=2124830.935685, maxRC=55307.230903, +21 cols
    [CG]   [DIAG] iter=12 posCols=21 newCols=21 effImprove=21 updated=0
    [CG] CG iter 13: obj=2127826.497353, maxRC=51296.607508, +19 cols
    [CG]   [DIAG] iter=13 posCols=19 newCols=19 effImprove=19 updated=0
    [CG] CG iter 14: obj=2135508.722944, maxRC=24052.418773, +13 cols
    [CG]   [DIAG] iter=14 posCols=13 newCols=10 effImprove=13 updated=3
    [CG] CG iter 15: obj=2142400.462920, maxRC=15712.684182, +9 cols
    [CG]   [DIAG] iter=15 posCols=9 newCols=9 effImprove=9 updated=0
    [CG] CG iter 16: obj=2158113.147102, maxRC=11922.891340, +10 cols
    [CG]   [DIAG] iter=16 posCols=10 newCols=9 effImprove=10 updated=1
    [CG] CG iter 17: obj=2158343.372731, maxRC=7551.601283, +3 cols
    [CG]   [DIAG] iter=17 posCols=3 newCols=3 effImprove=3 updated=0
    [CG] CG iter 18: obj=2165894.974014, maxRC=414.488109, +2 cols
    [CG]   [DIAG] iter=18 posCols=2 newCols=2 effImprove=2 updated=0
    [CG] 列生成收敛，共 19 轮迭代
    [CG] [CG-NODE] depth=0 exit=CERTIFIED certified=1 feasible=1 iters=19 generatedColsBeforeNode=0 newCols=319 posCandidates=324 duplicateCandidates=5 updatedCols=5 zeroObjImproveIters=1 objFirst=814364.558114 objLast=2165894.974014 objGain=1351530.415899 maxRC=1139503.531548 wallSec=0.196250 pricingSec=0.181917 cplexSolveSec=0.009204
      [BB] 根节点即为整数解，obj=2165894.974014
