    [CG] 列生成开始，初始列数=310
    [CG] CG iter 1: obj=768367.104322, maxRC=962800.075185, +30 cols
    [CG]   [DIAG] iter=1 posCols=30 newCols=30 effImprove=30 updated=0
    [CG] CG iter 2: obj=1452370.863497, maxRC=340718.889357, +28 cols
    [CG]   [DIAG] iter=2 posCols=28 newCols=28 effImprove=28 updated=0
    [CG] CG iter 3: obj=1497032.429926, maxRC=288119.992450, +28 cols
    [CG]   [DIAG] iter=3 posCols=28 newCols=28 effImprove=28 updated=0
    [CG] CG iter 4: obj=1551199.520148, maxRC=177736.800607, +25 cols
    [CG]   [DIAG] iter=4 posCols=25 newCols=25 effImprove=25 updated=0
    [CG] CG iter 5: obj=1683867.767162, maxRC=149844.832881, +21 cols
    [CG]   [DIAG] iter=5 posCols=21 newCols=21 effImprove=21 updated=0
    [CG] CG iter 6: obj=1742804.577457, maxRC=146355.790660, +18 cols
    [CG]   [DIAG] iter=6 posCols=18 newCols=17 effImprove=18 updated=1
    [CG] CG iter 7: obj=1746068.315886, maxRC=129031.066501, +16 cols
    [CG]   [DIAG] iter=7 posCols=16 newCols=16 effImprove=16 updated=0
    [CG] CG iter 8: obj=1774081.290076, maxRC=88426.471725, +20 cols
    [CG]   [DIAG] iter=8 posCols=20 newCols=20 effImprove=20 updated=0
    [CG] CG iter 9: obj=1804372.703953, maxRC=74072.821972, +17 cols
    [CG]   [DIAG] iter=9 posCols=17 newCols=16 effImprove=17 updated=1
    [CG] CG iter 10: obj=1829691.467214, maxRC=55874.116095, +11 cols
    [CG]   [DIAG] iter=10 posCols=11 newCols=11 effImprove=11 updated=0
    [CG] CG iter 11: obj=1839757.343925, maxRC=32434.528785, +13 cols
    [CG]   [DIAG] iter=11 posCols=13 newCols=13 effImprove=13 updated=0
    [CG] CG iter 12: obj=1849054.558290, maxRC=15830.122567, +11 cols
    [CG]   [DIAG] iter=12 posCols=11 newCols=11 effImprove=11 updated=0
    [CG] CG iter 13: obj=1863782.836800, maxRC=12683.429310, +5 cols
    [CG]   [DIAG] iter=13 posCols=5 newCols=5 effImprove=5 updated=0
    [CG] CG iter 14: obj=1863782.836800, maxRC=8877.733392, +7 cols
    [CG]   [DIAG] iter=14 posCols=7 newCols=6 effImprove=7 updated=1
    [CG] CG iter 15: obj=1867616.146977, maxRC=3238.441228, +2 cols
    [CG]   [DIAG] iter=15 posCols=2 newCols=2 effImprove=2 updated=0
    [CG] CG iter 16: obj=1867616.146977, maxRC=1845.701738, +3 cols
    [CG]   [DIAG] iter=16 posCols=3 newCols=3 effImprove=3 updated=0
    [CG] CG iter 17: obj=1868538.997846, maxRC=322.020726, +2 cols
    [CG]   [DIAG] iter=17 posCols=2 newCols=2 effImprove=2 updated=0
    [CG] CG iter 18: obj=1868538.997846, maxRC=245.155792, +1 cols
    [CG]   [DIAG] iter=18 posCols=1 newCols=1 effImprove=1 updated=0
    [CG] 列生成收敛，共 19 轮迭代
    [CG] [CG-NODE] depth=0 exit=CERTIFIED certified=1 feasible=1 iters=19 generatedColsBeforeNode=0 newCols=255 posCandidates=258 duplicateCandidates=3 updatedCols=3 zeroObjImproveIters=3 objFirst=768367.104322 objLast=1868784.153638 objGain=1100417.049316 maxRC=962800.075185 wallSec=0.147632 pricingSec=0.136020 cplexSolveSec=0.007376
      [BB] 根节点即为整数解，obj=1868784.153638
