    [CG] 列生成开始，初始列数=310
    [CG] CG iter 1: obj=1037458.048786, maxRC=1608526.135726, +30 cols
    [CG]   [DIAG] iter=1 posCols=30 newCols=30 effImprove=30 updated=0
    [CG] CG iter 2: obj=1992639.469649, maxRC=354045.154308, +27 cols
    [CG]   [DIAG] iter=2 posCols=27 newCols=27 effImprove=27 updated=0
    [CG] CG iter 3: obj=2337751.302116, maxRC=483889.486775, +30 cols
    [CG]   [DIAG] iter=3 posCols=30 newCols=30 effImprove=30 updated=0
    [CG] CG iter 4: obj=2360060.117314, maxRC=331629.358988, +30 cols
    [CG]   [DIAG] iter=4 posCols=30 newCols=30 effImprove=30 updated=0
    [CG] CG iter 5: obj=2392229.672883, maxRC=172376.289145, +27 cols
    [CG]   [DIAG] iter=5 posCols=27 newCols=27 effImprove=27 updated=0
    [CG] CG iter 6: obj=2440603.371930, maxRC=215864.434876, +24 cols
    [CG]   [DIAG] iter=6 posCols=24 newCols=24 effImprove=24 updated=0
    [CG] CG iter 7: obj=2462647.117716, maxRC=116156.481844, +20 cols
    [CG]   [DIAG] iter=7 posCols=20 newCols=20 effImprove=20 updated=0
    [CG] CG iter 8: obj=2501938.293492, maxRC=130631.586266, +19 cols
    [CG]   [DIAG] iter=8 posCols=19 newCols=19 effImprove=19 updated=0
    [CG] CG iter 9: obj=2582235.839177, maxRC=110040.153670, +20 cols
    [CG]   [DIAG] iter=9 posCols=20 newCols=20 effImprove=20 updated=0
    [CG] CG iter 10: obj=2607884.063671, maxRC=53435.645655, +13 cols
    [CG]   [DIAG] iter=10 posCols=13 newCols=12 effImprove=13 updated=1
    [CG] CG iter 11: obj=2621763.950148, maxRC=86887.598298, +11 cols
    [CG]   [DIAG] iter=11 posCols=11 newCols=11 effImprove=11 updated=0
    [CG] CG iter 12: obj=2637077.608075, maxRC=52776.374441, +11 cols
    [CG]   [DIAG] iter=12 posCols=11 newCols=11 effImprove=11 updated=0
    [CG] CG iter 13: obj=2642091.537580, maxRC=73461.711832, +10 cols
    [CG]   [DIAG] iter=13 posCols=10 newCols=10 effImprove=10 updated=0
    [CG] CG iter 14: obj=2645684.891992, maxRC=25026.203847, +10 cols
    [CG]   [DIAG] iter=14 posCols=10 newCols=10 effImprove=10 updated=0
    [CG] CG iter 15: obj=2663914.663516, maxRC=20546.805537, +9 cols
    [CG]   [DIAG] iter=15 posCols=9 newCols=9 effImprove=9 updated=0
    [CG] CG iter 16: obj=2663914.663516, maxRC=8026.113392, +4 cols
    [CG]   [DIAG] iter=16 posCols=4 newCols=4 effImprove=4 updated=0
    [CG] CG iter 17: obj=2663914.663516, maxRC=5110.433838, +4 cols
    [CG]   [DIAG] iter=17 posCols=4 newCols=4 effImprove=4 updated=0
    [CG] CG iter 18: obj=2669025.097355, maxRC=3262.630640, +1 cols
    [CG]   [DIAG] iter=18 posCols=1 newCols=1 effImprove=1 updated=0
    [CG] CG iter 19: obj=2669025.097355, maxRC=1088.604587, +1 cols
    [CG]   [DIAG] iter=19 posCols=1 newCols=1 effImprove=1 updated=0
    [CG] CG iter 20: obj=2669025.097355, maxRC=779.896827, +1 cols
    [CG]   [DIAG] iter=20 posCols=1 newCols=1 effImprove=1 updated=0
    [CG] CG iter 21: obj=2669025.097355, maxRC=625.127035, +1 cols
    [CG]   [DIAG] iter=21 posCols=1 newCols=1 effImprove=1 updated=0
    [CG] 列生成收敛，共 22 轮迭代
    [CG] [CG-NODE] depth=0 exit=CERTIFIED certified=1 feasible=1 iters=22 generatedColsBeforeNode=0 newCols=302 posCandidates=303 duplicateCandidates=1 updatedCols=1 zeroObjImproveIters=6 objFirst=1037458.048786 objLast=2669025.097355 objGain=1631567.048568 maxRC=1608526.135726 wallSec=0.241186 pricingSec=0.227900 cplexSolveSec=0.009104
      [BB] 根节点即为整数解，obj=2669025.097355
