    [CG] 列生成开始，初始列数=310
    [CG] CG iter 1: obj=1036700.026585, maxRC=1608098.688267, +30 cols
    [CG]   [DIAG] iter=1 posCols=30 newCols=30 effImprove=30 updated=0
    [CG] CG iter 2: obj=1988052.273405, maxRC=375836.465043, +29 cols
    [CG]   [DIAG] iter=2 posCols=29 newCols=29 effImprove=29 updated=0
    [CG] CG iter 3: obj=2311919.101564, maxRC=597322.036878, +30 cols
    [CG]   [DIAG] iter=3 posCols=30 newCols=30 effImprove=30 updated=0
    [CG] CG iter 4: obj=2329800.557606, maxRC=561540.087797, +30 cols
    [CG]   [DIAG] iter=4 posCols=30 newCols=30 effImprove=30 updated=0
    [CG] CG iter 5: obj=2344987.950850, maxRC=284430.609832, +30 cols
    [CG]   [DIAG] iter=5 posCols=30 newCols=30 effImprove=30 updated=0
    [CG] CG iter 6: obj=2378101.970063, maxRC=164581.780877, +30 cols
    [CG]   [DIAG] iter=6 posCols=30 newCols=30 effImprove=30 updated=0
    [CG] CG iter 7: obj=2400118.129926, maxRC=156236.480173, +23 cols
    [CG]   [DIAG] iter=7 posCols=23 newCols=23 effImprove=23 updated=0
    [CG] CG iter 8: obj=2481366.231688, maxRC=137469.217377, +17 cols
    [CG]   [DIAG] iter=8 posCols=17 newCols=16 effImprove=17 updated=1
    [CG] CG iter 9: obj=2543553.046518, maxRC=139573.853949, +18 cols
    [CG]   [DIAG] iter=9 posCols=18 newCols=18 effImprove=18 updated=0
    [CG] CG iter 10: obj=2578700.717912, maxRC=93532.566437, +14 cols
    [CG]   [DIAG] iter=10 posCols=14 newCols=14 effImprove=14 updated=0
    [CG] CG iter 11: obj=2598774.727315, maxRC=49803.843251, +10 cols
    [CG]   [DIAG] iter=11 posCols=10 newCols=10 effImprove=10 updated=0
    [CG] CG iter 12: obj=2640042.081648, maxRC=46114.332258, +11 cols
    [CG]   [DIAG] iter=12 posCols=11 newCols=11 effImprove=11 updated=0
    [CG] CG iter 13: obj=2640688.867369, maxRC=53175.649471, +15 cols
    [CG]   [DIAG] iter=13 posCols=15 newCols=15 effImprove=15 updated=0
    [CG] CG iter 14: obj=2655230.729980, maxRC=23986.387652, +12 cols
    [CG]   [DIAG] iter=14 posCols=12 newCols=11 effImprove=12 updated=1
    [CG] CG iter 15: obj=2665852.256075, maxRC=22780.420335, +10 cols
    [CG]   [DIAG] iter=15 posCols=10 newCols=9 effImprove=10 updated=1
    [CG] CG iter 16: obj=2673753.193026, maxRC=16499.199641, +10 cols
    [CG]   [DIAG] iter=16 posCols=10 newCols=10 effImprove=10 updated=0
    [CG] CG iter 17: obj=2673753.193026, maxRC=7383.785043, +5 cols
    [CG]   [DIAG] iter=17 posCols=5 newCols=5 effImprove=5 updated=0
    [CG] CG iter 18: obj=2679663.600665, maxRC=1566.305396, +3 cols
    [CG]   [DIAG] iter=18 posCols=3 newCols=3 effImprove=3 updated=0
    [CG] 列生成收敛，共 19 轮迭代
    [CG] [CG-NODE] depth=0 exit=CERTIFIED certified=1 feasible=1 iters=19 generatedColsBeforeNode=0 newCols=324 posCandidates=327 duplicateCandidates=3 updatedCols=3 zeroObjImproveIters=2 objFirst=1036700.026585 objLast=2679663.600665 objGain=1642963.574080 maxRC=1608098.688267 wallSec=0.266045 pricingSec=0.251369 cplexSolveSec=0.009189
      [BB] 根节点即为整数解，obj=2679663.600665
