    [CG] 列生成开始，初始列数=310
    [CG] CG iter 1: obj=1031539.228582, maxRC=1560334.147552, +30 cols
    [CG]   [DIAG] iter=1 posCols=30 newCols=30 effImprove=30 updated=0
    [CG] CG iter 2: obj=1952518.919593, maxRC=318270.630157, +30 cols
    [CG]   [DIAG] iter=2 posCols=30 newCols=30 effImprove=30 updated=0
    [CG] CG iter 3: obj=2294692.280334, maxRC=549170.121935, +30 cols
    [CG]   [DIAG] iter=3 posCols=30 newCols=30 effImprove=30 updated=0
    [CG] CG iter 4: obj=2308239.863308, maxRC=285564.525847, +29 cols
    [CG]   [DIAG] iter=4 posCols=29 newCols=29 effImprove=29 updated=0
    [CG] CG iter 5: obj=2336429.194696, maxRC=178257.045698, +24 cols
    [CG]   [DIAG] iter=5 posCols=24 newCols=24 effImprove=24 updated=0
    [CG] CG iter 6: obj=2411693.441760, maxRC=133923.728486, +21 cols
    [CG]   [DIAG] iter=6 posCols=21 newCols=21 effImprove=21 updated=0
    [CG] CG iter 7: obj=2481371.715265, maxRC=142872.734171, +17 cols
    [CG]   [DIAG] iter=7 posCols=17 newCols=16 effImprove=17 updated=1
    [CG] CG iter 8: obj=2553722.083654, maxRC=101769.294825, +14 cols
    [CG]   [DIAG] iter=8 posCols=14 newCols=14 effImprove=14 updated=0
    [CG] CG iter 9: obj=2580731.673398, maxRC=91193.284828, +14 cols
    [CG]   [DIAG] iter=9 posCols=14 newCols=14 effImprove=14 updated=0
    [CG] CG iter 10: obj=2582323.210762, maxRC=60836.678865, +11 cols
    [CG]   [DIAG] iter=10 posCols=11 newCols=11 effImprove=11 updated=0
    [CG] CG iter 11: obj=2589207.845578, maxRC=49625.540454, +9 cols
    [CG]   [DIAG] iter=11 posCols=9 newCols=9 effImprove=9 updated=0
    [CG] CG iter 12: obj=2590460.011115, maxRC=27332.591145, +8 cols
    [CG]   [DIAG] iter=12 posCols=8 newCols=8 effImprove=8 updated=0
    [CG] CG iter 13: obj=2590460.011115, maxRC=23689.834141, +10 cols
    [CG]   [DIAG] iter=13 posCols=10 newCols=8 effImprove=10 updated=2
    [CG] CG iter 14: obj=2602304.928185, maxRC=11808.289187, +8 cols
    [CG]   [DIAG] iter=14 posCols=8 newCols=8 effImprove=8 updated=0
    [CG] CG iter 15: obj=2607722.186391, maxRC=3790.692649, +5 cols
    [CG]   [DIAG] iter=15 posCols=5 newCols=5 effImprove=5 updated=0
    [CG] CG iter 16: obj=2607722.186391, maxRC=1117.130031, +3 cols
    [CG]   [DIAG] iter=16 posCols=3 newCols=3 effImprove=3 updated=0
    [CG] 列生成收敛，共 17 轮迭代
    [CG] [CG-NODE] depth=0 exit=CERTIFIED certified=1 feasible=1 iters=17 generatedColsBeforeNode=0 newCols=260 posCandidates=263 duplicateCandidates=3 updatedCols=3 zeroObjImproveIters=3 objFirst=1031539.228582 objLast=2607722.186391 objGain=1576182.957810 maxRC=1560334.147552 wallSec=0.178317 pricingSec=0.166472 cplexSolveSec=0.007215
      [BB] 根节点即为整数解，obj=2607722.186391
