    [CG] 列生成开始，初始列数=310
    [CG] CG iter 1: obj=1032821.572933, maxRC=1614892.435339, +30 cols
    [CG]   [DIAG] iter=1 posCols=30 newCols=30 effImprove=30 updated=0
    [CG] CG iter 2: obj=1995863.288733, maxRC=293931.558382, +22 cols
    [CG]   [DIAG] iter=2 posCols=22 newCols=22 effImprove=22 updated=0
    [CG] CG iter 3: obj=2128774.534009, maxRC=465585.339442, +30 cols
    [CG]   [DIAG] iter=3 posCols=30 newCols=30 effImprove=30 updated=0
    [CG] CG iter 4: obj=2276096.023399, maxRC=193432.223969, +23 cols
    [CG]   [DIAG] iter=4 posCols=23 newCols=23 effImprove=23 updated=0
    [CG] CG iter 5: obj=2331402.120570, maxRC=206440.401776, +19 cols
    [CG]   [DIAG] iter=5 posCols=19 newCols=19 effImprove=19 updated=0
    [CG] CG iter 6: obj=2364719.726828, maxRC=170968.963783, +19 cols
    [CG]   [DIAG] iter=6 posCols=19 newCols=19 effImprove=19 updated=0
    [CG] CG iter 7: obj=2454604.970069, maxRC=127169.685310, +16 cols
    [CG]   [DIAG] iter=7 posCols=16 newCols=15 effImprove=16 updated=1
    [CG] CG iter 8: obj=2496506.605937, maxRC=84286.697104, +14 cols
    [CG]   [DIAG] iter=8 posCols=14 newCols=13 effImprove=14 updated=1
    [CG] CG iter 9: obj=2507625.040867, maxRC=99392.365310, +11 cols
    [CG]   [DIAG] iter=9 posCols=11 newCols=10 effImprove=11 updated=1
    [CG] CG iter 10: obj=2529112.488921, maxRC=35977.407456, +13 cols
    [CG]   [DIAG] iter=10 posCols=13 newCols=13 effImprove=13 updated=0
    [CG] CG iter 11: obj=2529112.488921, maxRC=42002.450058, +7 cols
    [CG]   [DIAG] iter=11 posCols=7 newCols=7 effImprove=7 updated=0
    [CG] CG iter 12: obj=2529112.488921, maxRC=41153.962090, +6 cols
    [CG]   [DIAG] iter=12 posCols=6 newCols=6 effImprove=6 updated=0
    [CG] CG iter 13: obj=2529112.488921, maxRC=29418.842069, +7 cols
    [CG]   [DIAG] iter=13 posCols=7 newCols=7 effImprove=7 updated=0
    [CG] CG iter 14: obj=2529514.229059, maxRC=27005.250040, +8 cols
    [CG]   [DIAG] iter=14 posCols=8 newCols=8 effImprove=8 updated=0
    [CG] CG iter 15: obj=2556519.479099, maxRC=11474.997338, +6 cols
    [CG]   [DIAG] iter=15 posCols=6 newCols=6 effImprove=6 updated=0
    [CG] 列生成收敛，共 16 轮迭代
    [CG] [CG-NODE] depth=0 exit=CERTIFIED certified=1 feasible=1 iters=16 generatedColsBeforeNode=0 newCols=228 posCandidates=231 duplicateCandidates=3 updatedCols=3 zeroObjImproveIters=4 objFirst=1032821.572933 objLast=2556519.479099 objGain=1523697.906167 maxRC=1614892.435339 wallSec=0.181679 pricingSec=0.153286 cplexSolveSec=0.007339
      [BB] 根节点即为整数解，obj=2556519.479099
