    [CG] 列生成开始，初始列数=310
    [CG] CG iter 1: obj=1024236.653533, maxRC=1497000.913051, +30 cols
    [CG]   [DIAG] iter=1 posCols=30 newCols=30 effImprove=30 updated=0
    [CG] CG iter 2: obj=1879161.628542, maxRC=436718.804953, +28 cols
    [CG]   [DIAG] iter=2 posCols=28 newCols=28 effImprove=28 updated=0
    [CG] CG iter 3: obj=2217304.355929, maxRC=682043.046059, +30 cols
    [CG]   [DIAG] iter=3 posCols=30 newCols=30 effImprove=30 updated=0
    [CG] CG iter 4: obj=2258201.387778, maxRC=435502.338768, +30 cols
    [CG]   [DIAG] iter=4 posCols=30 newCols=30 effImprove=30 updated=0
    [CG] CG iter 5: obj=2292605.027458, maxRC=259290.397449, +29 cols
    [CG]   [DIAG] iter=5 posCols=29 newCols=29 effImprove=29 updated=0
    [CG] CG iter 6: obj=2325594.403555, maxRC=178318.784695, +27 cols
    [CG]   [DIAG] iter=6 posCols=27 newCols=27 effImprove=27 updated=0
    [CG] CG iter 7: obj=2398701.543642, maxRC=119943.481520, +20 cols
    [CG]   [DIAG] iter=7 posCols=20 newCols=20 effImprove=20 updated=0
    [CG] CG iter 8: obj=2452620.268795, maxRC=135593.767704, +20 cols
    [CG]   [DIAG] iter=8 posCols=20 newCols=19 effImprove=20 updated=1
    [CG] CG iter 9: obj=2500923.232865, maxRC=173292.007297, +20 cols
    [CG]   [DIAG] iter=9 posCols=20 newCols=20 effImprove=20 updated=0
    [CG] CG iter 10: obj=2511204.577182, maxRC=80681.638899, +16 cols
    [CG]   [DIAG] iter=10 posCols=16 newCols=16 effImprove=16 updated=0
    [CG] CG iter 11: obj=2578698.234222, maxRC=94949.778327, +17 cols
    [CG]   [DIAG] iter=11 posCols=17 newCols=17 effImprove=17 updated=0
    [CG] CG iter 12: obj=2593096.219696, maxRC=100168.473860, +11 cols
    [CG]   [DIAG] iter=12 posCols=11 newCols=11 effImprove=11 updated=0
    [CG] CG iter 13: obj=2602715.136666, maxRC=58223.268574, +9 cols
    [CG]   [DIAG] iter=13 posCols=9 newCols=9 effImprove=9 updated=0
    [CG] CG iter 14: obj=2603781.369391, maxRC=31871.289973, +11 cols
    [CG]   [DIAG] iter=14 posCols=11 newCols=11 effImprove=11 updated=0
    [CG] CG iter 15: obj=2603781.369391, maxRC=22585.741078, +7 cols
    [CG]   [DIAG] iter=15 posCols=7 newCols=7 effImprove=7 updated=0
    [CG] CG iter 16: obj=2604083.592668, maxRC=14653.051697, +5 cols
    [CG]   [DIAG] iter=16 posCols=5 newCols=5 effImprove=5 updated=0
    [CG] CG iter 17: obj=2604188.635047, maxRC=15063.199891, +6 cols
    [CG]   [DIAG] iter=17 posCols=6 newCols=6 effImprove=6 updated=0
    [CG] CG iter 18: obj=2607201.275025, maxRC=13982.256475, +6 cols
    [CG]   [DIAG] iter=18 posCols=6 newCols=6 effImprove=6 updated=0
    [CG] CG iter 19: obj=2615138.855195, maxRC=11335.184218, +5 cols
    [CG]   [DIAG] iter=19 posCols=5 newCols=4 effImprove=5 updated=1
    [CG] CG iter 20: obj=2615138.855195, maxRC=5073.238322, +3 cols
    [CG]   [DIAG] iter=20 posCols=3 newCols=3 effImprove=3 updated=0
    [CG] CG iter 21: obj=2615138.855195, maxRC=2233.948112, +2 cols
    [CG]   [DIAG] iter=21 posCols=2 newCols=2 effImprove=2 updated=0
    [CG] 列生成收敛，共 22 轮迭代
    [CG] [CG-NODE] depth=0 exit=CERTIFIED certified=1 feasible=1 iters=22 generatedColsBeforeNode=0 newCols=330 posCandidates=332 duplicateCandidates=2 updatedCols=2 zeroObjImproveIters=4 objFirst=1024236.653533 objLast=2615138.855195 objGain=1590902.201662 maxRC=1497000.913051 wallSec=0.255670 pricingSec=0.239947 cplexSolveSec=0.010211
      [BB] 根节点即为整数解，obj=2615138.855195
