    [CG] 列生成开始，初始列数=310
    [CG] CG iter 1: obj=358078.521965, maxRC=443797.638485, +27 cols
    [CG]   [DIAG] iter=1 posCols=27 newCols=27 effImprove=27 updated=0
    [CG] CG iter 2: obj=761437.583978, maxRC=368497.613292, +27 cols
    [CG]   [DIAG] iter=2 posCols=27 newCols=27 effImprove=27 updated=0
    [CG] CG iter 3: obj=761437.583978, maxRC=297957.610781, +24 cols
    [CG]   [DIAG] iter=3 posCols=24 newCols=24 effImprove=24 updated=0
    [CG] CG iter 4: obj=833531.457435, maxRC=243100.766369, +22 cols
    [CG]   [DIAG] iter=4 posCols=22 newCols=22 effImprove=22 updated=0
    [CG] CG iter 5: obj=910976.871444, maxRC=208957.827486, +21 cols
    [CG]   [DIAG] iter=5 posCols=21 newCols=21 effImprove=21 updated=0
    [CG] CG iter 6: obj=944633.896857, maxRC=182995.886402, +21 cols
    [CG]   [DIAG] iter=6 posCols=21 newCols=21 effImprove=21 updated=0
    [CG] CG iter 7: obj=978920.993943, maxRC=99643.451456, +18 cols
    [CG]   [DIAG] iter=7 posCols=18 newCols=18 effImprove=18 updated=0
    [CG] CG iter 8: obj=1049378.350230, maxRC=88471.633384, +21 cols
    [CG]   [DIAG] iter=8 posCols=21 newCols=21 effImprove=21 updated=0
    [CG] CG iter 9: obj=1054700.132951, maxRC=71265.393710, +20 cols
    [CG]   [DIAG] iter=9 posCols=20 newCols=20 effImprove=20 updated=0
    [CG] CG iter 10: obj=1063567.248166, maxRC=41009.476357, +15 cols
    [CG]   [DIAG] iter=10 posCols=15 newCols=15 effImprove=15 updated=0
    [CG] CG iter 11: obj=1077240.736220, maxRC=28306.067511, +14 cols
    [CG]   [DIAG] iter=11 posCols=14 newCols=14 effImprove=14 updated=0
    [CG] CG iter 12: obj=1086572.056853, maxRC=19906.521214, +13 cols
    [CG]   [DIAG] iter=12 posCols=13 newCols=13 effImprove=13 updated=0
    [CG] CG iter 13: obj=1093705.865257, maxRC=15487.448577, +11 cols
    [CG]   [DIAG] iter=13 posCols=11 newCols=11 effImprove=11 updated=0
    [CG] CG iter 14: obj=1103236.202728, maxRC=9798.547160, +8 cols
    [CG]   [DIAG] iter=14 posCols=8 newCols=8 effImprove=8 updated=0
    [CG] CG iter 15: obj=1105685.839518, maxRC=13637.564132, +7 cols
    [CG]   [DIAG] iter=15 posCols=7 newCols=6 effImprove=7 updated=1
    [CG] CG iter 16: obj=1107422.249818, maxRC=4192.050067, +4 cols
    [CG]   [DIAG] iter=16 posCols=4 newCols=4 effImprove=4 updated=0
    [CG] CG iter 17: obj=1108399.715003, maxRC=900.970250, +5 cols
    [CG]   [DIAG] iter=17 posCols=5 newCols=5 effImprove=5 updated=0
    [CG] CG iter 18: obj=1108483.693726, maxRC=86.858920, +2 cols
    [CG]   [DIAG] iter=18 posCols=2 newCols=2 effImprove=2 updated=0
    [CG] 列生成收敛，共 19 轮迭代
    [CG] [CG-NODE] depth=0 exit=CERTIFIED certified=1 feasible=1 iters=19 generatedColsBeforeNode=0 newCols=279 posCandidates=280 duplicateCandidates=1 updatedCols=1 zeroObjImproveIters=2 objFirst=358078.521965 objLast=1108483.693726 objGain=750405.171761 maxRC=443797.638485 wallSec=0.439950 pricingSec=0.427250 cplexSolveSec=0.007689
      [BB] 分支定界开始，根节点LP obj=1108483.693726，最大节点数=10000
      [BB] 根节点启发式下界 LB=936454.686066（上界=1108483.693726）
    [CG] [BB-DIAG] 分支 x_{dc=2,retailer=3}, 节点数=1
    [CG] 列生成开始，初始列数=561
    [CG] CG iter 20: obj=1103577.837679, maxRC=13486.954303, +7 cols
    [CG]   [DIAG] iter=20 posCols=7 newCols=7 effImprove=7 updated=0
    [CG] CG iter 21: obj=1103577.837679, maxRC=4326.644250, +5 cols
    [CG]   [DIAG] iter=21 posCols=5 newCols=5 effImprove=5 updated=0
    [CG] CG iter 22: obj=1105741.159804, maxRC=4624.394883, +3 cols
    [CG]   [DIAG] iter=22 posCols=3 newCols=3 effImprove=3 updated=0
    [CG] CG iter 23: obj=1105741.159804, maxRC=1470.898955, +3 cols
    [CG]   [DIAG] iter=23 posCols=3 newCols=3 effImprove=3 updated=0
    [CG] 列生成收敛，共 24 轮迭代
    [CG] [CG-NODE] depth=1 exit=CERTIFIED certified=1 feasible=1 iters=5 generatedColsBeforeNode=279 newCols=18 posCandidates=18 duplicateCandidates=0 updatedCols=0 zeroObjImproveIters=3 objFirst=1103577.837679 objLast=1105741.159804 objGain=2163.322125 maxRC=13486.954303 wallSec=0.087618 pricingSec=0.083935 cplexSolveSec=0.002418
    [CG] 列生成开始，初始列数=534
    [CG] CG iter 25: obj=1106918.959938, maxRC=135827.596130, +11 cols
    [CG]   [DIAG] iter=25 posCols=11 newCols=11 effImprove=11 updated=0
    [CG] CG iter 26: obj=1106918.959938, maxRC=108502.702012, +7 cols
    [CG]   [DIAG] iter=26 posCols=7 newCols=7 effImprove=7 updated=0
    [CG] CG iter 27: obj=1106918.959938, maxRC=4899.847470, +2 cols
    [CG]   [DIAG] iter=27 posCols=2 newCols=2 effImprove=2 updated=0
    [CG] CG iter 28: obj=1106918.959938, maxRC=3233.587906, +1 cols
    [CG]   [DIAG] iter=28 posCols=1 newCols=1 effImprove=1 updated=0
    [CG] CG iter 29: obj=1106918.959938, maxRC=2430.622367, +1 cols
    [CG]   [DIAG] iter=29 posCols=1 newCols=1 effImprove=1 updated=0
    [CG] CG iter 30: obj=1106918.959938, maxRC=1047.077789, +1 cols
    [CG]   [DIAG] iter=30 posCols=1 newCols=1 effImprove=1 updated=0
    [CG] CG iter 31: obj=1107966.037727, maxRC=2049.535392, +1 cols
    [CG]   [DIAG] iter=31 posCols=1 newCols=1 effImprove=1 updated=0
    [CG] CG iter 32: obj=1107966.037727, maxRC=2160.867589, +1 cols
    [CG]   [DIAG] iter=32 posCols=1 newCols=1 effImprove=1 updated=0
    [CG] CG iter 33: obj=1107966.037727, maxRC=1724.537537, +2 cols
    [CG]   [DIAG] iter=33 posCols=2 newCols=2 effImprove=2 updated=0
    [CG] CG iter 34: obj=1107966.037727, maxRC=482.719923, +1 cols
    [CG]   [DIAG] iter=34 posCols=1 newCols=1 effImprove=1 updated=0
    [CG] CG iter 35: obj=1107966.037727, maxRC=384.689558, +2 cols
    [CG]   [DIAG] iter=35 posCols=2 newCols=2 effImprove=2 updated=0
    [CG] 列生成收敛，共 36 轮迭代
    [CG] [CG-NODE] depth=1 exit=CERTIFIED certified=1 feasible=1 iters=12 generatedColsBeforeNode=297 newCols=30 posCandidates=30 duplicateCandidates=0 updatedCols=0 zeroObjImproveIters=10 objFirst=1106918.959938 objLast=1107966.037727 objGain=1047.077789 maxRC=135827.596130 wallSec=0.176548 pricingSec=0.170848 cplexSolveSec=0.003926
    [CG] [BB-INCUMBENT] selection=2 node=1 previous=936454.686066 value=1107966.037727 active=1
    [CG] [BB-NODESEL] strategy=hybrid choice=dfs eligibleCount=1 active=1 gap=0.000000
      [BB] 分支定界结束：处理 3 节点，剪枝 1，剩余活跃 0，整数解 2，状态=OPTIMAL，最好可行 obj=1107966.037727，gap=0.000000
