    [CG] 列生成开始，初始列数=310
    [CG] CG iter 1: obj=566866.952825, maxRC=455393.155923, +29 cols
    [CG]   [DIAG] iter=1 posCols=29 newCols=29 effImprove=29 updated=0
    [CG] CG iter 2: obj=954925.390636, maxRC=286080.590598, +22 cols
    [CG]   [DIAG] iter=2 posCols=22 newCols=22 effImprove=22 updated=0
    [CG] CG iter 3: obj=1013225.064175, maxRC=210361.172735, +21 cols
    [CG]   [DIAG] iter=3 posCols=21 newCols=21 effImprove=21 updated=0
    [CG] CG iter 4: obj=1112749.271819, maxRC=161396.814617, +21 cols
    [CG]   [DIAG] iter=4 posCols=21 newCols=21 effImprove=21 updated=0
    [CG] CG iter 5: obj=1194438.043698, maxRC=116910.009014, +21 cols
    [CG]   [DIAG] iter=5 posCols=21 newCols=21 effImprove=21 updated=0
    [CG] CG iter 6: obj=1237873.412591, maxRC=110119.414369, +21 cols
    [CG]   [DIAG] iter=6 posCols=21 newCols=21 effImprove=21 updated=0
    [CG] CG iter 7: obj=1308588.695035, maxRC=55455.854169, +20 cols
    [CG]   [DIAG] iter=7 posCols=20 newCols=20 effImprove=20 updated=0
    [CG] CG iter 8: obj=1338962.885088, maxRC=36636.227094, +19 cols
    [CG]   [DIAG] iter=8 posCols=19 newCols=19 effImprove=19 updated=0
    [CG] CG iter 9: obj=1353164.192604, maxRC=40016.719115, +18 cols
    [CG]   [DIAG] iter=9 posCols=18 newCols=18 effImprove=18 updated=0
    [CG] CG iter 10: obj=1374034.316743, maxRC=36824.377784, +17 cols
    [CG]   [DIAG] iter=10 posCols=17 newCols=17 effImprove=17 updated=0
    [CG] CG iter 11: obj=1384632.406887, maxRC=23756.859132, +14 cols
    [CG]   [DIAG] iter=11 posCols=14 newCols=13 effImprove=14 updated=1
    [CG] CG iter 12: obj=1384632.406887, maxRC=21801.024470, +3 cols
    [CG]   [DIAG] iter=12 posCols=3 newCols=3 effImprove=3 updated=0
    [CG] CG iter 13: obj=1384632.406887, maxRC=19967.576750, +6 cols
    [CG]   [DIAG] iter=13 posCols=6 newCols=6 effImprove=6 updated=0
    [CG] CG iter 14: obj=1394464.373444, maxRC=8729.355678, +4 cols
    [CG]   [DIAG] iter=14 posCols=4 newCols=3 effImprove=4 updated=1
    [CG] CG iter 15: obj=1394464.373444, maxRC=4066.788843, +1 cols
    [CG]   [DIAG] iter=15 posCols=1 newCols=1 effImprove=1 updated=0
    [CG] CG iter 16: obj=1394464.373444, maxRC=659.609680, +1 cols
    [CG]   [DIAG] iter=16 posCols=1 newCols=1 effImprove=1 updated=0
    [CG] 列生成收敛，共 17 轮迭代
    [CG] [CG-NODE] depth=0 exit=CERTIFIED certified=1 feasible=1 iters=17 generatedColsBeforeNode=0 newCols=236 posCandidates=238 duplicateCandidates=2 updatedCols=2 zeroObjImproveIters=5 objFirst=566866.952825 objLast=1394464.373444 objGain=827597.420618 maxRC=455393.155923 wallSec=0.142037 pricingSec=0.133071 cplexSolveSec=0.005632
      [BB] 根节点即为整数解，obj=1394464.373444
