    [CG] 列生成开始，初始列数=310
    [CG] CG iter 1: obj=519265.318527, maxRC=448130.982656, +30 cols
    [CG]   [DIAG] iter=1 posCols=30 newCols=30 effImprove=30 updated=0
    [CG] CG iter 2: obj=917202.511584, maxRC=324135.212670, +26 cols
    [CG]   [DIAG] iter=2 posCols=26 newCols=25 effImprove=26 updated=1
    [CG] CG iter 3: obj=917202.511584, maxRC=310432.956447, +23 cols
    [CG]   [DIAG] iter=3 posCols=23 newCols=23 effImprove=23 updated=0
    [CG] CG iter 4: obj=968110.433073, maxRC=237472.189139, +23 cols
    [CG]   [DIAG] iter=4 posCols=23 newCols=22 effImprove=23 updated=1
    [CG] CG iter 5: obj=1046550.338793, maxRC=224600.569312, +21 cols
    [CG]   [DIAG] iter=5 posCols=21 newCols=21 effImprove=21 updated=0
    [CG] CG iter 6: obj=1114695.605356, maxRC=169886.435715, +21 cols
    [CG]   [DIAG] iter=6 posCols=21 newCols=21 effImprove=21 updated=0
    [CG] CG iter 7: obj=1197541.695199, maxRC=146654.246134, +21 cols
    [CG]   [DIAG] iter=7 posCols=21 newCols=21 effImprove=21 updated=0
    [CG] CG iter 8: obj=1220880.569429, maxRC=123408.645561, +21 cols
    [CG]   [DIAG] iter=8 posCols=21 newCols=21 effImprove=21 updated=0
    [CG] CG iter 9: obj=1256763.905130, maxRC=82337.962909, +20 cols
    [CG]   [DIAG] iter=9 posCols=20 newCols=20 effImprove=20 updated=0
    [CG] CG iter 10: obj=1300782.026644, maxRC=41863.226226, +20 cols
    [CG]   [DIAG] iter=10 posCols=20 newCols=19 effImprove=20 updated=1
    [CG] CG iter 11: obj=1319433.281570, maxRC=61358.717972, +21 cols
    [CG]   [DIAG] iter=11 posCols=21 newCols=21 effImprove=21 updated=0
    [CG] CG iter 12: obj=1331240.296375, maxRC=19986.271199, +15 cols
    [CG]   [DIAG] iter=12 posCols=15 newCols=14 effImprove=15 updated=1
    [CG] CG iter 13: obj=1351597.029844, maxRC=11615.317610, +12 cols
    [CG]   [DIAG] iter=13 posCols=12 newCols=12 effImprove=12 updated=0
    [CG] CG iter 14: obj=1358128.094144, maxRC=7071.341940, +7 cols
    [CG]   [DIAG] iter=14 posCols=7 newCols=7 effImprove=7 updated=0
    [CG] CG iter 15: obj=1358128.094144, maxRC=6388.870695, +3 cols
    [CG]   [DIAG] iter=15 posCols=3 newCols=3 effImprove=3 updated=0
    [CG] CG iter 16: obj=1358128.094144, maxRC=2917.194713, +2 cols
    [CG]   [DIAG] iter=16 posCols=2 newCols=2 effImprove=2 updated=0
    [CG] CG iter 17: obj=1358128.094144, maxRC=1274.567037, +1 cols
    [CG]   [DIAG] iter=17 posCols=1 newCols=1 effImprove=1 updated=0
    [CG] 列生成收敛，共 18 轮迭代
    [CG] [CG-NODE] depth=0 exit=CERTIFIED certified=1 feasible=1 iters=18 generatedColsBeforeNode=0 newCols=283 posCandidates=287 duplicateCandidates=4 updatedCols=4 zeroObjImproveIters=5 objFirst=519265.318527 objLast=1358128.094144 objGain=838862.775617 maxRC=448130.982656 wallSec=0.198794 pricingSec=0.189014 cplexSolveSec=0.006217
      [BB] 根节点即为整数解，obj=1358128.094144
