    [CG] 列生成开始，初始列数=310
    [CG] CG iter 1: obj=508405.365909, maxRC=456983.897726, +27 cols
    [CG]   [DIAG] iter=1 posCols=27 newCols=27 effImprove=27 updated=0
    [CG] CG iter 2: obj=923374.829952, maxRC=348911.707535, +26 cols
    [CG]   [DIAG] iter=2 posCols=26 newCols=26 effImprove=26 updated=0
    [CG] CG iter 3: obj=923374.829952, maxRC=304178.263621, +22 cols
    [CG]   [DIAG] iter=3 posCols=22 newCols=22 effImprove=22 updated=0
    [CG] CG iter 4: obj=1007328.741154, maxRC=204416.243023, +21 cols
    [CG]   [DIAG] iter=4 posCols=21 newCols=21 effImprove=21 updated=0
    [CG] CG iter 5: obj=1037640.430603, maxRC=146206.759750, +21 cols
    [CG]   [DIAG] iter=5 posCols=21 newCols=21 effImprove=21 updated=0
    [CG] CG iter 6: obj=1116334.487395, maxRC=163096.596521, +23 cols
    [CG]   [DIAG] iter=6 posCols=23 newCols=23 effImprove=23 updated=0
    [CG] CG iter 7: obj=1203795.721797, maxRC=144207.720686, +21 cols
    [CG]   [DIAG] iter=7 posCols=21 newCols=21 effImprove=21 updated=0
    [CG] CG iter 8: obj=1232512.015275, maxRC=103877.372809, +21 cols
    [CG]   [DIAG] iter=8 posCols=21 newCols=21 effImprove=21 updated=0
    [CG] CG iter 9: obj=1261587.671733, maxRC=66329.291682, +20 cols
    [CG]   [DIAG] iter=9 posCols=20 newCols=20 effImprove=20 updated=0
    [CG] CG iter 10: obj=1291241.339990, maxRC=41797.614739, +21 cols
    [CG]   [DIAG] iter=10 posCols=21 newCols=21 effImprove=21 updated=0
    [CG] CG iter 11: obj=1303652.922994, maxRC=34494.587606, +19 cols
    [CG]   [DIAG] iter=11 posCols=19 newCols=19 effImprove=19 updated=0
    [CG] CG iter 12: obj=1347229.646028, maxRC=15984.298989, +15 cols
    [CG]   [DIAG] iter=12 posCols=15 newCols=15 effImprove=15 updated=0
    [CG] CG iter 13: obj=1353257.023773, maxRC=12896.194567, +14 cols
    [CG]   [DIAG] iter=13 posCols=14 newCols=13 effImprove=14 updated=1
    [CG] CG iter 14: obj=1367512.420054, maxRC=3787.907209, +4 cols
    [CG]   [DIAG] iter=14 posCols=4 newCols=4 effImprove=4 updated=0
    [CG] CG iter 15: obj=1368222.082455, maxRC=3627.433903, +4 cols
    [CG]   [DIAG] iter=15 posCols=4 newCols=3 effImprove=4 updated=1
    [CG] 列生成收敛，共 16 轮迭代
    [CG] [CG-NODE] depth=0 exit=CERTIFIED certified=1 feasible=1 iters=16 generatedColsBeforeNode=0 newCols=277 posCandidates=279 duplicateCandidates=2 updatedCols=2 zeroObjImproveIters=2 objFirst=508405.365909 objLast=1368222.082455 objGain=859816.716546 maxRC=456983.897726 wallSec=0.181556 pricingSec=0.171422 cplexSolveSec=0.006438
      [BB] 根节点即为整数解，obj=1368222.082455
