    [CG] 列生成开始，初始列数=310
    [CG] CG iter 1: obj=481048.005599, maxRC=495177.714204, +28 cols
    [CG]   [DIAG] iter=1 posCols=28 newCols=28 effImprove=28 updated=0
    [CG] CG iter 2: obj=900876.129246, maxRC=316535.717554, +27 cols
    [CG]   [DIAG] iter=2 posCols=27 newCols=27 effImprove=27 updated=0
    [CG] CG iter 3: obj=904020.019794, maxRC=309778.641853, +23 cols
    [CG]   [DIAG] iter=3 posCols=23 newCols=22 effImprove=23 updated=1
    [CG] CG iter 4: obj=1003361.409464, maxRC=149899.187649, +18 cols
    [CG]   [DIAG] iter=4 posCols=18 newCols=18 effImprove=18 updated=0
    [CG] CG iter 5: obj=1127351.828988, maxRC=179045.725146, +18 cols
    [CG]   [DIAG] iter=5 posCols=18 newCols=18 effImprove=18 updated=0
    [CG] CG iter 6: obj=1188554.583139, maxRC=132811.664929, +19 cols
    [CG]   [DIAG] iter=6 posCols=19 newCols=19 effImprove=19 updated=0
    [CG] CG iter 7: obj=1229343.438773, maxRC=119405.144271, +17 cols
    [CG]   [DIAG] iter=7 posCols=17 newCols=17 effImprove=17 updated=0
    [CG] CG iter 8: obj=1291812.115858, maxRC=103180.823290, +20 cols
    [CG]   [DIAG] iter=8 posCols=20 newCols=20 effImprove=20 updated=0
    [CG] CG iter 9: obj=1304644.829923, maxRC=44928.709496, +14 cols
    [CG]   [DIAG] iter=9 posCols=14 newCols=14 effImprove=14 updated=0
    [CG] CG iter 10: obj=1313644.940904, maxRC=28567.538318, +14 cols
    [CG]   [DIAG] iter=10 posCols=14 newCols=14 effImprove=14 updated=0
    [CG] CG iter 11: obj=1313644.940904, maxRC=20707.478129, +8 cols
    [CG]   [DIAG] iter=11 posCols=8 newCols=8 effImprove=8 updated=0
    [CG] CG iter 12: obj=1317673.598032, maxRC=21261.295768, +10 cols
    [CG]   [DIAG] iter=12 posCols=10 newCols=10 effImprove=10 updated=0
    [CG] CG iter 13: obj=1319649.653806, maxRC=10715.508298, +7 cols
    [CG]   [DIAG] iter=13 posCols=7 newCols=7 effImprove=7 updated=0
    [CG] CG iter 14: obj=1321230.952571, maxRC=8087.057549, +2 cols
    [CG]   [DIAG] iter=14 posCols=2 newCols=2 effImprove=2 updated=0
    [CG] CG iter 15: obj=1321230.952571, maxRC=5485.472571, +1 cols
    [CG]   [DIAG] iter=15 posCols=1 newCols=1 effImprove=1 updated=0
    [CG] CG iter 16: obj=1321230.952571, maxRC=2741.249167, +1 cols
    [CG]   [DIAG] iter=16 posCols=1 newCols=1 effImprove=1 updated=0
    [CG] CG iter 17: obj=1321230.952571, maxRC=2796.458173, +1 cols
    [CG]   [DIAG] iter=17 posCols=1 newCols=1 effImprove=1 updated=0
    [CG] CG iter 18: obj=1321230.952571, maxRC=2353.693036, +1 cols
    [CG]   [DIAG] iter=18 posCols=1 newCols=1 effImprove=1 updated=0
    [CG] 列生成收敛，共 19 轮迭代
    [CG] [CG-NODE] depth=0 exit=CERTIFIED certified=1 feasible=1 iters=19 generatedColsBeforeNode=0 newCols=228 posCandidates=229 duplicateCandidates=1 updatedCols=1 zeroObjImproveIters=6 objFirst=481048.005599 objLast=1321230.952571 objGain=840182.946972 maxRC=495177.714204 wallSec=0.225675 pricingSec=0.215924 cplexSolveSec=0.005965
      [BB] 根节点即为整数解，obj=1321230.952571
