    [CG] 列生成开始，初始列数=310
    [CG] CG iter 1: obj=567511.066866, maxRC=454013.078714, +28 cols
    [CG]   [DIAG] iter=1 posCols=28 newCols=28 effImprove=28 updated=0
    [CG] CG iter 2: obj=952429.757872, maxRC=277698.632203, +23 cols
    [CG]   [DIAG] iter=2 posCols=23 newCols=23 effImprove=23 updated=0
    [CG] CG iter 3: obj=985726.943838, maxRC=209314.136724, +21 cols
    [CG]   [DIAG] iter=3 posCols=21 newCols=21 effImprove=21 updated=0
    [CG] CG iter 4: obj=1131701.555992, maxRC=169006.701359, +21 cols
    [CG]   [DIAG] iter=4 posCols=21 newCols=21 effImprove=21 updated=0
    [CG] CG iter 5: obj=1163709.945244, maxRC=133488.077299, +21 cols
    [CG]   [DIAG] iter=5 posCols=21 newCols=21 effImprove=21 updated=0
    [CG] CG iter 6: obj=1224846.468444, maxRC=92189.985168, +21 cols
    [CG]   [DIAG] iter=6 posCols=21 newCols=21 effImprove=21 updated=0
    [CG] CG iter 7: obj=1267567.900672, maxRC=72377.739567, +21 cols
    [CG]   [DIAG] iter=7 posCols=21 newCols=21 effImprove=21 updated=0
    [CG] CG iter 8: obj=1287107.686862, maxRC=56590.501913, +19 cols
    [CG]   [DIAG] iter=8 posCols=19 newCols=19 effImprove=19 updated=0
    [CG] CG iter 9: obj=1324814.769205, maxRC=52548.508222, +21 cols
    [CG]   [DIAG] iter=9 posCols=21 newCols=21 effImprove=21 updated=0
    [CG] CG iter 10: obj=1353348.181817, maxRC=35766.333188, +21 cols
    [CG]   [DIAG] iter=10 posCols=21 newCols=21 effImprove=21 updated=0
    [CG] CG iter 11: obj=1364841.125114, maxRC=18829.970771, +17 cols
    [CG]   [DIAG] iter=11 posCols=17 newCols=17 effImprove=17 updated=0
    [CG] CG iter 12: obj=1369413.936730, maxRC=13371.463670, +13 cols
    [CG]   [DIAG] iter=12 posCols=13 newCols=13 effImprove=13 updated=0
    [CG] CG iter 13: obj=1393490.114022, maxRC=4847.337401, +3 cols
    [CG]   [DIAG] iter=13 posCols=3 newCols=2 effImprove=3 updated=1
    [CG] CG iter 14: obj=1393490.114022, maxRC=2682.611496, +1 cols
    [CG]   [DIAG] iter=14 posCols=1 newCols=1 effImprove=1 updated=0
    [CG] CG iter 15: obj=1393490.114022, maxRC=622.992423, +1 cols
    [CG]   [DIAG] iter=15 posCols=1 newCols=0 effImprove=1 updated=1
    [CG] 列生成收敛，共 16 轮迭代
    [CG] [CG-NODE] depth=0 exit=CERTIFIED certified=1 feasible=1 iters=16 generatedColsBeforeNode=0 newCols=250 posCandidates=252 duplicateCandidates=2 updatedCols=2 zeroObjImproveIters=3 objFirst=567511.066866 objLast=1393490.114022 objGain=825979.047156 maxRC=454013.078714 wallSec=0.174682 pricingSec=0.165482 cplexSolveSec=0.005924
      [BB] 根节点即为整数解，obj=1393490.114022
