    [CG] 列生成开始，初始列数=310
    [CG] CG iter 1: obj=386626.988222, maxRC=454708.156903, +27 cols
    [CG]   [DIAG] iter=1 posCols=27 newCols=27 effImprove=27 updated=0
    [CG] CG iter 2: obj=769401.457080, maxRC=322390.216602, +23 cols
    [CG]   [DIAG] iter=2 posCols=23 newCols=23 effImprove=23 updated=0
    [CG] CG iter 3: obj=794062.019831, maxRC=277095.201961, +18 cols
    [CG]   [DIAG] iter=3 posCols=18 newCols=18 effImprove=18 updated=0
    [CG] CG iter 4: obj=905162.742263, maxRC=164701.032523, +18 cols
    [CG]   [DIAG] iter=4 posCols=18 newCols=18 effImprove=18 updated=0
    [CG] CG iter 5: obj=1051231.870600, maxRC=131058.517434, +18 cols
    [CG]   [DIAG] iter=5 posCols=18 newCols=18 effImprove=18 updated=0
    [CG] CG iter 6: obj=1051231.870600, maxRC=151296.004178, +18 cols
    [CG]   [DIAG] iter=6 posCols=18 newCols=18 effImprove=18 updated=0
    [CG] CG iter 7: obj=1080925.723474, maxRC=74027.834703, +17 cols
    [CG]   [DIAG] iter=7 posCols=17 newCols=17 effImprove=17 updated=0
    [CG] CG iter 8: obj=1091682.408535, maxRC=46916.926015, +18 cols
    [CG]   [DIAG] iter=8 posCols=18 newCols=18 effImprove=18 updated=0
    [CG] CG iter 9: obj=1118272.740700, maxRC=41365.915996, +18 cols
    [CG]   [DIAG] iter=9 posCols=18 newCols=18 effImprove=18 updated=0
    [CG] CG iter 10: obj=1139924.029636, maxRC=21074.673904, +15 cols
    [CG]   [DIAG] iter=10 posCols=15 newCols=15 effImprove=15 updated=0
    [CG] CG iter 11: obj=1148922.720698, maxRC=21355.721497, +11 cols
    [CG]   [DIAG] iter=11 posCols=11 newCols=11 effImprove=11 updated=0
    [CG] CG iter 12: obj=1156733.232441, maxRC=11728.458521, +8 cols
    [CG]   [DIAG] iter=12 posCols=8 newCols=8 effImprove=8 updated=0
    [CG] CG iter 13: obj=1168461.690962, maxRC=7737.540871, +3 cols
    [CG]   [DIAG] iter=13 posCols=3 newCols=3 effImprove=3 updated=0
    [CG] 列生成收敛，共 14 轮迭代
    [CG] [CG-NODE] depth=0 exit=CERTIFIED certified=1 feasible=1 iters=14 generatedColsBeforeNode=0 newCols=212 posCandidates=212 duplicateCandidates=0 updatedCols=0 zeroObjImproveIters=2 objFirst=386626.988222 objLast=1168461.690962 objGain=781834.702740 maxRC=454708.156903 wallSec=0.315360 pricingSec=0.305483 cplexSolveSec=0.005714
      [BB] 根节点即为整数解，obj=1168461.690962
