    [CG] 列生成开始，初始列数=310
    [CG] CG iter 1: obj=809937.160012, maxRC=1065857.282726, +30 cols
    [CG]   [DIAG] iter=1 posCols=30 newCols=30 effImprove=30 updated=0
    [CG] CG iter 2: obj=1402514.449375, maxRC=317357.159455, +25 cols
    [CG]   [DIAG] iter=2 posCols=25 newCols=25 effImprove=25 updated=0
    [CG] CG iter 3: obj=1515238.222685, maxRC=324038.135789, +27 cols
    [CG]   [DIAG] iter=3 posCols=27 newCols=27 effImprove=27 updated=0
    [CG] CG iter 4: obj=1596948.277422, maxRC=165484.219860, +21 cols
    [CG]   [DIAG] iter=4 posCols=21 newCols=21 effImprove=21 updated=0
    [CG] CG iter 5: obj=1707863.829432, maxRC=195328.725352, +21 cols
    [CG]   [DIAG] iter=5 posCols=21 newCols=20 effImprove=21 updated=1
    [CG] CG iter 6: obj=1751554.979988, maxRC=121250.997118, +19 cols
    [CG]   [DIAG] iter=6 posCols=19 newCols=19 effImprove=19 updated=0
    [CG] CG iter 7: obj=1774961.724954, maxRC=166840.394781, +15 cols
    [CG]   [DIAG] iter=7 posCols=15 newCols=15 effImprove=15 updated=0
    [CG] CG iter 8: obj=1809455.638250, maxRC=57103.030679, +13 cols
    [CG]   [DIAG] iter=8 posCols=13 newCols=13 effImprove=13 updated=0
    [CG] CG iter 9: obj=1830392.773619, maxRC=130776.991672, +17 cols
    [CG]   [DIAG] iter=9 posCols=17 newCols=17 effImprove=17 updated=0
    [CG] CG iter 10: obj=1837112.769708, maxRC=65908.276741, +14 cols
    [CG]   [DIAG] iter=10 posCols=14 newCols=14 effImprove=14 updated=0
    [CG] CG iter 11: obj=1851150.060974, maxRC=25690.860626, +9 cols
    [CG]   [DIAG] iter=11 posCols=9 newCols=9 effImprove=9 updated=0
    [CG] CG iter 12: obj=1859899.418359, maxRC=11266.495004, +7 cols
    [CG]   [DIAG] iter=12 posCols=7 newCols=7 effImprove=7 updated=0
    [CG] CG iter 13: obj=1866961.469015, maxRC=6131.362904, +8 cols
    [CG]   [DIAG] iter=13 posCols=8 newCols=8 effImprove=8 updated=0
    [CG] CG iter 14: obj=1866961.469015, maxRC=5388.066321, +5 cols
    [CG]   [DIAG] iter=14 posCols=5 newCols=4 effImprove=5 updated=1
    [CG] CG iter 15: obj=1872349.535335, maxRC=1552.440844, +1 cols
    [CG]   [DIAG] iter=15 posCols=1 newCols=1 effImprove=1 updated=0
    [CG] 列生成收敛，共 16 轮迭代
    [CG] [CG-NODE] depth=0 exit=CERTIFIED certified=1 feasible=1 iters=16 generatedColsBeforeNode=0 newCols=230 posCandidates=232 duplicateCandidates=2 updatedCols=2 zeroObjImproveIters=2 objFirst=809937.160012 objLast=1872349.535335 objGain=1062412.375324 maxRC=1065857.282726 wallSec=0.127994 pricingSec=0.116610 cplexSolveSec=0.006941
      [BB] 根节点即为整数解，obj=1872349.535335
