    [CG] 列生成开始，初始列数=310
    [CG] CG iter 1: obj=699161.016468, maxRC=1005865.600940, +30 cols
    [CG]   [DIAG] iter=1 posCols=30 newCols=30 effImprove=30 updated=0
    [CG] CG iter 2: obj=1366916.435640, maxRC=245449.425035, +21 cols
    [CG]   [DIAG] iter=2 posCols=21 newCols=21 effImprove=21 updated=0
    [CG] CG iter 3: obj=1529749.273593, maxRC=364302.298405, +22 cols
    [CG]   [DIAG] iter=3 posCols=22 newCols=22 effImprove=22 updated=0
    [CG] CG iter 4: obj=1647354.386608, maxRC=243521.066148, +24 cols
    [CG]   [DIAG] iter=4 posCols=24 newCols=24 effImprove=24 updated=0
    [CG] CG iter 5: obj=1682834.097842, maxRC=136949.346143, +19 cols
    [CG]   [DIAG] iter=5 posCols=19 newCols=19 effImprove=19 updated=0
    [CG] CG iter 6: obj=1730158.872512, maxRC=132748.666620, +15 cols
    [CG]   [DIAG] iter=6 posCols=15 newCols=15 effImprove=15 updated=0
    [CG] CG iter 7: obj=1773464.218432, maxRC=108888.407736, +14 cols
    [CG]   [DIAG] iter=7 posCols=14 newCols=14 effImprove=14 updated=0
    [CG] CG iter 8: obj=1777795.334967, maxRC=80919.963905, +13 cols
    [CG]   [DIAG] iter=8 posCols=13 newCols=13 effImprove=13 updated=0
    [CG] CG iter 9: obj=1791824.488083, maxRC=22397.267780, +9 cols
    [CG]   [DIAG] iter=9 posCols=9 newCols=8 effImprove=9 updated=1
    [CG] CG iter 10: obj=1806217.525426, maxRC=22699.135872, +7 cols
    [CG]   [DIAG] iter=10 posCols=7 newCols=6 effImprove=7 updated=1
    [CG] CG iter 11: obj=1806217.525426, maxRC=8287.041201, +4 cols
    [CG]   [DIAG] iter=11 posCols=4 newCols=3 effImprove=4 updated=1
    [CG] CG iter 12: obj=1814644.697570, maxRC=4710.264469, +2 cols
    [CG]   [DIAG] iter=12 posCols=2 newCols=2 effImprove=2 updated=0
    [CG] CG iter 13: obj=1816188.170572, maxRC=2336.469502, +2 cols
    [CG]   [DIAG] iter=13 posCols=2 newCols=2 effImprove=2 updated=0
    [CG] 列生成收敛，共 14 轮迭代
    [CG] [CG-NODE] depth=0 exit=CERTIFIED certified=1 feasible=1 iters=14 generatedColsBeforeNode=0 newCols=179 posCandidates=182 duplicateCandidates=3 updatedCols=3 zeroObjImproveIters=1 objFirst=699161.016468 objLast=1818524.640075 objGain=1119363.623607 maxRC=1005865.600940 wallSec=0.132638 pricingSec=0.123587 cplexSolveSec=0.005347
      [BB] 根节点即为整数解，obj=1818524.640075
