    [CG] 列生成开始，初始列数=310
    [CG] CG iter 1: obj=434947.831299, maxRC=1075736.038698, +21 cols
    [CG]   [DIAG] iter=1 posCols=21 newCols=21 effImprove=21 updated=0
    [CG] CG iter 2: obj=1238301.603859, maxRC=426529.172708, +14 cols
    [CG]   [DIAG] iter=2 posCols=14 newCols=14 effImprove=14 updated=0
    [CG] CG iter 3: obj=1278457.852905, maxRC=333700.545868, +15 cols
    [CG]   [DIAG] iter=3 posCols=15 newCols=15 effImprove=15 updated=0
    [CG] CG iter 4: obj=1303226.621281, maxRC=340822.281387, +15 cols
    [CG]   [DIAG] iter=4 posCols=15 newCols=15 effImprove=15 updated=0
    [CG] CG iter 5: obj=1370932.169236, maxRC=309887.507408, +14 cols
    [CG]   [DIAG] iter=5 posCols=14 newCols=14 effImprove=14 updated=0
    [CG] CG iter 6: obj=1409195.393996, maxRC=185278.710843, +14 cols
    [CG]   [DIAG] iter=6 posCols=14 newCols=14 effImprove=14 updated=0
    [CG] CG iter 7: obj=1447398.220334, maxRC=112603.796163, +13 cols
    [CG]   [DIAG] iter=7 posCols=13 newCols=12 effImprove=13 updated=1
    [CG] CG iter 8: obj=1471119.705887, maxRC=145007.174585, +12 cols
    [CG]   [DIAG] iter=8 posCols=12 newCols=12 effImprove=12 updated=0
    [CG] CG iter 9: obj=1502606.275994, maxRC=52585.192058, +12 cols
    [CG]   [DIAG] iter=9 posCols=12 newCols=12 effImprove=12 updated=0
    [CG] CG iter 10: obj=1505658.755297, maxRC=23546.191435, +8 cols
    [CG]   [DIAG] iter=10 posCols=8 newCols=7 effImprove=8 updated=1
    [CG] CG iter 11: obj=1540671.029656, maxRC=4171.521424, +8 cols
    [CG]   [DIAG] iter=11 posCols=8 newCols=8 effImprove=8 updated=0
    [CG] CG iter 12: obj=1541965.650507, maxRC=1196.666288, +2 cols
    [CG]   [DIAG] iter=12 posCols=2 newCols=2 effImprove=2 updated=0
    [CG] 列生成收敛，共 13 轮迭代
    [CG] [CG-NODE] depth=0 exit=CERTIFIED certified=1 feasible=1 iters=13 generatedColsBeforeNode=0 newCols=146 posCandidates=148 duplicateCandidates=2 updatedCols=2 zeroObjImproveIters=1 objFirst=434947.831299 objLast=1541965.650507 objGain=1107017.819208 maxRC=1075736.038698 wallSec=0.268314 pricingSec=0.259568 cplexSolveSec=0.004774
      [BB] 根节点即为整数解，obj=1541965.650507
