    [CG] 列生成开始，初始列数=310
    [CG] CG iter 1: obj=771835.748131, maxRC=1024261.791814, +30 cols
    [CG]   [DIAG] iter=1 posCols=30 newCols=30 effImprove=30 updated=0
    [CG] CG iter 2: obj=1382941.503125, maxRC=233195.879188, +25 cols
    [CG]   [DIAG] iter=2 posCols=25 newCols=25 effImprove=25 updated=0
    [CG] CG iter 3: obj=1589853.825255, maxRC=392993.520293, +23 cols
    [CG]   [DIAG] iter=3 posCols=23 newCols=23 effImprove=23 updated=0
    [CG] CG iter 4: obj=1690998.445873, maxRC=290657.363247, +27 cols
    [CG]   [DIAG] iter=4 posCols=27 newCols=27 effImprove=27 updated=0
    [CG] CG iter 5: obj=1705358.235907, maxRC=113222.776505, +21 cols
    [CG]   [DIAG] iter=5 posCols=21 newCols=21 effImprove=21 updated=0
    [CG] CG iter 6: obj=1747214.050741, maxRC=139733.663412, +23 cols
    [CG]   [DIAG] iter=6 posCols=23 newCols=23 effImprove=23 updated=0
    [CG] CG iter 7: obj=1795946.188280, maxRC=89145.113625, +17 cols
    [CG]   [DIAG] iter=7 posCols=17 newCols=17 effImprove=17 updated=0
    [CG] CG iter 8: obj=1817548.320520, maxRC=63600.272863, +16 cols
    [CG]   [DIAG] iter=8 posCols=16 newCols=15 effImprove=16 updated=1
    [CG] CG iter 9: obj=1840637.958458, maxRC=28822.473173, +9 cols
    [CG]   [DIAG] iter=9 posCols=9 newCols=9 effImprove=9 updated=0
    [CG] CG iter 10: obj=1867920.520515, maxRC=6727.761302, +7 cols
    [CG]   [DIAG] iter=10 posCols=7 newCols=7 effImprove=7 updated=0
    [CG] CG iter 11: obj=1867920.520515, maxRC=7104.448942, +6 cols
    [CG]   [DIAG] iter=11 posCols=6 newCols=6 effImprove=6 updated=0
    [CG] 列生成收敛，共 12 轮迭代
    [CG] [CG-NODE] depth=0 exit=CERTIFIED certified=1 feasible=1 iters=12 generatedColsBeforeNode=0 newCols=203 posCandidates=204 duplicateCandidates=1 updatedCols=1 zeroObjImproveIters=1 objFirst=771835.748131 objLast=1872496.728624 objGain=1100660.980493 maxRC=1024261.791814 wallSec=0.098248 pricingSec=0.088883 cplexSolveSec=0.005426
      [BB] 根节点即为整数解，obj=1872496.728624
