    [CG] 列生成开始，初始列数=310
    [CG] CG iter 1: obj=521377.509358, maxRC=1029189.694706, +21 cols
    [CG]   [DIAG] iter=1 posCols=21 newCols=21 effImprove=21 updated=0
    [CG] CG iter 2: obj=1269331.245853, maxRC=384510.371684, +18 cols
    [CG]   [DIAG] iter=2 posCols=18 newCols=18 effImprove=18 updated=0
    [CG] CG iter 3: obj=1312788.379128, maxRC=424094.753489, +18 cols
    [CG]   [DIAG] iter=3 posCols=18 newCols=18 effImprove=18 updated=0
    [CG] CG iter 4: obj=1322144.160478, maxRC=386610.391336, +17 cols
    [CG]   [DIAG] iter=4 posCols=17 newCols=17 effImprove=17 updated=0
    [CG] CG iter 5: obj=1361845.877111, maxRC=329659.468767, +16 cols
    [CG]   [DIAG] iter=5 posCols=16 newCols=16 effImprove=16 updated=0
    [CG] CG iter 6: obj=1467795.101002, maxRC=182283.859649, +15 cols
    [CG]   [DIAG] iter=6 posCols=15 newCols=15 effImprove=15 updated=0
    [CG] CG iter 7: obj=1483560.940415, maxRC=137093.303551, +15 cols
    [CG]   [DIAG] iter=7 posCols=15 newCols=15 effImprove=15 updated=0
    [CG] CG iter 8: obj=1528264.242397, maxRC=142016.189260, +15 cols
    [CG]   [DIAG] iter=8 posCols=15 newCols=15 effImprove=15 updated=0
    [CG] CG iter 9: obj=1563018.749851, maxRC=92133.684088, +15 cols
    [CG]   [DIAG] iter=9 posCols=15 newCols=15 effImprove=15 updated=0
    [CG] CG iter 10: obj=1595819.833315, maxRC=86032.928210, +15 cols
    [CG]   [DIAG] iter=10 posCols=15 newCols=15 effImprove=15 updated=0
    [CG] CG iter 11: obj=1608411.707429, maxRC=71341.442144, +17 cols
    [CG]   [DIAG] iter=11 posCols=17 newCols=17 effImprove=17 updated=0
    [CG] CG iter 12: obj=1618067.714613, maxRC=31494.038691, +10 cols
    [CG]   [DIAG] iter=12 posCols=10 newCols=10 effImprove=10 updated=0
    [CG] CG iter 13: obj=1618067.714613, maxRC=21086.092239, +8 cols
    [CG]   [DIAG] iter=13 posCols=8 newCols=8 effImprove=8 updated=0
    [CG] CG iter 14: obj=1639153.806852, maxRC=11821.880062, +5 cols
    [CG]   [DIAG] iter=14 posCols=5 newCols=5 effImprove=5 updated=0
    [CG] CG iter 15: obj=1639153.806852, maxRC=9916.142382, +5 cols
    [CG]   [DIAG] iter=15 posCols=5 newCols=4 effImprove=5 updated=1
    [CG] CG iter 16: obj=1639153.806852, maxRC=4230.473625, +3 cols
    [CG]   [DIAG] iter=16 posCols=3 newCols=3 effImprove=3 updated=0
    [CG] CG iter 17: obj=1639153.806852, maxRC=828.331690, +1 cols
    [CG]   [DIAG] iter=17 posCols=1 newCols=1 effImprove=1 updated=0
    [CG] CG iter 18: obj=1639153.806852, maxRC=534.706151, +1 cols
    [CG]   [DIAG] iter=18 posCols=1 newCols=1 effImprove=1 updated=0
    [CG] 列生成收敛，共 19 轮迭代
    [CG] [CG-NODE] depth=0 exit=CERTIFIED certified=1 feasible=1 iters=19 generatedColsBeforeNode=0 newCols=214 posCandidates=215 duplicateCandidates=1 updatedCols=1 zeroObjImproveIters=6 objFirst=521377.509358 objLast=1639153.806852 objGain=1117776.297494 maxRC=1029189.694706 wallSec=0.287438 pricingSec=0.275781 cplexSolveSec=0.007171
      [BB] 根节点即为整数解，obj=1639153.806852
