    [CG] 列生成开始，初始列数=310
    [CG] CG iter 1: obj=439570.222024, maxRC=968335.916090, +24 cols
    [CG]   [DIAG] iter=1 posCols=24 newCols=24 effImprove=24 updated=0
    [CG] CG iter 2: obj=1147447.931859, maxRC=302160.783747, +21 cols
    [CG]   [DIAG] iter=2 posCols=21 newCols=21 effImprove=21 updated=0
    [CG] CG iter 3: obj=1248482.302277, maxRC=375049.600036, +18 cols
    [CG]   [DIAG] iter=3 posCols=18 newCols=18 effImprove=18 updated=0
    [CG] CG iter 4: obj=1248482.302277, maxRC=399765.693703, +21 cols
    [CG]   [DIAG] iter=4 posCols=21 newCols=21 effImprove=21 updated=0
    [CG] CG iter 5: obj=1278429.182164, maxRC=167257.351750, +20 cols
    [CG]   [DIAG] iter=5 posCols=20 newCols=20 effImprove=20 updated=0
    [CG] CG iter 6: obj=1323712.053444, maxRC=203621.154785, +19 cols
    [CG]   [DIAG] iter=6 posCols=19 newCols=19 effImprove=19 updated=0
    [CG] CG iter 7: obj=1355309.245820, maxRC=178985.899713, +17 cols
    [CG]   [DIAG] iter=7 posCols=17 newCols=17 effImprove=17 updated=0
    [CG] CG iter 8: obj=1385152.638411, maxRC=153062.858913, +14 cols
    [CG]   [DIAG] iter=8 posCols=14 newCols=14 effImprove=14 updated=0
    [CG] CG iter 9: obj=1409903.571813, maxRC=140253.666005, +16 cols
    [CG]   [DIAG] iter=9 posCols=16 newCols=16 effImprove=16 updated=0
    [CG] CG iter 10: obj=1433156.699562, maxRC=75265.230359, +12 cols
    [CG]   [DIAG] iter=10 posCols=12 newCols=12 effImprove=12 updated=0
    [CG] CG iter 11: obj=1440380.437428, maxRC=48041.717422, +12 cols
    [CG]   [DIAG] iter=11 posCols=12 newCols=12 effImprove=12 updated=0
    [CG] CG iter 12: obj=1447933.030329, maxRC=60614.737965, +13 cols
    [CG]   [DIAG] iter=12 posCols=13 newCols=13 effImprove=13 updated=0
    [CG] CG iter 13: obj=1462265.566264, maxRC=45568.150010, +14 cols
    [CG]   [DIAG] iter=13 posCols=14 newCols=14 effImprove=14 updated=0
    [CG] CG iter 14: obj=1471279.626583, maxRC=23431.230896, +10 cols
    [CG]   [DIAG] iter=14 posCols=10 newCols=10 effImprove=10 updated=0
    [CG] CG iter 15: obj=1479892.408534, maxRC=8402.334915, +7 cols
    [CG]   [DIAG] iter=15 posCols=7 newCols=7 effImprove=7 updated=0
    [CG] CG iter 16: obj=1481504.430458, maxRC=12222.110818, +8 cols
    [CG]   [DIAG] iter=16 posCols=8 newCols=8 effImprove=8 updated=0
    [CG] CG iter 17: obj=1481504.430458, maxRC=4165.935074, +4 cols
    [CG]   [DIAG] iter=17 posCols=4 newCols=3 effImprove=4 updated=1
    [CG] CG iter 18: obj=1485670.365532, maxRC=3217.819900, +4 cols
    [CG]   [DIAG] iter=18 posCols=4 newCols=4 effImprove=4 updated=0
    [CG] 列生成收敛，共 19 轮迭代
    [CG] [CG-NODE] depth=0 exit=CERTIFIED certified=1 feasible=1 iters=19 generatedColsBeforeNode=0 newCols=253 posCandidates=254 duplicateCandidates=1 updatedCols=1 zeroObjImproveIters=3 objFirst=439570.222024 objLast=1485670.365532 objGain=1046100.143509 maxRC=968335.916090 wallSec=0.398760 pricingSec=0.370144 cplexSolveSec=0.007026
      [BB] 根节点即为整数解，obj=1485670.365532
