    [CG] 列生成开始，初始列数=310
    [CG] CG iter 1: obj=761990.009181, maxRC=1051163.664451, +30 cols
    [CG]   [DIAG] iter=1 posCols=30 newCols=30 effImprove=30 updated=0
    [CG] CG iter 2: obj=1401046.089092, maxRC=272555.104949, +24 cols
    [CG]   [DIAG] iter=2 posCols=24 newCols=24 effImprove=24 updated=0
    [CG] CG iter 3: obj=1606355.570224, maxRC=347807.723919, +24 cols
    [CG]   [DIAG] iter=3 posCols=24 newCols=24 effImprove=24 updated=0
    [CG] CG iter 4: obj=1658658.559624, maxRC=189674.018624, +23 cols
    [CG]   [DIAG] iter=4 posCols=23 newCols=23 effImprove=23 updated=0
    [CG] CG iter 5: obj=1719326.415563, maxRC=166403.290808, +22 cols
    [CG]   [DIAG] iter=5 posCols=22 newCols=22 effImprove=22 updated=0
    [CG] CG iter 6: obj=1741850.553099, maxRC=159118.148147, +23 cols
    [CG]   [DIAG] iter=6 posCols=23 newCols=23 effImprove=23 updated=0
    [CG] CG iter 7: obj=1790488.215163, maxRC=93225.990904, +16 cols
    [CG]   [DIAG] iter=7 posCols=16 newCols=16 effImprove=16 updated=0
    [CG] CG iter 8: obj=1830364.038191, maxRC=98411.702937, +17 cols
    [CG]   [DIAG] iter=8 posCols=17 newCols=17 effImprove=17 updated=0
    [CG] CG iter 9: obj=1842804.367659, maxRC=64466.149378, +12 cols
    [CG]   [DIAG] iter=9 posCols=12 newCols=11 effImprove=12 updated=1
    [CG] CG iter 10: obj=1842804.367659, maxRC=53727.557029, +7 cols
    [CG]   [DIAG] iter=10 posCols=7 newCols=7 effImprove=7 updated=0
    [CG] CG iter 11: obj=1843301.808755, maxRC=21060.602715, +3 cols
    [CG]   [DIAG] iter=11 posCols=3 newCols=3 effImprove=3 updated=0
    [CG] CG iter 12: obj=1860202.751724, maxRC=2032.663665, +2 cols
    [CG]   [DIAG] iter=12 posCols=2 newCols=2 effImprove=2 updated=0
    [CG] 列生成收敛，共 13 轮迭代
    [CG] [CG-NODE] depth=0 exit=CERTIFIED certified=1 feasible=1 iters=13 generatedColsBeforeNode=0 newCols=202 posCandidates=203 duplicateCandidates=1 updatedCols=1 zeroObjImproveIters=1 objFirst=761990.009181 objLast=1862235.415389 objGain=1100245.406208 maxRC=1051163.664451 wallSec=0.111895 pricingSec=0.102736 cplexSolveSec=0.005313
      [BB] 根节点即为整数解，obj=1862235.415389
