    [CG] 列生成开始，初始列数=310
    [CG] CG iter 1: obj=506844.877311, maxRC=1063549.728290, +24 cols
    [CG]   [DIAG] iter=1 posCols=24 newCols=24 effImprove=24 updated=0
    [CG] CG iter 2: obj=1280215.008179, maxRC=324918.889447, +20 cols
    [CG]   [DIAG] iter=2 posCols=20 newCols=20 effImprove=20 updated=0
    [CG] CG iter 3: obj=1352201.320409, maxRC=345212.067570, +21 cols
    [CG]   [DIAG] iter=3 posCols=21 newCols=21 effImprove=21 updated=0
    [CG] CG iter 4: obj=1381410.514270, maxRC=402556.348438, +21 cols
    [CG]   [DIAG] iter=4 posCols=21 newCols=21 effImprove=21 updated=0
    [CG] CG iter 5: obj=1435029.301745, maxRC=250578.460911, +21 cols
    [CG]   [DIAG] iter=5 posCols=21 newCols=21 effImprove=21 updated=0
    [CG] CG iter 6: obj=1469490.789122, maxRC=203639.111984, +21 cols
    [CG]   [DIAG] iter=6 posCols=21 newCols=21 effImprove=21 updated=0
    [CG] CG iter 7: obj=1506998.473731, maxRC=87033.243989, +16 cols
    [CG]   [DIAG] iter=7 posCols=16 newCols=15 effImprove=16 updated=1
    [CG] CG iter 8: obj=1533689.378672, maxRC=52052.603395, +14 cols
    [CG]   [DIAG] iter=8 posCols=14 newCols=13 effImprove=14 updated=1
    [CG] CG iter 9: obj=1569942.801949, maxRC=21580.249656, +12 cols
    [CG]   [DIAG] iter=9 posCols=12 newCols=12 effImprove=12 updated=0
    [CG] CG iter 10: obj=1579089.731208, maxRC=17857.230043, +10 cols
    [CG]   [DIAG] iter=10 posCols=10 newCols=10 effImprove=10 updated=0
    [CG] CG iter 11: obj=1586825.283795, maxRC=12585.396999, +5 cols
    [CG]   [DIAG] iter=11 posCols=5 newCols=5 effImprove=5 updated=0
    [CG] CG iter 12: obj=1586825.283795, maxRC=6075.968851, +4 cols
    [CG]   [DIAG] iter=12 posCols=4 newCols=4 effImprove=4 updated=0
    [CG] CG iter 13: obj=1587348.733791, maxRC=1185.345249, +2 cols
    [CG]   [DIAG] iter=13 posCols=2 newCols=2 effImprove=2 updated=0
    [CG] CG iter 14: obj=1587348.733791, maxRC=707.141620, +1 cols
    [CG]   [DIAG] iter=14 posCols=1 newCols=1 effImprove=1 updated=0
    [CG] CG iter 15: obj=1588055.875410, maxRC=1658.214861, +1 cols
    [CG]   [DIAG] iter=15 posCols=1 newCols=1 effImprove=1 updated=0
    [CG] CG iter 16: obj=1588055.875410, maxRC=219.894372, +1 cols
    [CG]   [DIAG] iter=16 posCols=1 newCols=1 effImprove=1 updated=0
    [CG] 列生成收敛，共 17 轮迭代
    [CG] [CG-NODE] depth=0 exit=CERTIFIED certified=1 feasible=1 iters=17 generatedColsBeforeNode=0 newCols=192 posCandidates=194 duplicateCandidates=2 updatedCols=2 zeroObjImproveIters=4 objFirst=506844.877311 objLast=1588055.875410 objGain=1081210.998099 maxRC=1063549.728290 wallSec=0.262543 pricingSec=0.235381 cplexSolveSec=0.006368
      [BB] 根节点即为整数解，obj=1588055.875410
