    [CG] 列生成开始，初始列数=310
    [CG] CG iter 1: obj=713258.965899, maxRC=685080.987878, +21 cols
    [CG]   [DIAG] iter=1 posCols=21 newCols=21 effImprove=21 updated=0
    [CG] CG iter 2: obj=1382180.506383, maxRC=282640.933156, +21 cols
    [CG]   [DIAG] iter=2 posCols=21 newCols=21 effImprove=21 updated=0
    [CG] CG iter 3: obj=1559068.679226, maxRC=188460.665440, +21 cols
    [CG]   [DIAG] iter=3 posCols=21 newCols=21 effImprove=21 updated=0
    [CG] CG iter 4: obj=1559068.679226, maxRC=156741.068874, +21 cols
    [CG]   [DIAG] iter=4 posCols=21 newCols=21 effImprove=21 updated=0
    [CG] CG iter 5: obj=1617818.806571, maxRC=204497.352595, +21 cols
    [CG]   [DIAG] iter=5 posCols=21 newCols=21 effImprove=21 updated=0
    [CG] CG iter 6: obj=1683742.821769, maxRC=65915.744795, +21 cols
    [CG]   [DIAG] iter=6 posCols=21 newCols=21 effImprove=21 updated=0
    [CG] CG iter 7: obj=1735252.009224, maxRC=50625.154422, +18 cols
    [CG]   [DIAG] iter=7 posCols=18 newCols=18 effImprove=18 updated=0
    [CG] CG iter 8: obj=1741460.421987, maxRC=47629.887253, +15 cols
    [CG]   [DIAG] iter=8 posCols=15 newCols=13 effImprove=15 updated=2
    [CG] CG iter 9: obj=1749880.878737, maxRC=24707.578976, +10 cols
    [CG]   [DIAG] iter=9 posCols=10 newCols=10 effImprove=10 updated=0
    [CG] CG iter 10: obj=1764138.528451, maxRC=8602.560794, +5 cols
    [CG]   [DIAG] iter=10 posCols=5 newCols=5 effImprove=5 updated=0
    [CG] CG iter 11: obj=1770304.331126, maxRC=7808.611944, +1 cols
    [CG]   [DIAG] iter=11 posCols=1 newCols=1 effImprove=1 updated=0
    [CG] CG iter 12: obj=1778112.943070, maxRC=203.567635, +1 cols
    [CG]   [DIAG] iter=12 posCols=1 newCols=1 effImprove=1 updated=0
    [CG] 列生成收敛，共 13 轮迭代
    [CG] [CG-NODE] depth=0 exit=CERTIFIED certified=1 feasible=1 iters=13 generatedColsBeforeNode=0 newCols=174 posCandidates=176 duplicateCandidates=2 updatedCols=2 zeroObjImproveIters=2 objFirst=713258.965899 objLast=1778112.943070 objGain=1064853.977171 maxRC=685080.987878 wallSec=0.181505 pricingSec=0.148832 cplexSolveSec=0.005369
      [BB] 根节点即为整数解，obj=1778112.943070
