    [CG] 列生成开始，初始列数=310
    [CG] CG iter 1: obj=1207792.034770, maxRC=1399220.259860, +30 cols
    [CG]   [DIAG] iter=1 posCols=30 newCols=30 effImprove=30 updated=0
    [CG] CG iter 2: obj=1935165.941494, maxRC=314465.483332, +30 cols
    [CG]   [DIAG] iter=2 posCols=30 newCols=30 effImprove=30 updated=0
    [CG] CG iter 3: obj=2221017.063301, maxRC=377516.387186, +30 cols
    [CG]   [DIAG] iter=3 posCols=30 newCols=30 effImprove=30 updated=0
    [CG] CG iter 4: obj=2334095.578824, maxRC=250557.677596, +30 cols
    [CG]   [DIAG] iter=4 posCols=30 newCols=30 effImprove=30 updated=0
    [CG] CG iter 5: obj=2362825.808956, maxRC=150872.198929, +29 cols
    [CG]   [DIAG] iter=5 posCols=29 newCols=29 effImprove=29 updated=0
    [CG] CG iter 6: obj=2473032.539164, maxRC=128843.363412, +29 cols
    [CG]   [DIAG] iter=6 posCols=29 newCols=29 effImprove=29 updated=0
    [CG] CG iter 7: obj=2575590.165440, maxRC=113394.580558, +25 cols
    [CG]   [DIAG] iter=7 posCols=25 newCols=25 effImprove=25 updated=0
    [CG] CG iter 8: obj=2617867.985098, maxRC=83458.983702, +23 cols
    [CG]   [DIAG] iter=8 posCols=23 newCols=23 effImprove=23 updated=0
    [CG] CG iter 9: obj=2645333.588181, maxRC=50601.298766, +19 cols
    [CG]   [DIAG] iter=9 posCols=19 newCols=18 effImprove=19 updated=1
    [CG] CG iter 10: obj=2679204.601555, maxRC=35262.394576, +19 cols
    [CG]   [DIAG] iter=10 posCols=19 newCols=19 effImprove=19 updated=0
    [CG] CG iter 11: obj=2687883.300692, maxRC=21131.302677, +13 cols
    [CG]   [DIAG] iter=11 posCols=13 newCols=13 effImprove=13 updated=0
    [CG] CG iter 12: obj=2687883.300692, maxRC=12175.400803, +9 cols
    [CG]   [DIAG] iter=12 posCols=9 newCols=9 effImprove=9 updated=0
    [CG] CG iter 13: obj=2687883.300692, maxRC=12383.335835, +6 cols
    [CG]   [DIAG] iter=13 posCols=6 newCols=6 effImprove=6 updated=0
    [CG] CG iter 14: obj=2700528.586925, maxRC=1886.388792, +2 cols
    [CG]   [DIAG] iter=14 posCols=2 newCols=2 effImprove=2 updated=0
    [CG] 列生成收敛，共 15 轮迭代
    [CG] [CG-NODE] depth=0 exit=CERTIFIED certified=1 feasible=1 iters=15 generatedColsBeforeNode=0 newCols=293 posCandidates=294 duplicateCandidates=1 updatedCols=1 zeroObjImproveIters=2 objFirst=1207792.034770 objLast=2702414.975717 objGain=1494622.940947 maxRC=1399220.259860 wallSec=0.221355 pricingSec=0.210373 cplexSolveSec=0.006954
      [BB] 根节点即为整数解，obj=2702414.975717
