    [CG] 列生成开始，初始列数=310
    [CG] CG iter 1: obj=1209292.711875, maxRC=1416935.811074, +30 cols
    [CG]   [DIAG] iter=1 posCols=30 newCols=30 effImprove=30 updated=0
    [CG] CG iter 2: obj=1942070.276519, maxRC=310950.489404, +30 cols
    [CG]   [DIAG] iter=2 posCols=30 newCols=30 effImprove=30 updated=0
    [CG] CG iter 3: obj=2261191.795392, maxRC=354322.975833, +30 cols
    [CG]   [DIAG] iter=3 posCols=30 newCols=30 effImprove=30 updated=0
    [CG] CG iter 4: obj=2320763.439399, maxRC=260221.636971, +30 cols
    [CG]   [DIAG] iter=4 posCols=30 newCols=30 effImprove=30 updated=0
    [CG] CG iter 5: obj=2400087.078301, maxRC=158253.542550, +30 cols
    [CG]   [DIAG] iter=5 posCols=30 newCols=30 effImprove=30 updated=0
    [CG] CG iter 6: obj=2515130.594000, maxRC=174745.489016, +29 cols
    [CG]   [DIAG] iter=6 posCols=29 newCols=29 effImprove=29 updated=0
    [CG] CG iter 7: obj=2541367.807393, maxRC=102203.627695, +27 cols
    [CG]   [DIAG] iter=7 posCols=27 newCols=27 effImprove=27 updated=0
    [CG] CG iter 8: obj=2596618.317457, maxRC=77536.649229, +29 cols
    [CG]   [DIAG] iter=8 posCols=29 newCols=29 effImprove=29 updated=0
    [CG] CG iter 9: obj=2652224.815586, maxRC=65221.122135, +23 cols
    [CG]   [DIAG] iter=9 posCols=23 newCols=23 effImprove=23 updated=0
    [CG] CG iter 10: obj=2669773.708121, maxRC=26210.731709, +18 cols
    [CG]   [DIAG] iter=10 posCols=18 newCols=18 effImprove=18 updated=0
    [CG] CG iter 11: obj=2688981.747162, maxRC=25118.848111, +16 cols
    [CG]   [DIAG] iter=11 posCols=16 newCols=16 effImprove=16 updated=0
    [CG] CG iter 12: obj=2695877.710502, maxRC=16728.163386, +10 cols
    [CG]   [DIAG] iter=12 posCols=10 newCols=10 effImprove=10 updated=0
    [CG] CG iter 13: obj=2697950.919809, maxRC=21362.795910, +9 cols
    [CG]   [DIAG] iter=13 posCols=9 newCols=9 effImprove=9 updated=0
    [CG] CG iter 14: obj=2697950.919809, maxRC=8044.191135, +4 cols
    [CG]   [DIAG] iter=14 posCols=4 newCols=4 effImprove=4 updated=0
    [CG] CG iter 15: obj=2703399.711438, maxRC=6028.941974, +4 cols
    [CG]   [DIAG] iter=15 posCols=4 newCols=3 effImprove=4 updated=1
    [CG] CG iter 16: obj=2703399.711438, maxRC=348.405567, +1 cols
    [CG]   [DIAG] iter=16 posCols=1 newCols=0 effImprove=1 updated=1
    [CG] CG iter 17: obj=2703399.711438, maxRC=298.029458, +1 cols
    [CG]   [DIAG] iter=17 posCols=1 newCols=1 effImprove=1 updated=0
    [CG] 列生成收敛，共 18 轮迭代
    [CG] [CG-NODE] depth=0 exit=CERTIFIED certified=1 feasible=1 iters=18 generatedColsBeforeNode=0 newCols=319 posCandidates=321 duplicateCandidates=2 updatedCols=2 zeroObjImproveIters=4 objFirst=1209292.711875 objLast=2703399.711438 objGain=1494106.999564 maxRC=1416935.811074 wallSec=0.194590 pricingSec=0.183591 cplexSolveSec=0.007271
      [BB] 根节点即为整数解，obj=2703399.711438
