    [CG] 列生成开始，初始列数=310
    [CG] CG iter 1: obj=1156797.777805, maxRC=1387890.388588, +30 cols
    [CG]   [DIAG] iter=1 posCols=30 newCols=30 effImprove=30 updated=0
    [CG] CG iter 2: obj=1861659.566269, maxRC=321877.937527, +30 cols
    [CG]   [DIAG] iter=2 posCols=30 newCols=30 effImprove=30 updated=0
    [CG] CG iter 3: obj=2084467.661781, maxRC=404689.691563, +30 cols
    [CG]   [DIAG] iter=3 posCols=30 newCols=30 effImprove=30 updated=0
    [CG] CG iter 4: obj=2196413.632526, maxRC=240321.766666, +26 cols
    [CG]   [DIAG] iter=4 posCols=26 newCols=25 effImprove=26 updated=1
    [CG] CG iter 5: obj=2318164.944365, maxRC=207089.622242, +27 cols
    [CG]   [DIAG] iter=5 posCols=27 newCols=27 effImprove=27 updated=0
    [CG] CG iter 6: obj=2369070.071577, maxRC=111294.967146, +23 cols
    [CG]   [DIAG] iter=6 posCols=23 newCols=23 effImprove=23 updated=0
    [CG] CG iter 7: obj=2448240.682386, maxRC=107073.825743, +18 cols
    [CG]   [DIAG] iter=7 posCols=18 newCols=18 effImprove=18 updated=0
    [CG] CG iter 8: obj=2471747.758004, maxRC=105676.740844, +20 cols
    [CG]   [DIAG] iter=8 posCols=20 newCols=20 effImprove=20 updated=0
    [CG] CG iter 9: obj=2475172.326092, maxRC=94959.308574, +15 cols
    [CG]   [DIAG] iter=9 posCols=15 newCols=15 effImprove=15 updated=0
    [CG] CG iter 10: obj=2518450.437110, maxRC=44867.566189, +17 cols
    [CG]   [DIAG] iter=10 posCols=17 newCols=17 effImprove=17 updated=0
    [CG] CG iter 11: obj=2518450.437110, maxRC=26156.363433, +14 cols
    [CG]   [DIAG] iter=11 posCols=14 newCols=14 effImprove=14 updated=0
    [CG] CG iter 12: obj=2518450.437110, maxRC=22490.365613, +13 cols
    [CG]   [DIAG] iter=12 posCols=13 newCols=13 effImprove=13 updated=0
    [CG] CG iter 13: obj=2531234.431346, maxRC=24984.673978, +17 cols
    [CG]   [DIAG] iter=13 posCols=17 newCols=16 effImprove=17 updated=1
    [CG] CG iter 14: obj=2536923.092687, maxRC=15343.634484, +8 cols
    [CG]   [DIAG] iter=14 posCols=8 newCols=8 effImprove=8 updated=0
    [CG] CG iter 15: obj=2536923.092687, maxRC=3936.680075, +3 cols
    [CG]   [DIAG] iter=15 posCols=3 newCols=3 effImprove=3 updated=0
    [CG] CG iter 16: obj=2538191.946945, maxRC=761.435926, +2 cols
    [CG]   [DIAG] iter=16 posCols=2 newCols=2 effImprove=2 updated=0
    [CG] 列生成收敛，共 17 轮迭代
    [CG] [CG-NODE] depth=0 exit=CERTIFIED certified=1 feasible=1 iters=17 generatedColsBeforeNode=0 newCols=291 posCandidates=293 duplicateCandidates=2 updatedCols=2 zeroObjImproveIters=4 objFirst=1156797.777805 objLast=2538191.946945 objGain=1381394.169140 maxRC=1387890.388588 wallSec=0.162154 pricingSec=0.150720 cplexSolveSec=0.007032
      [BB] 根节点即为整数解，obj=2538191.946945
