    [CG] 列生成开始，初始列数=310
    [CG] CG iter 1: obj=840765.458401, maxRC=1343101.297921, +30 cols
    [CG]   [DIAG] iter=1 posCols=30 newCols=30 effImprove=30 updated=0
    [CG] CG iter 2: obj=1649786.402003, maxRC=252441.929886, +25 cols
    [CG]   [DIAG] iter=2 posCols=25 newCols=25 effImprove=25 updated=0
    [CG] CG iter 3: obj=1919565.771938, maxRC=534982.572678, +30 cols
    [CG]   [DIAG] iter=3 posCols=30 newCols=30 effImprove=30 updated=0
    [CG] CG iter 4: obj=1938308.040800, maxRC=236921.228790, +29 cols
    [CG]   [DIAG] iter=4 posCols=29 newCols=29 effImprove=29 updated=0
    [CG] CG iter 5: obj=1971145.216671, maxRC=181323.014635, +25 cols
    [CG]   [DIAG] iter=5 posCols=25 newCols=25 effImprove=25 updated=0
    [CG] CG iter 6: obj=2043399.668104, maxRC=128226.125838, +23 cols
    [CG]   [DIAG] iter=6 posCols=23 newCols=23 effImprove=23 updated=0
    [CG] CG iter 7: obj=2077613.354480, maxRC=96332.825044, +22 cols
    [CG]   [DIAG] iter=7 posCols=22 newCols=22 effImprove=22 updated=0
    [CG] CG iter 8: obj=2146865.869549, maxRC=77430.795914, +21 cols
    [CG]   [DIAG] iter=8 posCols=21 newCols=21 effImprove=21 updated=0
    [CG] CG iter 9: obj=2180693.011944, maxRC=74912.693246, +21 cols
    [CG]   [DIAG] iter=9 posCols=21 newCols=21 effImprove=21 updated=0
    [CG] CG iter 10: obj=2241919.357517, maxRC=60847.204321, +21 cols
    [CG]   [DIAG] iter=10 posCols=21 newCols=21 effImprove=21 updated=0
    [CG] CG iter 11: obj=2244436.987006, maxRC=81306.952820, +21 cols
    [CG]   [DIAG] iter=11 posCols=21 newCols=21 effImprove=21 updated=0
    [CG] CG iter 12: obj=2260153.811826, maxRC=49770.212240, +18 cols
    [CG]   [DIAG] iter=12 posCols=18 newCols=18 effImprove=18 updated=0
    [CG] CG iter 13: obj=2284508.133519, maxRC=24351.197454, +16 cols
    [CG]   [DIAG] iter=13 posCols=16 newCols=16 effImprove=16 updated=0
    [CG] CG iter 14: obj=2313732.973600, maxRC=41361.504856, +14 cols
    [CG]   [DIAG] iter=14 posCols=14 newCols=13 effImprove=14 updated=1
    [CG] CG iter 15: obj=2316280.342391, maxRC=4758.405834, +9 cols
    [CG]   [DIAG] iter=15 posCols=9 newCols=9 effImprove=9 updated=0
    [CG] CG iter 16: obj=2317872.859320, maxRC=1682.400917, +5 cols
    [CG]   [DIAG] iter=16 posCols=5 newCols=5 effImprove=5 updated=0
    [CG] CG iter 17: obj=2317872.859320, maxRC=670.625653, +2 cols
    [CG]   [DIAG] iter=17 posCols=2 newCols=2 effImprove=2 updated=0
    [CG] 列生成收敛，共 18 轮迭代
    [CG] [CG-NODE] depth=0 exit=CERTIFIED certified=1 feasible=1 iters=18 generatedColsBeforeNode=0 newCols=331 posCandidates=332 duplicateCandidates=1 updatedCols=1 zeroObjImproveIters=1 objFirst=840765.458401 objLast=2318543.484974 objGain=1477778.026572 maxRC=1343101.297921 wallSec=0.258835 pricingSec=0.244219 cplexSolveSec=0.009638
      [BB] 根节点即为整数解，obj=2318543.484974
