    [CG] 列生成开始，初始列数=310
    [CG] CG iter 1: obj=822321.050472, maxRC=1454809.888718, +30 cols
    [CG]   [DIAG] iter=1 posCols=30 newCols=30 effImprove=30 updated=0
    [CG] CG iter 2: obj=1728549.271092, maxRC=283088.786239, +30 cols
    [CG]   [DIAG] iter=2 posCols=30 newCols=30 effImprove=30 updated=0
    [CG] CG iter 3: obj=1872290.060351, maxRC=626036.448513, +30 cols
    [CG]   [DIAG] iter=3 posCols=30 newCols=30 effImprove=30 updated=0
    [CG] CG iter 4: obj=1948314.758514, maxRC=427544.805722, +30 cols
    [CG]   [DIAG] iter=4 posCols=30 newCols=30 effImprove=30 updated=0
    [CG] CG iter 5: obj=2010170.066328, maxRC=213967.705349, +28 cols
    [CG]   [DIAG] iter=5 posCols=28 newCols=28 effImprove=28 updated=0
    [CG] CG iter 6: obj=2062499.435859, maxRC=199520.193650, +29 cols
    [CG]   [DIAG] iter=6 posCols=29 newCols=29 effImprove=29 updated=0
    [CG] CG iter 7: obj=2125245.270847, maxRC=124891.235096, +25 cols
    [CG]   [DIAG] iter=7 posCols=25 newCols=25 effImprove=25 updated=0
    [CG] CG iter 8: obj=2172794.186083, maxRC=155883.721332, +30 cols
    [CG]   [DIAG] iter=8 posCols=30 newCols=30 effImprove=30 updated=0
    [CG] CG iter 9: obj=2194005.897175, maxRC=110057.343798, +22 cols
    [CG]   [DIAG] iter=9 posCols=22 newCols=22 effImprove=22 updated=0
    [CG] CG iter 10: obj=2247917.183613, maxRC=78812.281706, +21 cols
    [CG]   [DIAG] iter=10 posCols=21 newCols=21 effImprove=21 updated=0
    [CG] CG iter 11: obj=2259310.682065, maxRC=58023.309654, +18 cols
    [CG]   [DIAG] iter=11 posCols=18 newCols=17 effImprove=18 updated=1
    [CG] CG iter 12: obj=2299906.220523, maxRC=66320.230166, +19 cols
    [CG]   [DIAG] iter=12 posCols=19 newCols=19 effImprove=19 updated=0
    [CG] CG iter 13: obj=2302309.745143, maxRC=44032.167854, +17 cols
    [CG]   [DIAG] iter=13 posCols=17 newCols=17 effImprove=17 updated=0
    [CG] CG iter 14: obj=2321944.050350, maxRC=42778.582176, +14 cols
    [CG]   [DIAG] iter=14 posCols=14 newCols=14 effImprove=14 updated=0
    [CG] CG iter 15: obj=2336190.613534, maxRC=29845.260179, +10 cols
    [CG]   [DIAG] iter=15 posCols=10 newCols=10 effImprove=10 updated=0
    [CG] CG iter 16: obj=2342827.704774, maxRC=42743.431031, +8 cols
    [CG]   [DIAG] iter=16 posCols=8 newCols=8 effImprove=8 updated=0
    [CG] CG iter 17: obj=2344005.706072, maxRC=19659.313290, +6 cols
    [CG]   [DIAG] iter=17 posCols=6 newCols=6 effImprove=6 updated=0
    [CG] CG iter 18: obj=2344758.643851, maxRC=17480.176958, +7 cols
    [CG]   [DIAG] iter=18 posCols=7 newCols=7 effImprove=7 updated=0
    [CG] CG iter 19: obj=2362238.820809, maxRC=8450.208728, +3 cols
    [CG]   [DIAG] iter=19 posCols=3 newCols=3 effImprove=3 updated=0
    [CG] CG iter 20: obj=2362238.820809, maxRC=5190.942661, +3 cols
    [CG]   [DIAG] iter=20 posCols=3 newCols=3 effImprove=3 updated=0
    [CG] CG iter 21: obj=2362238.820809, maxRC=941.023641, +2 cols
    [CG]   [DIAG] iter=21 posCols=2 newCols=2 effImprove=2 updated=0
    [CG] 列生成收敛，共 22 轮迭代
    [CG] [CG-NODE] depth=0 exit=CERTIFIED certified=1 feasible=1 iters=22 generatedColsBeforeNode=0 newCols=381 posCandidates=382 duplicateCandidates=1 updatedCols=1 zeroObjImproveIters=3 objFirst=822321.050472 objLast=2362238.820809 objGain=1539917.770337 maxRC=1454809.888718 wallSec=0.346186 pricingSec=0.328209 cplexSolveSec=0.011954
      [BB] 根节点即为整数解，obj=2362238.820809
