    [CG] 列生成开始，初始列数=310
    [CG] CG iter 1: obj=741728.039640, maxRC=760181.054641, +30 cols
    [CG]   [DIAG] iter=1 posCols=30 newCols=30 effImprove=30 updated=0
    [CG] CG iter 2: obj=1117059.473412, maxRC=300540.008722, +25 cols
    [CG]   [DIAG] iter=2 posCols=25 newCols=25 effImprove=25 updated=0
    [CG] CG iter 3: obj=1356446.601994, maxRC=387318.235230, +25 cols
    [CG]   [DIAG] iter=3 posCols=25 newCols=25 effImprove=25 updated=0
    [CG] CG iter 4: obj=1366600.857909, maxRC=266159.889519, +21 cols
    [CG]   [DIAG] iter=4 posCols=21 newCols=21 effImprove=21 updated=0
    [CG] CG iter 5: obj=1406932.075547, maxRC=162094.627788, +19 cols
    [CG]   [DIAG] iter=5 posCols=19 newCols=19 effImprove=19 updated=0
    [CG] CG iter 6: obj=1481868.820936, maxRC=188354.924222, +18 cols
    [CG]   [DIAG] iter=6 posCols=18 newCols=18 effImprove=18 updated=0
    [CG] CG iter 7: obj=1481868.820936, maxRC=161300.844698, +16 cols
    [CG]   [DIAG] iter=7 posCols=16 newCols=16 effImprove=16 updated=0
    [CG] CG iter 8: obj=1509161.714803, maxRC=142805.719913, +16 cols
    [CG]   [DIAG] iter=8 posCols=16 newCols=16 effImprove=16 updated=0
    [CG] CG iter 9: obj=1541707.619052, maxRC=144317.891882, +14 cols
    [CG]   [DIAG] iter=9 posCols=14 newCols=13 effImprove=14 updated=1
    [CG] CG iter 10: obj=1551528.407493, maxRC=27675.349631, +8 cols
    [CG]   [DIAG] iter=10 posCols=8 newCols=8 effImprove=8 updated=0
    [CG] CG iter 11: obj=1558478.007234, maxRC=15781.285586, +10 cols
    [CG]   [DIAG] iter=11 posCols=10 newCols=10 effImprove=10 updated=0
    [CG] CG iter 12: obj=1563708.061646, maxRC=12593.232217, +6 cols
    [CG]   [DIAG] iter=12 posCols=6 newCols=6 effImprove=6 updated=0
    [CG] CG iter 13: obj=1572659.510203, maxRC=4585.257431, +7 cols
    [CG]   [DIAG] iter=13 posCols=7 newCols=7 effImprove=7 updated=0
    [CG] CG iter 14: obj=1572659.510203, maxRC=1815.891203, +2 cols
    [CG]   [DIAG] iter=14 posCols=2 newCols=2 effImprove=2 updated=0
    [CG] CG iter 15: obj=1572659.510203, maxRC=984.904731, +1 cols
    [CG]   [DIAG] iter=15 posCols=1 newCols=1 effImprove=1 updated=0
    [CG] 列生成收敛，共 16 轮迭代
    [CG] [CG-NODE] depth=0 exit=CERTIFIED certified=1 feasible=1 iters=16 generatedColsBeforeNode=0 newCols=217 posCandidates=218 duplicateCandidates=1 updatedCols=1 zeroObjImproveIters=3 objFirst=741728.039640 objLast=1573644.414933 objGain=831916.375294 maxRC=760181.054641 wallSec=0.078258 pricingSec=0.068480 cplexSolveSec=0.005561
      [BB] 根节点即为整数解，obj=1573644.414933
