    [CG] 列生成开始，初始列数=310
    [CG] CG iter 1: obj=661952.007669, maxRC=773751.140739, +28 cols
    [CG]   [DIAG] iter=1 posCols=28 newCols=28 effImprove=28 updated=0
    [CG] CG iter 2: obj=1075862.835201, maxRC=283375.527376, +22 cols
    [CG]   [DIAG] iter=2 posCols=22 newCols=22 effImprove=22 updated=0
    [CG] CG iter 3: obj=1344098.252277, maxRC=308140.577104, +23 cols
    [CG]   [DIAG] iter=3 posCols=23 newCols=23 effImprove=23 updated=0
    [CG] CG iter 4: obj=1411274.688939, maxRC=183681.576100, +16 cols
    [CG]   [DIAG] iter=4 posCols=16 newCols=16 effImprove=16 updated=0
    [CG] CG iter 5: obj=1411274.688939, maxRC=187723.505667, +17 cols
    [CG]   [DIAG] iter=5 posCols=17 newCols=17 effImprove=17 updated=0
    [CG] CG iter 6: obj=1463080.570198, maxRC=161326.775382, +17 cols
    [CG]   [DIAG] iter=6 posCols=17 newCols=17 effImprove=17 updated=0
    [CG] CG iter 7: obj=1475451.491188, maxRC=146197.426413, +15 cols
    [CG]   [DIAG] iter=7 posCols=15 newCols=15 effImprove=15 updated=0
    [CG] CG iter 8: obj=1491128.419676, maxRC=73552.552959, +16 cols
    [CG]   [DIAG] iter=8 posCols=16 newCols=16 effImprove=16 updated=0
    [CG] CG iter 9: obj=1494552.286324, maxRC=41065.750185, +13 cols
    [CG]   [DIAG] iter=9 posCols=13 newCols=13 effImprove=13 updated=0
    [CG] CG iter 10: obj=1515809.680762, maxRC=14832.035664, +12 cols
    [CG]   [DIAG] iter=10 posCols=12 newCols=12 effImprove=12 updated=0
    [CG] CG iter 11: obj=1525887.247816, maxRC=8980.786647, +3 cols
    [CG]   [DIAG] iter=11 posCols=3 newCols=3 effImprove=3 updated=0
    [CG] CG iter 12: obj=1525887.247816, maxRC=8921.617959, +2 cols
    [CG]   [DIAG] iter=12 posCols=2 newCols=2 effImprove=2 updated=0
    [CG] CG iter 13: obj=1525887.247816, maxRC=953.096463, +1 cols
    [CG]   [DIAG] iter=13 posCols=1 newCols=1 effImprove=1 updated=0
    [CG] 列生成收敛，共 14 轮迭代
    [CG] [CG-NODE] depth=0 exit=CERTIFIED certified=1 feasible=1 iters=14 generatedColsBeforeNode=0 newCols=185 posCandidates=185 duplicateCandidates=0 updatedCols=0 zeroObjImproveIters=3 objFirst=661952.007669 objLast=1526840.344280 objGain=864888.336611 maxRC=773751.140739 wallSec=0.099893 pricingSec=0.075963 cplexSolveSec=0.005014
      [BB] 根节点即为整数解，obj=1526840.344280
