    [CG] 列生成开始，初始列数=310
    [CG] CG iter 1: obj=96202.522800, maxRC=525021.707573, +14 cols
    [CG]   [DIAG] iter=1 posCols=14 newCols=14 effImprove=14 updated=0
    [CG] CG iter 2: obj=582523.953612, maxRC=397977.876921, +8 cols
    [CG]   [DIAG] iter=2 posCols=8 newCols=8 effImprove=8 updated=0
    [CG] CG iter 3: obj=606998.753757, maxRC=232263.255867, +9 cols
    [CG]   [DIAG] iter=3 posCols=9 newCols=9 effImprove=9 updated=0
    [CG] CG iter 4: obj=606998.753757, maxRC=213696.424838, +10 cols
    [CG]   [DIAG] iter=4 posCols=10 newCols=10 effImprove=10 updated=0
    [CG] CG iter 5: obj=606998.753757, maxRC=207899.510818, +6 cols
    [CG]   [DIAG] iter=5 posCols=6 newCols=6 effImprove=6 updated=0
    [CG] CG iter 6: obj=606998.753757, maxRC=170241.998486, +6 cols
    [CG]   [DIAG] iter=6 posCols=6 newCols=6 effImprove=6 updated=0
    [CG] CG iter 7: obj=606998.753757, maxRC=149339.579670, +6 cols
    [CG]   [DIAG] iter=7 posCols=6 newCols=6 effImprove=6 updated=0
    [CG] CG iter 8: obj=639065.370948, maxRC=146250.513964, +6 cols
    [CG]   [DIAG] iter=8 posCols=6 newCols=6 effImprove=6 updated=0
    [CG] CG iter 9: obj=697770.726554, maxRC=115164.915334, +6 cols
    [CG]   [DIAG] iter=9 posCols=6 newCols=6 effImprove=6 updated=0
    [CG] CG iter 10: obj=705370.273331, maxRC=104697.423557, +6 cols
    [CG]   [DIAG] iter=10 posCols=6 newCols=6 effImprove=6 updated=0
    [CG] CG iter 11: obj=705370.273331, maxRC=37471.543266, +6 cols
    [CG]   [DIAG] iter=11 posCols=6 newCols=6 effImprove=6 updated=0
    [CG] CG iter 12: obj=725365.004583, maxRC=17694.877683, +6 cols
    [CG]   [DIAG] iter=12 posCols=6 newCols=6 effImprove=6 updated=0
    [CG] CG iter 13: obj=725365.004583, maxRC=21459.783928, +6 cols
    [CG]   [DIAG] iter=13 posCols=6 newCols=6 effImprove=6 updated=0
    [CG] CG iter 14: obj=730072.902128, maxRC=17166.381862, +2 cols
    [CG]   [DIAG] iter=14 posCols=2 newCols=2 effImprove=2 updated=0
    [CG] CG iter 15: obj=730072.902128, maxRC=18236.639140, +3 cols
    [CG]   [DIAG] iter=15 posCols=3 newCols=3 effImprove=3 updated=0
    [CG] CG iter 16: obj=730072.902128, maxRC=11530.809413, +1 cols
    [CG]   [DIAG] iter=16 posCols=1 newCols=1 effImprove=1 updated=0
    [CG] CG iter 17: obj=730072.902128, maxRC=4824.768190, +1 cols
    [CG]   [DIAG] iter=17 posCols=1 newCols=0 effImprove=1 updated=1
    [CG] CG iter 18: obj=730072.902128, maxRC=3853.268743, +1 cols
    [CG]   [DIAG] iter=18 posCols=1 newCols=0 effImprove=1 updated=1
    [CG] CG iter 19: obj=731357.325042, maxRC=3962.377973, +1 cols
    [CG]   [DIAG] iter=19 posCols=1 newCols=0 effImprove=1 updated=1
    [CG] CG iter 20: obj=731357.325042, maxRC=1149.924075, +1 cols
    [CG]   [DIAG] iter=20 posCols=1 newCols=1 effImprove=1 updated=0
    [CG] CG iter 21: obj=732507.249117, maxRC=1552.690059, +1 cols
    [CG]   [DIAG] iter=21 posCols=1 newCols=1 effImprove=1 updated=0
    [CG] 列生成收敛，共 22 轮迭代
    [CG] [CG-NODE] depth=0 exit=CERTIFIED certified=1 feasible=1 iters=22 generatedColsBeforeNode=0 newCols=103 posCandidates=106 duplicateCandidates=3 updatedCols=3 zeroObjImproveIters=12 objFirst=96202.522800 objLast=732507.249117 objGain=636304.726317 maxRC=525021.707573 wallSec=1.425576 pricingSec=1.416994 cplexSolveSec=0.005046
      [BB] 根节点即为整数解，obj=732507.249117
