    [CG] 列生成开始，初始列数=310
    [CG] CG iter 1: obj=981474.350563, maxRC=685049.963299, +30 cols
    [CG]   [DIAG] iter=1 posCols=30 newCols=30 effImprove=30 updated=0
    [CG] CG iter 2: obj=1550422.552076, maxRC=183684.257896, +29 cols
    [CG]   [DIAG] iter=2 posCols=29 newCols=29 effImprove=29 updated=0
    [CG] CG iter 3: obj=1701071.123899, maxRC=173376.427763, +26 cols
    [CG]   [DIAG] iter=3 posCols=26 newCols=25 effImprove=26 updated=1
    [CG] CG iter 4: obj=1803842.208856, maxRC=145902.515800, +24 cols
    [CG]   [DIAG] iter=4 posCols=24 newCols=24 effImprove=24 updated=0
    [CG] CG iter 5: obj=1862215.389925, maxRC=99522.141615, +24 cols
    [CG]   [DIAG] iter=5 posCols=24 newCols=24 effImprove=24 updated=0
    [CG] CG iter 6: obj=1896116.802255, maxRC=46618.910434, +19 cols
    [CG]   [DIAG] iter=6 posCols=19 newCols=18 effImprove=19 updated=1
    [CG] CG iter 7: obj=1908237.748245, maxRC=29664.245449, +11 cols
    [CG]   [DIAG] iter=7 posCols=11 newCols=11 effImprove=11 updated=0
    [CG] CG iter 8: obj=1922354.252141, maxRC=19373.626121, +6 cols
    [CG]   [DIAG] iter=8 posCols=6 newCols=6 effImprove=6 updated=0
    [CG] CG iter 9: obj=1922354.252141, maxRC=8004.083899, +4 cols
    [CG]   [DIAG] iter=9 posCols=4 newCols=3 effImprove=4 updated=1
    [CG] CG iter 10: obj=1929003.535141, maxRC=7115.128851, +1 cols
    [CG]   [DIAG] iter=10 posCols=1 newCols=1 effImprove=1 updated=0
    [CG] CG iter 11: obj=1936118.663992, maxRC=157.317302, +1 cols
    [CG]   [DIAG] iter=11 posCols=1 newCols=1 effImprove=1 updated=0
    [CG] 列生成收敛，共 12 轮迭代
    [CG] [CG-NODE] depth=0 exit=CERTIFIED certified=1 feasible=1 iters=12 generatedColsBeforeNode=0 newCols=172 posCandidates=175 duplicateCandidates=3 updatedCols=3 zeroObjImproveIters=2 objFirst=981474.350563 objLast=1936118.663992 objGain=954644.313429 maxRC=685049.963299 wallSec=0.060816 pricingSec=0.054320 cplexSolveSec=0.003807
      [BB] 根节点即为整数解，obj=1936118.663992
