    [CG] 列生成开始，初始列数=310
    [CG] CG iter 1: obj=782044.803251, maxRC=686238.385077, +27 cols
    [CG]   [DIAG] iter=1 posCols=27 newCols=27 effImprove=27 updated=0
    [CG] CG iter 2: obj=1413550.621425, maxRC=173416.875676, +23 cols
    [CG]   [DIAG] iter=2 posCols=23 newCols=23 effImprove=23 updated=0
    [CG] CG iter 3: obj=1514455.962041, maxRC=216498.502241, +20 cols
    [CG]   [DIAG] iter=3 posCols=20 newCols=20 effImprove=20 updated=0
    [CG] CG iter 4: obj=1647021.091241, maxRC=178846.857985, +20 cols
    [CG]   [DIAG] iter=4 posCols=20 newCols=20 effImprove=20 updated=0
    [CG] CG iter 5: obj=1647021.091241, maxRC=144533.636607, +17 cols
    [CG]   [DIAG] iter=5 posCols=17 newCols=17 effImprove=17 updated=0
    [CG] CG iter 6: obj=1708548.464400, maxRC=51842.400669, +18 cols
    [CG]   [DIAG] iter=6 posCols=18 newCols=17 effImprove=18 updated=1
    [CG] CG iter 7: obj=1714929.412141, maxRC=45986.000134, +12 cols
    [CG]   [DIAG] iter=7 posCols=12 newCols=12 effImprove=12 updated=0
    [CG] CG iter 8: obj=1740262.733350, maxRC=30790.111624, +11 cols
    [CG]   [DIAG] iter=8 posCols=11 newCols=11 effImprove=11 updated=0
    [CG] CG iter 9: obj=1765276.948501, maxRC=21874.127277, +8 cols
    [CG]   [DIAG] iter=9 posCols=8 newCols=7 effImprove=8 updated=1
    [CG] CG iter 10: obj=1767481.485491, maxRC=12204.071693, +5 cols
    [CG]   [DIAG] iter=10 posCols=5 newCols=4 effImprove=5 updated=1
    [CG] CG iter 11: obj=1777201.138763, maxRC=5362.940921, +2 cols
    [CG]   [DIAG] iter=11 posCols=2 newCols=2 effImprove=2 updated=0
    [CG] CG iter 12: obj=1777201.138763, maxRC=2046.227554, +1 cols
    [CG]   [DIAG] iter=12 posCols=1 newCols=0 effImprove=1 updated=1
    [CG] CG iter 13: obj=1777201.138763, maxRC=1679.953844, +1 cols
    [CG]   [DIAG] iter=13 posCols=1 newCols=1 effImprove=1 updated=0
    [CG] 列生成收敛，共 14 轮迭代
    [CG] [CG-NODE] depth=0 exit=CERTIFIED certified=1 feasible=1 iters=14 generatedColsBeforeNode=0 newCols=161 posCandidates=165 duplicateCandidates=4 updatedCols=4 zeroObjImproveIters=4 objFirst=782044.803251 objLast=1777201.138763 objGain=995156.335512 maxRC=686238.385077 wallSec=0.112961 pricingSec=0.104290 cplexSolveSec=0.004763
      [BB] 根节点即为整数解，obj=1777201.138763
