    [CG] 列生成开始，初始列数=310
    [CG] CG iter 1: obj=525057.967437, maxRC=764531.510707, +30 cols
    [CG]   [DIAG] iter=1 posCols=30 newCols=30 effImprove=30 updated=0
    [CG] CG iter 2: obj=1058919.021962, maxRC=249808.553681, +27 cols
    [CG]   [DIAG] iter=2 posCols=27 newCols=27 effImprove=27 updated=0
    [CG] CG iter 3: obj=1097956.471771, maxRC=281896.987981, +28 cols
    [CG]   [DIAG] iter=3 posCols=28 newCols=28 effImprove=28 updated=0
    [CG] CG iter 4: obj=1223279.032063, maxRC=238753.483184, +28 cols
    [CG]   [DIAG] iter=4 posCols=28 newCols=28 effImprove=28 updated=0
    [CG] CG iter 5: obj=1304309.727216, maxRC=187695.886958, +25 cols
    [CG]   [DIAG] iter=5 posCols=25 newCols=25 effImprove=25 updated=0
    [CG] CG iter 6: obj=1410683.128804, maxRC=113890.477250, +25 cols
    [CG]   [DIAG] iter=6 posCols=25 newCols=25 effImprove=25 updated=0
    [CG] CG iter 7: obj=1412832.122745, maxRC=93752.054116, +25 cols
    [CG]   [DIAG] iter=7 posCols=25 newCols=24 effImprove=25 updated=1
    [CG] CG iter 8: obj=1465257.847166, maxRC=69628.540759, +23 cols
    [CG]   [DIAG] iter=8 posCols=23 newCols=23 effImprove=23 updated=0
    [CG] CG iter 9: obj=1499974.970722, maxRC=64838.352480, +21 cols
    [CG]   [DIAG] iter=9 posCols=21 newCols=21 effImprove=21 updated=0
    [CG] CG iter 10: obj=1513613.201024, maxRC=59457.326277, +17 cols
    [CG]   [DIAG] iter=10 posCols=17 newCols=16 effImprove=17 updated=1
    [CG] CG iter 11: obj=1525206.842686, maxRC=37236.336642, +17 cols
    [CG]   [DIAG] iter=11 posCols=17 newCols=16 effImprove=17 updated=1
    [CG] CG iter 12: obj=1541167.300446, maxRC=39310.088204, +13 cols
    [CG]   [DIAG] iter=12 posCols=13 newCols=13 effImprove=13 updated=0
    [CG] CG iter 13: obj=1549351.824108, maxRC=28675.463248, +10 cols
    [CG]   [DIAG] iter=13 posCols=10 newCols=10 effImprove=10 updated=0
    [CG] CG iter 14: obj=1553031.797352, maxRC=12848.414141, +9 cols
    [CG]   [DIAG] iter=14 posCols=9 newCols=9 effImprove=9 updated=0
    [CG] CG iter 15: obj=1558665.298151, maxRC=2192.069338, +3 cols
    [CG]   [DIAG] iter=15 posCols=3 newCols=3 effImprove=3 updated=0
    [CG] CG iter 16: obj=1560425.611805, maxRC=3782.600243, +3 cols
    [CG]   [DIAG] iter=16 posCols=3 newCols=3 effImprove=3 updated=0
    [CG] CG iter 17: obj=1560425.611805, maxRC=1110.932202, +1 cols
    [CG]   [DIAG] iter=17 posCols=1 newCols=1 effImprove=1 updated=0
    [CG] 列生成收敛，共 18 轮迭代
    [CG] [CG-NODE] depth=0 exit=CERTIFIED certified=1 feasible=1 iters=18 generatedColsBeforeNode=0 newCols=302 posCandidates=305 duplicateCandidates=3 updatedCols=3 zeroObjImproveIters=2 objFirst=525057.967437 objLast=1560425.611805 objGain=1035367.644368 maxRC=764531.510707 wallSec=0.231132 pricingSec=0.218563 cplexSolveSec=0.007877
      [BB] 根节点即为整数解，obj=1560425.611805
