    [CG] 列生成开始，初始列数=310
    [CG] CG iter 1: obj=1141895.734089, maxRC=1560354.190264, +30 cols
    [CG]   [DIAG] iter=1 posCols=30 newCols=30 effImprove=30 updated=0
    [CG] CG iter 2: obj=2071002.872691, maxRC=419472.237088, +26 cols
    [CG]   [DIAG] iter=2 posCols=26 newCols=26 effImprove=26 updated=0
    [CG] CG iter 3: obj=2366287.514494, maxRC=646467.057326, +30 cols
    [CG]   [DIAG] iter=3 posCols=30 newCols=30 effImprove=30 updated=0
    [CG] CG iter 4: obj=2447231.712255, maxRC=423695.713492, +28 cols
    [CG]   [DIAG] iter=4 posCols=28 newCols=28 effImprove=28 updated=0
    [CG] CG iter 5: obj=2491863.084719, maxRC=396176.427904, +25 cols
    [CG]   [DIAG] iter=5 posCols=25 newCols=25 effImprove=25 updated=0
    [CG] CG iter 6: obj=2529351.193070, maxRC=219811.807241, +24 cols
    [CG]   [DIAG] iter=6 posCols=24 newCols=24 effImprove=24 updated=0
    [CG] CG iter 7: obj=2587497.749674, maxRC=170601.310058, +17 cols
    [CG]   [DIAG] iter=7 posCols=17 newCols=17 effImprove=17 updated=0
    [CG] CG iter 8: obj=2633312.067317, maxRC=158457.297753, +17 cols
    [CG]   [DIAG] iter=8 posCols=17 newCols=17 effImprove=17 updated=0
    [CG] CG iter 9: obj=2681767.155704, maxRC=151193.275216, +22 cols
    [CG]   [DIAG] iter=9 posCols=22 newCols=22 effImprove=22 updated=0
    [CG] CG iter 10: obj=2698605.487825, maxRC=107346.554045, +20 cols
    [CG]   [DIAG] iter=10 posCols=20 newCols=20 effImprove=20 updated=0
    [CG] CG iter 11: obj=2715197.324641, maxRC=89544.521537, +16 cols
    [CG]   [DIAG] iter=11 posCols=16 newCols=15 effImprove=16 updated=1
    [CG] CG iter 12: obj=2760475.671692, maxRC=63591.474715, +13 cols
    [CG]   [DIAG] iter=12 posCols=13 newCols=13 effImprove=13 updated=0
    [CG] CG iter 13: obj=2790912.010245, maxRC=51447.110116, +10 cols
    [CG]   [DIAG] iter=13 posCols=10 newCols=10 effImprove=10 updated=0
    [CG] CG iter 14: obj=2802179.786619, maxRC=32426.999124, +10 cols
    [CG]   [DIAG] iter=14 posCols=10 newCols=10 effImprove=10 updated=0
    [CG] CG iter 15: obj=2819758.239966, maxRC=31637.381884, +12 cols
    [CG]   [DIAG] iter=15 posCols=12 newCols=11 effImprove=12 updated=1
    [CG] CG iter 16: obj=2819758.239966, maxRC=24398.358153, +8 cols
    [CG]   [DIAG] iter=16 posCols=8 newCols=8 effImprove=8 updated=0
    [CG] CG iter 17: obj=2819758.239966, maxRC=14951.325376, +8 cols
    [CG]   [DIAG] iter=17 posCols=8 newCols=8 effImprove=8 updated=0
    [CG] CG iter 18: obj=2822777.279863, maxRC=11802.706251, +4 cols
    [CG]   [DIAG] iter=18 posCols=4 newCols=4 effImprove=4 updated=0
    [CG] CG iter 19: obj=2825799.735688, maxRC=4595.853155, +4 cols
    [CG]   [DIAG] iter=19 posCols=4 newCols=4 effImprove=4 updated=0
    [CG] CG iter 20: obj=2830395.588843, maxRC=3522.436961, +4 cols
    [CG]   [DIAG] iter=20 posCols=4 newCols=4 effImprove=4 updated=0
    [CG] CG iter 21: obj=2830395.588843, maxRC=3046.563458, +1 cols
    [CG]   [DIAG] iter=21 posCols=1 newCols=1 effImprove=1 updated=0
    [CG] 列生成收敛，共 22 轮迭代
    [CG] [CG-NODE] depth=0 exit=CERTIFIED certified=1 feasible=1 iters=22 generatedColsBeforeNode=0 newCols=327 posCandidates=329 duplicateCandidates=2 updatedCols=2 zeroObjImproveIters=4 objFirst=1141895.734089 objLast=2830395.588843 objGain=1688499.854755 maxRC=1560354.190264 wallSec=0.201992 pricingSec=0.186330 cplexSolveSec=0.010431
      [BB] 根节点即为整数解，obj=2830395.588843
