    [CG] 列生成开始，初始列数=310
    [CG] CG iter 1: obj=1251677.819793, maxRC=1699346.137690, +30 cols
    [CG]   [DIAG] iter=1 posCols=30 newCols=30 effImprove=30 updated=0
    [CG] CG iter 2: obj=2253523.123126, maxRC=428722.639390, +30 cols
    [CG]   [DIAG] iter=2 posCols=30 newCols=30 effImprove=30 updated=0
    [CG] CG iter 3: obj=2419008.123778, maxRC=554466.166678, +30 cols
    [CG]   [DIAG] iter=3 posCols=30 newCols=30 effImprove=30 updated=0
    [CG] CG iter 4: obj=2556526.885955, maxRC=378235.948986, +30 cols
    [CG]   [DIAG] iter=4 posCols=30 newCols=30 effImprove=30 updated=0
    [CG] CG iter 5: obj=2640433.282152, maxRC=230943.580405, +30 cols
    [CG]   [DIAG] iter=5 posCols=30 newCols=30 effImprove=30 updated=0
    [CG] CG iter 6: obj=2693855.796064, maxRC=136448.923208, +30 cols
    [CG]   [DIAG] iter=6 posCols=30 newCols=30 effImprove=30 updated=0
    [CG] CG iter 7: obj=2769380.591479, maxRC=128022.878688, +30 cols
    [CG]   [DIAG] iter=7 posCols=30 newCols=30 effImprove=30 updated=0
    [CG] CG iter 8: obj=2814696.028578, maxRC=139979.186078, +30 cols
    [CG]   [DIAG] iter=8 posCols=30 newCols=29 effImprove=30 updated=1
    [CG] CG iter 9: obj=2872014.189667, maxRC=120050.411013, +24 cols
    [CG]   [DIAG] iter=9 posCols=24 newCols=24 effImprove=24 updated=0
    [CG] CG iter 10: obj=2921449.596787, maxRC=59735.774483, +17 cols
    [CG]   [DIAG] iter=10 posCols=17 newCols=17 effImprove=17 updated=0
    [CG] CG iter 11: obj=2967050.570296, maxRC=69433.365356, +19 cols
    [CG]   [DIAG] iter=11 posCols=19 newCols=18 effImprove=19 updated=1
    [CG] CG iter 12: obj=2968608.431872, maxRC=74051.090701, +11 cols
    [CG]   [DIAG] iter=12 posCols=11 newCols=11 effImprove=11 updated=0
    [CG] CG iter 13: obj=2983363.481612, maxRC=42483.476645, +16 cols
    [CG]   [DIAG] iter=13 posCols=16 newCols=16 effImprove=16 updated=0
    [CG] CG iter 14: obj=2987923.104244, maxRC=16805.941242, +12 cols
    [CG]   [DIAG] iter=14 posCols=12 newCols=12 effImprove=12 updated=0
    [CG] CG iter 15: obj=2991933.401813, maxRC=9033.534833, +6 cols
    [CG]   [DIAG] iter=15 posCols=6 newCols=6 effImprove=6 updated=0
    [CG] CG iter 16: obj=3000966.936646, maxRC=12014.127715, +5 cols
    [CG]   [DIAG] iter=16 posCols=5 newCols=5 effImprove=5 updated=0
    [CG] CG iter 17: obj=3000966.936646, maxRC=5516.403509, +2 cols
    [CG]   [DIAG] iter=17 posCols=2 newCols=2 effImprove=2 updated=0
    [CG] CG iter 18: obj=3000966.936646, maxRC=1608.008128, +1 cols
    [CG]   [DIAG] iter=18 posCols=1 newCols=1 effImprove=1 updated=0
    [CG] CG iter 19: obj=3000966.936646, maxRC=38.936230, +1 cols
    [CG]   [DIAG] iter=19 posCols=1 newCols=1 effImprove=1 updated=0
    [CG] 列生成收敛，共 20 轮迭代
    [CG] [CG-NODE] depth=0 exit=CERTIFIED certified=1 feasible=1 iters=20 generatedColsBeforeNode=0 newCols=352 posCandidates=354 duplicateCandidates=2 updatedCols=2 zeroObjImproveIters=4 objFirst=1251677.819793 objLast=3000966.936646 objGain=1749289.116853 maxRC=1699346.137690 wallSec=0.230314 pricingSec=0.216871 cplexSolveSec=0.009153
      [BB] 根节点即为整数解，obj=3000966.936646
