    [CG] 列生成开始，初始列数=310
    [CG] CG iter 1: obj=1190382.714181, maxRC=1536816.999348, +30 cols
    [CG]   [DIAG] iter=1 posCols=30 newCols=30 effImprove=30 updated=0
    [CG] CG iter 2: obj=2100006.565014, maxRC=363339.207836, +30 cols
    [CG]   [DIAG] iter=2 posCols=30 newCols=30 effImprove=30 updated=0
    [CG] CG iter 3: obj=2330902.963117, maxRC=577210.957195, +30 cols
    [CG]   [DIAG] iter=3 posCols=30 newCols=30 effImprove=30 updated=0
    [CG] CG iter 4: obj=2418649.716365, maxRC=298407.111161, +30 cols
    [CG]   [DIAG] iter=4 posCols=30 newCols=30 effImprove=30 updated=0
    [CG] CG iter 5: obj=2531848.516152, maxRC=186055.370289, +30 cols
    [CG]   [DIAG] iter=5 posCols=30 newCols=30 effImprove=30 updated=0
    [CG] CG iter 6: obj=2589015.055991, maxRC=131327.694714, +28 cols
    [CG]   [DIAG] iter=6 posCols=28 newCols=28 effImprove=28 updated=0
    [CG] CG iter 7: obj=2666788.051001, maxRC=184724.493605, +26 cols
    [CG]   [DIAG] iter=7 posCols=26 newCols=26 effImprove=26 updated=0
    [CG] CG iter 8: obj=2694615.111703, maxRC=100971.415944, +19 cols
    [CG]   [DIAG] iter=8 posCols=19 newCols=19 effImprove=19 updated=0
    [CG] CG iter 9: obj=2765058.013477, maxRC=82592.195601, +23 cols
    [CG]   [DIAG] iter=9 posCols=23 newCols=23 effImprove=23 updated=0
    [CG] CG iter 10: obj=2786352.679497, maxRC=70285.175749, +20 cols
    [CG]   [DIAG] iter=10 posCols=20 newCols=20 effImprove=20 updated=0
    [CG] CG iter 11: obj=2798119.586273, maxRC=39602.110725, +16 cols
    [CG]   [DIAG] iter=11 posCols=16 newCols=15 effImprove=16 updated=1
    [CG] CG iter 12: obj=2811773.952932, maxRC=23859.205476, +13 cols
    [CG]   [DIAG] iter=12 posCols=13 newCols=13 effImprove=13 updated=0
    [CG] CG iter 13: obj=2811773.952932, maxRC=19862.043053, +13 cols
    [CG]   [DIAG] iter=13 posCols=13 newCols=13 effImprove=13 updated=0
    [CG] CG iter 14: obj=2811773.952932, maxRC=16423.255829, +11 cols
    [CG]   [DIAG] iter=14 posCols=11 newCols=10 effImprove=11 updated=1
    [CG] CG iter 15: obj=2813332.926185, maxRC=6136.219385, +7 cols
    [CG]   [DIAG] iter=15 posCols=7 newCols=6 effImprove=7 updated=1
    [CG] CG iter 16: obj=2822575.249343, maxRC=2346.894618, +2 cols
    [CG]   [DIAG] iter=16 posCols=2 newCols=2 effImprove=2 updated=0
    [CG] CG iter 17: obj=2823048.446545, maxRC=1585.540022, +3 cols
    [CG]   [DIAG] iter=17 posCols=3 newCols=3 effImprove=3 updated=0
    [CG] 列生成收敛，共 18 轮迭代
    [CG] [CG-NODE] depth=0 exit=CERTIFIED certified=1 feasible=1 iters=18 generatedColsBeforeNode=0 newCols=328 posCandidates=331 duplicateCandidates=3 updatedCols=3 zeroObjImproveIters=3 objFirst=1190382.714181 objLast=2823048.446545 objGain=1632665.732364 maxRC=1536816.999348 wallSec=0.189945 pricingSec=0.178505 cplexSolveSec=0.007489
      [BB] 根节点即为整数解，obj=2823048.446545
