    [CG] 列生成开始，初始列数=310
    [CG] CG iter 1: obj=1228017.457111, maxRC=1707956.400642, +30 cols
    [CG]   [DIAG] iter=1 posCols=30 newCols=30 effImprove=30 updated=0
    [CG] CG iter 2: obj=2244722.173209, maxRC=433456.114384, +30 cols
    [CG]   [DIAG] iter=2 posCols=30 newCols=30 effImprove=30 updated=0
    [CG] CG iter 3: obj=2483451.831081, maxRC=548523.659190, +30 cols
    [CG]   [DIAG] iter=3 posCols=30 newCols=30 effImprove=30 updated=0
    [CG] CG iter 4: obj=2694048.214931, maxRC=162471.736381, +28 cols
    [CG]   [DIAG] iter=4 posCols=28 newCols=28 effImprove=28 updated=0
    [CG] CG iter 5: obj=2727592.037641, maxRC=206662.673819, +27 cols
    [CG]   [DIAG] iter=5 posCols=27 newCols=27 effImprove=27 updated=0
    [CG] CG iter 6: obj=2801176.951747, maxRC=175564.619051, +26 cols
    [CG]   [DIAG] iter=6 posCols=26 newCols=24 effImprove=26 updated=2
    [CG] CG iter 7: obj=2837973.885961, maxRC=141047.814655, +21 cols
    [CG]   [DIAG] iter=7 posCols=21 newCols=21 effImprove=21 updated=0
    [CG] CG iter 8: obj=2869332.052463, maxRC=126019.052922, +14 cols
    [CG]   [DIAG] iter=8 posCols=14 newCols=14 effImprove=14 updated=0
    [CG] CG iter 9: obj=2935026.674109, maxRC=62076.965538, +15 cols
    [CG]   [DIAG] iter=9 posCols=15 newCols=15 effImprove=15 updated=0
    [CG] CG iter 10: obj=2960078.409724, maxRC=62942.033180, +14 cols
    [CG]   [DIAG] iter=10 posCols=14 newCols=13 effImprove=14 updated=1
    [CG] CG iter 11: obj=2965923.939155, maxRC=42917.090849, +11 cols
    [CG]   [DIAG] iter=11 posCols=11 newCols=11 effImprove=11 updated=0
    [CG] CG iter 12: obj=2978195.187822, maxRC=23452.921323, +11 cols
    [CG]   [DIAG] iter=12 posCols=11 newCols=11 effImprove=11 updated=0
    [CG] CG iter 13: obj=2982549.022649, maxRC=27475.206412, +6 cols
    [CG]   [DIAG] iter=13 posCols=6 newCols=6 effImprove=6 updated=0
    [CG] CG iter 14: obj=2984761.557714, maxRC=10146.461159, +5 cols
    [CG]   [DIAG] iter=14 posCols=5 newCols=5 effImprove=5 updated=0
    [CG] CG iter 15: obj=2986982.892025, maxRC=4815.713149, +4 cols
    [CG]   [DIAG] iter=15 posCols=4 newCols=4 effImprove=4 updated=0
    [CG] CG iter 16: obj=2990485.398818, maxRC=4518.144210, +3 cols
    [CG]   [DIAG] iter=16 posCols=3 newCols=3 effImprove=3 updated=0
    [CG] CG iter 17: obj=2990485.398818, maxRC=632.318520, +1 cols
    [CG]   [DIAG] iter=17 posCols=1 newCols=1 effImprove=1 updated=0
    [CG] 列生成收敛，共 18 轮迭代
    [CG] [CG-NODE] depth=0 exit=CERTIFIED certified=1 feasible=1 iters=18 generatedColsBeforeNode=0 newCols=273 posCandidates=276 duplicateCandidates=3 updatedCols=3 zeroObjImproveIters=2 objFirst=1228017.457111 objLast=2990485.398818 objGain=1762467.941707 maxRC=1707956.400642 wallSec=0.182160 pricingSec=0.171645 cplexSolveSec=0.007172
      [BB] 根节点即为整数解，obj=2990485.398818
