    [CG] 列生成开始，初始列数=310
    [CG] CG iter 1: obj=1226328.585205, maxRC=1709133.163137, +30 cols
    [CG]   [DIAG] iter=1 posCols=30 newCols=30 effImprove=30 updated=0
    [CG] CG iter 2: obj=2235852.258269, maxRC=390992.106398, +30 cols
    [CG]   [DIAG] iter=2 posCols=30 newCols=30 effImprove=30 updated=0
    [CG] CG iter 3: obj=2414992.128516, maxRC=402836.842385, +30 cols
    [CG]   [DIAG] iter=3 posCols=30 newCols=30 effImprove=30 updated=0
    [CG] CG iter 4: obj=2573665.366621, maxRC=347064.030452, +30 cols
    [CG]   [DIAG] iter=4 posCols=30 newCols=30 effImprove=30 updated=0
    [CG] CG iter 5: obj=2629958.388314, maxRC=176360.885496, +30 cols
    [CG]   [DIAG] iter=5 posCols=30 newCols=30 effImprove=30 updated=0
    [CG] CG iter 6: obj=2689634.421788, maxRC=140177.373424, +29 cols
    [CG]   [DIAG] iter=6 posCols=29 newCols=29 effImprove=29 updated=0
    [CG] CG iter 7: obj=2744343.008548, maxRC=134741.789342, +22 cols
    [CG]   [DIAG] iter=7 posCols=22 newCols=22 effImprove=22 updated=0
    [CG] CG iter 8: obj=2797907.055813, maxRC=101520.721340, +22 cols
    [CG]   [DIAG] iter=8 posCols=22 newCols=21 effImprove=22 updated=1
    [CG] CG iter 9: obj=2833377.314933, maxRC=86431.540100, +12 cols
    [CG]   [DIAG] iter=9 posCols=12 newCols=12 effImprove=12 updated=0
    [CG] CG iter 10: obj=2908395.346069, maxRC=65934.019112, +17 cols
    [CG]   [DIAG] iter=10 posCols=17 newCols=17 effImprove=17 updated=0
    [CG] CG iter 11: obj=2922153.016858, maxRC=101840.584544, +14 cols
    [CG]   [DIAG] iter=11 posCols=14 newCols=13 effImprove=14 updated=1
    [CG] CG iter 12: obj=2934184.958024, maxRC=91750.812279, +16 cols
    [CG]   [DIAG] iter=12 posCols=16 newCols=16 effImprove=16 updated=0
    [CG] CG iter 13: obj=2934184.958024, maxRC=39299.316979, +8 cols
    [CG]   [DIAG] iter=13 posCols=8 newCols=7 effImprove=8 updated=1
    [CG] CG iter 14: obj=2941445.851250, maxRC=29563.510968, +8 cols
    [CG]   [DIAG] iter=14 posCols=8 newCols=8 effImprove=8 updated=0
    [CG] CG iter 15: obj=2941445.851250, maxRC=17574.992678, +5 cols
    [CG]   [DIAG] iter=15 posCols=5 newCols=5 effImprove=5 updated=0
    [CG] CG iter 16: obj=2950233.347589, maxRC=11526.106351, +9 cols
    [CG]   [DIAG] iter=16 posCols=9 newCols=9 effImprove=9 updated=0
    [CG] CG iter 17: obj=2957295.954242, maxRC=2177.125065, +1 cols
    [CG]   [DIAG] iter=17 posCols=1 newCols=1 effImprove=1 updated=0
    [CG] 列生成收敛，共 18 轮迭代
    [CG] [CG-NODE] depth=0 exit=CERTIFIED certified=1 feasible=1 iters=18 generatedColsBeforeNode=0 newCols=310 posCandidates=313 duplicateCandidates=3 updatedCols=3 zeroObjImproveIters=3 objFirst=1226328.585205 objLast=2957295.954242 objGain=1730967.369037 maxRC=1709133.163137 wallSec=0.209064 pricingSec=0.177483 cplexSolveSec=0.008129
      [BB] 根节点即为整数解，obj=2957295.954242
