    [CG] 列生成开始，初始列数=310
    [CG] CG iter 1: obj=1219434.133329, maxRC=1717452.917724, +30 cols
    [CG]   [DIAG] iter=1 posCols=30 newCols=30 effImprove=30 updated=0
    [CG] CG iter 2: obj=2242630.360158, maxRC=425542.977308, +30 cols
    [CG]   [DIAG] iter=2 posCols=30 newCols=30 effImprove=30 updated=0
    [CG] CG iter 3: obj=2478833.930955, maxRC=559024.613264, +30 cols
    [CG]   [DIAG] iter=3 posCols=30 newCols=30 effImprove=30 updated=0
    [CG] CG iter 4: obj=2593254.020890, maxRC=242224.326634, +27 cols
    [CG]   [DIAG] iter=4 posCols=27 newCols=27 effImprove=27 updated=0
    [CG] CG iter 5: obj=2671224.983442, maxRC=188680.963532, +27 cols
    [CG]   [DIAG] iter=5 posCols=27 newCols=27 effImprove=27 updated=0
    [CG] CG iter 6: obj=2717692.940447, maxRC=115470.110195, +27 cols
    [CG]   [DIAG] iter=6 posCols=27 newCols=27 effImprove=27 updated=0
    [CG] CG iter 7: obj=2805393.884094, maxRC=161138.051173, +24 cols
    [CG]   [DIAG] iter=7 posCols=24 newCols=23 effImprove=24 updated=1
    [CG] CG iter 8: obj=2910414.955811, maxRC=136643.066998, +21 cols
    [CG]   [DIAG] iter=8 posCols=21 newCols=20 effImprove=21 updated=1
    [CG] CG iter 9: obj=2927415.252119, maxRC=92044.985298, +17 cols
    [CG]   [DIAG] iter=9 posCols=17 newCols=16 effImprove=17 updated=1
    [CG] CG iter 10: obj=2929354.361828, maxRC=79228.760503, +14 cols
    [CG]   [DIAG] iter=10 posCols=14 newCols=14 effImprove=14 updated=0
    [CG] CG iter 11: obj=2950692.420765, maxRC=17728.031965, +11 cols
    [CG]   [DIAG] iter=11 posCols=11 newCols=11 effImprove=11 updated=0
    [CG] CG iter 12: obj=2964989.201418, maxRC=11923.194662, +7 cols
    [CG]   [DIAG] iter=12 posCols=7 newCols=7 effImprove=7 updated=0
    [CG] CG iter 13: obj=2969119.920740, maxRC=7709.995646, +4 cols
    [CG]   [DIAG] iter=13 posCols=4 newCols=4 effImprove=4 updated=0
    [CG] CG iter 14: obj=2976132.595324, maxRC=1779.752072, +3 cols
    [CG]   [DIAG] iter=14 posCols=3 newCols=3 effImprove=3 updated=0
    [CG] CG iter 15: obj=2976132.595324, maxRC=464.555400, +1 cols
    [CG]   [DIAG] iter=15 posCols=1 newCols=1 effImprove=1 updated=0
    [CG] 列生成收敛，共 16 轮迭代
    [CG] [CG-NODE] depth=0 exit=CERTIFIED certified=1 feasible=1 iters=16 generatedColsBeforeNode=0 newCols=270 posCandidates=273 duplicateCandidates=3 updatedCols=3 zeroObjImproveIters=2 objFirst=1219434.133329 objLast=2976132.595324 objGain=1756698.461995 maxRC=1717452.917724 wallSec=0.180326 pricingSec=0.170402 cplexSolveSec=0.006435
      [BB] 根节点即为整数解，obj=2976132.595324
