    [CG] 列生成开始，初始列数=310
    [CG] CG iter 1: obj=1237076.023859, maxRC=1701752.851265, +30 cols
    [CG]   [DIAG] iter=1 posCols=30 newCols=30 effImprove=30 updated=0
    [CG] CG iter 2: obj=2240793.900747, maxRC=434310.109886, +30 cols
    [CG]   [DIAG] iter=2 posCols=30 newCols=30 effImprove=30 updated=0
    [CG] CG iter 3: obj=2470212.056403, maxRC=463645.188670, +30 cols
    [CG]   [DIAG] iter=3 posCols=30 newCols=30 effImprove=30 updated=0
    [CG] CG iter 4: obj=2603101.480712, maxRC=233372.106177, +30 cols
    [CG]   [DIAG] iter=4 posCols=30 newCols=30 effImprove=30 updated=0
    [CG] CG iter 5: obj=2681116.773760, maxRC=342519.595086, +30 cols
    [CG]   [DIAG] iter=5 posCols=30 newCols=30 effImprove=30 updated=0
    [CG] CG iter 6: obj=2699543.519060, maxRC=234394.436731, +30 cols
    [CG]   [DIAG] iter=6 posCols=30 newCols=30 effImprove=30 updated=0
    [CG] CG iter 7: obj=2731919.389740, maxRC=124800.617566, +29 cols
    [CG]   [DIAG] iter=7 posCols=29 newCols=28 effImprove=29 updated=1
    [CG] CG iter 8: obj=2798283.738502, maxRC=122067.837495, +22 cols
    [CG]   [DIAG] iter=8 posCols=22 newCols=22 effImprove=22 updated=0
    [CG] CG iter 9: obj=2870967.537457, maxRC=129027.807646, +18 cols
    [CG]   [DIAG] iter=9 posCols=18 newCols=17 effImprove=18 updated=1
    [CG] CG iter 10: obj=2912006.094463, maxRC=47861.649080, +13 cols
    [CG]   [DIAG] iter=10 posCols=13 newCols=13 effImprove=13 updated=0
    [CG] CG iter 11: obj=2943026.392167, maxRC=37666.783656, +13 cols
    [CG]   [DIAG] iter=11 posCols=13 newCols=13 effImprove=13 updated=0
    [CG] CG iter 12: obj=2953743.328265, maxRC=39937.575378, +8 cols
    [CG]   [DIAG] iter=12 posCols=8 newCols=8 effImprove=8 updated=0
    [CG] CG iter 13: obj=2968218.984040, maxRC=11251.710384, +8 cols
    [CG]   [DIAG] iter=13 posCols=8 newCols=8 effImprove=8 updated=0
    [CG] CG iter 14: obj=2973844.839233, maxRC=6210.191037, +4 cols
    [CG]   [DIAG] iter=14 posCols=4 newCols=4 effImprove=4 updated=0
    [CG] CG iter 15: obj=2976129.866729, maxRC=3765.575293, +3 cols
    [CG]   [DIAG] iter=15 posCols=3 newCols=3 effImprove=3 updated=0
    [CG] 列生成收敛，共 16 轮迭代
    [CG] [CG-NODE] depth=0 exit=CERTIFIED certified=1 feasible=1 iters=16 generatedColsBeforeNode=0 newCols=296 posCandidates=298 duplicateCandidates=2 updatedCols=2 zeroObjImproveIters=0 objFirst=1237076.023859 objLast=2979572.996296 objGain=1742496.972437 maxRC=1701752.851265 wallSec=0.199371 pricingSec=0.186439 cplexSolveSec=0.008127
      [BB] 根节点即为整数解，obj=2979572.996296
