    [CG] 列生成开始，初始列数=310
    [CG] CG iter 1: obj=1211200.831873, maxRC=1703569.548848, +30 cols
    [CG]   [DIAG] iter=1 posCols=30 newCols=30 effImprove=30 updated=0
    [CG] CG iter 2: obj=2215944.426372, maxRC=430540.647962, +30 cols
    [CG]   [DIAG] iter=2 posCols=30 newCols=30 effImprove=30 updated=0
    [CG] CG iter 3: obj=2457339.313062, maxRC=541774.629519, +30 cols
    [CG]   [DIAG] iter=3 posCols=30 newCols=30 effImprove=30 updated=0
    [CG] CG iter 4: obj=2631144.753685, maxRC=196272.903117, +28 cols
    [CG]   [DIAG] iter=4 posCols=28 newCols=28 effImprove=28 updated=0
    [CG] CG iter 5: obj=2672853.661699, maxRC=314788.285370, +27 cols
    [CG]   [DIAG] iter=5 posCols=27 newCols=27 effImprove=27 updated=0
    [CG] CG iter 6: obj=2719505.088441, maxRC=157319.340680, +28 cols
    [CG]   [DIAG] iter=6 posCols=28 newCols=28 effImprove=28 updated=0
    [CG] CG iter 7: obj=2812869.070395, maxRC=125386.321222, +20 cols
    [CG]   [DIAG] iter=7 posCols=20 newCols=20 effImprove=20 updated=0
    [CG] CG iter 8: obj=2842441.720118, maxRC=127339.159877, +16 cols
    [CG]   [DIAG] iter=8 posCols=16 newCols=16 effImprove=16 updated=0
    [CG] CG iter 9: obj=2853921.219523, maxRC=91973.549920, +16 cols
    [CG]   [DIAG] iter=9 posCols=16 newCols=16 effImprove=16 updated=0
    [CG] CG iter 10: obj=2882902.621152, maxRC=53004.947020, +9 cols
    [CG]   [DIAG] iter=10 posCols=9 newCols=8 effImprove=9 updated=1
    [CG] CG iter 11: obj=2912118.065680, maxRC=22725.481033, +10 cols
    [CG]   [DIAG] iter=11 posCols=10 newCols=10 effImprove=10 updated=0
    [CG] CG iter 12: obj=2915285.136596, maxRC=8924.426632, +6 cols
    [CG]   [DIAG] iter=12 posCols=6 newCols=6 effImprove=6 updated=0
    [CG] CG iter 13: obj=2919747.349913, maxRC=3870.294815, +3 cols
    [CG]   [DIAG] iter=13 posCols=3 newCols=3 effImprove=3 updated=0
    [CG] CG iter 14: obj=2923617.644727, maxRC=553.717712, +1 cols
    [CG]   [DIAG] iter=14 posCols=1 newCols=1 effImprove=1 updated=0
    [CG] 列生成收敛，共 15 轮迭代
    [CG] [CG-NODE] depth=0 exit=CERTIFIED certified=1 feasible=1 iters=15 generatedColsBeforeNode=0 newCols=253 posCandidates=254 duplicateCandidates=1 updatedCols=1 zeroObjImproveIters=1 objFirst=1211200.831873 objLast=2923617.644727 objGain=1712416.812854 maxRC=1703569.548848 wallSec=0.179297 pricingSec=0.170057 cplexSolveSec=0.006132
      [BB] 根节点即为整数解，obj=2923617.644727
