    [CG] 列生成开始，初始列数=310
    [CG] CG iter 1: obj=1182435.761328, maxRC=1606133.521672, +30 cols
    [CG]   [DIAG] iter=1 posCols=30 newCols=30 effImprove=30 updated=0
    [CG] CG iter 2: obj=2120722.266161, maxRC=352542.431977, +30 cols
    [CG]   [DIAG] iter=2 posCols=30 newCols=30 effImprove=30 updated=0
    [CG] CG iter 3: obj=2378901.625685, maxRC=541615.498419, +30 cols
    [CG]   [DIAG] iter=3 posCols=30 newCols=30 effImprove=30 updated=0
    [CG] CG iter 4: obj=2491139.747131, maxRC=289849.824071, +30 cols
    [CG]   [DIAG] iter=4 posCols=30 newCols=30 effImprove=30 updated=0
    [CG] CG iter 5: obj=2517814.781881, maxRC=230338.638601, +28 cols
    [CG]   [DIAG] iter=5 posCols=28 newCols=28 effImprove=28 updated=0
    [CG] CG iter 6: obj=2599870.296684, maxRC=230588.784622, +26 cols
    [CG]   [DIAG] iter=6 posCols=26 newCols=26 effImprove=26 updated=0
    [CG] CG iter 7: obj=2629324.728570, maxRC=133703.833131, +26 cols
    [CG]   [DIAG] iter=7 posCols=26 newCols=26 effImprove=26 updated=0
    [CG] CG iter 8: obj=2746228.132355, maxRC=124747.063175, +22 cols
    [CG]   [DIAG] iter=8 posCols=22 newCols=22 effImprove=22 updated=0
    [CG] CG iter 9: obj=2807762.948385, maxRC=52427.391009, +12 cols
    [CG]   [DIAG] iter=9 posCols=12 newCols=12 effImprove=12 updated=0
    [CG] CG iter 10: obj=2807762.948385, maxRC=95480.870770, +15 cols
    [CG]   [DIAG] iter=10 posCols=15 newCols=15 effImprove=15 updated=0
    [CG] CG iter 11: obj=2807762.948385, maxRC=66381.355895, +13 cols
    [CG]   [DIAG] iter=11 posCols=13 newCols=13 effImprove=13 updated=0
    [CG] CG iter 12: obj=2811677.833058, maxRC=84925.488553, +17 cols
    [CG]   [DIAG] iter=12 posCols=17 newCols=17 effImprove=17 updated=0
    [CG] CG iter 13: obj=2822920.657236, maxRC=43890.568606, +15 cols
    [CG]   [DIAG] iter=13 posCols=15 newCols=15 effImprove=15 updated=0
    [CG] CG iter 14: obj=2832078.690439, maxRC=42271.428203, +14 cols
    [CG]   [DIAG] iter=14 posCols=14 newCols=14 effImprove=14 updated=0
    [CG] CG iter 15: obj=2832078.690439, maxRC=19977.922822, +9 cols
    [CG]   [DIAG] iter=15 posCols=9 newCols=9 effImprove=9 updated=0
    [CG] CG iter 16: obj=2841160.418456, maxRC=10780.299719, +6 cols
    [CG]   [DIAG] iter=16 posCols=6 newCols=6 effImprove=6 updated=0
    [CG] CG iter 17: obj=2843061.712222, maxRC=9732.201002, +8 cols
    [CG]   [DIAG] iter=17 posCols=8 newCols=8 effImprove=8 updated=0
    [CG] CG iter 18: obj=2850892.619458, maxRC=1810.985278, +2 cols
    [CG]   [DIAG] iter=18 posCols=2 newCols=2 effImprove=2 updated=0
    [CG] 列生成收敛，共 19 轮迭代
    [CG] [CG-NODE] depth=0 exit=CERTIFIED certified=1 feasible=1 iters=19 generatedColsBeforeNode=0 newCols=333 posCandidates=333 duplicateCandidates=0 updatedCols=0 zeroObjImproveIters=4 objFirst=1182435.761328 objLast=2850892.619458 objGain=1668456.858129 maxRC=1606133.521672 wallSec=0.198165 pricingSec=0.183336 cplexSolveSec=0.009771
      [BB] 根节点即为整数解，obj=2850892.619458
