    [CG] 列生成开始，初始列数=310
    [CG] CG iter 1: obj=1184136.370323, maxRC=1611566.983613, +30 cols
    [CG]   [DIAG] iter=1 posCols=30 newCols=30 effImprove=30 updated=0
    [CG] CG iter 2: obj=2122000.268417, maxRC=387837.453475, +30 cols
    [CG]   [DIAG] iter=2 posCols=30 newCols=30 effImprove=30 updated=0
    [CG] CG iter 3: obj=2364167.156889, maxRC=526638.359584, +30 cols
    [CG]   [DIAG] iter=3 posCols=30 newCols=30 effImprove=30 updated=0
    [CG] CG iter 4: obj=2437232.948810, maxRC=443537.691116, +30 cols
    [CG]   [DIAG] iter=4 posCols=30 newCols=30 effImprove=30 updated=0
    [CG] CG iter 5: obj=2468783.960720, maxRC=245519.215680, +27 cols
    [CG]   [DIAG] iter=5 posCols=27 newCols=27 effImprove=27 updated=0
    [CG] CG iter 6: obj=2551812.954238, maxRC=205632.847072, +30 cols
    [CG]   [DIAG] iter=6 posCols=30 newCols=30 effImprove=30 updated=0
    [CG] CG iter 7: obj=2615986.520101, maxRC=140498.171813, +25 cols
    [CG]   [DIAG] iter=7 posCols=25 newCols=25 effImprove=25 updated=0
    [CG] CG iter 8: obj=2702288.896077, maxRC=88889.156043, +24 cols
    [CG]   [DIAG] iter=8 posCols=24 newCols=23 effImprove=24 updated=1
    [CG] CG iter 9: obj=2788994.142413, maxRC=132281.199229, +15 cols
    [CG]   [DIAG] iter=9 posCols=15 newCols=15 effImprove=15 updated=0
    [CG] CG iter 10: obj=2800001.800619, maxRC=97007.382893, +12 cols
    [CG]   [DIAG] iter=10 posCols=12 newCols=12 effImprove=12 updated=0
    [CG] CG iter 11: obj=2826381.416821, maxRC=72806.157962, +10 cols
    [CG]   [DIAG] iter=11 posCols=10 newCols=10 effImprove=10 updated=0
    [CG] CG iter 12: obj=2826381.416821, maxRC=40562.072447, +11 cols
    [CG]   [DIAG] iter=12 posCols=11 newCols=11 effImprove=11 updated=0
    [CG] CG iter 13: obj=2833016.387120, maxRC=22887.969820, +11 cols
    [CG]   [DIAG] iter=13 posCols=11 newCols=10 effImprove=11 updated=1
    [CG] CG iter 14: obj=2839579.492820, maxRC=25059.279802, +11 cols
    [CG]   [DIAG] iter=14 posCols=11 newCols=11 effImprove=11 updated=0
    [CG] CG iter 15: obj=2851505.004307, maxRC=9797.680056, +7 cols
    [CG]   [DIAG] iter=15 posCols=7 newCols=7 effImprove=7 updated=0
    [CG] CG iter 16: obj=2853382.754179, maxRC=4207.864015, +3 cols
    [CG]   [DIAG] iter=16 posCols=3 newCols=3 effImprove=3 updated=0
    [CG] 列生成收敛，共 17 轮迭代
    [CG] [CG-NODE] depth=0 exit=CERTIFIED certified=1 feasible=1 iters=17 generatedColsBeforeNode=0 newCols=304 posCandidates=306 duplicateCandidates=2 updatedCols=2 zeroObjImproveIters=1 objFirst=1184136.370323 objLast=2857590.618194 objGain=1673454.247871 maxRC=1611566.983613 wallSec=0.195404 pricingSec=0.184113 cplexSolveSec=0.007700
      [BB] 根节点即为整数解，obj=2857590.618194
