    [CG] 列生成开始，初始列数=310
    [CG] CG iter 1: obj=1242458.411909, maxRC=1699224.380366, +30 cols
    [CG]   [DIAG] iter=1 posCols=30 newCols=30 effImprove=30 updated=0
    [CG] CG iter 2: obj=2246254.250661, maxRC=444255.886322, +29 cols
    [CG]   [DIAG] iter=2 posCols=29 newCols=29 effImprove=29 updated=0
    [CG] CG iter 3: obj=2545605.184405, maxRC=712843.321960, +30 cols
    [CG]   [DIAG] iter=3 posCols=30 newCols=30 effImprove=30 updated=0
    [CG] CG iter 4: obj=2650941.942455, maxRC=324061.437295, +30 cols
    [CG]   [DIAG] iter=4 posCols=30 newCols=30 effImprove=30 updated=0
    [CG] CG iter 5: obj=2667517.825142, maxRC=264355.467635, +30 cols
    [CG]   [DIAG] iter=5 posCols=30 newCols=30 effImprove=30 updated=0
    [CG] CG iter 6: obj=2700759.094008, maxRC=173247.680714, +30 cols
    [CG]   [DIAG] iter=6 posCols=30 newCols=30 effImprove=30 updated=0
    [CG] CG iter 7: obj=2744070.748123, maxRC=154597.881571, +27 cols
    [CG]   [DIAG] iter=7 posCols=27 newCols=27 effImprove=27 updated=0
    [CG] CG iter 8: obj=2782223.541310, maxRC=108641.255931, +25 cols
    [CG]   [DIAG] iter=8 posCols=25 newCols=25 effImprove=25 updated=0
    [CG] CG iter 9: obj=2821383.656754, maxRC=137697.036145, +26 cols
    [CG]   [DIAG] iter=9 posCols=26 newCols=25 effImprove=26 updated=1
    [CG] CG iter 10: obj=2882685.588309, maxRC=96019.715464, +24 cols
    [CG]   [DIAG] iter=10 posCols=24 newCols=24 effImprove=24 updated=0
    [CG] CG iter 11: obj=2913522.798236, maxRC=53475.269666, +17 cols
    [CG]   [DIAG] iter=11 posCols=17 newCols=17 effImprove=17 updated=0
    [CG] CG iter 12: obj=2941601.848552, maxRC=83823.073745, +20 cols
    [CG]   [DIAG] iter=12 posCols=20 newCols=19 effImprove=20 updated=1
    [CG] CG iter 13: obj=2957716.331456, maxRC=25539.398517, +15 cols
    [CG]   [DIAG] iter=13 posCols=15 newCols=15 effImprove=15 updated=0
    [CG] CG iter 14: obj=2975421.996080, maxRC=16853.734071, +12 cols
    [CG]   [DIAG] iter=14 posCols=12 newCols=12 effImprove=12 updated=0
    [CG] CG iter 15: obj=2991736.511685, maxRC=12775.078444, +8 cols
    [CG]   [DIAG] iter=15 posCols=8 newCols=8 effImprove=8 updated=0
    [CG] CG iter 16: obj=2991736.511685, maxRC=4913.092194, +2 cols
    [CG]   [DIAG] iter=16 posCols=2 newCols=2 effImprove=2 updated=0
    [CG] CG iter 17: obj=2991736.511685, maxRC=604.951653, +1 cols
    [CG]   [DIAG] iter=17 posCols=1 newCols=1 effImprove=1 updated=0
    [CG] CG iter 18: obj=2991736.511685, maxRC=146.708007, +2 cols
    [CG]   [DIAG] iter=18 posCols=2 newCols=1 effImprove=2 updated=1
    [CG] 列生成收敛，共 19 轮迭代
    [CG] [CG-NODE] depth=0 exit=CERTIFIED certified=1 feasible=1 iters=19 generatedColsBeforeNode=0 newCols=355 posCandidates=358 duplicateCandidates=3 updatedCols=3 zeroObjImproveIters=4 objFirst=1242458.411909 objLast=2991736.511685 objGain=1749278.099776 maxRC=1699224.380366 wallSec=0.268809 pricingSec=0.233240 cplexSolveSec=0.010543
      [BB] 根节点即为整数解，obj=2991736.511685
