    [CG] 列生成开始，初始列数=310
    [CG] CG iter 1: obj=1212329.625075, maxRC=1565541.357751, +30 cols
    [CG]   [DIAG] iter=1 posCols=30 newCols=30 effImprove=30 updated=0
    [CG] CG iter 2: obj=2119569.390960, maxRC=495868.780473, +30 cols
    [CG]   [DIAG] iter=2 posCols=30 newCols=30 effImprove=30 updated=0
    [CG] CG iter 3: obj=2305291.866650, maxRC=580703.770178, +30 cols
    [CG]   [DIAG] iter=3 posCols=30 newCols=30 effImprove=30 updated=0
    [CG] CG iter 4: obj=2509362.290739, maxRC=523244.989334, +30 cols
    [CG]   [DIAG] iter=4 posCols=30 newCols=30 effImprove=30 updated=0
    [CG] CG iter 5: obj=2560904.196862, maxRC=264228.430035, +30 cols
    [CG]   [DIAG] iter=5 posCols=30 newCols=30 effImprove=30 updated=0
    [CG] CG iter 6: obj=2678635.109381, maxRC=190324.101776, +30 cols
    [CG]   [DIAG] iter=6 posCols=30 newCols=30 effImprove=30 updated=0
    [CG] CG iter 7: obj=2690463.186164, maxRC=143455.474950, +23 cols
    [CG]   [DIAG] iter=7 posCols=23 newCols=23 effImprove=23 updated=0
    [CG] CG iter 8: obj=2718021.765486, maxRC=96251.871608, +19 cols
    [CG]   [DIAG] iter=8 posCols=19 newCols=19 effImprove=19 updated=0
    [CG] CG iter 9: obj=2869175.141047, maxRC=97157.486567, +21 cols
    [CG]   [DIAG] iter=9 posCols=21 newCols=21 effImprove=21 updated=0
    [CG] CG iter 10: obj=2869175.141047, maxRC=60755.755635, +16 cols
    [CG]   [DIAG] iter=10 posCols=16 newCols=16 effImprove=16 updated=0
    [CG] CG iter 11: obj=2893339.525251, maxRC=39948.450041, +19 cols
    [CG]   [DIAG] iter=11 posCols=19 newCols=18 effImprove=19 updated=1
    [CG] CG iter 12: obj=2901027.848625, maxRC=23872.925302, +9 cols
    [CG]   [DIAG] iter=12 posCols=9 newCols=9 effImprove=9 updated=0
    [CG] CG iter 13: obj=2901027.848625, maxRC=13686.673800, +8 cols
    [CG]   [DIAG] iter=13 posCols=8 newCols=8 effImprove=8 updated=0
    [CG] CG iter 14: obj=2918137.807213, maxRC=368.293856, +1 cols
    [CG]   [DIAG] iter=14 posCols=1 newCols=1 effImprove=1 updated=0
    [CG] 列生成收敛，共 15 轮迭代
    [CG] [CG-NODE] depth=0 exit=CERTIFIED certified=1 feasible=1 iters=15 generatedColsBeforeNode=0 newCols=295 posCandidates=296 duplicateCandidates=1 updatedCols=1 zeroObjImproveIters=3 objFirst=1212329.625075 objLast=2918137.807213 objGain=1705808.182139 maxRC=1565541.357751 wallSec=0.211364 pricingSec=0.200707 cplexSolveSec=0.007095
      [BB] 根节点即为整数解，obj=2918137.807213
