    [CG] 列生成开始，初始列数=310
    [CG] CG iter 1: obj=842314.328409, maxRC=699146.183842, +30 cols
    [CG]   [DIAG] iter=1 posCols=30 newCols=30 effImprove=30 updated=0
    [CG] CG iter 2: obj=1493963.975701, maxRC=256279.181490, +24 cols
    [CG]   [DIAG] iter=2 posCols=24 newCols=24 effImprove=24 updated=0
    [CG] CG iter 3: obj=1535229.972310, maxRC=228238.522204, +21 cols
    [CG]   [DIAG] iter=3 posCols=21 newCols=21 effImprove=21 updated=0
    [CG] CG iter 4: obj=1641822.582703, maxRC=202375.848797, +21 cols
    [CG]   [DIAG] iter=4 posCols=21 newCols=21 effImprove=21 updated=0
    [CG] CG iter 5: obj=1770235.863339, maxRC=94652.938385, +22 cols
    [CG]   [DIAG] iter=5 posCols=22 newCols=21 effImprove=22 updated=1
    [CG] CG iter 6: obj=1797690.192277, maxRC=90038.430087, +17 cols
    [CG]   [DIAG] iter=6 posCols=17 newCols=17 effImprove=17 updated=0
    [CG] CG iter 7: obj=1802029.495642, maxRC=60573.878270, +17 cols
    [CG]   [DIAG] iter=7 posCols=17 newCols=17 effImprove=17 updated=0
    [CG] CG iter 8: obj=1841520.826078, maxRC=30342.685394, +15 cols
    [CG]   [DIAG] iter=8 posCols=15 newCols=14 effImprove=15 updated=1
    [CG] CG iter 9: obj=1845483.204051, maxRC=24046.361909, +10 cols
    [CG]   [DIAG] iter=9 posCols=10 newCols=9 effImprove=10 updated=1
    [CG] CG iter 10: obj=1848799.371420, maxRC=37023.008623, +4 cols
    [CG]   [DIAG] iter=10 posCols=4 newCols=4 effImprove=4 updated=0
    [CG] CG iter 11: obj=1882489.009598, maxRC=7836.564695, +3 cols
    [CG]   [DIAG] iter=11 posCols=3 newCols=3 effImprove=3 updated=0
    [CG] CG iter 12: obj=1882489.009598, maxRC=7681.156308, +1 cols
    [CG]   [DIAG] iter=12 posCols=1 newCols=1 effImprove=1 updated=0
    [CG] 列生成收敛，共 13 轮迭代
    [CG] [CG-NODE] depth=0 exit=CERTIFIED certified=1 feasible=1 iters=13 generatedColsBeforeNode=0 newCols=182 posCandidates=185 duplicateCandidates=3 updatedCols=3 zeroObjImproveIters=2 objFirst=842314.328409 objLast=1882489.009598 objGain=1040174.681190 maxRC=699146.183842 wallSec=0.090965 pricingSec=0.084241 cplexSolveSec=0.003974
      [BB] 根节点即为整数解，obj=1882489.009598
