    [CG] 列生成开始，初始列数=310
    [CG] CG iter 1: obj=984318.019160, maxRC=694646.785219, +30 cols
    [CG]   [DIAG] iter=1 posCols=30 newCols=30 effImprove=30 updated=0
    [CG] CG iter 2: obj=1564458.432809, maxRC=221186.379813, +30 cols
    [CG]   [DIAG] iter=2 posCols=30 newCols=30 effImprove=30 updated=0
    [CG] CG iter 3: obj=1750904.255097, maxRC=145675.724099, +26 cols
    [CG]   [DIAG] iter=3 posCols=26 newCols=25 effImprove=26 updated=1
    [CG] CG iter 4: obj=1809435.962618, maxRC=141591.735377, +24 cols
    [CG]   [DIAG] iter=4 posCols=24 newCols=24 effImprove=24 updated=0
    [CG] CG iter 5: obj=1825873.683922, maxRC=139835.639910, +21 cols
    [CG]   [DIAG] iter=5 posCols=21 newCols=20 effImprove=21 updated=1
    [CG] CG iter 6: obj=1852092.424940, maxRC=44061.255670, +21 cols
    [CG]   [DIAG] iter=6 posCols=21 newCols=21 effImprove=21 updated=0
    [CG] CG iter 7: obj=1920447.323684, maxRC=35080.497341, +15 cols
    [CG]   [DIAG] iter=7 posCols=15 newCols=15 effImprove=15 updated=0
    [CG] CG iter 8: obj=1924264.283974, maxRC=15071.756658, +10 cols
    [CG]   [DIAG] iter=8 posCols=10 newCols=9 effImprove=10 updated=1
    [CG] CG iter 9: obj=1936832.408198, maxRC=6194.798694, +4 cols
    [CG]   [DIAG] iter=9 posCols=4 newCols=2 effImprove=4 updated=2
    [CG] CG iter 10: obj=1936832.408198, maxRC=89.959438, +1 cols
    [CG]   [DIAG] iter=10 posCols=1 newCols=1 effImprove=1 updated=0
    [CG] 列生成收敛，共 11 轮迭代
    [CG] [CG-NODE] depth=0 exit=CERTIFIED certified=1 feasible=1 iters=11 generatedColsBeforeNode=0 newCols=177 posCandidates=182 duplicateCandidates=5 updatedCols=5 zeroObjImproveIters=1 objFirst=984318.019160 objLast=1936877.387917 objGain=952559.368758 maxRC=694646.785219 wallSec=0.081761 pricingSec=0.073316 cplexSolveSec=0.004295
      [BB] 分支定界开始，根节点LP obj=1936877.387917，最大节点数=10000
      [BB] 根节点启发式下界 LB=1711126.463841（上界=1936877.387917）
    [CG] [BB-DIAG] 分支 x_{dc=4,retailer=1}, 节点数=1
    [CG] 列生成开始，初始列数=481
    [CG] CG iter 12: obj=1936832.408198, maxRC=65881.194669, +22 cols
    [CG]   [DIAG] iter=12 posCols=22 newCols=22 effImprove=22 updated=0
    [CG] CG iter 13: obj=1936832.408198, maxRC=33364.675661, +14 cols
    [CG]   [DIAG] iter=13 posCols=14 newCols=14 effImprove=14 updated=0
    [CG] CG iter 14: obj=1936832.408198, maxRC=23486.719798, +10 cols
    [CG]   [DIAG] iter=14 posCols=10 newCols=10 effImprove=10 updated=0
    [CG] CG iter 15: obj=1936832.408198, maxRC=11449.250559, +6 cols
    [CG]   [DIAG] iter=15 posCols=6 newCols=6 effImprove=6 updated=0
    [CG] CG iter 16: obj=1936832.408198, maxRC=10990.005041, +4 cols
    [CG]   [DIAG] iter=16 posCols=4 newCols=4 effImprove=4 updated=0
    [CG] CG iter 17: obj=1936832.408198, maxRC=6390.047812, +5 cols
    [CG]   [DIAG] iter=17 posCols=5 newCols=4 effImprove=5 updated=1
    [CG] CG iter 18: obj=1936832.408198, maxRC=205.489255, +1 cols
    [CG]   [DIAG] iter=18 posCols=1 newCols=1 effImprove=1 updated=0
    [CG] 列生成收敛，共 19 轮迭代
    [CG] [CG-NODE] depth=1 exit=CERTIFIED certified=1 feasible=1 iters=8 generatedColsBeforeNode=177 newCols=61 posCandidates=62 duplicateCandidates=1 updatedCols=1 zeroObjImproveIters=7 objFirst=1936832.408198 objLast=1936832.408198 objGain=-0.000000 maxRC=65881.194669 wallSec=0.014239 pricingSec=0.009680 cplexSolveSec=0.002918
    [CG] 列生成开始，初始列数=443
    [CG] CG iter 20: obj=1931644.963991, maxRC=70205.563123, +20 cols
    [CG]   [DIAG] iter=20 posCols=20 newCols=20 effImprove=20 updated=0
    [CG] CG iter 21: obj=1931644.963991, maxRC=39489.194615, +16 cols
    [CG]   [DIAG] iter=21 posCols=16 newCols=16 effImprove=16 updated=0
    [CG] CG iter 22: obj=1931644.963991, maxRC=14130.448385, +10 cols
    [CG]   [DIAG] iter=22 posCols=10 newCols=9 effImprove=10 updated=1
    [CG] CG iter 23: obj=1931644.963991, maxRC=3303.976747, +4 cols
    [CG]   [DIAG] iter=23 posCols=4 newCols=4 effImprove=4 updated=0
    [CG] CG iter 24: obj=1931644.963991, maxRC=694.146686, +1 cols
    [CG]   [DIAG] iter=24 posCols=1 newCols=1 effImprove=1 updated=0
    [CG] 列生成收敛，共 25 轮迭代
    [CG] [CG-NODE] depth=1 exit=CERTIFIED certified=1 feasible=1 iters=6 generatedColsBeforeNode=238 newCols=50 posCandidates=51 duplicateCandidates=1 updatedCols=1 zeroObjImproveIters=5 objFirst=1931644.963991 objLast=1931644.963991 objGain=0.000000 maxRC=70205.563123 wallSec=0.010002 pricingSec=0.006502 cplexSolveSec=0.002285
    [CG] [BB-INCUMBENT] selection=2 node=1 previous=1711126.463841 value=1931644.963991 active=1
    [CG] [BB-NODESEL] strategy=hybrid choice=dfs eligibleCount=1 active=1 gap=0.002686
    [CG] [BB-INCUMBENT] selection=3 node=1 previous=1931644.963991 value=1936832.408198 active=0
      [BB] 分支定界结束：处理 3 节点，剪枝 0，剩余活跃 0，整数解 3，状态=OPTIMAL，最好可行 obj=1936832.408198，gap=0.000000
