    [CG] 列生成开始，初始列数=310
    [CG] CG iter 1: obj=934665.921564, maxRC=685071.636812, +30 cols
    [CG]   [DIAG] iter=1 posCols=30 newCols=30 effImprove=30 updated=0
    [CG] CG iter 2: obj=1547277.726096, maxRC=247174.270452, +26 cols
    [CG]   [DIAG] iter=2 posCols=26 newCols=26 effImprove=26 updated=0
    [CG] CG iter 3: obj=1679072.986971, maxRC=210258.748973, +27 cols
    [CG]   [DIAG] iter=3 posCols=27 newCols=27 effImprove=27 updated=0
    [CG] CG iter 4: obj=1849415.285197, maxRC=148023.814745, +24 cols
    [CG]   [DIAG] iter=4 posCols=24 newCols=24 effImprove=24 updated=0
    [CG] CG iter 5: obj=1865616.732370, maxRC=42497.461339, +20 cols
    [CG]   [DIAG] iter=5 posCols=20 newCols=19 effImprove=20 updated=1
    [CG] CG iter 6: obj=1899708.805454, maxRC=37535.644494, +20 cols
    [CG]   [DIAG] iter=6 posCols=20 newCols=20 effImprove=20 updated=0
    [CG] CG iter 7: obj=1920119.742650, maxRC=15169.163624, +7 cols
    [CG]   [DIAG] iter=7 posCols=7 newCols=6 effImprove=7 updated=1
    [CG] CG iter 8: obj=1922743.521605, maxRC=9692.054884, +7 cols
    [CG]   [DIAG] iter=8 posCols=7 newCols=6 effImprove=7 updated=1
    [CG] CG iter 9: obj=1936701.612615, maxRC=6800.813898, +2 cols
    [CG]   [DIAG] iter=9 posCols=2 newCols=2 effImprove=2 updated=0
    [CG] CG iter 10: obj=1936701.612615, maxRC=2066.570610, +2 cols
    [CG]   [DIAG] iter=10 posCols=2 newCols=2 effImprove=2 updated=0
    [CG] CG iter 11: obj=1936701.612615, maxRC=241.796079, +1 cols
    [CG]   [DIAG] iter=11 posCols=1 newCols=1 effImprove=1 updated=0
    [CG] CG iter 12: obj=1936701.612615, maxRC=151.844605, +1 cols
    [CG]   [DIAG] iter=12 posCols=1 newCols=1 effImprove=1 updated=0
    [CG] 列生成收敛，共 13 轮迭代
    [CG] [CG-NODE] depth=0 exit=CERTIFIED certified=1 feasible=1 iters=13 generatedColsBeforeNode=0 newCols=164 posCandidates=167 duplicateCandidates=3 updatedCols=3 zeroObjImproveIters=4 objFirst=934665.921564 objLast=1936701.612615 objGain=1002035.691051 maxRC=685071.636812 wallSec=0.061755 pricingSec=0.055650 cplexSolveSec=0.003599
      [BB] 根节点即为整数解，obj=1936701.612615
