    [CG] 列生成开始，初始列数=310
    [CG] CG iter 1: obj=357791.891655, maxRC=503050.187745, +21 cols
    [CG]   [DIAG] iter=1 posCols=21 newCols=21 effImprove=21 updated=0
    [CG] CG iter 2: obj=943065.711228, maxRC=382224.910586, +16 cols
    [CG]   [DIAG] iter=2 posCols=16 newCols=16 effImprove=16 updated=0
    [CG] CG iter 3: obj=943065.711228, maxRC=239732.863965, +15 cols
    [CG]   [DIAG] iter=3 posCols=15 newCols=15 effImprove=15 updated=0
    [CG] CG iter 4: obj=943065.711228, maxRC=262667.857631, +15 cols
    [CG]   [DIAG] iter=4 posCols=15 newCols=15 effImprove=15 updated=0
    [CG] CG iter 5: obj=943065.711228, maxRC=254888.920658, +15 cols
    [CG]   [DIAG] iter=5 posCols=15 newCols=15 effImprove=15 updated=0
    [CG] CG iter 6: obj=943065.711228, maxRC=176412.962488, +18 cols
    [CG]   [DIAG] iter=6 posCols=18 newCols=18 effImprove=18 updated=0
    [CG] CG iter 7: obj=943065.711228, maxRC=151764.087796, +15 cols
    [CG]   [DIAG] iter=7 posCols=15 newCols=15 effImprove=15 updated=0
    [CG] CG iter 8: obj=943065.711228, maxRC=135991.149099, +17 cols
    [CG]   [DIAG] iter=8 posCols=17 newCols=17 effImprove=17 updated=0
    [CG] CG iter 9: obj=945302.208186, maxRC=156615.506353, +16 cols
    [CG]   [DIAG] iter=9 posCols=16 newCols=16 effImprove=16 updated=0
    [CG] CG iter 10: obj=985499.232805, maxRC=117589.471723, +14 cols
    [CG]   [DIAG] iter=10 posCols=14 newCols=14 effImprove=14 updated=0
    [CG] CG iter 11: obj=1082364.962660, maxRC=113815.005967, +15 cols
    [CG]   [DIAG] iter=11 posCols=15 newCols=15 effImprove=15 updated=0
    [CG] CG iter 12: obj=1082364.962660, maxRC=37893.172528, +12 cols
    [CG]   [DIAG] iter=12 posCols=12 newCols=12 effImprove=12 updated=0
    [CG] CG iter 13: obj=1082364.962660, maxRC=67345.871808, +12 cols
    [CG]   [DIAG] iter=13 posCols=12 newCols=12 effImprove=12 updated=0
    [CG] CG iter 14: obj=1082364.962660, maxRC=36480.269373, +9 cols
    [CG]   [DIAG] iter=14 posCols=9 newCols=8 effImprove=9 updated=1
    [CG] CG iter 15: obj=1090232.486163, maxRC=9248.845810, +3 cols
    [CG]   [DIAG] iter=15 posCols=3 newCols=3 effImprove=3 updated=0
    [CG] CG iter 16: obj=1090232.486163, maxRC=7026.565857, +1 cols
    [CG]   [DIAG] iter=16 posCols=1 newCols=1 effImprove=1 updated=0
    [CG] CG iter 17: obj=1090232.486163, maxRC=3733.869804, +1 cols
    [CG]   [DIAG] iter=17 posCols=1 newCols=1 effImprove=1 updated=0
    [CG] CG iter 18: obj=1090232.486163, maxRC=3044.874354, +1 cols
    [CG]   [DIAG] iter=18 posCols=1 newCols=1 effImprove=1 updated=0
    [CG] CG iter 19: obj=1090232.486163, maxRC=4389.507032, +1 cols
    [CG]   [DIAG] iter=19 posCols=1 newCols=1 effImprove=1 updated=0
    [CG] CG iter 20: obj=1090232.486163, maxRC=2264.986512, +1 cols
    [CG]   [DIAG] iter=20 posCols=1 newCols=1 effImprove=1 updated=0
    [CG] CG iter 21: obj=1092497.472675, maxRC=2350.462919, +1 cols
    [CG]   [DIAG] iter=21 posCols=1 newCols=1 effImprove=1 updated=0
    [CG] CG iter 22: obj=1092497.472675, maxRC=1685.756221, +1 cols
    [CG]   [DIAG] iter=22 posCols=1 newCols=1 effImprove=1 updated=0
    [CG] CG iter 23: obj=1092497.472675, maxRC=912.854943, +1 cols
    [CG]   [DIAG] iter=23 posCols=1 newCols=1 effImprove=1 updated=0
    [CG] 列生成收敛，共 24 轮迭代
    [CG] [CG-NODE] depth=0 exit=CERTIFIED certified=1 feasible=1 iters=24 generatedColsBeforeNode=0 newCols=220 posCandidates=221 duplicateCandidates=1 updatedCols=1 zeroObjImproveIters=17 objFirst=357791.891655 objLast=1092497.472675 objGain=734705.581020 maxRC=503050.187745 wallSec=0.774984 pricingSec=0.763157 cplexSolveSec=0.006542
      [BB] 根节点即为整数解，obj=1092497.472675
