    [CG] 列生成开始，初始列数=310
    [CG] CG iter 1: obj=423162.269889, maxRC=707696.038743, +18 cols
    [CG]   [DIAG] iter=1 posCols=18 newCols=18 effImprove=18 updated=0
    [CG] CG iter 2: obj=1244408.805862, maxRC=584095.723493, +15 cols
    [CG]   [DIAG] iter=2 posCols=15 newCols=15 effImprove=15 updated=0
    [CG] CG iter 3: obj=1267987.653985, maxRC=468553.377053, +15 cols
    [CG]   [DIAG] iter=3 posCols=15 newCols=15 effImprove=15 updated=0
    [CG] CG iter 4: obj=1267987.653985, maxRC=376922.756505, +15 cols
    [CG]   [DIAG] iter=4 posCols=15 newCols=15 effImprove=15 updated=0
    [CG] CG iter 5: obj=1277185.495433, maxRC=248094.119292, +15 cols
    [CG]   [DIAG] iter=5 posCols=15 newCols=15 effImprove=15 updated=0
    [CG] CG iter 6: obj=1296598.437069, maxRC=272738.927936, +13 cols
    [CG]   [DIAG] iter=6 posCols=13 newCols=12 effImprove=13 updated=1
    [CG] CG iter 7: obj=1296598.437069, maxRC=236616.119100, +10 cols
    [CG]   [DIAG] iter=7 posCols=10 newCols=10 effImprove=10 updated=0
    [CG] CG iter 8: obj=1300118.241779, maxRC=250444.289319, +11 cols
    [CG]   [DIAG] iter=8 posCols=11 newCols=11 effImprove=11 updated=0
    [CG] CG iter 9: obj=1306895.548888, maxRC=143222.283572, +9 cols
    [CG]   [DIAG] iter=9 posCols=9 newCols=9 effImprove=9 updated=0
    [CG] CG iter 10: obj=1372752.879996, maxRC=196372.820319, +14 cols
    [CG]   [DIAG] iter=10 posCols=14 newCols=14 effImprove=14 updated=0
    [CG] CG iter 11: obj=1376132.510660, maxRC=134931.881010, +11 cols
    [CG]   [DIAG] iter=11 posCols=11 newCols=11 effImprove=11 updated=0
    [CG] CG iter 12: obj=1452709.149337, maxRC=102194.423566, +9 cols
    [CG]   [DIAG] iter=12 posCols=9 newCols=9 effImprove=9 updated=0
    [CG] CG iter 13: obj=1452709.149337, maxRC=46091.112108, +9 cols
    [CG]   [DIAG] iter=13 posCols=9 newCols=9 effImprove=9 updated=0
    [CG] CG iter 14: obj=1454174.042612, maxRC=39193.295083, +7 cols
    [CG]   [DIAG] iter=14 posCols=7 newCols=7 effImprove=7 updated=0
    [CG] CG iter 15: obj=1456878.634102, maxRC=26955.966189, +5 cols
    [CG]   [DIAG] iter=15 posCols=5 newCols=5 effImprove=5 updated=0
    [CG] CG iter 16: obj=1486774.923556, maxRC=38631.140162, +5 cols
    [CG]   [DIAG] iter=16 posCols=5 newCols=4 effImprove=5 updated=1
    [CG] CG iter 17: obj=1486774.923556, maxRC=16571.620114, +5 cols
    [CG]   [DIAG] iter=17 posCols=5 newCols=5 effImprove=5 updated=0
    [CG] CG iter 18: obj=1486774.923556, maxRC=13342.778086, +3 cols
    [CG]   [DIAG] iter=18 posCols=3 newCols=3 effImprove=3 updated=0
    [CG] CG iter 19: obj=1486774.923556, maxRC=12436.664989, +3 cols
    [CG]   [DIAG] iter=19 posCols=3 newCols=3 effImprove=3 updated=0
    [CG] CG iter 20: obj=1486774.923556, maxRC=8153.158168, +3 cols
    [CG]   [DIAG] iter=20 posCols=3 newCols=3 effImprove=3 updated=0
    [CG] CG iter 21: obj=1486774.923556, maxRC=613.176065, +2 cols
    [CG]   [DIAG] iter=21 posCols=2 newCols=2 effImprove=2 updated=0
    [CG] CG iter 22: obj=1486774.923556, maxRC=962.284969, +1 cols
    [CG]   [DIAG] iter=22 posCols=1 newCols=1 effImprove=1 updated=0
    [CG] CG iter 23: obj=1486774.923556, maxRC=208.971277, +1 cols
    [CG]   [DIAG] iter=23 posCols=1 newCols=1 effImprove=1 updated=0
    [CG] CG iter 24: obj=1486774.923556, maxRC=98.983518, +1 cols
    [CG]   [DIAG] iter=24 posCols=1 newCols=1 effImprove=1 updated=0
    [CG] 列生成收敛，共 25 轮迭代
    [CG] [CG-NODE] depth=0 exit=CERTIFIED certified=1 feasible=1 iters=25 generatedColsBeforeNode=0 newCols=198 posCandidates=200 duplicateCandidates=2 updatedCols=2 zeroObjImproveIters=12 objFirst=423162.269889 objLast=1486774.923556 objGain=1063612.653668 maxRC=707696.038743 wallSec=0.466962 pricingSec=0.437308 cplexSolveSec=0.007474
      [BB] 根节点即为整数解，obj=1486774.923556
