    [CG] 列生成开始，初始列数=310
    [CG] CG iter 1: obj=285468.000059, maxRC=527662.298341, +15 cols
    [CG]   [DIAG] iter=1 posCols=15 newCols=15 effImprove=15 updated=0
    [CG] CG iter 2: obj=968396.034980, maxRC=444142.305271, +13 cols
    [CG]   [DIAG] iter=2 posCols=13 newCols=13 effImprove=13 updated=0
    [CG] CG iter 3: obj=991031.402851, maxRC=335805.805328, +12 cols
    [CG]   [DIAG] iter=3 posCols=12 newCols=12 effImprove=12 updated=0
    [CG] CG iter 4: obj=991031.402851, maxRC=249166.121388, +15 cols
    [CG]   [DIAG] iter=4 posCols=15 newCols=15 effImprove=15 updated=0
    [CG] CG iter 5: obj=991031.402851, maxRC=262503.796252, +15 cols
    [CG]   [DIAG] iter=5 posCols=15 newCols=15 effImprove=15 updated=0
    [CG] CG iter 6: obj=991031.402851, maxRC=201770.348168, +12 cols
    [CG]   [DIAG] iter=6 posCols=12 newCols=12 effImprove=12 updated=0
    [CG] CG iter 7: obj=991031.402851, maxRC=223975.349786, +15 cols
    [CG]   [DIAG] iter=7 posCols=15 newCols=15 effImprove=15 updated=0
    [CG] CG iter 8: obj=991031.402851, maxRC=176711.193046, +14 cols
    [CG]   [DIAG] iter=8 posCols=14 newCols=14 effImprove=14 updated=0
    [CG] CG iter 9: obj=991031.402851, maxRC=190029.998593, +15 cols
    [CG]   [DIAG] iter=9 posCols=15 newCols=15 effImprove=15 updated=0
    [CG] CG iter 10: obj=1007502.435696, maxRC=135066.323125, +12 cols
    [CG]   [DIAG] iter=10 posCols=12 newCols=12 effImprove=12 updated=0
    [CG] CG iter 11: obj=1042000.720357, maxRC=83245.049852, +14 cols
    [CG]   [DIAG] iter=11 posCols=14 newCols=14 effImprove=14 updated=0
    [CG] CG iter 12: obj=1174081.665259, maxRC=97207.369370, +15 cols
    [CG]   [DIAG] iter=12 posCols=15 newCols=15 effImprove=15 updated=0
    [CG] CG iter 13: obj=1204718.740573, maxRC=41009.038090, +9 cols
    [CG]   [DIAG] iter=13 posCols=9 newCols=9 effImprove=9 updated=0
    [CG] CG iter 14: obj=1204718.740573, maxRC=79933.420995, +11 cols
    [CG]   [DIAG] iter=14 posCols=11 newCols=11 effImprove=11 updated=0
    [CG] CG iter 15: obj=1204718.740573, maxRC=27190.242920, +7 cols
    [CG]   [DIAG] iter=15 posCols=7 newCols=6 effImprove=7 updated=1
    [CG] CG iter 16: obj=1204718.740573, maxRC=33841.257367, +6 cols
    [CG]   [DIAG] iter=16 posCols=6 newCols=6 effImprove=6 updated=0
    [CG] CG iter 17: obj=1204718.740573, maxRC=21464.105177, +4 cols
    [CG]   [DIAG] iter=17 posCols=4 newCols=4 effImprove=4 updated=0
    [CG] CG iter 18: obj=1204718.740573, maxRC=12254.753699, +4 cols
    [CG]   [DIAG] iter=18 posCols=4 newCols=4 effImprove=4 updated=0
    [CG] CG iter 19: obj=1204718.740573, maxRC=12672.083070, +4 cols
    [CG]   [DIAG] iter=19 posCols=4 newCols=4 effImprove=4 updated=0
    [CG] CG iter 20: obj=1204718.740573, maxRC=3669.472829, +3 cols
    [CG]   [DIAG] iter=20 posCols=3 newCols=3 effImprove=3 updated=0
    [CG] CG iter 21: obj=1204718.740573, maxRC=1992.818889, +2 cols
    [CG]   [DIAG] iter=21 posCols=2 newCols=2 effImprove=2 updated=0
    [CG] 列生成收敛，共 22 轮迭代
    [CG] [CG-NODE] depth=0 exit=CERTIFIED certified=1 feasible=1 iters=22 generatedColsBeforeNode=0 newCols=216 posCandidates=217 duplicateCandidates=1 updatedCols=1 zeroObjImproveIters=15 objFirst=285468.000059 objLast=1204718.740573 objGain=919250.740514 maxRC=527662.298341 wallSec=0.811071 pricingSec=0.781842 cplexSolveSec=0.006851
      [BB] 根节点即为整数解，obj=1204718.740573
