    [CG] 列生成开始，初始列数=310
    [CG] CG iter 1: obj=939632.548597, maxRC=1366003.945799, +30 cols
    [CG]   [DIAG] iter=1 posCols=30 newCols=30 effImprove=30 updated=0
    [CG] CG iter 2: obj=1801191.618444, maxRC=269911.750247, +24 cols
    [CG]   [DIAG] iter=2 posCols=24 newCols=24 effImprove=24 updated=0
    [CG] CG iter 3: obj=1871383.385407, maxRC=440524.804702, +25 cols
    [CG]   [DIAG] iter=3 posCols=25 newCols=24 effImprove=25 updated=1
    [CG] CG iter 4: obj=2004455.023581, maxRC=296610.828008, +22 cols
    [CG]   [DIAG] iter=4 posCols=22 newCols=22 effImprove=22 updated=0
    [CG] CG iter 5: obj=2029917.369410, maxRC=329218.151769, +24 cols
    [CG]   [DIAG] iter=5 posCols=24 newCols=24 effImprove=24 updated=0
    [CG] CG iter 6: obj=2067252.650744, maxRC=140916.801491, +19 cols
    [CG]   [DIAG] iter=6 posCols=19 newCols=19 effImprove=19 updated=0
    [CG] CG iter 7: obj=2097282.813626, maxRC=170783.011562, +15 cols
    [CG]   [DIAG] iter=7 posCols=15 newCols=15 effImprove=15 updated=0
    [CG] CG iter 8: obj=2110847.402290, maxRC=115316.220562, +15 cols
    [CG]   [DIAG] iter=8 posCols=15 newCols=15 effImprove=15 updated=0
    [CG] CG iter 9: obj=2149977.082936, maxRC=91954.548302, +14 cols
    [CG]   [DIAG] iter=9 posCols=14 newCols=14 effImprove=14 updated=0
    [CG] CG iter 10: obj=2171167.963710, maxRC=57262.380985, +13 cols
    [CG]   [DIAG] iter=10 posCols=13 newCols=13 effImprove=13 updated=0
    [CG] CG iter 11: obj=2193350.402069, maxRC=51038.309463, +12 cols
    [CG]   [DIAG] iter=11 posCols=12 newCols=12 effImprove=12 updated=0
    [CG] CG iter 12: obj=2193350.402069, maxRC=23487.426231, +9 cols
    [CG]   [DIAG] iter=12 posCols=9 newCols=9 effImprove=9 updated=0
    [CG] CG iter 13: obj=2194140.292985, maxRC=11477.779569, +7 cols
    [CG]   [DIAG] iter=13 posCols=7 newCols=7 effImprove=7 updated=0
    [CG] CG iter 14: obj=2195611.789037, maxRC=12780.604906, +8 cols
    [CG]   [DIAG] iter=14 posCols=8 newCols=7 effImprove=8 updated=1
    [CG] CG iter 15: obj=2197588.824443, maxRC=8435.587017, +6 cols
    [CG]   [DIAG] iter=15 posCols=6 newCols=6 effImprove=6 updated=0
    [CG] CG iter 16: obj=2206024.411461, maxRC=5157.552138, +6 cols
    [CG]   [DIAG] iter=16 posCols=6 newCols=6 effImprove=6 updated=0
    [CG] CG iter 17: obj=2206024.411461, maxRC=1808.870801, +2 cols
    [CG]   [DIAG] iter=17 posCols=2 newCols=2 effImprove=2 updated=0
    [CG] 列生成收敛，共 18 轮迭代
    [CG] [CG-NODE] depth=0 exit=CERTIFIED certified=1 feasible=1 iters=18 generatedColsBeforeNode=0 newCols=249 posCandidates=251 duplicateCandidates=2 updatedCols=2 zeroObjImproveIters=3 objFirst=939632.548597 objLast=2206024.411461 objGain=1266391.862863 maxRC=1366003.945799 wallSec=0.127474 pricingSec=0.116655 cplexSolveSec=0.007342
      [BB] 根节点即为整数解，obj=2206024.411461
