    [CG] 列生成开始，初始列数=310
    [CG] CG iter 1: obj=1016016.033824, maxRC=1312812.018751, +30 cols
    [CG]   [DIAG] iter=1 posCols=30 newCols=30 effImprove=30 updated=0
    [CG] CG iter 2: obj=1809641.358986, maxRC=265554.994469, +27 cols
    [CG]   [DIAG] iter=2 posCols=27 newCols=27 effImprove=27 updated=0
    [CG] CG iter 3: obj=1861733.763277, maxRC=474407.299742, +30 cols
    [CG]   [DIAG] iter=3 posCols=30 newCols=30 effImprove=30 updated=0
    [CG] CG iter 4: obj=2046324.083428, maxRC=237201.534869, +27 cols
    [CG]   [DIAG] iter=4 posCols=27 newCols=27 effImprove=27 updated=0
    [CG] CG iter 5: obj=2093744.351812, maxRC=160616.460141, +27 cols
    [CG]   [DIAG] iter=5 posCols=27 newCols=27 effImprove=27 updated=0
    [CG] CG iter 6: obj=2186442.247037, maxRC=138779.711187, +24 cols
    [CG]   [DIAG] iter=6 posCols=24 newCols=24 effImprove=24 updated=0
    [CG] CG iter 7: obj=2205933.487800, maxRC=102773.916229, +22 cols
    [CG]   [DIAG] iter=7 posCols=22 newCols=22 effImprove=22 updated=0
    [CG] CG iter 8: obj=2265290.439854, maxRC=90825.427406, +20 cols
    [CG]   [DIAG] iter=8 posCols=20 newCols=20 effImprove=20 updated=0
    [CG] CG iter 9: obj=2335104.502915, maxRC=55997.179174, +16 cols
    [CG]   [DIAG] iter=9 posCols=16 newCols=16 effImprove=16 updated=0
    [CG] CG iter 10: obj=2335104.502915, maxRC=46224.492207, +13 cols
    [CG]   [DIAG] iter=10 posCols=13 newCols=13 effImprove=13 updated=0
    [CG] CG iter 11: obj=2335104.502915, maxRC=53306.199472, +15 cols
    [CG]   [DIAG] iter=11 posCols=15 newCols=15 effImprove=15 updated=0
    [CG] CG iter 12: obj=2337966.652728, maxRC=27047.877219, +12 cols
    [CG]   [DIAG] iter=12 posCols=12 newCols=12 effImprove=12 updated=0
    [CG] CG iter 13: obj=2337966.652728, maxRC=31179.919970, +12 cols
    [CG]   [DIAG] iter=13 posCols=12 newCols=12 effImprove=12 updated=0
    [CG] CG iter 14: obj=2342350.086908, maxRC=14637.735804, +12 cols
    [CG]   [DIAG] iter=14 posCols=12 newCols=11 effImprove=12 updated=1
    [CG] CG iter 15: obj=2343363.006826, maxRC=18250.310860, +11 cols
    [CG]   [DIAG] iter=15 posCols=11 newCols=11 effImprove=11 updated=0
    [CG] CG iter 16: obj=2357489.030959, maxRC=5272.491109, +9 cols
    [CG]   [DIAG] iter=16 posCols=9 newCols=8 effImprove=9 updated=1
    [CG] CG iter 17: obj=2357489.030959, maxRC=3197.728740, +3 cols
    [CG]   [DIAG] iter=17 posCols=3 newCols=3 effImprove=3 updated=0
    [CG] CG iter 18: obj=2357489.030959, maxRC=2725.721206, +3 cols
    [CG]   [DIAG] iter=18 posCols=3 newCols=3 effImprove=3 updated=0
    [CG] CG iter 19: obj=2357489.030959, maxRC=54.288295, +1 cols
    [CG]   [DIAG] iter=19 posCols=1 newCols=1 effImprove=1 updated=0
    [CG] 列生成收敛，共 20 轮迭代
    [CG] [CG-NODE] depth=0 exit=CERTIFIED certified=1 feasible=1 iters=20 generatedColsBeforeNode=0 newCols=312 posCandidates=314 duplicateCandidates=2 updatedCols=2 zeroObjImproveIters=7 objFirst=1016016.033824 objLast=2357489.030959 objGain=1341472.997135 maxRC=1312812.018751 wallSec=0.187898 pricingSec=0.173257 cplexSolveSec=0.009443
      [BB] 根节点即为整数解，obj=2357489.030959
