    [CG] 列生成开始，初始列数=310
    [CG] CG iter 1: obj=960790.502947, maxRC=1300119.054645, +30 cols
    [CG]   [DIAG] iter=1 posCols=30 newCols=30 effImprove=30 updated=0
    [CG] CG iter 2: obj=1776416.711420, maxRC=306481.009689, +27 cols
    [CG]   [DIAG] iter=2 posCols=27 newCols=27 effImprove=27 updated=0
    [CG] CG iter 3: obj=1863522.315412, maxRC=482845.355583, +24 cols
    [CG]   [DIAG] iter=3 posCols=24 newCols=24 effImprove=24 updated=0
    [CG] CG iter 4: obj=1975659.793876, maxRC=278589.851141, +25 cols
    [CG]   [DIAG] iter=4 posCols=25 newCols=25 effImprove=25 updated=0
    [CG] CG iter 5: obj=2010667.279486, maxRC=293271.280568, +25 cols
    [CG]   [DIAG] iter=5 posCols=25 newCols=25 effImprove=25 updated=0
    [CG] CG iter 6: obj=2096083.680857, maxRC=165200.277671, +21 cols
    [CG]   [DIAG] iter=6 posCols=21 newCols=21 effImprove=21 updated=0
    [CG] CG iter 7: obj=2126742.699108, maxRC=129026.870757, +19 cols
    [CG]   [DIAG] iter=7 posCols=19 newCols=19 effImprove=19 updated=0
    [CG] CG iter 8: obj=2163081.101296, maxRC=106472.407474, +18 cols
    [CG]   [DIAG] iter=8 posCols=18 newCols=18 effImprove=18 updated=0
    [CG] CG iter 9: obj=2182396.494894, maxRC=126459.881722, +23 cols
    [CG]   [DIAG] iter=9 posCols=23 newCols=23 effImprove=23 updated=0
    [CG] CG iter 10: obj=2196125.800023, maxRC=59043.208528, +16 cols
    [CG]   [DIAG] iter=10 posCols=16 newCols=16 effImprove=16 updated=0
    [CG] CG iter 11: obj=2219666.400252, maxRC=67917.582922, +16 cols
    [CG]   [DIAG] iter=11 posCols=16 newCols=16 effImprove=16 updated=0
    [CG] CG iter 12: obj=2258285.015311, maxRC=54175.655014, +12 cols
    [CG]   [DIAG] iter=12 posCols=12 newCols=12 effImprove=12 updated=0
    [CG] CG iter 13: obj=2270106.375346, maxRC=26466.274016, +15 cols
    [CG]   [DIAG] iter=13 posCols=15 newCols=14 effImprove=15 updated=1
    [CG] CG iter 14: obj=2270106.375346, maxRC=10530.367504, +10 cols
    [CG]   [DIAG] iter=14 posCols=10 newCols=8 effImprove=10 updated=2
    [CG] CG iter 15: obj=2272274.808938, maxRC=18392.599814, +10 cols
    [CG]   [DIAG] iter=15 posCols=10 newCols=10 effImprove=10 updated=0
    [CG] CG iter 16: obj=2282675.043336, maxRC=4982.232581, +5 cols
    [CG]   [DIAG] iter=16 posCols=5 newCols=5 effImprove=5 updated=0
    [CG] 列生成收敛，共 17 轮迭代
    [CG] [CG-NODE] depth=0 exit=CERTIFIED certified=1 feasible=1 iters=17 generatedColsBeforeNode=0 newCols=293 posCandidates=296 duplicateCandidates=3 updatedCols=3 zeroObjImproveIters=2 objFirst=960790.502947 objLast=2282675.043336 objGain=1321884.540389 maxRC=1300119.054645 wallSec=0.151476 pricingSec=0.140483 cplexSolveSec=0.007625
      [BB] 根节点即为整数解，obj=2282675.043336
