    [CG] 列生成开始，初始列数=310
    [CG] CG iter 1: obj=999442.567787, maxRC=1300547.786081, +30 cols
    [CG]   [DIAG] iter=1 posCols=30 newCols=30 effImprove=30 updated=0
    [CG] CG iter 2: obj=1787862.209825, maxRC=264250.619920, +27 cols
    [CG]   [DIAG] iter=2 posCols=27 newCols=27 effImprove=27 updated=0
    [CG] CG iter 3: obj=1845146.202493, maxRC=500213.138865, +30 cols
    [CG]   [DIAG] iter=3 posCols=30 newCols=30 effImprove=30 updated=0
    [CG] CG iter 4: obj=1971291.641989, maxRC=391121.841273, +30 cols
    [CG]   [DIAG] iter=4 posCols=30 newCols=30 effImprove=30 updated=0
    [CG] CG iter 5: obj=2038067.044320, maxRC=197346.276295, +26 cols
    [CG]   [DIAG] iter=5 posCols=26 newCols=25 effImprove=26 updated=1
    [CG] CG iter 6: obj=2133310.914493, maxRC=146026.726832, +24 cols
    [CG]   [DIAG] iter=6 posCols=24 newCols=24 effImprove=24 updated=0
    [CG] CG iter 7: obj=2158261.972111, maxRC=139119.885150, +20 cols
    [CG]   [DIAG] iter=7 posCols=20 newCols=20 effImprove=20 updated=0
    [CG] CG iter 8: obj=2194833.422411, maxRC=115283.866358, +19 cols
    [CG]   [DIAG] iter=8 posCols=19 newCols=19 effImprove=19 updated=0
    [CG] CG iter 9: obj=2232933.211771, maxRC=87730.821065, +18 cols
    [CG]   [DIAG] iter=9 posCols=18 newCols=18 effImprove=18 updated=0
    [CG] CG iter 10: obj=2255782.907225, maxRC=55303.094457, +16 cols
    [CG]   [DIAG] iter=10 posCols=16 newCols=16 effImprove=16 updated=0
    [CG] CG iter 11: obj=2278949.825734, maxRC=49636.539215, +15 cols
    [CG]   [DIAG] iter=11 posCols=15 newCols=15 effImprove=15 updated=0
    [CG] CG iter 12: obj=2295268.609868, maxRC=68126.796796, +13 cols
    [CG]   [DIAG] iter=12 posCols=13 newCols=13 effImprove=13 updated=0
    [CG] CG iter 13: obj=2311350.500828, maxRC=32121.687364, +17 cols
    [CG]   [DIAG] iter=13 posCols=17 newCols=17 effImprove=17 updated=0
    [CG] CG iter 14: obj=2318417.334884, maxRC=14043.740650, +13 cols
    [CG]   [DIAG] iter=14 posCols=13 newCols=12 effImprove=13 updated=1
    [CG] CG iter 15: obj=2327619.451438, maxRC=20737.156651, +10 cols
    [CG]   [DIAG] iter=15 posCols=10 newCols=10 effImprove=10 updated=0
    [CG] CG iter 16: obj=2332330.178512, maxRC=9172.015569, +8 cols
    [CG]   [DIAG] iter=16 posCols=8 newCols=8 effImprove=8 updated=0
    [CG] CG iter 17: obj=2333568.167021, maxRC=17160.392979, +8 cols
    [CG]   [DIAG] iter=17 posCols=8 newCols=8 effImprove=8 updated=0
    [CG] CG iter 18: obj=2338403.270716, maxRC=6402.274265, +5 cols
    [CG]   [DIAG] iter=18 posCols=5 newCols=5 effImprove=5 updated=0
    [CG] CG iter 19: obj=2338403.270716, maxRC=4500.892971, +3 cols
    [CG]   [DIAG] iter=19 posCols=3 newCols=3 effImprove=3 updated=0
    [CG] CG iter 20: obj=2339903.568373, maxRC=1299.736393, +4 cols
    [CG]   [DIAG] iter=20 posCols=4 newCols=4 effImprove=4 updated=0
    [CG] CG iter 21: obj=2340813.093055, maxRC=1380.271725, +3 cols
    [CG]   [DIAG] iter=21 posCols=3 newCols=3 effImprove=3 updated=0
    [CG] 列生成收敛，共 22 轮迭代
    [CG] [CG-NODE] depth=0 exit=CERTIFIED certified=1 feasible=1 iters=22 generatedColsBeforeNode=0 newCols=337 posCandidates=339 duplicateCandidates=2 updatedCols=2 zeroObjImproveIters=2 objFirst=999442.567787 objLast=2340813.093055 objGain=1341370.525268 maxRC=1300547.786081 wallSec=0.173249 pricingSec=0.159236 cplexSolveSec=0.010152
      [BB] 根节点即为整数解，obj=2340813.093055
