    [CG] 列生成开始，初始列数=310
    [CG] CG iter 1: obj=971233.106379, maxRC=1248621.974619, +30 cols
    [CG]   [DIAG] iter=1 posCols=30 newCols=30 effImprove=30 updated=0
    [CG] CG iter 2: obj=1747819.163755, maxRC=336549.945079, +24 cols
    [CG]   [DIAG] iter=2 posCols=24 newCols=24 effImprove=24 updated=0
    [CG] CG iter 3: obj=1908765.226927, maxRC=553963.731586, +27 cols
    [CG]   [DIAG] iter=3 posCols=27 newCols=27 effImprove=27 updated=0
    [CG] CG iter 4: obj=2071389.149264, maxRC=213331.794998, +24 cols
    [CG]   [DIAG] iter=4 posCols=24 newCols=24 effImprove=24 updated=0
    [CG] CG iter 5: obj=2114204.798187, maxRC=242656.334494, +27 cols
    [CG]   [DIAG] iter=5 posCols=27 newCols=27 effImprove=27 updated=0
    [CG] CG iter 6: obj=2146849.995270, maxRC=204538.395130, +22 cols
    [CG]   [DIAG] iter=6 posCols=22 newCols=22 effImprove=22 updated=0
    [CG] CG iter 7: obj=2170197.526948, maxRC=88864.612489, +21 cols
    [CG]   [DIAG] iter=7 posCols=21 newCols=21 effImprove=21 updated=0
    [CG] CG iter 8: obj=2233352.892804, maxRC=102239.516252, +21 cols
    [CG]   [DIAG] iter=8 posCols=21 newCols=21 effImprove=21 updated=0
    [CG] CG iter 9: obj=2256852.217028, maxRC=66389.607809, +21 cols
    [CG]   [DIAG] iter=9 posCols=21 newCols=21 effImprove=21 updated=0
    [CG] CG iter 10: obj=2264058.518840, maxRC=68223.524746, +21 cols
    [CG]   [DIAG] iter=10 posCols=21 newCols=21 effImprove=21 updated=0
    [CG] CG iter 11: obj=2287695.942855, maxRC=65160.626188, +19 cols
    [CG]   [DIAG] iter=11 posCols=19 newCols=18 effImprove=19 updated=1
    [CG] CG iter 12: obj=2297346.898920, maxRC=34399.956350, +15 cols
    [CG]   [DIAG] iter=12 posCols=15 newCols=15 effImprove=15 updated=0
    [CG] CG iter 13: obj=2308676.437264, maxRC=49586.885511, +13 cols
    [CG]   [DIAG] iter=13 posCols=13 newCols=13 effImprove=13 updated=0
    [CG] CG iter 14: obj=2315383.076529, maxRC=30384.032620, +12 cols
    [CG]   [DIAG] iter=14 posCols=12 newCols=12 effImprove=12 updated=0
    [CG] CG iter 15: obj=2329095.544981, maxRC=11091.712093, +11 cols
    [CG]   [DIAG] iter=15 posCols=11 newCols=10 effImprove=11 updated=1
    [CG] CG iter 16: obj=2336679.842471, maxRC=6894.755052, +5 cols
    [CG]   [DIAG] iter=16 posCols=5 newCols=5 effImprove=5 updated=0
    [CG] CG iter 17: obj=2336679.842471, maxRC=9615.483729, +3 cols
    [CG]   [DIAG] iter=17 posCols=3 newCols=3 effImprove=3 updated=0
    [CG] CG iter 18: obj=2336679.842471, maxRC=1812.101274, +1 cols
    [CG]   [DIAG] iter=18 posCols=1 newCols=1 effImprove=1 updated=0
    [CG] CG iter 19: obj=2336679.842471, maxRC=1653.916428, +2 cols
    [CG]   [DIAG] iter=19 posCols=2 newCols=2 effImprove=2 updated=0
    [CG] CG iter 20: obj=2336679.842471, maxRC=669.392422, +2 cols
    [CG]   [DIAG] iter=20 posCols=2 newCols=2 effImprove=2 updated=0
    [CG] 列生成收敛，共 21 轮迭代
    [CG] [CG-NODE] depth=0 exit=CERTIFIED certified=1 feasible=1 iters=21 generatedColsBeforeNode=0 newCols=319 posCandidates=321 duplicateCandidates=2 updatedCols=2 zeroObjImproveIters=5 objFirst=971233.106379 objLast=2336679.842471 objGain=1365446.736092 maxRC=1248621.974619 wallSec=0.210846 pricingSec=0.179528 cplexSolveSec=0.009407
      [BB] 根节点即为整数解，obj=2336679.842471
