    [CG] 列生成开始，初始列数=310
    [CG] CG iter 1: obj=954958.067121, maxRC=1308700.975665, +30 cols
    [CG]   [DIAG] iter=1 posCols=30 newCols=30 effImprove=30 updated=0
    [CG] CG iter 2: obj=1770680.651806, maxRC=261391.028478, +24 cols
    [CG]   [DIAG] iter=2 posCols=24 newCols=24 effImprove=24 updated=0
    [CG] CG iter 3: obj=1919093.672727, maxRC=441708.256787, +27 cols
    [CG]   [DIAG] iter=3 posCols=27 newCols=27 effImprove=27 updated=0
    [CG] CG iter 4: obj=2021503.721949, maxRC=221392.130228, +23 cols
    [CG]   [DIAG] iter=4 posCols=23 newCols=23 effImprove=23 updated=0
    [CG] CG iter 5: obj=2039056.794613, maxRC=212646.911691, +18 cols
    [CG]   [DIAG] iter=5 posCols=18 newCols=18 effImprove=18 updated=0
    [CG] CG iter 6: obj=2080225.337531, maxRC=129621.890566, +18 cols
    [CG]   [DIAG] iter=6 posCols=18 newCols=18 effImprove=18 updated=0
    [CG] CG iter 7: obj=2169013.642012, maxRC=79641.095683, +17 cols
    [CG]   [DIAG] iter=7 posCols=17 newCols=17 effImprove=17 updated=0
    [CG] CG iter 8: obj=2180300.712535, maxRC=93907.363890, +19 cols
    [CG]   [DIAG] iter=8 posCols=19 newCols=19 effImprove=19 updated=0
    [CG] CG iter 9: obj=2206763.009975, maxRC=49620.777681, +15 cols
    [CG]   [DIAG] iter=9 posCols=15 newCols=15 effImprove=15 updated=0
    [CG] CG iter 10: obj=2220878.032463, maxRC=76831.871367, +14 cols
    [CG]   [DIAG] iter=10 posCols=14 newCols=14 effImprove=14 updated=0
    [CG] CG iter 11: obj=2240783.488229, maxRC=30040.414725, +12 cols
    [CG]   [DIAG] iter=11 posCols=12 newCols=12 effImprove=12 updated=0
    [CG] CG iter 12: obj=2251022.804744, maxRC=24273.704407, +13 cols
    [CG]   [DIAG] iter=12 posCols=13 newCols=13 effImprove=13 updated=0
    [CG] CG iter 13: obj=2266871.847761, maxRC=23729.319917, +7 cols
    [CG]   [DIAG] iter=13 posCols=7 newCols=7 effImprove=7 updated=0
    [CG] CG iter 14: obj=2271472.905967, maxRC=57902.881174, +10 cols
    [CG]   [DIAG] iter=14 posCols=10 newCols=10 effImprove=10 updated=0
    [CG] CG iter 15: obj=2274191.009920, maxRC=22305.919187, +9 cols
    [CG]   [DIAG] iter=15 posCols=9 newCols=9 effImprove=9 updated=0
    [CG] CG iter 16: obj=2282061.442641, maxRC=20941.250302, +9 cols
    [CG]   [DIAG] iter=16 posCols=9 newCols=9 effImprove=9 updated=0
    [CG] CG iter 17: obj=2282061.442641, maxRC=17971.486583, +9 cols
    [CG]   [DIAG] iter=17 posCols=9 newCols=9 effImprove=9 updated=0
    [CG] CG iter 18: obj=2282061.442641, maxRC=7327.917661, +10 cols
    [CG]   [DIAG] iter=18 posCols=10 newCols=9 effImprove=10 updated=1
    [CG] CG iter 19: obj=2288725.995992, maxRC=3777.491257, +4 cols
    [CG]   [DIAG] iter=19 posCols=4 newCols=4 effImprove=4 updated=0
    [CG] 列生成收敛，共 20 轮迭代
    [CG] [CG-NODE] depth=0 exit=CERTIFIED certified=1 feasible=1 iters=20 generatedColsBeforeNode=0 newCols=287 posCandidates=288 duplicateCandidates=1 updatedCols=1 zeroObjImproveIters=3 objFirst=954958.067121 objLast=2288725.995992 objGain=1333767.928872 maxRC=1308700.975665 wallSec=0.157794 pricingSec=0.143270 cplexSolveSec=0.009236
      [BB] 根节点即为整数解，obj=2288725.995992
