    [CG] 列生成开始，初始列数=310
    [CG] CG iter 1: obj=939438.889939, maxRC=1334097.760237, +30 cols
    [CG]   [DIAG] iter=1 posCols=30 newCols=30 effImprove=30 updated=0
    [CG] CG iter 2: obj=1773878.067868, maxRC=275701.835489, +21 cols
    [CG]   [DIAG] iter=2 posCols=21 newCols=21 effImprove=21 updated=0
    [CG] CG iter 3: obj=1889574.334209, maxRC=491441.977301, +27 cols
    [CG]   [DIAG] iter=3 posCols=27 newCols=27 effImprove=27 updated=0
    [CG] CG iter 4: obj=1991841.191114, maxRC=314809.086634, +21 cols
    [CG]   [DIAG] iter=4 posCols=21 newCols=21 effImprove=21 updated=0
    [CG] CG iter 5: obj=1994875.105697, maxRC=247930.553069, +20 cols
    [CG]   [DIAG] iter=5 posCols=20 newCols=20 effImprove=20 updated=0
    [CG] CG iter 6: obj=2003485.996830, maxRC=205499.760849, +16 cols
    [CG]   [DIAG] iter=6 posCols=16 newCols=16 effImprove=16 updated=0
    [CG] CG iter 7: obj=2073874.978513, maxRC=124547.123168, +16 cols
    [CG]   [DIAG] iter=7 posCols=16 newCols=16 effImprove=16 updated=0
    [CG] CG iter 8: obj=2138515.217156, maxRC=88500.372875, +15 cols
    [CG]   [DIAG] iter=8 posCols=15 newCols=15 effImprove=15 updated=0
    [CG] CG iter 9: obj=2154459.506875, maxRC=87582.008225, +15 cols
    [CG]   [DIAG] iter=9 posCols=15 newCols=15 effImprove=15 updated=0
    [CG] CG iter 10: obj=2161646.238415, maxRC=57930.700917, +15 cols
    [CG]   [DIAG] iter=10 posCols=15 newCols=15 effImprove=15 updated=0
    [CG] CG iter 11: obj=2182302.863675, maxRC=47403.859008, +13 cols
    [CG]   [DIAG] iter=11 posCols=13 newCols=13 effImprove=13 updated=0
    [CG] CG iter 12: obj=2212996.723127, maxRC=31041.007726, +12 cols
    [CG]   [DIAG] iter=12 posCols=12 newCols=12 effImprove=12 updated=0
    [CG] CG iter 13: obj=2219735.553761, maxRC=41223.937411, +12 cols
    [CG]   [DIAG] iter=13 posCols=12 newCols=12 effImprove=12 updated=0
    [CG] CG iter 14: obj=2231724.954158, maxRC=35368.224098, +11 cols
    [CG]   [DIAG] iter=14 posCols=11 newCols=11 effImprove=11 updated=0
    [CG] CG iter 15: obj=2238842.212468, maxRC=15064.273706, +9 cols
    [CG]   [DIAG] iter=15 posCols=9 newCols=9 effImprove=9 updated=0
    [CG] CG iter 16: obj=2261218.596691, maxRC=20385.783006, +10 cols
    [CG]   [DIAG] iter=16 posCols=10 newCols=10 effImprove=10 updated=0
    [CG] CG iter 17: obj=2261218.596691, maxRC=10072.197723, +5 cols
    [CG]   [DIAG] iter=17 posCols=5 newCols=5 effImprove=5 updated=0
    [CG] CG iter 18: obj=2261218.596691, maxRC=1986.957279, +3 cols
    [CG]   [DIAG] iter=18 posCols=3 newCols=3 effImprove=3 updated=0
    [CG] CG iter 19: obj=2261218.596691, maxRC=14.270347, +1 cols
    [CG]   [DIAG] iter=19 posCols=1 newCols=1 effImprove=1 updated=0
    [CG] 列生成收敛，共 20 轮迭代
    [CG] [CG-NODE] depth=0 exit=CERTIFIED certified=1 feasible=1 iters=20 generatedColsBeforeNode=0 newCols=272 posCandidates=272 duplicateCandidates=0 updatedCols=0 zeroObjImproveIters=3 objFirst=939438.889939 objLast=2261232.867038 objGain=1321793.977099 maxRC=1334097.760237 wallSec=0.166018 pricingSec=0.153792 cplexSolveSec=0.008538
      [BB] 根节点即为整数解，obj=2261232.867038
