    [CG] 列生成开始，初始列数=310
    [CG] CG iter 1: obj=1003229.902465, maxRC=1312876.229443, +30 cols
    [CG]   [DIAG] iter=1 posCols=30 newCols=30 effImprove=30 updated=0
    [CG] CG iter 2: obj=1794970.537635, maxRC=270485.054646, +27 cols
    [CG]   [DIAG] iter=2 posCols=27 newCols=27 effImprove=27 updated=0
    [CG] CG iter 3: obj=1884117.445390, maxRC=421580.063068, +30 cols
    [CG]   [DIAG] iter=3 posCols=30 newCols=30 effImprove=30 updated=0
    [CG] CG iter 4: obj=2039218.394658, maxRC=281616.148953, +27 cols
    [CG]   [DIAG] iter=4 posCols=27 newCols=27 effImprove=27 updated=0
    [CG] CG iter 5: obj=2089976.463176, maxRC=208846.390478, +27 cols
    [CG]   [DIAG] iter=5 posCols=27 newCols=27 effImprove=27 updated=0
    [CG] CG iter 6: obj=2112012.463965, maxRC=124299.584801, +26 cols
    [CG]   [DIAG] iter=6 posCols=26 newCols=26 effImprove=26 updated=0
    [CG] CG iter 7: obj=2165585.443430, maxRC=118444.822108, +24 cols
    [CG]   [DIAG] iter=7 posCols=24 newCols=24 effImprove=24 updated=0
    [CG] CG iter 8: obj=2197272.113681, maxRC=95434.951343, +16 cols
    [CG]   [DIAG] iter=8 posCols=16 newCols=16 effImprove=16 updated=0
    [CG] CG iter 9: obj=2223920.829185, maxRC=87739.067167, +15 cols
    [CG]   [DIAG] iter=9 posCols=15 newCols=15 effImprove=15 updated=0
    [CG] CG iter 10: obj=2241050.154893, maxRC=34029.020557, +13 cols
    [CG]   [DIAG] iter=10 posCols=13 newCols=11 effImprove=13 updated=2
    [CG] CG iter 11: obj=2252098.424409, maxRC=57052.303139, +14 cols
    [CG]   [DIAG] iter=11 posCols=14 newCols=14 effImprove=14 updated=0
    [CG] CG iter 12: obj=2259346.460341, maxRC=29415.374272, +11 cols
    [CG]   [DIAG] iter=12 posCols=11 newCols=11 effImprove=11 updated=0
    [CG] CG iter 13: obj=2272132.486468, maxRC=20987.273248, +8 cols
    [CG]   [DIAG] iter=13 posCols=8 newCols=8 effImprove=8 updated=0
    [CG] CG iter 14: obj=2278219.392912, maxRC=10825.738156, +8 cols
    [CG]   [DIAG] iter=14 posCols=8 newCols=8 effImprove=8 updated=0
    [CG] CG iter 15: obj=2279532.530745, maxRC=3603.597893, +6 cols
    [CG]   [DIAG] iter=15 posCols=6 newCols=6 effImprove=6 updated=0
    [CG] CG iter 16: obj=2279847.280864, maxRC=483.867159, +1 cols
    [CG]   [DIAG] iter=16 posCols=1 newCols=1 effImprove=1 updated=0
    [CG] CG iter 17: obj=2279847.280864, maxRC=514.361149, +1 cols
    [CG]   [DIAG] iter=17 posCols=1 newCols=1 effImprove=1 updated=0
    [CG] CG iter 18: obj=2279847.280864, maxRC=142.963519, +1 cols
    [CG]   [DIAG] iter=18 posCols=1 newCols=1 effImprove=1 updated=0
    [CG] CG iter 19: obj=2279847.280864, maxRC=53.800114, +1 cols
    [CG]   [DIAG] iter=19 posCols=1 newCols=1 effImprove=1 updated=0
    [CG] 列生成收敛，共 20 轮迭代
    [CG] [CG-NODE] depth=0 exit=CERTIFIED certified=1 feasible=1 iters=20 generatedColsBeforeNode=0 newCols=284 posCandidates=286 duplicateCandidates=2 updatedCols=2 zeroObjImproveIters=4 objFirst=1003229.902465 objLast=2279847.280864 objGain=1276617.378399 maxRC=1312876.229443 wallSec=0.171988 pricingSec=0.157355 cplexSolveSec=0.009580
      [BB] 根节点即为整数解，obj=2279847.280864
