    [CG] 列生成开始，初始列数=310
    [CG] CG iter 1: obj=1005104.154690, maxRC=1372188.107730, +30 cols
    [CG]   [DIAG] iter=1 posCols=30 newCols=30 effImprove=30 updated=0
    [CG] CG iter 2: obj=1860427.769051, maxRC=246121.964662, +27 cols
    [CG]   [DIAG] iter=2 posCols=27 newCols=27 effImprove=27 updated=0
    [CG] CG iter 3: obj=2020549.836387, maxRC=422165.747785, +27 cols
    [CG]   [DIAG] iter=3 posCols=27 newCols=27 effImprove=27 updated=0
    [CG] CG iter 4: obj=2104813.950241, maxRC=220621.912835, +27 cols
    [CG]   [DIAG] iter=4 posCols=27 newCols=27 effImprove=27 updated=0
    [CG] CG iter 5: obj=2151472.638193, maxRC=154222.305944, +23 cols
    [CG]   [DIAG] iter=5 posCols=23 newCols=23 effImprove=23 updated=0
    [CG] CG iter 6: obj=2201676.481581, maxRC=135865.756567, +22 cols
    [CG]   [DIAG] iter=6 posCols=22 newCols=22 effImprove=22 updated=0
    [CG] CG iter 7: obj=2228085.331898, maxRC=125833.252406, +25 cols
    [CG]   [DIAG] iter=7 posCols=25 newCols=25 effImprove=25 updated=0
    [CG] CG iter 8: obj=2262010.339391, maxRC=65598.550128, +20 cols
    [CG]   [DIAG] iter=8 posCols=20 newCols=20 effImprove=20 updated=0
    [CG] CG iter 9: obj=2293023.373602, maxRC=70380.300324, +20 cols
    [CG]   [DIAG] iter=9 posCols=20 newCols=19 effImprove=20 updated=1
    [CG] CG iter 10: obj=2307440.785832, maxRC=50950.366608, +20 cols
    [CG]   [DIAG] iter=10 posCols=20 newCols=20 effImprove=20 updated=0
    [CG] CG iter 11: obj=2337602.545199, maxRC=23902.446236, +16 cols
    [CG]   [DIAG] iter=11 posCols=16 newCols=15 effImprove=16 updated=1
    [CG] CG iter 12: obj=2347800.281639, maxRC=12884.739268, +11 cols
    [CG]   [DIAG] iter=12 posCols=11 newCols=10 effImprove=11 updated=1
    [CG] CG iter 13: obj=2366438.256346, maxRC=11680.630636, +12 cols
    [CG]   [DIAG] iter=13 posCols=12 newCols=12 effImprove=12 updated=0
    [CG] CG iter 14: obj=2373633.749301, maxRC=6085.037002, +7 cols
    [CG]   [DIAG] iter=14 posCols=7 newCols=7 effImprove=7 updated=0
    [CG] CG iter 15: obj=2373633.749301, maxRC=2749.129984, +4 cols
    [CG]   [DIAG] iter=15 posCols=4 newCols=4 effImprove=4 updated=0
    [CG] 列生成收敛，共 16 轮迭代
    [CG] [CG-NODE] depth=0 exit=CERTIFIED certified=1 feasible=1 iters=16 generatedColsBeforeNode=0 newCols=288 posCandidates=291 duplicateCandidates=3 updatedCols=3 zeroObjImproveIters=2 objFirst=1005104.154690 objLast=2373633.749301 objGain=1368529.594611 maxRC=1372188.107730 wallSec=0.157514 pricingSec=0.147300 cplexSolveSec=0.007163
      [BB] 根节点即为整数解，obj=2373633.749301
