    [CG] 列生成开始，初始列数=310
    [CG] CG iter 1: obj=395001.015152, maxRC=779345.161627, +30 cols
    [CG]   [DIAG] iter=1 posCols=30 newCols=30 effImprove=30 updated=0
    [CG] CG iter 2: obj=1037010.118916, maxRC=294438.488151, +23 cols
    [CG]   [DIAG] iter=2 posCols=23 newCols=23 effImprove=23 updated=0
    [CG] CG iter 3: obj=1061849.623552, maxRC=505314.142724, +24 cols
    [CG]   [DIAG] iter=3 posCols=24 newCols=24 effImprove=24 updated=0
    [CG] CG iter 4: obj=1170702.468704, maxRC=407040.605846, +24 cols
    [CG]   [DIAG] iter=4 posCols=24 newCols=24 effImprove=24 updated=0
    [CG] CG iter 5: obj=1326492.503086, maxRC=284083.715876, +20 cols
    [CG]   [DIAG] iter=5 posCols=20 newCols=20 effImprove=20 updated=0
    [CG] CG iter 6: obj=1339451.334015, maxRC=276508.364077, +21 cols
    [CG]   [DIAG] iter=6 posCols=21 newCols=21 effImprove=21 updated=0
    [CG] CG iter 7: obj=1371982.348035, maxRC=228462.672175, +20 cols
    [CG]   [DIAG] iter=7 posCols=20 newCols=20 effImprove=20 updated=0
    [CG] CG iter 8: obj=1411795.597672, maxRC=88547.473334, +17 cols
    [CG]   [DIAG] iter=8 posCols=17 newCols=17 effImprove=17 updated=0
    [CG] CG iter 9: obj=1442656.077986, maxRC=128402.831288, +17 cols
    [CG]   [DIAG] iter=9 posCols=17 newCols=17 effImprove=17 updated=0
    [CG] CG iter 10: obj=1479216.368390, maxRC=79141.740359, +18 cols
    [CG]   [DIAG] iter=10 posCols=18 newCols=18 effImprove=18 updated=0
    [CG] CG iter 11: obj=1496072.829880, maxRC=82561.286890, +17 cols
    [CG]   [DIAG] iter=11 posCols=17 newCols=17 effImprove=17 updated=0
    [CG] CG iter 12: obj=1503683.500420, maxRC=39172.964211, +14 cols
    [CG]   [DIAG] iter=12 posCols=14 newCols=14 effImprove=14 updated=0
    [CG] CG iter 13: obj=1514520.577090, maxRC=18400.887457, +15 cols
    [CG]   [DIAG] iter=13 posCols=15 newCols=14 effImprove=15 updated=1
    [CG] CG iter 14: obj=1535588.829078, maxRC=24467.504189, +14 cols
    [CG]   [DIAG] iter=14 posCols=14 newCols=13 effImprove=14 updated=1
    [CG] CG iter 15: obj=1538863.599264, maxRC=9500.782839, +6 cols
    [CG]   [DIAG] iter=15 posCols=6 newCols=5 effImprove=6 updated=1
    [CG] CG iter 16: obj=1540339.220498, maxRC=8181.774539, +4 cols
    [CG]   [DIAG] iter=16 posCols=4 newCols=3 effImprove=4 updated=1
    [CG] CG iter 17: obj=1542216.675917, maxRC=534.751643, +1 cols
    [CG]   [DIAG] iter=17 posCols=1 newCols=1 effImprove=1 updated=0
    [CG] 列生成收敛，共 18 轮迭代
    [CG] [CG-NODE] depth=0 exit=CERTIFIED certified=1 feasible=1 iters=18 generatedColsBeforeNode=0 newCols=281 posCandidates=285 duplicateCandidates=4 updatedCols=4 zeroObjImproveIters=1 objFirst=395001.015152 objLast=1542216.675917 objGain=1147215.660765 maxRC=779345.161627 wallSec=0.536831 pricingSec=0.505487 cplexSolveSec=0.006978
      [BB] 分支定界开始，根节点LP obj=1542216.675917，最大节点数=10000
      [BB] 根节点启发式下界 LB=922938.842394（上界=1542216.675917）
    [CG] [BB-DIAG] 分支 x_{dc=2,retailer=3}, 节点数=1
    [CG] 列生成开始，初始列数=575
    [CG] CG iter 19: obj=1533900.468742, maxRC=21021.726815, +11 cols
    [CG]   [DIAG] iter=19 posCols=11 newCols=11 effImprove=11 updated=0
    [CG] CG iter 20: obj=1533900.468742, maxRC=14081.835066, +9 cols
    [CG]   [DIAG] iter=20 posCols=9 newCols=9 effImprove=9 updated=0
    [CG] CG iter 21: obj=1533900.468742, maxRC=7170.099531, +6 cols
    [CG]   [DIAG] iter=21 posCols=6 newCols=6 effImprove=6 updated=0
    [CG] CG iter 22: obj=1533900.468742, maxRC=5101.507193, +3 cols
    [CG]   [DIAG] iter=22 posCols=3 newCols=3 effImprove=3 updated=0
    [CG] CG iter 23: obj=1533900.468742, maxRC=196.040448, +1 cols
    [CG]   [DIAG] iter=23 posCols=1 newCols=1 effImprove=1 updated=0
    [CG] 列生成收敛，共 24 轮迭代
    [CG] [CG-NODE] depth=1 exit=CERTIFIED certified=1 feasible=1 iters=6 generatedColsBeforeNode=281 newCols=30 posCandidates=30 duplicateCandidates=0 updatedCols=0 zeroObjImproveIters=5 objFirst=1533900.468742 objLast=1533900.468742 objGain=0.000000 maxRC=21021.726815 wallSec=0.154821 pricingSec=0.150600 cplexSolveSec=0.002696
    [CG] 列生成开始，初始列数=544
    [CG] CG iter 25: obj=1480005.776429, maxRC=26373.619171, +14 cols
    [CG]   [DIAG] iter=25 posCols=14 newCols=14 effImprove=14 updated=0
    [CG] CG iter 26: obj=1480005.776429, maxRC=18704.510915, +8 cols
    [CG]   [DIAG] iter=26 posCols=8 newCols=8 effImprove=8 updated=0
    [CG] CG iter 27: obj=1485612.284355, maxRC=11558.013412, +7 cols
    [CG]   [DIAG] iter=27 posCols=7 newCols=6 effImprove=7 updated=1
    [CG] CG iter 28: obj=1489833.686222, maxRC=4992.856758, +4 cols
    [CG]   [DIAG] iter=28 posCols=4 newCols=3 effImprove=4 updated=1
    [CG] CG iter 29: obj=1490525.318242, maxRC=3491.201896, +1 cols
    [CG]   [DIAG] iter=29 posCols=1 newCols=1 effImprove=1 updated=0
    [CG] CG iter 30: obj=1494016.520138, maxRC=241.086391, +1 cols
    [CG]   [DIAG] iter=30 posCols=1 newCols=1 effImprove=1 updated=0
    [CG] 列生成收敛，共 31 轮迭代
    [CG] [CG-NODE] depth=1 exit=CERTIFIED certified=1 feasible=1 iters=7 generatedColsBeforeNode=311 newCols=33 posCandidates=35 duplicateCandidates=2 updatedCols=2 zeroObjImproveIters=2 objFirst=1480005.776429 objLast=1494016.520138 objGain=14010.743708 maxRC=26373.619171 wallSec=0.132866 pricingSec=0.128259 cplexSolveSec=0.002982
    [CG] [BB-INCUMBENT] selection=2 node=1 previous=922938.842394 value=1494016.520138 active=1
    [CG] [BB-INCUMBENT] selection=3 node=1 previous=1494016.520138 value=1533900.468742 active=0
      [BB] 分支定界结束：处理 3 节点，剪枝 0，剩余活跃 0，整数解 3，状态=OPTIMAL，最好可行 obj=1533900.468742，gap=0.000000
