    [CG] 列生成开始，初始列数=310
    [CG] CG iter 1: obj=780901.612333, maxRC=956870.261773, +30 cols
    [CG]   [DIAG] iter=1 posCols=30 newCols=30 effImprove=30 updated=0
    [CG] CG iter 2: obj=1283734.128667, maxRC=351670.577920, +24 cols
    [CG]   [DIAG] iter=2 posCols=24 newCols=24 effImprove=24 updated=0
    [CG] CG iter 3: obj=1535163.624804, maxRC=415092.176335, +30 cols
    [CG]   [DIAG] iter=3 posCols=30 newCols=30 effImprove=30 updated=0
    [CG] CG iter 4: obj=1680224.723996, maxRC=199375.890626, +24 cols
    [CG]   [DIAG] iter=4 posCols=24 newCols=24 effImprove=24 updated=0
    [CG] CG iter 5: obj=1774115.122203, maxRC=168730.059174, +27 cols
    [CG]   [DIAG] iter=5 posCols=27 newCols=27 effImprove=27 updated=0
    [CG] CG iter 6: obj=1879658.614570, maxRC=118400.934863, +21 cols
    [CG]   [DIAG] iter=6 posCols=21 newCols=19 effImprove=21 updated=2
    [CG] CG iter 7: obj=1963798.559656, maxRC=154676.978437, +18 cols
    [CG]   [DIAG] iter=7 posCols=18 newCols=18 effImprove=18 updated=0
    [CG] CG iter 8: obj=1963798.559656, maxRC=59021.668780, +15 cols
    [CG]   [DIAG] iter=8 posCols=15 newCols=15 effImprove=15 updated=0
    [CG] CG iter 9: obj=1963798.559656, maxRC=76080.866070, +17 cols
    [CG]   [DIAG] iter=9 posCols=17 newCols=17 effImprove=17 updated=0
    [CG] CG iter 10: obj=1965467.441130, maxRC=75314.798831, +15 cols
    [CG]   [DIAG] iter=10 posCols=15 newCols=15 effImprove=15 updated=0
    [CG] CG iter 11: obj=1967965.155154, maxRC=51335.375609, +10 cols
    [CG]   [DIAG] iter=11 posCols=10 newCols=10 effImprove=10 updated=0
    [CG] CG iter 12: obj=1992220.902795, maxRC=42050.199758, +11 cols
    [CG]   [DIAG] iter=12 posCols=11 newCols=11 effImprove=11 updated=0
    [CG] CG iter 13: obj=1992220.902795, maxRC=28069.054832, +8 cols
    [CG]   [DIAG] iter=13 posCols=8 newCols=7 effImprove=8 updated=1
    [CG] CG iter 14: obj=1992220.902795, maxRC=9012.065235, +7 cols
    [CG]   [DIAG] iter=14 posCols=7 newCols=7 effImprove=7 updated=0
    [CG] CG iter 15: obj=1995900.813440, maxRC=13141.153026, +6 cols
    [CG]   [DIAG] iter=15 posCols=6 newCols=6 effImprove=6 updated=0
    [CG] CG iter 16: obj=1995900.813440, maxRC=14076.803465, +2 cols
    [CG]   [DIAG] iter=16 posCols=2 newCols=2 effImprove=2 updated=0
    [CG] CG iter 17: obj=1995900.813440, maxRC=8094.746857, +2 cols
    [CG]   [DIAG] iter=17 posCols=2 newCols=2 effImprove=2 updated=0
    [CG] CG iter 18: obj=2003071.369181, maxRC=4818.555676, +2 cols
    [CG]   [DIAG] iter=18 posCols=2 newCols=2 effImprove=2 updated=0
    [CG] CG iter 19: obj=2003071.369181, maxRC=3663.066854, +2 cols
    [CG]   [DIAG] iter=19 posCols=2 newCols=2 effImprove=2 updated=0
    [CG] CG iter 20: obj=2003071.369181, maxRC=2669.760082, +1 cols
    [CG]   [DIAG] iter=20 posCols=1 newCols=1 effImprove=1 updated=0
    [CG] 列生成收敛，共 21 轮迭代
    [CG] [CG-NODE] depth=0 exit=CERTIFIED certified=1 feasible=1 iters=21 generatedColsBeforeNode=0 newCols=269 posCandidates=272 duplicateCandidates=3 updatedCols=3 zeroObjImproveIters=9 objFirst=780901.612333 objLast=2003071.369181 objGain=1222169.756848 maxRC=956870.261773 wallSec=0.164508 pricingSec=0.150412 cplexSolveSec=0.008621
      [BB] 根节点即为整数解，obj=2003071.369181
