    [CG] 列生成开始，初始列数=310
    [CG] CG iter 1: obj=511289.546893, maxRC=1069816.373710, +30 cols
    [CG]   [DIAG] iter=1 posCols=30 newCols=30 effImprove=30 updated=0
    [CG] CG iter 2: obj=1257839.825784, maxRC=300571.735565, +18 cols
    [CG]   [DIAG] iter=2 posCols=18 newCols=18 effImprove=18 updated=0
    [CG] CG iter 3: obj=1302865.009025, maxRC=413774.464028, +27 cols
    [CG]   [DIAG] iter=3 posCols=27 newCols=27 effImprove=27 updated=0
    [CG] CG iter 4: obj=1476480.530745, maxRC=537834.865640, +30 cols
    [CG]   [DIAG] iter=4 posCols=30 newCols=30 effImprove=30 updated=0
    [CG] CG iter 5: obj=1506005.658671, maxRC=430377.451195, +27 cols
    [CG]   [DIAG] iter=5 posCols=27 newCols=27 effImprove=27 updated=0
    [CG] CG iter 6: obj=1584291.162496, maxRC=285312.223244, +25 cols
    [CG]   [DIAG] iter=6 posCols=25 newCols=25 effImprove=25 updated=0
    [CG] CG iter 7: obj=1615740.241446, maxRC=261035.060208, +25 cols
    [CG]   [DIAG] iter=7 posCols=25 newCols=24 effImprove=25 updated=1
    [CG] CG iter 8: obj=1662489.391655, maxRC=222448.567984, +15 cols
    [CG]   [DIAG] iter=8 posCols=15 newCols=14 effImprove=15 updated=1
    [CG] CG iter 9: obj=1695068.242129, maxRC=132742.172344, +13 cols
    [CG]   [DIAG] iter=9 posCols=13 newCols=13 effImprove=13 updated=0
    [CG] CG iter 10: obj=1738386.849859, maxRC=154570.832831, +14 cols
    [CG]   [DIAG] iter=10 posCols=14 newCols=14 effImprove=14 updated=0
    [CG] CG iter 11: obj=1758340.288493, maxRC=157439.586007, +13 cols
    [CG]   [DIAG] iter=11 posCols=13 newCols=13 effImprove=13 updated=0
    [CG] CG iter 12: obj=1776625.102732, maxRC=130065.051309, +16 cols
    [CG]   [DIAG] iter=12 posCols=16 newCols=16 effImprove=16 updated=0
    [CG] CG iter 13: obj=1782246.005288, maxRC=103952.892460, +12 cols
    [CG]   [DIAG] iter=13 posCols=12 newCols=12 effImprove=12 updated=0
    [CG] CG iter 14: obj=1801156.574245, maxRC=90511.321934, +15 cols
    [CG]   [DIAG] iter=14 posCols=15 newCols=15 effImprove=15 updated=0
    [CG] CG iter 15: obj=1817766.844910, maxRC=126247.061864, +14 cols
    [CG]   [DIAG] iter=15 posCols=14 newCols=14 effImprove=14 updated=0
    [CG] CG iter 16: obj=1819128.362099, maxRC=66004.239584, +10 cols
    [CG]   [DIAG] iter=16 posCols=10 newCols=10 effImprove=10 updated=0
    [CG] CG iter 17: obj=1897222.414404, maxRC=205721.995939, +16 cols
    [CG]   [DIAG] iter=17 posCols=16 newCols=16 effImprove=16 updated=0
    [CG] CG iter 18: obj=1897222.414404, maxRC=155515.894113, +11 cols
    [CG]   [DIAG] iter=18 posCols=11 newCols=11 effImprove=11 updated=0
    [CG] CG iter 19: obj=1897222.414404, maxRC=125700.898009, +13 cols
    [CG]   [DIAG] iter=19 posCols=13 newCols=13 effImprove=13 updated=0
    [CG] CG iter 20: obj=1897222.414404, maxRC=89434.420578, +12 cols
    [CG]   [DIAG] iter=20 posCols=12 newCols=12 effImprove=12 updated=0
    [CG] CG iter 21: obj=1897222.414404, maxRC=85280.341514, +12 cols
    [CG]   [DIAG] iter=21 posCols=12 newCols=12 effImprove=12 updated=0
    [CG] CG iter 22: obj=1900440.115151, maxRC=74167.994334, +10 cols
    [CG]   [DIAG] iter=22 posCols=10 newCols=10 effImprove=10 updated=0
    [CG] CG iter 23: obj=1914258.067770, maxRC=71737.558107, +10 cols
    [CG]   [DIAG] iter=23 posCols=10 newCols=9 effImprove=10 updated=1
    [CG] CG iter 24: obj=1914258.067770, maxRC=49438.948482, +10 cols
    [CG]   [DIAG] iter=24 posCols=10 newCols=10 effImprove=10 updated=0
    [CG] CG iter 25: obj=1914258.067770, maxRC=58032.259100, +6 cols
    [CG]   [DIAG] iter=25 posCols=6 newCols=6 effImprove=6 updated=0
    [CG] CG iter 26: obj=1914258.067770, maxRC=45452.399824, +7 cols
    [CG]   [DIAG] iter=26 posCols=7 newCols=7 effImprove=7 updated=0
    [CG] CG iter 27: obj=1914258.067770, maxRC=18317.926708, +2 cols
    [CG]   [DIAG] iter=27 posCols=2 newCols=1 effImprove=2 updated=1
    [CG] CG iter 28: obj=1914258.067770, maxRC=15949.494019, +2 cols
    [CG]   [DIAG] iter=28 posCols=2 newCols=2 effImprove=2 updated=0
    [CG] CG iter 29: obj=1914258.067770, maxRC=15041.298850, +2 cols
    [CG]   [DIAG] iter=29 posCols=2 newCols=2 effImprove=2 updated=0
    [CG] CG iter 30: obj=1914258.067770, maxRC=17141.508811, +3 cols
    [CG]   [DIAG] iter=30 posCols=3 newCols=2 effImprove=3 updated=1
    [CG] CG iter 31: obj=1914258.067770, maxRC=16944.485010, +2 cols
    [CG]   [DIAG] iter=31 posCols=2 newCols=2 effImprove=2 updated=0
    [CG] CG iter 32: obj=1914258.067770, maxRC=12600.920698, +2 cols
    [CG]   [DIAG] iter=32 posCols=2 newCols=2 effImprove=2 updated=0
    [CG] CG iter 33: obj=1914258.067770, maxRC=9195.250009, +2 cols
    [CG]   [DIAG] iter=33 posCols=2 newCols=2 effImprove=2 updated=0
    [CG] CG iter 34: obj=1914258.067770, maxRC=9175.845021, +2 cols
    [CG]   [DIAG] iter=34 posCols=2 newCols=2 effImprove=2 updated=0
    [CG] CG iter 35: obj=1923433.912790, maxRC=1261.273594, +2 cols
    [CG]   [DIAG] iter=35 posCols=2 newCols=2 effImprove=2 updated=0
    [CG] CG iter 36: obj=1923433.912790, maxRC=414.355020, +2 cols
    [CG]   [DIAG] iter=36 posCols=2 newCols=2 effImprove=2 updated=0
    [CG] CG iter 37: obj=1923433.912790, maxRC=384.021025, +2 cols
    [CG]   [DIAG] iter=37 posCols=2 newCols=2 effImprove=2 updated=0
    [CG] CG iter 38: obj=1923433.912790, maxRC=216.670262, +1 cols
    [CG]   [DIAG] iter=38 posCols=1 newCols=1 effImprove=1 updated=0
    [CG] 列生成收敛，共 39 轮迭代
    [CG] [CG-NODE] depth=0 exit=CERTIFIED certified=1 feasible=1 iters=39 generatedColsBeforeNode=0 newCols=430 posCandidates=435 duplicateCandidates=5 updatedCols=5 zeroObjImproveIters=19 objFirst=511289.546893 objLast=1923433.912790 objGain=1412144.365897 maxRC=1069816.373710 wallSec=0.392378 pricingSec=0.369787 cplexSolveSec=0.015923
      [BB] 根节点即为整数解，obj=1923433.912790
