    [CG] 列生成开始，初始列数=310
    [CG] CG iter 1: obj=820998.578993, maxRC=962325.812480, +30 cols
    [CG]   [DIAG] iter=1 posCols=30 newCols=30 effImprove=30 updated=0
    [CG] CG iter 2: obj=1295109.209425, maxRC=344057.471142, +29 cols
    [CG]   [DIAG] iter=2 posCols=29 newCols=29 effImprove=29 updated=0
    [CG] CG iter 3: obj=1557689.203062, maxRC=347996.482003, +29 cols
    [CG]   [DIAG] iter=3 posCols=29 newCols=29 effImprove=29 updated=0
    [CG] CG iter 4: obj=1759804.040219, maxRC=172400.703868, +23 cols
    [CG]   [DIAG] iter=4 posCols=23 newCols=23 effImprove=23 updated=0
    [CG] CG iter 5: obj=1928625.129721, maxRC=140911.552129, +19 cols
    [CG]   [DIAG] iter=5 posCols=19 newCols=19 effImprove=19 updated=0
    [CG] CG iter 6: obj=1944463.522809, maxRC=203639.976733, +21 cols
    [CG]   [DIAG] iter=6 posCols=21 newCols=21 effImprove=21 updated=0
    [CG] CG iter 7: obj=1944463.522809, maxRC=175628.568523, +18 cols
    [CG]   [DIAG] iter=7 posCols=18 newCols=18 effImprove=18 updated=0
    [CG] CG iter 8: obj=1978070.056894, maxRC=135727.949259, +13 cols
    [CG]   [DIAG] iter=8 posCols=13 newCols=13 effImprove=13 updated=0
    [CG] CG iter 9: obj=1978070.056894, maxRC=56473.208115, +10 cols
    [CG]   [DIAG] iter=9 posCols=10 newCols=9 effImprove=10 updated=1
    [CG] CG iter 10: obj=1988330.655898, maxRC=70673.650695, +10 cols
    [CG]   [DIAG] iter=10 posCols=10 newCols=9 effImprove=10 updated=1
    [CG] CG iter 11: obj=1988330.655898, maxRC=39342.951410, +10 cols
    [CG]   [DIAG] iter=11 posCols=10 newCols=10 effImprove=10 updated=0
    [CG] CG iter 12: obj=1988330.655898, maxRC=29232.623915, +9 cols
    [CG]   [DIAG] iter=12 posCols=9 newCols=9 effImprove=9 updated=0
    [CG] CG iter 13: obj=1988330.655898, maxRC=33329.425478, +6 cols
    [CG]   [DIAG] iter=13 posCols=6 newCols=6 effImprove=6 updated=0
    [CG] CG iter 14: obj=1988418.964083, maxRC=21463.934318, +5 cols
    [CG]   [DIAG] iter=14 posCols=5 newCols=5 effImprove=5 updated=0
    [CG] CG iter 15: obj=2009794.590216, maxRC=1857.242849, +3 cols
    [CG]   [DIAG] iter=15 posCols=3 newCols=3 effImprove=3 updated=0
    [CG] CG iter 16: obj=2009794.590216, maxRC=393.997449, +3 cols
    [CG]   [DIAG] iter=16 posCols=3 newCols=3 effImprove=3 updated=0
    [CG] CG iter 17: obj=2009794.590216, maxRC=133.149802, +1 cols
    [CG]   [DIAG] iter=17 posCols=1 newCols=1 effImprove=1 updated=0
    [CG] CG iter 18: obj=2009794.590216, maxRC=77.406906, +1 cols
    [CG]   [DIAG] iter=18 posCols=1 newCols=1 effImprove=1 updated=0
    [CG] 列生成收敛，共 19 轮迭代
    [CG] [CG-NODE] depth=0 exit=CERTIFIED certified=1 feasible=1 iters=19 generatedColsBeforeNode=0 newCols=238 posCandidates=240 duplicateCandidates=2 updatedCols=2 zeroObjImproveIters=9 objFirst=820998.578993 objLast=2009794.590216 objGain=1188796.011222 maxRC=962325.812480 wallSec=0.127741 pricingSec=0.116921 cplexSolveSec=0.006708
      [BB] 根节点即为整数解，obj=2009794.590216
