    [CG] 列生成开始，初始列数=310
    [CG] CG iter 1: obj=753928.251308, maxRC=960974.235047, +30 cols
    [CG]   [DIAG] iter=1 posCols=30 newCols=30 effImprove=30 updated=0
    [CG] CG iter 2: obj=1272144.506746, maxRC=358539.569353, +28 cols
    [CG]   [DIAG] iter=2 posCols=28 newCols=28 effImprove=28 updated=0
    [CG] CG iter 3: obj=1505504.645420, maxRC=431293.598997, +30 cols
    [CG]   [DIAG] iter=3 posCols=30 newCols=30 effImprove=30 updated=0
    [CG] CG iter 4: obj=1680693.951699, maxRC=176564.816590, +24 cols
    [CG]   [DIAG] iter=4 posCols=24 newCols=24 effImprove=24 updated=0
    [CG] CG iter 5: obj=1768497.727897, maxRC=191705.367118, +25 cols
    [CG]   [DIAG] iter=5 posCols=25 newCols=25 effImprove=25 updated=0
    [CG] CG iter 6: obj=1855591.066686, maxRC=152806.209239, +17 cols
    [CG]   [DIAG] iter=6 posCols=17 newCols=17 effImprove=17 updated=0
    [CG] CG iter 7: obj=1891960.588359, maxRC=174922.740160, +17 cols
    [CG]   [DIAG] iter=7 posCols=17 newCols=17 effImprove=17 updated=0
    [CG] CG iter 8: obj=1939735.510403, maxRC=74681.989936, +18 cols
    [CG]   [DIAG] iter=8 posCols=18 newCols=18 effImprove=18 updated=0
    [CG] CG iter 9: obj=1978204.961121, maxRC=48110.850728, +13 cols
    [CG]   [DIAG] iter=9 posCols=13 newCols=13 effImprove=13 updated=0
    [CG] CG iter 10: obj=1980521.965968, maxRC=68145.178942, +12 cols
    [CG]   [DIAG] iter=10 posCols=12 newCols=11 effImprove=12 updated=1
    [CG] CG iter 11: obj=2011643.269491, maxRC=49002.965569, +11 cols
    [CG]   [DIAG] iter=11 posCols=11 newCols=10 effImprove=11 updated=1
    [CG] CG iter 12: obj=2012918.556411, maxRC=42518.965048, +7 cols
    [CG]   [DIAG] iter=12 posCols=7 newCols=7 effImprove=7 updated=0
    [CG] CG iter 13: obj=2012918.556411, maxRC=17901.110198, +5 cols
    [CG]   [DIAG] iter=13 posCols=5 newCols=5 effImprove=5 updated=0
    [CG] CG iter 14: obj=2023831.734033, maxRC=7166.080962, +2 cols
    [CG]   [DIAG] iter=14 posCols=2 newCols=2 effImprove=2 updated=0
    [CG] CG iter 15: obj=2023831.734033, maxRC=3278.027224, +1 cols
    [CG]   [DIAG] iter=15 posCols=1 newCols=1 effImprove=1 updated=0
    [CG] CG iter 16: obj=2027109.761257, maxRC=2726.554891, +1 cols
    [CG]   [DIAG] iter=16 posCols=1 newCols=1 effImprove=1 updated=0
    [CG] CG iter 17: obj=2027109.761257, maxRC=149.592754, +1 cols
    [CG]   [DIAG] iter=17 posCols=1 newCols=1 effImprove=1 updated=0
    [CG] 列生成收敛，共 18 轮迭代
    [CG] [CG-NODE] depth=0 exit=CERTIFIED certified=1 feasible=1 iters=18 generatedColsBeforeNode=0 newCols=240 posCandidates=242 duplicateCandidates=2 updatedCols=2 zeroObjImproveIters=4 objFirst=753928.251308 objLast=2027109.761257 objGain=1273181.509949 maxRC=960974.235047 wallSec=0.130743 pricingSec=0.120499 cplexSolveSec=0.006439
      [BB] 根节点即为整数解，obj=2027109.761257
