    [CG] 列生成开始，初始列数=310
    [CG] CG iter 1: obj=621445.998438, maxRC=427246.684321, +28 cols
    [CG]   [DIAG] iter=1 posCols=28 newCols=28 effImprove=28 updated=0
    [CG] CG iter 2: obj=955966.537025, maxRC=255050.171620, +25 cols
    [CG]   [DIAG] iter=2 posCols=25 newCols=25 effImprove=25 updated=0
    [CG] CG iter 3: obj=956296.515960, maxRC=203200.175464, +24 cols
    [CG]   [DIAG] iter=3 posCols=24 newCols=24 effImprove=24 updated=0
    [CG] CG iter 4: obj=1090544.964001, maxRC=139572.989150, +24 cols
    [CG]   [DIAG] iter=4 posCols=24 newCols=24 effImprove=24 updated=0
    [CG] CG iter 5: obj=1178635.915488, maxRC=114560.750151, +24 cols
    [CG]   [DIAG] iter=5 posCols=24 newCols=24 effImprove=24 updated=0
    [CG] CG iter 6: obj=1232588.214216, maxRC=59997.282595, +21 cols
    [CG]   [DIAG] iter=6 posCols=21 newCols=21 effImprove=21 updated=0
    [CG] CG iter 7: obj=1327563.175323, maxRC=35537.910516, +19 cols
    [CG]   [DIAG] iter=7 posCols=19 newCols=18 effImprove=19 updated=1
    [CG] CG iter 8: obj=1332512.070278, maxRC=13793.240549, +13 cols
    [CG]   [DIAG] iter=8 posCols=13 newCols=12 effImprove=13 updated=1
    [CG] CG iter 9: obj=1334698.311345, maxRC=11676.806485, +9 cols
    [CG]   [DIAG] iter=9 posCols=9 newCols=8 effImprove=9 updated=1
    [CG] CG iter 10: obj=1334698.311345, maxRC=5577.351195, +6 cols
    [CG]   [DIAG] iter=10 posCols=6 newCols=6 effImprove=6 updated=0
    [CG] CG iter 11: obj=1334698.311345, maxRC=8882.786163, +3 cols
    [CG]   [DIAG] iter=11 posCols=3 newCols=3 effImprove=3 updated=0
    [CG] CG iter 12: obj=1334698.311345, maxRC=960.062884, +2 cols
    [CG]   [DIAG] iter=12 posCols=2 newCols=1 effImprove=2 updated=1
    [CG] CG iter 13: obj=1334698.311345, maxRC=781.731091, +2 cols
    [CG]   [DIAG] iter=13 posCols=2 newCols=1 effImprove=2 updated=1
    [CG] 列生成收敛，共 14 轮迭代
    [CG] [CG-NODE] depth=0 exit=CERTIFIED certified=1 feasible=1 iters=14 generatedColsBeforeNode=0 newCols=195 posCandidates=200 duplicateCandidates=5 updatedCols=5 zeroObjImproveIters=5 objFirst=621445.998438 objLast=1334698.311345 objGain=713252.312906 maxRC=427246.684321 wallSec=0.070710 pricingSec=0.063993 cplexSolveSec=0.004101
      [BB] 根节点即为整数解，obj=1334698.311345
