    [CG] 列生成开始，初始列数=310
    [CG] CG iter 1: obj=327398.248044, maxRC=418087.586294, +22 cols
    [CG]   [DIAG] iter=1 posCols=22 newCols=22 effImprove=22 updated=0
    [CG] CG iter 2: obj=695380.475925, maxRC=309382.187667, +18 cols
    [CG]   [DIAG] iter=2 posCols=18 newCols=18 effImprove=18 updated=0
    [CG] CG iter 3: obj=695380.475925, maxRC=178909.601407, +18 cols
    [CG]   [DIAG] iter=3 posCols=18 newCols=18 effImprove=18 updated=0
    [CG] CG iter 4: obj=695380.475925, maxRC=239668.910260, +18 cols
    [CG]   [DIAG] iter=4 posCols=18 newCols=18 effImprove=18 updated=0
    [CG] CG iter 5: obj=721792.101525, maxRC=178036.611933, +18 cols
    [CG]   [DIAG] iter=5 posCols=18 newCols=18 effImprove=18 updated=0
    [CG] CG iter 6: obj=773022.543953, maxRC=169289.312292, +17 cols
    [CG]   [DIAG] iter=6 posCols=17 newCols=17 effImprove=17 updated=0
    [CG] CG iter 7: obj=832896.829125, maxRC=120414.273670, +15 cols
    [CG]   [DIAG] iter=7 posCols=15 newCols=15 effImprove=15 updated=0
    [CG] CG iter 8: obj=875141.968646, maxRC=128214.843313, +13 cols
    [CG]   [DIAG] iter=8 posCols=13 newCols=13 effImprove=13 updated=0
    [CG] CG iter 9: obj=901646.684889, maxRC=98785.005355, +12 cols
    [CG]   [DIAG] iter=9 posCols=12 newCols=12 effImprove=12 updated=0
    [CG] CG iter 10: obj=907324.912449, maxRC=44040.396126, +14 cols
    [CG]   [DIAG] iter=10 posCols=14 newCols=13 effImprove=14 updated=1
    [CG] CG iter 11: obj=965535.956911, maxRC=41399.406110, +13 cols
    [CG]   [DIAG] iter=11 posCols=13 newCols=13 effImprove=13 updated=0
    [CG] CG iter 12: obj=965535.956911, maxRC=21776.075940, +13 cols
    [CG]   [DIAG] iter=12 posCols=13 newCols=13 effImprove=13 updated=0
    [CG] CG iter 13: obj=965535.956911, maxRC=9485.977070, +5 cols
    [CG]   [DIAG] iter=13 posCols=5 newCols=4 effImprove=5 updated=1
    [CG] CG iter 14: obj=965535.956911, maxRC=24417.223201, +5 cols
    [CG]   [DIAG] iter=14 posCols=5 newCols=5 effImprove=5 updated=0
    [CG] CG iter 15: obj=965535.956911, maxRC=12166.058869, +1 cols
    [CG]   [DIAG] iter=15 posCols=1 newCols=1 effImprove=1 updated=0
    [CG] CG iter 16: obj=977702.015780, maxRC=147.373912, +1 cols
    [CG]   [DIAG] iter=16 posCols=1 newCols=1 effImprove=1 updated=0
    [CG] 列生成收敛，共 17 轮迭代
    [CG] [CG-NODE] depth=0 exit=CERTIFIED certified=1 feasible=1 iters=17 generatedColsBeforeNode=0 newCols=201 posCandidates=203 duplicateCandidates=2 updatedCols=2 zeroObjImproveIters=7 objFirst=327398.248044 objLast=977702.015780 objGain=650303.767736 maxRC=418087.586294 wallSec=0.380480 pricingSec=0.352814 cplexSolveSec=0.005566
      [BB] 根节点即为整数解，obj=977702.015780
