    [CG] 列生成开始，初始列数=310
    [CG] CG iter 1: obj=610485.899306, maxRC=425609.581129, +28 cols
    [CG]   [DIAG] iter=1 posCols=28 newCols=28 effImprove=28 updated=0
    [CG] CG iter 2: obj=939747.132103, maxRC=252933.276599, +25 cols
    [CG]   [DIAG] iter=2 posCols=25 newCols=25 effImprove=25 updated=0
    [CG] CG iter 3: obj=940094.296526, maxRC=201262.212783, +24 cols
    [CG]   [DIAG] iter=3 posCols=24 newCols=24 effImprove=24 updated=0
    [CG] CG iter 4: obj=1073440.883855, maxRC=152410.953136, +24 cols
    [CG]   [DIAG] iter=4 posCols=24 newCols=24 effImprove=24 updated=0
    [CG] CG iter 5: obj=1194389.933810, maxRC=108758.777255, +24 cols
    [CG]   [DIAG] iter=5 posCols=24 newCols=24 effImprove=24 updated=0
    [CG] CG iter 6: obj=1210450.721470, maxRC=64565.289472, +23 cols
    [CG]   [DIAG] iter=6 posCols=23 newCols=23 effImprove=23 updated=0
    [CG] CG iter 7: obj=1272984.942298, maxRC=51764.462361, +17 cols
    [CG]   [DIAG] iter=7 posCols=17 newCols=17 effImprove=17 updated=0
    [CG] CG iter 8: obj=1293574.789068, maxRC=56929.106894, +14 cols
    [CG]   [DIAG] iter=8 posCols=14 newCols=14 effImprove=14 updated=0
    [CG] CG iter 9: obj=1300167.043897, maxRC=59970.525596, +12 cols
    [CG]   [DIAG] iter=9 posCols=12 newCols=12 effImprove=12 updated=0
    [CG] CG iter 10: obj=1322704.398590, maxRC=19058.448524, +11 cols
    [CG]   [DIAG] iter=10 posCols=11 newCols=11 effImprove=11 updated=0
    [CG] CG iter 11: obj=1323940.262485, maxRC=5650.742936, +6 cols
    [CG]   [DIAG] iter=11 posCols=6 newCols=6 effImprove=6 updated=0
    [CG] CG iter 12: obj=1323940.262485, maxRC=5097.118750, +1 cols
    [CG]   [DIAG] iter=12 posCols=1 newCols=1 effImprove=1 updated=0
    [CG] CG iter 13: obj=1323940.262485, maxRC=5093.513192, +3 cols
    [CG]   [DIAG] iter=13 posCols=3 newCols=3 effImprove=3 updated=0
    [CG] 列生成收敛，共 14 轮迭代
    [CG] [CG-NODE] depth=0 exit=CERTIFIED certified=1 feasible=1 iters=14 generatedColsBeforeNode=0 newCols=212 posCandidates=212 duplicateCandidates=0 updatedCols=0 zeroObjImproveIters=2 objFirst=610485.899306 objLast=1329033.775676 objGain=718547.876370 maxRC=425609.581129 wallSec=0.077325 pricingSec=0.070392 cplexSolveSec=0.004272
      [BB] 根节点即为整数解，obj=1329033.775676
