    [CG] 列生成开始，初始列数=310
    [CG] CG iter 1: obj=268627.251958, maxRC=418648.942932, +18 cols
    [CG]   [DIAG] iter=1 posCols=18 newCols=18 effImprove=18 updated=0
    [CG] CG iter 2: obj=663524.266353, maxRC=277887.269587, +15 cols
    [CG]   [DIAG] iter=2 posCols=15 newCols=15 effImprove=15 updated=0
    [CG] CG iter 3: obj=663524.266353, maxRC=197348.670889, +15 cols
    [CG]   [DIAG] iter=3 posCols=15 newCols=15 effImprove=15 updated=0
    [CG] CG iter 4: obj=663524.266353, maxRC=255619.901386, +15 cols
    [CG]   [DIAG] iter=4 posCols=15 newCols=15 effImprove=15 updated=0
    [CG] CG iter 5: obj=663524.266353, maxRC=190302.269992, +15 cols
    [CG]   [DIAG] iter=5 posCols=15 newCols=15 effImprove=15 updated=0
    [CG] CG iter 6: obj=692255.203696, maxRC=191972.750738, +15 cols
    [CG]   [DIAG] iter=6 posCols=15 newCols=15 effImprove=15 updated=0
    [CG] CG iter 7: obj=735244.042227, maxRC=162150.501073, +15 cols
    [CG]   [DIAG] iter=7 posCols=15 newCols=15 effImprove=15 updated=0
    [CG] CG iter 8: obj=756485.546469, maxRC=91770.568498, +12 cols
    [CG]   [DIAG] iter=8 posCols=12 newCols=12 effImprove=12 updated=0
    [CG] CG iter 9: obj=784633.443766, maxRC=109150.529909, +15 cols
    [CG]   [DIAG] iter=9 posCols=15 newCols=13 effImprove=15 updated=2
    [CG] CG iter 10: obj=804236.050023, maxRC=67153.719224, +9 cols
    [CG]   [DIAG] iter=10 posCols=9 newCols=9 effImprove=9 updated=0
    [CG] CG iter 11: obj=854610.241519, maxRC=59544.058838, +11 cols
    [CG]   [DIAG] iter=11 posCols=11 newCols=11 effImprove=11 updated=0
    [CG] CG iter 12: obj=866458.661335, maxRC=29174.268629, +9 cols
    [CG]   [DIAG] iter=12 posCols=9 newCols=9 effImprove=9 updated=0
    [CG] CG iter 13: obj=881045.795650, maxRC=16406.520284, +8 cols
    [CG]   [DIAG] iter=13 posCols=8 newCols=8 effImprove=8 updated=0
    [CG] CG iter 14: obj=881238.647220, maxRC=14130.232405, +2 cols
    [CG]   [DIAG] iter=14 posCols=2 newCols=2 effImprove=2 updated=0
    [CG] CG iter 15: obj=881238.647220, maxRC=10149.277148, +3 cols
    [CG]   [DIAG] iter=15 posCols=3 newCols=3 effImprove=3 updated=0
    [CG] CG iter 16: obj=891002.221228, maxRC=2352.295017, +2 cols
    [CG]   [DIAG] iter=16 posCols=2 newCols=2 effImprove=2 updated=0
    [CG] 列生成收敛，共 17 轮迭代
    [CG] [CG-NODE] depth=0 exit=CERTIFIED certified=1 feasible=1 iters=17 generatedColsBeforeNode=0 newCols=177 posCandidates=179 duplicateCandidates=2 updatedCols=2 zeroObjImproveIters=5 objFirst=268627.251958 objLast=891002.221228 objGain=622374.969269 maxRC=418648.942932 wallSec=0.448865 pricingSec=0.416415 cplexSolveSec=0.005708
      [BB] 根节点即为整数解，obj=891002.221228
