    [CG] 列生成开始，初始列数=310
    [CG] CG iter 1: obj=624472.646290, maxRC=419802.003596, +28 cols
    [CG]   [DIAG] iter=1 posCols=28 newCols=28 effImprove=28 updated=0
    [CG] CG iter 2: obj=954293.504185, maxRC=245986.947677, +25 cols
    [CG]   [DIAG] iter=2 posCols=25 newCols=25 effImprove=25 updated=0
    [CG] CG iter 3: obj=954662.313777, maxRC=195375.333889, +24 cols
    [CG]   [DIAG] iter=3 posCols=24 newCols=24 effImprove=24 updated=0
    [CG] CG iter 4: obj=1129202.100495, maxRC=125980.580215, +24 cols
    [CG]   [DIAG] iter=4 posCols=24 newCols=24 effImprove=24 updated=0
    [CG] CG iter 5: obj=1211968.610073, maxRC=76989.185423, +23 cols
    [CG]   [DIAG] iter=5 posCols=23 newCols=23 effImprove=23 updated=0
    [CG] CG iter 6: obj=1307566.564858, maxRC=53033.164760, +18 cols
    [CG]   [DIAG] iter=6 posCols=18 newCols=18 effImprove=18 updated=0
    [CG] CG iter 7: obj=1307566.564858, maxRC=37243.787236, +13 cols
    [CG]   [DIAG] iter=7 posCols=13 newCols=13 effImprove=13 updated=0
    [CG] CG iter 8: obj=1319903.492486, maxRC=13869.765427, +7 cols
    [CG]   [DIAG] iter=8 posCols=7 newCols=7 effImprove=7 updated=0
    [CG] CG iter 9: obj=1333773.257913, maxRC=11466.773149, +6 cols
    [CG]   [DIAG] iter=9 posCols=6 newCols=6 effImprove=6 updated=0
    [CG] CG iter 10: obj=1336749.846818, maxRC=10361.705676, +2 cols
    [CG]   [DIAG] iter=10 posCols=2 newCols=2 effImprove=2 updated=0
    [CG] 列生成收敛，共 11 轮迭代
    [CG] [CG-NODE] depth=0 exit=CERTIFIED certified=1 feasible=1 iters=11 generatedColsBeforeNode=0 newCols=170 posCandidates=170 duplicateCandidates=0 updatedCols=0 zeroObjImproveIters=2 objFirst=624472.646290 objLast=1336749.846818 objGain=712277.200528 maxRC=419802.003596 wallSec=0.078027 pricingSec=0.069772 cplexSolveSec=0.004608
      [BB] 根节点即为整数解，obj=1336749.846818
