    [CG] 列生成开始，初始列数=310
    [CG] CG iter 1: obj=552816.141936, maxRC=414017.785199, +25 cols
    [CG]   [DIAG] iter=1 posCols=25 newCols=25 effImprove=25 updated=0
    [CG] CG iter 2: obj=879964.735168, maxRC=251168.524307, +23 cols
    [CG]   [DIAG] iter=2 posCols=23 newCols=22 effImprove=23 updated=1
    [CG] CG iter 3: obj=931013.432714, maxRC=175846.894073, +22 cols
    [CG]   [DIAG] iter=3 posCols=22 newCols=22 effImprove=22 updated=0
    [CG] CG iter 4: obj=968409.369043, maxRC=147087.775726, +21 cols
    [CG]   [DIAG] iter=4 posCols=21 newCols=21 effImprove=21 updated=0
    [CG] CG iter 5: obj=1103609.601491, maxRC=107640.465837, +20 cols
    [CG]   [DIAG] iter=5 posCols=20 newCols=20 effImprove=20 updated=0
    [CG] CG iter 6: obj=1127956.732432, maxRC=106113.037608, +21 cols
    [CG]   [DIAG] iter=6 posCols=21 newCols=21 effImprove=21 updated=0
    [CG] CG iter 7: obj=1151604.006488, maxRC=93922.060671, +18 cols
    [CG]   [DIAG] iter=7 posCols=18 newCols=18 effImprove=18 updated=0
    [CG] CG iter 8: obj=1175801.524172, maxRC=46430.484772, +17 cols
    [CG]   [DIAG] iter=8 posCols=17 newCols=16 effImprove=17 updated=1
    [CG] CG iter 9: obj=1219806.751009, maxRC=43310.273670, +17 cols
    [CG]   [DIAG] iter=9 posCols=17 newCols=16 effImprove=17 updated=1
    [CG] CG iter 10: obj=1230186.420235, maxRC=35398.159836, +10 cols
    [CG]   [DIAG] iter=10 posCols=10 newCols=10 effImprove=10 updated=0
    [CG] CG iter 11: obj=1243923.228263, maxRC=33641.105317, +10 cols
    [CG]   [DIAG] iter=11 posCols=10 newCols=10 effImprove=10 updated=0
    [CG] CG iter 12: obj=1248295.893386, maxRC=15529.553126, +3 cols
    [CG]   [DIAG] iter=12 posCols=3 newCols=3 effImprove=3 updated=0
    [CG] CG iter 13: obj=1248295.893386, maxRC=6182.569946, +4 cols
    [CG]   [DIAG] iter=13 posCols=4 newCols=4 effImprove=4 updated=0
    [CG] CG iter 14: obj=1248295.893386, maxRC=5587.541491, +2 cols
    [CG]   [DIAG] iter=14 posCols=2 newCols=2 effImprove=2 updated=0
    [CG] CG iter 15: obj=1248295.893386, maxRC=5473.266128, +1 cols
    [CG]   [DIAG] iter=15 posCols=1 newCols=1 effImprove=1 updated=0
    [CG] 列生成收敛，共 16 轮迭代
    [CG] [CG-NODE] depth=0 exit=CERTIFIED certified=1 feasible=1 iters=16 generatedColsBeforeNode=0 newCols=211 posCandidates=214 duplicateCandidates=3 updatedCols=3 zeroObjImproveIters=3 objFirst=552816.141936 objLast=1253769.159515 objGain=700953.017579 maxRC=414017.785199 wallSec=0.127680 pricingSec=0.116988 cplexSolveSec=0.006180
      [BB] 根节点即为整数解，obj=1253769.159515
