    [CG] 列生成开始，初始列数=310
    [CG] CG iter 1: obj=620055.502106, maxRC=427065.440071, +28 cols
    [CG]   [DIAG] iter=1 posCols=28 newCols=28 effImprove=28 updated=0
    [CG] CG iter 2: obj=955478.386359, maxRC=271978.891689, +25 cols
    [CG]   [DIAG] iter=2 posCols=25 newCols=25 effImprove=25 updated=0
    [CG] CG iter 3: obj=959127.985116, maxRC=203557.393171, +24 cols
    [CG]   [DIAG] iter=3 posCols=24 newCols=24 effImprove=24 updated=0
    [CG] CG iter 4: obj=1099334.044357, maxRC=123230.258415, +24 cols
    [CG]   [DIAG] iter=4 posCols=24 newCols=24 effImprove=24 updated=0
    [CG] CG iter 5: obj=1200893.867715, maxRC=90535.672823, +23 cols
    [CG]   [DIAG] iter=5 posCols=23 newCols=23 effImprove=23 updated=0
    [CG] CG iter 6: obj=1261771.375608, maxRC=74636.203673, +21 cols
    [CG]   [DIAG] iter=6 posCols=21 newCols=21 effImprove=21 updated=0
    [CG] CG iter 7: obj=1295041.664740, maxRC=52483.060351, +16 cols
    [CG]   [DIAG] iter=7 posCols=16 newCols=15 effImprove=16 updated=1
    [CG] CG iter 8: obj=1321303.961794, maxRC=20406.374782, +14 cols
    [CG]   [DIAG] iter=8 posCols=14 newCols=14 effImprove=14 updated=0
    [CG] CG iter 9: obj=1321303.961794, maxRC=25289.564475, +11 cols
    [CG]   [DIAG] iter=9 posCols=11 newCols=11 effImprove=11 updated=0
    [CG] CG iter 10: obj=1321303.961794, maxRC=8493.162394, +7 cols
    [CG]   [DIAG] iter=10 posCols=7 newCols=7 effImprove=7 updated=0
    [CG] CG iter 11: obj=1321303.961794, maxRC=4318.021417, +6 cols
    [CG]   [DIAG] iter=11 posCols=6 newCols=6 effImprove=6 updated=0
    [CG] CG iter 12: obj=1326649.264139, maxRC=538.505159, +2 cols
    [CG]   [DIAG] iter=12 posCols=2 newCols=2 effImprove=2 updated=0
    [CG] 列生成收敛，共 13 轮迭代
    [CG] [CG-NODE] depth=0 exit=CERTIFIED certified=1 feasible=1 iters=13 generatedColsBeforeNode=0 newCols=200 posCandidates=201 duplicateCandidates=1 updatedCols=1 zeroObjImproveIters=4 objFirst=620055.502106 objLast=1326649.264139 objGain=706593.762033 maxRC=427065.440071 wallSec=0.069420 pricingSec=0.063202 cplexSolveSec=0.003870
      [BB] 根节点即为整数解，obj=1326649.264139
