    [CG] 列生成开始，初始列数=310
    [CG] CG iter 1: obj=555552.036822, maxRC=423780.820080, +28 cols
    [CG]   [DIAG] iter=1 posCols=28 newCols=28 effImprove=28 updated=0
    [CG] CG iter 2: obj=897417.403321, maxRC=227047.999224, +25 cols
    [CG]   [DIAG] iter=2 posCols=25 newCols=25 effImprove=25 updated=0
    [CG] CG iter 3: obj=933218.805016, maxRC=186293.042046, +23 cols
    [CG]   [DIAG] iter=3 posCols=23 newCols=23 effImprove=23 updated=0
    [CG] CG iter 4: obj=1062291.735051, maxRC=135980.742142, +21 cols
    [CG]   [DIAG] iter=4 posCols=21 newCols=21 effImprove=21 updated=0
    [CG] CG iter 5: obj=1142914.778873, maxRC=113357.500249, +21 cols
    [CG]   [DIAG] iter=5 posCols=21 newCols=21 effImprove=21 updated=0
    [CG] CG iter 6: obj=1180133.244063, maxRC=87247.583891, +19 cols
    [CG]   [DIAG] iter=6 posCols=19 newCols=19 effImprove=19 updated=0
    [CG] CG iter 7: obj=1247789.013730, maxRC=63952.385072, +19 cols
    [CG]   [DIAG] iter=7 posCols=19 newCols=17 effImprove=19 updated=2
    [CG] CG iter 8: obj=1272797.248000, maxRC=61756.285000, +16 cols
    [CG]   [DIAG] iter=8 posCols=16 newCols=16 effImprove=16 updated=0
    [CG] CG iter 9: obj=1297365.118676, maxRC=19387.580840, +14 cols
    [CG]   [DIAG] iter=9 posCols=14 newCols=14 effImprove=14 updated=0
    [CG] CG iter 10: obj=1310346.888683, maxRC=14979.493248, +12 cols
    [CG]   [DIAG] iter=10 posCols=12 newCols=12 effImprove=12 updated=0
    [CG] CG iter 11: obj=1310346.888683, maxRC=7667.744532, +9 cols
    [CG]   [DIAG] iter=11 posCols=9 newCols=8 effImprove=9 updated=1
    [CG] CG iter 12: obj=1314166.594186, maxRC=4811.584842, +5 cols
    [CG]   [DIAG] iter=12 posCols=5 newCols=4 effImprove=5 updated=1
    [CG] CG iter 13: obj=1317543.788488, maxRC=2017.283549, +1 cols
    [CG]   [DIAG] iter=13 posCols=1 newCols=1 effImprove=1 updated=0
    [CG] 列生成收敛，共 14 轮迭代
    [CG] [CG-NODE] depth=0 exit=CERTIFIED certified=1 feasible=1 iters=14 generatedColsBeforeNode=0 newCols=209 posCandidates=213 duplicateCandidates=4 updatedCols=4 zeroObjImproveIters=2 objFirst=555552.036822 objLast=1317543.788488 objGain=761991.751666 maxRC=423780.820080 wallSec=0.090941 pricingSec=0.082345 cplexSolveSec=0.004978
      [BB] 根节点即为整数解，obj=1317543.788488
