    [CG] 列生成开始，初始列数=310
    [CG] CG iter 1: obj=604752.347428, maxRC=420643.783541, +28 cols
    [CG]   [DIAG] iter=1 posCols=28 newCols=28 effImprove=28 updated=0
    [CG] CG iter 2: obj=933089.235531, maxRC=247114.495465, +25 cols
    [CG]   [DIAG] iter=2 posCols=25 newCols=25 effImprove=25 updated=0
    [CG] CG iter 3: obj=933411.388245, maxRC=196435.555745, +24 cols
    [CG]   [DIAG] iter=3 posCols=24 newCols=24 effImprove=24 updated=0
    [CG] CG iter 4: obj=1064729.821321, maxRC=126735.326458, +24 cols
    [CG]   [DIAG] iter=4 posCols=24 newCols=24 effImprove=24 updated=0
    [CG] CG iter 5: obj=1126881.501801, maxRC=140858.297814, +24 cols
    [CG]   [DIAG] iter=5 posCols=24 newCols=24 effImprove=24 updated=0
    [CG] CG iter 6: obj=1197727.853855, maxRC=63299.870168, +20 cols
    [CG]   [DIAG] iter=6 posCols=20 newCols=20 effImprove=20 updated=0
    [CG] CG iter 7: obj=1238386.497665, maxRC=79725.134882, +19 cols
    [CG]   [DIAG] iter=7 posCols=19 newCols=18 effImprove=19 updated=1
    [CG] CG iter 8: obj=1297718.206042, maxRC=38375.327375, +18 cols
    [CG]   [DIAG] iter=8 posCols=18 newCols=18 effImprove=18 updated=0
    [CG] CG iter 9: obj=1302030.301854, maxRC=51108.144937, +12 cols
    [CG]   [DIAG] iter=9 posCols=12 newCols=12 effImprove=12 updated=0
    [CG] CG iter 10: obj=1315410.588947, maxRC=40885.272196, +15 cols
    [CG]   [DIAG] iter=10 posCols=15 newCols=15 effImprove=15 updated=0
    [CG] CG iter 11: obj=1315410.588947, maxRC=15364.381911, +8 cols
    [CG]   [DIAG] iter=11 posCols=8 newCols=8 effImprove=8 updated=0
    [CG] CG iter 12: obj=1316629.670927, maxRC=8567.752434, +2 cols
    [CG]   [DIAG] iter=12 posCols=2 newCols=2 effImprove=2 updated=0
    [CG] CG iter 13: obj=1316629.670927, maxRC=6547.494451, +1 cols
    [CG]   [DIAG] iter=13 posCols=1 newCols=1 effImprove=1 updated=0
    [CG] CG iter 14: obj=1316629.670927, maxRC=612.261491, +1 cols
    [CG]   [DIAG] iter=14 posCols=1 newCols=0 effImprove=1 updated=1
    [CG] CG iter 15: obj=1316629.670927, maxRC=880.976475, +1 cols
    [CG]   [DIAG] iter=15 posCols=1 newCols=1 effImprove=1 updated=0
    [CG] CG iter 16: obj=1316629.670927, maxRC=382.653118, +1 cols
    [CG]   [DIAG] iter=16 posCols=1 newCols=1 effImprove=1 updated=0
    [CG] 列生成收敛，共 17 轮迭代
    [CG] [CG-NODE] depth=0 exit=CERTIFIED certified=1 feasible=1 iters=17 generatedColsBeforeNode=0 newCols=221 posCandidates=223 duplicateCandidates=2 updatedCols=2 zeroObjImproveIters=6 objFirst=604752.347428 objLast=1316629.670927 objGain=711877.323499 maxRC=420643.783541 wallSec=0.086024 pricingSec=0.078117 cplexSolveSec=0.005079
      [BB] 分支定界开始，根节点LP obj=1316629.670927，最大节点数=10000
      [BB] 根节点启发式下界 LB=1201993.660654（上界=1316629.670927）
    [CG] [BB-DIAG] 分支 x_{dc=0,retailer=3}, 节点数=1
    [CG] 列生成开始，初始列数=516
    [CG] CG iter 18: obj=1315370.518449, maxRC=38902.151988, +17 cols
    [CG]   [DIAG] iter=18 posCols=17 newCols=17 effImprove=17 updated=0
    [CG] CG iter 19: obj=1315370.518449, maxRC=20960.481419, +9 cols
    [CG]   [DIAG] iter=19 posCols=9 newCols=9 effImprove=9 updated=0
    [CG] CG iter 20: obj=1315370.518449, maxRC=2886.752805, +2 cols
    [CG]   [DIAG] iter=20 posCols=2 newCols=2 effImprove=2 updated=0
    [CG] CG iter 21: obj=1315370.518449, maxRC=564.245092, +1 cols
    [CG]   [DIAG] iter=21 posCols=1 newCols=1 effImprove=1 updated=0
    [CG] 列生成收敛，共 22 轮迭代
    [CG] [CG-NODE] depth=1 exit=CERTIFIED certified=1 feasible=1 iters=5 generatedColsBeforeNode=221 newCols=29 posCandidates=29 duplicateCandidates=0 updatedCols=0 zeroObjImproveIters=4 objFirst=1315370.518449 objLast=1315370.518449 objGain=-0.000000 maxRC=38902.151988 wallSec=0.013742 pricingSec=0.010200 cplexSolveSec=0.002363
    [CG] 列生成开始，初始列数=484
    [CG] CG iter 23: obj=1316538.743361, maxRC=46846.975690, +15 cols
    [CG]   [DIAG] iter=23 posCols=15 newCols=15 effImprove=15 updated=0
    [CG] CG iter 24: obj=1316538.743361, maxRC=15828.387165, +13 cols
    [CG]   [DIAG] iter=24 posCols=13 newCols=13 effImprove=13 updated=0
    [CG] CG iter 25: obj=1316538.743361, maxRC=7310.554725, +5 cols
    [CG]   [DIAG] iter=25 posCols=5 newCols=5 effImprove=5 updated=0
    [CG] CG iter 26: obj=1316538.743361, maxRC=5874.601144, +3 cols
    [CG]   [DIAG] iter=26 posCols=3 newCols=2 effImprove=3 updated=1
    [CG] CG iter 27: obj=1316538.743361, maxRC=334.792385, +1 cols
    [CG]   [DIAG] iter=27 posCols=1 newCols=1 effImprove=1 updated=0
    [CG] 列生成收敛，共 28 轮迭代
    [CG] [CG-NODE] depth=1 exit=CERTIFIED certified=1 feasible=1 iters=6 generatedColsBeforeNode=250 newCols=36 posCandidates=37 duplicateCandidates=1 updatedCols=1 zeroObjImproveIters=5 objFirst=1316538.743361 objLast=1316538.743361 objGain=0.000000 maxRC=46846.975690 wallSec=0.014570 pricingSec=0.010910 cplexSolveSec=0.002452
    [CG] [BB-DIAG] 分支 x_{dc=2,retailer=2}, 节点数=2
    [CG] 列生成开始，初始列数=513
    [CG] CG iter 29: obj=1315410.588947, maxRC=13463.470602, +10 cols
    [CG]   [DIAG] iter=29 posCols=10 newCols=10 effImprove=10 updated=0
    [CG] CG iter 30: obj=1315410.588947, maxRC=9304.865408, +5 cols
    [CG]   [DIAG] iter=30 posCols=5 newCols=5 effImprove=5 updated=0
    [CG] CG iter 31: obj=1315410.588947, maxRC=7862.811472, +4 cols
    [CG]   [DIAG] iter=31 posCols=4 newCols=4 effImprove=4 updated=0
    [CG] CG iter 32: obj=1315410.588947, maxRC=2344.271010, +2 cols
    [CG]   [DIAG] iter=32 posCols=2 newCols=2 effImprove=2 updated=0
    [CG] CG iter 33: obj=1315410.588947, maxRC=1629.477543, +1 cols
    [CG]   [DIAG] iter=33 posCols=1 newCols=1 effImprove=1 updated=0
    [CG] CG iter 34: obj=1315410.588947, maxRC=127.342460, +1 cols
    [CG]   [DIAG] iter=34 posCols=1 newCols=1 effImprove=1 updated=0
    [CG] 列生成收敛，共 35 轮迭代
    [CG] [CG-NODE] depth=2 exit=CERTIFIED certified=1 feasible=1 iters=7 generatedColsBeforeNode=286 newCols=23 posCandidates=23 duplicateCandidates=0 updatedCols=0 zeroObjImproveIters=6 objFirst=1315410.588947 objLast=1315410.588947 objGain=0.000000 maxRC=13463.470602 wallSec=0.015931 pricingSec=0.012121 cplexSolveSec=0.002565
    [CG] 列生成开始，初始列数=466
    [CG] CG iter 36: obj=1307766.965264, maxRC=25326.815415, +18 cols
    [CG]   [DIAG] iter=36 posCols=18 newCols=18 effImprove=18 updated=0
    [CG] CG iter 37: obj=1310188.814559, maxRC=12259.158016, +5 cols
    [CG]   [DIAG] iter=37 posCols=5 newCols=4 effImprove=5 updated=1
    [CG] CG iter 38: obj=1310188.814559, maxRC=5572.302992, +3 cols
    [CG]   [DIAG] iter=38 posCols=3 newCols=3 effImprove=3 updated=0
    [CG] CG iter 39: obj=1310188.814559, maxRC=3934.385217, +1 cols
    [CG]   [DIAG] iter=39 posCols=1 newCols=1 effImprove=1 updated=0
    [CG] CG iter 40: obj=1310188.814559, maxRC=3830.335440, +2 cols
    [CG]   [DIAG] iter=40 posCols=2 newCols=2 effImprove=2 updated=0
    [CG] 列生成收敛，共 41 轮迭代
    [CG] [CG-NODE] depth=2 exit=CERTIFIED certified=1 feasible=1 iters=6 generatedColsBeforeNode=309 newCols=28 posCandidates=29 duplicateCandidates=1 updatedCols=1 zeroObjImproveIters=4 objFirst=1307766.965264 objLast=1310188.814559 objGain=2421.849295 maxRC=25326.815415 wallSec=0.013385 pricingSec=0.009834 cplexSolveSec=0.002365
    [CG] [BB-INCUMBENT] selection=3 node=2 previous=1201993.660654 value=1310188.814559 active=2
    [CG] [BB-NODESEL] strategy=hybrid choice=dfs eligibleCount=1 active=2 gap=0.003986
    [CG] [BB-INCUMBENT] selection=4 node=2 previous=1310188.814559 value=1315410.588947 active=1
      [BB] 分支定界结束：处理 5 节点，剪枝 1，剩余活跃 0，整数解 3，状态=OPTIMAL，最好可行 obj=1315410.588947，gap=0.000000
