    [CG] 列生成开始，初始列数=310
    [CG] CG iter 1: obj=605869.969707, maxRC=410999.577144, +28 cols
    [CG]   [DIAG] iter=1 posCols=28 newCols=28 effImprove=28 updated=0
    [CG] CG iter 2: obj=924456.626236, maxRC=214857.675289, +25 cols
    [CG]   [DIAG] iter=2 posCols=25 newCols=25 effImprove=25 updated=0
    [CG] CG iter 3: obj=1026118.227238, maxRC=155604.346929, +24 cols
    [CG]   [DIAG] iter=3 posCols=24 newCols=24 effImprove=24 updated=0
    [CG] CG iter 4: obj=1081216.220636, maxRC=125886.316623, +24 cols
    [CG]   [DIAG] iter=4 posCols=24 newCols=24 effImprove=24 updated=0
    [CG] CG iter 5: obj=1200111.389440, maxRC=91464.990310, +22 cols
    [CG]   [DIAG] iter=5 posCols=22 newCols=22 effImprove=22 updated=0
    [CG] CG iter 6: obj=1217403.037320, maxRC=47394.509673, +18 cols
    [CG]   [DIAG] iter=6 posCols=18 newCols=17 effImprove=18 updated=1
    [CG] CG iter 7: obj=1278113.838534, maxRC=54844.444833, +19 cols
    [CG]   [DIAG] iter=7 posCols=19 newCols=18 effImprove=19 updated=1
    [CG] CG iter 8: obj=1297519.548688, maxRC=33462.518069, +12 cols
    [CG]   [DIAG] iter=8 posCols=12 newCols=12 effImprove=12 updated=0
    [CG] CG iter 9: obj=1297519.548688, maxRC=19485.041723, +11 cols
    [CG]   [DIAG] iter=9 posCols=11 newCols=10 effImprove=11 updated=1
    [CG] CG iter 10: obj=1297519.548688, maxRC=13880.593233, +8 cols
    [CG]   [DIAG] iter=10 posCols=8 newCols=7 effImprove=8 updated=1
    [CG] CG iter 11: obj=1303042.335574, maxRC=10718.199844, +5 cols
    [CG]   [DIAG] iter=11 posCols=5 newCols=5 effImprove=5 updated=0
    [CG] CG iter 12: obj=1304245.425663, maxRC=11949.364007, +3 cols
    [CG]   [DIAG] iter=12 posCols=3 newCols=3 effImprove=3 updated=0
    [CG] CG iter 13: obj=1304245.425663, maxRC=747.909683, +1 cols
    [CG]   [DIAG] iter=13 posCols=1 newCols=1 effImprove=1 updated=0
    [CG] CG iter 14: obj=1304245.425663, maxRC=355.195539, +1 cols
    [CG]   [DIAG] iter=14 posCols=1 newCols=0 effImprove=1 updated=1
    [CG] 列生成收敛，共 15 轮迭代
    [CG] [CG-NODE] depth=0 exit=CERTIFIED certified=1 feasible=1 iters=15 generatedColsBeforeNode=0 newCols=196 posCandidates=201 duplicateCandidates=5 updatedCols=5 zeroObjImproveIters=5 objFirst=605869.969707 objLast=1304245.425663 objGain=698375.455956 maxRC=410999.577144 wallSec=0.073590 pricingSec=0.065373 cplexSolveSec=0.004541
      [BB] 根节点即为整数解，obj=1304245.425663
