    [CG] 列生成开始，初始列数=310
    [CG] CG iter 1: obj=607464.961820, maxRC=427372.082860, +28 cols
    [CG]   [DIAG] iter=1 posCols=28 newCols=28 effImprove=28 updated=0
    [CG] CG iter 2: obj=943317.703666, maxRC=207378.245593, +25 cols
    [CG]   [DIAG] iter=2 posCols=25 newCols=25 effImprove=25 updated=0
    [CG] CG iter 3: obj=977615.380912, maxRC=165949.866130, +24 cols
    [CG]   [DIAG] iter=3 posCols=24 newCols=24 effImprove=24 updated=0
    [CG] CG iter 4: obj=1056395.595639, maxRC=137022.095437, +23 cols
    [CG]   [DIAG] iter=4 posCols=23 newCols=23 effImprove=23 updated=0
    [CG] CG iter 5: obj=1194570.816376, maxRC=83803.037974, +22 cols
    [CG]   [DIAG] iter=5 posCols=22 newCols=21 effImprove=22 updated=1
    [CG] CG iter 6: obj=1238097.983907, maxRC=70928.318767, +20 cols
    [CG]   [DIAG] iter=6 posCols=20 newCols=20 effImprove=20 updated=0
    [CG] CG iter 7: obj=1279463.959456, maxRC=52944.730553, +18 cols
    [CG]   [DIAG] iter=7 posCols=18 newCols=18 effImprove=18 updated=0
    [CG] CG iter 8: obj=1296437.322453, maxRC=38668.907895, +11 cols
    [CG]   [DIAG] iter=8 posCols=11 newCols=11 effImprove=11 updated=0
    [CG] CG iter 9: obj=1311870.086754, maxRC=25429.453644, +9 cols
    [CG]   [DIAG] iter=9 posCols=9 newCols=9 effImprove=9 updated=0
    [CG] CG iter 10: obj=1311870.086754, maxRC=27174.406179, +8 cols
    [CG]   [DIAG] iter=10 posCols=8 newCols=8 effImprove=8 updated=0
    [CG] CG iter 11: obj=1312206.918430, maxRC=9605.259822, +2 cols
    [CG]   [DIAG] iter=11 posCols=2 newCols=1 effImprove=2 updated=1
    [CG] CG iter 12: obj=1321812.178252, maxRC=5299.220551, +1 cols
    [CG]   [DIAG] iter=12 posCols=1 newCols=1 effImprove=1 updated=0
    [CG] CG iter 13: obj=1321812.178252, maxRC=5123.325321, +1 cols
    [CG]   [DIAG] iter=13 posCols=1 newCols=1 effImprove=1 updated=0
    [CG] 列生成收敛，共 14 轮迭代
    [CG] [CG-NODE] depth=0 exit=CERTIFIED certified=1 feasible=1 iters=14 generatedColsBeforeNode=0 newCols=190 posCandidates=192 duplicateCandidates=2 updatedCols=2 zeroObjImproveIters=3 objFirst=607464.961820 objLast=1321812.178252 objGain=714347.216431 maxRC=427372.082860 wallSec=0.077044 pricingSec=0.070219 cplexSolveSec=0.004334
      [BB] 根节点即为整数解，obj=1321812.178252
