    [CG] 列生成开始，初始列数=310
    [CG] CG iter 1: obj=890713.657483, maxRC=685011.170455, +30 cols
    [CG]   [DIAG] iter=1 posCols=30 newCols=30 effImprove=30 updated=0
    [CG] CG iter 2: obj=1462507.257233, maxRC=242357.176752, +29 cols
    [CG]   [DIAG] iter=2 posCols=29 newCols=29 effImprove=29 updated=0
    [CG] CG iter 3: obj=1711524.737672, maxRC=169197.332067, +23 cols
    [CG]   [DIAG] iter=3 posCols=23 newCols=22 effImprove=23 updated=1
    [CG] CG iter 4: obj=1842280.708046, maxRC=113429.913344, +22 cols
    [CG]   [DIAG] iter=4 posCols=22 newCols=22 effImprove=22 updated=0
    [CG] CG iter 5: obj=1842280.708046, maxRC=106105.185342, +24 cols
    [CG]   [DIAG] iter=5 posCols=24 newCols=24 effImprove=24 updated=0
    [CG] CG iter 6: obj=1842280.708046, maxRC=56739.381543, +18 cols
    [CG]   [DIAG] iter=6 posCols=18 newCols=17 effImprove=18 updated=1
    [CG] CG iter 7: obj=1842280.708046, maxRC=46429.395188, +18 cols
    [CG]   [DIAG] iter=7 posCols=18 newCols=18 effImprove=18 updated=0
    [CG] CG iter 8: obj=1846694.025454, maxRC=11757.172504, +9 cols
    [CG]   [DIAG] iter=8 posCols=9 newCols=8 effImprove=9 updated=1
    [CG] CG iter 9: obj=1851115.061269, maxRC=6260.420702, +3 cols
    [CG]   [DIAG] iter=9 posCols=3 newCols=3 effImprove=3 updated=0
    [CG] CG iter 10: obj=1857303.687255, maxRC=592.360195, +1 cols
    [CG]   [DIAG] iter=10 posCols=1 newCols=1 effImprove=1 updated=0
    [CG] 列生成收敛，共 11 轮迭代
    [CG] [CG-NODE] depth=0 exit=CERTIFIED certified=1 feasible=1 iters=11 generatedColsBeforeNode=0 newCols=174 posCandidates=177 duplicateCandidates=3 updatedCols=3 zeroObjImproveIters=4 objFirst=890713.657483 objLast=1857303.687255 objGain=966590.029772 maxRC=685011.170455 wallSec=0.089076 pricingSec=0.081196 cplexSolveSec=0.004154
      [BB] 根节点即为整数解，obj=1857303.687255
