    [CG] 列生成开始，初始列数=310
    [CG] CG iter 1: obj=803448.433110, maxRC=725417.906889, +30 cols
    [CG]   [DIAG] iter=1 posCols=30 newCols=30 effImprove=30 updated=0
    [CG] CG iter 2: obj=1472058.865048, maxRC=271880.118199, +27 cols
    [CG]   [DIAG] iter=2 posCols=27 newCols=27 effImprove=27 updated=0
    [CG] CG iter 3: obj=1556634.825644, maxRC=164202.806551, +25 cols
    [CG]   [DIAG] iter=3 posCols=25 newCols=24 effImprove=25 updated=1
    [CG] CG iter 4: obj=1649879.940861, maxRC=142250.260192, +24 cols
    [CG]   [DIAG] iter=4 posCols=24 newCols=24 effImprove=24 updated=0
    [CG] CG iter 5: obj=1705289.111820, maxRC=112455.333107, +24 cols
    [CG]   [DIAG] iter=5 posCols=24 newCols=23 effImprove=24 updated=1
    [CG] CG iter 6: obj=1723203.349888, maxRC=115444.045655, +24 cols
    [CG]   [DIAG] iter=6 posCols=24 newCols=24 effImprove=24 updated=0
    [CG] CG iter 7: obj=1753767.677172, maxRC=78606.173427, +22 cols
    [CG]   [DIAG] iter=7 posCols=22 newCols=22 effImprove=22 updated=0
    [CG] CG iter 8: obj=1778186.802221, maxRC=25574.629816, +15 cols
    [CG]   [DIAG] iter=8 posCols=15 newCols=13 effImprove=15 updated=2
    [CG] CG iter 9: obj=1806984.457477, maxRC=8760.762078, +9 cols
    [CG]   [DIAG] iter=9 posCols=9 newCols=9 effImprove=9 updated=0
    [CG] CG iter 10: obj=1814722.840921, maxRC=15298.925084, +3 cols
    [CG]   [DIAG] iter=10 posCols=3 newCols=3 effImprove=3 updated=0
    [CG] CG iter 11: obj=1814722.840921, maxRC=7572.551942, +2 cols
    [CG]   [DIAG] iter=11 posCols=2 newCols=2 effImprove=2 updated=0
    [CG] 列生成收敛，共 12 轮迭代
    [CG] [CG-NODE] depth=0 exit=CERTIFIED certified=1 feasible=1 iters=12 generatedColsBeforeNode=0 newCols=201 posCandidates=205 duplicateCandidates=4 updatedCols=4 zeroObjImproveIters=1 objFirst=803448.433110 objLast=1822295.392863 objGain=1018846.959752 maxRC=725417.906889 wallSec=0.114041 pricingSec=0.105144 cplexSolveSec=0.004874
      [BB] 根节点即为整数解，obj=1822295.392863
