    [CG] 列生成开始，初始列数=310
    [CG] CG iter 1: obj=919913.556234, maxRC=715639.602746, +30 cols
    [CG]   [DIAG] iter=1 posCols=30 newCols=30 effImprove=30 updated=0
    [CG] CG iter 2: obj=1536300.522617, maxRC=178399.146586, +25 cols
    [CG]   [DIAG] iter=2 posCols=25 newCols=25 effImprove=25 updated=0
    [CG] CG iter 3: obj=1622642.530823, maxRC=293881.163480, +26 cols
    [CG]   [DIAG] iter=3 posCols=26 newCols=26 effImprove=26 updated=0
    [CG] CG iter 4: obj=1849561.760905, maxRC=223209.058597, +26 cols
    [CG]   [DIAG] iter=4 posCols=26 newCols=26 effImprove=26 updated=0
    [CG] CG iter 5: obj=1860178.886476, maxRC=88556.736845, +24 cols
    [CG]   [DIAG] iter=5 posCols=24 newCols=24 effImprove=24 updated=0
    [CG] CG iter 6: obj=1903152.859188, maxRC=50203.371148, +19 cols
    [CG]   [DIAG] iter=6 posCols=19 newCols=19 effImprove=19 updated=0
    [CG] CG iter 7: obj=1950722.140304, maxRC=33360.010338, +14 cols
    [CG]   [DIAG] iter=7 posCols=14 newCols=14 effImprove=14 updated=0
    [CG] CG iter 8: obj=1953707.313012, maxRC=64815.308005, +15 cols
    [CG]   [DIAG] iter=8 posCols=15 newCols=15 effImprove=15 updated=0
    [CG] CG iter 9: obj=1961159.361791, maxRC=26619.268568, +11 cols
    [CG]   [DIAG] iter=9 posCols=11 newCols=8 effImprove=11 updated=3
    [CG] CG iter 10: obj=1966946.318787, maxRC=8271.706429, +6 cols
    [CG]   [DIAG] iter=10 posCols=6 newCols=6 effImprove=6 updated=0
    [CG] CG iter 11: obj=1967613.477561, maxRC=6669.742923, +3 cols
    [CG]   [DIAG] iter=11 posCols=3 newCols=2 effImprove=3 updated=1
    [CG] CG iter 12: obj=1967613.477561, maxRC=5221.747333, +1 cols
    [CG]   [DIAG] iter=12 posCols=1 newCols=1 effImprove=1 updated=0
    [CG] CG iter 13: obj=1972835.224894, maxRC=587.644381, +2 cols
    [CG]   [DIAG] iter=13 posCols=2 newCols=2 effImprove=2 updated=0
    [CG] 列生成收敛，共 14 轮迭代
    [CG] [CG-NODE] depth=0 exit=CERTIFIED certified=1 feasible=1 iters=14 generatedColsBeforeNode=0 newCols=198 posCandidates=202 duplicateCandidates=4 updatedCols=4 zeroObjImproveIters=2 objFirst=919913.556234 objLast=1972835.224894 objGain=1052921.668661 maxRC=715639.602746 wallSec=0.109162 pricingSec=0.100577 cplexSolveSec=0.005026
      [BB] 根节点即为整数解，obj=1972835.224894
