    [CG] 列生成开始，初始列数=310
    [CG] CG iter 1: obj=922905.368152, maxRC=707050.560616, +30 cols
    [CG]   [DIAG] iter=1 posCols=30 newCols=30 effImprove=30 updated=0
    [CG] CG iter 2: obj=1533690.626808, maxRC=190140.533904, +25 cols
    [CG]   [DIAG] iter=2 posCols=25 newCols=25 effImprove=25 updated=0
    [CG] CG iter 3: obj=1763521.170092, maxRC=178474.340786, +26 cols
    [CG]   [DIAG] iter=3 posCols=26 newCols=26 effImprove=26 updated=0
    [CG] CG iter 4: obj=1852134.501869, maxRC=91323.483686, +22 cols
    [CG]   [DIAG] iter=4 posCols=22 newCols=22 effImprove=22 updated=0
    [CG] CG iter 5: obj=1898198.847518, maxRC=89203.694305, +21 cols
    [CG]   [DIAG] iter=5 posCols=21 newCols=21 effImprove=21 updated=0
    [CG] CG iter 6: obj=1948858.452001, maxRC=68588.926936, +21 cols
    [CG]   [DIAG] iter=6 posCols=21 newCols=21 effImprove=21 updated=0
    [CG] CG iter 7: obj=1949187.543429, maxRC=52616.658572, +13 cols
    [CG]   [DIAG] iter=7 posCols=13 newCols=13 effImprove=13 updated=0
    [CG] CG iter 8: obj=1949187.543429, maxRC=18288.568314, +8 cols
    [CG]   [DIAG] iter=8 posCols=8 newCols=7 effImprove=8 updated=1
    [CG] CG iter 9: obj=1949187.543429, maxRC=12692.646829, +3 cols
    [CG]   [DIAG] iter=9 posCols=3 newCols=3 effImprove=3 updated=0
    [CG] CG iter 10: obj=1949187.543429, maxRC=9719.653273, +2 cols
    [CG]   [DIAG] iter=10 posCols=2 newCols=1 effImprove=2 updated=1
    [CG] CG iter 11: obj=1958907.196702, maxRC=7019.886800, +2 cols
    [CG]   [DIAG] iter=11 posCols=2 newCols=2 effImprove=2 updated=0
    [CG] 列生成收敛，共 12 轮迭代
    [CG] [CG-NODE] depth=0 exit=CERTIFIED certified=1 feasible=1 iters=12 generatedColsBeforeNode=0 newCols=171 posCandidates=173 duplicateCandidates=2 updatedCols=2 zeroObjImproveIters=3 objFirst=922905.368152 objLast=1963229.475426 objGain=1040324.107274 maxRC=707050.560616 wallSec=0.067247 pricingSec=0.061249 cplexSolveSec=0.003519
      [BB] 分支定界开始，根节点LP obj=1963229.475426，最大节点数=10000
      [BB] 根节点启发式下界 LB=1927283.963240（上界=1963229.475426）
    [CG] [BB-DIAG] 分支 x_{dc=4,retailer=1}, 节点数=1
    [CG] 列生成开始，初始列数=476
    [CG] CG iter 13: obj=1962900.383998, maxRC=88557.076457, +21 cols
    [CG]   [DIAG] iter=13 posCols=21 newCols=21 effImprove=21 updated=0
    [CG] CG iter 14: obj=1962900.383998, maxRC=32523.235078, +14 cols
    [CG]   [DIAG] iter=14 posCols=14 newCols=14 effImprove=14 updated=0
    [CG] CG iter 15: obj=1962900.383998, maxRC=30490.162898, +6 cols
    [CG]   [DIAG] iter=15 posCols=6 newCols=5 effImprove=6 updated=1
    [CG] CG iter 16: obj=1962900.383998, maxRC=11483.710770, +11 cols
    [CG]   [DIAG] iter=16 posCols=11 newCols=11 effImprove=11 updated=0
    [CG] CG iter 17: obj=1962900.383998, maxRC=5231.276436, +1 cols
    [CG]   [DIAG] iter=17 posCols=1 newCols=1 effImprove=1 updated=0
    [CG] CG iter 18: obj=1962900.383998, maxRC=4475.125008, +2 cols
    [CG]   [DIAG] iter=18 posCols=2 newCols=2 effImprove=2 updated=0
    [CG] CG iter 19: obj=1962900.383998, maxRC=2739.946112, +1 cols
    [CG]   [DIAG] iter=19 posCols=1 newCols=1 effImprove=1 updated=0
    [CG] CG iter 20: obj=1962900.383998, maxRC=855.156766, +1 cols
    [CG]   [DIAG] iter=20 posCols=1 newCols=1 effImprove=1 updated=0
    [CG] CG iter 21: obj=1962900.383998, maxRC=1109.725573, +1 cols
    [CG]   [DIAG] iter=21 posCols=1 newCols=1 effImprove=1 updated=0
    [CG] CG iter 22: obj=1962900.383998, maxRC=344.799130, +1 cols
    [CG]   [DIAG] iter=22 posCols=1 newCols=1 effImprove=1 updated=0
    [CG] 列生成收敛，共 23 轮迭代
    [CG] [CG-NODE] depth=1 exit=CERTIFIED certified=1 feasible=1 iters=11 generatedColsBeforeNode=171 newCols=58 posCandidates=59 duplicateCandidates=1 updatedCols=1 zeroObjImproveIters=10 objFirst=1962900.383998 objLast=1962900.383998 objGain=0.000000 maxRC=88557.076457 wallSec=0.021684 pricingSec=0.016980 cplexSolveSec=0.003181
    [CG] 列生成开始，初始列数=437
    [CG] CG iter 24: obj=1960153.838893, maxRC=69414.296400, +23 cols
    [CG]   [DIAG] iter=24 posCols=23 newCols=23 effImprove=23 updated=0
    [CG] CG iter 25: obj=1960153.838893, maxRC=28619.653265, +18 cols
    [CG]   [DIAG] iter=25 posCols=18 newCols=18 effImprove=18 updated=0
    [CG] CG iter 26: obj=1960153.838893, maxRC=19579.861172, +11 cols
    [CG]   [DIAG] iter=26 posCols=11 newCols=11 effImprove=11 updated=0
    [CG] CG iter 27: obj=1960153.838893, maxRC=11087.596846, +4 cols
    [CG]   [DIAG] iter=27 posCols=4 newCols=4 effImprove=4 updated=0
    [CG] 列生成收敛，共 28 轮迭代
    [CG] [CG-NODE] depth=1 exit=CERTIFIED certified=1 feasible=1 iters=5 generatedColsBeforeNode=229 newCols=56 posCandidates=56 duplicateCandidates=0 updatedCols=0 zeroObjImproveIters=4 objFirst=1960153.838893 objLast=1960153.838893 objGain=0.000000 maxRC=69414.296400 wallSec=0.014104 pricingSec=0.011009 cplexSolveSec=0.001967
    [CG] [BB-INCUMBENT] selection=2 node=1 previous=1927283.963240 value=1960153.838893 active=1
    [CG] [BB-NODESEL] strategy=hybrid choice=dfs eligibleCount=1 active=1 gap=0.001401
    [CG] [BB-INCUMBENT] selection=3 node=1 previous=1960153.838893 value=1962900.383998 active=0
      [BB] 分支定界结束：处理 3 节点，剪枝 0，剩余活跃 0，整数解 3，状态=OPTIMAL，最好可行 obj=1962900.383998，gap=0.000000
