    [CG] 列生成开始，初始列数=310
    [CG] CG iter 1: obj=932175.733217, maxRC=705871.633528, +30 cols
    [CG]   [DIAG] iter=1 posCols=30 newCols=30 effImprove=30 updated=0
    [CG] CG iter 2: obj=1537327.658515, maxRC=237703.001281, +28 cols
    [CG]   [DIAG] iter=2 posCols=28 newCols=28 effImprove=28 updated=0
    [CG] CG iter 3: obj=1720078.164018, maxRC=256452.043602, +25 cols
    [CG]   [DIAG] iter=3 posCols=25 newCols=25 effImprove=25 updated=0
    [CG] CG iter 4: obj=1902063.532980, maxRC=208065.558715, +24 cols
    [CG]   [DIAG] iter=4 posCols=24 newCols=24 effImprove=24 updated=0
    [CG] CG iter 5: obj=1902063.532980, maxRC=204005.256246, +19 cols
    [CG]   [DIAG] iter=5 posCols=19 newCols=18 effImprove=19 updated=1
    [CG] CG iter 6: obj=1906498.222345, maxRC=53619.465764, +19 cols
    [CG]   [DIAG] iter=6 posCols=19 newCols=19 effImprove=19 updated=0
    [CG] CG iter 7: obj=1918340.513961, maxRC=36085.967133, +13 cols
    [CG]   [DIAG] iter=7 posCols=13 newCols=11 effImprove=13 updated=2
    [CG] CG iter 8: obj=1951735.299339, maxRC=8579.699943, +5 cols
    [CG]   [DIAG] iter=8 posCols=5 newCols=5 effImprove=5 updated=0
    [CG] CG iter 9: obj=1951735.299339, maxRC=8336.920603, +1 cols
    [CG]   [DIAG] iter=9 posCols=1 newCols=1 effImprove=1 updated=0
    [CG] CG iter 10: obj=1951735.299339, maxRC=11569.651111, +1 cols
    [CG]   [DIAG] iter=10 posCols=1 newCols=1 effImprove=1 updated=0
    [CG] CG iter 11: obj=1951735.299339, maxRC=3223.025440, +3 cols
    [CG]   [DIAG] iter=11 posCols=3 newCols=2 effImprove=3 updated=1
    [CG] CG iter 12: obj=1956057.578064, maxRC=1073.564873, +1 cols
    [CG]   [DIAG] iter=12 posCols=1 newCols=1 effImprove=1 updated=0
    [CG] CG iter 13: obj=1956057.578064, maxRC=514.195168, +1 cols
    [CG]   [DIAG] iter=13 posCols=1 newCols=1 effImprove=1 updated=0
    [CG] CG iter 14: obj=1956057.578064, maxRC=248.078800, +1 cols
    [CG]   [DIAG] iter=14 posCols=1 newCols=1 effImprove=1 updated=0
    [CG] 列生成收敛，共 15 轮迭代
    [CG] [CG-NODE] depth=0 exit=CERTIFIED certified=1 feasible=1 iters=15 generatedColsBeforeNode=0 newCols=167 posCandidates=171 duplicateCandidates=4 updatedCols=4 zeroObjImproveIters=7 objFirst=932175.733217 objLast=1956057.578064 objGain=1023881.844847 maxRC=705871.633528 wallSec=0.091071 pricingSec=0.081130 cplexSolveSec=0.005440
      [BB] 根节点即为整数解，obj=1956057.578064
