    [CG] 列生成开始，初始列数=310
    [CG] CG iter 1: obj=918475.989147, maxRC=705850.680540, +30 cols
    [CG]   [DIAG] iter=1 posCols=30 newCols=30 effImprove=30 updated=0
    [CG] CG iter 2: obj=1527463.376312, maxRC=221261.823867, +25 cols
    [CG]   [DIAG] iter=2 posCols=25 newCols=25 effImprove=25 updated=0
    [CG] CG iter 3: obj=1720423.304425, maxRC=137714.911959, +25 cols
    [CG]   [DIAG] iter=3 posCols=25 newCols=25 effImprove=25 updated=0
    [CG] CG iter 4: obj=1885849.036283, maxRC=103752.294882, +23 cols
    [CG]   [DIAG] iter=4 posCols=23 newCols=23 effImprove=23 updated=0
    [CG] CG iter 5: obj=1894140.411704, maxRC=78809.342150, +19 cols
    [CG]   [DIAG] iter=5 posCols=19 newCols=18 effImprove=19 updated=1
    [CG] CG iter 6: obj=1932902.822083, maxRC=53684.722549, +15 cols
    [CG]   [DIAG] iter=6 posCols=15 newCols=14 effImprove=15 updated=1
    [CG] CG iter 7: obj=1952306.755713, maxRC=13832.382364, +10 cols
    [CG]   [DIAG] iter=7 posCols=10 newCols=10 effImprove=10 updated=0
    [CG] CG iter 8: obj=1966139.138077, maxRC=10368.136800, +3 cols
    [CG]   [DIAG] iter=8 posCols=3 newCols=3 effImprove=3 updated=0
    [CG] CG iter 9: obj=1966139.138077, maxRC=2949.146270, +1 cols
    [CG]   [DIAG] iter=9 posCols=1 newCols=1 effImprove=1 updated=0
    [CG] 列生成收敛，共 10 轮迭代
    [CG] [CG-NODE] depth=0 exit=CERTIFIED certified=1 feasible=1 iters=10 generatedColsBeforeNode=0 newCols=149 posCandidates=151 duplicateCandidates=2 updatedCols=2 zeroObjImproveIters=2 objFirst=918475.989147 objLast=1966139.138077 objGain=1047663.148930 maxRC=705850.680540 wallSec=0.060073 pricingSec=0.055144 cplexSolveSec=0.002913
      [BB] 根节点即为整数解，obj=1966139.138077
