    [CG] 列生成开始，初始列数=310
    [CG] CG iter 1: obj=917041.456400, maxRC=707050.450284, +30 cols
    [CG]   [DIAG] iter=1 posCols=30 newCols=30 effImprove=30 updated=0
    [CG] CG iter 2: obj=1538783.439652, maxRC=193921.064953, +25 cols
    [CG]   [DIAG] iter=2 posCols=25 newCols=25 effImprove=25 updated=0
    [CG] CG iter 3: obj=1621016.742292, maxRC=156216.247210, +24 cols
    [CG]   [DIAG] iter=3 posCols=24 newCols=24 effImprove=24 updated=0
    [CG] CG iter 4: obj=1795842.072810, maxRC=308554.211858, +30 cols
    [CG]   [DIAG] iter=4 posCols=30 newCols=30 effImprove=30 updated=0
    [CG] CG iter 5: obj=1856799.491080, maxRC=110159.922277, +22 cols
    [CG]   [DIAG] iter=5 posCols=22 newCols=22 effImprove=22 updated=0
    [CG] CG iter 6: obj=1943926.811348, maxRC=53252.328533, +21 cols
    [CG]   [DIAG] iter=6 posCols=21 newCols=20 effImprove=21 updated=1
    [CG] CG iter 7: obj=1945285.482964, maxRC=42530.256482, +16 cols
    [CG]   [DIAG] iter=7 posCols=16 newCols=15 effImprove=16 updated=1
    [CG] CG iter 8: obj=1945285.482964, maxRC=45263.997471, +8 cols
    [CG]   [DIAG] iter=8 posCols=8 newCols=8 effImprove=8 updated=0
    [CG] CG iter 9: obj=1945285.482964, maxRC=33674.437242, +10 cols
    [CG]   [DIAG] iter=9 posCols=10 newCols=10 effImprove=10 updated=0
    [CG] CG iter 10: obj=1945285.482964, maxRC=16122.393681, +8 cols
    [CG]   [DIAG] iter=10 posCols=8 newCols=8 effImprove=8 updated=0
    [CG] CG iter 11: obj=1961407.876645, maxRC=9798.092787, +2 cols
    [CG]   [DIAG] iter=11 posCols=2 newCols=2 effImprove=2 updated=0
    [CG] 列生成收敛，共 12 轮迭代
    [CG] [CG-NODE] depth=0 exit=CERTIFIED certified=1 feasible=1 iters=12 generatedColsBeforeNode=0 newCols=194 posCandidates=196 duplicateCandidates=2 updatedCols=2 zeroObjImproveIters=4 objFirst=917041.456400 objLast=1961407.876645 objGain=1044366.420245 maxRC=707050.450284 wallSec=0.090330 pricingSec=0.081543 cplexSolveSec=0.004761
      [BB] 根节点即为整数解，obj=1961407.876645
