    [CG] 列生成开始，初始列数=310
    [CG] CG iter 1: obj=914816.117424, maxRC=707050.560616, +30 cols
    [CG]   [DIAG] iter=1 posCols=30 newCols=30 effImprove=30 updated=0
    [CG] CG iter 2: obj=1524733.966380, maxRC=184395.971612, +25 cols
    [CG]   [DIAG] iter=2 posCols=25 newCols=25 effImprove=25 updated=0
    [CG] CG iter 3: obj=1789033.341155, maxRC=186704.505783, +24 cols
    [CG]   [DIAG] iter=3 posCols=24 newCols=24 effImprove=24 updated=0
    [CG] CG iter 4: obj=1864556.438182, maxRC=106255.364044, +24 cols
    [CG]   [DIAG] iter=4 posCols=24 newCols=24 effImprove=24 updated=0
    [CG] CG iter 5: obj=1887803.994537, maxRC=85506.925953, +21 cols
    [CG]   [DIAG] iter=5 posCols=21 newCols=20 effImprove=21 updated=1
    [CG] CG iter 6: obj=1920064.542378, maxRC=65710.588771, +12 cols
    [CG]   [DIAG] iter=6 posCols=12 newCols=12 effImprove=12 updated=0
    [CG] CG iter 7: obj=1920064.542378, maxRC=15665.613436, +7 cols
    [CG]   [DIAG] iter=7 posCols=7 newCols=7 effImprove=7 updated=0
    [CG] CG iter 8: obj=1935730.155814, maxRC=7646.090939, +4 cols
    [CG]   [DIAG] iter=8 posCols=4 newCols=3 effImprove=4 updated=1
    [CG] CG iter 9: obj=1935730.155814, maxRC=5920.708388, +2 cols
    [CG]   [DIAG] iter=9 posCols=2 newCols=2 effImprove=2 updated=0
    [CG] 列生成收敛，共 10 轮迭代
    [CG] [CG-NODE] depth=0 exit=CERTIFIED certified=1 feasible=1 iters=10 generatedColsBeforeNode=0 newCols=147 posCandidates=149 duplicateCandidates=2 updatedCols=2 zeroObjImproveIters=2 objFirst=914816.117424 objLast=1941650.864202 objGain=1026834.746778 maxRC=707050.560616 wallSec=0.095106 pricingSec=0.084786 cplexSolveSec=0.005944
      [BB] 根节点即为整数解，obj=1941650.864202
