    [CG] 列生成开始，初始列数=310
    [CG] CG iter 1: obj=723177.749292, maxRC=1592870.515623, +30 cols
    [CG]   [DIAG] iter=1 posCols=30 newCols=30 effImprove=30 updated=0
    [CG] CG iter 2: obj=1767640.142443, maxRC=399605.526638, +23 cols
    [CG]   [DIAG] iter=2 posCols=23 newCols=23 effImprove=23 updated=0
    [CG] CG iter 3: obj=1799974.087239, maxRC=526335.732568, +21 cols
    [CG]   [DIAG] iter=3 posCols=21 newCols=20 effImprove=21 updated=1
    [CG] CG iter 4: obj=1853400.050389, maxRC=492239.199703, +24 cols
    [CG]   [DIAG] iter=4 posCols=24 newCols=24 effImprove=24 updated=0
    [CG] CG iter 5: obj=1862183.934054, maxRC=461176.905099, +20 cols
    [CG]   [DIAG] iter=5 posCols=20 newCols=19 effImprove=20 updated=1
    [CG] CG iter 6: obj=1939632.792979, maxRC=292287.229135, +13 cols
    [CG]   [DIAG] iter=6 posCols=13 newCols=13 effImprove=13 updated=0
    [CG] CG iter 7: obj=1962426.718861, maxRC=269553.328910, +9 cols
    [CG]   [DIAG] iter=7 posCols=9 newCols=9 effImprove=9 updated=0
    [CG] CG iter 8: obj=1993982.966965, maxRC=272863.812884, +9 cols
    [CG]   [DIAG] iter=8 posCols=9 newCols=9 effImprove=9 updated=0
    [CG] CG iter 9: obj=2004064.569136, maxRC=222431.499461, +9 cols
    [CG]   [DIAG] iter=9 posCols=9 newCols=9 effImprove=9 updated=0
    [CG] CG iter 10: obj=2021561.081477, maxRC=74202.921738, +12 cols
    [CG]   [DIAG] iter=10 posCols=12 newCols=11 effImprove=12 updated=1
    [CG] CG iter 11: obj=2076817.502599, maxRC=26718.353964, +9 cols
    [CG]   [DIAG] iter=11 posCols=9 newCols=9 effImprove=9 updated=0
    [CG] CG iter 12: obj=2076817.502599, maxRC=26451.713661, +9 cols
    [CG]   [DIAG] iter=12 posCols=9 newCols=9 effImprove=9 updated=0
    [CG] CG iter 13: obj=2076817.502599, maxRC=18193.536846, +9 cols
    [CG]   [DIAG] iter=13 posCols=9 newCols=9 effImprove=9 updated=0
    [CG] CG iter 14: obj=2095011.039444, maxRC=8399.139053, +7 cols
    [CG]   [DIAG] iter=14 posCols=7 newCols=6 effImprove=7 updated=1
    [CG] CG iter 15: obj=2095011.039444, maxRC=17439.605767, +6 cols
    [CG]   [DIAG] iter=15 posCols=6 newCols=5 effImprove=6 updated=1
    [CG] CG iter 16: obj=2095011.039444, maxRC=8620.377093, +6 cols
    [CG]   [DIAG] iter=16 posCols=6 newCols=6 effImprove=6 updated=0
    [CG] CG iter 17: obj=2095011.039444, maxRC=414.307305, +3 cols
    [CG]   [DIAG] iter=17 posCols=3 newCols=2 effImprove=3 updated=1
    [CG] 列生成收敛，共 18 轮迭代
    [CG] [CG-NODE] depth=0 exit=CERTIFIED certified=1 feasible=1 iters=18 generatedColsBeforeNode=0 newCols=213 posCandidates=219 duplicateCandidates=6 updatedCols=6 zeroObjImproveIters=6 objFirst=723177.749292 objLast=2095011.039444 objGain=1371833.290152 maxRC=1592870.515623 wallSec=0.146941 pricingSec=0.135412 cplexSolveSec=0.007138
      [BB] 根节点即为整数解，obj=2095011.039444
