    [CG] 列生成开始，初始列数=310
    [CG] CG iter 1: obj=502302.394345, maxRC=1550046.517033, +27 cols
    [CG]   [DIAG] iter=1 posCols=27 newCols=27 effImprove=27 updated=0
    [CG] CG iter 2: obj=1720051.412416, maxRC=564853.042741, +23 cols
    [CG]   [DIAG] iter=2 posCols=23 newCols=23 effImprove=23 updated=0
    [CG] CG iter 3: obj=1754592.628938, maxRC=684560.174600, +17 cols
    [CG]   [DIAG] iter=3 posCols=17 newCols=17 effImprove=17 updated=0
    [CG] CG iter 4: obj=1754592.628938, maxRC=607063.763056, +17 cols
    [CG]   [DIAG] iter=4 posCols=17 newCols=16 effImprove=17 updated=1
    [CG] CG iter 5: obj=1754592.628938, maxRC=590495.765420, +18 cols
    [CG]   [DIAG] iter=5 posCols=18 newCols=17 effImprove=18 updated=1
    [CG] CG iter 6: obj=1754592.628938, maxRC=454094.396454, +12 cols
    [CG]   [DIAG] iter=6 posCols=12 newCols=12 effImprove=12 updated=0
    [CG] CG iter 7: obj=1775256.952417, maxRC=497075.583936, +16 cols
    [CG]   [DIAG] iter=7 posCols=16 newCols=16 effImprove=16 updated=0
    [CG] CG iter 8: obj=1780641.234260, maxRC=291345.904747, +12 cols
    [CG]   [DIAG] iter=8 posCols=12 newCols=12 effImprove=12 updated=0
    [CG] CG iter 9: obj=1840719.101071, maxRC=214882.658434, +12 cols
    [CG]   [DIAG] iter=9 posCols=12 newCols=12 effImprove=12 updated=0
    [CG] CG iter 10: obj=1842898.969561, maxRC=151396.518616, +13 cols
    [CG]   [DIAG] iter=10 posCols=13 newCols=13 effImprove=13 updated=0
    [CG] CG iter 11: obj=1857931.071400, maxRC=108097.532935, +12 cols
    [CG]   [DIAG] iter=11 posCols=12 newCols=12 effImprove=12 updated=0
    [CG] CG iter 12: obj=1863626.402640, maxRC=103280.565392, +11 cols
    [CG]   [DIAG] iter=12 posCols=11 newCols=11 effImprove=11 updated=0
    [CG] CG iter 13: obj=1888895.385937, maxRC=125226.270494, +10 cols
    [CG]   [DIAG] iter=13 posCols=10 newCols=10 effImprove=10 updated=0
    [CG] CG iter 14: obj=1898624.071118, maxRC=52535.088534, +9 cols
    [CG]   [DIAG] iter=14 posCols=9 newCols=9 effImprove=9 updated=0
    [CG] CG iter 15: obj=1913779.996502, maxRC=56449.070971, +10 cols
    [CG]   [DIAG] iter=15 posCols=10 newCols=10 effImprove=10 updated=0
    [CG] CG iter 16: obj=1920458.932069, maxRC=31063.911358, +11 cols
    [CG]   [DIAG] iter=16 posCols=11 newCols=11 effImprove=11 updated=0
    [CG] CG iter 17: obj=1936600.149732, maxRC=50704.565702, +9 cols
    [CG]   [DIAG] iter=17 posCols=9 newCols=9 effImprove=9 updated=0
    [CG] CG iter 18: obj=1936845.843675, maxRC=27827.996189, +10 cols
    [CG]   [DIAG] iter=18 posCols=10 newCols=10 effImprove=10 updated=0
    [CG] CG iter 19: obj=1948645.735881, maxRC=16071.713274, +9 cols
    [CG]   [DIAG] iter=19 posCols=9 newCols=9 effImprove=9 updated=0
    [CG] CG iter 20: obj=1964653.334764, maxRC=12609.424367, +7 cols
    [CG]   [DIAG] iter=20 posCols=7 newCols=6 effImprove=7 updated=1
    [CG] CG iter 21: obj=1969536.049246, maxRC=5865.536399, +5 cols
    [CG]   [DIAG] iter=21 posCols=5 newCols=5 effImprove=5 updated=0
    [CG] CG iter 22: obj=1969536.049246, maxRC=6094.205615, +4 cols
    [CG]   [DIAG] iter=22 posCols=4 newCols=4 effImprove=4 updated=0
    [CG] CG iter 23: obj=1969536.049246, maxRC=202.184886, +1 cols
    [CG]   [DIAG] iter=23 posCols=1 newCols=1 effImprove=1 updated=0
    [CG] CG iter 24: obj=1969536.049246, maxRC=140.139869, +1 cols
    [CG]   [DIAG] iter=24 posCols=1 newCols=1 effImprove=1 updated=0
    [CG] 列生成收敛，共 25 轮迭代
    [CG] [CG-NODE] depth=0 exit=CERTIFIED certified=1 feasible=1 iters=25 generatedColsBeforeNode=0 newCols=273 posCandidates=276 duplicateCandidates=3 updatedCols=3 zeroObjImproveIters=7 objFirst=502302.394345 objLast=1969536.049246 objGain=1467233.654902 maxRC=1550046.517033 wallSec=0.328627 pricingSec=0.295288 cplexSolveSec=0.010499
      [BB] 根节点即为整数解，obj=1969536.049246
