    [CG] 列生成开始，初始列数=310
    [CG] CG iter 1: obj=786047.038109, maxRC=685080.987878, +24 cols
    [CG]   [DIAG] iter=1 posCols=24 newCols=24 effImprove=24 updated=0
    [CG] CG iter 2: obj=1389952.675009, maxRC=195626.178809, +21 cols
    [CG]   [DIAG] iter=2 posCols=21 newCols=21 effImprove=21 updated=0
    [CG] CG iter 3: obj=1471584.370802, maxRC=198414.238089, +24 cols
    [CG]   [DIAG] iter=3 posCols=24 newCols=24 effImprove=24 updated=0
    [CG] CG iter 4: obj=1521845.353854, maxRC=192570.756565, +23 cols
    [CG]   [DIAG] iter=4 posCols=23 newCols=23 effImprove=23 updated=0
    [CG] CG iter 5: obj=1527421.308304, maxRC=151527.904999, +21 cols
    [CG]   [DIAG] iter=5 posCols=21 newCols=21 effImprove=21 updated=0
    [CG] CG iter 6: obj=1593745.150893, maxRC=78351.358797, +18 cols
    [CG]   [DIAG] iter=6 posCols=18 newCols=16 effImprove=18 updated=2
    [CG] CG iter 7: obj=1626450.763923, maxRC=73028.430984, +15 cols
    [CG]   [DIAG] iter=7 posCols=15 newCols=13 effImprove=15 updated=2
    [CG] CG iter 8: obj=1634489.602328, maxRC=59254.380716, +11 cols
    [CG]   [DIAG] iter=8 posCols=11 newCols=11 effImprove=11 updated=0
    [CG] CG iter 9: obj=1665795.890944, maxRC=19696.020366, +8 cols
    [CG]   [DIAG] iter=9 posCols=8 newCols=7 effImprove=8 updated=1
    [CG] CG iter 10: obj=1686137.549241, maxRC=10240.524290, +7 cols
    [CG]   [DIAG] iter=10 posCols=7 newCols=7 effImprove=7 updated=0
    [CG] CG iter 11: obj=1687345.606569, maxRC=4707.900282, +1 cols
    [CG]   [DIAG] iter=11 posCols=1 newCols=1 effImprove=1 updated=0
    [CG] 列生成收敛，共 12 轮迭代
    [CG] [CG-NODE] depth=0 exit=CERTIFIED certified=1 feasible=1 iters=12 generatedColsBeforeNode=0 newCols=168 posCandidates=173 duplicateCandidates=5 updatedCols=5 zeroObjImproveIters=1 objFirst=786047.038109 objLast=1687345.606569 objGain=901298.568460 maxRC=685080.987878 wallSec=0.111571 pricingSec=0.104505 cplexSolveSec=0.003939
      [BB] 根节点即为整数解，obj=1687345.606569
