    [CG] 列生成开始，初始列数=310
    [CG] CG iter 1: obj=812513.233618, maxRC=1856921.002124, +30 cols
    [CG]   [DIAG] iter=1 posCols=30 newCols=30 effImprove=30 updated=0
    [CG] CG iter 2: obj=2207793.947453, maxRC=557384.634025, +23 cols
    [CG]   [DIAG] iter=2 posCols=23 newCols=23 effImprove=23 updated=0
    [CG] CG iter 3: obj=2207793.947453, maxRC=510278.698624, +21 cols
    [CG]   [DIAG] iter=3 posCols=21 newCols=21 effImprove=21 updated=0
    [CG] CG iter 4: obj=2244533.050278, maxRC=447613.202601, +20 cols
    [CG]   [DIAG] iter=4 posCols=20 newCols=20 effImprove=20 updated=0
    [CG] CG iter 5: obj=2251149.486136, maxRC=458498.025418, +20 cols
    [CG]   [DIAG] iter=5 posCols=20 newCols=20 effImprove=20 updated=0
    [CG] CG iter 6: obj=2251679.255953, maxRC=429029.434374, +16 cols
    [CG]   [DIAG] iter=6 posCols=16 newCols=16 effImprove=16 updated=0
    [CG] CG iter 7: obj=2251679.255953, maxRC=364669.136580, +17 cols
    [CG]   [DIAG] iter=7 posCols=17 newCols=17 effImprove=17 updated=0
    [CG] CG iter 8: obj=2319301.644964, maxRC=300691.472629, +16 cols
    [CG]   [DIAG] iter=8 posCols=16 newCols=16 effImprove=16 updated=0
    [CG] CG iter 9: obj=2374003.941217, maxRC=236475.736091, +16 cols
    [CG]   [DIAG] iter=9 posCols=16 newCols=16 effImprove=16 updated=0
    [CG] CG iter 10: obj=2474940.249148, maxRC=222688.971268, +15 cols
    [CG]   [DIAG] iter=10 posCols=15 newCols=15 effImprove=15 updated=0
    [CG] CG iter 11: obj=2481596.078038, maxRC=206360.163074, +12 cols
    [CG]   [DIAG] iter=11 posCols=12 newCols=12 effImprove=12 updated=0
    [CG] CG iter 12: obj=2481596.078038, maxRC=175049.063041, +13 cols
    [CG]   [DIAG] iter=12 posCols=13 newCols=13 effImprove=13 updated=0
    [CG] CG iter 13: obj=2481596.078038, maxRC=229885.079314, +12 cols
    [CG]   [DIAG] iter=13 posCols=12 newCols=12 effImprove=12 updated=0
    [CG] CG iter 14: obj=2483250.522743, maxRC=176889.236351, +12 cols
    [CG]   [DIAG] iter=14 posCols=12 newCols=12 effImprove=12 updated=0
    [CG] CG iter 15: obj=2510848.738056, maxRC=117462.083511, +12 cols
    [CG]   [DIAG] iter=15 posCols=12 newCols=12 effImprove=12 updated=0
    [CG] CG iter 16: obj=2523834.522935, maxRC=75135.519775, +12 cols
    [CG]   [DIAG] iter=16 posCols=12 newCols=12 effImprove=12 updated=0
    [CG] CG iter 17: obj=2526778.838450, maxRC=87994.785258, +12 cols
    [CG]   [DIAG] iter=17 posCols=12 newCols=12 effImprove=12 updated=0
    [CG] CG iter 18: obj=2531959.870074, maxRC=63377.134572, +9 cols
    [CG]   [DIAG] iter=18 posCols=9 newCols=9 effImprove=9 updated=0
    [CG] CG iter 19: obj=2538745.490784, maxRC=60964.326865, +9 cols
    [CG]   [DIAG] iter=19 posCols=9 newCols=9 effImprove=9 updated=0
    [CG] CG iter 20: obj=2538745.490784, maxRC=46781.898133, +9 cols
    [CG]   [DIAG] iter=20 posCols=9 newCols=9 effImprove=9 updated=0
    [CG] CG iter 21: obj=2546359.871434, maxRC=44531.757380, +10 cols
    [CG]   [DIAG] iter=21 posCols=10 newCols=10 effImprove=10 updated=0
    [CG] CG iter 22: obj=2550294.190335, maxRC=67884.109311, +10 cols
    [CG]   [DIAG] iter=22 posCols=10 newCols=10 effImprove=10 updated=0
    [CG] CG iter 23: obj=2567970.601966, maxRC=73597.939325, +11 cols
    [CG]   [DIAG] iter=23 posCols=11 newCols=11 effImprove=11 updated=0
    [CG] CG iter 24: obj=2569397.050828, maxRC=53781.339917, +11 cols
    [CG]   [DIAG] iter=24 posCols=11 newCols=11 effImprove=11 updated=0
    [CG] CG iter 25: obj=2570209.774932, maxRC=69625.815387, +10 cols
    [CG]   [DIAG] iter=25 posCols=10 newCols=10 effImprove=10 updated=0
    [CG] CG iter 26: obj=2570209.774932, maxRC=24589.740699, +10 cols
    [CG]   [DIAG] iter=26 posCols=10 newCols=10 effImprove=10 updated=0
    [CG] CG iter 27: obj=2573886.617310, maxRC=31279.146546, +9 cols
    [CG]   [DIAG] iter=27 posCols=9 newCols=9 effImprove=9 updated=0
    [CG] CG iter 28: obj=2575643.414751, maxRC=17088.711609, +9 cols
    [CG]   [DIAG] iter=28 posCols=9 newCols=9 effImprove=9 updated=0
    [CG] CG iter 29: obj=2582519.530601, maxRC=29056.879059, +11 cols
    [CG]   [DIAG] iter=29 posCols=11 newCols=11 effImprove=11 updated=0
    [CG] CG iter 30: obj=2582519.530601, maxRC=23442.089727, +10 cols
    [CG]   [DIAG] iter=30 posCols=10 newCols=10 effImprove=10 updated=0
    [CG] CG iter 31: obj=2582519.530601, maxRC=17931.834984, +9 cols
    [CG]   [DIAG] iter=31 posCols=9 newCols=9 effImprove=9 updated=0
    [CG] CG iter 32: obj=2582519.530601, maxRC=29892.094114, +8 cols
    [CG]   [DIAG] iter=32 posCols=8 newCols=8 effImprove=8 updated=0
    [CG] CG iter 33: obj=2582519.530601, maxRC=13552.038576, +7 cols
    [CG]   [DIAG] iter=33 posCols=7 newCols=7 effImprove=7 updated=0
    [CG] CG iter 34: obj=2582519.530601, maxRC=12045.171916, +9 cols
    [CG]   [DIAG] iter=34 posCols=9 newCols=9 effImprove=9 updated=0
    [CG] CG iter 35: obj=2582519.530601, maxRC=6837.871423, +8 cols
    [CG]   [DIAG] iter=35 posCols=8 newCols=8 effImprove=8 updated=0
    [CG] CG iter 36: obj=2582519.530601, maxRC=12776.479922, +7 cols
    [CG]   [DIAG] iter=36 posCols=7 newCols=7 effImprove=7 updated=0
    [CG] CG iter 37: obj=2584859.736110, maxRC=8995.264715, +7 cols
    [CG]   [DIAG] iter=37 posCols=7 newCols=7 effImprove=7 updated=0
    [CG] CG iter 38: obj=2589891.814204, maxRC=6111.802506, +6 cols
    [CG]   [DIAG] iter=38 posCols=6 newCols=6 effImprove=6 updated=0
    [CG] CG iter 39: obj=2589891.814204, maxRC=5378.384399, +6 cols
    [CG]   [DIAG] iter=39 posCols=6 newCols=6 effImprove=6 updated=0
    [CG] CG iter 40: obj=2589891.814204, maxRC=4510.172546, +6 cols
    [CG]   [DIAG] iter=40 posCols=6 newCols=6 effImprove=6 updated=0
    [CG] CG iter 41: obj=2589891.814204, maxRC=2285.755562, +3 cols
    [CG]   [DIAG] iter=41 posCols=3 newCols=3 effImprove=3 updated=0
    [CG] CG iter 42: obj=2589891.814204, maxRC=1922.616892, +3 cols
    [CG]   [DIAG] iter=42 posCols=3 newCols=3 effImprove=3 updated=0
    [CG] CG iter 43: obj=2589891.814204, maxRC=1144.409795, +4 cols
    [CG]   [DIAG] iter=43 posCols=4 newCols=4 effImprove=4 updated=0
    [CG] CG iter 44: obj=2589891.814204, maxRC=353.095941, +2 cols
    [CG]   [DIAG] iter=44 posCols=2 newCols=2 effImprove=2 updated=0
    [CG] CG iter 45: obj=2589891.814204, maxRC=98.790160, +1 cols
    [CG]   [DIAG] iter=45 posCols=1 newCols=1 effImprove=1 updated=0
    [CG] 列生成收敛，共 46 轮迭代
    [CG] [CG-NODE] depth=0 exit=CERTIFIED certified=1 feasible=1 iters=46 generatedColsBeforeNode=0 newCols=493 posCandidates=493 duplicateCandidates=0 updatedCols=0 zeroObjImproveIters=21 objFirst=812513.233618 objLast=2589891.814204 objGain=1777378.580585 maxRC=1856921.002124 wallSec=0.573372 pricingSec=0.544388 cplexSolveSec=0.020651
      [BB] 根节点即为整数解，obj=2589891.814204
