    [CG] 列生成开始，初始列数=310
    [CG] CG iter 1: obj=798143.174638, maxRC=1872661.637869, +30 cols
    [CG]   [DIAG] iter=1 posCols=30 newCols=30 effImprove=30 updated=0
    [CG] CG iter 2: obj=2097925.409255, maxRC=506088.160599, +24 cols
    [CG]   [DIAG] iter=2 posCols=24 newCols=24 effImprove=24 updated=0
    [CG] CG iter 3: obj=2123325.961167, maxRC=477968.298845, +24 cols
    [CG]   [DIAG] iter=3 posCols=24 newCols=24 effImprove=24 updated=0
    [CG] CG iter 4: obj=2134599.785335, maxRC=468506.486149, +22 cols
    [CG]   [DIAG] iter=4 posCols=22 newCols=22 effImprove=22 updated=0
    [CG] CG iter 5: obj=2154250.897010, maxRC=406394.417417, +21 cols
    [CG]   [DIAG] iter=5 posCols=21 newCols=21 effImprove=21 updated=0
    [CG] CG iter 6: obj=2231094.724643, maxRC=257146.347114, +17 cols
    [CG]   [DIAG] iter=6 posCols=17 newCols=17 effImprove=17 updated=0
    [CG] CG iter 7: obj=2283851.154110, maxRC=250234.456522, +19 cols
    [CG]   [DIAG] iter=7 posCols=19 newCols=19 effImprove=19 updated=0
    [CG] CG iter 8: obj=2348942.308115, maxRC=223251.367051, +15 cols
    [CG]   [DIAG] iter=8 posCols=15 newCols=15 effImprove=15 updated=0
    [CG] CG iter 9: obj=2386761.841683, maxRC=192865.096965, +14 cols
    [CG]   [DIAG] iter=9 posCols=14 newCols=14 effImprove=14 updated=0
    [CG] CG iter 10: obj=2400339.710186, maxRC=162240.586870, +17 cols
    [CG]   [DIAG] iter=10 posCols=17 newCols=17 effImprove=17 updated=0
    [CG] CG iter 11: obj=2416252.214768, maxRC=150800.161592, +12 cols
    [CG]   [DIAG] iter=11 posCols=12 newCols=12 effImprove=12 updated=0
    [CG] CG iter 12: obj=2446253.684675, maxRC=200183.093234, +15 cols
    [CG]   [DIAG] iter=12 posCols=15 newCols=15 effImprove=15 updated=0
    [CG] CG iter 13: obj=2456355.101113, maxRC=159779.063038, +14 cols
    [CG]   [DIAG] iter=13 posCols=14 newCols=14 effImprove=14 updated=0
    [CG] CG iter 14: obj=2464485.088396, maxRC=88506.113875, +9 cols
    [CG]   [DIAG] iter=14 posCols=9 newCols=9 effImprove=9 updated=0
    [CG] CG iter 15: obj=2476492.790878, maxRC=194740.261212, +14 cols
    [CG]   [DIAG] iter=15 posCols=14 newCols=14 effImprove=14 updated=0
    [CG] CG iter 16: obj=2481706.928829, maxRC=73977.693499, +9 cols
    [CG]   [DIAG] iter=16 posCols=9 newCols=9 effImprove=9 updated=0
    [CG] CG iter 17: obj=2494126.017218, maxRC=81839.589348, +9 cols
    [CG]   [DIAG] iter=17 posCols=9 newCols=9 effImprove=9 updated=0
    [CG] CG iter 18: obj=2506151.211353, maxRC=50335.191184, +9 cols
    [CG]   [DIAG] iter=18 posCols=9 newCols=9 effImprove=9 updated=0
    [CG] CG iter 19: obj=2506952.976157, maxRC=61455.511072, +10 cols
    [CG]   [DIAG] iter=19 posCols=10 newCols=10 effImprove=10 updated=0
    [CG] CG iter 20: obj=2509966.461571, maxRC=42693.105680, +10 cols
    [CG]   [DIAG] iter=20 posCols=10 newCols=10 effImprove=10 updated=0
    [CG] CG iter 21: obj=2518777.152207, maxRC=55029.435439, +12 cols
    [CG]   [DIAG] iter=21 posCols=12 newCols=12 effImprove=12 updated=0
    [CG] CG iter 22: obj=2521087.618091, maxRC=37562.395239, +10 cols
    [CG]   [DIAG] iter=22 posCols=10 newCols=10 effImprove=10 updated=0
    [CG] CG iter 23: obj=2528348.153234, maxRC=48346.905853, +12 cols
    [CG]   [DIAG] iter=23 posCols=12 newCols=12 effImprove=12 updated=0
    [CG] CG iter 24: obj=2528520.983149, maxRC=20847.104101, +9 cols
    [CG]   [DIAG] iter=24 posCols=9 newCols=9 effImprove=9 updated=0
    [CG] CG iter 25: obj=2530630.322885, maxRC=67670.096525, +9 cols
    [CG]   [DIAG] iter=25 posCols=9 newCols=9 effImprove=9 updated=0
    [CG] CG iter 26: obj=2531732.231775, maxRC=26235.024575, +9 cols
    [CG]   [DIAG] iter=26 posCols=9 newCols=9 effImprove=9 updated=0
    [CG] CG iter 27: obj=2534021.733035, maxRC=17231.442060, +9 cols
    [CG]   [DIAG] iter=27 posCols=9 newCols=9 effImprove=9 updated=0
    [CG] CG iter 28: obj=2535236.420584, maxRC=26577.554631, +9 cols
    [CG]   [DIAG] iter=28 posCols=9 newCols=9 effImprove=9 updated=0
    [CG] CG iter 29: obj=2535700.092988, maxRC=16425.031290, +8 cols
    [CG]   [DIAG] iter=29 posCols=8 newCols=8 effImprove=8 updated=0
    [CG] CG iter 30: obj=2535998.006248, maxRC=9452.403114, +8 cols
    [CG]   [DIAG] iter=30 posCols=8 newCols=8 effImprove=8 updated=0
    [CG] CG iter 31: obj=2541283.031458, maxRC=17685.168199, +9 cols
    [CG]   [DIAG] iter=31 posCols=9 newCols=9 effImprove=9 updated=0
    [CG] CG iter 32: obj=2541283.031458, maxRC=13063.769378, +9 cols
    [CG]   [DIAG] iter=32 posCols=9 newCols=9 effImprove=9 updated=0
    [CG] CG iter 33: obj=2543462.784548, maxRC=11527.032247, +8 cols
    [CG]   [DIAG] iter=33 posCols=8 newCols=8 effImprove=8 updated=0
    [CG] CG iter 34: obj=2543462.784548, maxRC=6771.726349, +7 cols
    [CG]   [DIAG] iter=34 posCols=7 newCols=7 effImprove=7 updated=0
    [CG] CG iter 35: obj=2543462.784548, maxRC=5611.257023, +7 cols
    [CG]   [DIAG] iter=35 posCols=7 newCols=7 effImprove=7 updated=0
    [CG] CG iter 36: obj=2543938.195215, maxRC=7819.559478, +7 cols
    [CG]   [DIAG] iter=36 posCols=7 newCols=7 effImprove=7 updated=0
    [CG] CG iter 37: obj=2544668.084934, maxRC=3578.896459, +5 cols
    [CG]   [DIAG] iter=37 posCols=5 newCols=5 effImprove=5 updated=0
    [CG] CG iter 38: obj=2544881.880359, maxRC=1999.158375, +4 cols
    [CG]   [DIAG] iter=38 posCols=4 newCols=4 effImprove=4 updated=0
    [CG] CG iter 39: obj=2545291.214779, maxRC=1515.004877, +5 cols
    [CG]   [DIAG] iter=39 posCols=5 newCols=5 effImprove=5 updated=0
    [CG] CG iter 40: obj=2545561.207408, maxRC=1595.815909, +2 cols
    [CG]   [DIAG] iter=40 posCols=2 newCols=2 effImprove=2 updated=0
    [CG] CG iter 41: obj=2545561.207408, maxRC=591.823418, +2 cols
    [CG]   [DIAG] iter=41 posCols=2 newCols=2 effImprove=2 updated=0
    [CG] CG iter 42: obj=2545561.207408, maxRC=447.331032, +2 cols
    [CG]   [DIAG] iter=42 posCols=2 newCols=2 effImprove=2 updated=0
    [CG] CG iter 43: obj=2545561.207408, maxRC=127.555607, +1 cols
    [CG]   [DIAG] iter=43 posCols=1 newCols=1 effImprove=1 updated=0
    [CG] CG iter 44: obj=2545561.207408, maxRC=62.237128, +1 cols
    [CG]   [DIAG] iter=44 posCols=1 newCols=1 effImprove=1 updated=0
    [CG] 列生成收敛，共 45 轮迭代
    [CG] [CG-NODE] depth=0 exit=CERTIFIED certified=1 feasible=1 iters=45 generatedColsBeforeNode=0 newCols=478 posCandidates=478 duplicateCandidates=0 updatedCols=0 zeroObjImproveIters=8 objFirst=798143.174638 objLast=2545561.207408 objGain=1747418.032771 maxRC=1872661.637869 wallSec=0.526765 pricingSec=0.496079 cplexSolveSec=0.022017
      [BB] 分支定界开始，根节点LP obj=2545561.207408，最大节点数=10000
      [BB] 根节点启发式下界 LB=2039580.929959（上界=2545561.207408）
    [CG] [BB-DIAG] 分支 x_{dc=4,retailer=3}, 节点数=1
    [CG] 列生成开始，初始列数=704
    [CG] CG iter 46: obj=2544888.338384, maxRC=39496.832878, +14 cols
    [CG]   [DIAG] iter=46 posCols=14 newCols=14 effImprove=14 updated=0
    [CG] CG iter 47: obj=2544888.338384, maxRC=21412.725783, +10 cols
    [CG]   [DIAG] iter=47 posCols=10 newCols=10 effImprove=10 updated=0
    [CG] CG iter 48: obj=2544888.338384, maxRC=13799.097602, +8 cols
    [CG]   [DIAG] iter=48 posCols=8 newCols=7 effImprove=8 updated=1
    [CG] CG iter 49: obj=2544888.338384, maxRC=14057.339502, +7 cols
    [CG]   [DIAG] iter=49 posCols=7 newCols=7 effImprove=7 updated=0
    [CG] CG iter 50: obj=2544888.338384, maxRC=9500.466921, +7 cols
    [CG]   [DIAG] iter=50 posCols=7 newCols=7 effImprove=7 updated=0
    [CG] CG iter 51: obj=2544888.338384, maxRC=7693.870584, +7 cols
    [CG]   [DIAG] iter=51 posCols=7 newCols=7 effImprove=7 updated=0
    [CG] CG iter 52: obj=2545025.201901, maxRC=5067.922156, +7 cols
    [CG]   [DIAG] iter=52 posCols=7 newCols=6 effImprove=7 updated=1
    [CG] CG iter 53: obj=2545025.201901, maxRC=6182.613560, +5 cols
    [CG]   [DIAG] iter=53 posCols=5 newCols=5 effImprove=5 updated=0
    [CG] CG iter 54: obj=2545025.201901, maxRC=2301.065505, +3 cols
    [CG]   [DIAG] iter=54 posCols=3 newCols=3 effImprove=3 updated=0
    [CG] CG iter 55: obj=2545025.201901, maxRC=2883.572558, +4 cols
    [CG]   [DIAG] iter=55 posCols=4 newCols=4 effImprove=4 updated=0
    [CG] CG iter 56: obj=2545025.201901, maxRC=768.000261, +3 cols
    [CG]   [DIAG] iter=56 posCols=3 newCols=3 effImprove=3 updated=0
    [CG] CG iter 57: obj=2545025.201901, maxRC=583.563665, +1 cols
    [CG]   [DIAG] iter=57 posCols=1 newCols=1 effImprove=1 updated=0
    [CG] CG iter 58: obj=2545025.201901, maxRC=368.700170, +1 cols
    [CG]   [DIAG] iter=58 posCols=1 newCols=1 effImprove=1 updated=0
    [CG] 列生成收敛，共 59 轮迭代
    [CG] [CG-NODE] depth=1 exit=CERTIFIED certified=1 feasible=1 iters=14 generatedColsBeforeNode=478 newCols=75 posCandidates=77 duplicateCandidates=2 updatedCols=2 zeroObjImproveIters=12 objFirst=2544888.338384 objLast=2545025.201901 objGain=136.863517 maxRC=39496.832878 wallSec=0.109072 pricingSec=0.098339 cplexSolveSec=0.007696
    [CG] 列生成开始，初始列数=729
    [CG] CG iter 60: obj=2539739.443636, maxRC=83534.635031, +14 cols
    [CG]   [DIAG] iter=60 posCols=14 newCols=14 effImprove=14 updated=0
    [CG] CG iter 61: obj=2539739.443636, maxRC=36216.743439, +12 cols
    [CG]   [DIAG] iter=61 posCols=12 newCols=12 effImprove=12 updated=0
    [CG] CG iter 62: obj=2539739.443636, maxRC=37023.188235, +9 cols
    [CG]   [DIAG] iter=62 posCols=9 newCols=9 effImprove=9 updated=0
    [CG] CG iter 63: obj=2539739.443636, maxRC=28325.977719, +7 cols
    [CG]   [DIAG] iter=63 posCols=7 newCols=7 effImprove=7 updated=0
    [CG] CG iter 64: obj=2539739.443636, maxRC=25093.715219, +6 cols
    [CG]   [DIAG] iter=64 posCols=6 newCols=6 effImprove=6 updated=0
    [CG] CG iter 65: obj=2541577.879412, maxRC=15622.710892, +4 cols
    [CG]   [DIAG] iter=65 posCols=4 newCols=4 effImprove=4 updated=0
    [CG] CG iter 66: obj=2541577.879412, maxRC=21058.865239, +5 cols
    [CG]   [DIAG] iter=66 posCols=5 newCols=5 effImprove=5 updated=0
    [CG] CG iter 67: obj=2541577.879412, maxRC=12930.399414, +6 cols
    [CG]   [DIAG] iter=67 posCols=6 newCols=6 effImprove=6 updated=0
    [CG] CG iter 68: obj=2541577.879412, maxRC=9142.210094, +5 cols
    [CG]   [DIAG] iter=68 posCols=5 newCols=5 effImprove=5 updated=0
    [CG] CG iter 69: obj=2543875.856618, maxRC=2456.369450, +2 cols
    [CG]   [DIAG] iter=69 posCols=2 newCols=2 effImprove=2 updated=0
    [CG] CG iter 70: obj=2543875.856618, maxRC=2645.636657, +2 cols
    [CG]   [DIAG] iter=70 posCols=2 newCols=2 effImprove=2 updated=0
    [CG] CG iter 71: obj=2543875.856618, maxRC=3749.656856, +2 cols
    [CG]   [DIAG] iter=71 posCols=2 newCols=2 effImprove=2 updated=0
    [CG] CG iter 72: obj=2543875.856618, maxRC=1009.207157, +3 cols
    [CG]   [DIAG] iter=72 posCols=3 newCols=3 effImprove=3 updated=0
    [CG] CG iter 73: obj=2543875.856618, maxRC=693.652846, +2 cols
    [CG]   [DIAG] iter=73 posCols=2 newCols=2 effImprove=2 updated=0
    [CG] CG iter 74: obj=2543875.856618, maxRC=65.742633, +1 cols
    [CG]   [DIAG] iter=74 posCols=1 newCols=1 effImprove=1 updated=0
    [CG] CG iter 75: obj=2543875.856618, maxRC=34.726987, +1 cols
    [CG]   [DIAG] iter=75 posCols=1 newCols=1 effImprove=1 updated=0
    [CG] 列生成收敛，共 76 轮迭代
    [CG] [CG-NODE] depth=1 exit=CERTIFIED certified=1 feasible=1 iters=17 generatedColsBeforeNode=553 newCols=81 posCandidates=81 duplicateCandidates=0 updatedCols=0 zeroObjImproveIters=14 objFirst=2539739.443636 objLast=2543875.856618 objGain=4136.412982 maxRC=83534.635031 wallSec=0.127422 pricingSec=0.115514 cplexSolveSec=0.008680
    [CG] [BB-INCUMBENT] selection=2 node=1 previous=2039580.929959 value=2543875.856618 active=1
    [CG] [BB-NODESEL] strategy=hybrid choice=dfs eligibleCount=1 active=1 gap=0.000452
    [CG] [BB-DIAG] 分支 x_{dc=4,retailer=20}, 节点数=2
    [CG] 列生成开始，初始列数=758
    [CG] CG iter 77: obj=2542380.348062, maxRC=12935.457340, +4 cols
    [CG]   [DIAG] iter=77 posCols=4 newCols=4 effImprove=4 updated=0
    [CG] CG iter 78: obj=2542380.348062, maxRC=6564.969179, +4 cols
    [CG]   [DIAG] iter=78 posCols=4 newCols=4 effImprove=4 updated=0
    [CG] CG iter 79: obj=2542380.348062, maxRC=5404.342283, +5 cols
    [CG]   [DIAG] iter=79 posCols=5 newCols=5 effImprove=5 updated=0
    [CG] CG iter 80: obj=2542380.348062, maxRC=2527.551872, +3 cols
    [CG]   [DIAG] iter=80 posCols=3 newCols=3 effImprove=3 updated=0
    [CG] CG iter 81: obj=2542380.348062, maxRC=2323.033316, +3 cols
    [CG]   [DIAG] iter=81 posCols=3 newCols=3 effImprove=3 updated=0
    [CG] CG iter 82: obj=2542380.348062, maxRC=1359.646857, +3 cols
    [CG]   [DIAG] iter=82 posCols=3 newCols=3 effImprove=3 updated=0
    [CG] CG iter 83: obj=2542380.348062, maxRC=1535.206052, +2 cols
    [CG]   [DIAG] iter=83 posCols=2 newCols=2 effImprove=2 updated=0
    [CG] CG iter 84: obj=2542380.348062, maxRC=899.956265, +3 cols
    [CG]   [DIAG] iter=84 posCols=3 newCols=3 effImprove=3 updated=0
    [CG] CG iter 85: obj=2542380.348062, maxRC=367.431703, +1 cols
    [CG]   [DIAG] iter=85 posCols=1 newCols=1 effImprove=1 updated=0
    [CG] CG iter 86: obj=2542380.348062, maxRC=226.668304, +1 cols
    [CG]   [DIAG] iter=86 posCols=1 newCols=1 effImprove=1 updated=0
    [CG] CG iter 87: obj=2542380.348062, maxRC=145.523703, +1 cols
    [CG]   [DIAG] iter=87 posCols=1 newCols=1 effImprove=1 updated=0
    [CG] CG iter 88: obj=2542380.348062, maxRC=107.163642, +1 cols
    [CG]   [DIAG] iter=88 posCols=1 newCols=1 effImprove=1 updated=0
    [CG] CG iter 89: obj=2542380.348062, maxRC=13.197317, +1 cols
    [CG]   [DIAG] iter=89 posCols=1 newCols=1 effImprove=1 updated=0
    [CG] 列生成收敛，共 90 轮迭代
    [CG] [CG-NODE] depth=2 exit=CERTIFIED certified=1 feasible=1 iters=14 generatedColsBeforeNode=634 newCols=32 posCandidates=32 duplicateCandidates=0 updatedCols=0 zeroObjImproveIters=13 objFirst=2542380.348062 objLast=2542380.348062 objGain=0.000000 maxRC=12935.457340 wallSec=0.133948 pricingSec=0.124552 cplexSolveSec=0.006673
    [CG] 列生成开始，初始列数=728
    [CG] CG iter 91: obj=2538230.550043, maxRC=43125.922587, +10 cols
    [CG]   [DIAG] iter=91 posCols=10 newCols=10 effImprove=10 updated=0
    [CG] CG iter 92: obj=2538230.550043, maxRC=22111.539779, +9 cols
    [CG]   [DIAG] iter=92 posCols=9 newCols=9 effImprove=9 updated=0
    [CG] CG iter 93: obj=2540437.508833, maxRC=7567.711755, +6 cols
    [CG]   [DIAG] iter=93 posCols=6 newCols=6 effImprove=6 updated=0
    [CG] CG iter 94: obj=2543856.228513, maxRC=3415.687590, +6 cols
    [CG]   [DIAG] iter=94 posCols=6 newCols=6 effImprove=6 updated=0
    [CG] CG iter 95: obj=2543856.228513, maxRC=1659.707334, +5 cols
    [CG]   [DIAG] iter=95 posCols=5 newCols=5 effImprove=5 updated=0
    [CG] CG iter 96: obj=2544074.835841, maxRC=1162.289484, +5 cols
    [CG]   [DIAG] iter=96 posCols=5 newCols=5 effImprove=5 updated=0
    [CG] CG iter 97: obj=2544074.835841, maxRC=586.228429, +3 cols
    [CG]   [DIAG] iter=97 posCols=3 newCols=3 effImprove=3 updated=0
    [CG] CG iter 98: obj=2544074.835841, maxRC=201.455807, +1 cols
    [CG]   [DIAG] iter=98 posCols=1 newCols=1 effImprove=1 updated=0
    [CG] CG iter 99: obj=2544074.835841, maxRC=189.861149, +1 cols
    [CG]   [DIAG] iter=99 posCols=1 newCols=1 effImprove=1 updated=0
    [CG] 列生成收敛，共 100 轮迭代
    [CG] [CG-NODE] depth=2 exit=CERTIFIED certified=1 feasible=1 iters=10 generatedColsBeforeNode=666 newCols=46 posCandidates=46 duplicateCandidates=0 updatedCols=0 zeroObjImproveIters=6 objFirst=2538230.550043 objLast=2544074.835841 objGain=5844.285798 maxRC=43125.922587 wallSec=0.071369 pricingSec=0.062945 cplexSolveSec=0.005993
    [CG] [BB-DIAG] 分支 x_{dc=4,retailer=25}, 节点数=3
    [CG] 列生成开始，初始列数=759
    [CG] CG iter 101: obj=2538127.420181, maxRC=31651.742027, +12 cols
    [CG]   [DIAG] iter=101 posCols=12 newCols=12 effImprove=12 updated=0
    [CG] CG iter 102: obj=2538127.420181, maxRC=22343.241284, +7 cols
    [CG]   [DIAG] iter=102 posCols=7 newCols=7 effImprove=7 updated=0
    [CG] CG iter 103: obj=2538127.420181, maxRC=18568.038255, +6 cols
    [CG]   [DIAG] iter=103 posCols=6 newCols=6 effImprove=6 updated=0
    [CG] CG iter 104: obj=2538127.420181, maxRC=9944.823782, +4 cols
    [CG]   [DIAG] iter=104 posCols=4 newCols=4 effImprove=4 updated=0
    [CG] CG iter 105: obj=2539903.232655, maxRC=10040.013908, +6 cols
    [CG]   [DIAG] iter=105 posCols=6 newCols=6 effImprove=6 updated=0
    [CG] CG iter 106: obj=2539903.232655, maxRC=4564.701958, +3 cols
    [CG]   [DIAG] iter=106 posCols=3 newCols=3 effImprove=3 updated=0
    [CG] CG iter 107: obj=2539903.232655, maxRC=1720.335138, +3 cols
    [CG]   [DIAG] iter=107 posCols=3 newCols=3 effImprove=3 updated=0
    [CG] CG iter 108: obj=2539903.232655, maxRC=2121.180390, +2 cols
    [CG]   [DIAG] iter=108 posCols=2 newCols=2 effImprove=2 updated=0
    [CG] CG iter 109: obj=2539903.232655, maxRC=1348.556577, +1 cols
    [CG]   [DIAG] iter=109 posCols=1 newCols=1 effImprove=1 updated=0
    [CG] CG iter 110: obj=2539903.232655, maxRC=1035.106464, +1 cols
    [CG]   [DIAG] iter=110 posCols=1 newCols=1 effImprove=1 updated=0
    [CG] CG iter 111: obj=2539903.232655, maxRC=983.369284, +1 cols
    [CG]   [DIAG] iter=111 posCols=1 newCols=1 effImprove=1 updated=0
    [CG] CG iter 112: obj=2539903.232655, maxRC=362.121296, +1 cols
    [CG]   [DIAG] iter=112 posCols=1 newCols=1 effImprove=1 updated=0
    [CG] CG iter 113: obj=2539903.232655, maxRC=452.043158, +1 cols
    [CG]   [DIAG] iter=113 posCols=1 newCols=1 effImprove=1 updated=0
    [CG] CG iter 114: obj=2539903.232655, maxRC=212.013527, +1 cols
    [CG]   [DIAG] iter=114 posCols=1 newCols=1 effImprove=1 updated=0
    [CG] CG iter 115: obj=2539903.232655, maxRC=273.542450, +1 cols
    [CG]   [DIAG] iter=115 posCols=1 newCols=1 effImprove=1 updated=0
    [CG] CG iter 116: obj=2539903.232655, maxRC=164.923874, +1 cols
    [CG]   [DIAG] iter=116 posCols=1 newCols=1 effImprove=1 updated=0
    [CG] CG iter 117: obj=2539903.232655, maxRC=152.062578, +1 cols
    [CG]   [DIAG] iter=117 posCols=1 newCols=1 effImprove=1 updated=0
    [CG] CG iter 118: obj=2539903.232655, maxRC=112.801093, +1 cols
    [CG]   [DIAG] iter=118 posCols=1 newCols=1 effImprove=1 updated=0
    [CG] 列生成收敛，共 119 轮迭代
    [CG] [CG-NODE] depth=3 exit=CERTIFIED certified=1 feasible=1 iters=19 generatedColsBeforeNode=712 newCols=53 posCandidates=53 duplicateCandidates=0 updatedCols=0 zeroObjImproveIters=17 objFirst=2538127.420181 objLast=2539903.232655 objGain=1775.812474 maxRC=31651.742027 wallSec=0.173727 pricingSec=0.161656 cplexSolveSec=0.008645
    [CG] 列生成开始，初始列数=754
    [CG] CG iter 120: obj=2543372.532750, maxRC=84993.936630, +9 cols
    [CG]   [DIAG] iter=120 posCols=9 newCols=9 effImprove=9 updated=0
    [CG] CG iter 121: obj=2543372.532750, maxRC=24851.270384, +7 cols
    [CG]   [DIAG] iter=121 posCols=7 newCols=7 effImprove=7 updated=0
    [CG] CG iter 122: obj=2543372.532750, maxRC=29951.109375, +8 cols
    [CG]   [DIAG] iter=122 posCols=8 newCols=8 effImprove=8 updated=0
    [CG] CG iter 123: obj=2543372.532750, maxRC=11158.297491, +7 cols
    [CG]   [DIAG] iter=123 posCols=7 newCols=7 effImprove=7 updated=0
    [CG] CG iter 124: obj=2543372.532750, maxRC=15838.441342, +9 cols
    [CG]   [DIAG] iter=124 posCols=9 newCols=9 effImprove=9 updated=0
    [CG] CG iter 125: obj=2543372.532750, maxRC=3191.311483, +3 cols
    [CG]   [DIAG] iter=125 posCols=3 newCols=3 effImprove=3 updated=0
    [CG] CG iter 126: obj=2543372.532750, maxRC=1556.910942, +3 cols
    [CG]   [DIAG] iter=126 posCols=3 newCols=3 effImprove=3 updated=0
    [CG] CG iter 127: obj=2543372.532750, maxRC=1691.451536, +4 cols
    [CG]   [DIAG] iter=127 posCols=4 newCols=4 effImprove=4 updated=0
    [CG] CG iter 128: obj=2543372.532750, maxRC=1280.381632, +2 cols
    [CG]   [DIAG] iter=128 posCols=2 newCols=2 effImprove=2 updated=0
    [CG] CG iter 129: obj=2543372.532750, maxRC=1374.787497, +2 cols
    [CG]   [DIAG] iter=129 posCols=2 newCols=2 effImprove=2 updated=0
    [CG] CG iter 130: obj=2543372.532750, maxRC=886.079172, +1 cols
    [CG]   [DIAG] iter=130 posCols=1 newCols=1 effImprove=1 updated=0
    [CG] CG iter 131: obj=2543372.532750, maxRC=633.933981, +1 cols
    [CG]   [DIAG] iter=131 posCols=1 newCols=1 effImprove=1 updated=0
    [CG] CG iter 132: obj=2543372.532750, maxRC=583.547394, +1 cols
    [CG]   [DIAG] iter=132 posCols=1 newCols=1 effImprove=1 updated=0
    [CG] CG iter 133: obj=2543372.532750, maxRC=69.694558, +1 cols
    [CG]   [DIAG] iter=133 posCols=1 newCols=1 effImprove=1 updated=0
    [CG] 列生成收敛，共 134 轮迭代
    [CG] [CG-NODE] depth=3 exit=CERTIFIED certified=1 feasible=1 iters=15 generatedColsBeforeNode=765 newCols=58 posCandidates=58 duplicateCandidates=0 updatedCols=0 zeroObjImproveIters=14 objFirst=2543372.532750 objLast=2543372.532750 objGain=0.000000 maxRC=84993.936630 wallSec=0.108869 pricingSec=0.098057 cplexSolveSec=0.007838
      [BB] 分支定界结束：处理 7 节点，剪枝 3，剩余活跃 0，整数解 2，状态=OPTIMAL，最好可行 obj=2543875.856618，gap=0.000000
