    [CG] 列生成开始，初始列数=310
    [CG] CG iter 1: obj=807931.102907, maxRC=1908293.907191, +28 cols
    [CG]   [DIAG] iter=1 posCols=28 newCols=28 effImprove=28 updated=0
    [CG] CG iter 2: obj=2235624.630740, maxRC=708860.550835, +23 cols
    [CG]   [DIAG] iter=2 posCols=23 newCols=23 effImprove=23 updated=0
    [CG] CG iter 3: obj=2235923.814663, maxRC=543142.254258, +21 cols
    [CG]   [DIAG] iter=3 posCols=21 newCols=21 effImprove=21 updated=0
    [CG] CG iter 4: obj=2249316.073063, maxRC=478109.187263, +21 cols
    [CG]   [DIAG] iter=4 posCols=21 newCols=21 effImprove=21 updated=0
    [CG] CG iter 5: obj=2249316.073063, maxRC=447470.358195, +18 cols
    [CG]   [DIAG] iter=5 posCols=18 newCols=18 effImprove=18 updated=0
    [CG] CG iter 6: obj=2260977.651139, maxRC=464699.913024, +18 cols
    [CG]   [DIAG] iter=6 posCols=18 newCols=18 effImprove=18 updated=0
    [CG] CG iter 7: obj=2300208.232355, maxRC=339909.736243, +18 cols
    [CG]   [DIAG] iter=7 posCols=18 newCols=17 effImprove=18 updated=1
    [CG] CG iter 8: obj=2326874.003563, maxRC=322232.348230, +17 cols
    [CG]   [DIAG] iter=8 posCols=17 newCols=17 effImprove=17 updated=0
    [CG] CG iter 9: obj=2382366.125541, maxRC=242101.974186, +15 cols
    [CG]   [DIAG] iter=9 posCols=15 newCols=15 effImprove=15 updated=0
    [CG] CG iter 10: obj=2424497.371016, maxRC=180782.609623, +15 cols
    [CG]   [DIAG] iter=10 posCols=15 newCols=15 effImprove=15 updated=0
    [CG] CG iter 11: obj=2482691.059218, maxRC=211566.893998, +13 cols
    [CG]   [DIAG] iter=11 posCols=13 newCols=13 effImprove=13 updated=0
    [CG] CG iter 12: obj=2493144.181524, maxRC=170913.726573, +13 cols
    [CG]   [DIAG] iter=12 posCols=13 newCols=13 effImprove=13 updated=0
    [CG] CG iter 13: obj=2498590.381413, maxRC=154706.066354, +12 cols
    [CG]   [DIAG] iter=13 posCols=12 newCols=12 effImprove=12 updated=0
    [CG] CG iter 14: obj=2520446.703435, maxRC=107984.955900, +13 cols
    [CG]   [DIAG] iter=14 posCols=13 newCols=13 effImprove=13 updated=0
    [CG] CG iter 15: obj=2528438.486565, maxRC=147456.825707, +12 cols
    [CG]   [DIAG] iter=15 posCols=12 newCols=12 effImprove=12 updated=0
    [CG] CG iter 16: obj=2530836.682044, maxRC=91185.632601, +12 cols
    [CG]   [DIAG] iter=16 posCols=12 newCols=12 effImprove=12 updated=0
    [CG] CG iter 17: obj=2533820.783786, maxRC=84644.165615, +12 cols
    [CG]   [DIAG] iter=17 posCols=12 newCols=12 effImprove=12 updated=0
    [CG] CG iter 18: obj=2536445.684818, maxRC=61122.830817, +10 cols
    [CG]   [DIAG] iter=18 posCols=10 newCols=10 effImprove=10 updated=0
    [CG] CG iter 19: obj=2546519.080260, maxRC=122717.752604, +12 cols
    [CG]   [DIAG] iter=19 posCols=12 newCols=12 effImprove=12 updated=0
    [CG] CG iter 20: obj=2548654.906926, maxRC=119331.811613, +12 cols
    [CG]   [DIAG] iter=20 posCols=12 newCols=12 effImprove=12 updated=0
    [CG] CG iter 21: obj=2550963.227649, maxRC=34956.265074, +12 cols
    [CG]   [DIAG] iter=21 posCols=12 newCols=12 effImprove=12 updated=0
    [CG] CG iter 22: obj=2561775.644215, maxRC=45080.757733, +11 cols
    [CG]   [DIAG] iter=22 posCols=11 newCols=11 effImprove=11 updated=0
    [CG] CG iter 23: obj=2574532.431106, maxRC=68510.213092, +10 cols
    [CG]   [DIAG] iter=23 posCols=10 newCols=10 effImprove=10 updated=0
    [CG] CG iter 24: obj=2575205.829810, maxRC=52890.609550, +11 cols
    [CG]   [DIAG] iter=24 posCols=11 newCols=11 effImprove=11 updated=0
    [CG] CG iter 25: obj=2575205.829810, maxRC=34151.906257, +10 cols
    [CG]   [DIAG] iter=25 posCols=10 newCols=10 effImprove=10 updated=0
    [CG] CG iter 26: obj=2579413.300886, maxRC=39199.400759, +11 cols
    [CG]   [DIAG] iter=26 posCols=11 newCols=11 effImprove=11 updated=0
    [CG] CG iter 27: obj=2579571.611750, maxRC=44834.231685, +9 cols
    [CG]   [DIAG] iter=27 posCols=9 newCols=9 effImprove=9 updated=0
    [CG] CG iter 28: obj=2581155.437660, maxRC=32712.325692, +10 cols
    [CG]   [DIAG] iter=28 posCols=10 newCols=10 effImprove=10 updated=0
    [CG] CG iter 29: obj=2581155.437660, maxRC=25392.737483, +9 cols
    [CG]   [DIAG] iter=29 posCols=9 newCols=9 effImprove=9 updated=0
    [CG] CG iter 30: obj=2581155.437660, maxRC=17808.047798, +9 cols
    [CG]   [DIAG] iter=30 posCols=9 newCols=9 effImprove=9 updated=0
    [CG] CG iter 31: obj=2597061.781537, maxRC=37161.799808, +10 cols
    [CG]   [DIAG] iter=31 posCols=10 newCols=10 effImprove=10 updated=0
    [CG] CG iter 32: obj=2597061.781537, maxRC=58501.496653, +9 cols
    [CG]   [DIAG] iter=32 posCols=9 newCols=9 effImprove=9 updated=0
    [CG] CG iter 33: obj=2597061.781537, maxRC=35253.312552, +8 cols
    [CG]   [DIAG] iter=33 posCols=8 newCols=8 effImprove=8 updated=0
    [CG] CG iter 34: obj=2597061.781537, maxRC=16919.325018, +7 cols
    [CG]   [DIAG] iter=34 posCols=7 newCols=7 effImprove=7 updated=0
    [CG] CG iter 35: obj=2597061.781537, maxRC=13785.014631, +6 cols
    [CG]   [DIAG] iter=35 posCols=6 newCols=6 effImprove=6 updated=0
    [CG] CG iter 36: obj=2597061.781537, maxRC=6839.877571, +5 cols
    [CG]   [DIAG] iter=36 posCols=5 newCols=5 effImprove=5 updated=0
    [CG] CG iter 37: obj=2597061.781537, maxRC=19513.021695, +9 cols
    [CG]   [DIAG] iter=37 posCols=9 newCols=9 effImprove=9 updated=0
    [CG] CG iter 38: obj=2597061.781537, maxRC=7818.789337, +8 cols
    [CG]   [DIAG] iter=38 posCols=8 newCols=8 effImprove=8 updated=0
    [CG] CG iter 39: obj=2597061.781537, maxRC=6468.837254, +6 cols
    [CG]   [DIAG] iter=39 posCols=6 newCols=6 effImprove=6 updated=0
    [CG] CG iter 40: obj=2597061.781537, maxRC=11055.904408, +5 cols
    [CG]   [DIAG] iter=40 posCols=5 newCols=5 effImprove=5 updated=0
    [CG] CG iter 41: obj=2597061.781537, maxRC=6036.505649, +5 cols
    [CG]   [DIAG] iter=41 posCols=5 newCols=5 effImprove=5 updated=0
    [CG] CG iter 42: obj=2598183.130305, maxRC=8437.072771, +5 cols
    [CG]   [DIAG] iter=42 posCols=5 newCols=5 effImprove=5 updated=0
    [CG] CG iter 43: obj=2601577.312091, maxRC=2625.016811, +5 cols
    [CG]   [DIAG] iter=43 posCols=5 newCols=5 effImprove=5 updated=0
    [CG] CG iter 44: obj=2601577.312091, maxRC=1111.948233, +3 cols
    [CG]   [DIAG] iter=44 posCols=3 newCols=3 effImprove=3 updated=0
    [CG] CG iter 45: obj=2601577.312091, maxRC=1743.277115, +3 cols
    [CG]   [DIAG] iter=45 posCols=3 newCols=3 effImprove=3 updated=0
    [CG] CG iter 46: obj=2601577.312091, maxRC=643.072251, +4 cols
    [CG]   [DIAG] iter=46 posCols=4 newCols=4 effImprove=4 updated=0
    [CG] 列生成收敛，共 47 轮迭代
    [CG] [CG-NODE] depth=0 exit=CERTIFIED certified=1 feasible=1 iters=47 generatedColsBeforeNode=0 newCols=514 posCandidates=515 duplicateCandidates=1 updatedCols=1 zeroObjImproveIters=18 objFirst=807931.102907 objLast=2601577.312091 objGain=1793646.209184 maxRC=1908293.907191 wallSec=0.574538 pricingSec=0.526135 cplexSolveSec=0.022190
      [BB] 根节点即为整数解，obj=2601577.312091
