    [CG] 列生成开始，初始列数=310
    [CG] CG iter 1: obj=824304.339546, maxRC=1775993.749478, +27 cols
    [CG]   [DIAG] iter=1 posCols=27 newCols=27 effImprove=27 updated=0
    [CG] CG iter 2: obj=2219512.280572, maxRC=694938.712463, +25 cols
    [CG]   [DIAG] iter=2 posCols=25 newCols=25 effImprove=25 updated=0
    [CG] CG iter 3: obj=2219512.280572, maxRC=478751.493694, +24 cols
    [CG]   [DIAG] iter=3 posCols=24 newCols=24 effImprove=24 updated=0
    [CG] CG iter 4: obj=2220739.263858, maxRC=496632.575255, +24 cols
    [CG]   [DIAG] iter=4 posCols=24 newCols=24 effImprove=24 updated=0
    [CG] CG iter 5: obj=2250816.046006, maxRC=360748.283826, +24 cols
    [CG]   [DIAG] iter=5 posCols=24 newCols=24 effImprove=24 updated=0
    [CG] CG iter 6: obj=2251924.799219, maxRC=333291.295051, +23 cols
    [CG]   [DIAG] iter=6 posCols=23 newCols=23 effImprove=23 updated=0
    [CG] CG iter 7: obj=2257302.969840, maxRC=241509.898641, +17 cols
    [CG]   [DIAG] iter=7 posCols=17 newCols=17 effImprove=17 updated=0
    [CG] CG iter 8: obj=2328297.082143, maxRC=302301.673432, +24 cols
    [CG]   [DIAG] iter=8 posCols=24 newCols=24 effImprove=24 updated=0
    [CG] CG iter 9: obj=2330948.845550, maxRC=213968.356983, +18 cols
    [CG]   [DIAG] iter=9 posCols=18 newCols=18 effImprove=18 updated=0
    [CG] CG iter 10: obj=2362780.155410, maxRC=125746.430509, +15 cols
    [CG]   [DIAG] iter=10 posCols=15 newCols=15 effImprove=15 updated=0
    [CG] CG iter 11: obj=2377290.784700, maxRC=106638.419200, +15 cols
    [CG]   [DIAG] iter=11 posCols=15 newCols=14 effImprove=15 updated=1
    [CG] CG iter 12: obj=2397329.849545, maxRC=97603.881304, +14 cols
    [CG]   [DIAG] iter=12 posCols=14 newCols=14 effImprove=14 updated=0
    [CG] CG iter 13: obj=2409801.556869, maxRC=89888.829703, +12 cols
    [CG]   [DIAG] iter=13 posCols=12 newCols=12 effImprove=12 updated=0
    [CG] CG iter 14: obj=2436304.490331, maxRC=87892.167038, +13 cols
    [CG]   [DIAG] iter=14 posCols=13 newCols=13 effImprove=13 updated=0
    [CG] CG iter 15: obj=2445682.940799, maxRC=72653.315174, +12 cols
    [CG]   [DIAG] iter=15 posCols=12 newCols=12 effImprove=12 updated=0
    [CG] CG iter 16: obj=2475000.141097, maxRC=81190.687240, +11 cols
    [CG]   [DIAG] iter=16 posCols=11 newCols=11 effImprove=11 updated=0
    [CG] CG iter 17: obj=2477510.870266, maxRC=46573.512638, +12 cols
    [CG]   [DIAG] iter=17 posCols=12 newCols=12 effImprove=12 updated=0
    [CG] CG iter 18: obj=2481197.229675, maxRC=41941.877409, +11 cols
    [CG]   [DIAG] iter=18 posCols=11 newCols=11 effImprove=11 updated=0
    [CG] CG iter 19: obj=2487382.159411, maxRC=56166.374386, +11 cols
    [CG]   [DIAG] iter=19 posCols=11 newCols=11 effImprove=11 updated=0
    [CG] CG iter 20: obj=2493035.959382, maxRC=39652.614418, +10 cols
    [CG]   [DIAG] iter=20 posCols=10 newCols=10 effImprove=10 updated=0
    [CG] CG iter 21: obj=2496689.827860, maxRC=24525.235883, +9 cols
    [CG]   [DIAG] iter=21 posCols=9 newCols=9 effImprove=9 updated=0
    [CG] CG iter 22: obj=2498652.817862, maxRC=30246.160737, +9 cols
    [CG]   [DIAG] iter=22 posCols=9 newCols=9 effImprove=9 updated=0
    [CG] CG iter 23: obj=2500129.911671, maxRC=22884.790863, +9 cols
    [CG]   [DIAG] iter=23 posCols=9 newCols=9 effImprove=9 updated=0
    [CG] CG iter 24: obj=2502920.610803, maxRC=17621.543295, +10 cols
    [CG]   [DIAG] iter=24 posCols=10 newCols=9 effImprove=10 updated=1
    [CG] CG iter 25: obj=2506096.485604, maxRC=12779.703450, +9 cols
    [CG]   [DIAG] iter=25 posCols=9 newCols=9 effImprove=9 updated=0
    [CG] CG iter 26: obj=2508793.480541, maxRC=13749.397538, +7 cols
    [CG]   [DIAG] iter=26 posCols=7 newCols=7 effImprove=7 updated=0
    [CG] CG iter 27: obj=2509387.619027, maxRC=16867.511302, +8 cols
    [CG]   [DIAG] iter=27 posCols=8 newCols=8 effImprove=8 updated=0
    [CG] CG iter 28: obj=2514030.717935, maxRC=13359.987591, +6 cols
    [CG]   [DIAG] iter=28 posCols=6 newCols=6 effImprove=6 updated=0
    [CG] CG iter 29: obj=2514582.499019, maxRC=9823.805015, +6 cols
    [CG]   [DIAG] iter=29 posCols=6 newCols=6 effImprove=6 updated=0
    [CG] CG iter 30: obj=2515196.486833, maxRC=6707.762384, +6 cols
    [CG]   [DIAG] iter=30 posCols=6 newCols=6 effImprove=6 updated=0
    [CG] CG iter 31: obj=2517432.407627, maxRC=6492.558897, +5 cols
    [CG]   [DIAG] iter=31 posCols=5 newCols=5 effImprove=5 updated=0
    [CG] CG iter 32: obj=2517432.407627, maxRC=8201.507536, +5 cols
    [CG]   [DIAG] iter=32 posCols=5 newCols=5 effImprove=5 updated=0
    [CG] CG iter 33: obj=2517432.407627, maxRC=2434.453688, +4 cols
    [CG]   [DIAG] iter=33 posCols=4 newCols=4 effImprove=4 updated=0
    [CG] CG iter 34: obj=2517432.407627, maxRC=5203.430023, +4 cols
    [CG]   [DIAG] iter=34 posCols=4 newCols=4 effImprove=4 updated=0
    [CG] CG iter 35: obj=2517447.730069, maxRC=3484.057976, +3 cols
    [CG]   [DIAG] iter=35 posCols=3 newCols=3 effImprove=3 updated=0
    [CG] CG iter 36: obj=2517447.730069, maxRC=3430.363017, +2 cols
    [CG]   [DIAG] iter=36 posCols=2 newCols=2 effImprove=2 updated=0
    [CG] CG iter 37: obj=2517447.730069, maxRC=1547.541793, +2 cols
    [CG]   [DIAG] iter=37 posCols=2 newCols=2 effImprove=2 updated=0
    [CG] CG iter 38: obj=2517447.730069, maxRC=588.106196, +2 cols
    [CG]   [DIAG] iter=38 posCols=2 newCols=2 effImprove=2 updated=0
    [CG] CG iter 39: obj=2517447.730069, maxRC=545.748579, +2 cols
    [CG]   [DIAG] iter=39 posCols=2 newCols=2 effImprove=2 updated=0
    [CG] CG iter 40: obj=2517447.730069, maxRC=129.112162, +2 cols
    [CG]   [DIAG] iter=40 posCols=2 newCols=2 effImprove=2 updated=0
    [CG] CG iter 41: obj=2517447.730069, maxRC=139.492899, +1 cols
    [CG]   [DIAG] iter=41 posCols=1 newCols=1 effImprove=1 updated=0
    [CG] CG iter 42: obj=2517447.730069, maxRC=179.130409, +1 cols
    [CG]   [DIAG] iter=42 posCols=1 newCols=1 effImprove=1 updated=0
    [CG] CG iter 43: obj=2517447.730069, maxRC=132.139536, +1 cols
    [CG]   [DIAG] iter=43 posCols=1 newCols=1 effImprove=1 updated=0
    [CG] 列生成收敛，共 44 轮迭代
    [CG] [CG-NODE] depth=0 exit=CERTIFIED certified=1 feasible=1 iters=44 generatedColsBeforeNode=0 newCols=453 posCandidates=455 duplicateCandidates=2 updatedCols=2 zeroObjImproveIters=13 objFirst=824304.339546 objLast=2517447.730069 objGain=1693143.390523 maxRC=1775993.749478 wallSec=0.477780 pricingSec=0.436069 cplexSolveSec=0.018087
      [BB] 分支定界开始，根节点LP obj=2517447.730069，最大节点数=10000
      [BB] 根节点启发式下界 LB=2239372.277665（上界=2517447.730069）
    [CG] [BB-DIAG] 分支 x_{dc=4,retailer=3}, 节点数=1
    [CG] 列生成开始，初始列数=697
    [CG] CG iter 45: obj=2506408.331942, maxRC=27106.453100, +9 cols
    [CG]   [DIAG] iter=45 posCols=9 newCols=9 effImprove=9 updated=0
    [CG] CG iter 46: obj=2506408.331942, maxRC=17662.307481, +9 cols
    [CG]   [DIAG] iter=46 posCols=9 newCols=9 effImprove=9 updated=0
    [CG] CG iter 47: obj=2506408.331942, maxRC=6060.772926, +5 cols
    [CG]   [DIAG] iter=47 posCols=5 newCols=5 effImprove=5 updated=0
    [CG] CG iter 48: obj=2506408.331942, maxRC=9503.121992, +7 cols
    [CG]   [DIAG] iter=48 posCols=7 newCols=7 effImprove=7 updated=0
    [CG] CG iter 49: obj=2506408.331942, maxRC=3195.661973, +4 cols
    [CG]   [DIAG] iter=49 posCols=4 newCols=4 effImprove=4 updated=0
    [CG] CG iter 50: obj=2506408.331942, maxRC=2551.431570, +5 cols
    [CG]   [DIAG] iter=50 posCols=5 newCols=5 effImprove=5 updated=0
    [CG] CG iter 51: obj=2507420.089935, maxRC=1092.588592, +3 cols
    [CG]   [DIAG] iter=51 posCols=3 newCols=3 effImprove=3 updated=0
    [CG] CG iter 52: obj=2507420.089935, maxRC=1043.039391, +2 cols
    [CG]   [DIAG] iter=52 posCols=2 newCols=2 effImprove=2 updated=0
    [CG] CG iter 53: obj=2507420.089935, maxRC=151.834164, +2 cols
    [CG]   [DIAG] iter=53 posCols=2 newCols=2 effImprove=2 updated=0
    [CG] CG iter 54: obj=2507420.089935, maxRC=105.929891, +1 cols
    [CG]   [DIAG] iter=54 posCols=1 newCols=1 effImprove=1 updated=0
    [CG] CG iter 55: obj=2507420.089935, maxRC=49.149748, +1 cols
    [CG]   [DIAG] iter=55 posCols=1 newCols=1 effImprove=1 updated=0
    [CG] 列生成收敛，共 56 轮迭代
    [CG] [CG-NODE] depth=1 exit=CERTIFIED certified=1 feasible=1 iters=12 generatedColsBeforeNode=453 newCols=48 posCandidates=48 duplicateCandidates=0 updatedCols=0 zeroObjImproveIters=10 objFirst=2506408.331942 objLast=2507420.089935 objGain=1011.757994 maxRC=27106.453100 wallSec=0.076353 pricingSec=0.067613 cplexSolveSec=0.006215
    [CG] 列生成开始，初始列数=709
    [CG] CG iter 57: obj=2512333.822851, maxRC=35209.954966, +10 cols
    [CG]   [DIAG] iter=57 posCols=10 newCols=10 effImprove=10 updated=0
    [CG] CG iter 58: obj=2514418.932838, maxRC=19204.755314, +8 cols
    [CG]   [DIAG] iter=58 posCols=8 newCols=8 effImprove=8 updated=0
    [CG] CG iter 59: obj=2514418.932838, maxRC=9609.771533, +5 cols
    [CG]   [DIAG] iter=59 posCols=5 newCols=5 effImprove=5 updated=0
    [CG] CG iter 60: obj=2514418.932838, maxRC=2356.375516, +4 cols
    [CG]   [DIAG] iter=60 posCols=4 newCols=4 effImprove=4 updated=0
    [CG] CG iter 61: obj=2514418.932838, maxRC=1643.308751, +4 cols
    [CG]   [DIAG] iter=61 posCols=4 newCols=4 effImprove=4 updated=0
    [CG] CG iter 62: obj=2514418.932838, maxRC=848.508086, +4 cols
    [CG]   [DIAG] iter=62 posCols=4 newCols=4 effImprove=4 updated=0
    [CG] CG iter 63: obj=2514418.932838, maxRC=499.423988, +3 cols
    [CG]   [DIAG] iter=63 posCols=3 newCols=3 effImprove=3 updated=0
    [CG] CG iter 64: obj=2514418.932838, maxRC=132.424075, +2 cols
    [CG]   [DIAG] iter=64 posCols=2 newCols=2 effImprove=2 updated=0
    [CG] CG iter 65: obj=2514418.932838, maxRC=58.304272, +2 cols
    [CG]   [DIAG] iter=65 posCols=2 newCols=2 effImprove=2 updated=0
    [CG] 列生成收敛，共 66 轮迭代
    [CG] [CG-NODE] depth=1 exit=CERTIFIED certified=1 feasible=1 iters=10 generatedColsBeforeNode=501 newCols=42 posCandidates=42 duplicateCandidates=0 updatedCols=0 zeroObjImproveIters=8 objFirst=2512333.822851 objLast=2514418.932838 objGain=2085.109987 maxRC=35209.954966 wallSec=0.048565 pricingSec=0.040449 cplexSolveSec=0.005867
    [CG] [BB-DIAG] 分支 x_{dc=4,retailer=5}, 节点数=2
    [CG] 列生成开始，初始列数=713
    [CG] CG iter 67: obj=2510753.632803, maxRC=8378.622254, +5 cols
    [CG]   [DIAG] iter=67 posCols=5 newCols=5 effImprove=5 updated=0
    [CG] CG iter 68: obj=2511268.278422, maxRC=5414.929572, +7 cols
    [CG]   [DIAG] iter=68 posCols=7 newCols=7 effImprove=7 updated=0
    [CG] CG iter 69: obj=2511268.278422, maxRC=689.849325, +3 cols
    [CG]   [DIAG] iter=69 posCols=3 newCols=3 effImprove=3 updated=0
    [CG] CG iter 70: obj=2511268.278422, maxRC=545.584012, +3 cols
    [CG]   [DIAG] iter=70 posCols=3 newCols=3 effImprove=3 updated=0
    [CG] CG iter 71: obj=2511268.278422, maxRC=369.709097, +4 cols
    [CG]   [DIAG] iter=71 posCols=4 newCols=4 effImprove=4 updated=0
    [CG] CG iter 72: obj=2511268.278422, maxRC=205.896272, +3 cols
    [CG]   [DIAG] iter=72 posCols=3 newCols=3 effImprove=3 updated=0
    [CG] CG iter 73: obj=2511268.278422, maxRC=237.143539, +2 cols
    [CG]   [DIAG] iter=73 posCols=2 newCols=2 effImprove=2 updated=0
    [CG] 列生成收敛，共 74 轮迭代
    [CG] [CG-NODE] depth=2 exit=CERTIFIED certified=1 feasible=1 iters=8 generatedColsBeforeNode=543 newCols=27 posCandidates=27 duplicateCandidates=0 updatedCols=0 zeroObjImproveIters=6 objFirst=2510753.632803 objLast=2511268.278422 objGain=514.645619 maxRC=8378.622254 wallSec=0.081256 pricingSec=0.070808 cplexSolveSec=0.007375
    [CG] 列生成开始，初始列数=711
    [CG] CG iter 75: obj=2511834.729650, maxRC=25137.410584, +10 cols
    [CG]   [DIAG] iter=75 posCols=10 newCols=10 effImprove=10 updated=0
    [CG] CG iter 76: obj=2511834.729650, maxRC=12351.543211, +8 cols
    [CG]   [DIAG] iter=76 posCols=8 newCols=8 effImprove=8 updated=0
    [CG] CG iter 77: obj=2511834.729650, maxRC=15325.316640, +6 cols
    [CG]   [DIAG] iter=77 posCols=6 newCols=6 effImprove=6 updated=0
    [CG] CG iter 78: obj=2511834.729650, maxRC=5221.396880, +6 cols
    [CG]   [DIAG] iter=78 posCols=6 newCols=6 effImprove=6 updated=0
    [CG] CG iter 79: obj=2511834.729650, maxRC=3761.982634, +8 cols
    [CG]   [DIAG] iter=79 posCols=8 newCols=8 effImprove=8 updated=0
    [CG] CG iter 80: obj=2511834.729650, maxRC=1965.873080, +5 cols
    [CG]   [DIAG] iter=80 posCols=5 newCols=5 effImprove=5 updated=0
    [CG] CG iter 81: obj=2512625.875881, maxRC=829.314411, +4 cols
    [CG]   [DIAG] iter=81 posCols=4 newCols=4 effImprove=4 updated=0
    [CG] CG iter 82: obj=2512625.875881, maxRC=87.527231, +3 cols
    [CG]   [DIAG] iter=82 posCols=3 newCols=3 effImprove=3 updated=0
    [CG] CG iter 83: obj=2512625.875881, maxRC=32.969369, +1 cols
    [CG]   [DIAG] iter=83 posCols=1 newCols=1 effImprove=1 updated=0
    [CG] 列生成收敛，共 84 轮迭代
    [CG] [CG-NODE] depth=2 exit=CERTIFIED certified=1 feasible=1 iters=10 generatedColsBeforeNode=570 newCols=51 posCandidates=51 duplicateCandidates=0 updatedCols=0 zeroObjImproveIters=8 objFirst=2511834.729650 objLast=2512625.875881 objGain=791.146232 maxRC=25137.410584 wallSec=0.052798 pricingSec=0.041247 cplexSolveSec=0.007731
    [CG] [BB-INCUMBENT] selection=3 node=2 previous=2239372.277665 value=2512625.875881 active=2
    [CG] [BB-NODESEL] strategy=hybrid choice=dfs eligibleCount=1 active=2 gap=0.000000
      [BB] 分支定界结束：处理 5 节点，剪枝 2，剩余活跃 0，整数解 2，状态=OPTIMAL，最好可行 obj=2512625.875881，gap=0.000000
