    [CG] 列生成开始，初始列数=310
    [CG] CG iter 1: obj=820851.167196, maxRC=1913098.184464, +28 cols
    [CG]   [DIAG] iter=1 posCols=28 newCols=28 effImprove=28 updated=0
    [CG] CG iter 2: obj=2232250.903416, maxRC=611096.207408, +24 cols
    [CG]   [DIAG] iter=2 posCols=24 newCols=24 effImprove=24 updated=0
    [CG] CG iter 3: obj=2232250.903416, maxRC=514932.282047, +24 cols
    [CG]   [DIAG] iter=3 posCols=24 newCols=24 effImprove=24 updated=0
    [CG] CG iter 4: obj=2240950.444405, maxRC=458335.532712, +21 cols
    [CG]   [DIAG] iter=4 posCols=21 newCols=21 effImprove=21 updated=0
    [CG] CG iter 5: obj=2258741.023517, maxRC=469405.182248, +22 cols
    [CG]   [DIAG] iter=5 posCols=22 newCols=22 effImprove=22 updated=0
    [CG] CG iter 6: obj=2261280.062592, maxRC=438988.833269, +19 cols
    [CG]   [DIAG] iter=6 posCols=19 newCols=19 effImprove=19 updated=0
    [CG] CG iter 7: obj=2262185.462515, maxRC=422792.217257, +17 cols
    [CG]   [DIAG] iter=7 posCols=17 newCols=17 effImprove=17 updated=0
    [CG] CG iter 8: obj=2263584.602951, maxRC=374880.680920, +14 cols
    [CG]   [DIAG] iter=8 posCols=14 newCols=14 effImprove=14 updated=0
    [CG] CG iter 9: obj=2330102.274878, maxRC=309693.521234, +16 cols
    [CG]   [DIAG] iter=9 posCols=16 newCols=16 effImprove=16 updated=0
    [CG] CG iter 10: obj=2415643.113202, maxRC=229449.433657, +13 cols
    [CG]   [DIAG] iter=10 posCols=13 newCols=13 effImprove=13 updated=0
    [CG] CG iter 11: obj=2464191.329945, maxRC=198894.495318, +15 cols
    [CG]   [DIAG] iter=11 posCols=15 newCols=15 effImprove=15 updated=0
    [CG] CG iter 12: obj=2464191.329945, maxRC=147466.711571, +12 cols
    [CG]   [DIAG] iter=12 posCols=12 newCols=12 effImprove=12 updated=0
    [CG] CG iter 13: obj=2478241.752168, maxRC=172892.504939, +12 cols
    [CG]   [DIAG] iter=13 posCols=12 newCols=12 effImprove=12 updated=0
    [CG] CG iter 14: obj=2520846.441297, maxRC=142921.950156, +12 cols
    [CG]   [DIAG] iter=14 posCols=12 newCols=12 effImprove=12 updated=0
    [CG] CG iter 15: obj=2520846.441297, maxRC=132208.620733, +13 cols
    [CG]   [DIAG] iter=15 posCols=13 newCols=13 effImprove=13 updated=0
    [CG] CG iter 16: obj=2520846.441297, maxRC=98949.414802, +12 cols
    [CG]   [DIAG] iter=16 posCols=12 newCols=12 effImprove=12 updated=0
    [CG] CG iter 17: obj=2520846.441297, maxRC=133650.170747, +12 cols
    [CG]   [DIAG] iter=17 posCols=12 newCols=12 effImprove=12 updated=0
    [CG] CG iter 18: obj=2526533.048814, maxRC=133758.272222, +12 cols
    [CG]   [DIAG] iter=18 posCols=12 newCols=12 effImprove=12 updated=0
    [CG] CG iter 19: obj=2529568.495118, maxRC=53000.075569, +11 cols
    [CG]   [DIAG] iter=19 posCols=11 newCols=11 effImprove=11 updated=0
    [CG] CG iter 20: obj=2536008.790569, maxRC=55448.534824, +10 cols
    [CG]   [DIAG] iter=20 posCols=10 newCols=10 effImprove=10 updated=0
    [CG] CG iter 21: obj=2545428.572963, maxRC=58113.967473, +10 cols
    [CG]   [DIAG] iter=21 posCols=10 newCols=10 effImprove=10 updated=0
    [CG] CG iter 22: obj=2553474.227338, maxRC=66451.169895, +11 cols
    [CG]   [DIAG] iter=22 posCols=11 newCols=11 effImprove=11 updated=0
    [CG] CG iter 23: obj=2556676.466770, maxRC=33236.400568, +10 cols
    [CG]   [DIAG] iter=23 posCols=10 newCols=10 effImprove=10 updated=0
    [CG] CG iter 24: obj=2557630.211505, maxRC=28217.685307, +9 cols
    [CG]   [DIAG] iter=24 posCols=9 newCols=9 effImprove=9 updated=0
    [CG] CG iter 25: obj=2562433.615301, maxRC=30976.252242, +11 cols
    [CG]   [DIAG] iter=25 posCols=11 newCols=11 effImprove=11 updated=0
    [CG] CG iter 26: obj=2566910.327724, maxRC=20113.488527, +9 cols
    [CG]   [DIAG] iter=26 posCols=9 newCols=9 effImprove=9 updated=0
    [CG] CG iter 27: obj=2572321.515387, maxRC=32689.259636, +9 cols
    [CG]   [DIAG] iter=27 posCols=9 newCols=9 effImprove=9 updated=0
    [CG] CG iter 28: obj=2574539.196289, maxRC=18086.394762, +9 cols
    [CG]   [DIAG] iter=28 posCols=9 newCols=9 effImprove=9 updated=0
    [CG] CG iter 29: obj=2576745.754813, maxRC=15177.274037, +8 cols
    [CG]   [DIAG] iter=29 posCols=8 newCols=8 effImprove=8 updated=0
    [CG] CG iter 30: obj=2577422.185386, maxRC=13766.271941, +7 cols
    [CG]   [DIAG] iter=30 posCols=7 newCols=7 effImprove=7 updated=0
    [CG] CG iter 31: obj=2588537.376530, maxRC=17996.649038, +9 cols
    [CG]   [DIAG] iter=31 posCols=9 newCols=9 effImprove=9 updated=0
    [CG] CG iter 32: obj=2588537.376530, maxRC=21848.276898, +6 cols
    [CG]   [DIAG] iter=32 posCols=6 newCols=6 effImprove=6 updated=0
    [CG] CG iter 33: obj=2588537.376530, maxRC=28016.856401, +6 cols
    [CG]   [DIAG] iter=33 posCols=6 newCols=6 effImprove=6 updated=0
    [CG] CG iter 34: obj=2588537.376530, maxRC=8443.356143, +5 cols
    [CG]   [DIAG] iter=34 posCols=5 newCols=5 effImprove=5 updated=0
    [CG] CG iter 35: obj=2588537.376530, maxRC=8078.088022, +5 cols
    [CG]   [DIAG] iter=35 posCols=5 newCols=5 effImprove=5 updated=0
    [CG] CG iter 36: obj=2588537.376530, maxRC=3318.852097, +5 cols
    [CG]   [DIAG] iter=36 posCols=5 newCols=5 effImprove=5 updated=0
    [CG] CG iter 37: obj=2588537.376530, maxRC=4921.487279, +3 cols
    [CG]   [DIAG] iter=37 posCols=3 newCols=3 effImprove=3 updated=0
    [CG] CG iter 38: obj=2588537.376530, maxRC=3590.444677, +2 cols
    [CG]   [DIAG] iter=38 posCols=2 newCols=2 effImprove=2 updated=0
    [CG] CG iter 39: obj=2588537.376530, maxRC=7242.330892, +3 cols
    [CG]   [DIAG] iter=39 posCols=3 newCols=3 effImprove=3 updated=0
    [CG] CG iter 40: obj=2588537.376530, maxRC=2375.802575, +2 cols
    [CG]   [DIAG] iter=40 posCols=2 newCols=2 effImprove=2 updated=0
    [CG] CG iter 41: obj=2588537.376530, maxRC=1148.872980, +2 cols
    [CG]   [DIAG] iter=41 posCols=2 newCols=2 effImprove=2 updated=0
    [CG] CG iter 42: obj=2588537.376530, maxRC=666.744656, +1 cols
    [CG]   [DIAG] iter=42 posCols=1 newCols=1 effImprove=1 updated=0
    [CG] CG iter 43: obj=2588537.376530, maxRC=1057.200347, +1 cols
    [CG]   [DIAG] iter=43 posCols=1 newCols=1 effImprove=1 updated=0
    [CG] CG iter 44: obj=2588537.376530, maxRC=423.828900, +1 cols
    [CG]   [DIAG] iter=44 posCols=1 newCols=1 effImprove=1 updated=0
    [CG] CG iter 45: obj=2588537.376530, maxRC=471.706026, +1 cols
    [CG]   [DIAG] iter=45 posCols=1 newCols=1 effImprove=1 updated=0
    [CG] CG iter 46: obj=2588537.376530, maxRC=814.494902, +1 cols
    [CG]   [DIAG] iter=46 posCols=1 newCols=1 effImprove=1 updated=0
    [CG] CG iter 47: obj=2588537.376530, maxRC=180.501630, +1 cols
    [CG]   [DIAG] iter=47 posCols=1 newCols=1 effImprove=1 updated=0
    [CG] CG iter 48: obj=2588537.376530, maxRC=141.231048, +1 cols
    [CG]   [DIAG] iter=48 posCols=1 newCols=1 effImprove=1 updated=0
    [CG] CG iter 49: obj=2588537.376530, maxRC=174.156325, +1 cols
    [CG]   [DIAG] iter=49 posCols=1 newCols=1 effImprove=1 updated=0
    [CG] 列生成收敛，共 50 轮迭代
    [CG] [CG-NODE] depth=0 exit=CERTIFIED certified=1 feasible=1 iters=50 generatedColsBeforeNode=0 newCols=468 posCandidates=468 duplicateCandidates=0 updatedCols=0 zeroObjImproveIters=24 objFirst=820851.167196 objLast=2588537.376530 objGain=1767686.209335 maxRC=1913098.184464 wallSec=0.565892 pricingSec=0.536256 cplexSolveSec=0.022713
      [BB] 根节点即为整数解，obj=2588537.376530
