    [CG] 列生成开始，初始列数=310
    [CG] CG iter 1: obj=834411.024097, maxRC=1254924.528266, +30 cols
    [CG]   [DIAG] iter=1 posCols=30 newCols=30 effImprove=30 updated=0
    [CG] CG iter 2: obj=1609705.486883, maxRC=246388.410656, +26 cols
    [CG]   [DIAG] iter=2 posCols=26 newCols=26 effImprove=26 updated=0
    [CG] CG iter 3: obj=1732523.698154, maxRC=360614.206121, +27 cols
    [CG]   [DIAG] iter=3 posCols=27 newCols=27 effImprove=27 updated=0
    [CG] CG iter 4: obj=1795973.878023, maxRC=289459.200053, +23 cols
    [CG]   [DIAG] iter=4 posCols=23 newCols=23 effImprove=23 updated=0
    [CG] CG iter 5: obj=1819127.363693, maxRC=200031.162040, +22 cols
    [CG]   [DIAG] iter=5 posCols=22 newCols=21 effImprove=22 updated=1
    [CG] CG iter 6: obj=1870135.382991, maxRC=178512.121237, +18 cols
    [CG]   [DIAG] iter=6 posCols=18 newCols=18 effImprove=18 updated=0
    [CG] CG iter 7: obj=1910013.966352, maxRC=112158.640392, +18 cols
    [CG]   [DIAG] iter=7 posCols=18 newCols=18 effImprove=18 updated=0
    [CG] CG iter 8: obj=1961131.865783, maxRC=98184.434036, +13 cols
    [CG]   [DIAG] iter=8 posCols=13 newCols=13 effImprove=13 updated=0
    [CG] CG iter 9: obj=1976131.964811, maxRC=84218.131414, +16 cols
    [CG]   [DIAG] iter=9 posCols=16 newCols=16 effImprove=16 updated=0
    [CG] CG iter 10: obj=1991377.452570, maxRC=30696.301177, +12 cols
    [CG]   [DIAG] iter=10 posCols=12 newCols=12 effImprove=12 updated=0
    [CG] CG iter 11: obj=1999336.417818, maxRC=44950.209703, +14 cols
    [CG]   [DIAG] iter=11 posCols=14 newCols=14 effImprove=14 updated=0
    [CG] CG iter 12: obj=2022419.294210, maxRC=34586.416098, +12 cols
    [CG]   [DIAG] iter=12 posCols=12 newCols=12 effImprove=12 updated=0
    [CG] CG iter 13: obj=2034493.335121, maxRC=25866.046761, +10 cols
    [CG]   [DIAG] iter=13 posCols=10 newCols=10 effImprove=10 updated=0
    [CG] CG iter 14: obj=2035325.378842, maxRC=14869.523603, +10 cols
    [CG]   [DIAG] iter=14 posCols=10 newCols=10 effImprove=10 updated=0
    [CG] CG iter 15: obj=2036851.233476, maxRC=12902.813026, +9 cols
    [CG]   [DIAG] iter=15 posCols=9 newCols=9 effImprove=9 updated=0
    [CG] CG iter 16: obj=2036978.368198, maxRC=10196.825413, +6 cols
    [CG]   [DIAG] iter=16 posCols=6 newCols=6 effImprove=6 updated=0
    [CG] CG iter 17: obj=2040377.310002, maxRC=4872.973913, +6 cols
    [CG]   [DIAG] iter=17 posCols=6 newCols=5 effImprove=6 updated=1
    [CG] CG iter 18: obj=2045137.457544, maxRC=3137.763987, +4 cols
    [CG]   [DIAG] iter=18 posCols=4 newCols=3 effImprove=4 updated=1
    [CG] CG iter 19: obj=2045137.457544, maxRC=1581.718634, +3 cols
    [CG]   [DIAG] iter=19 posCols=3 newCols=3 effImprove=3 updated=0
    [CG] 列生成收敛，共 20 轮迭代
    [CG] [CG-NODE] depth=0 exit=CERTIFIED certified=1 feasible=1 iters=20 generatedColsBeforeNode=0 newCols=276 posCandidates=279 duplicateCandidates=3 updatedCols=3 zeroObjImproveIters=2 objFirst=834411.024097 objLast=2045137.457544 objGain=1210726.433448 maxRC=1254924.528266 wallSec=0.195427 pricingSec=0.181186 cplexSolveSec=0.008984
      [BB] 根节点即为整数解，obj=2045137.457544
