    [CG] 列生成开始，初始列数=310
    [CG] CG iter 1: obj=917936.067148, maxRC=1098627.129888, +30 cols
    [CG]   [DIAG] iter=1 posCols=30 newCols=30 effImprove=30 updated=0
    [CG] CG iter 2: obj=1571016.489183, maxRC=571831.316176, +29 cols
    [CG]   [DIAG] iter=2 posCols=29 newCols=29 effImprove=29 updated=0
    [CG] CG iter 3: obj=1886078.217539, maxRC=386278.151862, +30 cols
    [CG]   [DIAG] iter=3 posCols=30 newCols=30 effImprove=30 updated=0
    [CG] CG iter 4: obj=1922148.502738, maxRC=474938.526947, +30 cols
    [CG]   [DIAG] iter=4 posCols=30 newCols=30 effImprove=30 updated=0
    [CG] CG iter 5: obj=1979049.828607, maxRC=261184.535410, +27 cols
    [CG]   [DIAG] iter=5 posCols=27 newCols=27 effImprove=27 updated=0
    [CG] CG iter 6: obj=2088255.779498, maxRC=250861.001383, +24 cols
    [CG]   [DIAG] iter=6 posCols=24 newCols=23 effImprove=24 updated=1
    [CG] CG iter 7: obj=2090072.288380, maxRC=137679.159356, +23 cols
    [CG]   [DIAG] iter=7 posCols=23 newCols=23 effImprove=23 updated=0
    [CG] CG iter 8: obj=2139855.721910, maxRC=167364.879396, +21 cols
    [CG]   [DIAG] iter=8 posCols=21 newCols=21 effImprove=21 updated=0
    [CG] CG iter 9: obj=2150560.880689, maxRC=151167.306918, +20 cols
    [CG]   [DIAG] iter=9 posCols=20 newCols=20 effImprove=20 updated=0
    [CG] CG iter 10: obj=2203727.985205, maxRC=106424.520266, +16 cols
    [CG]   [DIAG] iter=10 posCols=16 newCols=16 effImprove=16 updated=0
    [CG] CG iter 11: obj=2249594.303262, maxRC=72746.597222, +18 cols
    [CG]   [DIAG] iter=11 posCols=18 newCols=17 effImprove=18 updated=1
    [CG] CG iter 12: obj=2258464.876738, maxRC=59072.291360, +12 cols
    [CG]   [DIAG] iter=12 posCols=12 newCols=12 effImprove=12 updated=0
    [CG] CG iter 13: obj=2291703.292499, maxRC=74942.614352, +21 cols
    [CG]   [DIAG] iter=13 posCols=21 newCols=21 effImprove=21 updated=0
    [CG] CG iter 14: obj=2306962.430012, maxRC=50621.007158, +12 cols
    [CG]   [DIAG] iter=14 posCols=12 newCols=12 effImprove=12 updated=0
    [CG] CG iter 15: obj=2322645.513779, maxRC=23497.220536, +12 cols
    [CG]   [DIAG] iter=15 posCols=12 newCols=12 effImprove=12 updated=0
    [CG] CG iter 16: obj=2334499.619887, maxRC=12801.964938, +7 cols
    [CG]   [DIAG] iter=16 posCols=7 newCols=7 effImprove=7 updated=0
    [CG] CG iter 17: obj=2334499.619887, maxRC=10994.435046, +5 cols
    [CG]   [DIAG] iter=17 posCols=5 newCols=5 effImprove=5 updated=0
    [CG] CG iter 18: obj=2334499.619887, maxRC=22813.407517, +9 cols
    [CG]   [DIAG] iter=18 posCols=9 newCols=9 effImprove=9 updated=0
    [CG] CG iter 19: obj=2334499.619887, maxRC=14339.130456, +3 cols
    [CG]   [DIAG] iter=19 posCols=3 newCols=2 effImprove=3 updated=1
    [CG] CG iter 20: obj=2348838.750343, maxRC=2084.436501, +4 cols
    [CG]   [DIAG] iter=20 posCols=4 newCols=4 effImprove=4 updated=0
    [CG] CG iter 21: obj=2348838.750343, maxRC=956.205696, +2 cols
    [CG]   [DIAG] iter=21 posCols=2 newCols=2 effImprove=2 updated=0
    [CG] 列生成收敛，共 22 轮迭代
    [CG] [CG-NODE] depth=0 exit=CERTIFIED certified=1 feasible=1 iters=22 generatedColsBeforeNode=0 newCols=352 posCandidates=355 duplicateCandidates=3 updatedCols=3 zeroObjImproveIters=5 objFirst=917936.067148 objLast=2348838.750343 objGain=1430902.683195 maxRC=1098627.129888 wallSec=0.228614 pricingSec=0.213216 cplexSolveSec=0.009950
      [BB] 根节点即为整数解，obj=2348838.750343
