    [CG] 列生成开始，初始列数=310
    [CG] CG iter 1: obj=921092.156651, maxRC=1184883.972131, +30 cols
    [CG]   [DIAG] iter=1 posCols=30 newCols=30 effImprove=30 updated=0
    [CG] CG iter 2: obj=1567663.700838, maxRC=434329.732046, +30 cols
    [CG]   [DIAG] iter=2 posCols=30 newCols=30 effImprove=30 updated=0
    [CG] CG iter 3: obj=2010134.729798, maxRC=257282.481146, +29 cols
    [CG]   [DIAG] iter=3 posCols=29 newCols=28 effImprove=29 updated=1
    [CG] CG iter 4: obj=2010134.729798, maxRC=349528.070109, +30 cols
    [CG]   [DIAG] iter=4 posCols=30 newCols=30 effImprove=30 updated=0
    [CG] CG iter 5: obj=2062518.400729, maxRC=266502.641150, +29 cols
    [CG]   [DIAG] iter=5 posCols=29 newCols=29 effImprove=29 updated=0
    [CG] CG iter 6: obj=2115818.317929, maxRC=171705.895889, +23 cols
    [CG]   [DIAG] iter=6 posCols=23 newCols=23 effImprove=23 updated=0
    [CG] CG iter 7: obj=2253680.423095, maxRC=157145.398442, +19 cols
    [CG]   [DIAG] iter=7 posCols=19 newCols=19 effImprove=19 updated=0
    [CG] CG iter 8: obj=2265798.028107, maxRC=118199.782344, +13 cols
    [CG]   [DIAG] iter=8 posCols=13 newCols=13 effImprove=13 updated=0
    [CG] CG iter 9: obj=2290349.104637, maxRC=159767.532473, +12 cols
    [CG]   [DIAG] iter=9 posCols=12 newCols=12 effImprove=12 updated=0
    [CG] CG iter 10: obj=2298467.787830, maxRC=79133.469704, +7 cols
    [CG]   [DIAG] iter=10 posCols=7 newCols=7 effImprove=7 updated=0
    [CG] CG iter 11: obj=2298467.787830, maxRC=38003.293234, +13 cols
    [CG]   [DIAG] iter=11 posCols=13 newCols=13 effImprove=13 updated=0
    [CG] CG iter 12: obj=2298467.787830, maxRC=25106.137145, +7 cols
    [CG]   [DIAG] iter=12 posCols=7 newCols=6 effImprove=7 updated=1
    [CG] CG iter 13: obj=2319183.990612, maxRC=34738.881603, +6 cols
    [CG]   [DIAG] iter=13 posCols=6 newCols=6 effImprove=6 updated=0
    [CG] CG iter 14: obj=2329831.866165, maxRC=9038.108257, +3 cols
    [CG]   [DIAG] iter=14 posCols=3 newCols=3 effImprove=3 updated=0
    [CG] CG iter 15: obj=2338869.974421, maxRC=2613.367962, +2 cols
    [CG]   [DIAG] iter=15 posCols=2 newCols=2 effImprove=2 updated=0
    [CG] 列生成收敛，共 16 轮迭代
    [CG] [CG-NODE] depth=0 exit=CERTIFIED certified=1 feasible=1 iters=16 generatedColsBeforeNode=0 newCols=251 posCandidates=253 duplicateCandidates=2 updatedCols=2 zeroObjImproveIters=4 objFirst=921092.156651 objLast=2338869.974421 objGain=1417777.817770 maxRC=1184883.972131 wallSec=0.186898 pricingSec=0.175108 cplexSolveSec=0.007207
      [BB] 根节点即为整数解，obj=2338869.974421
