    [CG] 列生成开始，初始列数=310
    [CG] CG iter 1: obj=903119.274884, maxRC=1191463.953075, +30 cols
    [CG]   [DIAG] iter=1 posCols=30 newCols=30 effImprove=30 updated=0
    [CG] CG iter 2: obj=1560522.547965, maxRC=413441.274560, +30 cols
    [CG]   [DIAG] iter=2 posCols=30 newCols=30 effImprove=30 updated=0
    [CG] CG iter 3: obj=1890310.321781, maxRC=462697.699688, +30 cols
    [CG]   [DIAG] iter=3 posCols=30 newCols=30 effImprove=30 updated=0
    [CG] CG iter 4: obj=1993781.667805, maxRC=212045.645692, +29 cols
    [CG]   [DIAG] iter=4 posCols=29 newCols=29 effImprove=29 updated=0
    [CG] CG iter 5: obj=2010547.578816, maxRC=198123.811431, +28 cols
    [CG]   [DIAG] iter=5 posCols=28 newCols=28 effImprove=28 updated=0
    [CG] CG iter 6: obj=2106997.069185, maxRC=143788.913783, +22 cols
    [CG]   [DIAG] iter=6 posCols=22 newCols=22 effImprove=22 updated=0
    [CG] CG iter 7: obj=2191419.565078, maxRC=204382.351604, +19 cols
    [CG]   [DIAG] iter=7 posCols=19 newCols=19 effImprove=19 updated=0
    [CG] CG iter 8: obj=2250087.220513, maxRC=129068.546007, +16 cols
    [CG]   [DIAG] iter=8 posCols=16 newCols=16 effImprove=16 updated=0
    [CG] CG iter 9: obj=2272038.965076, maxRC=110087.981714, +15 cols
    [CG]   [DIAG] iter=9 posCols=15 newCols=15 effImprove=15 updated=0
    [CG] CG iter 10: obj=2275203.659856, maxRC=87816.885267, +15 cols
    [CG]   [DIAG] iter=10 posCols=15 newCols=15 effImprove=15 updated=0
    [CG] CG iter 11: obj=2289128.354879, maxRC=51843.189892, +12 cols
    [CG]   [DIAG] iter=11 posCols=12 newCols=12 effImprove=12 updated=0
    [CG] CG iter 12: obj=2300892.100794, maxRC=55826.575205, +11 cols
    [CG]   [DIAG] iter=12 posCols=11 newCols=10 effImprove=11 updated=1
    [CG] CG iter 13: obj=2314150.515782, maxRC=23440.336323, +10 cols
    [CG]   [DIAG] iter=13 posCols=10 newCols=9 effImprove=10 updated=1
    [CG] CG iter 14: obj=2329839.920621, maxRC=27729.216142, +9 cols
    [CG]   [DIAG] iter=14 posCols=9 newCols=9 effImprove=9 updated=0
    [CG] CG iter 15: obj=2329839.920621, maxRC=12557.567627, +6 cols
    [CG]   [DIAG] iter=15 posCols=6 newCols=6 effImprove=6 updated=0
    [CG] CG iter 16: obj=2334025.776497, maxRC=14855.181077, +6 cols
    [CG]   [DIAG] iter=16 posCols=6 newCols=6 effImprove=6 updated=0
    [CG] CG iter 17: obj=2334025.776497, maxRC=5931.540961, +2 cols
    [CG]   [DIAG] iter=17 posCols=2 newCols=1 effImprove=2 updated=1
    [CG] 列生成收敛，共 18 轮迭代
    [CG] [CG-NODE] depth=0 exit=CERTIFIED certified=1 feasible=1 iters=18 generatedColsBeforeNode=0 newCols=287 posCandidates=290 duplicateCandidates=3 updatedCols=3 zeroObjImproveIters=2 objFirst=903119.274884 objLast=2339957.317458 objGain=1436838.042574 maxRC=1191463.953075 wallSec=0.196589 pricingSec=0.183285 cplexSolveSec=0.008381
      [BB] 根节点即为整数解，obj=2339957.317458
