    [CG] 列生成开始，初始列数=310
    [CG] CG iter 1: obj=893420.011478, maxRC=1185625.804882, +30 cols
    [CG]   [DIAG] iter=1 posCols=30 newCols=30 effImprove=30 updated=0
    [CG] CG iter 2: obj=1547997.695119, maxRC=465959.745033, +29 cols
    [CG]   [DIAG] iter=2 posCols=29 newCols=29 effImprove=29 updated=0
    [CG] CG iter 3: obj=1878406.517611, maxRC=672448.151376, +30 cols
    [CG]   [DIAG] iter=3 posCols=30 newCols=30 effImprove=30 updated=0
    [CG] CG iter 4: obj=1940292.011772, maxRC=417587.221611, +30 cols
    [CG]   [DIAG] iter=4 posCols=30 newCols=30 effImprove=30 updated=0
    [CG] CG iter 5: obj=2027421.591174, maxRC=320641.236371, +27 cols
    [CG]   [DIAG] iter=5 posCols=27 newCols=27 effImprove=27 updated=0
    [CG] CG iter 6: obj=2070918.833407, maxRC=277566.462227, +29 cols
    [CG]   [DIAG] iter=6 posCols=29 newCols=29 effImprove=29 updated=0
    [CG] CG iter 7: obj=2103644.147127, maxRC=182600.529137, +22 cols
    [CG]   [DIAG] iter=7 posCols=22 newCols=22 effImprove=22 updated=0
    [CG] CG iter 8: obj=2139941.978569, maxRC=221065.609590, +18 cols
    [CG]   [DIAG] iter=8 posCols=18 newCols=18 effImprove=18 updated=0
    [CG] CG iter 9: obj=2148232.682865, maxRC=169881.832997, +17 cols
    [CG]   [DIAG] iter=9 posCols=17 newCols=15 effImprove=17 updated=2
    [CG] CG iter 10: obj=2255355.253425, maxRC=159319.273334, +19 cols
    [CG]   [DIAG] iter=10 posCols=19 newCols=19 effImprove=19 updated=0
    [CG] CG iter 11: obj=2280575.441265, maxRC=130689.843005, +20 cols
    [CG]   [DIAG] iter=11 posCols=20 newCols=20 effImprove=20 updated=0
    [CG] CG iter 12: obj=2286423.423470, maxRC=57853.545809, +10 cols
    [CG]   [DIAG] iter=12 posCols=10 newCols=9 effImprove=10 updated=1
    [CG] CG iter 13: obj=2305707.938740, maxRC=59371.492758, +11 cols
    [CG]   [DIAG] iter=13 posCols=11 newCols=11 effImprove=11 updated=0
    [CG] CG iter 14: obj=2322412.586849, maxRC=35582.862510, +9 cols
    [CG]   [DIAG] iter=14 posCols=9 newCols=9 effImprove=9 updated=0
    [CG] CG iter 15: obj=2322412.586849, maxRC=24552.220638, +10 cols
    [CG]   [DIAG] iter=15 posCols=10 newCols=10 effImprove=10 updated=0
    [CG] CG iter 16: obj=2322412.586849, maxRC=28985.677400, +9 cols
    [CG]   [DIAG] iter=16 posCols=9 newCols=9 effImprove=9 updated=0
    [CG] CG iter 17: obj=2322412.586849, maxRC=21583.785140, +5 cols
    [CG]   [DIAG] iter=17 posCols=5 newCols=5 effImprove=5 updated=0
    [CG] CG iter 18: obj=2329607.181896, maxRC=19191.646678, +4 cols
    [CG]   [DIAG] iter=18 posCols=4 newCols=4 effImprove=4 updated=0
    [CG] CG iter 19: obj=2329607.181896, maxRC=12848.572353, +6 cols
    [CG]   [DIAG] iter=19 posCols=6 newCols=6 effImprove=6 updated=0
    [CG] CG iter 20: obj=2329607.181896, maxRC=8528.551575, +2 cols
    [CG]   [DIAG] iter=20 posCols=2 newCols=2 effImprove=2 updated=0
    [CG] CG iter 21: obj=2338135.733470, maxRC=5887.496475, +1 cols
    [CG]   [DIAG] iter=21 posCols=1 newCols=1 effImprove=1 updated=0
    [CG] 列生成收敛，共 22 轮迭代
    [CG] [CG-NODE] depth=0 exit=CERTIFIED certified=1 feasible=1 iters=22 generatedColsBeforeNode=0 newCols=335 posCandidates=338 duplicateCandidates=3 updatedCols=3 zeroObjImproveIters=6 objFirst=893420.011478 objLast=2338135.733470 objGain=1444715.721992 maxRC=1185625.804882 wallSec=0.262397 pricingSec=0.228581 cplexSolveSec=0.009463
      [BB] 根节点即为整数解，obj=2338135.733470
