    [CG] 列生成开始，初始列数=310
    [CG] CG iter 1: obj=825101.110302, maxRC=1355248.172292, +30 cols
    [CG]   [DIAG] iter=1 posCols=30 newCols=30 effImprove=30 updated=0
    [CG] CG iter 2: obj=1646686.082398, maxRC=270665.578697, +25 cols
    [CG]   [DIAG] iter=2 posCols=25 newCols=25 effImprove=25 updated=0
    [CG] CG iter 3: obj=1940110.386593, maxRC=332499.614614, +30 cols
    [CG]   [DIAG] iter=3 posCols=30 newCols=30 effImprove=30 updated=0
    [CG] CG iter 4: obj=2017235.664834, maxRC=223650.698942, +25 cols
    [CG]   [DIAG] iter=4 posCols=25 newCols=25 effImprove=25 updated=0
    [CG] CG iter 5: obj=2026739.700605, maxRC=174327.719815, +20 cols
    [CG]   [DIAG] iter=5 posCols=20 newCols=20 effImprove=20 updated=0
    [CG] CG iter 6: obj=2038225.107438, maxRC=140225.392515, +20 cols
    [CG]   [DIAG] iter=6 posCols=20 newCols=20 effImprove=20 updated=0
    [CG] CG iter 7: obj=2117389.038134, maxRC=133331.009964, +22 cols
    [CG]   [DIAG] iter=7 posCols=22 newCols=22 effImprove=22 updated=0
    [CG] CG iter 8: obj=2135809.040673, maxRC=113689.675918, +18 cols
    [CG]   [DIAG] iter=8 posCols=18 newCols=18 effImprove=18 updated=0
    [CG] CG iter 9: obj=2169283.726018, maxRC=77030.557224, +14 cols
    [CG]   [DIAG] iter=9 posCols=14 newCols=13 effImprove=14 updated=1
    [CG] CG iter 10: obj=2193853.560221, maxRC=93639.157080, +11 cols
    [CG]   [DIAG] iter=10 posCols=11 newCols=11 effImprove=11 updated=0
    [CG] CG iter 11: obj=2196902.466909, maxRC=49355.937852, +13 cols
    [CG]   [DIAG] iter=11 posCols=13 newCols=12 effImprove=13 updated=1
    [CG] CG iter 12: obj=2214280.924832, maxRC=53252.445257, +11 cols
    [CG]   [DIAG] iter=12 posCols=11 newCols=11 effImprove=11 updated=0
    [CG] CG iter 13: obj=2219443.452613, maxRC=26750.349421, +6 cols
    [CG]   [DIAG] iter=13 posCols=6 newCols=6 effImprove=6 updated=0
    [CG] CG iter 14: obj=2219443.452613, maxRC=36123.219743, +8 cols
    [CG]   [DIAG] iter=14 posCols=8 newCols=8 effImprove=8 updated=0
    [CG] CG iter 15: obj=2222531.663866, maxRC=26426.602588, +8 cols
    [CG]   [DIAG] iter=15 posCols=8 newCols=7 effImprove=8 updated=1
    [CG] CG iter 16: obj=2223497.151316, maxRC=18294.671357, +7 cols
    [CG]   [DIAG] iter=16 posCols=7 newCols=7 effImprove=7 updated=0
    [CG] CG iter 17: obj=2225965.366882, maxRC=7901.545690, +4 cols
    [CG]   [DIAG] iter=17 posCols=4 newCols=3 effImprove=4 updated=1
    [CG] CG iter 18: obj=2235308.836672, maxRC=5275.292085, +1 cols
    [CG]   [DIAG] iter=18 posCols=1 newCols=0 effImprove=1 updated=1
    [CG] CG iter 19: obj=2235308.836672, maxRC=4756.782181, +1 cols
    [CG]   [DIAG] iter=19 posCols=1 newCols=1 effImprove=1 updated=0
    [CG] CG iter 20: obj=2235761.580370, maxRC=611.473784, +2 cols
    [CG]   [DIAG] iter=20 posCols=2 newCols=2 effImprove=2 updated=0
    [CG] 列生成收敛，共 21 轮迭代
    [CG] [CG-NODE] depth=0 exit=CERTIFIED certified=1 feasible=1 iters=21 generatedColsBeforeNode=0 newCols=271 posCandidates=276 duplicateCandidates=5 updatedCols=5 zeroObjImproveIters=3 objFirst=825101.110302 objLast=2235761.580370 objGain=1410660.470068 maxRC=1355248.172292 wallSec=0.242946 pricingSec=0.229039 cplexSolveSec=0.008890
      [BB] 分支定界开始，根节点LP obj=2235761.580370，最大节点数=10000
      [BB] 根节点启发式下界 LB=2014672.499051（上界=2235761.580370）
    [CG] [BB-DIAG] 分支 x_{dc=0,retailer=16}, 节点数=1
    [CG] 列生成开始，初始列数=557
    [CG] CG iter 22: obj=2234035.280509, maxRC=131344.607214, +24 cols
    [CG]   [DIAG] iter=22 posCols=24 newCols=24 effImprove=24 updated=0
    [CG] CG iter 23: obj=2234035.280509, maxRC=53221.620935, +16 cols
    [CG]   [DIAG] iter=23 posCols=16 newCols=16 effImprove=16 updated=0
    [CG] CG iter 24: obj=2234035.280509, maxRC=20525.991934, +10 cols
    [CG]   [DIAG] iter=24 posCols=10 newCols=10 effImprove=10 updated=0
    [CG] CG iter 25: obj=2234035.280509, maxRC=11530.095450, +5 cols
    [CG]   [DIAG] iter=25 posCols=5 newCols=5 effImprove=5 updated=0
    [CG] CG iter 26: obj=2234446.105212, maxRC=5350.865974, +2 cols
    [CG]   [DIAG] iter=26 posCols=2 newCols=2 effImprove=2 updated=0
    [CG] 列生成收敛，共 27 轮迭代
    [CG] [CG-NODE] depth=1 exit=CERTIFIED certified=1 feasible=1 iters=6 generatedColsBeforeNode=271 newCols=57 posCandidates=57 duplicateCandidates=0 updatedCols=0 zeroObjImproveIters=4 objFirst=2234035.280509 objLast=2234446.105212 objGain=410.824703 maxRC=131344.607214 wallSec=0.052985 pricingSec=0.048519 cplexSolveSec=0.002963
    [CG] 列生成开始，初始列数=524
    [CG] CG iter 28: obj=2235308.836672, maxRC=76850.919685, +23 cols
    [CG]   [DIAG] iter=28 posCols=23 newCols=23 effImprove=23 updated=0
    [CG] CG iter 29: obj=2235308.836672, maxRC=21693.751739, +10 cols
    [CG]   [DIAG] iter=29 posCols=10 newCols=10 effImprove=10 updated=0
    [CG] CG iter 30: obj=2235308.836672, maxRC=5737.189543, +2 cols
    [CG]   [DIAG] iter=30 posCols=2 newCols=2 effImprove=2 updated=0
    [CG] CG iter 31: obj=2235308.836672, maxRC=1170.015846, +2 cols
    [CG]   [DIAG] iter=31 posCols=2 newCols=2 effImprove=2 updated=0
    [CG] CG iter 32: obj=2235308.836672, maxRC=709.435206, +1 cols
    [CG]   [DIAG] iter=32 posCols=1 newCols=1 effImprove=1 updated=0
    [CG] 列生成收敛，共 33 轮迭代
    [CG] [CG-NODE] depth=1 exit=CERTIFIED certified=1 feasible=1 iters=6 generatedColsBeforeNode=328 newCols=38 posCandidates=38 duplicateCandidates=0 updatedCols=0 zeroObjImproveIters=5 objFirst=2235308.836672 objLast=2235308.836672 objGain=0.000000 maxRC=76850.919685 wallSec=0.053198 pricingSec=0.048264 cplexSolveSec=0.003267
    [CG] [BB-INCUMBENT] selection=2 node=1 previous=2014672.499051 value=2235308.836672 active=1
    [CG] [BB-NODESEL] strategy=hybrid choice=dfs eligibleCount=1 active=1 gap=0.000000
      [BB] 分支定界结束：处理 3 节点，剪枝 1，剩余活跃 0，整数解 2，状态=OPTIMAL，最好可行 obj=2235308.836672，gap=0.000000
