    [CG] 列生成开始，初始列数=310
    [CG] CG iter 1: obj=939813.262182, maxRC=1183622.715522, +30 cols
    [CG]   [DIAG] iter=1 posCols=30 newCols=30 effImprove=30 updated=0
    [CG] CG iter 2: obj=1573317.523959, maxRC=434273.440646, +29 cols
    [CG]   [DIAG] iter=2 posCols=29 newCols=29 effImprove=29 updated=0
    [CG] CG iter 3: obj=1920387.360841, maxRC=490415.858314, +30 cols
    [CG]   [DIAG] iter=3 posCols=30 newCols=30 effImprove=30 updated=0
    [CG] CG iter 4: obj=2015648.499119, maxRC=279442.441859, +29 cols
    [CG]   [DIAG] iter=4 posCols=29 newCols=29 effImprove=29 updated=0
    [CG] CG iter 5: obj=2030385.430515, maxRC=259531.204411, +26 cols
    [CG]   [DIAG] iter=5 posCols=26 newCols=26 effImprove=26 updated=0
    [CG] CG iter 6: obj=2088821.469885, maxRC=191628.000811, +27 cols
    [CG]   [DIAG] iter=6 posCols=27 newCols=26 effImprove=27 updated=1
    [CG] CG iter 7: obj=2136095.924991, maxRC=153045.571531, +25 cols
    [CG]   [DIAG] iter=7 posCols=25 newCols=25 effImprove=25 updated=0
    [CG] CG iter 8: obj=2256949.129049, maxRC=213027.202154, +22 cols
    [CG]   [DIAG] iter=8 posCols=22 newCols=22 effImprove=22 updated=0
    [CG] CG iter 9: obj=2267312.616571, maxRC=97129.290962, +16 cols
    [CG]   [DIAG] iter=9 posCols=16 newCols=16 effImprove=16 updated=0
    [CG] CG iter 10: obj=2316420.660845, maxRC=123941.941050, +18 cols
    [CG]   [DIAG] iter=10 posCols=18 newCols=18 effImprove=18 updated=0
    [CG] CG iter 11: obj=2317882.601212, maxRC=48642.896081, +13 cols
    [CG]   [DIAG] iter=11 posCols=13 newCols=13 effImprove=13 updated=0
    [CG] CG iter 12: obj=2327021.653989, maxRC=74330.870974, +16 cols
    [CG]   [DIAG] iter=12 posCols=16 newCols=15 effImprove=16 updated=1
    [CG] CG iter 13: obj=2327021.653989, maxRC=41875.202746, +9 cols
    [CG]   [DIAG] iter=13 posCols=9 newCols=9 effImprove=9 updated=0
    [CG] CG iter 14: obj=2333163.065264, maxRC=29691.726827, +8 cols
    [CG]   [DIAG] iter=14 posCols=8 newCols=8 effImprove=8 updated=0
    [CG] CG iter 15: obj=2362854.792090, maxRC=18896.987237, +5 cols
    [CG]   [DIAG] iter=15 posCols=5 newCols=5 effImprove=5 updated=0
    [CG] CG iter 16: obj=2362854.792090, maxRC=9778.811667, +3 cols
    [CG]   [DIAG] iter=16 posCols=3 newCols=3 effImprove=3 updated=0
    [CG] CG iter 17: obj=2362854.792090, maxRC=3141.550958, +2 cols
    [CG]   [DIAG] iter=17 posCols=2 newCols=2 effImprove=2 updated=0
    [CG] CG iter 18: obj=2362854.792090, maxRC=183.194517, +1 cols
    [CG]   [DIAG] iter=18 posCols=1 newCols=0 effImprove=1 updated=1
    [CG] 列生成收敛，共 19 轮迭代
    [CG] [CG-NODE] depth=0 exit=CERTIFIED certified=1 feasible=1 iters=19 generatedColsBeforeNode=0 newCols=306 posCandidates=309 duplicateCandidates=3 updatedCols=3 zeroObjImproveIters=5 objFirst=939813.262182 objLast=2362854.792090 objGain=1423041.529909 maxRC=1183622.715522 wallSec=0.190678 pricingSec=0.179423 cplexSolveSec=0.007650
      [BB] 根节点即为整数解，obj=2362854.792090
