    [CG] 列生成开始，初始列数=310
    [CG] CG iter 1: obj=739424.066794, maxRC=758782.198036, +30 cols
    [CG]   [DIAG] iter=1 posCols=30 newCols=30 effImprove=30 updated=0
    [CG] CG iter 2: obj=1109325.306466, maxRC=283469.818298, +23 cols
    [CG]   [DIAG] iter=2 posCols=23 newCols=23 effImprove=23 updated=0
    [CG] CG iter 3: obj=1374892.985335, maxRC=264389.391239, +20 cols
    [CG]   [DIAG] iter=3 posCols=20 newCols=20 effImprove=20 updated=0
    [CG] CG iter 4: obj=1425543.499016, maxRC=159142.358045, +18 cols
    [CG]   [DIAG] iter=4 posCols=18 newCols=18 effImprove=18 updated=0
    [CG] CG iter 5: obj=1450253.426400, maxRC=208042.360732, +16 cols
    [CG]   [DIAG] iter=5 posCols=16 newCols=16 effImprove=16 updated=0
    [CG] CG iter 6: obj=1486035.100697, maxRC=135727.384045, +13 cols
    [CG]   [DIAG] iter=6 posCols=13 newCols=12 effImprove=13 updated=1
    [CG] CG iter 7: obj=1521830.596713, maxRC=135123.875830, +14 cols
    [CG]   [DIAG] iter=7 posCols=14 newCols=13 effImprove=14 updated=1
    [CG] CG iter 8: obj=1529553.342805, maxRC=27398.839745, +11 cols
    [CG]   [DIAG] iter=8 posCols=11 newCols=11 effImprove=11 updated=0
    [CG] CG iter 9: obj=1549694.433165, maxRC=28269.921534, +11 cols
    [CG]   [DIAG] iter=9 posCols=11 newCols=11 effImprove=11 updated=0
    [CG] CG iter 10: obj=1557014.370345, maxRC=11789.986493, +6 cols
    [CG]   [DIAG] iter=10 posCols=6 newCols=6 effImprove=6 updated=0
    [CG] CG iter 11: obj=1562742.539418, maxRC=7530.860047, +6 cols
    [CG]   [DIAG] iter=11 posCols=6 newCols=6 effImprove=6 updated=0
    [CG] CG iter 12: obj=1565601.626212, maxRC=797.744585, +3 cols
    [CG]   [DIAG] iter=12 posCols=3 newCols=3 effImprove=3 updated=0
    [CG] CG iter 13: obj=1566002.636958, maxRC=26.904870, +1 cols
    [CG]   [DIAG] iter=13 posCols=1 newCols=1 effImprove=1 updated=0
    [CG] 列生成收敛，共 14 轮迭代
    [CG] [CG-NODE] depth=0 exit=CERTIFIED certified=1 feasible=1 iters=14 generatedColsBeforeNode=0 newCols=170 posCandidates=172 duplicateCandidates=2 updatedCols=2 zeroObjImproveIters=1 objFirst=739424.066794 objLast=1566002.636958 objGain=826578.570164 maxRC=758782.198036 wallSec=0.078796 pricingSec=0.069648 cplexSolveSec=0.005191
      [BB] 根节点即为整数解，obj=1566002.636958
