    [CG] 列生成开始，初始列数=310
    [CG] CG iter 1: obj=335219.642893, maxRC=831966.382573, +15 cols
    [CG]   [DIAG] iter=1 posCols=15 newCols=15 effImprove=15 updated=0
    [CG] CG iter 2: obj=1003886.168948, maxRC=516179.302297, +15 cols
    [CG]   [DIAG] iter=2 posCols=15 newCols=15 effImprove=15 updated=0
    [CG] CG iter 3: obj=1015434.911992, maxRC=468219.620905, +15 cols
    [CG]   [DIAG] iter=3 posCols=15 newCols=15 effImprove=15 updated=0
    [CG] CG iter 4: obj=1015434.911992, maxRC=419286.145341, +15 cols
    [CG]   [DIAG] iter=4 posCols=15 newCols=15 effImprove=15 updated=0
    [CG] CG iter 5: obj=1100989.506381, maxRC=314612.871013, +15 cols
    [CG]   [DIAG] iter=5 posCols=15 newCols=15 effImprove=15 updated=0
    [CG] CG iter 6: obj=1162835.808621, maxRC=260123.158137, +13 cols
    [CG]   [DIAG] iter=6 posCols=13 newCols=12 effImprove=13 updated=1
    [CG] CG iter 7: obj=1192104.652414, maxRC=80885.454492, +14 cols
    [CG]   [DIAG] iter=7 posCols=14 newCols=14 effImprove=14 updated=0
    [CG] CG iter 8: obj=1226742.887551, maxRC=60189.792638, +12 cols
    [CG]   [DIAG] iter=8 posCols=12 newCols=12 effImprove=12 updated=0
    [CG] CG iter 9: obj=1258789.416430, maxRC=44406.347106, +9 cols
    [CG]   [DIAG] iter=9 posCols=9 newCols=8 effImprove=9 updated=1
    [CG] CG iter 10: obj=1261306.399014, maxRC=17986.737547, +8 cols
    [CG]   [DIAG] iter=10 posCols=8 newCols=8 effImprove=8 updated=0
    [CG] CG iter 11: obj=1287077.066973, maxRC=12482.657370, +6 cols
    [CG]   [DIAG] iter=11 posCols=6 newCols=6 effImprove=6 updated=0
    [CG] CG iter 12: obj=1287077.066973, maxRC=2324.751125, +2 cols
    [CG]   [DIAG] iter=12 posCols=2 newCols=2 effImprove=2 updated=0
    [CG] CG iter 13: obj=1287077.066973, maxRC=5.346133, +1 cols
    [CG]   [DIAG] iter=13 posCols=1 newCols=1 effImprove=1 updated=0
    [CG] 列生成收敛，共 14 轮迭代
    [CG] [CG-NODE] depth=0 exit=CERTIFIED certified=1 feasible=1 iters=14 generatedColsBeforeNode=0 newCols=138 posCandidates=140 duplicateCandidates=2 updatedCols=2 zeroObjImproveIters=4 objFirst=335219.642893 objLast=1287077.066973 objGain=951857.424080 maxRC=831966.382573 wallSec=0.313263 pricingSec=0.305072 cplexSolveSec=0.004341
      [BB] 根节点即为整数解，obj=1287077.066973
