    [CG] 列生成开始，初始列数=310
    [CG] CG iter 1: obj=655497.606488, maxRC=818708.525559, +30 cols
    [CG]   [DIAG] iter=1 posCols=30 newCols=30 effImprove=30 updated=0
    [CG] CG iter 2: obj=1082215.469245, maxRC=292722.424534, +24 cols
    [CG]   [DIAG] iter=2 posCols=24 newCols=24 effImprove=24 updated=0
    [CG] CG iter 3: obj=1292535.443008, maxRC=369926.224546, +22 cols
    [CG]   [DIAG] iter=3 posCols=22 newCols=21 effImprove=22 updated=1
    [CG] CG iter 4: obj=1389865.837440, maxRC=225099.089095, +16 cols
    [CG]   [DIAG] iter=4 posCols=16 newCols=16 effImprove=16 updated=0
    [CG] CG iter 5: obj=1393055.487117, maxRC=143408.754956, +17 cols
    [CG]   [DIAG] iter=5 posCols=17 newCols=17 effImprove=17 updated=0
    [CG] CG iter 6: obj=1417047.168350, maxRC=207965.879190, +20 cols
    [CG]   [DIAG] iter=6 posCols=20 newCols=20 effImprove=20 updated=0
    [CG] CG iter 7: obj=1462214.338785, maxRC=163313.211744, +21 cols
    [CG]   [DIAG] iter=7 posCols=21 newCols=21 effImprove=21 updated=0
    [CG] CG iter 8: obj=1462214.338785, maxRC=34321.353130, +14 cols
    [CG]   [DIAG] iter=8 posCols=14 newCols=14 effImprove=14 updated=0
    [CG] CG iter 9: obj=1493467.282132, maxRC=20650.995341, +11 cols
    [CG]   [DIAG] iter=9 posCols=11 newCols=11 effImprove=11 updated=0
    [CG] CG iter 10: obj=1497714.942507, maxRC=41167.563523, +13 cols
    [CG]   [DIAG] iter=10 posCols=13 newCols=13 effImprove=13 updated=0
    [CG] CG iter 11: obj=1510756.062377, maxRC=14647.970652, +6 cols
    [CG]   [DIAG] iter=11 posCols=6 newCols=6 effImprove=6 updated=0
    [CG] CG iter 12: obj=1510756.062377, maxRC=17707.858072, +5 cols
    [CG]   [DIAG] iter=12 posCols=5 newCols=5 effImprove=5 updated=0
    [CG] CG iter 13: obj=1510756.062377, maxRC=5095.127493, +3 cols
    [CG]   [DIAG] iter=13 posCols=3 newCols=3 effImprove=3 updated=0
    [CG] CG iter 14: obj=1513217.470907, maxRC=275.102549, +1 cols
    [CG]   [DIAG] iter=14 posCols=1 newCols=1 effImprove=1 updated=0
    [CG] CG iter 15: obj=1513217.470907, maxRC=184.548970, +1 cols
    [CG]   [DIAG] iter=15 posCols=1 newCols=1 effImprove=1 updated=0
    [CG] 列生成收敛，共 16 轮迭代
    [CG] [CG-NODE] depth=0 exit=CERTIFIED certified=1 feasible=1 iters=16 generatedColsBeforeNode=0 newCols=203 posCandidates=204 duplicateCandidates=1 updatedCols=1 zeroObjImproveIters=5 objFirst=655497.606488 objLast=1513217.470907 objGain=857719.864419 maxRC=818708.525559 wallSec=0.098371 pricingSec=0.087866 cplexSolveSec=0.006318
      [BB] 根节点即为整数解，obj=1513217.470907
