    [CG] 列生成开始，初始列数=310
    [CG] CG iter 1: obj=743753.685568, maxRC=766426.314573, +30 cols
    [CG]   [DIAG] iter=1 posCols=30 newCols=30 effImprove=30 updated=0
    [CG] CG iter 2: obj=1096551.331688, maxRC=327553.658641, +23 cols
    [CG]   [DIAG] iter=2 posCols=23 newCols=23 effImprove=23 updated=0
    [CG] CG iter 3: obj=1360649.680577, maxRC=401374.865103, +22 cols
    [CG]   [DIAG] iter=3 posCols=22 newCols=22 effImprove=22 updated=0
    [CG] CG iter 4: obj=1383775.144234, maxRC=230352.850522, +22 cols
    [CG]   [DIAG] iter=4 posCols=22 newCols=22 effImprove=22 updated=0
    [CG] CG iter 5: obj=1428808.788674, maxRC=148963.564894, +18 cols
    [CG]   [DIAG] iter=5 posCols=18 newCols=18 effImprove=18 updated=0
    [CG] CG iter 6: obj=1496132.367084, maxRC=143268.111478, +17 cols
    [CG]   [DIAG] iter=6 posCols=17 newCols=17 effImprove=17 updated=0
    [CG] CG iter 7: obj=1511404.488312, maxRC=139593.785965, +15 cols
    [CG]   [DIAG] iter=7 posCols=15 newCols=15 effImprove=15 updated=0
    [CG] CG iter 8: obj=1532571.287848, maxRC=81749.140481, +16 cols
    [CG]   [DIAG] iter=8 posCols=16 newCols=16 effImprove=16 updated=0
    [CG] CG iter 9: obj=1556327.426783, maxRC=19268.620929, +15 cols
    [CG]   [DIAG] iter=9 posCols=15 newCols=14 effImprove=15 updated=1
    [CG] CG iter 10: obj=1572782.813882, maxRC=14913.410152, +11 cols
    [CG]   [DIAG] iter=10 posCols=11 newCols=11 effImprove=11 updated=0
    [CG] CG iter 11: obj=1581120.716023, maxRC=8488.718332, +4 cols
    [CG]   [DIAG] iter=11 posCols=4 newCols=4 effImprove=4 updated=0
    [CG] CG iter 12: obj=1581120.716023, maxRC=3461.532030, +4 cols
    [CG]   [DIAG] iter=12 posCols=4 newCols=4 effImprove=4 updated=0
    [CG] CG iter 13: obj=1581865.708736, maxRC=1816.877520, +4 cols
    [CG]   [DIAG] iter=13 posCols=4 newCols=4 effImprove=4 updated=0
    [CG] CG iter 14: obj=1581865.708736, maxRC=981.896876, +2 cols
    [CG]   [DIAG] iter=14 posCols=2 newCols=2 effImprove=2 updated=0
    [CG] CG iter 15: obj=1581865.708736, maxRC=1277.295303, +1 cols
    [CG]   [DIAG] iter=15 posCols=1 newCols=1 effImprove=1 updated=0
    [CG] 列生成收敛，共 16 轮迭代
    [CG] [CG-NODE] depth=0 exit=CERTIFIED certified=1 feasible=1 iters=16 generatedColsBeforeNode=0 newCols=203 posCandidates=204 duplicateCandidates=1 updatedCols=1 zeroObjImproveIters=4 objFirst=743753.685568 objLast=1581865.708736 objGain=838112.023168 maxRC=766426.314573 wallSec=0.077319 pricingSec=0.068708 cplexSolveSec=0.005421
      [BB] 根节点即为整数解，obj=1581865.708736
