    [CG] 列生成开始，初始列数=310
    [CG] CG iter 1: obj=740627.901930, maxRC=757710.946421, +30 cols
    [CG]   [DIAG] iter=1 posCols=30 newCols=30 effImprove=30 updated=0
    [CG] CG iter 2: obj=1109781.538087, maxRC=292290.756741, +24 cols
    [CG]   [DIAG] iter=2 posCols=24 newCols=24 effImprove=24 updated=0
    [CG] CG iter 3: obj=1376488.212348, maxRC=332629.542222, +22 cols
    [CG]   [DIAG] iter=3 posCols=22 newCols=22 effImprove=22 updated=0
    [CG] CG iter 4: obj=1424565.556703, maxRC=215871.031209, +16 cols
    [CG]   [DIAG] iter=4 posCols=16 newCols=16 effImprove=16 updated=0
    [CG] CG iter 5: obj=1424565.556703, maxRC=132301.080597, +17 cols
    [CG]   [DIAG] iter=5 posCols=17 newCols=16 effImprove=17 updated=1
    [CG] CG iter 6: obj=1517052.738625, maxRC=163602.930979, +15 cols
    [CG]   [DIAG] iter=6 posCols=15 newCols=15 effImprove=15 updated=0
    [CG] CG iter 7: obj=1517052.738625, maxRC=166827.725060, +16 cols
    [CG]   [DIAG] iter=7 posCols=16 newCols=16 effImprove=16 updated=0
    [CG] CG iter 8: obj=1527049.504878, maxRC=31729.981917, +12 cols
    [CG]   [DIAG] iter=8 posCols=12 newCols=12 effImprove=12 updated=0
    [CG] CG iter 9: obj=1555939.283857, maxRC=11717.305292, +10 cols
    [CG]   [DIAG] iter=9 posCols=10 newCols=10 effImprove=10 updated=0
    [CG] CG iter 10: obj=1567656.589148, maxRC=6806.867288, +7 cols
    [CG]   [DIAG] iter=10 posCols=7 newCols=7 effImprove=7 updated=0
    [CG] CG iter 11: obj=1568500.959062, maxRC=6120.361749, +4 cols
    [CG]   [DIAG] iter=11 posCols=4 newCols=4 effImprove=4 updated=0
    [CG] CG iter 12: obj=1568500.959062, maxRC=978.505974, +1 cols
    [CG]   [DIAG] iter=12 posCols=1 newCols=1 effImprove=1 updated=0
    [CG] CG iter 13: obj=1568500.959062, maxRC=340.293758, +1 cols
    [CG]   [DIAG] iter=13 posCols=1 newCols=1 effImprove=1 updated=0
    [CG] 列生成收敛，共 14 轮迭代
    [CG] [CG-NODE] depth=0 exit=CERTIFIED certified=1 feasible=1 iters=14 generatedColsBeforeNode=0 newCols=174 posCandidates=175 duplicateCandidates=1 updatedCols=1 zeroObjImproveIters=5 objFirst=740627.901930 objLast=1568500.959062 objGain=827873.057132 maxRC=757710.946421 wallSec=0.057662 pricingSec=0.050362 cplexSolveSec=0.004661
      [BB] 根节点即为整数解，obj=1568500.959062
