    [CG] 列生成开始，初始列数=310
    [CG] CG iter 1: obj=700765.679920, maxRC=759464.726709, +30 cols
    [CG]   [DIAG] iter=1 posCols=30 newCols=30 effImprove=30 updated=0
    [CG] CG iter 2: obj=1073330.585525, maxRC=278200.082492, +22 cols
    [CG]   [DIAG] iter=2 posCols=22 newCols=22 effImprove=22 updated=0
    [CG] CG iter 3: obj=1314967.488911, maxRC=297452.803115, +21 cols
    [CG]   [DIAG] iter=3 posCols=21 newCols=21 effImprove=21 updated=0
    [CG] CG iter 4: obj=1368386.341124, maxRC=133888.435915, +15 cols
    [CG]   [DIAG] iter=4 posCols=15 newCols=15 effImprove=15 updated=0
    [CG] CG iter 5: obj=1438861.535351, maxRC=172697.643185, +15 cols
    [CG]   [DIAG] iter=5 posCols=15 newCols=15 effImprove=15 updated=0
    [CG] CG iter 6: obj=1469558.138572, maxRC=136252.995063, +16 cols
    [CG]   [DIAG] iter=6 posCols=16 newCols=16 effImprove=16 updated=0
    [CG] CG iter 7: obj=1477652.087389, maxRC=160796.622807, +15 cols
    [CG]   [DIAG] iter=7 posCols=15 newCols=15 effImprove=15 updated=0
    [CG] CG iter 8: obj=1493476.260090, maxRC=19711.316207, +11 cols
    [CG]   [DIAG] iter=8 posCols=11 newCols=11 effImprove=11 updated=0
    [CG] CG iter 9: obj=1512544.754857, maxRC=35983.658974, +11 cols
    [CG]   [DIAG] iter=9 posCols=11 newCols=11 effImprove=11 updated=0
    [CG] CG iter 10: obj=1526430.531409, maxRC=8254.891384, +5 cols
    [CG]   [DIAG] iter=10 posCols=5 newCols=5 effImprove=5 updated=0
    [CG] CG iter 11: obj=1526430.531409, maxRC=6641.172910, +4 cols
    [CG]   [DIAG] iter=11 posCols=4 newCols=4 effImprove=4 updated=0
    [CG] CG iter 12: obj=1526430.531409, maxRC=1180.294286, +3 cols
    [CG]   [DIAG] iter=12 posCols=3 newCols=3 effImprove=3 updated=0
    [CG] 列生成收敛，共 13 轮迭代
    [CG] [CG-NODE] depth=0 exit=CERTIFIED certified=1 feasible=1 iters=13 generatedColsBeforeNode=0 newCols=168 posCandidates=168 duplicateCandidates=0 updatedCols=0 zeroObjImproveIters=2 objFirst=700765.679920 objLast=1527228.275994 objGain=826462.596075 maxRC=759464.726709 wallSec=0.060323 pricingSec=0.053651 cplexSolveSec=0.004165
      [BB] 根节点即为整数解，obj=1527228.275994
