    [CG] 列生成开始，初始列数=310
    [CG] CG iter 1: obj=1040583.550453, maxRC=1326573.892327, +30 cols
    [CG]   [DIAG] iter=1 posCols=30 newCols=30 effImprove=30 updated=0
    [CG] CG iter 2: obj=1680261.926374, maxRC=360897.197985, +30 cols
    [CG]   [DIAG] iter=2 posCols=30 newCols=30 effImprove=30 updated=0
    [CG] CG iter 3: obj=1870807.594292, maxRC=341340.245995, +30 cols
    [CG]   [DIAG] iter=3 posCols=30 newCols=30 effImprove=30 updated=0
    [CG] CG iter 4: obj=2053456.228096, maxRC=227432.089937, +30 cols
    [CG]   [DIAG] iter=4 posCols=30 newCols=30 effImprove=30 updated=0
    [CG] CG iter 5: obj=2123159.231738, maxRC=193595.774855, +27 cols
    [CG]   [DIAG] iter=5 posCols=27 newCols=27 effImprove=27 updated=0
    [CG] CG iter 6: obj=2231616.114447, maxRC=152205.565040, +26 cols
    [CG]   [DIAG] iter=6 posCols=26 newCols=26 effImprove=26 updated=0
    [CG] CG iter 7: obj=2298433.213334, maxRC=89862.104409, +18 cols
    [CG]   [DIAG] iter=7 posCols=18 newCols=18 effImprove=18 updated=0
    [CG] CG iter 8: obj=2344487.830752, maxRC=118762.754809, +22 cols
    [CG]   [DIAG] iter=8 posCols=22 newCols=22 effImprove=22 updated=0
    [CG] CG iter 9: obj=2401055.931127, maxRC=72478.825036, +20 cols
    [CG]   [DIAG] iter=9 posCols=20 newCols=20 effImprove=20 updated=0
    [CG] CG iter 10: obj=2413497.504357, maxRC=68251.593700, +19 cols
    [CG]   [DIAG] iter=10 posCols=19 newCols=18 effImprove=19 updated=1
    [CG] CG iter 11: obj=2427204.307274, maxRC=68143.918660, +17 cols
    [CG]   [DIAG] iter=11 posCols=17 newCols=17 effImprove=17 updated=0
    [CG] CG iter 12: obj=2427204.307274, maxRC=36212.307366, +11 cols
    [CG]   [DIAG] iter=12 posCols=11 newCols=11 effImprove=11 updated=0
    [CG] CG iter 13: obj=2427204.307274, maxRC=17521.522623, +11 cols
    [CG]   [DIAG] iter=13 posCols=11 newCols=11 effImprove=11 updated=0
    [CG] CG iter 14: obj=2440644.707220, maxRC=21041.250049, +8 cols
    [CG]   [DIAG] iter=14 posCols=8 newCols=8 effImprove=8 updated=0
    [CG] CG iter 15: obj=2440644.707220, maxRC=15190.927670, +5 cols
    [CG]   [DIAG] iter=15 posCols=5 newCols=4 effImprove=5 updated=1
    [CG] CG iter 16: obj=2440644.707220, maxRC=12331.322987, +9 cols
    [CG]   [DIAG] iter=16 posCols=9 newCols=9 effImprove=9 updated=0
    [CG] CG iter 17: obj=2440644.707220, maxRC=10714.134411, +5 cols
    [CG]   [DIAG] iter=17 posCols=5 newCols=5 effImprove=5 updated=0
    [CG] CG iter 18: obj=2451358.841632, maxRC=3693.502954, +1 cols
    [CG]   [DIAG] iter=18 posCols=1 newCols=1 effImprove=1 updated=0
    [CG] 列生成收敛，共 19 轮迭代
    [CG] [CG-NODE] depth=0 exit=CERTIFIED certified=1 feasible=1 iters=19 generatedColsBeforeNode=0 newCols=317 posCandidates=319 duplicateCandidates=2 updatedCols=2 zeroObjImproveIters=6 objFirst=1040583.550453 objLast=2451358.841632 objGain=1410775.291179 maxRC=1326573.892327 wallSec=0.183510 pricingSec=0.169839 cplexSolveSec=0.008665
      [BB] 根节点即为整数解，obj=2451358.841632
