    [CG] 列生成开始，初始列数=310
    [CG] CG iter 1: obj=1031161.305503, maxRC=1295507.281071, +30 cols
    [CG]   [DIAG] iter=1 posCols=30 newCols=30 effImprove=30 updated=0
    [CG] CG iter 2: obj=1688629.751677, maxRC=302695.980595, +30 cols
    [CG]   [DIAG] iter=2 posCols=30 newCols=30 effImprove=30 updated=0
    [CG] CG iter 3: obj=1983078.157949, maxRC=392089.576640, +30 cols
    [CG]   [DIAG] iter=3 posCols=30 newCols=30 effImprove=30 updated=0
    [CG] CG iter 4: obj=2052750.399885, maxRC=228413.019501, +30 cols
    [CG]   [DIAG] iter=4 posCols=30 newCols=30 effImprove=30 updated=0
    [CG] CG iter 5: obj=2117203.912804, maxRC=176332.686996, +29 cols
    [CG]   [DIAG] iter=5 posCols=29 newCols=29 effImprove=29 updated=0
    [CG] CG iter 6: obj=2195391.891973, maxRC=129347.051841, +27 cols
    [CG]   [DIAG] iter=6 posCols=27 newCols=27 effImprove=27 updated=0
    [CG] CG iter 7: obj=2316584.078313, maxRC=109145.816338, +23 cols
    [CG]   [DIAG] iter=7 posCols=23 newCols=23 effImprove=23 updated=0
    [CG] CG iter 8: obj=2316584.078313, maxRC=65373.716128, +22 cols
    [CG]   [DIAG] iter=8 posCols=22 newCols=22 effImprove=22 updated=0
    [CG] CG iter 9: obj=2346823.025808, maxRC=48800.010884, +22 cols
    [CG]   [DIAG] iter=9 posCols=22 newCols=21 effImprove=22 updated=1
    [CG] CG iter 10: obj=2367409.092944, maxRC=25245.189289, +14 cols
    [CG]   [DIAG] iter=10 posCols=14 newCols=14 effImprove=14 updated=0
    [CG] CG iter 11: obj=2391379.760314, maxRC=12373.669705, +9 cols
    [CG]   [DIAG] iter=11 posCols=9 newCols=8 effImprove=9 updated=1
    [CG] CG iter 12: obj=2391379.760314, maxRC=311.929801, +1 cols
    [CG]   [DIAG] iter=12 posCols=1 newCols=1 effImprove=1 updated=0
    [CG] 列生成收敛，共 13 轮迭代
    [CG] [CG-NODE] depth=0 exit=CERTIFIED certified=1 feasible=1 iters=13 generatedColsBeforeNode=0 newCols=265 posCandidates=267 duplicateCandidates=2 updatedCols=2 zeroObjImproveIters=3 objFirst=1031161.305503 objLast=2391379.760314 objGain=1360218.454811 maxRC=1295507.281071 wallSec=0.189236 pricingSec=0.179178 cplexSolveSec=0.005785
      [BB] 分支定界开始，根节点LP obj=2391379.760314，最大节点数=10000
      [BB] 根节点启发式下界 LB=2159696.509822（上界=2391379.760314）
    [CG] [BB-DIAG] 分支 x_{dc=4,retailer=1}, 节点数=1
    [CG] 列生成开始，初始列数=568
    [CG] CG iter 14: obj=2391258.184861, maxRC=51846.822890, +25 cols
    [CG]   [DIAG] iter=14 posCols=25 newCols=25 effImprove=25 updated=0
    [CG] CG iter 15: obj=2391258.184861, maxRC=26055.563440, +17 cols
    [CG]   [DIAG] iter=15 posCols=17 newCols=17 effImprove=17 updated=0
    [CG] CG iter 16: obj=2391258.184861, maxRC=5702.091091, +14 cols
    [CG]   [DIAG] iter=16 posCols=14 newCols=14 effImprove=14 updated=0
    [CG] CG iter 17: obj=2391258.184861, maxRC=3268.897881, +2 cols
    [CG]   [DIAG] iter=17 posCols=2 newCols=2 effImprove=2 updated=0
    [CG] CG iter 18: obj=2391258.184861, maxRC=789.806174, +2 cols
    [CG]   [DIAG] iter=18 posCols=2 newCols=2 effImprove=2 updated=0
    [CG] 列生成收敛，共 19 轮迭代
    [CG] [CG-NODE] depth=1 exit=CERTIFIED certified=1 feasible=1 iters=6 generatedColsBeforeNode=265 newCols=60 posCandidates=60 duplicateCandidates=0 updatedCols=0 zeroObjImproveIters=5 objFirst=2391258.184861 objLast=2391258.184861 objGain=0.000000 maxRC=51846.822890 wallSec=0.022758 pricingSec=0.018095 cplexSolveSec=0.003229
    [CG] 列生成开始，初始列数=524
    [CG] CG iter 20: obj=2377881.320173, maxRC=56038.200465, +21 cols
    [CG]   [DIAG] iter=20 posCols=21 newCols=21 effImprove=21 updated=0
    [CG] CG iter 21: obj=2378485.816748, maxRC=22840.131298, +12 cols
    [CG]   [DIAG] iter=21 posCols=12 newCols=12 effImprove=12 updated=0
    [CG] CG iter 22: obj=2386863.282590, maxRC=11228.544552, +8 cols
    [CG]   [DIAG] iter=22 posCols=8 newCols=7 effImprove=8 updated=1
    [CG] CG iter 23: obj=2386863.282590, maxRC=99.287561, +1 cols
    [CG]   [DIAG] iter=23 posCols=1 newCols=1 effImprove=1 updated=0
    [CG] 列生成收敛，共 24 轮迭代
    [CG] [CG-NODE] depth=1 exit=CERTIFIED certified=1 feasible=1 iters=5 generatedColsBeforeNode=325 newCols=41 posCandidates=42 duplicateCandidates=1 updatedCols=1 zeroObjImproveIters=2 objFirst=2377881.320173 objLast=2386863.282590 objGain=8981.962418 maxRC=56038.200465 wallSec=0.018122 pricingSec=0.014349 cplexSolveSec=0.002472
    [CG] [BB-INCUMBENT] selection=2 node=1 previous=2159696.509822 value=2386863.282590 active=1
    [CG] [BB-NODESEL] strategy=hybrid choice=dfs eligibleCount=1 active=1 gap=0.001841
    [CG] [BB-INCUMBENT] selection=3 node=1 previous=2386863.282590 value=2391258.184861 active=0
      [BB] 分支定界结束：处理 3 节点，剪枝 0，剩余活跃 0，整数解 3，状态=OPTIMAL，最好可行 obj=2391258.184861，gap=0.000000
