    [CG] 列生成开始，初始列数=310
    [CG] CG iter 1: obj=1058154.486180, maxRC=1223431.737486, +30 cols
    [CG]   [DIAG] iter=1 posCols=30 newCols=30 effImprove=30 updated=0
    [CG] CG iter 2: obj=1686353.940855, maxRC=294941.464363, +30 cols
    [CG]   [DIAG] iter=2 posCols=30 newCols=30 effImprove=30 updated=0
    [CG] CG iter 3: obj=1969088.309989, maxRC=439435.752154, +30 cols
    [CG]   [DIAG] iter=3 posCols=30 newCols=30 effImprove=30 updated=0
    [CG] CG iter 4: obj=2095595.686320, maxRC=215785.669169, +30 cols
    [CG]   [DIAG] iter=4 posCols=30 newCols=30 effImprove=30 updated=0
    [CG] CG iter 5: obj=2120254.020832, maxRC=157077.699366, +30 cols
    [CG]   [DIAG] iter=5 posCols=30 newCols=30 effImprove=30 updated=0
    [CG] CG iter 6: obj=2212588.311407, maxRC=118665.012201, +27 cols
    [CG]   [DIAG] iter=6 posCols=27 newCols=27 effImprove=27 updated=0
    [CG] CG iter 7: obj=2260416.363191, maxRC=124409.136489, +22 cols
    [CG]   [DIAG] iter=7 posCols=22 newCols=22 effImprove=22 updated=0
    [CG] CG iter 8: obj=2276196.803806, maxRC=78814.777207, +20 cols
    [CG]   [DIAG] iter=8 posCols=20 newCols=20 effImprove=20 updated=0
    [CG] CG iter 9: obj=2293517.026294, maxRC=48329.779880, +15 cols
    [CG]   [DIAG] iter=9 posCols=15 newCols=14 effImprove=15 updated=1
    [CG] CG iter 10: obj=2299289.296663, maxRC=22544.492556, +10 cols
    [CG]   [DIAG] iter=10 posCols=10 newCols=9 effImprove=10 updated=1
    [CG] CG iter 11: obj=2329124.314486, maxRC=24833.878044, +7 cols
    [CG]   [DIAG] iter=11 posCols=7 newCols=7 effImprove=7 updated=0
    [CG] CG iter 12: obj=2329124.314486, maxRC=8214.207873, +6 cols
    [CG]   [DIAG] iter=12 posCols=6 newCols=6 effImprove=6 updated=0
    [CG] CG iter 13: obj=2329124.314486, maxRC=15927.962365, +5 cols
    [CG]   [DIAG] iter=13 posCols=5 newCols=5 effImprove=5 updated=0
    [CG] CG iter 14: obj=2329124.314486, maxRC=11053.340438, +2 cols
    [CG]   [DIAG] iter=14 posCols=2 newCols=2 effImprove=2 updated=0
    [CG] CG iter 15: obj=2330036.508933, maxRC=7466.646344, +3 cols
    [CG]   [DIAG] iter=15 posCols=3 newCols=3 effImprove=3 updated=0
    [CG] CG iter 16: obj=2330036.508933, maxRC=14102.379273, +1 cols
    [CG]   [DIAG] iter=16 posCols=1 newCols=1 effImprove=1 updated=0
    [CG] CG iter 17: obj=2330036.508933, maxRC=2005.047740, +2 cols
    [CG]   [DIAG] iter=17 posCols=2 newCols=2 effImprove=2 updated=0
    [CG] CG iter 18: obj=2332041.556673, maxRC=886.002553, +1 cols
    [CG]   [DIAG] iter=18 posCols=1 newCols=0 effImprove=1 updated=1
    [CG] CG iter 19: obj=2332041.556673, maxRC=1752.249095, +1 cols
    [CG]   [DIAG] iter=19 posCols=1 newCols=1 effImprove=1 updated=0
    [CG] CG iter 20: obj=2332041.556673, maxRC=742.389102, +1 cols
    [CG]   [DIAG] iter=20 posCols=1 newCols=1 effImprove=1 updated=0
    [CG] 列生成收敛，共 21 轮迭代
    [CG] [CG-NODE] depth=0 exit=CERTIFIED certified=1 feasible=1 iters=21 generatedColsBeforeNode=0 newCols=270 posCandidates=273 duplicateCandidates=3 updatedCols=3 zeroObjImproveIters=8 objFirst=1058154.486180 objLast=2332041.556673 objGain=1273887.070493 maxRC=1223431.737486 wallSec=0.144825 pricingSec=0.134530 cplexSolveSec=0.006903
      [BB] 根节点即为整数解，obj=2332041.556673
