    [CG] 列生成开始，初始列数=310
    [CG] CG iter 1: obj=782606.571171, maxRC=1705051.604123, +30 cols
    [CG]   [DIAG] iter=1 posCols=30 newCols=30 effImprove=30 updated=0
    [CG] CG iter 2: obj=1974780.721211, maxRC=434388.813437, +16 cols
    [CG]   [DIAG] iter=2 posCols=16 newCols=16 effImprove=16 updated=0
    [CG] CG iter 3: obj=2021540.099554, maxRC=367787.649124, +17 cols
    [CG]   [DIAG] iter=3 posCols=17 newCols=17 effImprove=17 updated=0
    [CG] CG iter 4: obj=2105858.599926, maxRC=372445.524309, +12 cols
    [CG]   [DIAG] iter=4 posCols=12 newCols=12 effImprove=12 updated=0
    [CG] CG iter 5: obj=2105858.599926, maxRC=350176.776831, +9 cols
    [CG]   [DIAG] iter=5 posCols=9 newCols=9 effImprove=9 updated=0
    [CG] CG iter 6: obj=2105858.599926, maxRC=377848.381362, +9 cols
    [CG]   [DIAG] iter=6 posCols=9 newCols=8 effImprove=9 updated=1
    [CG] CG iter 7: obj=2105858.599926, maxRC=203771.199860, +7 cols
    [CG]   [DIAG] iter=7 posCols=7 newCols=7 effImprove=7 updated=0
    [CG] CG iter 8: obj=2105858.599926, maxRC=211654.610162, +6 cols
    [CG]   [DIAG] iter=8 posCols=6 newCols=6 effImprove=6 updated=0
    [CG] CG iter 9: obj=2105858.599926, maxRC=167550.847893, +9 cols
    [CG]   [DIAG] iter=9 posCols=9 newCols=9 effImprove=9 updated=0
    [CG] CG iter 10: obj=2105858.599926, maxRC=167824.979197, +6 cols
    [CG]   [DIAG] iter=10 posCols=6 newCols=6 effImprove=6 updated=0
    [CG] CG iter 11: obj=2112093.145987, maxRC=187077.046883, +17 cols
    [CG]   [DIAG] iter=11 posCols=17 newCols=17 effImprove=17 updated=0
    [CG] CG iter 12: obj=2117873.639258, maxRC=96186.860952, +7 cols
    [CG]   [DIAG] iter=12 posCols=7 newCols=7 effImprove=7 updated=0
    [CG] CG iter 13: obj=2128178.236692, maxRC=83523.099187, +6 cols
    [CG]   [DIAG] iter=13 posCols=6 newCols=6 effImprove=6 updated=0
    [CG] CG iter 14: obj=2134176.216714, maxRC=97919.476717, +7 cols
    [CG]   [DIAG] iter=14 posCols=7 newCols=7 effImprove=7 updated=0
    [CG] CG iter 15: obj=2138874.191443, maxRC=97206.374209, +9 cols
    [CG]   [DIAG] iter=15 posCols=9 newCols=9 effImprove=9 updated=0
    [CG] CG iter 16: obj=2142472.489112, maxRC=71205.683655, +6 cols
    [CG]   [DIAG] iter=16 posCols=6 newCols=6 effImprove=6 updated=0
    [CG] CG iter 17: obj=2145282.810849, maxRC=51655.861607, +6 cols
    [CG]   [DIAG] iter=17 posCols=6 newCols=6 effImprove=6 updated=0
    [CG] CG iter 18: obj=2148031.956247, maxRC=70715.361676, +8 cols
    [CG]   [DIAG] iter=18 posCols=8 newCols=7 effImprove=8 updated=1
    [CG] CG iter 19: obj=2162644.947118, maxRC=45865.207081, +8 cols
    [CG]   [DIAG] iter=19 posCols=8 newCols=8 effImprove=8 updated=0
    [CG] CG iter 20: obj=2162644.947118, maxRC=30803.513638, +6 cols
    [CG]   [DIAG] iter=20 posCols=6 newCols=6 effImprove=6 updated=0
    [CG] CG iter 21: obj=2172285.922900, maxRC=38411.221218, +6 cols
    [CG]   [DIAG] iter=21 posCols=6 newCols=6 effImprove=6 updated=0
    [CG] CG iter 22: obj=2172285.922900, maxRC=36343.325626, +6 cols
    [CG]   [DIAG] iter=22 posCols=6 newCols=6 effImprove=6 updated=0
    [CG] CG iter 23: obj=2172285.922900, maxRC=54445.281657, +6 cols
    [CG]   [DIAG] iter=23 posCols=6 newCols=6 effImprove=6 updated=0
    [CG] CG iter 24: obj=2172285.922900, maxRC=31730.515165, +6 cols
    [CG]   [DIAG] iter=24 posCols=6 newCols=6 effImprove=6 updated=0
    [CG] CG iter 25: obj=2184455.487690, maxRC=12854.844789, +4 cols
    [CG]   [DIAG] iter=25 posCols=4 newCols=4 effImprove=4 updated=0
    [CG] CG iter 26: obj=2184455.487690, maxRC=9688.151642, +3 cols
    [CG]   [DIAG] iter=26 posCols=3 newCols=3 effImprove=3 updated=0
    [CG] CG iter 27: obj=2184455.487690, maxRC=10081.038491, +4 cols
    [CG]   [DIAG] iter=27 posCols=4 newCols=4 effImprove=4 updated=0
    [CG] CG iter 28: obj=2184455.487690, maxRC=6144.732940, +4 cols
    [CG]   [DIAG] iter=28 posCols=4 newCols=4 effImprove=4 updated=0
    [CG] CG iter 29: obj=2184455.487690, maxRC=4351.975726, +4 cols
    [CG]   [DIAG] iter=29 posCols=4 newCols=4 effImprove=4 updated=0
    [CG] CG iter 30: obj=2184455.487690, maxRC=1364.078568, +3 cols
    [CG]   [DIAG] iter=30 posCols=3 newCols=3 effImprove=3 updated=0
    [CG] CG iter 31: obj=2184455.487690, maxRC=724.228368, +3 cols
    [CG]   [DIAG] iter=31 posCols=3 newCols=3 effImprove=3 updated=0
    [CG] 列生成收敛，共 32 轮迭代
    [CG] [CG-NODE] depth=0 exit=CERTIFIED certified=1 feasible=1 iters=32 generatedColsBeforeNode=0 newCols=248 posCandidates=250 duplicateCandidates=2 updatedCols=2 zeroObjImproveIters=17 objFirst=782606.571171 objLast=2184455.487690 objGain=1401848.916519 maxRC=1705051.604123 wallSec=0.325100 pricingSec=0.308362 cplexSolveSec=0.011071
      [BB] 根节点即为整数解，obj=2184455.487690
