    [CG] 列生成开始，初始列数=310
    [CG] CG iter 1: obj=778248.893933, maxRC=1598967.961474, +30 cols
    [CG]   [DIAG] iter=1 posCols=30 newCols=30 effImprove=30 updated=0
    [CG] CG iter 2: obj=1892261.397699, maxRC=366093.668019, +22 cols
    [CG]   [DIAG] iter=2 posCols=22 newCols=22 effImprove=22 updated=0
    [CG] CG iter 3: obj=1948705.071080, maxRC=318282.348052, +28 cols
    [CG]   [DIAG] iter=3 posCols=28 newCols=28 effImprove=28 updated=0
    [CG] CG iter 4: obj=2012443.887396, maxRC=334368.317462, +18 cols
    [CG]   [DIAG] iter=4 posCols=18 newCols=18 effImprove=18 updated=0
    [CG] CG iter 5: obj=2043155.156064, maxRC=428774.550752, +19 cols
    [CG]   [DIAG] iter=5 posCols=19 newCols=19 effImprove=19 updated=0
    [CG] CG iter 6: obj=2066846.373309, maxRC=318722.846348, +13 cols
    [CG]   [DIAG] iter=6 posCols=13 newCols=13 effImprove=13 updated=0
    [CG] CG iter 7: obj=2066846.373309, maxRC=234079.413459, +10 cols
    [CG]   [DIAG] iter=7 posCols=10 newCols=10 effImprove=10 updated=0
    [CG] CG iter 8: obj=2066846.373309, maxRC=150785.500941, +7 cols
    [CG]   [DIAG] iter=8 posCols=7 newCols=7 effImprove=7 updated=0
    [CG] CG iter 9: obj=2087196.080441, maxRC=172812.409357, +9 cols
    [CG]   [DIAG] iter=9 posCols=9 newCols=9 effImprove=9 updated=0
    [CG] CG iter 10: obj=2090996.356690, maxRC=159005.151327, +6 cols
    [CG]   [DIAG] iter=10 posCols=6 newCols=6 effImprove=6 updated=0
    [CG] CG iter 11: obj=2105479.012438, maxRC=90654.470172, +7 cols
    [CG]   [DIAG] iter=11 posCols=7 newCols=7 effImprove=7 updated=0
    [CG] CG iter 12: obj=2112831.459114, maxRC=77455.159493, +6 cols
    [CG]   [DIAG] iter=12 posCols=6 newCols=6 effImprove=6 updated=0
    [CG] CG iter 13: obj=2119904.524192, maxRC=83125.186457, +9 cols
    [CG]   [DIAG] iter=13 posCols=9 newCols=9 effImprove=9 updated=0
    [CG] CG iter 14: obj=2124741.800030, maxRC=67143.950037, +8 cols
    [CG]   [DIAG] iter=14 posCols=8 newCols=8 effImprove=8 updated=0
    [CG] CG iter 15: obj=2125504.473574, maxRC=38659.391150, +6 cols
    [CG]   [DIAG] iter=15 posCols=6 newCols=6 effImprove=6 updated=0
    [CG] CG iter 16: obj=2131344.397107, maxRC=59899.143589, +9 cols
    [CG]   [DIAG] iter=16 posCols=9 newCols=9 effImprove=9 updated=0
    [CG] CG iter 17: obj=2134089.194797, maxRC=27173.611082, +6 cols
    [CG]   [DIAG] iter=17 posCols=6 newCols=6 effImprove=6 updated=0
    [CG] CG iter 18: obj=2137649.233862, maxRC=31996.574335, +6 cols
    [CG]   [DIAG] iter=18 posCols=6 newCols=6 effImprove=6 updated=0
    [CG] CG iter 19: obj=2139936.404068, maxRC=16116.612658, +8 cols
    [CG]   [DIAG] iter=19 posCols=8 newCols=8 effImprove=8 updated=0
    [CG] CG iter 20: obj=2149438.499001, maxRC=22845.690232, +6 cols
    [CG]   [DIAG] iter=20 posCols=6 newCols=6 effImprove=6 updated=0
    [CG] CG iter 21: obj=2149438.499001, maxRC=11770.601296, +5 cols
    [CG]   [DIAG] iter=21 posCols=5 newCols=4 effImprove=5 updated=1
    [CG] CG iter 22: obj=2158317.753815, maxRC=12297.754153, +3 cols
    [CG]   [DIAG] iter=22 posCols=3 newCols=3 effImprove=3 updated=0
    [CG] CG iter 23: obj=2158317.753815, maxRC=9383.835978, +2 cols
    [CG]   [DIAG] iter=23 posCols=2 newCols=2 effImprove=2 updated=0
    [CG] CG iter 24: obj=2158317.753815, maxRC=2220.740206, +2 cols
    [CG]   [DIAG] iter=24 posCols=2 newCols=2 effImprove=2 updated=0
    [CG] CG iter 25: obj=2158317.753815, maxRC=889.244804, +2 cols
    [CG]   [DIAG] iter=25 posCols=2 newCols=2 effImprove=2 updated=0
    [CG] CG iter 26: obj=2158317.753815, maxRC=483.584102, +1 cols
    [CG]   [DIAG] iter=26 posCols=1 newCols=1 effImprove=1 updated=0
    [CG] 列生成收敛，共 27 轮迭代
    [CG] [CG-NODE] depth=0 exit=CERTIFIED certified=1 feasible=1 iters=27 generatedColsBeforeNode=0 newCols=247 posCandidates=248 duplicateCandidates=1 updatedCols=1 zeroObjImproveIters=8 objFirst=778248.893933 objLast=2158317.753815 objGain=1380068.859882 maxRC=1598967.961474 wallSec=0.275911 pricingSec=0.261474 cplexSolveSec=0.009433
      [BB] 分支定界开始，根节点LP obj=2158317.753815，最大节点数=10000
      [BB] 根节点启发式下界 LB=2034965.435767（上界=2158317.753815）
    [CG] [BB-DIAG] 分支 x_{dc=0,retailer=5}, 节点数=1
    [CG] 列生成开始，初始列数=511
    [CG] CG iter 28: obj=2134583.850973, maxRC=130778.314204, +16 cols
    [CG]   [DIAG] iter=28 posCols=16 newCols=16 effImprove=16 updated=0
    [CG] CG iter 29: obj=2134583.850973, maxRC=25366.400389, +7 cols
    [CG]   [DIAG] iter=29 posCols=7 newCols=6 effImprove=7 updated=1
    [CG] CG iter 30: obj=2152348.505892, maxRC=7363.506049, +4 cols
    [CG]   [DIAG] iter=30 posCols=4 newCols=4 effImprove=4 updated=0
    [CG] CG iter 31: obj=2152348.505892, maxRC=8751.839457, +3 cols
    [CG]   [DIAG] iter=31 posCols=3 newCols=3 effImprove=3 updated=0
    [CG] CG iter 32: obj=2152348.505892, maxRC=5767.502251, +3 cols
    [CG]   [DIAG] iter=32 posCols=3 newCols=3 effImprove=3 updated=0
    [CG] CG iter 33: obj=2155747.966875, maxRC=4340.303741, +1 cols
    [CG]   [DIAG] iter=33 posCols=1 newCols=0 effImprove=1 updated=1
    [CG] CG iter 34: obj=2156688.809633, maxRC=2905.167523, +1 cols
    [CG]   [DIAG] iter=34 posCols=1 newCols=1 effImprove=1 updated=0
    [CG] CG iter 35: obj=2156688.809633, maxRC=2240.526677, +1 cols
    [CG]   [DIAG] iter=35 posCols=1 newCols=1 effImprove=1 updated=0
    [CG] CG iter 36: obj=2156688.809633, maxRC=3832.545146, +1 cols
    [CG]   [DIAG] iter=36 posCols=1 newCols=1 effImprove=1 updated=0
    [CG] CG iter 37: obj=2156688.809633, maxRC=1270.341386, +1 cols
    [CG]   [DIAG] iter=37 posCols=1 newCols=1 effImprove=1 updated=0
    [CG] CG iter 38: obj=2156688.809633, maxRC=871.208683, +1 cols
    [CG]   [DIAG] iter=38 posCols=1 newCols=1 effImprove=1 updated=0
    [CG] CG iter 39: obj=2156688.809633, maxRC=2270.218723, +1 cols
    [CG]   [DIAG] iter=39 posCols=1 newCols=1 effImprove=1 updated=0
    [CG] CG iter 40: obj=2156688.809633, maxRC=1876.109457, +1 cols
    [CG]   [DIAG] iter=40 posCols=1 newCols=1 effImprove=1 updated=0
    [CG] CG iter 41: obj=2156688.809633, maxRC=1211.269708, +1 cols
    [CG]   [DIAG] iter=41 posCols=1 newCols=1 effImprove=1 updated=0
    [CG] CG iter 42: obj=2156688.809633, maxRC=386.314042, +1 cols
    [CG]   [DIAG] iter=42 posCols=1 newCols=1 effImprove=1 updated=0
    [CG] 列生成收敛，共 43 轮迭代
    [CG] [CG-NODE] depth=1 exit=CERTIFIED certified=1 feasible=1 iters=16 generatedColsBeforeNode=247 newCols=41 posCandidates=43 duplicateCandidates=2 updatedCols=2 zeroObjImproveIters=12 objFirst=2134583.850973 objLast=2156688.809633 objGain=22104.958660 maxRC=130778.314204 wallSec=0.150886 pricingSec=0.143367 cplexSolveSec=0.005351
    [CG] 列生成开始，初始列数=507
    [CG] CG iter 44: obj=2142374.493656, maxRC=73479.128700, +12 cols
    [CG]   [DIAG] iter=44 posCols=12 newCols=12 effImprove=12 updated=0
    [CG] CG iter 45: obj=2142374.493656, maxRC=39392.297964, +10 cols
    [CG]   [DIAG] iter=45 posCols=10 newCols=10 effImprove=10 updated=0
    [CG] CG iter 46: obj=2142374.493656, maxRC=28723.623760, +7 cols
    [CG]   [DIAG] iter=46 posCols=7 newCols=7 effImprove=7 updated=0
    [CG] CG iter 47: obj=2142374.493656, maxRC=28192.115071, +6 cols
    [CG]   [DIAG] iter=47 posCols=6 newCols=6 effImprove=6 updated=0
    [CG] CG iter 48: obj=2142374.493656, maxRC=9745.842053, +4 cols
    [CG]   [DIAG] iter=48 posCols=4 newCols=4 effImprove=4 updated=0
    [CG] CG iter 49: obj=2142374.493656, maxRC=10068.859901, +4 cols
    [CG]   [DIAG] iter=49 posCols=4 newCols=3 effImprove=4 updated=1
    [CG] CG iter 50: obj=2142374.493656, maxRC=9454.362622, +4 cols
    [CG]   [DIAG] iter=50 posCols=4 newCols=4 effImprove=4 updated=0
    [CG] CG iter 51: obj=2142374.493656, maxRC=10093.398819, +4 cols
    [CG]   [DIAG] iter=51 posCols=4 newCols=4 effImprove=4 updated=0
    [CG] CG iter 52: obj=2147699.287929, maxRC=3195.745267, +4 cols
    [CG]   [DIAG] iter=52 posCols=4 newCols=4 effImprove=4 updated=0
    [CG] CG iter 53: obj=2147699.287929, maxRC=3089.113090, +1 cols
    [CG]   [DIAG] iter=53 posCols=1 newCols=1 effImprove=1 updated=0
    [CG] CG iter 54: obj=2150788.401019, maxRC=113.714826, +1 cols
    [CG]   [DIAG] iter=54 posCols=1 newCols=1 effImprove=1 updated=0
    [CG] 列生成收敛，共 55 轮迭代
    [CG] [CG-NODE] depth=1 exit=CERTIFIED certified=1 feasible=1 iters=12 generatedColsBeforeNode=288 newCols=56 posCandidates=57 duplicateCandidates=1 updatedCols=1 zeroObjImproveIters=9 objFirst=2142374.493656 objLast=2150788.401019 objGain=8413.907363 maxRC=73479.128700 wallSec=0.052350 pricingSec=0.045861 cplexSolveSec=0.004560
    [CG] [BB-INCUMBENT] selection=2 node=1 previous=2034965.435767 value=2150788.401019 active=1
    [CG] [BB-NODESEL] strategy=hybrid choice=dfs eligibleCount=1 active=1 gap=0.002743
    [CG] [BB-INCUMBENT] selection=3 node=1 previous=2150788.401019 value=2156688.809633 active=0
      [BB] 分支定界结束：处理 3 节点，剪枝 0，剩余活跃 0，整数解 3，状态=OPTIMAL，最好可行 obj=2156688.809633，gap=0.000000
