    [CG] 列生成开始，初始列数=310
    [CG] CG iter 1: obj=784723.383581, maxRC=1698644.430458, +30 cols
    [CG]   [DIAG] iter=1 posCols=30 newCols=30 effImprove=30 updated=0
    [CG] CG iter 2: obj=1975323.455196, maxRC=397559.046384, +19 cols
    [CG]   [DIAG] iter=2 posCols=19 newCols=19 effImprove=19 updated=0
    [CG] CG iter 3: obj=2122119.809024, maxRC=180305.568628, +24 cols
    [CG]   [DIAG] iter=3 posCols=24 newCols=24 effImprove=24 updated=0
    [CG] CG iter 4: obj=2141941.091668, maxRC=114895.055514, +18 cols
    [CG]   [DIAG] iter=4 posCols=18 newCols=18 effImprove=18 updated=0
    [CG] CG iter 5: obj=2141941.091668, maxRC=90428.549922, +15 cols
    [CG]   [DIAG] iter=5 posCols=15 newCols=13 effImprove=15 updated=2
    [CG] CG iter 6: obj=2145301.673583, maxRC=76676.801008, +10 cols
    [CG]   [DIAG] iter=6 posCols=10 newCols=10 effImprove=10 updated=0
    [CG] CG iter 7: obj=2145301.673583, maxRC=73123.479075, +9 cols
    [CG]   [DIAG] iter=7 posCols=9 newCols=9 effImprove=9 updated=0
    [CG] CG iter 8: obj=2145301.673583, maxRC=66790.036713, +6 cols
    [CG]   [DIAG] iter=8 posCols=6 newCols=6 effImprove=6 updated=0
    [CG] CG iter 9: obj=2145301.673583, maxRC=73230.286677, +7 cols
    [CG]   [DIAG] iter=9 posCols=7 newCols=7 effImprove=7 updated=0
    [CG] CG iter 10: obj=2145301.673583, maxRC=67713.181020, +6 cols
    [CG]   [DIAG] iter=10 posCols=6 newCols=6 effImprove=6 updated=0
    [CG] CG iter 11: obj=2145301.673583, maxRC=83285.982282, +7 cols
    [CG]   [DIAG] iter=11 posCols=7 newCols=7 effImprove=7 updated=0
    [CG] CG iter 12: obj=2145301.673583, maxRC=86568.761307, +6 cols
    [CG]   [DIAG] iter=12 posCols=6 newCols=6 effImprove=6 updated=0
    [CG] CG iter 13: obj=2145301.673583, maxRC=51458.766288, +6 cols
    [CG]   [DIAG] iter=13 posCols=6 newCols=6 effImprove=6 updated=0
    [CG] CG iter 14: obj=2145301.673583, maxRC=41423.167059, +6 cols
    [CG]   [DIAG] iter=14 posCols=6 newCols=6 effImprove=6 updated=0
    [CG] CG iter 15: obj=2149842.949336, maxRC=38076.020310, +6 cols
    [CG]   [DIAG] iter=15 posCols=6 newCols=6 effImprove=6 updated=0
    [CG] CG iter 16: obj=2162534.956106, maxRC=21853.828878, +6 cols
    [CG]   [DIAG] iter=16 posCols=6 newCols=6 effImprove=6 updated=0
    [CG] CG iter 17: obj=2178535.399157, maxRC=29061.400500, +5 cols
    [CG]   [DIAG] iter=17 posCols=5 newCols=5 effImprove=5 updated=0
    [CG] CG iter 18: obj=2178535.399157, maxRC=25494.453235, +4 cols
    [CG]   [DIAG] iter=18 posCols=4 newCols=4 effImprove=4 updated=0
    [CG] CG iter 19: obj=2178535.399157, maxRC=13779.754730, +5 cols
    [CG]   [DIAG] iter=19 posCols=5 newCols=5 effImprove=5 updated=0
    [CG] CG iter 20: obj=2178535.399157, maxRC=7439.098184, +3 cols
    [CG]   [DIAG] iter=20 posCols=3 newCols=3 effImprove=3 updated=0
    [CG] CG iter 21: obj=2178535.399157, maxRC=6219.975902, +3 cols
    [CG]   [DIAG] iter=21 posCols=3 newCols=3 effImprove=3 updated=0
    [CG] CG iter 22: obj=2178535.399157, maxRC=4286.016153, +3 cols
    [CG]   [DIAG] iter=22 posCols=3 newCols=3 effImprove=3 updated=0
    [CG] CG iter 23: obj=2178535.399157, maxRC=1373.066806, +3 cols
    [CG]   [DIAG] iter=23 posCols=3 newCols=3 effImprove=3 updated=0
    [CG] CG iter 24: obj=2178535.399157, maxRC=309.539096, +1 cols
    [CG]   [DIAG] iter=24 posCols=1 newCols=0 effImprove=1 updated=1
    [CG] 列生成收敛，共 25 轮迭代
    [CG] [CG-NODE] depth=0 exit=CERTIFIED certified=1 feasible=1 iters=25 generatedColsBeforeNode=0 newCols=205 posCandidates=208 duplicateCandidates=3 updatedCols=3 zeroObjImproveIters=17 objFirst=784723.383581 objLast=2178535.399157 objGain=1393812.015576 maxRC=1698644.430458 wallSec=0.251629 pricingSec=0.237536 cplexSolveSec=0.008600
      [BB] 根节点即为整数解，obj=2178535.399157
