    [CG] 列生成开始，初始列数=310
    [CG] CG iter 1: obj=748236.710334, maxRC=1715116.509369, +30 cols
    [CG]   [DIAG] iter=1 posCols=30 newCols=30 effImprove=30 updated=0
    [CG] CG iter 2: obj=1951797.784187, maxRC=523358.916647, +29 cols
    [CG]   [DIAG] iter=2 posCols=29 newCols=29 effImprove=29 updated=0
    [CG] CG iter 3: obj=1996091.858042, maxRC=379143.748624, +30 cols
    [CG]   [DIAG] iter=3 posCols=30 newCols=30 effImprove=30 updated=0
    [CG] CG iter 4: obj=2032512.140326, maxRC=175268.194911, +23 cols
    [CG]   [DIAG] iter=4 posCols=23 newCols=23 effImprove=23 updated=0
    [CG] CG iter 5: obj=2065039.787297, maxRC=184059.429387, +13 cols
    [CG]   [DIAG] iter=5 posCols=13 newCols=12 effImprove=13 updated=1
    [CG] CG iter 6: obj=2098995.511527, maxRC=219138.917455, +12 cols
    [CG]   [DIAG] iter=6 posCols=12 newCols=11 effImprove=12 updated=1
    [CG] CG iter 7: obj=2098995.511527, maxRC=144681.238703, +11 cols
    [CG]   [DIAG] iter=7 posCols=11 newCols=11 effImprove=11 updated=0
    [CG] CG iter 8: obj=2098995.511527, maxRC=229582.250220, +10 cols
    [CG]   [DIAG] iter=8 posCols=10 newCols=10 effImprove=10 updated=0
    [CG] CG iter 9: obj=2098995.511527, maxRC=159950.495952, +10 cols
    [CG]   [DIAG] iter=9 posCols=10 newCols=10 effImprove=10 updated=0
    [CG] CG iter 10: obj=2115937.009181, maxRC=297659.785387, +9 cols
    [CG]   [DIAG] iter=10 posCols=9 newCols=9 effImprove=9 updated=0
    [CG] CG iter 11: obj=2115937.009181, maxRC=247556.139481, +8 cols
    [CG]   [DIAG] iter=11 posCols=8 newCols=8 effImprove=8 updated=0
    [CG] CG iter 12: obj=2115937.009181, maxRC=242600.727438, +9 cols
    [CG]   [DIAG] iter=12 posCols=9 newCols=9 effImprove=9 updated=0
    [CG] CG iter 13: obj=2115937.009181, maxRC=207691.273604, +8 cols
    [CG]   [DIAG] iter=13 posCols=8 newCols=8 effImprove=8 updated=0
    [CG] CG iter 14: obj=2117865.866706, maxRC=83576.201347, +8 cols
    [CG]   [DIAG] iter=14 posCols=8 newCols=8 effImprove=8 updated=0
    [CG] CG iter 15: obj=2133255.602356, maxRC=112564.572347, +8 cols
    [CG]   [DIAG] iter=15 posCols=8 newCols=8 effImprove=8 updated=0
    [CG] CG iter 16: obj=2139161.123478, maxRC=99297.852845, +6 cols
    [CG]   [DIAG] iter=16 posCols=6 newCols=6 effImprove=6 updated=0
    [CG] CG iter 17: obj=2144348.702301, maxRC=71129.173721, +6 cols
    [CG]   [DIAG] iter=17 posCols=6 newCols=6 effImprove=6 updated=0
    [CG] CG iter 18: obj=2144411.004596, maxRC=49078.314663, +7 cols
    [CG]   [DIAG] iter=18 posCols=7 newCols=7 effImprove=7 updated=0
    [CG] CG iter 19: obj=2154285.797111, maxRC=34474.400679, +6 cols
    [CG]   [DIAG] iter=19 posCols=6 newCols=6 effImprove=6 updated=0
    [CG] CG iter 20: obj=2154285.797111, maxRC=19086.491586, +6 cols
    [CG]   [DIAG] iter=20 posCols=6 newCols=6 effImprove=6 updated=0
    [CG] CG iter 21: obj=2161122.906819, maxRC=39092.450568, +6 cols
    [CG]   [DIAG] iter=21 posCols=6 newCols=6 effImprove=6 updated=0
    [CG] CG iter 22: obj=2161122.906819, maxRC=26246.571269, +7 cols
    [CG]   [DIAG] iter=22 posCols=7 newCols=7 effImprove=7 updated=0
    [CG] CG iter 23: obj=2161122.906819, maxRC=17949.012488, +5 cols
    [CG]   [DIAG] iter=23 posCols=5 newCols=5 effImprove=5 updated=0
    [CG] CG iter 24: obj=2161698.705810, maxRC=24673.300112, +6 cols
    [CG]   [DIAG] iter=24 posCols=6 newCols=6 effImprove=6 updated=0
    [CG] CG iter 25: obj=2161698.705810, maxRC=11812.826816, +6 cols
    [CG]   [DIAG] iter=25 posCols=6 newCols=6 effImprove=6 updated=0
    [CG] CG iter 26: obj=2161698.705810, maxRC=7901.711755, +5 cols
    [CG]   [DIAG] iter=26 posCols=5 newCols=5 effImprove=5 updated=0
    [CG] CG iter 27: obj=2166437.101144, maxRC=13914.206097, +6 cols
    [CG]   [DIAG] iter=27 posCols=6 newCols=6 effImprove=6 updated=0
    [CG] CG iter 28: obj=2166437.101144, maxRC=4993.139398, +4 cols
    [CG]   [DIAG] iter=28 posCols=4 newCols=4 effImprove=4 updated=0
    [CG] CG iter 29: obj=2166437.101144, maxRC=1183.394670, +3 cols
    [CG]   [DIAG] iter=29 posCols=3 newCols=3 effImprove=3 updated=0
    [CG] 列生成收敛，共 30 轮迭代
    [CG] [CG-NODE] depth=0 exit=CERTIFIED certified=1 feasible=1 iters=30 generatedColsBeforeNode=0 newCols=295 posCandidates=297 duplicateCandidates=2 updatedCols=2 zeroObjImproveIters=14 objFirst=748236.710334 objLast=2166437.101144 objGain=1418200.390810 maxRC=1715116.509369 wallSec=0.371750 pricingSec=0.336900 cplexSolveSec=0.011284
      [BB] 根节点即为整数解，obj=2166437.101144
