    [CG] 列生成开始，初始列数=310
    [CG] CG iter 1: obj=1099574.100265, maxRC=1308140.502582, +30 cols
    [CG]   [DIAG] iter=1 posCols=30 newCols=30 effImprove=30 updated=0
    [CG] CG iter 2: obj=1766571.613926, maxRC=314037.594601, +30 cols
    [CG]   [DIAG] iter=2 posCols=30 newCols=30 effImprove=30 updated=0
    [CG] CG iter 3: obj=2109135.548073, maxRC=390258.132430, +30 cols
    [CG]   [DIAG] iter=3 posCols=30 newCols=30 effImprove=30 updated=0
    [CG] CG iter 4: obj=2156241.097569, maxRC=260032.840088, +29 cols
    [CG]   [DIAG] iter=4 posCols=29 newCols=29 effImprove=29 updated=0
    [CG] CG iter 5: obj=2226070.262959, maxRC=129398.440377, +24 cols
    [CG]   [DIAG] iter=5 posCols=24 newCols=24 effImprove=24 updated=0
    [CG] CG iter 6: obj=2335950.608588, maxRC=148917.755038, +24 cols
    [CG]   [DIAG] iter=6 posCols=24 newCols=24 effImprove=24 updated=0
    [CG] CG iter 7: obj=2383497.030226, maxRC=79865.947281, +21 cols
    [CG]   [DIAG] iter=7 posCols=21 newCols=21 effImprove=21 updated=0
    [CG] CG iter 8: obj=2418148.797893, maxRC=79073.261912, +23 cols
    [CG]   [DIAG] iter=8 posCols=23 newCols=23 effImprove=23 updated=0
    [CG] CG iter 9: obj=2449727.832975, maxRC=32608.612065, +12 cols
    [CG]   [DIAG] iter=9 posCols=12 newCols=12 effImprove=12 updated=0
    [CG] CG iter 10: obj=2456897.538538, maxRC=53807.582578, +10 cols
    [CG]   [DIAG] iter=10 posCols=10 newCols=10 effImprove=10 updated=0
    [CG] CG iter 11: obj=2463897.176431, maxRC=33726.127402, +8 cols
    [CG]   [DIAG] iter=11 posCols=8 newCols=8 effImprove=8 updated=0
    [CG] CG iter 12: obj=2482030.163822, maxRC=21859.285850, +7 cols
    [CG]   [DIAG] iter=12 posCols=7 newCols=7 effImprove=7 updated=0
    [CG] CG iter 13: obj=2492754.483507, maxRC=10529.912050, +6 cols
    [CG]   [DIAG] iter=13 posCols=6 newCols=6 effImprove=6 updated=0
    [CG] CG iter 14: obj=2492754.483507, maxRC=9347.490883, +7 cols
    [CG]   [DIAG] iter=14 posCols=7 newCols=7 effImprove=7 updated=0
    [CG] CG iter 15: obj=2492754.483507, maxRC=4741.299398, +3 cols
    [CG]   [DIAG] iter=15 posCols=3 newCols=2 effImprove=3 updated=1
    [CG] 列生成收敛，共 16 轮迭代
    [CG] [CG-NODE] depth=0 exit=CERTIFIED certified=1 feasible=1 iters=16 generatedColsBeforeNode=0 newCols=263 posCandidates=264 duplicateCandidates=1 updatedCols=1 zeroObjImproveIters=3 objFirst=1099574.100265 objLast=2492754.483507 objGain=1393180.383242 maxRC=1308140.502582 wallSec=0.162219 pricingSec=0.153499 cplexSolveSec=0.005737
      [BB] 根节点即为整数解，obj=2492754.483507
