    [CG] 列生成开始，初始列数=310
    [CG] CG iter 1: obj=1091088.243547, maxRC=1314375.609456, +30 cols
    [CG]   [DIAG] iter=1 posCols=30 newCols=30 effImprove=30 updated=0
    [CG] CG iter 2: obj=1809525.856134, maxRC=302847.583216, +30 cols
    [CG]   [DIAG] iter=2 posCols=30 newCols=30 effImprove=30 updated=0
    [CG] CG iter 3: obj=2018599.379018, maxRC=499862.051366, +30 cols
    [CG]   [DIAG] iter=3 posCols=30 newCols=30 effImprove=30 updated=0
    [CG] CG iter 4: obj=2102026.833977, maxRC=215959.452194, +29 cols
    [CG]   [DIAG] iter=4 posCols=29 newCols=29 effImprove=29 updated=0
    [CG] CG iter 5: obj=2234833.270445, maxRC=137631.881932, +29 cols
    [CG]   [DIAG] iter=5 posCols=29 newCols=29 effImprove=29 updated=0
    [CG] CG iter 6: obj=2290781.683509, maxRC=102377.466746, +26 cols
    [CG]   [DIAG] iter=6 posCols=26 newCols=25 effImprove=26 updated=1
    [CG] CG iter 7: obj=2352825.737876, maxRC=55909.159212, +22 cols
    [CG]   [DIAG] iter=7 posCols=22 newCols=22 effImprove=22 updated=0
    [CG] CG iter 8: obj=2418868.420372, maxRC=93342.545172, +23 cols
    [CG]   [DIAG] iter=8 posCols=23 newCols=22 effImprove=23 updated=1
    [CG] CG iter 9: obj=2437329.159382, maxRC=49381.201532, +19 cols
    [CG]   [DIAG] iter=9 posCols=19 newCols=19 effImprove=19 updated=0
    [CG] CG iter 10: obj=2444201.097512, maxRC=43217.028532, +18 cols
    [CG]   [DIAG] iter=10 posCols=18 newCols=17 effImprove=18 updated=1
    [CG] CG iter 11: obj=2451904.074958, maxRC=20955.246790, +10 cols
    [CG]   [DIAG] iter=11 posCols=10 newCols=9 effImprove=10 updated=1
    [CG] CG iter 12: obj=2468273.310740, maxRC=19271.282712, +6 cols
    [CG]   [DIAG] iter=12 posCols=6 newCols=6 effImprove=6 updated=0
    [CG] CG iter 13: obj=2468273.310740, maxRC=13678.599968, +6 cols
    [CG]   [DIAG] iter=13 posCols=6 newCols=5 effImprove=6 updated=1
    [CG] CG iter 14: obj=2473535.527865, maxRC=13474.422310, +3 cols
    [CG]   [DIAG] iter=14 posCols=3 newCols=3 effImprove=3 updated=0
    [CG] CG iter 15: obj=2473535.527865, maxRC=10526.277095, +2 cols
    [CG]   [DIAG] iter=15 posCols=2 newCols=2 effImprove=2 updated=0
    [CG] CG iter 16: obj=2481827.819623, maxRC=926.359420, +2 cols
    [CG]   [DIAG] iter=16 posCols=2 newCols=2 effImprove=2 updated=0
    [CG] 列生成收敛，共 17 轮迭代
    [CG] [CG-NODE] depth=0 exit=CERTIFIED certified=1 feasible=1 iters=17 generatedColsBeforeNode=0 newCols=280 posCandidates=285 duplicateCandidates=5 updatedCols=5 zeroObjImproveIters=2 objFirst=1091088.243547 objLast=2482385.837241 objGain=1391297.593694 maxRC=1314375.609456 wallSec=0.199093 pricingSec=0.188566 cplexSolveSec=0.006617
      [BB] 根节点即为整数解，obj=2482385.837241
