    [CG] 列生成开始，初始列数=310
    [CG] CG iter 1: obj=1095818.364966, maxRC=1220246.844702, +30 cols
    [CG]   [DIAG] iter=1 posCols=30 newCols=30 effImprove=30 updated=0
    [CG] CG iter 2: obj=1715289.310766, maxRC=309936.350392, +30 cols
    [CG]   [DIAG] iter=2 posCols=30 newCols=30 effImprove=30 updated=0
    [CG] CG iter 3: obj=2020646.659409, maxRC=470883.512976, +30 cols
    [CG]   [DIAG] iter=3 posCols=30 newCols=30 effImprove=30 updated=0
    [CG] CG iter 4: obj=2093653.763850, maxRC=426539.069280, +30 cols
    [CG]   [DIAG] iter=4 posCols=30 newCols=30 effImprove=30 updated=0
    [CG] CG iter 5: obj=2119464.051177, maxRC=213053.665987, +30 cols
    [CG]   [DIAG] iter=5 posCols=30 newCols=30 effImprove=30 updated=0
    [CG] CG iter 6: obj=2171975.564691, maxRC=130642.237796, +29 cols
    [CG]   [DIAG] iter=6 posCols=29 newCols=29 effImprove=29 updated=0
    [CG] CG iter 7: obj=2256749.876683, maxRC=135497.592521, +29 cols
    [CG]   [DIAG] iter=7 posCols=29 newCols=28 effImprove=29 updated=1
    [CG] CG iter 8: obj=2293971.344982, maxRC=110745.164328, +24 cols
    [CG]   [DIAG] iter=8 posCols=24 newCols=23 effImprove=24 updated=1
    [CG] CG iter 9: obj=2322978.808108, maxRC=65393.895565, +21 cols
    [CG]   [DIAG] iter=9 posCols=21 newCols=20 effImprove=21 updated=1
    [CG] CG iter 10: obj=2357363.361597, maxRC=68140.179563, +20 cols
    [CG]   [DIAG] iter=10 posCols=20 newCols=20 effImprove=20 updated=0
    [CG] CG iter 11: obj=2381219.043676, maxRC=46556.474750, +21 cols
    [CG]   [DIAG] iter=11 posCols=21 newCols=21 effImprove=21 updated=0
    [CG] CG iter 12: obj=2390316.342548, maxRC=24091.746681, +14 cols
    [CG]   [DIAG] iter=12 posCols=14 newCols=14 effImprove=14 updated=0
    [CG] CG iter 13: obj=2417386.610673, maxRC=26524.628329, +17 cols
    [CG]   [DIAG] iter=13 posCols=17 newCols=17 effImprove=17 updated=0
    [CG] CG iter 14: obj=2419976.311887, maxRC=8515.928183, +6 cols
    [CG]   [DIAG] iter=14 posCols=6 newCols=6 effImprove=6 updated=0
    [CG] CG iter 15: obj=2419976.311887, maxRC=5052.712630, +1 cols
    [CG]   [DIAG] iter=15 posCols=1 newCols=1 effImprove=1 updated=0
    [CG] CG iter 16: obj=2419976.311887, maxRC=272.813713, +1 cols
    [CG]   [DIAG] iter=16 posCols=1 newCols=1 effImprove=1 updated=0
    [CG] 列生成收敛，共 17 轮迭代
    [CG] [CG-NODE] depth=0 exit=CERTIFIED certified=1 feasible=1 iters=17 generatedColsBeforeNode=0 newCols=330 posCandidates=333 duplicateCandidates=3 updatedCols=3 zeroObjImproveIters=3 objFirst=1095818.364966 objLast=2419976.311887 objGain=1324157.946921 maxRC=1220246.844702 wallSec=0.216034 pricingSec=0.204734 cplexSolveSec=0.007468
      [BB] 根节点即为整数解，obj=2419976.311887
