    [CG] 列生成开始，初始列数=310
    [CG] CG iter 1: obj=961709.681969, maxRC=1204924.931491, +30 cols
    [CG]   [DIAG] iter=1 posCols=30 newCols=30 effImprove=30 updated=0
    [CG] CG iter 2: obj=1596583.675704, maxRC=354699.691421, +30 cols
    [CG]   [DIAG] iter=2 posCols=30 newCols=30 effImprove=30 updated=0
    [CG] CG iter 3: obj=1928000.683585, maxRC=588890.319239, +30 cols
    [CG]   [DIAG] iter=3 posCols=30 newCols=30 effImprove=30 updated=0
    [CG] CG iter 4: obj=1974097.265398, maxRC=304434.410378, +30 cols
    [CG]   [DIAG] iter=4 posCols=30 newCols=30 effImprove=30 updated=0
    [CG] CG iter 5: obj=2036179.008403, maxRC=262713.141653, +29 cols
    [CG]   [DIAG] iter=5 posCols=29 newCols=29 effImprove=29 updated=0
    [CG] CG iter 6: obj=2086536.710225, maxRC=148781.951410, +30 cols
    [CG]   [DIAG] iter=6 posCols=30 newCols=30 effImprove=30 updated=0
    [CG] CG iter 7: obj=2149342.517563, maxRC=124773.143928, +27 cols
    [CG]   [DIAG] iter=7 posCols=27 newCols=27 effImprove=27 updated=0
    [CG] CG iter 8: obj=2218817.492792, maxRC=158898.956073, +27 cols
    [CG]   [DIAG] iter=8 posCols=27 newCols=27 effImprove=27 updated=0
    [CG] CG iter 9: obj=2278033.189423, maxRC=108875.290471, +20 cols
    [CG]   [DIAG] iter=9 posCols=20 newCols=19 effImprove=20 updated=1
    [CG] CG iter 10: obj=2299836.758197, maxRC=111348.738419, +18 cols
    [CG]   [DIAG] iter=10 posCols=18 newCols=18 effImprove=18 updated=0
    [CG] CG iter 11: obj=2305936.763305, maxRC=45937.206965, +12 cols
    [CG]   [DIAG] iter=11 posCols=12 newCols=12 effImprove=12 updated=0
    [CG] CG iter 12: obj=2357120.215436, maxRC=24054.483190, +9 cols
    [CG]   [DIAG] iter=12 posCols=9 newCols=9 effImprove=9 updated=0
    [CG] CG iter 13: obj=2357120.215436, maxRC=19798.894164, +9 cols
    [CG]   [DIAG] iter=13 posCols=9 newCols=9 effImprove=9 updated=0
    [CG] CG iter 14: obj=2357120.215436, maxRC=19775.225391, +6 cols
    [CG]   [DIAG] iter=14 posCols=6 newCols=6 effImprove=6 updated=0
    [CG] CG iter 15: obj=2357120.215436, maxRC=19355.244088, +1 cols
    [CG]   [DIAG] iter=15 posCols=1 newCols=1 effImprove=1 updated=0
    [CG] CG iter 16: obj=2376475.459524, maxRC=15445.161505, +6 cols
    [CG]   [DIAG] iter=16 posCols=6 newCols=6 effImprove=6 updated=0
    [CG] CG iter 17: obj=2376475.459524, maxRC=11928.752585, +1 cols
    [CG]   [DIAG] iter=17 posCols=1 newCols=0 effImprove=1 updated=1
    [CG] CG iter 18: obj=2376475.459524, maxRC=410.841439, +2 cols
    [CG]   [DIAG] iter=18 posCols=2 newCols=2 effImprove=2 updated=0
    [CG] 列生成收敛，共 19 轮迭代
    [CG] [CG-NODE] depth=0 exit=CERTIFIED certified=1 feasible=1 iters=19 generatedColsBeforeNode=0 newCols=315 posCandidates=317 duplicateCandidates=2 updatedCols=2 zeroObjImproveIters=6 objFirst=961709.681969 objLast=2376475.459524 objGain=1414765.777555 maxRC=1204924.931491 wallSec=0.193781 pricingSec=0.180748 cplexSolveSec=0.007972
      [BB] 根节点即为整数解，obj=2376475.459524
