    [CG] 列生成开始，初始列数=310
    [CG] CG iter 1: obj=961574.266377, maxRC=1684290.793347, +30 cols
    [CG]   [DIAG] iter=1 posCols=30 newCols=30 effImprove=30 updated=0
    [CG] CG iter 2: obj=1907414.613101, maxRC=317363.692007, +27 cols
    [CG]   [DIAG] iter=2 posCols=27 newCols=27 effImprove=27 updated=0
    [CG] CG iter 3: obj=2088225.485538, maxRC=460858.102537, +28 cols
    [CG]   [DIAG] iter=3 posCols=28 newCols=28 effImprove=28 updated=0
    [CG] CG iter 4: obj=2212446.774565, maxRC=204489.918649, +29 cols
    [CG]   [DIAG] iter=4 posCols=29 newCols=29 effImprove=29 updated=0
    [CG] CG iter 5: obj=2275369.499703, maxRC=211752.343627, +26 cols
    [CG]   [DIAG] iter=5 posCols=26 newCols=26 effImprove=26 updated=0
    [CG] CG iter 6: obj=2296285.331056, maxRC=157946.112564, +21 cols
    [CG]   [DIAG] iter=6 posCols=21 newCols=19 effImprove=21 updated=2
    [CG] CG iter 7: obj=2361470.334722, maxRC=164708.264595, +23 cols
    [CG]   [DIAG] iter=7 posCols=23 newCols=23 effImprove=23 updated=0
    [CG] CG iter 8: obj=2413944.928160, maxRC=119011.982628, +19 cols
    [CG]   [DIAG] iter=8 posCols=19 newCols=19 effImprove=19 updated=0
    [CG] CG iter 9: obj=2478329.440721, maxRC=77316.126280, +14 cols
    [CG]   [DIAG] iter=9 posCols=14 newCols=14 effImprove=14 updated=0
    [CG] CG iter 10: obj=2480966.829020, maxRC=84293.984622, +14 cols
    [CG]   [DIAG] iter=10 posCols=14 newCols=14 effImprove=14 updated=0
    [CG] CG iter 11: obj=2483036.213010, maxRC=82862.570097, +16 cols
    [CG]   [DIAG] iter=11 posCols=16 newCols=16 effImprove=16 updated=0
    [CG] CG iter 12: obj=2501683.896889, maxRC=69157.361307, +12 cols
    [CG]   [DIAG] iter=12 posCols=12 newCols=11 effImprove=12 updated=1
    [CG] CG iter 13: obj=2536107.165107, maxRC=61062.182698, +9 cols
    [CG]   [DIAG] iter=13 posCols=9 newCols=9 effImprove=9 updated=0
    [CG] CG iter 14: obj=2536107.165107, maxRC=61515.484656, +5 cols
    [CG]   [DIAG] iter=14 posCols=5 newCols=5 effImprove=5 updated=0
    [CG] CG iter 15: obj=2536107.165107, maxRC=69051.939419, +7 cols
    [CG]   [DIAG] iter=15 posCols=7 newCols=7 effImprove=7 updated=0
    [CG] CG iter 16: obj=2536107.165107, maxRC=26239.030486, +3 cols
    [CG]   [DIAG] iter=16 posCols=3 newCols=3 effImprove=3 updated=0
    [CG] CG iter 17: obj=2536107.165107, maxRC=20453.803891, +3 cols
    [CG]   [DIAG] iter=17 posCols=3 newCols=3 effImprove=3 updated=0
    [CG] CG iter 18: obj=2536107.165107, maxRC=14963.562181, +3 cols
    [CG]   [DIAG] iter=18 posCols=3 newCols=3 effImprove=3 updated=0
    [CG] CG iter 19: obj=2536107.165107, maxRC=14755.054259, +3 cols
    [CG]   [DIAG] iter=19 posCols=3 newCols=3 effImprove=3 updated=0
    [CG] CG iter 20: obj=2536107.165107, maxRC=21299.993663, +3 cols
    [CG]   [DIAG] iter=20 posCols=3 newCols=3 effImprove=3 updated=0
    [CG] CG iter 21: obj=2536107.165107, maxRC=16667.323079, +6 cols
    [CG]   [DIAG] iter=21 posCols=6 newCols=6 effImprove=6 updated=0
    [CG] CG iter 22: obj=2536107.165107, maxRC=7438.358807, +4 cols
    [CG]   [DIAG] iter=22 posCols=4 newCols=4 effImprove=4 updated=0
    [CG] CG iter 23: obj=2536107.165107, maxRC=408.972543, +2 cols
    [CG]   [DIAG] iter=23 posCols=2 newCols=2 effImprove=2 updated=0
    [CG] CG iter 24: obj=2536107.165107, maxRC=433.254417, +2 cols
    [CG]   [DIAG] iter=24 posCols=2 newCols=2 effImprove=2 updated=0
    [CG] CG iter 25: obj=2536107.165107, maxRC=155.802528, +1 cols
    [CG]   [DIAG] iter=25 posCols=1 newCols=1 effImprove=1 updated=0
    [CG] 列生成收敛，共 26 轮迭代
    [CG] [CG-NODE] depth=0 exit=CERTIFIED certified=1 feasible=1 iters=26 generatedColsBeforeNode=0 newCols=307 posCandidates=310 duplicateCandidates=3 updatedCols=3 zeroObjImproveIters=13 objFirst=961574.266377 objLast=2536107.165107 objGain=1574532.898730 maxRC=1684290.793347 wallSec=0.209727 pricingSec=0.191794 cplexSolveSec=0.011517
      [BB] 根节点即为整数解，obj=2536107.165107
