    [CG] 列生成开始，初始列数=310
    [CG] CG iter 1: obj=966972.502603, maxRC=1687945.795631, +30 cols
    [CG]   [DIAG] iter=1 posCols=30 newCols=30 effImprove=30 updated=0
    [CG] CG iter 2: obj=1902071.598143, maxRC=347247.598722, +29 cols
    [CG]   [DIAG] iter=2 posCols=29 newCols=29 effImprove=29 updated=0
    [CG] CG iter 3: obj=2137599.888629, maxRC=456473.025666, +30 cols
    [CG]   [DIAG] iter=3 posCols=30 newCols=30 effImprove=30 updated=0
    [CG] CG iter 4: obj=2188285.050820, maxRC=292846.476351, +30 cols
    [CG]   [DIAG] iter=4 posCols=30 newCols=30 effImprove=30 updated=0
    [CG] CG iter 5: obj=2242859.206850, maxRC=233651.810585, +29 cols
    [CG]   [DIAG] iter=5 posCols=29 newCols=29 effImprove=29 updated=0
    [CG] CG iter 6: obj=2293114.925152, maxRC=166041.536717, +27 cols
    [CG]   [DIAG] iter=6 posCols=27 newCols=27 effImprove=27 updated=0
    [CG] CG iter 7: obj=2367964.528719, maxRC=140660.702796, +23 cols
    [CG]   [DIAG] iter=7 posCols=23 newCols=23 effImprove=23 updated=0
    [CG] CG iter 8: obj=2423070.824379, maxRC=129422.257951, +15 cols
    [CG]   [DIAG] iter=8 posCols=15 newCols=15 effImprove=15 updated=0
    [CG] CG iter 9: obj=2433134.422584, maxRC=67645.319796, +14 cols
    [CG]   [DIAG] iter=9 posCols=14 newCols=14 effImprove=14 updated=0
    [CG] CG iter 10: obj=2457629.363333, maxRC=150388.752230, +10 cols
    [CG]   [DIAG] iter=10 posCols=10 newCols=10 effImprove=10 updated=0
    [CG] CG iter 11: obj=2492890.391754, maxRC=123499.057929, +17 cols
    [CG]   [DIAG] iter=11 posCols=17 newCols=17 effImprove=17 updated=0
    [CG] CG iter 12: obj=2492890.391754, maxRC=91101.377456, +9 cols
    [CG]   [DIAG] iter=12 posCols=9 newCols=9 effImprove=9 updated=0
    [CG] CG iter 13: obj=2492890.391754, maxRC=90176.847296, +11 cols
    [CG]   [DIAG] iter=13 posCols=11 newCols=11 effImprove=11 updated=0
    [CG] CG iter 14: obj=2494224.488994, maxRC=56464.487864, +7 cols
    [CG]   [DIAG] iter=14 posCols=7 newCols=7 effImprove=7 updated=0
    [CG] CG iter 15: obj=2494224.488994, maxRC=27867.492441, +8 cols
    [CG]   [DIAG] iter=15 posCols=8 newCols=8 effImprove=8 updated=0
    [CG] CG iter 16: obj=2527338.421639, maxRC=21858.542969, +7 cols
    [CG]   [DIAG] iter=16 posCols=7 newCols=7 effImprove=7 updated=0
    [CG] CG iter 17: obj=2527338.421639, maxRC=17392.537569, +7 cols
    [CG]   [DIAG] iter=17 posCols=7 newCols=7 effImprove=7 updated=0
    [CG] CG iter 18: obj=2527338.421639, maxRC=20009.993895, +6 cols
    [CG]   [DIAG] iter=18 posCols=6 newCols=6 effImprove=6 updated=0
    [CG] CG iter 19: obj=2527338.421639, maxRC=10792.000052, +4 cols
    [CG]   [DIAG] iter=19 posCols=4 newCols=4 effImprove=4 updated=0
    [CG] CG iter 20: obj=2527501.501874, maxRC=13532.794624, +5 cols
    [CG]   [DIAG] iter=20 posCols=5 newCols=4 effImprove=5 updated=1
    [CG] CG iter 21: obj=2527501.501874, maxRC=7536.238459, +5 cols
    [CG]   [DIAG] iter=21 posCols=5 newCols=5 effImprove=5 updated=0
    [CG] CG iter 22: obj=2530445.510969, maxRC=5069.716996, +4 cols
    [CG]   [DIAG] iter=22 posCols=4 newCols=4 effImprove=4 updated=0
    [CG] CG iter 23: obj=2530445.510969, maxRC=1574.903893, +3 cols
    [CG]   [DIAG] iter=23 posCols=3 newCols=3 effImprove=3 updated=0
    [CG] CG iter 24: obj=2531683.218536, maxRC=892.666798, +2 cols
    [CG]   [DIAG] iter=24 posCols=2 newCols=2 effImprove=2 updated=0
    [CG] CG iter 25: obj=2531683.218536, maxRC=357.723245, +2 cols
    [CG]   [DIAG] iter=25 posCols=2 newCols=2 effImprove=2 updated=0
    [CG] 列生成收敛，共 26 轮迭代
    [CG] [CG-NODE] depth=0 exit=CERTIFIED certified=1 feasible=1 iters=26 generatedColsBeforeNode=0 newCols=333 posCandidates=334 duplicateCandidates=1 updatedCols=1 zeroObjImproveIters=10 objFirst=966972.502603 objLast=2531683.218536 objGain=1564710.715933 maxRC=1687945.795631 wallSec=0.216535 pricingSec=0.202308 cplexSolveSec=0.009982
      [BB] 根节点即为整数解，obj=2531683.218536
