    [CG] 列生成开始，初始列数=310
    [CG] CG iter 1: obj=857805.067713, maxRC=1095074.685289, +30 cols
    [CG]   [DIAG] iter=1 posCols=30 newCols=30 effImprove=30 updated=0
    [CG] CG iter 2: obj=1572585.408132, maxRC=274893.683257, +30 cols
    [CG]   [DIAG] iter=2 posCols=30 newCols=30 effImprove=30 updated=0
    [CG] CG iter 3: obj=1760214.143348, maxRC=405058.131469, +30 cols
    [CG]   [DIAG] iter=3 posCols=30 newCols=30 effImprove=30 updated=0
    [CG] CG iter 4: obj=1829861.125578, maxRC=234057.560718, +27 cols
    [CG]   [DIAG] iter=4 posCols=27 newCols=27 effImprove=27 updated=0
    [CG] CG iter 5: obj=1884516.065866, maxRC=140011.378262, +21 cols
    [CG]   [DIAG] iter=5 posCols=21 newCols=21 effImprove=21 updated=0
    [CG] CG iter 6: obj=1959677.227326, maxRC=120656.044347, +22 cols
    [CG]   [DIAG] iter=6 posCols=22 newCols=22 effImprove=22 updated=0
    [CG] CG iter 7: obj=2016005.474686, maxRC=115454.797374, +23 cols
    [CG]   [DIAG] iter=7 posCols=23 newCols=23 effImprove=23 updated=0
    [CG] CG iter 8: obj=2073041.226147, maxRC=47552.398459, +21 cols
    [CG]   [DIAG] iter=8 posCols=21 newCols=21 effImprove=21 updated=0
    [CG] CG iter 9: obj=2088292.065584, maxRC=57829.601536, +22 cols
    [CG]   [DIAG] iter=9 posCols=22 newCols=22 effImprove=22 updated=0
    [CG] CG iter 10: obj=2125567.274280, maxRC=43969.351822, +21 cols
    [CG]   [DIAG] iter=10 posCols=21 newCols=21 effImprove=21 updated=0
    [CG] CG iter 11: obj=2147964.819073, maxRC=51509.026708, +12 cols
    [CG]   [DIAG] iter=11 posCols=12 newCols=12 effImprove=12 updated=0
    [CG] CG iter 12: obj=2147964.819073, maxRC=20553.899750, +13 cols
    [CG]   [DIAG] iter=12 posCols=13 newCols=13 effImprove=13 updated=0
    [CG] CG iter 13: obj=2168518.718823, maxRC=9231.043715, +5 cols
    [CG]   [DIAG] iter=13 posCols=5 newCols=4 effImprove=5 updated=1
    [CG] CG iter 14: obj=2168518.718823, maxRC=8397.066038, +2 cols
    [CG]   [DIAG] iter=14 posCols=2 newCols=2 effImprove=2 updated=0
    [CG] CG iter 15: obj=2168518.718823, maxRC=8310.644119, +2 cols
    [CG]   [DIAG] iter=15 posCols=2 newCols=2 effImprove=2 updated=0
    [CG] CG iter 16: obj=2168518.718823, maxRC=2298.054280, +2 cols
    [CG]   [DIAG] iter=16 posCols=2 newCols=2 effImprove=2 updated=0
    [CG] 列生成收敛，共 17 轮迭代
    [CG] [CG-NODE] depth=0 exit=CERTIFIED certified=1 feasible=1 iters=17 generatedColsBeforeNode=0 newCols=282 posCandidates=283 duplicateCandidates=1 updatedCols=1 zeroObjImproveIters=5 objFirst=857805.067713 objLast=2168518.718823 objGain=1310713.651110 maxRC=1095074.685289 wallSec=0.117203 pricingSec=0.106914 cplexSolveSec=0.007056
      [BB] 根节点即为整数解，obj=2168518.718823
