    [CG] 列生成开始，初始列数=310
    [CG] CG iter 1: obj=707053.402131, maxRC=1117517.246798, +27 cols
    [CG]   [DIAG] iter=1 posCols=27 newCols=27 effImprove=27 updated=0
    [CG] CG iter 2: obj=1473688.025884, maxRC=259492.115243, +24 cols
    [CG]   [DIAG] iter=2 posCols=24 newCols=24 effImprove=24 updated=0
    [CG] CG iter 3: obj=1609198.312288, maxRC=462546.371133, +24 cols
    [CG]   [DIAG] iter=3 posCols=24 newCols=24 effImprove=24 updated=0
    [CG] CG iter 4: obj=1628877.867835, maxRC=489081.871420, +26 cols
    [CG]   [DIAG] iter=4 posCols=26 newCols=26 effImprove=26 updated=0
    [CG] CG iter 5: obj=1704589.045635, maxRC=223535.937227, +23 cols
    [CG]   [DIAG] iter=5 posCols=23 newCols=23 effImprove=23 updated=0
    [CG] CG iter 6: obj=1774034.601230, maxRC=155564.986083, +17 cols
    [CG]   [DIAG] iter=6 posCols=17 newCols=17 effImprove=17 updated=0
    [CG] CG iter 7: obj=1825164.286453, maxRC=175599.891844, +20 cols
    [CG]   [DIAG] iter=7 posCols=20 newCols=20 effImprove=20 updated=0
    [CG] CG iter 8: obj=1898220.145083, maxRC=79286.301032, +18 cols
    [CG]   [DIAG] iter=8 posCols=18 newCols=18 effImprove=18 updated=0
    [CG] CG iter 9: obj=1912350.316172, maxRC=64303.587149, +16 cols
    [CG]   [DIAG] iter=9 posCols=16 newCols=15 effImprove=16 updated=1
    [CG] CG iter 10: obj=1934048.902906, maxRC=60468.553175, +15 cols
    [CG]   [DIAG] iter=10 posCols=15 newCols=15 effImprove=15 updated=0
    [CG] CG iter 11: obj=1946112.233604, maxRC=46542.535577, +16 cols
    [CG]   [DIAG] iter=11 posCols=16 newCols=16 effImprove=16 updated=0
    [CG] CG iter 12: obj=1953958.762401, maxRC=32370.996438, +11 cols
    [CG]   [DIAG] iter=12 posCols=11 newCols=11 effImprove=11 updated=0
    [CG] CG iter 13: obj=1969373.188572, maxRC=18732.925639, +8 cols
    [CG]   [DIAG] iter=13 posCols=8 newCols=8 effImprove=8 updated=0
    [CG] CG iter 14: obj=1970349.962842, maxRC=18635.810211, +5 cols
    [CG]   [DIAG] iter=14 posCols=5 newCols=5 effImprove=5 updated=0
    [CG] CG iter 15: obj=1971160.257012, maxRC=4924.420775, +2 cols
    [CG]   [DIAG] iter=15 posCols=2 newCols=2 effImprove=2 updated=0
    [CG] CG iter 16: obj=1972149.988158, maxRC=1286.344281, +2 cols
    [CG]   [DIAG] iter=16 posCols=2 newCols=2 effImprove=2 updated=0
    [CG] CG iter 17: obj=1972149.988158, maxRC=1243.603371, +1 cols
    [CG]   [DIAG] iter=17 posCols=1 newCols=1 effImprove=1 updated=0
    [CG] 列生成收敛，共 18 轮迭代
    [CG] [CG-NODE] depth=0 exit=CERTIFIED certified=1 feasible=1 iters=18 generatedColsBeforeNode=0 newCols=254 posCandidates=255 duplicateCandidates=1 updatedCols=1 zeroObjImproveIters=1 objFirst=707053.402131 objLast=1972771.789844 objGain=1265718.387713 maxRC=1117517.246798 wallSec=0.210409 pricingSec=0.198136 cplexSolveSec=0.007683
      [BB] 分支定界开始，根节点LP obj=1972771.789844，最大节点数=10000
      [BB] 根节点启发式下界 LB=1287749.591509（上界=1972771.789844）
    [CG] [BB-DIAG] 分支 x_{dc=1,retailer=3}, 节点数=1
    [CG] 列生成开始，初始列数=551
    [CG] CG iter 19: obj=1966738.387153, maxRC=26056.984873, +12 cols
    [CG]   [DIAG] iter=19 posCols=12 newCols=12 effImprove=12 updated=0
    [CG] CG iter 20: obj=1967561.621742, maxRC=25305.421582, +10 cols
    [CG]   [DIAG] iter=20 posCols=10 newCols=10 effImprove=10 updated=0
    [CG] CG iter 21: obj=1968519.413402, maxRC=7946.375620, +6 cols
    [CG]   [DIAG] iter=21 posCols=6 newCols=6 effImprove=6 updated=0
    [CG] CG iter 22: obj=1970472.845478, maxRC=2592.912422, +2 cols
    [CG]   [DIAG] iter=22 posCols=2 newCols=2 effImprove=2 updated=0
    [CG] CG iter 23: obj=1970472.845478, maxRC=2505.803534, +1 cols
    [CG]   [DIAG] iter=23 posCols=1 newCols=1 effImprove=1 updated=0
    [CG] CG iter 24: obj=1970472.845478, maxRC=168.733752, +1 cols
    [CG]   [DIAG] iter=24 posCols=1 newCols=1 effImprove=1 updated=0
    [CG] CG iter 25: obj=1970472.845478, maxRC=158.165489, +1 cols
    [CG]   [DIAG] iter=25 posCols=1 newCols=1 effImprove=1 updated=0
    [CG] CG iter 26: obj=1970472.845478, maxRC=209.807290, +1 cols
    [CG]   [DIAG] iter=26 posCols=1 newCols=1 effImprove=1 updated=0
    [CG] CG iter 27: obj=1970472.845478, maxRC=170.357000, +1 cols
    [CG]   [DIAG] iter=27 posCols=1 newCols=1 effImprove=1 updated=0
    [CG] CG iter 28: obj=1970472.845478, maxRC=130.443539, +1 cols
    [CG]   [DIAG] iter=28 posCols=1 newCols=1 effImprove=1 updated=0
    [CG] 列生成收敛，共 29 轮迭代
    [CG] [CG-NODE] depth=1 exit=CERTIFIED certified=1 feasible=1 iters=11 generatedColsBeforeNode=254 newCols=36 posCandidates=36 duplicateCandidates=0 updatedCols=0 zeroObjImproveIters=7 objFirst=1966738.387153 objLast=1970472.845478 objGain=3734.458325 maxRC=26056.984873 wallSec=0.072680 pricingSec=0.066571 cplexSolveSec=0.004322
    [CG] 列生成开始，初始列数=510
    [CG] CG iter 30: obj=1970349.962842, maxRC=89776.997376, +19 cols
    [CG]   [DIAG] iter=30 posCols=19 newCols=19 effImprove=19 updated=0
    [CG] CG iter 31: obj=1970349.962842, maxRC=57155.851712, +13 cols
    [CG]   [DIAG] iter=31 posCols=13 newCols=13 effImprove=13 updated=0
    [CG] CG iter 32: obj=1970349.962842, maxRC=14394.338664, +7 cols
    [CG]   [DIAG] iter=32 posCols=7 newCols=7 effImprove=7 updated=0
    [CG] CG iter 33: obj=1970349.962842, maxRC=6766.092780, +6 cols
    [CG]   [DIAG] iter=33 posCols=6 newCols=5 effImprove=6 updated=1
    [CG] CG iter 34: obj=1970349.962842, maxRC=681.461745, +3 cols
    [CG]   [DIAG] iter=34 posCols=3 newCols=3 effImprove=3 updated=0
    [CG] 列生成收敛，共 35 轮迭代
    [CG] [CG-NODE] depth=1 exit=CERTIFIED certified=1 feasible=1 iters=6 generatedColsBeforeNode=290 newCols=47 posCandidates=48 duplicateCandidates=1 updatedCols=1 zeroObjImproveIters=5 objFirst=1970349.962842 objLast=1970349.962842 objGain=0.000000 maxRC=89776.997376 wallSec=0.045084 pricingSec=0.040854 cplexSolveSec=0.002785
    [CG] [BB-INCUMBENT] selection=2 node=1 previous=1287749.591509 value=1970349.962842 active=1
    [CG] [BB-NODESEL] strategy=hybrid choice=dfs eligibleCount=1 active=1 gap=0.000062
    [CG] [BB-DIAG] 分支 x_{dc=6,retailer=0}, 节点数=2
    [CG] 列生成开始，初始列数=559
    [CG] CG iter 36: obj=1968946.088541, maxRC=5433.228553, +3 cols
    [CG]   [DIAG] iter=36 posCols=3 newCols=3 effImprove=3 updated=0
    [CG] CG iter 37: obj=1968946.088541, maxRC=5404.483534, +1 cols
    [CG]   [DIAG] iter=37 posCols=1 newCols=1 effImprove=1 updated=0
    [CG] CG iter 38: obj=1968946.088541, maxRC=5367.702480, +1 cols
    [CG]   [DIAG] iter=38 posCols=1 newCols=1 effImprove=1 updated=0
    [CG] CG iter 39: obj=1968946.088541, maxRC=1550.599473, +1 cols
    [CG]   [DIAG] iter=39 posCols=1 newCols=1 effImprove=1 updated=0
    [CG] CG iter 40: obj=1968946.088541, maxRC=1521.372070, +1 cols
    [CG]   [DIAG] iter=40 posCols=1 newCols=1 effImprove=1 updated=0
    [CG] CG iter 41: obj=1968946.088541, maxRC=70.354956, +1 cols
    [CG]   [DIAG] iter=41 posCols=1 newCols=1 effImprove=1 updated=0
    [CG] CG iter 42: obj=1968946.088541, maxRC=38.654384, +1 cols
    [CG]   [DIAG] iter=42 posCols=1 newCols=1 effImprove=1 updated=0
    [CG] 列生成收敛，共 43 轮迭代
    [CG] [CG-NODE] depth=2 exit=CERTIFIED certified=1 feasible=1 iters=8 generatedColsBeforeNode=337 newCols=9 posCandidates=9 duplicateCandidates=0 updatedCols=0 zeroObjImproveIters=7 objFirst=1968946.088541 objLast=1968946.088541 objGain=-0.000000 maxRC=5433.228553 wallSec=0.047906 pricingSec=0.043603 cplexSolveSec=0.002913
    [CG] 列生成开始，初始列数=538
    [CG] CG iter 44: obj=1963535.757994, maxRC=23935.029739, +3 cols
    [CG]   [DIAG] iter=44 posCols=3 newCols=3 effImprove=3 updated=0
    [CG] CG iter 45: obj=1963535.757994, maxRC=10056.103215, +4 cols
    [CG]   [DIAG] iter=45 posCols=4 newCols=4 effImprove=4 updated=0
    [CG] CG iter 46: obj=1965728.824882, maxRC=10937.250182, +2 cols
    [CG]   [DIAG] iter=46 posCols=2 newCols=2 effImprove=2 updated=0
    [CG] CG iter 47: obj=1965728.824882, maxRC=810.044511, +1 cols
    [CG]   [DIAG] iter=47 posCols=1 newCols=1 effImprove=1 updated=0
    [CG] CG iter 48: obj=1966065.968203, maxRC=435.439004, +1 cols
    [CG]   [DIAG] iter=48 posCols=1 newCols=1 effImprove=1 updated=0
    [CG] CG iter 49: obj=1966065.968203, maxRC=200.545000, +1 cols
    [CG]   [DIAG] iter=49 posCols=1 newCols=1 effImprove=1 updated=0
    [CG] CG iter 50: obj=1966065.968203, maxRC=132.317578, +1 cols
    [CG]   [DIAG] iter=50 posCols=1 newCols=1 effImprove=1 updated=0
    [CG] CG iter 51: obj=1966065.968203, maxRC=77.631807, +1 cols
    [CG]   [DIAG] iter=51 posCols=1 newCols=1 effImprove=1 updated=0
    [CG] 列生成收敛，共 52 轮迭代
    [CG] [CG-NODE] depth=2 exit=CERTIFIED certified=1 feasible=1 iters=9 generatedColsBeforeNode=346 newCols=14 posCandidates=14 duplicateCandidates=0 updatedCols=0 zeroObjImproveIters=6 objFirst=1963535.757994 objLast=1966065.968203 objGain=2530.210210 maxRC=23935.029739 wallSec=0.050495 pricingSec=0.045944 cplexSolveSec=0.003181
      [BB] 分支定界结束：处理 5 节点，剪枝 2，剩余活跃 0，整数解 2，状态=OPTIMAL，最好可行 obj=1970349.962842，gap=0.000000
