    [CG] 列生成开始，初始列数=310
    [CG] CG iter 1: obj=195777.783036, maxRC=1116553.045663, +6 cols
    [CG]   [DIAG] iter=1 posCols=6 newCols=6 effImprove=6 updated=0
    [CG] CG iter 2: obj=1258911.741231, maxRC=493984.506767, +6 cols
    [CG]   [DIAG] iter=2 posCols=6 newCols=6 effImprove=6 updated=0
    [CG] CG iter 3: obj=1258911.741231, maxRC=572497.388322, +6 cols
    [CG]   [DIAG] iter=3 posCols=6 newCols=6 effImprove=6 updated=0
    [CG] CG iter 4: obj=1258911.741231, maxRC=629670.378975, +6 cols
    [CG]   [DIAG] iter=4 posCols=6 newCols=6 effImprove=6 updated=0
    [CG] CG iter 5: obj=1258911.741231, maxRC=564963.231996, +6 cols
    [CG]   [DIAG] iter=5 posCols=6 newCols=6 effImprove=6 updated=0
    [CG] CG iter 6: obj=1258911.741231, maxRC=293518.878562, +6 cols
    [CG]   [DIAG] iter=6 posCols=6 newCols=6 effImprove=6 updated=0
    [CG] CG iter 7: obj=1258911.741231, maxRC=300548.718919, +6 cols
    [CG]   [DIAG] iter=7 posCols=6 newCols=6 effImprove=6 updated=0
    [CG] CG iter 8: obj=1260543.450960, maxRC=150612.666097, +6 cols
    [CG]   [DIAG] iter=8 posCols=6 newCols=6 effImprove=6 updated=0
    [CG] CG iter 9: obj=1323346.414296, maxRC=309414.348572, +6 cols
    [CG]   [DIAG] iter=9 posCols=6 newCols=6 effImprove=6 updated=0
    [CG] CG iter 10: obj=1323346.414296, maxRC=182929.377402, +6 cols
    [CG]   [DIAG] iter=10 posCols=6 newCols=6 effImprove=6 updated=0
    [CG] CG iter 11: obj=1323346.414296, maxRC=202320.914308, +6 cols
    [CG]   [DIAG] iter=11 posCols=6 newCols=6 effImprove=6 updated=0
    [CG] CG iter 12: obj=1323346.414296, maxRC=186980.521935, +6 cols
    [CG]   [DIAG] iter=12 posCols=6 newCols=6 effImprove=6 updated=0
    [CG] CG iter 13: obj=1345488.107255, maxRC=117765.261947, +6 cols
    [CG]   [DIAG] iter=13 posCols=6 newCols=6 effImprove=6 updated=0
    [CG] CG iter 14: obj=1357625.658795, maxRC=112295.999780, +6 cols
    [CG]   [DIAG] iter=14 posCols=6 newCols=6 effImprove=6 updated=0
    [CG] CG iter 15: obj=1357625.658795, maxRC=82663.779336, +6 cols
    [CG]   [DIAG] iter=15 posCols=6 newCols=6 effImprove=6 updated=0
    [CG] CG iter 16: obj=1365600.395779, maxRC=84993.653461, +6 cols
    [CG]   [DIAG] iter=16 posCols=6 newCols=6 effImprove=6 updated=0
    [CG] CG iter 17: obj=1366962.013566, maxRC=34287.093533, +6 cols
    [CG]   [DIAG] iter=17 posCols=6 newCols=6 effImprove=6 updated=0
    [CG] CG iter 18: obj=1370205.190291, maxRC=71698.454400, +6 cols
    [CG]   [DIAG] iter=18 posCols=6 newCols=6 effImprove=6 updated=0
    [CG] CG iter 19: obj=1370205.190291, maxRC=42334.146671, +6 cols
    [CG]   [DIAG] iter=19 posCols=6 newCols=6 effImprove=6 updated=0
    [CG] CG iter 20: obj=1374209.825922, maxRC=56449.248151, +6 cols
    [CG]   [DIAG] iter=20 posCols=6 newCols=6 effImprove=6 updated=0
    [CG] CG iter 21: obj=1376998.626978, maxRC=41428.919862, +6 cols
    [CG]   [DIAG] iter=21 posCols=6 newCols=6 effImprove=6 updated=0
    [CG] CG iter 22: obj=1381975.837312, maxRC=21108.247921, +5 cols
    [CG]   [DIAG] iter=22 posCols=5 newCols=5 effImprove=5 updated=0
    [CG] CG iter 23: obj=1397609.719549, maxRC=33148.428410, +4 cols
    [CG]   [DIAG] iter=23 posCols=4 newCols=4 effImprove=4 updated=0
    [CG] CG iter 24: obj=1403957.697685, maxRC=25013.644603, +5 cols
    [CG]   [DIAG] iter=24 posCols=5 newCols=5 effImprove=5 updated=0
    [CG] CG iter 25: obj=1403957.697685, maxRC=11819.005012, +4 cols
    [CG]   [DIAG] iter=25 posCols=4 newCols=4 effImprove=4 updated=0
    [CG] CG iter 26: obj=1403957.697685, maxRC=15600.740296, +5 cols
    [CG]   [DIAG] iter=26 posCols=5 newCols=5 effImprove=5 updated=0
    [CG] CG iter 27: obj=1403957.697685, maxRC=11713.073022, +4 cols
    [CG]   [DIAG] iter=27 posCols=4 newCols=4 effImprove=4 updated=0
    [CG] CG iter 28: obj=1403957.697685, maxRC=4460.575981, +4 cols
    [CG]   [DIAG] iter=28 posCols=4 newCols=4 effImprove=4 updated=0
    [CG] CG iter 29: obj=1403957.697685, maxRC=3452.203891, +3 cols
    [CG]   [DIAG] iter=29 posCols=3 newCols=2 effImprove=3 updated=1
    [CG] CG iter 30: obj=1407409.901576, maxRC=1339.834946, +3 cols
    [CG]   [DIAG] iter=30 posCols=3 newCols=3 effImprove=3 updated=0
    [CG] CG iter 31: obj=1407409.901576, maxRC=662.483061, +2 cols
    [CG]   [DIAG] iter=31 posCols=2 newCols=2 effImprove=2 updated=0
    [CG] CG iter 32: obj=1407409.901576, maxRC=62.669082, +1 cols
    [CG]   [DIAG] iter=32 posCols=1 newCols=1 effImprove=1 updated=0
    [CG] CG iter 33: obj=1407409.901576, maxRC=32.633457, +1 cols
    [CG]   [DIAG] iter=33 posCols=1 newCols=1 effImprove=1 updated=0
    [CG] 列生成收敛，共 34 轮迭代
    [CG] [CG-NODE] depth=0 exit=CERTIFIED certified=1 feasible=1 iters=34 generatedColsBeforeNode=0 newCols=166 posCandidates=167 duplicateCandidates=1 updatedCols=1 zeroObjImproveIters=19 objFirst=195777.783036 objLast=1407409.901576 objGain=1211632.118540 maxRC=1116553.045663 wallSec=1.821188 pricingSec=1.805506 cplexSolveSec=0.009619
      [BB] 根节点即为整数解，obj=1407409.901576
