    [CG] 列生成开始，初始列数=310
    [CG] CG iter 1: obj=718604.362979, maxRC=1104210.740735, +27 cols
    [CG]   [DIAG] iter=1 posCols=27 newCols=27 effImprove=27 updated=0
    [CG] CG iter 2: obj=1548274.074348, maxRC=242643.633004, +24 cols
    [CG]   [DIAG] iter=2 posCols=24 newCols=24 effImprove=24 updated=0
    [CG] CG iter 3: obj=1688464.635342, maxRC=452456.212224, +25 cols
    [CG]   [DIAG] iter=3 posCols=25 newCols=25 effImprove=25 updated=0
    [CG] CG iter 4: obj=1704235.739945, maxRC=456674.804478, +26 cols
    [CG]   [DIAG] iter=4 posCols=26 newCols=26 effImprove=26 updated=0
    [CG] CG iter 5: obj=1760971.928307, maxRC=367336.829757, +23 cols
    [CG]   [DIAG] iter=5 posCols=23 newCols=23 effImprove=23 updated=0
    [CG] CG iter 6: obj=1792650.265726, maxRC=225136.555859, +20 cols
    [CG]   [DIAG] iter=6 posCols=20 newCols=20 effImprove=20 updated=0
    [CG] CG iter 7: obj=1820333.019865, maxRC=178516.638232, +19 cols
    [CG]   [DIAG] iter=7 posCols=19 newCols=19 effImprove=19 updated=0
    [CG] CG iter 8: obj=1881482.683380, maxRC=86659.125992, +19 cols
    [CG]   [DIAG] iter=8 posCols=19 newCols=19 effImprove=19 updated=0
    [CG] CG iter 9: obj=1948425.105373, maxRC=143972.408968, +19 cols
    [CG]   [DIAG] iter=9 posCols=19 newCols=19 effImprove=19 updated=0
    [CG] CG iter 10: obj=1976276.417802, maxRC=88138.772378, +18 cols
    [CG]   [DIAG] iter=10 posCols=18 newCols=18 effImprove=18 updated=0
    [CG] CG iter 11: obj=2008146.759922, maxRC=86697.706274, +19 cols
    [CG]   [DIAG] iter=11 posCols=19 newCols=19 effImprove=19 updated=0
    [CG] CG iter 12: obj=2011278.452795, maxRC=71046.859356, +18 cols
    [CG]   [DIAG] iter=12 posCols=18 newCols=18 effImprove=18 updated=0
    [CG] CG iter 13: obj=2031650.294227, maxRC=56941.371692, +20 cols
    [CG]   [DIAG] iter=13 posCols=20 newCols=20 effImprove=20 updated=0
    [CG] CG iter 14: obj=2045040.585288, maxRC=37469.714808, +15 cols
    [CG]   [DIAG] iter=14 posCols=15 newCols=15 effImprove=15 updated=0
    [CG] CG iter 15: obj=2049215.408292, maxRC=24758.188428, +18 cols
    [CG]   [DIAG] iter=15 posCols=18 newCols=18 effImprove=18 updated=0
    [CG] CG iter 16: obj=2065258.128632, maxRC=21593.618868, +15 cols
    [CG]   [DIAG] iter=16 posCols=15 newCols=14 effImprove=15 updated=1
    [CG] CG iter 17: obj=2065258.128632, maxRC=16319.792360, +9 cols
    [CG]   [DIAG] iter=17 posCols=9 newCols=9 effImprove=9 updated=0
    [CG] CG iter 18: obj=2066748.856262, maxRC=12137.089337, +5 cols
    [CG]   [DIAG] iter=18 posCols=5 newCols=5 effImprove=5 updated=0
    [CG] CG iter 19: obj=2066748.856262, maxRC=13281.934663, +5 cols
    [CG]   [DIAG] iter=19 posCols=5 newCols=5 effImprove=5 updated=0
    [CG] CG iter 20: obj=2071153.337441, maxRC=4096.036969, +5 cols
    [CG]   [DIAG] iter=20 posCols=5 newCols=5 effImprove=5 updated=0
    [CG] CG iter 21: obj=2071153.337441, maxRC=1470.678076, +2 cols
    [CG]   [DIAG] iter=21 posCols=2 newCols=2 effImprove=2 updated=0
    [CG] CG iter 22: obj=2071153.337441, maxRC=1242.591855, +1 cols
    [CG]   [DIAG] iter=22 posCols=1 newCols=1 effImprove=1 updated=0
    [CG] 列生成收敛，共 23 轮迭代
    [CG] [CG-NODE] depth=0 exit=CERTIFIED certified=1 feasible=1 iters=23 generatedColsBeforeNode=0 newCols=351 posCandidates=352 duplicateCandidates=1 updatedCols=1 zeroObjImproveIters=5 objFirst=718604.362979 objLast=2071153.337441 objGain=1352548.974462 maxRC=1104210.740735 wallSec=0.220274 pricingSec=0.204132 cplexSolveSec=0.010777
      [BB] 分支定界开始，根节点LP obj=2071153.337441，最大节点数=10000
      [BB] 根节点启发式下界 LB=2011797.465332（上界=2071153.337441）
    [CG] [BB-DIAG] 分支 x_{dc=4,retailer=1}, 节点数=1
    [CG] 列生成开始，初始列数=627
    [CG] CG iter 24: obj=2066943.951228, maxRC=27714.562832, +15 cols
    [CG]   [DIAG] iter=24 posCols=15 newCols=15 effImprove=15 updated=0
    [CG] CG iter 25: obj=2066943.951228, maxRC=12859.716942, +9 cols
    [CG]   [DIAG] iter=25 posCols=9 newCols=9 effImprove=9 updated=0
    [CG] CG iter 26: obj=2066943.951228, maxRC=5562.379626, +5 cols
    [CG]   [DIAG] iter=26 posCols=5 newCols=5 effImprove=5 updated=0
    [CG] CG iter 27: obj=2066943.951228, maxRC=504.925947, +1 cols
    [CG]   [DIAG] iter=27 posCols=1 newCols=1 effImprove=1 updated=0
    [CG] CG iter 28: obj=2066943.951228, maxRC=128.798832, +1 cols
    [CG]   [DIAG] iter=28 posCols=1 newCols=1 effImprove=1 updated=0
    [CG] CG iter 29: obj=2066943.951228, maxRC=84.053138, +1 cols
    [CG]   [DIAG] iter=29 posCols=1 newCols=1 effImprove=1 updated=0
    [CG] 列生成收敛，共 30 轮迭代
    [CG] [CG-NODE] depth=1 exit=CERTIFIED certified=1 feasible=1 iters=7 generatedColsBeforeNode=351 newCols=32 posCandidates=32 duplicateCandidates=0 updatedCols=0 zeroObjImproveIters=6 objFirst=2066943.951228 objLast=2066943.951228 objGain=0.000000 maxRC=27714.562832 wallSec=0.031848 pricingSec=0.027235 cplexSolveSec=0.003160
    [CG] 列生成开始，初始列数=601
    [CG] CG iter 31: obj=2070881.834764, maxRC=23197.971646, +12 cols
    [CG]   [DIAG] iter=31 posCols=12 newCols=12 effImprove=12 updated=0
    [CG] CG iter 32: obj=2070881.834764, maxRC=16764.679480, +8 cols
    [CG]   [DIAG] iter=32 posCols=8 newCols=8 effImprove=8 updated=0
    [CG] CG iter 33: obj=2070881.834764, maxRC=18105.536604, +7 cols
    [CG]   [DIAG] iter=33 posCols=7 newCols=6 effImprove=7 updated=1
    [CG] CG iter 34: obj=2070881.834764, maxRC=8390.373626, +4 cols
    [CG]   [DIAG] iter=34 posCols=4 newCols=4 effImprove=4 updated=0
    [CG] CG iter 35: obj=2070881.834764, maxRC=1180.265124, +2 cols
    [CG]   [DIAG] iter=35 posCols=2 newCols=2 effImprove=2 updated=0
    [CG] CG iter 36: obj=2070881.834764, maxRC=1151.604243, +1 cols
    [CG]   [DIAG] iter=36 posCols=1 newCols=1 effImprove=1 updated=0
    [CG] CG iter 37: obj=2070881.834764, maxRC=792.133481, +1 cols
    [CG]   [DIAG] iter=37 posCols=1 newCols=1 effImprove=1 updated=0
    [CG] CG iter 38: obj=2070881.834764, maxRC=877.095730, +1 cols
    [CG]   [DIAG] iter=38 posCols=1 newCols=1 effImprove=1 updated=0
    [CG] CG iter 39: obj=2070881.834764, maxRC=512.951879, +1 cols
    [CG]   [DIAG] iter=39 posCols=1 newCols=1 effImprove=1 updated=0
    [CG] CG iter 40: obj=2070881.834764, maxRC=1383.060996, +1 cols
    [CG]   [DIAG] iter=40 posCols=1 newCols=1 effImprove=1 updated=0
    [CG] CG iter 41: obj=2070881.834764, maxRC=326.119029, +1 cols
    [CG]   [DIAG] iter=41 posCols=1 newCols=1 effImprove=1 updated=0
    [CG] CG iter 42: obj=2070881.834764, maxRC=548.121334, +1 cols
    [CG]   [DIAG] iter=42 posCols=1 newCols=1 effImprove=1 updated=0
    [CG] CG iter 43: obj=2070881.834764, maxRC=569.432540, +1 cols
    [CG]   [DIAG] iter=43 posCols=1 newCols=1 effImprove=1 updated=0
    [CG] CG iter 44: obj=2070881.834764, maxRC=245.872952, +1 cols
    [CG]   [DIAG] iter=44 posCols=1 newCols=1 effImprove=1 updated=0
    [CG] 列生成收敛，共 45 轮迭代
    [CG] [CG-NODE] depth=1 exit=CERTIFIED certified=1 feasible=1 iters=15 generatedColsBeforeNode=383 newCols=41 posCandidates=42 duplicateCandidates=1 updatedCols=1 zeroObjImproveIters=14 objFirst=2070881.834764 objLast=2070881.834764 objGain=0.000000 maxRC=23197.971646 wallSec=0.064424 pricingSec=0.057367 cplexSolveSec=0.005077
    [CG] [BB-INCUMBENT] selection=2 node=1 previous=2011797.465332 value=2070881.834764 active=1
    [CG] [BB-NODESEL] strategy=hybrid choice=dfs eligibleCount=1 active=1 gap=0.000000
      [BB] 分支定界结束：处理 3 节点，剪枝 1，剩余活跃 0，整数解 2，状态=OPTIMAL，最好可行 obj=2070881.834764，gap=0.000000
