    [CG] 列生成开始，初始列数=310
    [CG] CG iter 1: obj=757048.963916, maxRC=1116716.837064, +27 cols
    [CG]   [DIAG] iter=1 posCols=27 newCols=27 effImprove=27 updated=0
    [CG] CG iter 2: obj=1513632.868457, maxRC=271381.639656, +27 cols
    [CG]   [DIAG] iter=2 posCols=27 newCols=27 effImprove=27 updated=0
    [CG] CG iter 3: obj=1642615.216707, maxRC=389060.793605, +27 cols
    [CG]   [DIAG] iter=3 posCols=27 newCols=27 effImprove=27 updated=0
    [CG] CG iter 4: obj=1672809.299234, maxRC=356767.011716, +27 cols
    [CG]   [DIAG] iter=4 posCols=27 newCols=27 effImprove=27 updated=0
    [CG] CG iter 5: obj=1747822.884658, maxRC=226682.067780, +22 cols
    [CG]   [DIAG] iter=5 posCols=22 newCols=22 effImprove=22 updated=0
    [CG] CG iter 6: obj=1790467.951339, maxRC=182101.058829, +22 cols
    [CG]   [DIAG] iter=6 posCols=22 newCols=22 effImprove=22 updated=0
    [CG] CG iter 7: obj=1847530.881330, maxRC=180326.334984, +21 cols
    [CG]   [DIAG] iter=7 posCols=21 newCols=21 effImprove=21 updated=0
    [CG] CG iter 8: obj=1881787.631240, maxRC=96929.373902, +18 cols
    [CG]   [DIAG] iter=8 posCols=18 newCols=18 effImprove=18 updated=0
    [CG] CG iter 9: obj=1955485.190846, maxRC=79740.036865, +18 cols
    [CG]   [DIAG] iter=9 posCols=18 newCols=18 effImprove=18 updated=0
    [CG] CG iter 10: obj=2037738.190530, maxRC=36277.194882, +18 cols
    [CG]   [DIAG] iter=10 posCols=18 newCols=18 effImprove=18 updated=0
    [CG] CG iter 11: obj=2037738.190530, maxRC=54809.470676, +18 cols
    [CG]   [DIAG] iter=11 posCols=18 newCols=18 effImprove=18 updated=0
    [CG] CG iter 12: obj=2037738.190530, maxRC=26840.282349, +14 cols
    [CG]   [DIAG] iter=12 posCols=14 newCols=14 effImprove=14 updated=0
    [CG] CG iter 13: obj=2037738.190530, maxRC=27401.178455, +14 cols
    [CG]   [DIAG] iter=13 posCols=14 newCols=14 effImprove=14 updated=0
    [CG] CG iter 14: obj=2043477.333578, maxRC=9746.741291, +12 cols
    [CG]   [DIAG] iter=14 posCols=12 newCols=12 effImprove=12 updated=0
    [CG] CG iter 15: obj=2047623.724297, maxRC=6304.853530, +8 cols
    [CG]   [DIAG] iter=15 posCols=8 newCols=5 effImprove=8 updated=3
    [CG] CG iter 16: obj=2049930.486839, maxRC=180.197154, +1 cols
    [CG]   [DIAG] iter=16 posCols=1 newCols=1 effImprove=1 updated=0
    [CG] 列生成收敛，共 17 轮迭代
    [CG] [CG-NODE] depth=0 exit=CERTIFIED certified=1 feasible=1 iters=17 generatedColsBeforeNode=0 newCols=291 posCandidates=294 duplicateCandidates=3 updatedCols=3 zeroObjImproveIters=4 objFirst=757048.963916 objLast=2049930.486839 objGain=1292881.522923 maxRC=1116716.837064 wallSec=0.211715 pricingSec=0.181357 cplexSolveSec=0.008214
      [BB] 根节点即为整数解，obj=2049930.486839
