    [CG] 列生成开始，初始列数=310
    [CG] CG iter 1: obj=755991.716507, maxRC=1117207.064906, +27 cols
    [CG]   [DIAG] iter=1 posCols=27 newCols=27 effImprove=27 updated=0
    [CG] CG iter 2: obj=1525822.746373, maxRC=270300.283159, +27 cols
    [CG]   [DIAG] iter=2 posCols=27 newCols=27 effImprove=27 updated=0
    [CG] CG iter 3: obj=1722135.167427, maxRC=347720.138851, +27 cols
    [CG]   [DIAG] iter=3 posCols=27 newCols=27 effImprove=27 updated=0
    [CG] CG iter 4: obj=1786202.135734, maxRC=255855.709159, +22 cols
    [CG]   [DIAG] iter=4 posCols=22 newCols=22 effImprove=22 updated=0
    [CG] CG iter 5: obj=1835652.588732, maxRC=173462.433361, +19 cols
    [CG]   [DIAG] iter=5 posCols=19 newCols=19 effImprove=19 updated=0
    [CG] CG iter 6: obj=1875854.110096, maxRC=144651.891865, +16 cols
    [CG]   [DIAG] iter=6 posCols=16 newCols=16 effImprove=16 updated=0
    [CG] CG iter 7: obj=1926531.749881, maxRC=109453.537073, +16 cols
    [CG]   [DIAG] iter=7 posCols=16 newCols=16 effImprove=16 updated=0
    [CG] CG iter 8: obj=1967579.143629, maxRC=63011.043520, +16 cols
    [CG]   [DIAG] iter=8 posCols=16 newCols=15 effImprove=16 updated=1
    [CG] CG iter 9: obj=2001244.653578, maxRC=72937.044360, +16 cols
    [CG]   [DIAG] iter=9 posCols=16 newCols=16 effImprove=16 updated=0
    [CG] CG iter 10: obj=2025031.489131, maxRC=44070.270980, +15 cols
    [CG]   [DIAG] iter=10 posCols=15 newCols=15 effImprove=15 updated=0
    [CG] CG iter 11: obj=2044795.102300, maxRC=51270.968900, +13 cols
    [CG]   [DIAG] iter=11 posCols=13 newCols=13 effImprove=13 updated=0
    [CG] CG iter 12: obj=2044795.102300, maxRC=46833.834525, +12 cols
    [CG]   [DIAG] iter=12 posCols=12 newCols=12 effImprove=12 updated=0
    [CG] CG iter 13: obj=2044795.102300, maxRC=26904.398820, +12 cols
    [CG]   [DIAG] iter=13 posCols=12 newCols=12 effImprove=12 updated=0
    [CG] CG iter 14: obj=2072066.424854, maxRC=10172.007723, +9 cols
    [CG]   [DIAG] iter=14 posCols=9 newCols=9 effImprove=9 updated=0
    [CG] CG iter 15: obj=2076081.741844, maxRC=14668.370299, +7 cols
    [CG]   [DIAG] iter=15 posCols=7 newCols=7 effImprove=7 updated=0
    [CG] CG iter 16: obj=2076081.741844, maxRC=2177.056164, +5 cols
    [CG]   [DIAG] iter=16 posCols=5 newCols=5 effImprove=5 updated=0
    [CG] CG iter 17: obj=2076081.741844, maxRC=138.577444, +1 cols
    [CG]   [DIAG] iter=17 posCols=1 newCols=1 effImprove=1 updated=0
    [CG] 列生成收敛，共 18 轮迭代
    [CG] [CG-NODE] depth=0 exit=CERTIFIED certified=1 feasible=1 iters=18 generatedColsBeforeNode=0 newCols=259 posCandidates=260 duplicateCandidates=1 updatedCols=1 zeroObjImproveIters=5 objFirst=755991.716507 objLast=2076081.741844 objGain=1320090.025336 maxRC=1117207.064906 wallSec=0.175728 pricingSec=0.143124 cplexSolveSec=0.008529
      [BB] 根节点即为整数解，obj=2076081.741844
