    [CG] 列生成开始，初始列数=310
    [CG] CG iter 1: obj=936148.084277, maxRC=2122103.314141, +30 cols
    [CG]   [DIAG] iter=1 posCols=30 newCols=30 effImprove=30 updated=0
    [CG] CG iter 2: obj=2404647.375118, maxRC=367609.308608, +18 cols
    [CG]   [DIAG] iter=2 posCols=18 newCols=18 effImprove=18 updated=0
    [CG] CG iter 3: obj=2500134.357557, maxRC=713259.901996, +24 cols
    [CG]   [DIAG] iter=3 posCols=24 newCols=24 effImprove=24 updated=0
    [CG] CG iter 4: obj=2573396.389725, maxRC=411258.823574, +24 cols
    [CG]   [DIAG] iter=4 posCols=24 newCols=24 effImprove=24 updated=0
    [CG] CG iter 5: obj=2597631.772996, maxRC=591012.359619, +22 cols
    [CG]   [DIAG] iter=5 posCols=22 newCols=22 effImprove=22 updated=0
    [CG] CG iter 6: obj=2604221.664080, maxRC=370068.197255, +21 cols
    [CG]   [DIAG] iter=6 posCols=21 newCols=21 effImprove=21 updated=0
    [CG] CG iter 7: obj=2618027.887677, maxRC=306615.891824, +17 cols
    [CG]   [DIAG] iter=7 posCols=17 newCols=16 effImprove=17 updated=1
    [CG] CG iter 8: obj=2634504.990886, maxRC=282642.305430, +15 cols
    [CG]   [DIAG] iter=8 posCols=15 newCols=15 effImprove=15 updated=0
    [CG] CG iter 9: obj=2719009.623292, maxRC=192690.650073, +12 cols
    [CG]   [DIAG] iter=9 posCols=12 newCols=12 effImprove=12 updated=0
    [CG] CG iter 10: obj=2849614.397759, maxRC=301483.839861, +14 cols
    [CG]   [DIAG] iter=10 posCols=14 newCols=14 effImprove=14 updated=0
    [CG] CG iter 11: obj=2849614.397759, maxRC=160909.056837, +12 cols
    [CG]   [DIAG] iter=11 posCols=12 newCols=12 effImprove=12 updated=0
    [CG] CG iter 12: obj=2849614.397759, maxRC=145756.481005, +12 cols
    [CG]   [DIAG] iter=12 posCols=12 newCols=12 effImprove=12 updated=0
    [CG] CG iter 13: obj=2849614.397759, maxRC=119759.847034, +12 cols
    [CG]   [DIAG] iter=13 posCols=12 newCols=12 effImprove=12 updated=0
    [CG] CG iter 14: obj=2849614.397759, maxRC=216642.934481, +12 cols
    [CG]   [DIAG] iter=14 posCols=12 newCols=12 effImprove=12 updated=0
    [CG] CG iter 15: obj=2849614.397759, maxRC=186318.458176, +12 cols
    [CG]   [DIAG] iter=15 posCols=12 newCols=12 effImprove=12 updated=0
    [CG] CG iter 16: obj=2849614.397759, maxRC=129894.311853, +11 cols
    [CG]   [DIAG] iter=16 posCols=11 newCols=11 effImprove=11 updated=0
    [CG] CG iter 17: obj=2849614.397759, maxRC=165453.887477, +12 cols
    [CG]   [DIAG] iter=17 posCols=12 newCols=12 effImprove=12 updated=0
    [CG] CG iter 18: obj=2849614.397759, maxRC=120342.675253, +12 cols
    [CG]   [DIAG] iter=18 posCols=12 newCols=12 effImprove=12 updated=0
    [CG] CG iter 19: obj=2849614.397759, maxRC=131349.969158, +13 cols
    [CG]   [DIAG] iter=19 posCols=13 newCols=13 effImprove=13 updated=0
    [CG] CG iter 20: obj=2854381.299825, maxRC=70630.632753, +12 cols
    [CG]   [DIAG] iter=20 posCols=12 newCols=12 effImprove=12 updated=0
    [CG] CG iter 21: obj=2864670.355701, maxRC=47901.340844, +10 cols
    [CG]   [DIAG] iter=21 posCols=10 newCols=10 effImprove=10 updated=0
    [CG] CG iter 22: obj=2866563.748785, maxRC=54282.333861, +10 cols
    [CG]   [DIAG] iter=22 posCols=10 newCols=10 effImprove=10 updated=0
    [CG] CG iter 23: obj=2869819.055215, maxRC=38209.298233, +10 cols
    [CG]   [DIAG] iter=23 posCols=10 newCols=9 effImprove=10 updated=1
    [CG] CG iter 24: obj=2881377.745339, maxRC=39287.554742, +9 cols
    [CG]   [DIAG] iter=24 posCols=9 newCols=9 effImprove=9 updated=0
    [CG] CG iter 25: obj=2883069.110162, maxRC=33978.459653, +9 cols
    [CG]   [DIAG] iter=25 posCols=9 newCols=9 effImprove=9 updated=0
    [CG] CG iter 26: obj=2889646.354090, maxRC=16361.873140, +9 cols
    [CG]   [DIAG] iter=26 posCols=9 newCols=9 effImprove=9 updated=0
    [CG] CG iter 27: obj=2894096.694034, maxRC=18768.232402, +9 cols
    [CG]   [DIAG] iter=27 posCols=9 newCols=9 effImprove=9 updated=0
    [CG] CG iter 28: obj=2896015.870696, maxRC=17805.447196, +8 cols
    [CG]   [DIAG] iter=28 posCols=8 newCols=8 effImprove=8 updated=0
    [CG] CG iter 29: obj=2898407.997411, maxRC=16917.767566, +7 cols
    [CG]   [DIAG] iter=29 posCols=7 newCols=7 effImprove=7 updated=0
    [CG] CG iter 30: obj=2901508.263104, maxRC=18556.692554, +7 cols
    [CG]   [DIAG] iter=30 posCols=7 newCols=7 effImprove=7 updated=0
    [CG] CG iter 31: obj=2903902.222754, maxRC=13574.316033, +10 cols
    [CG]   [DIAG] iter=31 posCols=10 newCols=10 effImprove=10 updated=0
    [CG] CG iter 32: obj=2904778.062612, maxRC=22782.673076, +9 cols
    [CG]   [DIAG] iter=32 posCols=9 newCols=9 effImprove=9 updated=0
    [CG] CG iter 33: obj=2904955.167254, maxRC=12780.148153, +7 cols
    [CG]   [DIAG] iter=33 posCols=7 newCols=7 effImprove=7 updated=0
    [CG] CG iter 34: obj=2905391.966496, maxRC=6458.530150, +8 cols
    [CG]   [DIAG] iter=34 posCols=8 newCols=8 effImprove=8 updated=0
    [CG] CG iter 35: obj=2909162.803016, maxRC=13784.625519, +9 cols
    [CG]   [DIAG] iter=35 posCols=9 newCols=9 effImprove=9 updated=0
    [CG] CG iter 36: obj=2909162.803016, maxRC=8864.803941, +7 cols
    [CG]   [DIAG] iter=36 posCols=7 newCols=7 effImprove=7 updated=0
    [CG] CG iter 37: obj=2909198.119896, maxRC=13521.112529, +7 cols
    [CG]   [DIAG] iter=37 posCols=7 newCols=7 effImprove=7 updated=0
    [CG] CG iter 38: obj=2909314.950580, maxRC=12213.892722, +7 cols
    [CG]   [DIAG] iter=38 posCols=7 newCols=7 effImprove=7 updated=0
    [CG] CG iter 39: obj=2909778.972000, maxRC=12447.975777, +7 cols
    [CG]   [DIAG] iter=39 posCols=7 newCols=7 effImprove=7 updated=0
    [CG] CG iter 40: obj=2909778.972000, maxRC=9924.392264, +6 cols
    [CG]   [DIAG] iter=40 posCols=6 newCols=6 effImprove=6 updated=0
    [CG] CG iter 41: obj=2910881.682251, maxRC=2963.699992, +4 cols
    [CG]   [DIAG] iter=41 posCols=4 newCols=4 effImprove=4 updated=0
    [CG] CG iter 42: obj=2910881.682251, maxRC=2892.633051, +3 cols
    [CG]   [DIAG] iter=42 posCols=3 newCols=3 effImprove=3 updated=0
    [CG] CG iter 43: obj=2912398.763665, maxRC=7669.257552, +4 cols
    [CG]   [DIAG] iter=43 posCols=4 newCols=4 effImprove=4 updated=0
    [CG] CG iter 44: obj=2912398.763665, maxRC=3835.006483, +2 cols
    [CG]   [DIAG] iter=44 posCols=2 newCols=2 effImprove=2 updated=0
    [CG] CG iter 45: obj=2912398.763665, maxRC=690.460716, +1 cols
    [CG]   [DIAG] iter=45 posCols=1 newCols=1 effImprove=1 updated=0
    [CG] CG iter 46: obj=2912398.763665, maxRC=103.824742, +1 cols
    [CG]   [DIAG] iter=46 posCols=1 newCols=1 effImprove=1 updated=0
    [CG] 列生成收敛，共 47 轮迭代
    [CG] [CG-NODE] depth=0 exit=CERTIFIED certified=1 feasible=1 iters=47 generatedColsBeforeNode=0 newCols=495 posCandidates=497 duplicateCandidates=2 updatedCols=2 zeroObjImproveIters=16 objFirst=936148.084277 objLast=2912398.763665 objGain=1976250.679388 maxRC=2122103.314141 wallSec=0.514448 pricingSec=0.482416 cplexSolveSec=0.023352
      [BB] 分支定界开始，根节点LP obj=2912398.763665，最大节点数=10000
      [BB] 根节点启发式下界 LB=2408157.900090（上界=2912398.763665）
    [CG] [BB-DIAG] 分支 x_{dc=4,retailer=3}, 节点数=1
    [CG] 列生成开始，初始列数=711
    [CG] CG iter 48: obj=2904902.953404, maxRC=44956.735735, +11 cols
    [CG]   [DIAG] iter=48 posCols=11 newCols=11 effImprove=11 updated=0
    [CG] CG iter 49: obj=2904902.953404, maxRC=26757.302913, +10 cols
    [CG]   [DIAG] iter=49 posCols=10 newCols=10 effImprove=10 updated=0
    [CG] CG iter 50: obj=2904902.953404, maxRC=11630.208521, +7 cols
    [CG]   [DIAG] iter=50 posCols=7 newCols=7 effImprove=7 updated=0
    [CG] CG iter 51: obj=2904902.953404, maxRC=43210.608967, +8 cols
    [CG]   [DIAG] iter=51 posCols=8 newCols=8 effImprove=8 updated=0
    [CG] CG iter 52: obj=2904902.953404, maxRC=25286.590001, +7 cols
    [CG]   [DIAG] iter=52 posCols=7 newCols=7 effImprove=7 updated=0
    [CG] CG iter 53: obj=2904902.953404, maxRC=11645.980910, +7 cols
    [CG]   [DIAG] iter=53 posCols=7 newCols=7 effImprove=7 updated=0
    [CG] CG iter 54: obj=2904902.953404, maxRC=3551.691459, +6 cols
    [CG]   [DIAG] iter=54 posCols=6 newCols=6 effImprove=6 updated=0
    [CG] CG iter 55: obj=2904902.953404, maxRC=5001.439808, +7 cols
    [CG]   [DIAG] iter=55 posCols=7 newCols=7 effImprove=7 updated=0
    [CG] CG iter 56: obj=2904902.953404, maxRC=1560.589520, +5 cols
    [CG]   [DIAG] iter=56 posCols=5 newCols=5 effImprove=5 updated=0
    [CG] CG iter 57: obj=2904902.953404, maxRC=846.545543, +5 cols
    [CG]   [DIAG] iter=57 posCols=5 newCols=5 effImprove=5 updated=0
    [CG] CG iter 58: obj=2904902.953404, maxRC=710.183676, +3 cols
    [CG]   [DIAG] iter=58 posCols=3 newCols=3 effImprove=3 updated=0
    [CG] CG iter 59: obj=2904902.953404, maxRC=416.135036, +3 cols
    [CG]   [DIAG] iter=59 posCols=3 newCols=3 effImprove=3 updated=0
    [CG] 列生成收敛，共 60 轮迭代
    [CG] [CG-NODE] depth=1 exit=CERTIFIED certified=1 feasible=1 iters=13 generatedColsBeforeNode=495 newCols=79 posCandidates=79 duplicateCandidates=0 updatedCols=0 zeroObjImproveIters=12 objFirst=2904902.953404 objLast=2904902.953404 objGain=0.000000 maxRC=44956.735735 wallSec=0.076354 pricingSec=0.064961 cplexSolveSec=0.008501
    [CG] 列生成开始，初始列数=743
    [CG] CG iter 61: obj=2900714.100307, maxRC=26040.884485, +9 cols
    [CG]   [DIAG] iter=61 posCols=9 newCols=9 effImprove=9 updated=0
    [CG] CG iter 62: obj=2901406.441741, maxRC=10878.909455, +9 cols
    [CG]   [DIAG] iter=62 posCols=9 newCols=9 effImprove=9 updated=0
    [CG] CG iter 63: obj=2902773.835196, maxRC=10703.456296, +7 cols
    [CG]   [DIAG] iter=63 posCols=7 newCols=7 effImprove=7 updated=0
    [CG] CG iter 64: obj=2906455.926236, maxRC=5781.657536, +6 cols
    [CG]   [DIAG] iter=64 posCols=6 newCols=6 effImprove=6 updated=0
    [CG] CG iter 65: obj=2907037.116903, maxRC=4907.197679, +7 cols
    [CG]   [DIAG] iter=65 posCols=7 newCols=7 effImprove=7 updated=0
    [CG] CG iter 66: obj=2907037.116903, maxRC=1995.141735, +5 cols
    [CG]   [DIAG] iter=66 posCols=5 newCols=5 effImprove=5 updated=0
    [CG] CG iter 67: obj=2907037.116903, maxRC=1784.591294, +3 cols
    [CG]   [DIAG] iter=67 posCols=3 newCols=3 effImprove=3 updated=0
    [CG] CG iter 68: obj=2907037.116903, maxRC=1413.402558, +3 cols
    [CG]   [DIAG] iter=68 posCols=3 newCols=3 effImprove=3 updated=0
    [CG] CG iter 69: obj=2907037.116903, maxRC=2603.021682, +3 cols
    [CG]   [DIAG] iter=69 posCols=3 newCols=3 effImprove=3 updated=0
    [CG] CG iter 70: obj=2907037.116903, maxRC=1174.218471, +3 cols
    [CG]   [DIAG] iter=70 posCols=3 newCols=3 effImprove=3 updated=0
    [CG] CG iter 71: obj=2907037.116903, maxRC=2214.493678, +2 cols
    [CG]   [DIAG] iter=71 posCols=2 newCols=2 effImprove=2 updated=0
    [CG] CG iter 72: obj=2907037.116903, maxRC=392.390500, +1 cols
    [CG]   [DIAG] iter=72 posCols=1 newCols=1 effImprove=1 updated=0
    [CG] CG iter 73: obj=2907037.116903, maxRC=353.971240, +1 cols
    [CG]   [DIAG] iter=73 posCols=1 newCols=1 effImprove=1 updated=0
    [CG] CG iter 74: obj=2907037.116903, maxRC=171.509056, +1 cols
    [CG]   [DIAG] iter=74 posCols=1 newCols=1 effImprove=1 updated=0
    [CG] 列生成收敛，共 75 轮迭代
    [CG] [CG-NODE] depth=1 exit=CERTIFIED certified=1 feasible=1 iters=15 generatedColsBeforeNode=574 newCols=60 posCandidates=60 duplicateCandidates=0 updatedCols=0 zeroObjImproveIters=10 objFirst=2900714.100307 objLast=2907037.116903 objGain=6323.016596 maxRC=26040.884485 wallSec=0.072682 pricingSec=0.061185 cplexSolveSec=0.008442
    [CG] [BB-INCUMBENT] selection=2 node=1 previous=2408157.900090 value=2907037.116903 active=1
    [CG] [BB-NODESEL] strategy=hybrid choice=dfs eligibleCount=1 active=1 gap=0.000000
      [BB] 分支定界结束：处理 3 节点，剪枝 1，剩余活跃 0，整数解 2，状态=OPTIMAL，最好可行 obj=2907037.116903，gap=0.000000
