    [CG] 列生成开始，初始列数=310
    [CG] CG iter 1: obj=942202.054530, maxRC=2137126.860063, +30 cols
    [CG]   [DIAG] iter=1 posCols=30 newCols=30 effImprove=30 updated=0
    [CG] CG iter 2: obj=2438014.738211, maxRC=377206.391202, +21 cols
    [CG]   [DIAG] iter=2 posCols=21 newCols=21 effImprove=21 updated=0
    [CG] CG iter 3: obj=2471687.248051, maxRC=545518.153424, +24 cols
    [CG]   [DIAG] iter=3 posCols=24 newCols=24 effImprove=24 updated=0
    [CG] CG iter 4: obj=2565944.136645, maxRC=453844.400033, +23 cols
    [CG]   [DIAG] iter=4 posCols=23 newCols=23 effImprove=23 updated=0
    [CG] CG iter 5: obj=2568998.477115, maxRC=425494.667213, +23 cols
    [CG]   [DIAG] iter=5 posCols=23 newCols=22 effImprove=23 updated=1
    [CG] CG iter 6: obj=2630069.310740, maxRC=301459.972962, +21 cols
    [CG]   [DIAG] iter=6 posCols=21 newCols=21 effImprove=21 updated=0
    [CG] CG iter 7: obj=2662785.757343, maxRC=270852.157843, +18 cols
    [CG]   [DIAG] iter=7 posCols=18 newCols=18 effImprove=18 updated=0
    [CG] CG iter 8: obj=2825058.651705, maxRC=268471.099189, +18 cols
    [CG]   [DIAG] iter=8 posCols=18 newCols=18 effImprove=18 updated=0
    [CG] CG iter 9: obj=2825058.651705, maxRC=160471.313613, +13 cols
    [CG]   [DIAG] iter=9 posCols=13 newCols=13 effImprove=13 updated=0
    [CG] CG iter 10: obj=2841822.804317, maxRC=265988.103134, +14 cols
    [CG]   [DIAG] iter=10 posCols=14 newCols=14 effImprove=14 updated=0
    [CG] CG iter 11: obj=2841822.804317, maxRC=173310.374716, +13 cols
    [CG]   [DIAG] iter=11 posCols=13 newCols=13 effImprove=13 updated=0
    [CG] CG iter 12: obj=2848683.623428, maxRC=171823.433651, +14 cols
    [CG]   [DIAG] iter=12 posCols=14 newCols=14 effImprove=14 updated=0
    [CG] CG iter 13: obj=2854592.462380, maxRC=147718.300035, +12 cols
    [CG]   [DIAG] iter=13 posCols=12 newCols=12 effImprove=12 updated=0
    [CG] CG iter 14: obj=2858623.566010, maxRC=143720.178632, +12 cols
    [CG]   [DIAG] iter=14 posCols=12 newCols=12 effImprove=12 updated=0
    [CG] CG iter 15: obj=2860419.615630, maxRC=173595.645508, +13 cols
    [CG]   [DIAG] iter=15 posCols=13 newCols=13 effImprove=13 updated=0
    [CG] CG iter 16: obj=2862097.532584, maxRC=108102.709244, +12 cols
    [CG]   [DIAG] iter=16 posCols=12 newCols=12 effImprove=12 updated=0
    [CG] CG iter 17: obj=2863018.949193, maxRC=69157.422087, +9 cols
    [CG]   [DIAG] iter=17 posCols=9 newCols=9 effImprove=9 updated=0
    [CG] CG iter 18: obj=2864889.071310, maxRC=124387.898721, +13 cols
    [CG]   [DIAG] iter=18 posCols=13 newCols=13 effImprove=13 updated=0
    [CG] CG iter 19: obj=2867198.503238, maxRC=87204.212463, +12 cols
    [CG]   [DIAG] iter=19 posCols=12 newCols=12 effImprove=12 updated=0
    [CG] CG iter 20: obj=2876767.907769, maxRC=70758.887299, +11 cols
    [CG]   [DIAG] iter=20 posCols=11 newCols=11 effImprove=11 updated=0
    [CG] CG iter 21: obj=2884199.103679, maxRC=44531.818765, +10 cols
    [CG]   [DIAG] iter=21 posCols=10 newCols=9 effImprove=10 updated=1
    [CG] CG iter 22: obj=2891417.517800, maxRC=59910.569329, +10 cols
    [CG]   [DIAG] iter=22 posCols=10 newCols=10 effImprove=10 updated=0
    [CG] CG iter 23: obj=2895171.442474, maxRC=57142.587502, +9 cols
    [CG]   [DIAG] iter=23 posCols=9 newCols=9 effImprove=9 updated=0
    [CG] CG iter 24: obj=2899073.692525, maxRC=51002.784197, +9 cols
    [CG]   [DIAG] iter=24 posCols=9 newCols=9 effImprove=9 updated=0
    [CG] CG iter 25: obj=2901493.189576, maxRC=24259.737525, +9 cols
    [CG]   [DIAG] iter=25 posCols=9 newCols=9 effImprove=9 updated=0
    [CG] CG iter 26: obj=2903691.540285, maxRC=20526.253670, +9 cols
    [CG]   [DIAG] iter=26 posCols=9 newCols=9 effImprove=9 updated=0
    [CG] CG iter 27: obj=2908084.349088, maxRC=21066.602499, +9 cols
    [CG]   [DIAG] iter=27 posCols=9 newCols=9 effImprove=9 updated=0
    [CG] CG iter 28: obj=2908564.017140, maxRC=23027.921890, +10 cols
    [CG]   [DIAG] iter=28 posCols=10 newCols=10 effImprove=10 updated=0
    [CG] CG iter 29: obj=2910175.084608, maxRC=15298.847309, +9 cols
    [CG]   [DIAG] iter=29 posCols=9 newCols=9 effImprove=9 updated=0
    [CG] CG iter 30: obj=2912991.547865, maxRC=15572.536111, +9 cols
    [CG]   [DIAG] iter=30 posCols=9 newCols=9 effImprove=9 updated=0
    [CG] CG iter 31: obj=2913499.933091, maxRC=20343.803798, +8 cols
    [CG]   [DIAG] iter=31 posCols=8 newCols=8 effImprove=8 updated=0
    [CG] CG iter 32: obj=2913925.529476, maxRC=7100.991204, +7 cols
    [CG]   [DIAG] iter=32 posCols=7 newCols=7 effImprove=7 updated=0
    [CG] CG iter 33: obj=2916370.794178, maxRC=10991.722282, +8 cols
    [CG]   [DIAG] iter=33 posCols=8 newCols=8 effImprove=8 updated=0
    [CG] CG iter 34: obj=2917016.983115, maxRC=5988.516034, +6 cols
    [CG]   [DIAG] iter=34 posCols=6 newCols=6 effImprove=6 updated=0
    [CG] CG iter 35: obj=2919752.917954, maxRC=4915.200923, +6 cols
    [CG]   [DIAG] iter=35 posCols=6 newCols=6 effImprove=6 updated=0
    [CG] CG iter 36: obj=2921916.955371, maxRC=2281.413697, +5 cols
    [CG]   [DIAG] iter=36 posCols=5 newCols=5 effImprove=5 updated=0
    [CG] CG iter 37: obj=2921916.955371, maxRC=2147.978717, +2 cols
    [CG]   [DIAG] iter=37 posCols=2 newCols=2 effImprove=2 updated=0
    [CG] CG iter 38: obj=2922898.543402, maxRC=3189.558991, +3 cols
    [CG]   [DIAG] iter=38 posCols=3 newCols=3 effImprove=3 updated=0
    [CG] CG iter 39: obj=2922898.543402, maxRC=1767.187922, +3 cols
    [CG]   [DIAG] iter=39 posCols=3 newCols=3 effImprove=3 updated=0
    [CG] CG iter 40: obj=2922898.543402, maxRC=1020.681008, +3 cols
    [CG]   [DIAG] iter=40 posCols=3 newCols=3 effImprove=3 updated=0
    [CG] CG iter 41: obj=2922898.543402, maxRC=709.406806, +2 cols
    [CG]   [DIAG] iter=41 posCols=2 newCols=2 effImprove=2 updated=0
    [CG] CG iter 42: obj=2922898.543402, maxRC=534.654501, +1 cols
    [CG]   [DIAG] iter=42 posCols=1 newCols=1 effImprove=1 updated=0
    [CG] CG iter 43: obj=2922898.543402, maxRC=797.016262, +1 cols
    [CG]   [DIAG] iter=43 posCols=1 newCols=1 effImprove=1 updated=0
    [CG] CG iter 44: obj=2922898.543402, maxRC=426.482850, +1 cols
    [CG]   [DIAG] iter=44 posCols=1 newCols=1 effImprove=1 updated=0
    [CG] CG iter 45: obj=2922898.543402, maxRC=242.573525, +1 cols
    [CG]   [DIAG] iter=45 posCols=1 newCols=1 effImprove=1 updated=0
    [CG] CG iter 46: obj=2922898.543402, maxRC=131.444729, +1 cols
    [CG]   [DIAG] iter=46 posCols=1 newCols=1 effImprove=1 updated=0
    [CG] 列生成收敛，共 47 轮迭代
    [CG] [CG-NODE] depth=0 exit=CERTIFIED certified=1 feasible=1 iters=47 generatedColsBeforeNode=0 newCols=475 posCandidates=477 duplicateCandidates=2 updatedCols=2 zeroObjImproveIters=12 objFirst=942202.054530 objLast=2922898.543402 objGain=1980696.488872 maxRC=2137126.860063 wallSec=0.472440 pricingSec=0.426459 cplexSolveSec=0.021339
      [BB] 分支定界开始，根节点LP obj=2922898.543402，最大节点数=10000
      [BB] 根节点启发式下界 LB=2299341.652030（上界=2922898.543402）
    [CG] [BB-DIAG] 分支 x_{dc=4,retailer=3}, 节点数=1
    [CG] 列生成开始，初始列数=709
    [CG] CG iter 48: obj=2918534.369204, maxRC=48340.383986, +12 cols
    [CG]   [DIAG] iter=48 posCols=12 newCols=12 effImprove=12 updated=0
    [CG] CG iter 49: obj=2918534.369204, maxRC=28733.525469, +10 cols
    [CG]   [DIAG] iter=49 posCols=10 newCols=10 effImprove=10 updated=0
    [CG] CG iter 50: obj=2918534.369204, maxRC=16116.573889, +9 cols
    [CG]   [DIAG] iter=50 posCols=9 newCols=9 effImprove=9 updated=0
    [CG] CG iter 51: obj=2918534.369204, maxRC=13572.529904, +7 cols
    [CG]   [DIAG] iter=51 posCols=7 newCols=7 effImprove=7 updated=0
    [CG] CG iter 52: obj=2918534.369204, maxRC=7359.281492, +6 cols
    [CG]   [DIAG] iter=52 posCols=6 newCols=6 effImprove=6 updated=0
    [CG] CG iter 53: obj=2918534.369204, maxRC=2827.244784, +5 cols
    [CG]   [DIAG] iter=53 posCols=5 newCols=5 effImprove=5 updated=0
    [CG] CG iter 54: obj=2918534.369204, maxRC=617.107176, +4 cols
    [CG]   [DIAG] iter=54 posCols=4 newCols=4 effImprove=4 updated=0
    [CG] CG iter 55: obj=2918534.369204, maxRC=834.490212, +3 cols
    [CG]   [DIAG] iter=55 posCols=3 newCols=3 effImprove=3 updated=0
    [CG] CG iter 56: obj=2918534.369204, maxRC=1168.148899, +2 cols
    [CG]   [DIAG] iter=56 posCols=2 newCols=2 effImprove=2 updated=0
    [CG] CG iter 57: obj=2918534.369204, maxRC=734.383420, +1 cols
    [CG]   [DIAG] iter=57 posCols=1 newCols=1 effImprove=1 updated=0
    [CG] CG iter 58: obj=2918534.369204, maxRC=462.126301, +2 cols
    [CG]   [DIAG] iter=58 posCols=2 newCols=2 effImprove=2 updated=0
    [CG] CG iter 59: obj=2918534.369204, maxRC=681.023061, +2 cols
    [CG]   [DIAG] iter=59 posCols=2 newCols=2 effImprove=2 updated=0
    [CG] CG iter 60: obj=2918534.369204, maxRC=526.429250, +1 cols
    [CG]   [DIAG] iter=60 posCols=1 newCols=1 effImprove=1 updated=0
    [CG] CG iter 61: obj=2918534.369204, maxRC=139.043690, +1 cols
    [CG]   [DIAG] iter=61 posCols=1 newCols=1 effImprove=1 updated=0
    [CG] CG iter 62: obj=2918534.369204, maxRC=77.978170, +1 cols
    [CG]   [DIAG] iter=62 posCols=1 newCols=1 effImprove=1 updated=0
    [CG] 列生成收敛，共 63 轮迭代
    [CG] [CG-NODE] depth=1 exit=CERTIFIED certified=1 feasible=1 iters=16 generatedColsBeforeNode=475 newCols=66 posCandidates=66 duplicateCandidates=0 updatedCols=0 zeroObjImproveIters=15 objFirst=2918534.369204 objLast=2918534.369204 objGain=0.000000 maxRC=48340.383986 wallSec=0.094781 pricingSec=0.084574 cplexSolveSec=0.007488
    [CG] 列生成开始，初始列数=724
    [CG] CG iter 64: obj=2899942.513768, maxRC=51989.806766, +9 cols
    [CG]   [DIAG] iter=64 posCols=9 newCols=9 effImprove=9 updated=0
    [CG] CG iter 65: obj=2899942.513768, maxRC=30859.192285, +9 cols
    [CG]   [DIAG] iter=65 posCols=9 newCols=9 effImprove=9 updated=0
    [CG] CG iter 66: obj=2904994.455565, maxRC=10980.074918, +9 cols
    [CG]   [DIAG] iter=66 posCols=9 newCols=9 effImprove=9 updated=0
    [CG] CG iter 67: obj=2913408.149457, maxRC=14190.720004, +7 cols
    [CG]   [DIAG] iter=67 posCols=7 newCols=7 effImprove=7 updated=0
    [CG] CG iter 68: obj=2913408.149457, maxRC=8551.976134, +8 cols
    [CG]   [DIAG] iter=68 posCols=8 newCols=8 effImprove=8 updated=0
    [CG] CG iter 69: obj=2913408.149457, maxRC=4182.737440, +4 cols
    [CG]   [DIAG] iter=69 posCols=4 newCols=4 effImprove=4 updated=0
    [CG] CG iter 70: obj=2913408.149457, maxRC=5924.730450, +6 cols
    [CG]   [DIAG] iter=70 posCols=6 newCols=6 effImprove=6 updated=0
    [CG] CG iter 71: obj=2914894.724841, maxRC=3796.495347, +3 cols
    [CG]   [DIAG] iter=71 posCols=3 newCols=3 effImprove=3 updated=0
    [CG] CG iter 72: obj=2914894.724841, maxRC=2089.137282, +3 cols
    [CG]   [DIAG] iter=72 posCols=3 newCols=3 effImprove=3 updated=0
    [CG] CG iter 73: obj=2916977.588462, maxRC=3299.666737, +4 cols
    [CG]   [DIAG] iter=73 posCols=4 newCols=4 effImprove=4 updated=0
    [CG] CG iter 74: obj=2916977.588462, maxRC=5260.532899, +3 cols
    [CG]   [DIAG] iter=74 posCols=3 newCols=3 effImprove=3 updated=0
    [CG] CG iter 75: obj=2916977.588462, maxRC=2053.632760, +3 cols
    [CG]   [DIAG] iter=75 posCols=3 newCols=3 effImprove=3 updated=0
    [CG] CG iter 76: obj=2916977.588462, maxRC=993.572698, +3 cols
    [CG]   [DIAG] iter=76 posCols=3 newCols=3 effImprove=3 updated=0
    [CG] CG iter 77: obj=2916977.588462, maxRC=898.423847, +3 cols
    [CG]   [DIAG] iter=77 posCols=3 newCols=3 effImprove=3 updated=0
    [CG] CG iter 78: obj=2916977.588462, maxRC=478.014891, +2 cols
    [CG]   [DIAG] iter=78 posCols=2 newCols=2 effImprove=2 updated=0
    [CG] CG iter 79: obj=2916977.588462, maxRC=272.033517, +1 cols
    [CG]   [DIAG] iter=79 posCols=1 newCols=1 effImprove=1 updated=0
    [CG] CG iter 80: obj=2916977.588462, maxRC=269.375742, +1 cols
    [CG]   [DIAG] iter=80 posCols=1 newCols=1 effImprove=1 updated=0
    [CG] CG iter 81: obj=2916977.588462, maxRC=416.566833, +1 cols
    [CG]   [DIAG] iter=81 posCols=1 newCols=1 effImprove=1 updated=0
    [CG] CG iter 82: obj=2916977.588462, maxRC=415.340999, +1 cols
    [CG]   [DIAG] iter=82 posCols=1 newCols=1 effImprove=1 updated=0
    [CG] CG iter 83: obj=2916977.588462, maxRC=453.688187, +1 cols
    [CG]   [DIAG] iter=83 posCols=1 newCols=1 effImprove=1 updated=0
    [CG] CG iter 84: obj=2916977.588462, maxRC=672.686814, +1 cols
    [CG]   [DIAG] iter=84 posCols=1 newCols=1 effImprove=1 updated=0
    [CG] CG iter 85: obj=2916977.588462, maxRC=176.496347, +1 cols
    [CG]   [DIAG] iter=85 posCols=1 newCols=1 effImprove=1 updated=0
    [CG] CG iter 86: obj=2916977.588462, maxRC=319.624575, +1 cols
    [CG]   [DIAG] iter=86 posCols=1 newCols=1 effImprove=1 updated=0
    [CG] CG iter 87: obj=2916977.588462, maxRC=115.380924, +1 cols
    [CG]   [DIAG] iter=87 posCols=1 newCols=1 effImprove=1 updated=0
    [CG] 列生成收敛，共 88 轮迭代
    [CG] [CG-NODE] depth=1 exit=CERTIFIED certified=1 feasible=1 iters=25 generatedColsBeforeNode=541 newCols=85 posCandidates=85 duplicateCandidates=0 updatedCols=0 zeroObjImproveIters=20 objFirst=2899942.513768 objLast=2916977.588462 objGain=17035.074694 maxRC=51989.806766 wallSec=0.104020 pricingSec=0.088990 cplexSolveSec=0.011588
    [CG] [BB-INCUMBENT] selection=2 node=1 previous=2299341.652030 value=2916977.588462 active=1
    [CG] [BB-NODESEL] strategy=hybrid choice=dfs eligibleCount=1 active=1 gap=0.000534
    [CG] [BB-INCUMBENT] selection=3 node=1 previous=2916977.588462 value=2918534.369204 active=0
      [BB] 分支定界结束：处理 3 节点，剪枝 0，剩余活跃 0，整数解 3，状态=OPTIMAL，最好可行 obj=2918534.369204，gap=0.000000
