    [CG] 列生成开始，初始列数=310
    [CG] CG iter 1: obj=930926.500596, maxRC=2116186.296415, +30 cols
    [CG]   [DIAG] iter=1 posCols=30 newCols=30 effImprove=30 updated=0
    [CG] CG iter 2: obj=2414238.114521, maxRC=384916.282663, +20 cols
    [CG]   [DIAG] iter=2 posCols=20 newCols=20 effImprove=20 updated=0
    [CG] CG iter 3: obj=2447544.124084, maxRC=610734.594193, +24 cols
    [CG]   [DIAG] iter=3 posCols=24 newCols=24 effImprove=24 updated=0
    [CG] CG iter 4: obj=2517840.612613, maxRC=525684.052614, +23 cols
    [CG]   [DIAG] iter=4 posCols=23 newCols=23 effImprove=23 updated=0
    [CG] CG iter 5: obj=2536504.627087, maxRC=445249.543984, +22 cols
    [CG]   [DIAG] iter=5 posCols=22 newCols=22 effImprove=22 updated=0
    [CG] CG iter 6: obj=2580507.991998, maxRC=324131.799496, +16 cols
    [CG]   [DIAG] iter=6 posCols=16 newCols=16 effImprove=16 updated=0
    [CG] CG iter 7: obj=2642065.710635, maxRC=346572.028598, +15 cols
    [CG]   [DIAG] iter=7 posCols=15 newCols=15 effImprove=15 updated=0
    [CG] CG iter 8: obj=2689631.044057, maxRC=237330.430546, +15 cols
    [CG]   [DIAG] iter=8 posCols=15 newCols=14 effImprove=15 updated=1
    [CG] CG iter 9: obj=2690475.311352, maxRC=239787.694854, +12 cols
    [CG]   [DIAG] iter=9 posCols=12 newCols=12 effImprove=12 updated=0
    [CG] CG iter 10: obj=2732588.419610, maxRC=206088.963003, +12 cols
    [CG]   [DIAG] iter=10 posCols=12 newCols=12 effImprove=12 updated=0
    [CG] CG iter 11: obj=2819534.449400, maxRC=251239.312431, +12 cols
    [CG]   [DIAG] iter=11 posCols=12 newCols=12 effImprove=12 updated=0
    [CG] CG iter 12: obj=2819534.449400, maxRC=149612.090540, +12 cols
    [CG]   [DIAG] iter=12 posCols=12 newCols=12 effImprove=12 updated=0
    [CG] CG iter 13: obj=2831757.149948, maxRC=184926.828250, +12 cols
    [CG]   [DIAG] iter=13 posCols=12 newCols=12 effImprove=12 updated=0
    [CG] CG iter 14: obj=2835286.306300, maxRC=102095.185755, +12 cols
    [CG]   [DIAG] iter=14 posCols=12 newCols=12 effImprove=12 updated=0
    [CG] CG iter 15: obj=2835867.017297, maxRC=67217.899664, +12 cols
    [CG]   [DIAG] iter=15 posCols=12 newCols=12 effImprove=12 updated=0
    [CG] CG iter 16: obj=2842239.594166, maxRC=64123.803333, +12 cols
    [CG]   [DIAG] iter=16 posCols=12 newCols=12 effImprove=12 updated=0
    [CG] CG iter 17: obj=2846855.348339, maxRC=81252.706867, +12 cols
    [CG]   [DIAG] iter=17 posCols=12 newCols=12 effImprove=12 updated=0
    [CG] CG iter 18: obj=2846855.348339, maxRC=57148.567086, +12 cols
    [CG]   [DIAG] iter=18 posCols=12 newCols=12 effImprove=12 updated=0
    [CG] CG iter 19: obj=2853615.967469, maxRC=46759.612699, +11 cols
    [CG]   [DIAG] iter=19 posCols=11 newCols=11 effImprove=11 updated=0
    [CG] CG iter 20: obj=2865561.595570, maxRC=58557.531657, +12 cols
    [CG]   [DIAG] iter=20 posCols=12 newCols=12 effImprove=12 updated=0
    [CG] CG iter 21: obj=2867840.541877, maxRC=42183.809743, +10 cols
    [CG]   [DIAG] iter=21 posCols=10 newCols=10 effImprove=10 updated=0
    [CG] CG iter 22: obj=2871544.067717, maxRC=30578.330505, +9 cols
    [CG]   [DIAG] iter=22 posCols=9 newCols=9 effImprove=9 updated=0
    [CG] CG iter 23: obj=2873106.549446, maxRC=48350.605777, +12 cols
    [CG]   [DIAG] iter=23 posCols=12 newCols=12 effImprove=12 updated=0
    [CG] CG iter 24: obj=2874366.204011, maxRC=23009.867430, +9 cols
    [CG]   [DIAG] iter=24 posCols=9 newCols=9 effImprove=9 updated=0
    [CG] CG iter 25: obj=2879091.521157, maxRC=29845.532046, +11 cols
    [CG]   [DIAG] iter=25 posCols=11 newCols=11 effImprove=11 updated=0
    [CG] CG iter 26: obj=2882966.726305, maxRC=25834.573692, +9 cols
    [CG]   [DIAG] iter=26 posCols=9 newCols=9 effImprove=9 updated=0
    [CG] CG iter 27: obj=2888580.697186, maxRC=28315.562982, +9 cols
    [CG]   [DIAG] iter=27 posCols=9 newCols=9 effImprove=9 updated=0
    [CG] CG iter 28: obj=2889273.335849, maxRC=22551.210388, +11 cols
    [CG]   [DIAG] iter=28 posCols=11 newCols=11 effImprove=11 updated=0
    [CG] CG iter 29: obj=2889470.374944, maxRC=27389.258773, +9 cols
    [CG]   [DIAG] iter=29 posCols=9 newCols=9 effImprove=9 updated=0
    [CG] CG iter 30: obj=2890620.574418, maxRC=12801.872663, +9 cols
    [CG]   [DIAG] iter=30 posCols=9 newCols=9 effImprove=9 updated=0
    [CG] CG iter 31: obj=2902007.432719, maxRC=20200.479151, +9 cols
    [CG]   [DIAG] iter=31 posCols=9 newCols=9 effImprove=9 updated=0
    [CG] CG iter 32: obj=2902007.432719, maxRC=9962.931718, +8 cols
    [CG]   [DIAG] iter=32 posCols=8 newCols=8 effImprove=8 updated=0
    [CG] CG iter 33: obj=2902007.432719, maxRC=17708.495968, +9 cols
    [CG]   [DIAG] iter=33 posCols=9 newCols=9 effImprove=9 updated=0
    [CG] CG iter 34: obj=2902007.432719, maxRC=4773.861663, +7 cols
    [CG]   [DIAG] iter=34 posCols=7 newCols=7 effImprove=7 updated=0
    [CG] CG iter 35: obj=2902007.432719, maxRC=3410.956285, +6 cols
    [CG]   [DIAG] iter=35 posCols=6 newCols=6 effImprove=6 updated=0
    [CG] CG iter 36: obj=2902007.432719, maxRC=3509.253411, +4 cols
    [CG]   [DIAG] iter=36 posCols=4 newCols=4 effImprove=4 updated=0
    [CG] CG iter 37: obj=2902007.432719, maxRC=2894.334226, +3 cols
    [CG]   [DIAG] iter=37 posCols=3 newCols=3 effImprove=3 updated=0
    [CG] CG iter 38: obj=2902007.432719, maxRC=2795.995528, +2 cols
    [CG]   [DIAG] iter=38 posCols=2 newCols=2 effImprove=2 updated=0
    [CG] CG iter 39: obj=2902007.432719, maxRC=1566.480503, +2 cols
    [CG]   [DIAG] iter=39 posCols=2 newCols=2 effImprove=2 updated=0
    [CG] CG iter 40: obj=2902007.432719, maxRC=1521.197357, +2 cols
    [CG]   [DIAG] iter=40 posCols=2 newCols=2 effImprove=2 updated=0
    [CG] CG iter 41: obj=2902007.432719, maxRC=1185.511971, +2 cols
    [CG]   [DIAG] iter=41 posCols=2 newCols=2 effImprove=2 updated=0
    [CG] CG iter 42: obj=2902007.432719, maxRC=464.744853, +2 cols
    [CG]   [DIAG] iter=42 posCols=2 newCols=2 effImprove=2 updated=0
    [CG] CG iter 43: obj=2902007.432719, maxRC=282.048452, +2 cols
    [CG]   [DIAG] iter=43 posCols=2 newCols=2 effImprove=2 updated=0
    [CG] CG iter 44: obj=2902007.432719, maxRC=202.408371, +1 cols
    [CG]   [DIAG] iter=44 posCols=1 newCols=1 effImprove=1 updated=0
    [CG] 列生成收敛，共 45 轮迭代
    [CG] [CG-NODE] depth=0 exit=CERTIFIED certified=1 feasible=1 iters=45 generatedColsBeforeNode=0 newCols=464 posCandidates=465 duplicateCandidates=1 updatedCols=1 zeroObjImproveIters=16 objFirst=930926.500596 objLast=2902007.432719 objGain=1971080.932123 maxRC=2116186.296415 wallSec=0.447087 pricingSec=0.417822 cplexSolveSec=0.021299
      [BB] 根节点即为整数解，obj=2902007.432719
