    [CG] 列生成开始，初始列数=310
    [CG] CG iter 1: obj=930666.382745, maxRC=2139098.582720, +30 cols
    [CG]   [DIAG] iter=1 posCols=30 newCols=30 effImprove=30 updated=0
    [CG] CG iter 2: obj=2438545.714557, maxRC=398845.023083, +18 cols
    [CG]   [DIAG] iter=2 posCols=18 newCols=18 effImprove=18 updated=0
    [CG] CG iter 3: obj=2478126.723798, maxRC=689020.394654, +24 cols
    [CG]   [DIAG] iter=3 posCols=24 newCols=24 effImprove=24 updated=0
    [CG] CG iter 4: obj=2533073.266267, maxRC=605378.274744, +24 cols
    [CG]   [DIAG] iter=4 posCols=24 newCols=24 effImprove=24 updated=0
    [CG] CG iter 5: obj=2547930.160335, maxRC=490224.393987, +22 cols
    [CG]   [DIAG] iter=5 posCols=22 newCols=22 effImprove=22 updated=0
    [CG] CG iter 6: obj=2572350.198548, maxRC=441353.625903, +22 cols
    [CG]   [DIAG] iter=6 posCols=22 newCols=22 effImprove=22 updated=0
    [CG] CG iter 7: obj=2580945.677931, maxRC=403749.814795, +20 cols
    [CG]   [DIAG] iter=7 posCols=20 newCols=20 effImprove=20 updated=0
    [CG] CG iter 8: obj=2580945.677931, maxRC=391813.571555, +18 cols
    [CG]   [DIAG] iter=8 posCols=18 newCols=18 effImprove=18 updated=0
    [CG] CG iter 9: obj=2603477.553758, maxRC=323070.421092, +12 cols
    [CG]   [DIAG] iter=9 posCols=12 newCols=12 effImprove=12 updated=0
    [CG] CG iter 10: obj=2699064.677600, maxRC=269306.142192, +14 cols
    [CG]   [DIAG] iter=10 posCols=14 newCols=14 effImprove=14 updated=0
    [CG] CG iter 11: obj=2794520.890655, maxRC=152612.864007, +13 cols
    [CG]   [DIAG] iter=11 posCols=13 newCols=13 effImprove=13 updated=0
    [CG] CG iter 12: obj=2794520.890655, maxRC=244812.755412, +13 cols
    [CG]   [DIAG] iter=12 posCols=13 newCols=13 effImprove=13 updated=0
    [CG] CG iter 13: obj=2816524.087703, maxRC=190266.272997, +12 cols
    [CG]   [DIAG] iter=13 posCols=12 newCols=12 effImprove=12 updated=0
    [CG] CG iter 14: obj=2816524.087703, maxRC=144426.375916, +12 cols
    [CG]   [DIAG] iter=14 posCols=12 newCols=12 effImprove=12 updated=0
    [CG] CG iter 15: obj=2816858.179562, maxRC=167959.417487, +12 cols
    [CG]   [DIAG] iter=15 posCols=12 newCols=12 effImprove=12 updated=0
    [CG] CG iter 16: obj=2816858.179562, maxRC=190067.720932, +12 cols
    [CG]   [DIAG] iter=16 posCols=12 newCols=12 effImprove=12 updated=0
    [CG] CG iter 17: obj=2839533.888392, maxRC=146019.864953, +12 cols
    [CG]   [DIAG] iter=17 posCols=12 newCols=12 effImprove=12 updated=0
    [CG] CG iter 18: obj=2839533.888392, maxRC=114780.772986, +12 cols
    [CG]   [DIAG] iter=18 posCols=12 newCols=12 effImprove=12 updated=0
    [CG] CG iter 19: obj=2842223.410003, maxRC=90239.998623, +12 cols
    [CG]   [DIAG] iter=19 posCols=12 newCols=12 effImprove=12 updated=0
    [CG] CG iter 20: obj=2846095.799573, maxRC=64710.648993, +12 cols
    [CG]   [DIAG] iter=20 posCols=12 newCols=12 effImprove=12 updated=0
    [CG] CG iter 21: obj=2857852.225154, maxRC=83898.978398, +12 cols
    [CG]   [DIAG] iter=21 posCols=12 newCols=11 effImprove=12 updated=1
    [CG] CG iter 22: obj=2860636.375508, maxRC=69637.380170, +9 cols
    [CG]   [DIAG] iter=22 posCols=9 newCols=9 effImprove=9 updated=0
    [CG] CG iter 23: obj=2869718.648322, maxRC=52730.723980, +10 cols
    [CG]   [DIAG] iter=23 posCols=10 newCols=10 effImprove=10 updated=0
    [CG] CG iter 24: obj=2874845.275174, maxRC=61344.606871, +12 cols
    [CG]   [DIAG] iter=24 posCols=12 newCols=12 effImprove=12 updated=0
    [CG] CG iter 25: obj=2881514.967630, maxRC=34746.105710, +10 cols
    [CG]   [DIAG] iter=25 posCols=10 newCols=10 effImprove=10 updated=0
    [CG] CG iter 26: obj=2886969.477017, maxRC=41867.472687, +9 cols
    [CG]   [DIAG] iter=26 posCols=9 newCols=9 effImprove=9 updated=0
    [CG] CG iter 27: obj=2890534.678307, maxRC=27181.516088, +10 cols
    [CG]   [DIAG] iter=27 posCols=10 newCols=9 effImprove=10 updated=1
    [CG] CG iter 28: obj=2892199.276865, maxRC=40112.790079, +9 cols
    [CG]   [DIAG] iter=28 posCols=9 newCols=9 effImprove=9 updated=0
    [CG] CG iter 29: obj=2895069.159037, maxRC=41043.586637, +9 cols
    [CG]   [DIAG] iter=29 posCols=9 newCols=9 effImprove=9 updated=0
    [CG] CG iter 30: obj=2896867.640013, maxRC=28501.527353, +10 cols
    [CG]   [DIAG] iter=30 posCols=10 newCols=10 effImprove=10 updated=0
    [CG] CG iter 31: obj=2898356.282952, maxRC=25051.877403, +9 cols
    [CG]   [DIAG] iter=31 posCols=9 newCols=9 effImprove=9 updated=0
    [CG] CG iter 32: obj=2899549.903289, maxRC=14961.587475, +9 cols
    [CG]   [DIAG] iter=32 posCols=9 newCols=9 effImprove=9 updated=0
    [CG] CG iter 33: obj=2903955.712369, maxRC=18863.878344, +9 cols
    [CG]   [DIAG] iter=33 posCols=9 newCols=9 effImprove=9 updated=0
    [CG] CG iter 34: obj=2906970.135798, maxRC=9686.411301, +8 cols
    [CG]   [DIAG] iter=34 posCols=8 newCols=8 effImprove=8 updated=0
    [CG] CG iter 35: obj=2908047.942448, maxRC=7844.035292, +5 cols
    [CG]   [DIAG] iter=35 posCols=5 newCols=5 effImprove=5 updated=0
    [CG] CG iter 36: obj=2912944.277072, maxRC=17796.405261, +9 cols
    [CG]   [DIAG] iter=36 posCols=9 newCols=9 effImprove=9 updated=0
    [CG] CG iter 37: obj=2912944.277072, maxRC=14780.789921, +7 cols
    [CG]   [DIAG] iter=37 posCols=7 newCols=7 effImprove=7 updated=0
    [CG] CG iter 38: obj=2912944.277072, maxRC=7706.871175, +8 cols
    [CG]   [DIAG] iter=38 posCols=8 newCols=8 effImprove=8 updated=0
    [CG] CG iter 39: obj=2913232.029086, maxRC=6814.967444, +9 cols
    [CG]   [DIAG] iter=39 posCols=9 newCols=9 effImprove=9 updated=0
    [CG] CG iter 40: obj=2914834.463650, maxRC=6068.779140, +7 cols
    [CG]   [DIAG] iter=40 posCols=7 newCols=7 effImprove=7 updated=0
    [CG] CG iter 41: obj=2914834.463650, maxRC=4186.325932, +6 cols
    [CG]   [DIAG] iter=41 posCols=6 newCols=6 effImprove=6 updated=0
    [CG] CG iter 42: obj=2916913.551331, maxRC=2015.802658, +6 cols
    [CG]   [DIAG] iter=42 posCols=6 newCols=6 effImprove=6 updated=0
    [CG] CG iter 43: obj=2916913.551331, maxRC=1641.998213, +4 cols
    [CG]   [DIAG] iter=43 posCols=4 newCols=4 effImprove=4 updated=0
    [CG] CG iter 44: obj=2916913.551331, maxRC=1455.231545, +4 cols
    [CG]   [DIAG] iter=44 posCols=4 newCols=4 effImprove=4 updated=0
    [CG] CG iter 45: obj=2916913.551331, maxRC=1215.276871, +2 cols
    [CG]   [DIAG] iter=45 posCols=2 newCols=1 effImprove=2 updated=1
    [CG] CG iter 46: obj=2916913.551331, maxRC=1276.497975, +2 cols
    [CG]   [DIAG] iter=46 posCols=2 newCols=2 effImprove=2 updated=0
    [CG] 列生成收敛，共 47 轮迭代
    [CG] [CG-NODE] depth=0 exit=CERTIFIED certified=1 feasible=1 iters=47 generatedColsBeforeNode=0 newCols=527 posCandidates=530 duplicateCandidates=3 updatedCols=3 zeroObjImproveIters=13 objFirst=930666.382745 objLast=2916913.551331 objGain=1986247.168586 maxRC=2139098.582720 wallSec=0.548423 pricingSec=0.500442 cplexSolveSec=0.022785
      [BB] 分支定界开始，根节点LP obj=2916913.551331，最大节点数=10000
      [BB] 根节点启发式下界 LB=2414025.453123（上界=2916913.551331）
    [CG] [BB-DIAG] 分支 x_{dc=4,retailer=3}, 节点数=1
    [CG] 列生成开始，初始列数=748
    [CG] CG iter 48: obj=2913232.029086, maxRC=51905.967890, +11 cols
    [CG]   [DIAG] iter=48 posCols=11 newCols=10 effImprove=11 updated=1
    [CG] CG iter 49: obj=2913232.029086, maxRC=30867.832540, +10 cols
    [CG]   [DIAG] iter=49 posCols=10 newCols=10 effImprove=10 updated=0
    [CG] CG iter 50: obj=2913232.029086, maxRC=25821.238266, +10 cols
    [CG]   [DIAG] iter=50 posCols=10 newCols=10 effImprove=10 updated=0
    [CG] CG iter 51: obj=2913232.029086, maxRC=11994.105631, +6 cols
    [CG]   [DIAG] iter=51 posCols=6 newCols=6 effImprove=6 updated=0
    [CG] CG iter 52: obj=2913232.029086, maxRC=5390.767858, +6 cols
    [CG]   [DIAG] iter=52 posCols=6 newCols=6 effImprove=6 updated=0
    [CG] CG iter 53: obj=2913232.029086, maxRC=4594.480132, +6 cols
    [CG]   [DIAG] iter=53 posCols=6 newCols=6 effImprove=6 updated=0
    [CG] CG iter 54: obj=2914235.851384, maxRC=5144.654959, +5 cols
    [CG]   [DIAG] iter=54 posCols=5 newCols=5 effImprove=5 updated=0
    [CG] CG iter 55: obj=2914235.851384, maxRC=1074.147333, +4 cols
    [CG]   [DIAG] iter=55 posCols=4 newCols=4 effImprove=4 updated=0
    [CG] CG iter 56: obj=2914235.851384, maxRC=2306.485385, +4 cols
    [CG]   [DIAG] iter=56 posCols=4 newCols=4 effImprove=4 updated=0
    [CG] CG iter 57: obj=2914235.851384, maxRC=867.908356, +2 cols
    [CG]   [DIAG] iter=57 posCols=2 newCols=2 effImprove=2 updated=0
    [CG] CG iter 58: obj=2914235.851384, maxRC=693.297859, +2 cols
    [CG]   [DIAG] iter=58 posCols=2 newCols=2 effImprove=2 updated=0
    [CG] CG iter 59: obj=2914235.851384, maxRC=703.455971, +1 cols
    [CG]   [DIAG] iter=59 posCols=1 newCols=1 effImprove=1 updated=0
    [CG] CG iter 60: obj=2914235.851384, maxRC=523.649334, +1 cols
    [CG]   [DIAG] iter=60 posCols=1 newCols=1 effImprove=1 updated=0
    [CG] CG iter 61: obj=2914235.851384, maxRC=329.151838, +1 cols
    [CG]   [DIAG] iter=61 posCols=1 newCols=1 effImprove=1 updated=0
    [CG] CG iter 62: obj=2914235.851384, maxRC=146.236806, +1 cols
    [CG]   [DIAG] iter=62 posCols=1 newCols=1 effImprove=1 updated=0
    [CG] CG iter 63: obj=2914235.851384, maxRC=118.950543, +1 cols
    [CG]   [DIAG] iter=63 posCols=1 newCols=1 effImprove=1 updated=0
    [CG] 列生成收敛，共 64 轮迭代
    [CG] [CG-NODE] depth=1 exit=CERTIFIED certified=1 feasible=1 iters=17 generatedColsBeforeNode=527 newCols=70 posCandidates=71 duplicateCandidates=1 updatedCols=1 zeroObjImproveIters=15 objFirst=2913232.029086 objLast=2914235.851384 objGain=1003.822298 maxRC=51905.967890 wallSec=0.111269 pricingSec=0.099362 cplexSolveSec=0.008800
    [CG] 列生成开始，初始列数=773
    [CG] CG iter 65: obj=2909795.936777, maxRC=50234.618177, +9 cols
    [CG]   [DIAG] iter=65 posCols=9 newCols=9 effImprove=9 updated=0
    [CG] CG iter 66: obj=2909795.936777, maxRC=14508.645324, +8 cols
    [CG]   [DIAG] iter=66 posCols=8 newCols=8 effImprove=8 updated=0
    [CG] CG iter 67: obj=2913165.991809, maxRC=3626.386517, +7 cols
    [CG]   [DIAG] iter=67 posCols=7 newCols=7 effImprove=7 updated=0
    [CG] CG iter 68: obj=2913165.991809, maxRC=3015.069474, +7 cols
    [CG]   [DIAG] iter=68 posCols=7 newCols=7 effImprove=7 updated=0
    [CG] CG iter 69: obj=2916181.061283, maxRC=2513.983492, +6 cols
    [CG]   [DIAG] iter=69 posCols=6 newCols=5 effImprove=6 updated=1
    [CG] CG iter 70: obj=2916181.061283, maxRC=1794.173203, +3 cols
    [CG]   [DIAG] iter=70 posCols=3 newCols=3 effImprove=3 updated=0
    [CG] CG iter 71: obj=2916181.061283, maxRC=994.471362, +3 cols
    [CG]   [DIAG] iter=71 posCols=3 newCols=2 effImprove=3 updated=1
    [CG] CG iter 72: obj=2916181.061283, maxRC=677.893198, +4 cols
    [CG]   [DIAG] iter=72 posCols=4 newCols=4 effImprove=4 updated=0
    [CG] CG iter 73: obj=2916181.061283, maxRC=481.648824, +2 cols
    [CG]   [DIAG] iter=73 posCols=2 newCols=1 effImprove=2 updated=1
    [CG] CG iter 74: obj=2916181.061283, maxRC=255.775552, +1 cols
    [CG]   [DIAG] iter=74 posCols=1 newCols=1 effImprove=1 updated=0
    [CG] CG iter 75: obj=2916181.061283, maxRC=140.405450, +1 cols
    [CG]   [DIAG] iter=75 posCols=1 newCols=1 effImprove=1 updated=0
    [CG] 列生成收敛，共 76 轮迭代
    [CG] [CG-NODE] depth=1 exit=CERTIFIED certified=1 feasible=1 iters=12 generatedColsBeforeNode=597 newCols=48 posCandidates=51 duplicateCandidates=3 updatedCols=3 zeroObjImproveIters=9 objFirst=2909795.936777 objLast=2916181.061283 objGain=6385.124507 maxRC=50234.618177 wallSec=0.053332 pricingSec=0.043062 cplexSolveSec=0.007531
    [CG] [BB-INCUMBENT] selection=2 node=1 previous=2414025.453123 value=2916181.061283 active=1
    [CG] [BB-NODESEL] strategy=hybrid choice=dfs eligibleCount=1 active=1 gap=0.000000
      [BB] 分支定界结束：处理 3 节点，剪枝 1，剩余活跃 0，整数解 2，状态=OPTIMAL，最好可行 obj=2916181.061283，gap=0.000000
