    [CG] 列生成开始，初始列数=310
    [CG] CG iter 1: obj=942636.111301, maxRC=2106463.227896, +30 cols
    [CG]   [DIAG] iter=1 posCols=30 newCols=30 effImprove=30 updated=0
    [CG] CG iter 2: obj=2413076.354723, maxRC=381802.753576, +20 cols
    [CG]   [DIAG] iter=2 posCols=20 newCols=20 effImprove=20 updated=0
    [CG] CG iter 3: obj=2504461.469144, maxRC=767746.021201, +24 cols
    [CG]   [DIAG] iter=3 posCols=24 newCols=24 effImprove=24 updated=0
    [CG] CG iter 4: obj=2546068.225363, maxRC=657030.838081, +24 cols
    [CG]   [DIAG] iter=4 posCols=24 newCols=24 effImprove=24 updated=0
    [CG] CG iter 5: obj=2569707.001220, maxRC=491208.186234, +24 cols
    [CG]   [DIAG] iter=5 posCols=24 newCols=24 effImprove=24 updated=0
    [CG] CG iter 6: obj=2591460.656444, maxRC=396039.493983, +23 cols
    [CG]   [DIAG] iter=6 posCols=23 newCols=22 effImprove=23 updated=1
    [CG] CG iter 7: obj=2620080.436335, maxRC=304752.967354, +19 cols
    [CG]   [DIAG] iter=7 posCols=19 newCols=19 effImprove=19 updated=0
    [CG] CG iter 8: obj=2620080.436335, maxRC=273227.476255, +15 cols
    [CG]   [DIAG] iter=8 posCols=15 newCols=15 effImprove=15 updated=0
    [CG] CG iter 9: obj=2620080.436335, maxRC=269460.148608, +12 cols
    [CG]   [DIAG] iter=9 posCols=12 newCols=12 effImprove=12 updated=0
    [CG] CG iter 10: obj=2736349.065084, maxRC=216806.711855, +13 cols
    [CG]   [DIAG] iter=10 posCols=13 newCols=13 effImprove=13 updated=0
    [CG] CG iter 11: obj=2832714.675007, maxRC=121882.514935, +12 cols
    [CG]   [DIAG] iter=11 posCols=12 newCols=12 effImprove=12 updated=0
    [CG] CG iter 12: obj=2832714.675007, maxRC=114348.810312, +12 cols
    [CG]   [DIAG] iter=12 posCols=12 newCols=12 effImprove=12 updated=0
    [CG] CG iter 13: obj=2833926.847015, maxRC=183974.506494, +14 cols
    [CG]   [DIAG] iter=13 posCols=14 newCols=14 effImprove=14 updated=0
    [CG] CG iter 14: obj=2833926.847015, maxRC=193983.217516, +13 cols
    [CG]   [DIAG] iter=14 posCols=13 newCols=13 effImprove=13 updated=0
    [CG] CG iter 15: obj=2833926.847015, maxRC=148466.206941, +12 cols
    [CG]   [DIAG] iter=15 posCols=12 newCols=12 effImprove=12 updated=0
    [CG] CG iter 16: obj=2833926.847015, maxRC=145133.377657, +12 cols
    [CG]   [DIAG] iter=16 posCols=12 newCols=12 effImprove=12 updated=0
    [CG] CG iter 17: obj=2838235.125989, maxRC=76539.268096, +12 cols
    [CG]   [DIAG] iter=17 posCols=12 newCols=12 effImprove=12 updated=0
    [CG] CG iter 18: obj=2841868.752219, maxRC=67030.321823, +12 cols
    [CG]   [DIAG] iter=18 posCols=12 newCols=12 effImprove=12 updated=0
    [CG] CG iter 19: obj=2848413.446099, maxRC=41543.099659, +9 cols
    [CG]   [DIAG] iter=19 posCols=9 newCols=9 effImprove=9 updated=0
    [CG] CG iter 20: obj=2861960.792154, maxRC=31095.141633, +9 cols
    [CG]   [DIAG] iter=20 posCols=9 newCols=9 effImprove=9 updated=0
    [CG] CG iter 21: obj=2862912.025175, maxRC=47854.927945, +12 cols
    [CG]   [DIAG] iter=21 posCols=12 newCols=12 effImprove=12 updated=0
    [CG] CG iter 22: obj=2870577.172084, maxRC=33618.315220, +13 cols
    [CG]   [DIAG] iter=22 posCols=13 newCols=13 effImprove=13 updated=0
    [CG] CG iter 23: obj=2873658.249997, maxRC=20457.684548, +9 cols
    [CG]   [DIAG] iter=23 posCols=9 newCols=9 effImprove=9 updated=0
    [CG] CG iter 24: obj=2879774.960634, maxRC=31012.689491, +12 cols
    [CG]   [DIAG] iter=24 posCols=12 newCols=11 effImprove=12 updated=1
    [CG] CG iter 25: obj=2881426.001220, maxRC=29185.875092, +12 cols
    [CG]   [DIAG] iter=25 posCols=12 newCols=12 effImprove=12 updated=0
    [CG] CG iter 26: obj=2882112.266459, maxRC=15157.383137, +9 cols
    [CG]   [DIAG] iter=26 posCols=9 newCols=9 effImprove=9 updated=0
    [CG] CG iter 27: obj=2887284.983463, maxRC=19614.537324, +11 cols
    [CG]   [DIAG] iter=27 posCols=11 newCols=11 effImprove=11 updated=0
    [CG] CG iter 28: obj=2888065.579650, maxRC=13387.188022, +10 cols
    [CG]   [DIAG] iter=28 posCols=10 newCols=10 effImprove=10 updated=0
    [CG] CG iter 29: obj=2890672.266359, maxRC=14595.671814, +8 cols
    [CG]   [DIAG] iter=29 posCols=8 newCols=8 effImprove=8 updated=0
    [CG] CG iter 30: obj=2892496.725336, maxRC=11521.197958, +6 cols
    [CG]   [DIAG] iter=30 posCols=6 newCols=6 effImprove=6 updated=0
    [CG] CG iter 31: obj=2894018.438608, maxRC=12231.219305, +5 cols
    [CG]   [DIAG] iter=31 posCols=5 newCols=5 effImprove=5 updated=0
    [CG] CG iter 32: obj=2900071.812042, maxRC=5812.284282, +6 cols
    [CG]   [DIAG] iter=32 posCols=6 newCols=6 effImprove=6 updated=0
    [CG] CG iter 33: obj=2901818.639219, maxRC=8084.155489, +6 cols
    [CG]   [DIAG] iter=33 posCols=6 newCols=6 effImprove=6 updated=0
    [CG] CG iter 34: obj=2901818.639219, maxRC=4394.575801, +3 cols
    [CG]   [DIAG] iter=34 posCols=3 newCols=3 effImprove=3 updated=0
    [CG] CG iter 35: obj=2901818.639219, maxRC=3407.494855, +3 cols
    [CG]   [DIAG] iter=35 posCols=3 newCols=3 effImprove=3 updated=0
    [CG] CG iter 36: obj=2901818.639219, maxRC=3250.894863, +3 cols
    [CG]   [DIAG] iter=36 posCols=3 newCols=3 effImprove=3 updated=0
    [CG] CG iter 37: obj=2901818.639219, maxRC=1158.576753, +4 cols
    [CG]   [DIAG] iter=37 posCols=4 newCols=4 effImprove=4 updated=0
    [CG] CG iter 38: obj=2901818.639219, maxRC=634.304961, +3 cols
    [CG]   [DIAG] iter=38 posCols=3 newCols=3 effImprove=3 updated=0
    [CG] CG iter 39: obj=2901818.639219, maxRC=343.337696, +3 cols
    [CG]   [DIAG] iter=39 posCols=3 newCols=3 effImprove=3 updated=0
    [CG] CG iter 40: obj=2901818.639219, maxRC=758.143185, +3 cols
    [CG]   [DIAG] iter=40 posCols=3 newCols=3 effImprove=3 updated=0
    [CG] CG iter 41: obj=2901818.639219, maxRC=164.727428, +3 cols
    [CG]   [DIAG] iter=41 posCols=3 newCols=3 effImprove=3 updated=0
    [CG] CG iter 42: obj=2901818.639219, maxRC=91.407500, +2 cols
    [CG]   [DIAG] iter=42 posCols=2 newCols=2 effImprove=2 updated=0
    [CG] 列生成收敛，共 43 轮迭代
    [CG] [CG-NODE] depth=0 exit=CERTIFIED certified=1 feasible=1 iters=43 generatedColsBeforeNode=0 newCols=465 posCandidates=467 duplicateCandidates=2 updatedCols=2 zeroObjImproveIters=16 objFirst=942636.111301 objLast=2901818.639219 objGain=1959182.527918 maxRC=2106463.227896 wallSec=0.471545 pricingSec=0.444232 cplexSolveSec=0.019701
      [BB] 根节点即为整数解，obj=2901818.639219
