    [CG] 列生成开始，初始列数=310
    [CG] CG iter 1: obj=909370.028050, maxRC=2149126.867999, +30 cols
    [CG]   [DIAG] iter=1 posCols=30 newCols=30 effImprove=30 updated=0
    [CG] CG iter 2: obj=2446870.345086, maxRC=388804.883100, +14 cols
    [CG]   [DIAG] iter=2 posCols=14 newCols=14 effImprove=14 updated=0
    [CG] CG iter 3: obj=2482773.988225, maxRC=642639.072678, +22 cols
    [CG]   [DIAG] iter=3 posCols=22 newCols=22 effImprove=22 updated=0
    [CG] CG iter 4: obj=2554505.389073, maxRC=551222.544738, +21 cols
    [CG]   [DIAG] iter=4 posCols=21 newCols=21 effImprove=21 updated=0
    [CG] CG iter 5: obj=2599079.361928, maxRC=378495.298274, +17 cols
    [CG]   [DIAG] iter=5 posCols=17 newCols=17 effImprove=17 updated=0
    [CG] CG iter 6: obj=2611648.494861, maxRC=443691.229064, +19 cols
    [CG]   [DIAG] iter=6 posCols=19 newCols=19 effImprove=19 updated=0
    [CG] CG iter 7: obj=2635172.228181, maxRC=343076.299308, +15 cols
    [CG]   [DIAG] iter=7 posCols=15 newCols=15 effImprove=15 updated=0
    [CG] CG iter 8: obj=2670332.573743, maxRC=252176.732520, +13 cols
    [CG]   [DIAG] iter=8 posCols=13 newCols=13 effImprove=13 updated=0
    [CG] CG iter 9: obj=2685107.950903, maxRC=221860.878908, +13 cols
    [CG]   [DIAG] iter=9 posCols=13 newCols=13 effImprove=13 updated=0
    [CG] CG iter 10: obj=2871362.967424, maxRC=177041.402175, +12 cols
    [CG]   [DIAG] iter=10 posCols=12 newCols=12 effImprove=12 updated=0
    [CG] CG iter 11: obj=2871362.967424, maxRC=183735.700450, +12 cols
    [CG]   [DIAG] iter=11 posCols=12 newCols=12 effImprove=12 updated=0
    [CG] CG iter 12: obj=2871362.967424, maxRC=152078.516604, +12 cols
    [CG]   [DIAG] iter=12 posCols=12 newCols=12 effImprove=12 updated=0
    [CG] CG iter 13: obj=2871362.967424, maxRC=142937.116023, +12 cols
    [CG]   [DIAG] iter=13 posCols=12 newCols=12 effImprove=12 updated=0
    [CG] CG iter 14: obj=2871362.967424, maxRC=107113.745042, +12 cols
    [CG]   [DIAG] iter=14 posCols=12 newCols=11 effImprove=12 updated=1
    [CG] CG iter 15: obj=2871362.967424, maxRC=137034.146247, +12 cols
    [CG]   [DIAG] iter=15 posCols=12 newCols=12 effImprove=12 updated=0
    [CG] CG iter 16: obj=2871362.967424, maxRC=164113.156409, +11 cols
    [CG]   [DIAG] iter=16 posCols=11 newCols=11 effImprove=11 updated=0
    [CG] CG iter 17: obj=2871362.967424, maxRC=96336.602442, +10 cols
    [CG]   [DIAG] iter=17 posCols=10 newCols=10 effImprove=10 updated=0
    [CG] CG iter 18: obj=2874908.200692, maxRC=72730.861456, +9 cols
    [CG]   [DIAG] iter=18 posCols=9 newCols=9 effImprove=9 updated=0
    [CG] CG iter 19: obj=2879326.604618, maxRC=78133.998009, +11 cols
    [CG]   [DIAG] iter=19 posCols=11 newCols=11 effImprove=11 updated=0
    [CG] CG iter 20: obj=2886482.635046, maxRC=55519.127424, +11 cols
    [CG]   [DIAG] iter=20 posCols=11 newCols=11 effImprove=11 updated=0
    [CG] CG iter 21: obj=2886482.635046, maxRC=78837.373767, +11 cols
    [CG]   [DIAG] iter=21 posCols=11 newCols=11 effImprove=11 updated=0
    [CG] CG iter 22: obj=2886992.285591, maxRC=71579.855860, +11 cols
    [CG]   [DIAG] iter=22 posCols=11 newCols=11 effImprove=11 updated=0
    [CG] CG iter 23: obj=2899994.771711, maxRC=53079.222542, +9 cols
    [CG]   [DIAG] iter=23 posCols=9 newCols=9 effImprove=9 updated=0
    [CG] CG iter 24: obj=2900811.999172, maxRC=47427.878116, +9 cols
    [CG]   [DIAG] iter=24 posCols=9 newCols=9 effImprove=9 updated=0
    [CG] CG iter 25: obj=2901851.815056, maxRC=52567.840674, +10 cols
    [CG]   [DIAG] iter=25 posCols=10 newCols=9 effImprove=10 updated=1
    [CG] CG iter 26: obj=2904742.253819, maxRC=26312.516906, +9 cols
    [CG]   [DIAG] iter=26 posCols=9 newCols=9 effImprove=9 updated=0
    [CG] CG iter 27: obj=2906962.867232, maxRC=40294.972318, +9 cols
    [CG]   [DIAG] iter=27 posCols=9 newCols=9 effImprove=9 updated=0
    [CG] CG iter 28: obj=2909933.489091, maxRC=32381.463348, +10 cols
    [CG]   [DIAG] iter=28 posCols=10 newCols=10 effImprove=10 updated=0
    [CG] CG iter 29: obj=2912148.809972, maxRC=20844.834916, +9 cols
    [CG]   [DIAG] iter=29 posCols=9 newCols=9 effImprove=9 updated=0
    [CG] CG iter 30: obj=2914192.851454, maxRC=16832.985058, +9 cols
    [CG]   [DIAG] iter=30 posCols=9 newCols=9 effImprove=9 updated=0
    [CG] CG iter 31: obj=2916090.176872, maxRC=11843.482345, +7 cols
    [CG]   [DIAG] iter=31 posCols=7 newCols=7 effImprove=7 updated=0
    [CG] CG iter 32: obj=2918879.111786, maxRC=30885.321820, +9 cols
    [CG]   [DIAG] iter=32 posCols=9 newCols=9 effImprove=9 updated=0
    [CG] CG iter 33: obj=2919745.592477, maxRC=13704.483381, +8 cols
    [CG]   [DIAG] iter=33 posCols=8 newCols=8 effImprove=8 updated=0
    [CG] CG iter 34: obj=2920913.945418, maxRC=10273.697691, +6 cols
    [CG]   [DIAG] iter=34 posCols=6 newCols=6 effImprove=6 updated=0
    [CG] CG iter 35: obj=2922435.086602, maxRC=18945.240437, +9 cols
    [CG]   [DIAG] iter=35 posCols=9 newCols=9 effImprove=9 updated=0
    [CG] CG iter 36: obj=2923696.050157, maxRC=10640.020653, +7 cols
    [CG]   [DIAG] iter=36 posCols=7 newCols=7 effImprove=7 updated=0
    [CG] CG iter 37: obj=2924383.369954, maxRC=8944.660672, +7 cols
    [CG]   [DIAG] iter=37 posCols=7 newCols=7 effImprove=7 updated=0
    [CG] CG iter 38: obj=2925373.414485, maxRC=9013.030043, +7 cols
    [CG]   [DIAG] iter=38 posCols=7 newCols=7 effImprove=7 updated=0
    [CG] CG iter 39: obj=2925373.414485, maxRC=3066.547416, +5 cols
    [CG]   [DIAG] iter=39 posCols=5 newCols=5 effImprove=5 updated=0
    [CG] CG iter 40: obj=2926906.688193, maxRC=5674.941290, +5 cols
    [CG]   [DIAG] iter=40 posCols=5 newCols=5 effImprove=5 updated=0
    [CG] CG iter 41: obj=2926906.688193, maxRC=7342.569794, +7 cols
    [CG]   [DIAG] iter=41 posCols=7 newCols=7 effImprove=7 updated=0
    [CG] CG iter 42: obj=2926906.688193, maxRC=5335.236241, +4 cols
    [CG]   [DIAG] iter=42 posCols=4 newCols=4 effImprove=4 updated=0
    [CG] CG iter 43: obj=2926906.688193, maxRC=682.545111, +3 cols
    [CG]   [DIAG] iter=43 posCols=3 newCols=3 effImprove=3 updated=0
    [CG] CG iter 44: obj=2926906.688193, maxRC=263.808250, +2 cols
    [CG]   [DIAG] iter=44 posCols=2 newCols=2 effImprove=2 updated=0
    [CG] CG iter 45: obj=2926906.688193, maxRC=436.286972, +2 cols
    [CG]   [DIAG] iter=45 posCols=2 newCols=2 effImprove=2 updated=0
    [CG] CG iter 46: obj=2926906.688193, maxRC=139.874147, +1 cols
    [CG]   [DIAG] iter=46 posCols=1 newCols=1 effImprove=1 updated=0
    [CG] 列生成收敛，共 47 轮迭代
    [CG] [CG-NODE] depth=0 exit=CERTIFIED certified=1 feasible=1 iters=47 generatedColsBeforeNode=0 newCols=471 posCandidates=473 duplicateCandidates=2 updatedCols=2 zeroObjImproveIters=16 objFirst=909370.028050 objLast=2926906.688193 objGain=2017536.660143 maxRC=2149126.867999 wallSec=0.466181 pricingSec=0.437805 cplexSolveSec=0.021154
      [BB] 分支定界开始，根节点LP obj=2926906.688193，最大节点数=10000
      [BB] 根节点启发式下界 LB=2303693.194939（上界=2926906.688193）
    [CG] [BB-DIAG] 分支 x_{dc=4,retailer=3}, 节点数=1
    [CG] 列生成开始，初始列数=700
    [CG] CG iter 48: obj=2919885.674923, maxRC=55544.104692, +10 cols
    [CG]   [DIAG] iter=48 posCols=10 newCols=10 effImprove=10 updated=0
    [CG] CG iter 49: obj=2919885.674923, maxRC=57549.960626, +10 cols
    [CG]   [DIAG] iter=49 posCols=10 newCols=10 effImprove=10 updated=0
    [CG] CG iter 50: obj=2919885.674923, maxRC=32944.206946, +7 cols
    [CG]   [DIAG] iter=50 posCols=7 newCols=7 effImprove=7 updated=0
    [CG] CG iter 51: obj=2919885.674923, maxRC=34163.369280, +7 cols
    [CG]   [DIAG] iter=51 posCols=7 newCols=7 effImprove=7 updated=0
    [CG] CG iter 52: obj=2919885.674923, maxRC=36112.416825, +9 cols
    [CG]   [DIAG] iter=52 posCols=9 newCols=9 effImprove=9 updated=0
    [CG] CG iter 53: obj=2919885.674923, maxRC=10353.562917, +7 cols
    [CG]   [DIAG] iter=53 posCols=7 newCols=7 effImprove=7 updated=0
    [CG] CG iter 54: obj=2919885.674923, maxRC=3582.078944, +6 cols
    [CG]   [DIAG] iter=54 posCols=6 newCols=6 effImprove=6 updated=0
    [CG] CG iter 55: obj=2923467.753867, maxRC=7930.878172, +8 cols
    [CG]   [DIAG] iter=55 posCols=8 newCols=8 effImprove=8 updated=0
    [CG] CG iter 56: obj=2923467.753867, maxRC=2351.112200, +6 cols
    [CG]   [DIAG] iter=56 posCols=6 newCols=6 effImprove=6 updated=0
    [CG] CG iter 57: obj=2923467.753867, maxRC=2857.028519, +4 cols
    [CG]   [DIAG] iter=57 posCols=4 newCols=4 effImprove=4 updated=0
    [CG] CG iter 58: obj=2923467.753867, maxRC=728.175649, +4 cols
    [CG]   [DIAG] iter=58 posCols=4 newCols=4 effImprove=4 updated=0
    [CG] CG iter 59: obj=2923467.753867, maxRC=852.964542, +3 cols
    [CG]   [DIAG] iter=59 posCols=3 newCols=3 effImprove=3 updated=0
    [CG] CG iter 60: obj=2923467.753867, maxRC=260.657144, +3 cols
    [CG]   [DIAG] iter=60 posCols=3 newCols=3 effImprove=3 updated=0
    [CG] CG iter 61: obj=2923467.753867, maxRC=90.476221, +3 cols
    [CG]   [DIAG] iter=61 posCols=3 newCols=3 effImprove=3 updated=0
    [CG] CG iter 62: obj=2923467.753867, maxRC=17.912638, +1 cols
    [CG]   [DIAG] iter=62 posCols=1 newCols=1 effImprove=1 updated=0
    [CG] 列生成收敛，共 63 轮迭代
    [CG] [CG-NODE] depth=1 exit=CERTIFIED certified=1 feasible=1 iters=16 generatedColsBeforeNode=471 newCols=88 posCandidates=88 duplicateCandidates=0 updatedCols=0 zeroObjImproveIters=14 objFirst=2919885.674923 objLast=2923467.753867 objGain=3582.078944 maxRC=57549.960626 wallSec=0.085401 pricingSec=0.073794 cplexSolveSec=0.008584
    [CG] 列生成开始，初始列数=711
    [CG] CG iter 64: obj=2916826.324240, maxRC=30328.122938, +9 cols
    [CG]   [DIAG] iter=64 posCols=9 newCols=9 effImprove=9 updated=0
    [CG] CG iter 65: obj=2916826.324240, maxRC=11071.639305, +7 cols
    [CG]   [DIAG] iter=65 posCols=7 newCols=7 effImprove=7 updated=0
    [CG] CG iter 66: obj=2922625.518792, maxRC=12081.313941, +9 cols
    [CG]   [DIAG] iter=66 posCols=9 newCols=9 effImprove=9 updated=0
    [CG] CG iter 67: obj=2922625.518792, maxRC=28017.445070, +8 cols
    [CG]   [DIAG] iter=67 posCols=8 newCols=8 effImprove=8 updated=0
    [CG] CG iter 68: obj=2922625.518792, maxRC=7524.317331, +8 cols
    [CG]   [DIAG] iter=68 posCols=8 newCols=8 effImprove=8 updated=0
    [CG] CG iter 69: obj=2922625.518792, maxRC=7712.387635, +6 cols
    [CG]   [DIAG] iter=69 posCols=6 newCols=6 effImprove=6 updated=0
    [CG] CG iter 70: obj=2922625.518792, maxRC=7439.493013, +6 cols
    [CG]   [DIAG] iter=70 posCols=6 newCols=6 effImprove=6 updated=0
    [CG] CG iter 71: obj=2922625.518792, maxRC=3105.256524, +5 cols
    [CG]   [DIAG] iter=71 posCols=5 newCols=5 effImprove=5 updated=0
    [CG] CG iter 72: obj=2922625.518792, maxRC=1556.763468, +4 cols
    [CG]   [DIAG] iter=72 posCols=4 newCols=4 effImprove=4 updated=0
    [CG] CG iter 73: obj=2922625.518792, maxRC=2495.035620, +4 cols
    [CG]   [DIAG] iter=73 posCols=4 newCols=4 effImprove=4 updated=0
    [CG] CG iter 74: obj=2922625.518792, maxRC=1532.363752, +4 cols
    [CG]   [DIAG] iter=74 posCols=4 newCols=4 effImprove=4 updated=0
    [CG] CG iter 75: obj=2922625.518792, maxRC=849.067479, +3 cols
    [CG]   [DIAG] iter=75 posCols=3 newCols=3 effImprove=3 updated=0
    [CG] CG iter 76: obj=2922625.518792, maxRC=750.073629, +3 cols
    [CG]   [DIAG] iter=76 posCols=3 newCols=3 effImprove=3 updated=0
    [CG] CG iter 77: obj=2922625.518792, maxRC=699.826091, +2 cols
    [CG]   [DIAG] iter=77 posCols=2 newCols=2 effImprove=2 updated=0
    [CG] CG iter 78: obj=2922625.518792, maxRC=336.327247, +2 cols
    [CG]   [DIAG] iter=78 posCols=2 newCols=2 effImprove=2 updated=0
    [CG] CG iter 79: obj=2922625.518792, maxRC=110.704943, +1 cols
    [CG]   [DIAG] iter=79 posCols=1 newCols=1 effImprove=1 updated=0
    [CG] 列生成收敛，共 80 轮迭代
    [CG] [CG-NODE] depth=1 exit=CERTIFIED certified=1 feasible=1 iters=17 generatedColsBeforeNode=559 newCols=81 posCandidates=81 duplicateCandidates=0 updatedCols=0 zeroObjImproveIters=15 objFirst=2916826.324240 objLast=2922625.518792 objGain=5799.194552 maxRC=30328.122938 wallSec=0.073942 pricingSec=0.061740 cplexSolveSec=0.009144
    [CG] [BB-INCUMBENT] selection=2 node=1 previous=2303693.194939 value=2922625.518792 active=1
    [CG] [BB-NODESEL] strategy=hybrid choice=dfs eligibleCount=1 active=1 gap=0.000288
    [CG] [BB-INCUMBENT] selection=3 node=1 previous=2922625.518792 value=2923467.753867 active=0
      [BB] 分支定界结束：处理 3 节点，剪枝 0，剩余活跃 0，整数解 3，状态=OPTIMAL，最好可行 obj=2923467.753867，gap=0.000000
