    [CG] 列生成开始，初始列数=310
    [CG] CG iter 1: obj=928137.767349, maxRC=2175772.844608, +30 cols
    [CG]   [DIAG] iter=1 posCols=30 newCols=30 effImprove=30 updated=0
    [CG] CG iter 2: obj=2455388.777332, maxRC=410852.299029, +21 cols
    [CG]   [DIAG] iter=2 posCols=21 newCols=21 effImprove=21 updated=0
    [CG] CG iter 3: obj=2573806.182479, maxRC=712829.234031, +25 cols
    [CG]   [DIAG] iter=3 posCols=25 newCols=25 effImprove=25 updated=0
    [CG] CG iter 4: obj=2573806.182479, maxRC=636476.505406, +24 cols
    [CG]   [DIAG] iter=4 posCols=24 newCols=24 effImprove=24 updated=0
    [CG] CG iter 5: obj=2600207.397106, maxRC=477232.374416, +24 cols
    [CG]   [DIAG] iter=5 posCols=24 newCols=24 effImprove=24 updated=0
    [CG] CG iter 6: obj=2624569.081804, maxRC=396468.998207, +21 cols
    [CG]   [DIAG] iter=6 posCols=21 newCols=21 effImprove=21 updated=0
    [CG] CG iter 7: obj=2671734.207994, maxRC=284363.003650, +17 cols
    [CG]   [DIAG] iter=7 posCols=17 newCols=17 effImprove=17 updated=0
    [CG] CG iter 8: obj=2777559.010011, maxRC=270038.857382, +17 cols
    [CG]   [DIAG] iter=8 posCols=17 newCols=17 effImprove=17 updated=0
    [CG] CG iter 9: obj=2777559.010011, maxRC=294876.935757, +15 cols
    [CG]   [DIAG] iter=9 posCols=15 newCols=14 effImprove=15 updated=1
    [CG] CG iter 10: obj=2785694.146390, maxRC=301689.917106, +13 cols
    [CG]   [DIAG] iter=10 posCols=13 newCols=13 effImprove=13 updated=0
    [CG] CG iter 11: obj=2794459.877607, maxRC=78927.013829, +12 cols
    [CG]   [DIAG] iter=11 posCols=12 newCols=12 effImprove=12 updated=0
    [CG] CG iter 12: obj=2836614.529535, maxRC=63404.524073, +12 cols
    [CG]   [DIAG] iter=12 posCols=12 newCols=12 effImprove=12 updated=0
    [CG] CG iter 13: obj=2836614.529535, maxRC=47718.865766, +11 cols
    [CG]   [DIAG] iter=13 posCols=11 newCols=11 effImprove=11 updated=0
    [CG] CG iter 14: obj=2836614.529535, maxRC=53071.643126, +10 cols
    [CG]   [DIAG] iter=14 posCols=10 newCols=10 effImprove=10 updated=0
    [CG] CG iter 15: obj=2836614.529535, maxRC=48746.905444, +10 cols
    [CG]   [DIAG] iter=15 posCols=10 newCols=9 effImprove=10 updated=1
    [CG] CG iter 16: obj=2848071.048107, maxRC=32475.442656, +11 cols
    [CG]   [DIAG] iter=16 posCols=11 newCols=11 effImprove=11 updated=0
    [CG] CG iter 17: obj=2863695.451667, maxRC=35252.054313, +10 cols
    [CG]   [DIAG] iter=17 posCols=10 newCols=10 effImprove=10 updated=0
    [CG] CG iter 18: obj=2866210.286418, maxRC=38383.942655, +12 cols
    [CG]   [DIAG] iter=18 posCols=12 newCols=12 effImprove=12 updated=0
    [CG] CG iter 19: obj=2866210.286418, maxRC=21665.789408, +9 cols
    [CG]   [DIAG] iter=19 posCols=9 newCols=9 effImprove=9 updated=0
    [CG] CG iter 20: obj=2871607.273337, maxRC=19967.891931, +7 cols
    [CG]   [DIAG] iter=20 posCols=7 newCols=7 effImprove=7 updated=0
    [CG] CG iter 21: obj=2871607.273337, maxRC=16401.921182, +11 cols
    [CG]   [DIAG] iter=21 posCols=11 newCols=11 effImprove=11 updated=0
    [CG] CG iter 22: obj=2871607.273337, maxRC=17148.343263, +6 cols
    [CG]   [DIAG] iter=22 posCols=6 newCols=6 effImprove=6 updated=0
    [CG] CG iter 23: obj=2871607.273337, maxRC=7227.965367, +6 cols
    [CG]   [DIAG] iter=23 posCols=6 newCols=6 effImprove=6 updated=0
    [CG] CG iter 24: obj=2877624.630543, maxRC=6486.572943, +4 cols
    [CG]   [DIAG] iter=24 posCols=4 newCols=4 effImprove=4 updated=0
    [CG] CG iter 25: obj=2877624.630543, maxRC=2663.073802, +3 cols
    [CG]   [DIAG] iter=25 posCols=3 newCols=3 effImprove=3 updated=0
    [CG] CG iter 26: obj=2877624.630543, maxRC=1907.692183, +3 cols
    [CG]   [DIAG] iter=26 posCols=3 newCols=3 effImprove=3 updated=0
    [CG] CG iter 27: obj=2877624.630543, maxRC=293.126799, +2 cols
    [CG]   [DIAG] iter=27 posCols=2 newCols=2 effImprove=2 updated=0
    [CG] CG iter 28: obj=2877624.630543, maxRC=70.301649, +1 cols
    [CG]   [DIAG] iter=28 posCols=1 newCols=1 effImprove=1 updated=0
    [CG] 列生成收敛，共 29 轮迭代
    [CG] [CG-NODE] depth=0 exit=CERTIFIED certified=1 feasible=1 iters=29 generatedColsBeforeNode=0 newCols=345 posCandidates=347 duplicateCandidates=2 updatedCols=2 zeroObjImproveIters=14 objFirst=928137.767349 objLast=2877624.630543 objGain=1949486.863194 maxRC=2175772.844608 wallSec=0.348484 pricingSec=0.329818 cplexSolveSec=0.012602
      [BB] 根节点即为整数解，obj=2877624.630543
