    [CG] 列生成开始，初始列数=310
    [CG] CG iter 1: obj=932547.689090, maxRC=2147990.495974, +30 cols
    [CG]   [DIAG] iter=1 posCols=30 newCols=30 effImprove=30 updated=0
    [CG] CG iter 2: obj=2446943.252444, maxRC=427895.824770, +19 cols
    [CG]   [DIAG] iter=2 posCols=19 newCols=19 effImprove=19 updated=0
    [CG] CG iter 3: obj=2477568.447369, maxRC=618978.199678, +24 cols
    [CG]   [DIAG] iter=3 posCols=24 newCols=24 effImprove=24 updated=0
    [CG] CG iter 4: obj=2491375.233999, maxRC=592832.957451, +24 cols
    [CG]   [DIAG] iter=4 posCols=24 newCols=24 effImprove=24 updated=0
    [CG] CG iter 5: obj=2567439.035951, maxRC=488816.518678, +21 cols
    [CG]   [DIAG] iter=5 posCols=21 newCols=21 effImprove=21 updated=0
    [CG] CG iter 6: obj=2587640.499531, maxRC=315957.937020, +19 cols
    [CG]   [DIAG] iter=6 posCols=19 newCols=19 effImprove=19 updated=0
    [CG] CG iter 7: obj=2621606.427378, maxRC=304105.741229, +18 cols
    [CG]   [DIAG] iter=7 posCols=18 newCols=18 effImprove=18 updated=0
    [CG] CG iter 8: obj=2682909.222742, maxRC=271819.907346, +16 cols
    [CG]   [DIAG] iter=8 posCols=16 newCols=16 effImprove=16 updated=0
    [CG] CG iter 9: obj=2786999.882562, maxRC=203348.692380, +13 cols
    [CG]   [DIAG] iter=9 posCols=13 newCols=13 effImprove=13 updated=0
    [CG] CG iter 10: obj=2786999.882562, maxRC=121548.571983, +12 cols
    [CG]   [DIAG] iter=10 posCols=12 newCols=12 effImprove=12 updated=0
    [CG] CG iter 11: obj=2852556.742830, maxRC=283869.160592, +15 cols
    [CG]   [DIAG] iter=11 posCols=15 newCols=15 effImprove=15 updated=0
    [CG] CG iter 12: obj=2852556.742830, maxRC=214977.999339, +13 cols
    [CG]   [DIAG] iter=12 posCols=13 newCols=13 effImprove=13 updated=0
    [CG] CG iter 13: obj=2852556.742830, maxRC=204668.157689, +15 cols
    [CG]   [DIAG] iter=13 posCols=15 newCols=15 effImprove=15 updated=0
    [CG] CG iter 14: obj=2852556.742830, maxRC=242999.583090, +12 cols
    [CG]   [DIAG] iter=14 posCols=12 newCols=12 effImprove=12 updated=0
    [CG] CG iter 15: obj=2852558.843480, maxRC=185647.056517, +13 cols
    [CG]   [DIAG] iter=15 posCols=13 newCols=13 effImprove=13 updated=0
    [CG] CG iter 16: obj=2862659.527006, maxRC=127452.122508, +13 cols
    [CG]   [DIAG] iter=16 posCols=13 newCols=13 effImprove=13 updated=0
    [CG] CG iter 17: obj=2865948.988405, maxRC=168621.590775, +12 cols
    [CG]   [DIAG] iter=17 posCols=12 newCols=12 effImprove=12 updated=0
    [CG] CG iter 18: obj=2867873.593066, maxRC=181680.399350, +13 cols
    [CG]   [DIAG] iter=18 posCols=13 newCols=13 effImprove=13 updated=0
    [CG] CG iter 19: obj=2868730.213335, maxRC=139043.662096, +13 cols
    [CG]   [DIAG] iter=19 posCols=13 newCols=13 effImprove=13 updated=0
    [CG] CG iter 20: obj=2869862.051647, maxRC=89773.725250, +12 cols
    [CG]   [DIAG] iter=20 posCols=12 newCols=12 effImprove=12 updated=0
    [CG] CG iter 21: obj=2877247.273829, maxRC=105632.779949, +12 cols
    [CG]   [DIAG] iter=21 posCols=12 newCols=12 effImprove=12 updated=0
    [CG] CG iter 22: obj=2878301.691640, maxRC=124893.428446, +12 cols
    [CG]   [DIAG] iter=22 posCols=12 newCols=12 effImprove=12 updated=0
    [CG] CG iter 23: obj=2883681.260735, maxRC=38694.778080, +11 cols
    [CG]   [DIAG] iter=23 posCols=11 newCols=11 effImprove=11 updated=0
    [CG] CG iter 24: obj=2891234.558730, maxRC=47313.015849, +9 cols
    [CG]   [DIAG] iter=24 posCols=9 newCols=9 effImprove=9 updated=0
    [CG] CG iter 25: obj=2893652.662569, maxRC=43747.021789, +9 cols
    [CG]   [DIAG] iter=25 posCols=9 newCols=9 effImprove=9 updated=0
    [CG] CG iter 26: obj=2896646.018488, maxRC=47596.354266, +9 cols
    [CG]   [DIAG] iter=26 posCols=9 newCols=9 effImprove=9 updated=0
    [CG] CG iter 27: obj=2900797.501575, maxRC=29444.340231, +9 cols
    [CG]   [DIAG] iter=27 posCols=9 newCols=9 effImprove=9 updated=0
    [CG] CG iter 28: obj=2904682.504577, maxRC=30690.613559, +9 cols
    [CG]   [DIAG] iter=28 posCols=9 newCols=9 effImprove=9 updated=0
    [CG] CG iter 29: obj=2906450.760678, maxRC=21143.887118, +9 cols
    [CG]   [DIAG] iter=29 posCols=9 newCols=9 effImprove=9 updated=0
    [CG] CG iter 30: obj=2906452.919145, maxRC=15631.234212, +9 cols
    [CG]   [DIAG] iter=30 posCols=9 newCols=9 effImprove=9 updated=0
    [CG] CG iter 31: obj=2907003.376907, maxRC=13093.882091, +9 cols
    [CG]   [DIAG] iter=31 posCols=9 newCols=9 effImprove=9 updated=0
    [CG] CG iter 32: obj=2911839.318310, maxRC=15046.531913, +9 cols
    [CG]   [DIAG] iter=32 posCols=9 newCols=9 effImprove=9 updated=0
    [CG] CG iter 33: obj=2913776.332947, maxRC=11241.984964, +8 cols
    [CG]   [DIAG] iter=33 posCols=8 newCols=8 effImprove=8 updated=0
    [CG] CG iter 34: obj=2916505.071809, maxRC=13274.562029, +7 cols
    [CG]   [DIAG] iter=34 posCols=7 newCols=7 effImprove=7 updated=0
    [CG] CG iter 35: obj=2917863.923083, maxRC=9141.204588, +9 cols
    [CG]   [DIAG] iter=35 posCols=9 newCols=9 effImprove=9 updated=0
    [CG] CG iter 36: obj=2920448.335419, maxRC=7819.896809, +7 cols
    [CG]   [DIAG] iter=36 posCols=7 newCols=7 effImprove=7 updated=0
    [CG] CG iter 37: obj=2920928.261034, maxRC=6590.840497, +8 cols
    [CG]   [DIAG] iter=37 posCols=8 newCols=8 effImprove=8 updated=0
    [CG] CG iter 38: obj=2921792.057328, maxRC=6761.943619, +6 cols
    [CG]   [DIAG] iter=38 posCols=6 newCols=6 effImprove=6 updated=0
    [CG] CG iter 39: obj=2922050.366193, maxRC=4577.018118, +6 cols
    [CG]   [DIAG] iter=39 posCols=6 newCols=6 effImprove=6 updated=0
    [CG] CG iter 40: obj=2925688.412193, maxRC=3441.485281, +6 cols
    [CG]   [DIAG] iter=40 posCols=6 newCols=6 effImprove=6 updated=0
    [CG] CG iter 41: obj=2925688.412193, maxRC=1638.029469, +4 cols
    [CG]   [DIAG] iter=41 posCols=4 newCols=4 effImprove=4 updated=0
    [CG] CG iter 42: obj=2925688.412193, maxRC=1205.690232, +2 cols
    [CG]   [DIAG] iter=42 posCols=2 newCols=2 effImprove=2 updated=0
    [CG] CG iter 43: obj=2925688.412193, maxRC=1230.324177, +2 cols
    [CG]   [DIAG] iter=43 posCols=2 newCols=2 effImprove=2 updated=0
    [CG] CG iter 44: obj=2925688.412193, maxRC=2513.485444, +2 cols
    [CG]   [DIAG] iter=44 posCols=2 newCols=2 effImprove=2 updated=0
    [CG] CG iter 45: obj=2925688.412193, maxRC=793.062416, +3 cols
    [CG]   [DIAG] iter=45 posCols=3 newCols=3 effImprove=3 updated=0
    [CG] CG iter 46: obj=2925705.964944, maxRC=611.819177, +2 cols
    [CG]   [DIAG] iter=46 posCols=2 newCols=2 effImprove=2 updated=0
    [CG] CG iter 47: obj=2925705.964944, maxRC=153.110603, +1 cols
    [CG]   [DIAG] iter=47 posCols=1 newCols=1 effImprove=1 updated=0
    [CG] CG iter 48: obj=2925782.520245, maxRC=89.799959, +1 cols
    [CG]   [DIAG] iter=48 posCols=1 newCols=1 effImprove=1 updated=0
    [CG] 列生成收敛，共 49 轮迭代
    [CG] [CG-NODE] depth=0 exit=CERTIFIED certified=1 feasible=1 iters=49 generatedColsBeforeNode=0 newCols=517 posCandidates=517 duplicateCandidates=0 updatedCols=0 zeroObjImproveIters=11 objFirst=932547.689090 objLast=2925782.520245 objGain=1993234.831155 maxRC=2147990.495974 wallSec=0.507675 pricingSec=0.478392 cplexSolveSec=0.022316
      [BB] 分支定界开始，根节点LP obj=2925782.520245，最大节点数=10000
      [BB] 根节点启发式下界 LB=2301459.807194（上界=2925782.520245）
    [CG] [BB-DIAG] 分支 x_{dc=4,retailer=3}, 节点数=1
    [CG] 列生成开始，初始列数=757
    [CG] CG iter 50: obj=2922304.883548, maxRC=26307.588348, +10 cols
    [CG]   [DIAG] iter=50 posCols=10 newCols=10 effImprove=10 updated=0
    [CG] CG iter 51: obj=2922304.883548, maxRC=3747.139948, +6 cols
    [CG]   [DIAG] iter=51 posCols=6 newCols=6 effImprove=6 updated=0
    [CG] CG iter 52: obj=2922304.883548, maxRC=2749.404620, +5 cols
    [CG]   [DIAG] iter=52 posCols=5 newCols=5 effImprove=5 updated=0
    [CG] CG iter 53: obj=2922304.883548, maxRC=2427.023289, +3 cols
    [CG]   [DIAG] iter=53 posCols=3 newCols=3 effImprove=3 updated=0
    [CG] CG iter 54: obj=2922304.883548, maxRC=1486.567552, +2 cols
    [CG]   [DIAG] iter=54 posCols=2 newCols=2 effImprove=2 updated=0
    [CG] CG iter 55: obj=2922304.883548, maxRC=2517.497882, +3 cols
    [CG]   [DIAG] iter=55 posCols=3 newCols=3 effImprove=3 updated=0
    [CG] CG iter 56: obj=2922304.883548, maxRC=2062.163626, +3 cols
    [CG]   [DIAG] iter=56 posCols=3 newCols=3 effImprove=3 updated=0
    [CG] CG iter 57: obj=2922304.883548, maxRC=2015.415506, +2 cols
    [CG]   [DIAG] iter=57 posCols=2 newCols=2 effImprove=2 updated=0
    [CG] CG iter 58: obj=2922304.883548, maxRC=115.249400, +1 cols
    [CG]   [DIAG] iter=58 posCols=1 newCols=1 effImprove=1 updated=0
    [CG] 列生成收敛，共 59 轮迭代
    [CG] [CG-NODE] depth=1 exit=CERTIFIED certified=1 feasible=1 iters=10 generatedColsBeforeNode=517 newCols=35 posCandidates=35 duplicateCandidates=0 updatedCols=0 zeroObjImproveIters=9 objFirst=2922304.883548 objLast=2922304.883548 objGain=-0.000000 maxRC=26307.588348 wallSec=0.067559 pricingSec=0.059089 cplexSolveSec=0.005985
    [CG] 列生成开始，初始列数=748
    [CG] CG iter 60: obj=2909564.425186, maxRC=25707.897781, +9 cols
    [CG]   [DIAG] iter=60 posCols=9 newCols=9 effImprove=9 updated=0
    [CG] CG iter 61: obj=2910924.038069, maxRC=15776.372398, +9 cols
    [CG]   [DIAG] iter=61 posCols=9 newCols=9 effImprove=9 updated=0
    [CG] CG iter 62: obj=2916366.339136, maxRC=11931.934199, +8 cols
    [CG]   [DIAG] iter=62 posCols=8 newCols=8 effImprove=8 updated=0
    [CG] CG iter 63: obj=2916366.339136, maxRC=5519.369904, +5 cols
    [CG]   [DIAG] iter=63 posCols=5 newCols=5 effImprove=5 updated=0
    [CG] CG iter 64: obj=2916805.258227, maxRC=8780.490205, +8 cols
    [CG]   [DIAG] iter=64 posCols=8 newCols=8 effImprove=8 updated=0
    [CG] CG iter 65: obj=2917223.578945, maxRC=6700.365946, +4 cols
    [CG]   [DIAG] iter=65 posCols=4 newCols=4 effImprove=4 updated=0
    [CG] CG iter 66: obj=2917873.795459, maxRC=4619.411405, +6 cols
    [CG]   [DIAG] iter=66 posCols=6 newCols=6 effImprove=6 updated=0
    [CG] CG iter 67: obj=2920589.928712, maxRC=6491.520003, +8 cols
    [CG]   [DIAG] iter=67 posCols=8 newCols=8 effImprove=8 updated=0
    [CG] CG iter 68: obj=2920589.928712, maxRC=3036.684748, +6 cols
    [CG]   [DIAG] iter=68 posCols=6 newCols=6 effImprove=6 updated=0
    [CG] CG iter 69: obj=2920589.928712, maxRC=609.856509, +3 cols
    [CG]   [DIAG] iter=69 posCols=3 newCols=3 effImprove=3 updated=0
    [CG] CG iter 70: obj=2920589.928712, maxRC=805.719688, +2 cols
    [CG]   [DIAG] iter=70 posCols=2 newCols=2 effImprove=2 updated=0
    [CG] CG iter 71: obj=2920589.928712, maxRC=645.950041, +1 cols
    [CG]   [DIAG] iter=71 posCols=1 newCols=1 effImprove=1 updated=0
    [CG] CG iter 72: obj=2920589.928712, maxRC=473.883487, +1 cols
    [CG]   [DIAG] iter=72 posCols=1 newCols=1 effImprove=1 updated=0
    [CG] CG iter 73: obj=2920589.928712, maxRC=309.849649, +1 cols
    [CG]   [DIAG] iter=73 posCols=1 newCols=1 effImprove=1 updated=0
    [CG] CG iter 74: obj=2920589.928712, maxRC=128.681384, +1 cols
    [CG]   [DIAG] iter=74 posCols=1 newCols=1 effImprove=1 updated=0
    [CG] 列生成收敛，共 75 轮迭代
    [CG] [CG-NODE] depth=1 exit=CERTIFIED certified=1 feasible=1 iters=16 generatedColsBeforeNode=552 newCols=72 posCandidates=72 duplicateCandidates=0 updatedCols=0 zeroObjImproveIters=9 objFirst=2909564.425186 objLast=2920589.928712 objGain=11025.503526 maxRC=25707.897781 wallSec=0.070270 pricingSec=0.058365 cplexSolveSec=0.008884
    [CG] [BB-INCUMBENT] selection=2 node=1 previous=2301459.807194 value=2920589.928712 active=1
    [CG] [BB-NODESEL] strategy=hybrid choice=dfs eligibleCount=1 active=1 gap=0.000587
    [CG] [BB-INCUMBENT] selection=3 node=1 previous=2920589.928712 value=2922304.883548 active=0
      [BB] 分支定界结束：处理 3 节点，剪枝 0，剩余活跃 0，整数解 3，状态=OPTIMAL，最好可行 obj=2922304.883548，gap=0.000000
