    [CG] 列生成开始，初始列数=310
    [CG] CG iter 1: obj=941051.704057, maxRC=1643217.524582, +30 cols
    [CG]   [DIAG] iter=1 posCols=30 newCols=30 effImprove=30 updated=0
    [CG] CG iter 2: obj=2210450.566718, maxRC=574314.693761, +24 cols
    [CG]   [DIAG] iter=2 posCols=24 newCols=24 effImprove=24 updated=0
    [CG] CG iter 3: obj=2242987.120126, maxRC=466966.944347, +24 cols
    [CG]   [DIAG] iter=3 posCols=24 newCols=24 effImprove=24 updated=0
    [CG] CG iter 4: obj=2242987.120126, maxRC=468647.651715, +24 cols
    [CG]   [DIAG] iter=4 posCols=24 newCols=24 effImprove=24 updated=0
    [CG] CG iter 5: obj=2247891.275539, maxRC=338227.718932, +24 cols
    [CG]   [DIAG] iter=5 posCols=24 newCols=24 effImprove=24 updated=0
    [CG] CG iter 6: obj=2323333.690326, maxRC=199055.959258, +23 cols
    [CG]   [DIAG] iter=6 posCols=23 newCols=23 effImprove=23 updated=0
    [CG] CG iter 7: obj=2388874.564533, maxRC=200939.713638, +21 cols
    [CG]   [DIAG] iter=7 posCols=21 newCols=21 effImprove=21 updated=0
    [CG] CG iter 8: obj=2415225.564939, maxRC=141568.415950, +20 cols
    [CG]   [DIAG] iter=8 posCols=20 newCols=20 effImprove=20 updated=0
    [CG] CG iter 9: obj=2496677.322114, maxRC=139795.403105, +17 cols
    [CG]   [DIAG] iter=9 posCols=17 newCols=17 effImprove=17 updated=0
    [CG] CG iter 10: obj=2497717.185786, maxRC=107452.626881, +15 cols
    [CG]   [DIAG] iter=10 posCols=15 newCols=15 effImprove=15 updated=0
    [CG] CG iter 11: obj=2510226.833123, maxRC=113954.607298, +16 cols
    [CG]   [DIAG] iter=11 posCols=16 newCols=16 effImprove=16 updated=0
    [CG] CG iter 12: obj=2522374.172027, maxRC=97019.537444, +14 cols
    [CG]   [DIAG] iter=12 posCols=14 newCols=14 effImprove=14 updated=0
    [CG] CG iter 13: obj=2539055.815178, maxRC=75703.326066, +14 cols
    [CG]   [DIAG] iter=13 posCols=14 newCols=14 effImprove=14 updated=0
    [CG] CG iter 14: obj=2546896.402199, maxRC=51350.688498, +15 cols
    [CG]   [DIAG] iter=14 posCols=15 newCols=15 effImprove=15 updated=0
    [CG] CG iter 15: obj=2556884.455265, maxRC=40820.337811, +13 cols
    [CG]   [DIAG] iter=15 posCols=13 newCols=13 effImprove=13 updated=0
    [CG] CG iter 16: obj=2562667.174249, maxRC=38249.013474, +13 cols
    [CG]   [DIAG] iter=16 posCols=13 newCols=13 effImprove=13 updated=0
    [CG] CG iter 17: obj=2576841.962950, maxRC=30599.346906, +15 cols
    [CG]   [DIAG] iter=17 posCols=15 newCols=15 effImprove=15 updated=0
    [CG] CG iter 18: obj=2584748.252026, maxRC=37006.124827, +12 cols
    [CG]   [DIAG] iter=18 posCols=12 newCols=12 effImprove=12 updated=0
    [CG] CG iter 19: obj=2588493.467370, maxRC=35561.122429, +15 cols
    [CG]   [DIAG] iter=19 posCols=15 newCols=15 effImprove=15 updated=0
    [CG] CG iter 20: obj=2593430.431512, maxRC=15255.324864, +13 cols
    [CG]   [DIAG] iter=20 posCols=13 newCols=13 effImprove=13 updated=0
    [CG] CG iter 21: obj=2596900.129571, maxRC=32710.913483, +14 cols
    [CG]   [DIAG] iter=21 posCols=14 newCols=14 effImprove=14 updated=0
    [CG] CG iter 22: obj=2596900.129571, maxRC=25232.454862, +12 cols
    [CG]   [DIAG] iter=22 posCols=12 newCols=12 effImprove=12 updated=0
    [CG] CG iter 23: obj=2604328.972322, maxRC=21918.849423, +13 cols
    [CG]   [DIAG] iter=23 posCols=13 newCols=13 effImprove=13 updated=0
    [CG] CG iter 24: obj=2604328.972322, maxRC=14124.631202, +12 cols
    [CG]   [DIAG] iter=24 posCols=12 newCols=12 effImprove=12 updated=0
    [CG] CG iter 25: obj=2605897.382424, maxRC=10605.276765, +10 cols
    [CG]   [DIAG] iter=25 posCols=10 newCols=10 effImprove=10 updated=0
    [CG] CG iter 26: obj=2611810.352212, maxRC=6781.176308, +10 cols
    [CG]   [DIAG] iter=26 posCols=10 newCols=10 effImprove=10 updated=0
    [CG] CG iter 27: obj=2611810.352212, maxRC=9018.346393, +7 cols
    [CG]   [DIAG] iter=27 posCols=7 newCols=7 effImprove=7 updated=0
    [CG] CG iter 28: obj=2611810.352212, maxRC=5709.238115, +4 cols
    [CG]   [DIAG] iter=28 posCols=4 newCols=4 effImprove=4 updated=0
    [CG] CG iter 29: obj=2611810.352212, maxRC=5159.966287, +3 cols
    [CG]   [DIAG] iter=29 posCols=3 newCols=3 effImprove=3 updated=0
    [CG] CG iter 30: obj=2611810.352212, maxRC=2783.927209, +3 cols
    [CG]   [DIAG] iter=30 posCols=3 newCols=3 effImprove=3 updated=0
    [CG] CG iter 31: obj=2611810.352212, maxRC=1582.818461, +3 cols
    [CG]   [DIAG] iter=31 posCols=3 newCols=3 effImprove=3 updated=0
    [CG] CG iter 32: obj=2611810.352212, maxRC=79.618069, +1 cols
    [CG]   [DIAG] iter=32 posCols=1 newCols=1 effImprove=1 updated=0
    [CG] 列生成收敛，共 33 轮迭代
    [CG] [CG-NODE] depth=0 exit=CERTIFIED certified=1 feasible=1 iters=33 generatedColsBeforeNode=0 newCols=454 posCandidates=454 duplicateCandidates=0 updatedCols=0 zeroObjImproveIters=10 objFirst=941051.704057 objLast=2611810.352212 objGain=1670758.648155 maxRC=1643217.524582 wallSec=0.325423 pricingSec=0.303130 cplexSolveSec=0.015526
      [BB] 根节点即为整数解，obj=2611810.352212
