    [CG] 列生成开始，初始列数=310
    [CG] CG iter 1: obj=929102.494715, maxRC=2139331.782441, +30 cols
    [CG]   [DIAG] iter=1 posCols=30 newCols=30 effImprove=30 updated=0
    [CG] CG iter 2: obj=2438242.529231, maxRC=429775.008052, +19 cols
    [CG]   [DIAG] iter=2 posCols=19 newCols=19 effImprove=19 updated=0
    [CG] CG iter 3: obj=2481716.838283, maxRC=711741.498995, +24 cols
    [CG]   [DIAG] iter=3 posCols=24 newCols=24 effImprove=24 updated=0
    [CG] CG iter 4: obj=2517665.678798, maxRC=615734.822506, +24 cols
    [CG]   [DIAG] iter=4 posCols=24 newCols=24 effImprove=24 updated=0
    [CG] CG iter 5: obj=2559865.696096, maxRC=519848.851694, +23 cols
    [CG]   [DIAG] iter=5 posCols=23 newCols=23 effImprove=23 updated=0
    [CG] CG iter 6: obj=2573680.463118, maxRC=437401.480979, +20 cols
    [CG]   [DIAG] iter=6 posCols=20 newCols=20 effImprove=20 updated=0
    [CG] CG iter 7: obj=2573680.463118, maxRC=482526.535648, +21 cols
    [CG]   [DIAG] iter=7 posCols=21 newCols=21 effImprove=21 updated=0
    [CG] CG iter 8: obj=2573680.463118, maxRC=497159.135795, +19 cols
    [CG]   [DIAG] iter=8 posCols=19 newCols=19 effImprove=19 updated=0
    [CG] CG iter 9: obj=2579624.585463, maxRC=404127.379607, +18 cols
    [CG]   [DIAG] iter=9 posCols=18 newCols=17 effImprove=18 updated=1
    [CG] CG iter 10: obj=2635019.434366, maxRC=327991.275971, +13 cols
    [CG]   [DIAG] iter=10 posCols=13 newCols=13 effImprove=13 updated=0
    [CG] CG iter 11: obj=2678972.707652, maxRC=346234.143243, +14 cols
    [CG]   [DIAG] iter=11 posCols=14 newCols=14 effImprove=14 updated=0
    [CG] CG iter 12: obj=2717425.338841, maxRC=244976.198916, +13 cols
    [CG]   [DIAG] iter=12 posCols=13 newCols=13 effImprove=13 updated=0
    [CG] CG iter 13: obj=2735588.858869, maxRC=162231.051732, +12 cols
    [CG]   [DIAG] iter=13 posCols=12 newCols=12 effImprove=12 updated=0
    [CG] CG iter 14: obj=2817225.068179, maxRC=167581.601931, +12 cols
    [CG]   [DIAG] iter=14 posCols=12 newCols=12 effImprove=12 updated=0
    [CG] CG iter 15: obj=2838787.059579, maxRC=196947.769647, +12 cols
    [CG]   [DIAG] iter=15 posCols=12 newCols=12 effImprove=12 updated=0
    [CG] CG iter 16: obj=2838787.059579, maxRC=185322.082254, +12 cols
    [CG]   [DIAG] iter=16 posCols=12 newCols=12 effImprove=12 updated=0
    [CG] CG iter 17: obj=2838787.059579, maxRC=110658.036374, +12 cols
    [CG]   [DIAG] iter=17 posCols=12 newCols=12 effImprove=12 updated=0
    [CG] CG iter 18: obj=2847294.882025, maxRC=141468.179243, +13 cols
    [CG]   [DIAG] iter=18 posCols=13 newCols=13 effImprove=13 updated=0
    [CG] CG iter 19: obj=2850948.668837, maxRC=136121.985563, +12 cols
    [CG]   [DIAG] iter=19 posCols=12 newCols=12 effImprove=12 updated=0
    [CG] CG iter 20: obj=2856570.195054, maxRC=58843.080699, +9 cols
    [CG]   [DIAG] iter=20 posCols=9 newCols=9 effImprove=9 updated=0
    [CG] CG iter 21: obj=2865745.689256, maxRC=77419.014851, +10 cols
    [CG]   [DIAG] iter=21 posCols=10 newCols=10 effImprove=10 updated=0
    [CG] CG iter 22: obj=2877183.632952, maxRC=80563.791560, +12 cols
    [CG]   [DIAG] iter=22 posCols=12 newCols=12 effImprove=12 updated=0
    [CG] CG iter 23: obj=2880118.463721, maxRC=61262.513567, +10 cols
    [CG]   [DIAG] iter=23 posCols=10 newCols=10 effImprove=10 updated=0
    [CG] CG iter 24: obj=2884583.319180, maxRC=79132.538872, +12 cols
    [CG]   [DIAG] iter=24 posCols=12 newCols=12 effImprove=12 updated=0
    [CG] CG iter 25: obj=2886633.637455, maxRC=63736.697646, +9 cols
    [CG]   [DIAG] iter=25 posCols=9 newCols=9 effImprove=9 updated=0
    [CG] CG iter 26: obj=2889494.753839, maxRC=53418.942855, +10 cols
    [CG]   [DIAG] iter=26 posCols=10 newCols=10 effImprove=10 updated=0
    [CG] CG iter 27: obj=2890942.066428, maxRC=58771.670926, +10 cols
    [CG]   [DIAG] iter=27 posCols=10 newCols=10 effImprove=10 updated=0
    [CG] CG iter 28: obj=2892999.223708, maxRC=30816.941088, +9 cols
    [CG]   [DIAG] iter=28 posCols=9 newCols=9 effImprove=9 updated=0
    [CG] CG iter 29: obj=2898712.401477, maxRC=18739.847827, +9 cols
    [CG]   [DIAG] iter=29 posCols=9 newCols=9 effImprove=9 updated=0
    [CG] CG iter 30: obj=2901772.534887, maxRC=26782.532355, +9 cols
    [CG]   [DIAG] iter=30 posCols=9 newCols=9 effImprove=9 updated=0
    [CG] CG iter 31: obj=2904090.409179, maxRC=28687.187318, +9 cols
    [CG]   [DIAG] iter=31 posCols=9 newCols=9 effImprove=9 updated=0
    [CG] CG iter 32: obj=2906723.108875, maxRC=22780.188007, +9 cols
    [CG]   [DIAG] iter=32 posCols=9 newCols=9 effImprove=9 updated=0
    [CG] CG iter 33: obj=2909404.374582, maxRC=36357.651375, +9 cols
    [CG]   [DIAG] iter=33 posCols=9 newCols=9 effImprove=9 updated=0
    [CG] CG iter 34: obj=2910475.048652, maxRC=17023.124063, +9 cols
    [CG]   [DIAG] iter=34 posCols=9 newCols=9 effImprove=9 updated=0
    [CG] CG iter 35: obj=2914993.357323, maxRC=11801.156293, +9 cols
    [CG]   [DIAG] iter=35 posCols=9 newCols=9 effImprove=9 updated=0
    [CG] CG iter 36: obj=2915265.807278, maxRC=8365.068742, +9 cols
    [CG]   [DIAG] iter=36 posCols=9 newCols=9 effImprove=9 updated=0
    [CG] CG iter 37: obj=2915633.133490, maxRC=11938.395856, +8 cols
    [CG]   [DIAG] iter=37 posCols=8 newCols=8 effImprove=8 updated=0
    [CG] CG iter 38: obj=2919446.067681, maxRC=17199.379049, +9 cols
    [CG]   [DIAG] iter=38 posCols=9 newCols=9 effImprove=9 updated=0
    [CG] CG iter 39: obj=2919943.273159, maxRC=11575.589840, +9 cols
    [CG]   [DIAG] iter=39 posCols=9 newCols=9 effImprove=9 updated=0
    [CG] CG iter 40: obj=2920206.354747, maxRC=9565.437865, +6 cols
    [CG]   [DIAG] iter=40 posCols=6 newCols=6 effImprove=6 updated=0
    [CG] CG iter 41: obj=2920721.252401, maxRC=5494.722597, +4 cols
    [CG]   [DIAG] iter=41 posCols=4 newCols=4 effImprove=4 updated=0
    [CG] CG iter 42: obj=2921759.799630, maxRC=5575.925144, +7 cols
    [CG]   [DIAG] iter=42 posCols=7 newCols=7 effImprove=7 updated=0
    [CG] CG iter 43: obj=2922652.531816, maxRC=5526.805732, +5 cols
    [CG]   [DIAG] iter=43 posCols=5 newCols=5 effImprove=5 updated=0
    [CG] CG iter 44: obj=2922652.531816, maxRC=6474.751811, +4 cols
    [CG]   [DIAG] iter=44 posCols=4 newCols=4 effImprove=4 updated=0
    [CG] CG iter 45: obj=2922652.531816, maxRC=4029.490324, +4 cols
    [CG]   [DIAG] iter=45 posCols=4 newCols=4 effImprove=4 updated=0
    [CG] CG iter 46: obj=2924126.283008, maxRC=6762.164889, +6 cols
    [CG]   [DIAG] iter=46 posCols=6 newCols=6 effImprove=6 updated=0
    [CG] CG iter 47: obj=2924126.283008, maxRC=3252.248730, +4 cols
    [CG]   [DIAG] iter=47 posCols=4 newCols=4 effImprove=4 updated=0
    [CG] CG iter 48: obj=2924126.283008, maxRC=4102.832448, +3 cols
    [CG]   [DIAG] iter=48 posCols=3 newCols=3 effImprove=3 updated=0
    [CG] CG iter 49: obj=2924126.283008, maxRC=2416.943064, +3 cols
    [CG]   [DIAG] iter=49 posCols=3 newCols=3 effImprove=3 updated=0
    [CG] CG iter 50: obj=2924126.283008, maxRC=2535.217524, +2 cols
    [CG]   [DIAG] iter=50 posCols=2 newCols=2 effImprove=2 updated=0
    [CG] CG iter 51: obj=2924126.283008, maxRC=1909.426535, +1 cols
    [CG]   [DIAG] iter=51 posCols=1 newCols=1 effImprove=1 updated=0
    [CG] CG iter 52: obj=2924126.283008, maxRC=2310.607358, +1 cols
    [CG]   [DIAG] iter=52 posCols=1 newCols=1 effImprove=1 updated=0
    [CG] CG iter 53: obj=2924126.283008, maxRC=1873.462223, +3 cols
    [CG]   [DIAG] iter=53 posCols=3 newCols=3 effImprove=3 updated=0
    [CG] CG iter 54: obj=2924126.283008, maxRC=1324.659396, +2 cols
    [CG]   [DIAG] iter=54 posCols=2 newCols=2 effImprove=2 updated=0
    [CG] CG iter 55: obj=2924126.283008, maxRC=338.629982, +1 cols
    [CG]   [DIAG] iter=55 posCols=1 newCols=1 effImprove=1 updated=0
    [CG] CG iter 56: obj=2924126.283008, maxRC=229.372916, +1 cols
    [CG]   [DIAG] iter=56 posCols=1 newCols=1 effImprove=1 updated=0
    [CG] CG iter 57: obj=2924126.283008, maxRC=447.948387, +1 cols
    [CG]   [DIAG] iter=57 posCols=1 newCols=1 effImprove=1 updated=0
    [CG] CG iter 58: obj=2924126.283008, maxRC=188.216104, +1 cols
    [CG]   [DIAG] iter=58 posCols=1 newCols=1 effImprove=1 updated=0
    [CG] CG iter 59: obj=2924220.391060, maxRC=299.403292, +1 cols
    [CG]   [DIAG] iter=59 posCols=1 newCols=1 effImprove=1 updated=0
    [CG] CG iter 60: obj=2924220.391060, maxRC=98.416144, +1 cols
    [CG]   [DIAG] iter=60 posCols=1 newCols=1 effImprove=1 updated=0
    [CG] 列生成收敛，共 61 轮迭代
    [CG] [CG-NODE] depth=0 exit=CERTIFIED certified=1 feasible=1 iters=61 generatedColsBeforeNode=0 newCols=572 posCandidates=573 duplicateCandidates=1 updatedCols=1 zeroObjImproveIters=20 objFirst=929102.494715 objLast=2924220.391060 objGain=1995117.896345 maxRC=2139331.782441 wallSec=0.631936 pricingSec=0.591755 cplexSolveSec=0.029616
      [BB] 分支定界开始，根节点LP obj=2924220.391060，最大节点数=10000
      [BB] 根节点启发式下界 LB=2416879.103594（上界=2924220.391060）
    [CG] [BB-DIAG] 分支 x_{dc=4,retailer=3}, 节点数=1
    [CG] 列生成开始，初始列数=777
    [CG] CG iter 62: obj=2919830.318611, maxRC=31853.222495, +10 cols
    [CG]   [DIAG] iter=62 posCols=10 newCols=10 effImprove=10 updated=0
    [CG] CG iter 63: obj=2919830.318611, maxRC=29594.098425, +9 cols
    [CG]   [DIAG] iter=63 posCols=9 newCols=9 effImprove=9 updated=0
    [CG] CG iter 64: obj=2919830.318611, maxRC=26625.861582, +9 cols
    [CG]   [DIAG] iter=64 posCols=9 newCols=9 effImprove=9 updated=0
    [CG] CG iter 65: obj=2919830.318611, maxRC=15390.484292, +8 cols
    [CG]   [DIAG] iter=65 posCols=8 newCols=8 effImprove=8 updated=0
    [CG] CG iter 66: obj=2919830.318611, maxRC=10789.939293, +7 cols
    [CG]   [DIAG] iter=66 posCols=7 newCols=7 effImprove=7 updated=0
    [CG] CG iter 67: obj=2919830.318611, maxRC=6525.830596, +6 cols
    [CG]   [DIAG] iter=67 posCols=6 newCols=6 effImprove=6 updated=0
    [CG] CG iter 68: obj=2919830.318611, maxRC=3789.117817, +8 cols
    [CG]   [DIAG] iter=68 posCols=8 newCols=8 effImprove=8 updated=0
    [CG] CG iter 69: obj=2919830.318611, maxRC=2753.640320, +5 cols
    [CG]   [DIAG] iter=69 posCols=5 newCols=5 effImprove=5 updated=0
    [CG] CG iter 70: obj=2919830.318611, maxRC=797.387451, +4 cols
    [CG]   [DIAG] iter=70 posCols=4 newCols=4 effImprove=4 updated=0
    [CG] CG iter 71: obj=2919830.318611, maxRC=1189.326474, +3 cols
    [CG]   [DIAG] iter=71 posCols=3 newCols=3 effImprove=3 updated=0
    [CG] CG iter 72: obj=2919830.318611, maxRC=592.480493, +3 cols
    [CG]   [DIAG] iter=72 posCols=3 newCols=3 effImprove=3 updated=0
    [CG] CG iter 73: obj=2919830.318611, maxRC=342.244746, +3 cols
    [CG]   [DIAG] iter=73 posCols=3 newCols=3 effImprove=3 updated=0
    [CG] CG iter 74: obj=2919830.318611, maxRC=342.585223, +1 cols
    [CG]   [DIAG] iter=74 posCols=1 newCols=1 effImprove=1 updated=0
    [CG] CG iter 75: obj=2919830.318611, maxRC=58.370957, +1 cols
    [CG]   [DIAG] iter=75 posCols=1 newCols=1 effImprove=1 updated=0
    [CG] 列生成收敛，共 76 轮迭代
    [CG] [CG-NODE] depth=1 exit=CERTIFIED certified=1 feasible=1 iters=15 generatedColsBeforeNode=572 newCols=77 posCandidates=77 duplicateCandidates=0 updatedCols=0 zeroObjImproveIters=14 objFirst=2919830.318611 objLast=2919830.318611 objGain=0.000000 maxRC=31853.222495 wallSec=0.098300 pricingSec=0.086561 cplexSolveSec=0.008543
    [CG] 列生成开始，初始列数=820
    [CG] CG iter 77: obj=2910662.473135, maxRC=12114.216398, +9 cols
    [CG]   [DIAG] iter=77 posCols=9 newCols=9 effImprove=9 updated=0
    [CG] CG iter 78: obj=2911962.358365, maxRC=8733.253471, +6 cols
    [CG]   [DIAG] iter=78 posCols=6 newCols=6 effImprove=6 updated=0
    [CG] CG iter 79: obj=2912814.452293, maxRC=6649.928938, +7 cols
    [CG]   [DIAG] iter=79 posCols=7 newCols=7 effImprove=7 updated=0
    [CG] CG iter 80: obj=2916495.190346, maxRC=6922.612160, +6 cols
    [CG]   [DIAG] iter=80 posCols=6 newCols=6 effImprove=6 updated=0
    [CG] CG iter 81: obj=2916495.190346, maxRC=5854.930998, +5 cols
    [CG]   [DIAG] iter=81 posCols=5 newCols=5 effImprove=5 updated=0
    [CG] CG iter 82: obj=2916495.190346, maxRC=2981.151035, +3 cols
    [CG]   [DIAG] iter=82 posCols=3 newCols=3 effImprove=3 updated=0
    [CG] CG iter 83: obj=2916832.402832, maxRC=4261.885055, +5 cols
    [CG]   [DIAG] iter=83 posCols=5 newCols=5 effImprove=5 updated=0
    [CG] CG iter 84: obj=2916832.402832, maxRC=3442.137245, +2 cols
    [CG]   [DIAG] iter=84 posCols=2 newCols=2 effImprove=2 updated=0
    [CG] CG iter 85: obj=2916832.402832, maxRC=3318.835164, +2 cols
    [CG]   [DIAG] iter=85 posCols=2 newCols=2 effImprove=2 updated=0
    [CG] CG iter 86: obj=2917160.007614, maxRC=2294.717377, +3 cols
    [CG]   [DIAG] iter=86 posCols=3 newCols=3 effImprove=3 updated=0
    [CG] CG iter 87: obj=2917160.007614, maxRC=1165.535184, +2 cols
    [CG]   [DIAG] iter=87 posCols=2 newCols=2 effImprove=2 updated=0
    [CG] CG iter 88: obj=2917160.007614, maxRC=1059.784799, +2 cols
    [CG]   [DIAG] iter=88 posCols=2 newCols=2 effImprove=2 updated=0
    [CG] CG iter 89: obj=2918219.792414, maxRC=224.844259, +2 cols
    [CG]   [DIAG] iter=89 posCols=2 newCols=2 effImprove=2 updated=0
    [CG] CG iter 90: obj=2918219.792414, maxRC=127.569549, +2 cols
    [CG]   [DIAG] iter=90 posCols=2 newCols=2 effImprove=2 updated=0
    [CG] CG iter 91: obj=2918219.792414, maxRC=86.067377, +2 cols
    [CG]   [DIAG] iter=91 posCols=2 newCols=2 effImprove=2 updated=0
    [CG] 列生成收敛，共 92 轮迭代
    [CG] [CG-NODE] depth=1 exit=CERTIFIED certified=1 feasible=1 iters=16 generatedColsBeforeNode=649 newCols=58 posCandidates=58 duplicateCandidates=0 updatedCols=0 zeroObjImproveIters=9 objFirst=2910662.473135 objLast=2918219.792414 objGain=7557.319279 maxRC=12114.216398 wallSec=0.076269 pricingSec=0.062904 cplexSolveSec=0.009977
    [CG] [BB-INCUMBENT] selection=2 node=1 previous=2416879.103594 value=2918219.792414 active=1
    [CG] [BB-NODESEL] strategy=hybrid choice=dfs eligibleCount=1 active=1 gap=0.000552
    [CG] [BB-INCUMBENT] selection=3 node=1 previous=2918219.792414 value=2919830.318611 active=0
      [BB] 分支定界结束：处理 3 节点，剪枝 0，剩余活跃 0，整数解 3，状态=OPTIMAL，最好可行 obj=2919830.318611，gap=0.000000
