    [CG] 列生成开始，初始列数=310
    [CG] CG iter 1: obj=837194.092788, maxRC=1479955.993332, +30 cols
    [CG]   [DIAG] iter=1 posCols=30 newCols=30 effImprove=30 updated=0
    [CG] CG iter 2: obj=1752210.858902, maxRC=313065.296953, +23 cols
    [CG]   [DIAG] iter=2 posCols=23 newCols=23 effImprove=23 updated=0
    [CG] CG iter 3: obj=1965570.380546, maxRC=622253.854924, +30 cols
    [CG]   [DIAG] iter=3 posCols=30 newCols=30 effImprove=30 updated=0
    [CG] CG iter 4: obj=1995448.201943, maxRC=406207.028831, +27 cols
    [CG]   [DIAG] iter=4 posCols=27 newCols=26 effImprove=27 updated=1
    [CG] CG iter 5: obj=2039580.132845, maxRC=317819.378166, +22 cols
    [CG]   [DIAG] iter=5 posCols=22 newCols=22 effImprove=22 updated=0
    [CG] CG iter 6: obj=2075260.149963, maxRC=203429.683052, +18 cols
    [CG]   [DIAG] iter=6 posCols=18 newCols=17 effImprove=18 updated=1
    [CG] CG iter 7: obj=2146942.009480, maxRC=175551.634272, +13 cols
    [CG]   [DIAG] iter=7 posCols=13 newCols=13 effImprove=13 updated=0
    [CG] CG iter 8: obj=2194587.553630, maxRC=84114.027305, +10 cols
    [CG]   [DIAG] iter=8 posCols=10 newCols=10 effImprove=10 updated=0
    [CG] CG iter 9: obj=2218024.381284, maxRC=79986.192877, +10 cols
    [CG]   [DIAG] iter=9 posCols=10 newCols=10 effImprove=10 updated=0
    [CG] CG iter 10: obj=2226696.172596, maxRC=30552.042116, +9 cols
    [CG]   [DIAG] iter=10 posCols=9 newCols=9 effImprove=9 updated=0
    [CG] CG iter 11: obj=2235859.876564, maxRC=30780.440682, +9 cols
    [CG]   [DIAG] iter=11 posCols=9 newCols=9 effImprove=9 updated=0
    [CG] CG iter 12: obj=2247355.698648, maxRC=26126.437962, +7 cols
    [CG]   [DIAG] iter=12 posCols=7 newCols=7 effImprove=7 updated=0
    [CG] CG iter 13: obj=2250533.446967, maxRC=36894.711260, +8 cols
    [CG]   [DIAG] iter=13 posCols=8 newCols=8 effImprove=8 updated=0
    [CG] CG iter 14: obj=2253564.500211, maxRC=7823.025783, +6 cols
    [CG]   [DIAG] iter=14 posCols=6 newCols=5 effImprove=6 updated=1
    [CG] CG iter 15: obj=2255129.105367, maxRC=9662.605066, +4 cols
    [CG]   [DIAG] iter=15 posCols=4 newCols=4 effImprove=4 updated=0
    [CG] CG iter 16: obj=2256333.616128, maxRC=4542.882200, +3 cols
    [CG]   [DIAG] iter=16 posCols=3 newCols=3 effImprove=3 updated=0
    [CG] CG iter 17: obj=2256333.616128, maxRC=3556.420051, +3 cols
    [CG]   [DIAG] iter=17 posCols=3 newCols=3 effImprove=3 updated=0
    [CG] CG iter 18: obj=2256469.901916, maxRC=1927.354552, +2 cols
    [CG]   [DIAG] iter=18 posCols=2 newCols=2 effImprove=2 updated=0
    [CG] CG iter 19: obj=2258397.256467, maxRC=1130.263158, +4 cols
    [CG]   [DIAG] iter=19 posCols=4 newCols=4 effImprove=4 updated=0
    [CG] CG iter 20: obj=2258397.256467, maxRC=744.107772, +2 cols
    [CG]   [DIAG] iter=20 posCols=2 newCols=2 effImprove=2 updated=0
    [CG] 列生成收敛，共 21 轮迭代
    [CG] [CG-NODE] depth=0 exit=CERTIFIED certified=1 feasible=1 iters=21 generatedColsBeforeNode=0 newCols=237 posCandidates=240 duplicateCandidates=3 updatedCols=3 zeroObjImproveIters=3 objFirst=837194.092788 objLast=2258397.256467 objGain=1421203.163679 maxRC=1479955.993332 wallSec=0.169550 pricingSec=0.155875 cplexSolveSec=0.008887
      [BB] 根节点即为整数解，obj=2258397.256467
