    [CG] 列生成开始，初始列数=310
    [CG] CG iter 1: obj=1215646.461843, maxRC=1452697.068612, +30 cols
    [CG]   [DIAG] iter=1 posCols=30 newCols=30 effImprove=30 updated=0
    [CG] CG iter 2: obj=1941470.016802, maxRC=379818.766304, +30 cols
    [CG]   [DIAG] iter=2 posCols=30 newCols=30 effImprove=30 updated=0
    [CG] CG iter 3: obj=2191350.524292, maxRC=455655.800394, +30 cols
    [CG]   [DIAG] iter=3 posCols=30 newCols=30 effImprove=30 updated=0
    [CG] CG iter 4: obj=2319795.727340, maxRC=233701.074880, +28 cols
    [CG]   [DIAG] iter=4 posCols=28 newCols=28 effImprove=28 updated=0
    [CG] CG iter 5: obj=2500750.272204, maxRC=136621.518102, +22 cols
    [CG]   [DIAG] iter=5 posCols=22 newCols=22 effImprove=22 updated=0
    [CG] CG iter 6: obj=2583023.635963, maxRC=112581.379631, +18 cols
    [CG]   [DIAG] iter=6 posCols=18 newCols=18 effImprove=18 updated=0
    [CG] CG iter 7: obj=2622036.963317, maxRC=69677.031261, +19 cols
    [CG]   [DIAG] iter=7 posCols=19 newCols=19 effImprove=19 updated=0
    [CG] CG iter 8: obj=2652648.394321, maxRC=53441.382267, +16 cols
    [CG]   [DIAG] iter=8 posCols=16 newCols=14 effImprove=16 updated=2
    [CG] CG iter 9: obj=2677621.982565, maxRC=36000.595367, +18 cols
    [CG]   [DIAG] iter=9 posCols=18 newCols=18 effImprove=18 updated=0
    [CG] CG iter 10: obj=2702217.370553, maxRC=33847.627167, +13 cols
    [CG]   [DIAG] iter=10 posCols=13 newCols=12 effImprove=13 updated=1
    [CG] CG iter 11: obj=2702217.370553, maxRC=28148.725465, +11 cols
    [CG]   [DIAG] iter=11 posCols=11 newCols=10 effImprove=11 updated=1
    [CG] CG iter 12: obj=2702217.370553, maxRC=19556.085876, +9 cols
    [CG]   [DIAG] iter=12 posCols=9 newCols=9 effImprove=9 updated=0
    [CG] CG iter 13: obj=2702217.370553, maxRC=8335.445848, +8 cols
    [CG]   [DIAG] iter=13 posCols=8 newCols=8 effImprove=8 updated=0
    [CG] CG iter 14: obj=2702217.370553, maxRC=3516.734623, +4 cols
    [CG]   [DIAG] iter=14 posCols=4 newCols=4 effImprove=4 updated=0
    [CG] CG iter 15: obj=2705734.105176, maxRC=2472.046499, +2 cols
    [CG]   [DIAG] iter=15 posCols=2 newCols=2 effImprove=2 updated=0
    [CG] CG iter 16: obj=2705734.105176, maxRC=241.181775, +1 cols
    [CG]   [DIAG] iter=16 posCols=1 newCols=1 effImprove=1 updated=0
    [CG] CG iter 17: obj=2705734.105176, maxRC=318.580911, +1 cols
    [CG]   [DIAG] iter=17 posCols=1 newCols=0 effImprove=1 updated=1
    [CG] CG iter 18: obj=2705734.105176, maxRC=131.297457, +1 cols
    [CG]   [DIAG] iter=18 posCols=1 newCols=1 effImprove=1 updated=0
    [CG] 列生成收敛，共 19 轮迭代
    [CG] [CG-NODE] depth=0 exit=CERTIFIED certified=1 feasible=1 iters=19 generatedColsBeforeNode=0 newCols=256 posCandidates=261 duplicateCandidates=5 updatedCols=5 zeroObjImproveIters=8 objFirst=1215646.461843 objLast=2705734.105176 objGain=1490087.643334 maxRC=1452697.068612 wallSec=0.159831 pricingSec=0.147156 cplexSolveSec=0.007720
      [BB] 根节点即为整数解，obj=2705734.105176
