    [CG] 列生成开始，初始列数=310
    [CG] CG iter 1: obj=1307510.910060, maxRC=1460298.788315, +30 cols
    [CG]   [DIAG] iter=1 posCols=30 newCols=30 effImprove=30 updated=0
    [CG] CG iter 2: obj=2048690.849028, maxRC=378407.047189, +30 cols
    [CG]   [DIAG] iter=2 posCols=30 newCols=30 effImprove=30 updated=0
    [CG] CG iter 3: obj=2378023.322237, maxRC=420106.893627, +30 cols
    [CG]   [DIAG] iter=3 posCols=30 newCols=30 effImprove=30 updated=0
    [CG] CG iter 4: obj=2456353.711191, maxRC=254667.701382, +30 cols
    [CG]   [DIAG] iter=4 posCols=30 newCols=30 effImprove=30 updated=0
    [CG] CG iter 5: obj=2545698.376445, maxRC=128219.399618, +29 cols
    [CG]   [DIAG] iter=5 posCols=29 newCols=29 effImprove=29 updated=0
    [CG] CG iter 6: obj=2635168.921676, maxRC=150870.519763, +29 cols
    [CG]   [DIAG] iter=6 posCols=29 newCols=29 effImprove=29 updated=0
    [CG] CG iter 7: obj=2723903.825820, maxRC=66060.599819, +26 cols
    [CG]   [DIAG] iter=7 posCols=26 newCols=26 effImprove=26 updated=0
    [CG] CG iter 8: obj=2788763.143997, maxRC=53301.688521, +24 cols
    [CG]   [DIAG] iter=8 posCols=24 newCols=24 effImprove=24 updated=0
    [CG] CG iter 9: obj=2806258.456513, maxRC=63608.157212, +26 cols
    [CG]   [DIAG] iter=9 posCols=26 newCols=26 effImprove=26 updated=0
    [CG] CG iter 10: obj=2826576.752601, maxRC=31510.316086, +22 cols
    [CG]   [DIAG] iter=10 posCols=22 newCols=22 effImprove=22 updated=0
    [CG] CG iter 11: obj=2860251.918231, maxRC=22724.605204, +21 cols
    [CG]   [DIAG] iter=11 posCols=21 newCols=21 effImprove=21 updated=0
    [CG] CG iter 12: obj=2880691.724063, maxRC=20522.636182, +16 cols
    [CG]   [DIAG] iter=12 posCols=16 newCols=15 effImprove=16 updated=1
    [CG] CG iter 13: obj=2880691.724063, maxRC=18499.575197, +10 cols
    [CG]   [DIAG] iter=13 posCols=10 newCols=10 effImprove=10 updated=0
    [CG] CG iter 14: obj=2884530.775943, maxRC=4262.159173, +9 cols
    [CG]   [DIAG] iter=14 posCols=9 newCols=8 effImprove=9 updated=1
    [CG] CG iter 15: obj=2886053.079919, maxRC=1957.358155, +1 cols
    [CG]   [DIAG] iter=15 posCols=1 newCols=0 effImprove=1 updated=1
    [CG] 列生成收敛，共 16 轮迭代
    [CG] [CG-NODE] depth=0 exit=CERTIFIED certified=1 feasible=1 iters=16 generatedColsBeforeNode=0 newCols=330 posCandidates=333 duplicateCandidates=3 updatedCols=3 zeroObjImproveIters=2 objFirst=1307510.910060 objLast=2886053.079919 objGain=1578542.169859 maxRC=1460298.788315 wallSec=0.224042 pricingSec=0.194316 cplexSolveSec=0.007766
      [BB] 根节点即为整数解，obj=2886053.079919
