    [CG] 列生成开始，初始列数=310
    [CG] CG iter 1: obj=1272756.825501, maxRC=1444699.383537, +30 cols
    [CG]   [DIAG] iter=1 posCols=30 newCols=30 effImprove=30 updated=0
    [CG] CG iter 2: obj=2008955.450001, maxRC=374121.312058, +30 cols
    [CG]   [DIAG] iter=2 posCols=30 newCols=30 effImprove=30 updated=0
    [CG] CG iter 3: obj=2335544.677524, maxRC=354163.002488, +30 cols
    [CG]   [DIAG] iter=3 posCols=30 newCols=30 effImprove=30 updated=0
    [CG] CG iter 4: obj=2395385.947210, maxRC=220037.454166, +28 cols
    [CG]   [DIAG] iter=4 posCols=28 newCols=28 effImprove=28 updated=0
    [CG] CG iter 5: obj=2521553.371361, maxRC=162882.436522, +27 cols
    [CG]   [DIAG] iter=5 posCols=27 newCols=27 effImprove=27 updated=0
    [CG] CG iter 6: obj=2628810.132188, maxRC=110837.950081, +27 cols
    [CG]   [DIAG] iter=6 posCols=27 newCols=27 effImprove=27 updated=0
    [CG] CG iter 7: obj=2680702.653803, maxRC=72562.504938, +28 cols
    [CG]   [DIAG] iter=7 posCols=28 newCols=28 effImprove=28 updated=0
    [CG] CG iter 8: obj=2705404.715374, maxRC=78444.939465, +27 cols
    [CG]   [DIAG] iter=8 posCols=27 newCols=27 effImprove=27 updated=0
    [CG] CG iter 9: obj=2718481.641038, maxRC=90859.424931, +21 cols
    [CG]   [DIAG] iter=9 posCols=21 newCols=20 effImprove=21 updated=1
    [CG] CG iter 10: obj=2752652.279006, maxRC=57835.251297, +25 cols
    [CG]   [DIAG] iter=10 posCols=25 newCols=25 effImprove=25 updated=0
    [CG] CG iter 11: obj=2766760.993886, maxRC=49083.684950, +20 cols
    [CG]   [DIAG] iter=11 posCols=20 newCols=20 effImprove=20 updated=0
    [CG] CG iter 12: obj=2791302.724551, maxRC=33774.837823, +17 cols
    [CG]   [DIAG] iter=12 posCols=17 newCols=17 effImprove=17 updated=0
    [CG] CG iter 13: obj=2798726.163501, maxRC=15775.529550, +8 cols
    [CG]   [DIAG] iter=13 posCols=8 newCols=8 effImprove=8 updated=0
    [CG] CG iter 14: obj=2802708.233574, maxRC=11248.538148, +12 cols
    [CG]   [DIAG] iter=14 posCols=12 newCols=12 effImprove=12 updated=0
    [CG] CG iter 15: obj=2807382.493113, maxRC=11111.646405, +8 cols
    [CG]   [DIAG] iter=15 posCols=8 newCols=7 effImprove=8 updated=1
    [CG] CG iter 16: obj=2807382.493113, maxRC=5757.373067, +3 cols
    [CG]   [DIAG] iter=16 posCols=3 newCols=3 effImprove=3 updated=0
    [CG] 列生成收敛，共 17 轮迭代
    [CG] [CG-NODE] depth=0 exit=CERTIFIED certified=1 feasible=1 iters=17 generatedColsBeforeNode=0 newCols=339 posCandidates=341 duplicateCandidates=2 updatedCols=2 zeroObjImproveIters=1 objFirst=1272756.825501 objLast=2813139.866180 objGain=1540383.040679 maxRC=1444699.383537 wallSec=0.182066 pricingSec=0.170256 cplexSolveSec=0.007604
      [BB] 根节点即为整数解，obj=2813139.866180
