    [CG] 列生成开始，初始列数=310
    [CG] CG iter 1: obj=1184056.551269, maxRC=1288004.954404, +30 cols
    [CG]   [DIAG] iter=1 posCols=30 newCols=30 effImprove=30 updated=0
    [CG] CG iter 2: obj=1864834.249665, maxRC=329479.528629, +28 cols
    [CG]   [DIAG] iter=2 posCols=28 newCols=28 effImprove=28 updated=0
    [CG] CG iter 3: obj=2126162.372801, maxRC=435470.870893, +30 cols
    [CG]   [DIAG] iter=3 posCols=30 newCols=30 effImprove=30 updated=0
    [CG] CG iter 4: obj=2281798.495010, maxRC=197676.788708, +27 cols
    [CG]   [DIAG] iter=4 posCols=27 newCols=26 effImprove=27 updated=1
    [CG] CG iter 5: obj=2394022.508179, maxRC=138127.694046, +26 cols
    [CG]   [DIAG] iter=5 posCols=26 newCols=26 effImprove=26 updated=0
    [CG] CG iter 6: obj=2493300.352655, maxRC=128613.105126, +23 cols
    [CG]   [DIAG] iter=6 posCols=23 newCols=22 effImprove=23 updated=1
    [CG] CG iter 7: obj=2513590.881282, maxRC=73030.939453, +21 cols
    [CG]   [DIAG] iter=7 posCols=21 newCols=20 effImprove=21 updated=1
    [CG] CG iter 8: obj=2573574.272135, maxRC=64540.068591, +16 cols
    [CG]   [DIAG] iter=8 posCols=16 newCols=16 effImprove=16 updated=0
    [CG] CG iter 9: obj=2590176.997460, maxRC=85644.659565, +18 cols
    [CG]   [DIAG] iter=9 posCols=18 newCols=18 effImprove=18 updated=0
    [CG] CG iter 10: obj=2599302.651912, maxRC=27676.066630, +13 cols
    [CG]   [DIAG] iter=10 posCols=13 newCols=13 effImprove=13 updated=0
    [CG] CG iter 11: obj=2626978.718541, maxRC=18650.430856, +11 cols
    [CG]   [DIAG] iter=11 posCols=11 newCols=11 effImprove=11 updated=0
    [CG] CG iter 12: obj=2626978.718541, maxRC=21037.534378, +9 cols
    [CG]   [DIAG] iter=12 posCols=9 newCols=8 effImprove=9 updated=1
    [CG] CG iter 13: obj=2630118.910124, maxRC=14904.078166, +10 cols
    [CG]   [DIAG] iter=13 posCols=10 newCols=10 effImprove=10 updated=0
    [CG] CG iter 14: obj=2638997.654162, maxRC=5554.715424, +5 cols
    [CG]   [DIAG] iter=14 posCols=5 newCols=5 effImprove=5 updated=0
    [CG] CG iter 15: obj=2639062.442260, maxRC=5951.047177, +4 cols
    [CG]   [DIAG] iter=15 posCols=4 newCols=4 effImprove=4 updated=0
    [CG] CG iter 16: obj=2639919.161160, maxRC=2351.781630, +3 cols
    [CG]   [DIAG] iter=16 posCols=3 newCols=3 effImprove=3 updated=0
    [CG] CG iter 17: obj=2640826.952085, maxRC=954.100792, +2 cols
    [CG]   [DIAG] iter=17 posCols=2 newCols=2 effImprove=2 updated=0
    [CG] CG iter 18: obj=2640826.952085, maxRC=362.503801, +1 cols
    [CG]   [DIAG] iter=18 posCols=1 newCols=1 effImprove=1 updated=0
    [CG] CG iter 19: obj=2640826.952085, maxRC=126.368015, +1 cols
    [CG]   [DIAG] iter=19 posCols=1 newCols=1 effImprove=1 updated=0
    [CG] CG iter 20: obj=2640826.952085, maxRC=85.793788, +1 cols
    [CG]   [DIAG] iter=20 posCols=1 newCols=1 effImprove=1 updated=0
    [CG] 列生成收敛，共 21 轮迭代
    [CG] [CG-NODE] depth=0 exit=CERTIFIED certified=1 feasible=1 iters=21 generatedColsBeforeNode=0 newCols=275 posCandidates=279 duplicateCandidates=4 updatedCols=4 zeroObjImproveIters=5 objFirst=1184056.551269 objLast=2640826.952085 objGain=1456770.400816 maxRC=1288004.954404 wallSec=0.143555 pricingSec=0.132548 cplexSolveSec=0.007333
      [BB] 分支定界开始，根节点LP obj=2640826.952085，最大节点数=10000
      [BB] 根节点启发式下界 LB=2530824.742457（上界=2640826.952085）
    [CG] [BB-DIAG] 分支 x_{dc=0,retailer=4}, 节点数=1
    [CG] 列生成开始，初始列数=565
    [CG] CG iter 22: obj=2634348.903609, maxRC=107796.482639, +23 cols
    [CG]   [DIAG] iter=22 posCols=23 newCols=23 effImprove=23 updated=0
    [CG] CG iter 23: obj=2634348.903609, maxRC=21095.088032, +13 cols
    [CG]   [DIAG] iter=23 posCols=13 newCols=13 effImprove=13 updated=0
    [CG] CG iter 24: obj=2634348.903609, maxRC=19222.819936, +8 cols
    [CG]   [DIAG] iter=24 posCols=8 newCols=8 effImprove=8 updated=0
    [CG] CG iter 25: obj=2634348.903609, maxRC=12054.058650, +6 cols
    [CG]   [DIAG] iter=25 posCols=6 newCols=6 effImprove=6 updated=0
    [CG] CG iter 26: obj=2634348.903609, maxRC=10537.515000, +7 cols
    [CG]   [DIAG] iter=26 posCols=7 newCols=7 effImprove=7 updated=0
    [CG] CG iter 27: obj=2634348.903609, maxRC=10445.499117, +6 cols
    [CG]   [DIAG] iter=27 posCols=6 newCols=6 effImprove=6 updated=0
    [CG] CG iter 28: obj=2634549.040163, maxRC=2972.794961, +4 cols
    [CG]   [DIAG] iter=28 posCols=4 newCols=4 effImprove=4 updated=0
    [CG] CG iter 29: obj=2634549.040163, maxRC=1840.896753, +4 cols
    [CG]   [DIAG] iter=29 posCols=4 newCols=4 effImprove=4 updated=0
    [CG] CG iter 30: obj=2636389.936916, maxRC=1694.771182, +3 cols
    [CG]   [DIAG] iter=30 posCols=3 newCols=3 effImprove=3 updated=0
    [CG] CG iter 31: obj=2636389.936916, maxRC=140.552381, +2 cols
    [CG]   [DIAG] iter=31 posCols=2 newCols=2 effImprove=2 updated=0
    [CG] CG iter 32: obj=2636389.936916, maxRC=90.478813, +1 cols
    [CG]   [DIAG] iter=32 posCols=1 newCols=1 effImprove=1 updated=0
    [CG] 列生成收敛，共 33 轮迭代
    [CG] [CG-NODE] depth=1 exit=CERTIFIED certified=1 feasible=1 iters=12 generatedColsBeforeNode=275 newCols=77 posCandidates=77 duplicateCandidates=0 updatedCols=0 zeroObjImproveIters=9 objFirst=2634348.903609 objLast=2636389.936916 objGain=2041.033307 maxRC=107796.482639 wallSec=0.025845 pricingSec=0.019353 cplexSolveSec=0.004660
    [CG] 列生成开始，初始列数=536
    [CG] CG iter 34: obj=2634549.247581, maxRC=131075.203021, +20 cols
    [CG]   [DIAG] iter=34 posCols=20 newCols=20 effImprove=20 updated=0
    [CG] CG iter 35: obj=2634549.247581, maxRC=62439.582362, +17 cols
    [CG]   [DIAG] iter=35 posCols=17 newCols=17 effImprove=17 updated=0
    [CG] CG iter 36: obj=2634549.247581, maxRC=27088.258740, +5 cols
    [CG]   [DIAG] iter=36 posCols=5 newCols=5 effImprove=5 updated=0
    [CG] CG iter 37: obj=2634549.247581, maxRC=6890.464853, +3 cols
    [CG]   [DIAG] iter=37 posCols=3 newCols=3 effImprove=3 updated=0
    [CG] CG iter 38: obj=2636308.669865, maxRC=7986.936686, +3 cols
    [CG]   [DIAG] iter=38 posCols=3 newCols=3 effImprove=3 updated=0
    [CG] CG iter 39: obj=2636308.669865, maxRC=559.174388, +3 cols
    [CG]   [DIAG] iter=39 posCols=3 newCols=3 effImprove=3 updated=0
    [CG] CG iter 40: obj=2636308.669865, maxRC=87.305779, +1 cols
    [CG]   [DIAG] iter=40 posCols=1 newCols=1 effImprove=1 updated=0
    [CG] 列生成收敛，共 41 轮迭代
    [CG] [CG-NODE] depth=1 exit=CERTIFIED certified=1 feasible=1 iters=8 generatedColsBeforeNode=352 newCols=52 posCandidates=52 duplicateCandidates=0 updatedCols=0 zeroObjImproveIters=6 objFirst=2634549.247581 objLast=2636308.669865 objGain=1759.422283 maxRC=131075.203021 wallSec=0.014281 pricingSec=0.009569 cplexSolveSec=0.003262
    [CG] [BB-INCUMBENT] selection=2 node=1 previous=2530824.742457 value=2636308.669865 active=1
    [CG] [BB-NODESEL] strategy=hybrid choice=dfs eligibleCount=1 active=1 gap=0.000031
    [CG] [BB-INCUMBENT] selection=3 node=1 previous=2636308.669865 value=2636389.936916 active=0
      [BB] 分支定界结束：处理 3 节点，剪枝 0，剩余活跃 0，整数解 3，状态=OPTIMAL，最好可行 obj=2636389.936916，gap=0.000000
