    [CG] 列生成开始，初始列数=310
    [CG] CG iter 1: obj=1275570.639033, maxRC=1464219.817050, +30 cols
    [CG]   [DIAG] iter=1 posCols=30 newCols=30 effImprove=30 updated=0
    [CG] CG iter 2: obj=2019131.470287, maxRC=398957.492135, +30 cols
    [CG]   [DIAG] iter=2 posCols=30 newCols=30 effImprove=30 updated=0
    [CG] CG iter 3: obj=2159151.904256, maxRC=416582.166571, +30 cols
    [CG]   [DIAG] iter=3 posCols=30 newCols=30 effImprove=30 updated=0
    [CG] CG iter 4: obj=2363053.765223, maxRC=336742.819395, +30 cols
    [CG]   [DIAG] iter=4 posCols=30 newCols=30 effImprove=30 updated=0
    [CG] CG iter 5: obj=2463756.258883, maxRC=228896.332881, +30 cols
    [CG]   [DIAG] iter=5 posCols=30 newCols=30 effImprove=30 updated=0
    [CG] CG iter 6: obj=2562791.375581, maxRC=178909.453269, +29 cols
    [CG]   [DIAG] iter=6 posCols=29 newCols=29 effImprove=29 updated=0
    [CG] CG iter 7: obj=2674739.010580, maxRC=117433.121665, +25 cols
    [CG]   [DIAG] iter=7 posCols=25 newCols=25 effImprove=25 updated=0
    [CG] CG iter 8: obj=2771718.085480, maxRC=86758.131749, +23 cols
    [CG]   [DIAG] iter=8 posCols=23 newCols=23 effImprove=23 updated=0
    [CG] CG iter 9: obj=2771718.085480, maxRC=59475.531214, +20 cols
    [CG]   [DIAG] iter=9 posCols=20 newCols=20 effImprove=20 updated=0
    [CG] CG iter 10: obj=2772136.097264, maxRC=90045.704402, +24 cols
    [CG]   [DIAG] iter=10 posCols=24 newCols=24 effImprove=24 updated=0
    [CG] CG iter 11: obj=2793350.274491, maxRC=34621.905073, +17 cols
    [CG]   [DIAG] iter=11 posCols=17 newCols=17 effImprove=17 updated=0
    [CG] CG iter 12: obj=2817587.004198, maxRC=17080.562519, +15 cols
    [CG]   [DIAG] iter=12 posCols=15 newCols=14 effImprove=15 updated=1
    [CG] CG iter 13: obj=2817685.677496, maxRC=12565.203719, +10 cols
    [CG]   [DIAG] iter=13 posCols=10 newCols=10 effImprove=10 updated=0
    [CG] CG iter 14: obj=2830250.881215, maxRC=14185.003677, +5 cols
    [CG]   [DIAG] iter=14 posCols=5 newCols=5 effImprove=5 updated=0
    [CG] CG iter 15: obj=2830250.881215, maxRC=6530.460162, +2 cols
    [CG]   [DIAG] iter=15 posCols=2 newCols=2 effImprove=2 updated=0
    [CG] CG iter 16: obj=2831688.370608, maxRC=11.460658, +1 cols
    [CG]   [DIAG] iter=16 posCols=1 newCols=1 effImprove=1 updated=0
    [CG] 列生成收敛，共 17 轮迭代
    [CG] [CG-NODE] depth=0 exit=CERTIFIED certified=1 feasible=1 iters=17 generatedColsBeforeNode=0 newCols=320 posCandidates=321 duplicateCandidates=1 updatedCols=1 zeroObjImproveIters=3 objFirst=1275570.639033 objLast=2831688.370608 objGain=1556117.731575 maxRC=1464219.817050 wallSec=0.216678 pricingSec=0.203397 cplexSolveSec=0.008191
      [BB] 根节点即为整数解，obj=2831688.370608
