    [CG] 列生成开始，初始列数=310
    [CG] CG iter 1: obj=758884.243283, maxRC=2059811.366313, +30 cols
    [CG]   [DIAG] iter=1 posCols=30 newCols=30 effImprove=30 updated=0
    [CG] CG iter 2: obj=2195915.804808, maxRC=197664.917294, +25 cols
    [CG]   [DIAG] iter=2 posCols=25 newCols=25 effImprove=25 updated=0
    [CG] CG iter 3: obj=2239619.080775, maxRC=710676.526582, +26 cols
    [CG]   [DIAG] iter=3 posCols=26 newCols=26 effImprove=26 updated=0
    [CG] CG iter 4: obj=2239619.080775, maxRC=646198.883473, +25 cols
    [CG]   [DIAG] iter=4 posCols=25 newCols=25 effImprove=25 updated=0
    [CG] CG iter 5: obj=2239619.080775, maxRC=540471.137577, +21 cols
    [CG]   [DIAG] iter=5 posCols=21 newCols=21 effImprove=21 updated=0
    [CG] CG iter 6: obj=2239619.080775, maxRC=564259.382549, +17 cols
    [CG]   [DIAG] iter=6 posCols=17 newCols=17 effImprove=17 updated=0
    [CG] CG iter 7: obj=2239619.080775, maxRC=506392.340954, +14 cols
    [CG]   [DIAG] iter=7 posCols=14 newCols=14 effImprove=14 updated=0
    [CG] CG iter 8: obj=2244737.502427, maxRC=460511.459957, +16 cols
    [CG]   [DIAG] iter=8 posCols=16 newCols=16 effImprove=16 updated=0
    [CG] CG iter 9: obj=2246937.823084, maxRC=457049.681243, +17 cols
    [CG]   [DIAG] iter=9 posCols=17 newCols=17 effImprove=17 updated=0
    [CG] CG iter 10: obj=2274460.534354, maxRC=236736.329227, +15 cols
    [CG]   [DIAG] iter=10 posCols=15 newCols=15 effImprove=15 updated=0
    [CG] CG iter 11: obj=2283766.920396, maxRC=182253.195541, +10 cols
    [CG]   [DIAG] iter=11 posCols=10 newCols=10 effImprove=10 updated=0
    [CG] CG iter 12: obj=2311234.620400, maxRC=140265.180877, +11 cols
    [CG]   [DIAG] iter=12 posCols=11 newCols=11 effImprove=11 updated=0
    [CG] CG iter 13: obj=2311234.620400, maxRC=114929.174107, +9 cols
    [CG]   [DIAG] iter=13 posCols=9 newCols=9 effImprove=9 updated=0
    [CG] CG iter 14: obj=2328922.250682, maxRC=297617.361246, +9 cols
    [CG]   [DIAG] iter=14 posCols=9 newCols=9 effImprove=9 updated=0
    [CG] CG iter 15: obj=2334810.870688, maxRC=269849.085887, +11 cols
    [CG]   [DIAG] iter=15 posCols=11 newCols=11 effImprove=11 updated=0
    [CG] CG iter 16: obj=2350902.817982, maxRC=92549.667547, +8 cols
    [CG]   [DIAG] iter=16 posCols=8 newCols=8 effImprove=8 updated=0
    [CG] CG iter 17: obj=2362683.880109, maxRC=96690.619272, +9 cols
    [CG]   [DIAG] iter=17 posCols=9 newCols=9 effImprove=9 updated=0
    [CG] CG iter 18: obj=2373215.159561, maxRC=67885.319457, +10 cols
    [CG]   [DIAG] iter=18 posCols=10 newCols=10 effImprove=10 updated=0
    [CG] CG iter 19: obj=2373215.159561, maxRC=51203.356233, +6 cols
    [CG]   [DIAG] iter=19 posCols=6 newCols=6 effImprove=6 updated=0
    [CG] CG iter 20: obj=2373215.159561, maxRC=63656.055308, +9 cols
    [CG]   [DIAG] iter=20 posCols=9 newCols=8 effImprove=9 updated=1
    [CG] CG iter 21: obj=2376562.990011, maxRC=46848.211575, +9 cols
    [CG]   [DIAG] iter=21 posCols=9 newCols=9 effImprove=9 updated=0
    [CG] CG iter 22: obj=2381200.996333, maxRC=51710.934905, +6 cols
    [CG]   [DIAG] iter=22 posCols=6 newCols=6 effImprove=6 updated=0
    [CG] CG iter 23: obj=2385347.553109, maxRC=19088.419975, +5 cols
    [CG]   [DIAG] iter=23 posCols=5 newCols=5 effImprove=5 updated=0
    [CG] CG iter 24: obj=2391122.511156, maxRC=22872.038187, +8 cols
    [CG]   [DIAG] iter=24 posCols=8 newCols=8 effImprove=8 updated=0
    [CG] CG iter 25: obj=2413994.549343, maxRC=24481.979516, +4 cols
    [CG]   [DIAG] iter=25 posCols=4 newCols=4 effImprove=4 updated=0
    [CG] CG iter 26: obj=2413994.549343, maxRC=3307.055609, +3 cols
    [CG]   [DIAG] iter=26 posCols=3 newCols=3 effImprove=3 updated=0
    [CG] CG iter 27: obj=2413994.549343, maxRC=1028.032018, +2 cols
    [CG]   [DIAG] iter=27 posCols=2 newCols=2 effImprove=2 updated=0
    [CG] CG iter 28: obj=2413994.549343, maxRC=670.307390, +2 cols
    [CG]   [DIAG] iter=28 posCols=2 newCols=2 effImprove=2 updated=0
    [CG] CG iter 29: obj=2413994.549343, maxRC=291.473327, +1 cols
    [CG]   [DIAG] iter=29 posCols=1 newCols=1 effImprove=1 updated=0
    [CG] CG iter 30: obj=2413994.549343, maxRC=247.778202, +2 cols
    [CG]   [DIAG] iter=30 posCols=2 newCols=2 effImprove=2 updated=0
    [CG] 列生成收敛，共 31 轮迭代
    [CG] [CG-NODE] depth=0 exit=CERTIFIED certified=1 feasible=1 iters=31 generatedColsBeforeNode=0 newCols=339 posCandidates=340 duplicateCandidates=1 updatedCols=1 zeroObjImproveIters=13 objFirst=758884.243283 objLast=2413994.549343 objGain=1655110.306059 maxRC=2059811.366313 wallSec=0.364339 pricingSec=0.326284 cplexSolveSec=0.012819
      [BB] 根节点即为整数解，obj=2413994.549343
