    [CG] 列生成开始，初始列数=310
    [CG] CG iter 1: obj=743704.524299, maxRC=2064728.237281, +30 cols
    [CG]   [DIAG] iter=1 posCols=30 newCols=30 effImprove=30 updated=0
    [CG] CG iter 2: obj=2188333.622910, maxRC=574024.787277, +23 cols
    [CG]   [DIAG] iter=2 posCols=23 newCols=23 effImprove=23 updated=0
    [CG] CG iter 3: obj=2213249.113694, maxRC=718595.997460, +23 cols
    [CG]   [DIAG] iter=3 posCols=23 newCols=23 effImprove=23 updated=0
    [CG] CG iter 4: obj=2213249.113694, maxRC=588574.620671, +22 cols
    [CG]   [DIAG] iter=4 posCols=22 newCols=22 effImprove=22 updated=0
    [CG] CG iter 5: obj=2213249.113694, maxRC=618389.425173, +21 cols
    [CG]   [DIAG] iter=5 posCols=21 newCols=21 effImprove=21 updated=0
    [CG] CG iter 6: obj=2213249.113694, maxRC=524099.340242, +16 cols
    [CG]   [DIAG] iter=6 posCols=16 newCols=16 effImprove=16 updated=0
    [CG] CG iter 7: obj=2229448.091215, maxRC=575725.248324, +18 cols
    [CG]   [DIAG] iter=7 posCols=18 newCols=18 effImprove=18 updated=0
    [CG] CG iter 8: obj=2242200.093802, maxRC=529607.651417, +18 cols
    [CG]   [DIAG] iter=8 posCols=18 newCols=18 effImprove=18 updated=0
    [CG] CG iter 9: obj=2267760.939562, maxRC=320721.012038, +13 cols
    [CG]   [DIAG] iter=9 posCols=13 newCols=12 effImprove=13 updated=1
    [CG] CG iter 10: obj=2283537.587267, maxRC=311342.746004, +12 cols
    [CG]   [DIAG] iter=10 posCols=12 newCols=12 effImprove=12 updated=0
    [CG] CG iter 11: obj=2297428.897185, maxRC=219736.845362, +12 cols
    [CG]   [DIAG] iter=11 posCols=12 newCols=12 effImprove=12 updated=0
    [CG] CG iter 12: obj=2307256.205825, maxRC=148222.463603, +11 cols
    [CG]   [DIAG] iter=12 posCols=11 newCols=11 effImprove=11 updated=0
    [CG] CG iter 13: obj=2318379.960940, maxRC=104299.357361, +9 cols
    [CG]   [DIAG] iter=13 posCols=9 newCols=9 effImprove=9 updated=0
    [CG] CG iter 14: obj=2346493.560603, maxRC=106958.054752, +12 cols
    [CG]   [DIAG] iter=14 posCols=12 newCols=12 effImprove=12 updated=0
    [CG] CG iter 15: obj=2346493.560603, maxRC=73633.205428, +9 cols
    [CG]   [DIAG] iter=15 posCols=9 newCols=9 effImprove=9 updated=0
    [CG] CG iter 16: obj=2354916.781103, maxRC=81892.895687, +9 cols
    [CG]   [DIAG] iter=16 posCols=9 newCols=9 effImprove=9 updated=0
    [CG] CG iter 17: obj=2376655.830160, maxRC=103221.964367, +10 cols
    [CG]   [DIAG] iter=17 posCols=10 newCols=10 effImprove=10 updated=0
    [CG] CG iter 18: obj=2388838.217830, maxRC=58742.753115, +11 cols
    [CG]   [DIAG] iter=18 posCols=11 newCols=11 effImprove=11 updated=0
    [CG] CG iter 19: obj=2393997.031135, maxRC=66012.177513, +9 cols
    [CG]   [DIAG] iter=19 posCols=9 newCols=9 effImprove=9 updated=0
    [CG] CG iter 20: obj=2398385.267651, maxRC=39669.510872, +10 cols
    [CG]   [DIAG] iter=20 posCols=10 newCols=10 effImprove=10 updated=0
    [CG] CG iter 21: obj=2400079.905133, maxRC=26812.573773, +9 cols
    [CG]   [DIAG] iter=21 posCols=9 newCols=9 effImprove=9 updated=0
    [CG] CG iter 22: obj=2403406.687626, maxRC=27433.068650, +9 cols
    [CG]   [DIAG] iter=22 posCols=9 newCols=9 effImprove=9 updated=0
    [CG] CG iter 23: obj=2411284.534840, maxRC=21424.160196, +8 cols
    [CG]   [DIAG] iter=23 posCols=8 newCols=8 effImprove=8 updated=0
    [CG] CG iter 24: obj=2411284.534840, maxRC=22194.356335, +8 cols
    [CG]   [DIAG] iter=24 posCols=8 newCols=8 effImprove=8 updated=0
    [CG] CG iter 25: obj=2414642.659765, maxRC=20029.337348, +9 cols
    [CG]   [DIAG] iter=25 posCols=9 newCols=9 effImprove=9 updated=0
    [CG] CG iter 26: obj=2418022.003268, maxRC=16536.942901, +9 cols
    [CG]   [DIAG] iter=26 posCols=9 newCols=9 effImprove=9 updated=0
    [CG] CG iter 27: obj=2418022.003268, maxRC=18360.900909, +9 cols
    [CG]   [DIAG] iter=27 posCols=9 newCols=9 effImprove=9 updated=0
    [CG] CG iter 28: obj=2422054.118157, maxRC=9810.194299, +6 cols
    [CG]   [DIAG] iter=28 posCols=6 newCols=6 effImprove=6 updated=0
    [CG] CG iter 29: obj=2429395.640037, maxRC=8409.742809, +6 cols
    [CG]   [DIAG] iter=29 posCols=6 newCols=6 effImprove=6 updated=0
    [CG] CG iter 30: obj=2429395.640037, maxRC=4777.232922, +5 cols
    [CG]   [DIAG] iter=30 posCols=5 newCols=5 effImprove=5 updated=0
    [CG] CG iter 31: obj=2429395.640037, maxRC=3274.703676, +6 cols
    [CG]   [DIAG] iter=31 posCols=6 newCols=6 effImprove=6 updated=0
    [CG] CG iter 32: obj=2429395.640037, maxRC=1591.520309, +5 cols
    [CG]   [DIAG] iter=32 posCols=5 newCols=5 effImprove=5 updated=0
    [CG] CG iter 33: obj=2429395.640037, maxRC=1971.547102, +5 cols
    [CG]   [DIAG] iter=33 posCols=5 newCols=5 effImprove=5 updated=0
    [CG] CG iter 34: obj=2429395.640037, maxRC=260.920560, +1 cols
    [CG]   [DIAG] iter=34 posCols=1 newCols=1 effImprove=1 updated=0
    [CG] 列生成收敛，共 35 轮迭代
    [CG] [CG-NODE] depth=0 exit=CERTIFIED certified=1 feasible=1 iters=35 generatedColsBeforeNode=0 newCols=392 posCandidates=393 duplicateCandidates=1 updatedCols=1 zeroObjImproveIters=12 objFirst=743704.524299 objLast=2429395.640037 objGain=1685691.115738 maxRC=2064728.237281 wallSec=0.401716 pricingSec=0.380706 cplexSolveSec=0.014372
      [BB] 根节点即为整数解，obj=2429395.640037
