    [CG] 列生成开始，初始列数=310
    [CG] CG iter 1: obj=917538.586610, maxRC=1363309.169384, +30 cols
    [CG]   [DIAG] iter=1 posCols=30 newCols=30 effImprove=30 updated=0
    [CG] CG iter 2: obj=1743467.383706, maxRC=252690.572041, +26 cols
    [CG]   [DIAG] iter=2 posCols=26 newCols=26 effImprove=26 updated=0
    [CG] CG iter 3: obj=1884999.659644, maxRC=424794.382242, +28 cols
    [CG]   [DIAG] iter=3 posCols=28 newCols=28 effImprove=28 updated=0
    [CG] CG iter 4: obj=2018477.130239, maxRC=242404.191457, +27 cols
    [CG]   [DIAG] iter=4 posCols=27 newCols=27 effImprove=27 updated=0
    [CG] CG iter 5: obj=2026376.930004, maxRC=203834.686874, +22 cols
    [CG]   [DIAG] iter=5 posCols=22 newCols=22 effImprove=22 updated=0
    [CG] CG iter 6: obj=2077032.260656, maxRC=149462.130914, +19 cols
    [CG]   [DIAG] iter=6 posCols=19 newCols=19 effImprove=19 updated=0
    [CG] CG iter 7: obj=2109073.406495, maxRC=77294.980287, +18 cols
    [CG]   [DIAG] iter=7 posCols=18 newCols=18 effImprove=18 updated=0
    [CG] CG iter 8: obj=2131893.390677, maxRC=104072.865292, +20 cols
    [CG]   [DIAG] iter=8 posCols=20 newCols=20 effImprove=20 updated=0
    [CG] CG iter 9: obj=2160228.569001, maxRC=48484.339222, +13 cols
    [CG]   [DIAG] iter=9 posCols=13 newCols=13 effImprove=13 updated=0
    [CG] CG iter 10: obj=2178370.699285, maxRC=52927.387374, +15 cols
    [CG]   [DIAG] iter=10 posCols=15 newCols=15 effImprove=15 updated=0
    [CG] CG iter 11: obj=2190557.780098, maxRC=31656.505890, +12 cols
    [CG]   [DIAG] iter=11 posCols=12 newCols=12 effImprove=12 updated=0
    [CG] CG iter 12: obj=2199322.541185, maxRC=26741.915993, +12 cols
    [CG]   [DIAG] iter=12 posCols=12 newCols=12 effImprove=12 updated=0
    [CG] CG iter 13: obj=2199322.541185, maxRC=20511.021527, +8 cols
    [CG]   [DIAG] iter=13 posCols=8 newCols=6 effImprove=8 updated=2
    [CG] CG iter 14: obj=2212518.384025, maxRC=11014.484689, +7 cols
    [CG]   [DIAG] iter=14 posCols=7 newCols=6 effImprove=7 updated=1
    [CG] CG iter 15: obj=2223129.614673, maxRC=2958.697369, +2 cols
    [CG]   [DIAG] iter=15 posCols=2 newCols=2 effImprove=2 updated=0
    [CG] CG iter 16: obj=2223129.614673, maxRC=395.009488, +2 cols
    [CG]   [DIAG] iter=16 posCols=2 newCols=2 effImprove=2 updated=0
    [CG] 列生成收敛，共 17 轮迭代
    [CG] [CG-NODE] depth=0 exit=CERTIFIED certified=1 feasible=1 iters=17 generatedColsBeforeNode=0 newCols=258 posCandidates=261 duplicateCandidates=3 updatedCols=3 zeroObjImproveIters=2 objFirst=917538.586610 objLast=2223524.624160 objGain=1305986.037550 maxRC=1363309.169384 wallSec=0.163445 pricingSec=0.153532 cplexSolveSec=0.006750
      [BB] 根节点即为整数解，obj=2223524.624160
