    [CG] 列生成开始，初始列数=310
    [CG] CG iter 1: obj=375112.113903, maxRC=1501793.048787, +27 cols
    [CG]   [DIAG] iter=1 posCols=27 newCols=27 effImprove=27 updated=0
    [CG] CG iter 2: obj=1637167.028541, maxRC=952875.068871, +25 cols
    [CG]   [DIAG] iter=2 posCols=25 newCols=24 effImprove=25 updated=1
    [CG] CG iter 3: obj=1637167.028541, maxRC=933810.326488, +21 cols
    [CG]   [DIAG] iter=3 posCols=21 newCols=21 effImprove=21 updated=0
    [CG] CG iter 4: obj=1637167.028541, maxRC=911836.078542, +20 cols
    [CG]   [DIAG] iter=4 posCols=20 newCols=20 effImprove=20 updated=0
    [CG] CG iter 5: obj=1637167.028541, maxRC=811463.663903, +19 cols
    [CG]   [DIAG] iter=5 posCols=19 newCols=19 effImprove=19 updated=0
    [CG] CG iter 6: obj=1637167.028541, maxRC=710897.233394, +17 cols
    [CG]   [DIAG] iter=6 posCols=17 newCols=17 effImprove=17 updated=0
    [CG] CG iter 7: obj=1637167.028541, maxRC=689192.888792, +15 cols
    [CG]   [DIAG] iter=7 posCols=15 newCols=14 effImprove=15 updated=1
    [CG] CG iter 8: obj=1637167.028541, maxRC=740793.925345, +15 cols
    [CG]   [DIAG] iter=8 posCols=15 newCols=14 effImprove=15 updated=1
    [CG] CG iter 9: obj=1661407.662231, maxRC=635938.109809, +14 cols
    [CG]   [DIAG] iter=9 posCols=14 newCols=14 effImprove=14 updated=0
    [CG] CG iter 10: obj=1661407.662231, maxRC=602305.964749, +13 cols
    [CG]   [DIAG] iter=10 posCols=13 newCols=13 effImprove=13 updated=0
    [CG] CG iter 11: obj=1661407.662231, maxRC=466599.495826, +14 cols
    [CG]   [DIAG] iter=11 posCols=14 newCols=13 effImprove=14 updated=1
    [CG] CG iter 12: obj=1661407.662231, maxRC=272874.418378, +13 cols
    [CG]   [DIAG] iter=12 posCols=13 newCols=13 effImprove=13 updated=0
    [CG] CG iter 13: obj=1661407.662231, maxRC=182656.680206, +12 cols
    [CG]   [DIAG] iter=13 posCols=12 newCols=12 effImprove=12 updated=0
    [CG] CG iter 14: obj=1661407.662231, maxRC=134087.576297, +9 cols
    [CG]   [DIAG] iter=14 posCols=9 newCols=9 effImprove=9 updated=0
    [CG] CG iter 15: obj=1661407.662231, maxRC=61259.597655, +11 cols
    [CG]   [DIAG] iter=15 posCols=11 newCols=11 effImprove=11 updated=0
    [CG] CG iter 16: obj=1679707.219576, maxRC=96195.470525, +11 cols
    [CG]   [DIAG] iter=16 posCols=11 newCols=10 effImprove=11 updated=1
    [CG] CG iter 17: obj=1679707.219576, maxRC=31888.933615, +7 cols
    [CG]   [DIAG] iter=17 posCols=7 newCols=7 effImprove=7 updated=0
    [CG] CG iter 18: obj=1700842.950799, maxRC=10961.270590, +4 cols
    [CG]   [DIAG] iter=18 posCols=4 newCols=4 effImprove=4 updated=0
    [CG] CG iter 19: obj=1700842.950799, maxRC=10476.310483, +4 cols
    [CG]   [DIAG] iter=19 posCols=4 newCols=4 effImprove=4 updated=0
    [CG] CG iter 20: obj=1700842.950799, maxRC=5422.847621, +3 cols
    [CG]   [DIAG] iter=20 posCols=3 newCols=3 effImprove=3 updated=0
    [CG] CG iter 21: obj=1700842.950799, maxRC=4079.760188, +3 cols
    [CG]   [DIAG] iter=21 posCols=3 newCols=3 effImprove=3 updated=0
    [CG] CG iter 22: obj=1700842.950799, maxRC=4126.637848, +2 cols
    [CG]   [DIAG] iter=22 posCols=2 newCols=2 effImprove=2 updated=0
    [CG] CG iter 23: obj=1700842.950799, maxRC=1392.485044, +1 cols
    [CG]   [DIAG] iter=23 posCols=1 newCols=1 effImprove=1 updated=0
    [CG] 列生成收敛，共 24 轮迭代
    [CG] [CG-NODE] depth=0 exit=CERTIFIED certified=1 feasible=1 iters=24 generatedColsBeforeNode=0 newCols=275 posCandidates=280 duplicateCandidates=5 updatedCols=5 zeroObjImproveIters=19 objFirst=375112.113903 objLast=1700842.950799 objGain=1325730.836896 maxRC=1501793.048787 wallSec=0.564931 pricingSec=0.532448 cplexSolveSec=0.009502
      [BB] 根节点即为整数解，obj=1700842.950799
