    [CG] 列生成开始，初始列数=310
    [CG] CG iter 1: obj=624859.292508, maxRC=1508562.774131, +27 cols
    [CG]   [DIAG] iter=1 posCols=27 newCols=27 effImprove=27 updated=0
    [CG] CG iter 2: obj=1684492.489574, maxRC=399611.060454, +16 cols
    [CG]   [DIAG] iter=2 posCols=16 newCols=16 effImprove=16 updated=0
    [CG] CG iter 3: obj=1729765.803985, maxRC=449002.286630, +18 cols
    [CG]   [DIAG] iter=3 posCols=18 newCols=18 effImprove=18 updated=0
    [CG] CG iter 4: obj=1768854.018865, maxRC=529000.319047, +16 cols
    [CG]   [DIAG] iter=4 posCols=16 newCols=16 effImprove=16 updated=0
    [CG] CG iter 5: obj=1792506.910722, maxRC=547980.885961, +16 cols
    [CG]   [DIAG] iter=5 posCols=16 newCols=16 effImprove=16 updated=0
    [CG] CG iter 6: obj=1839554.626781, maxRC=469167.685179, +14 cols
    [CG]   [DIAG] iter=6 posCols=14 newCols=14 effImprove=14 updated=0
    [CG] CG iter 7: obj=1879828.367889, maxRC=359686.235118, +10 cols
    [CG]   [DIAG] iter=7 posCols=10 newCols=10 effImprove=10 updated=0
    [CG] CG iter 8: obj=1900665.974842, maxRC=280474.484203, +10 cols
    [CG]   [DIAG] iter=8 posCols=10 newCols=10 effImprove=10 updated=0
    [CG] CG iter 9: obj=1933273.742848, maxRC=313507.931882, +10 cols
    [CG]   [DIAG] iter=9 posCols=10 newCols=10 effImprove=10 updated=0
    [CG] CG iter 10: obj=1941052.503604, maxRC=164351.906893, +10 cols
    [CG]   [DIAG] iter=10 posCols=10 newCols=9 effImprove=10 updated=1
    [CG] CG iter 11: obj=1993768.934550, maxRC=268046.210633, +9 cols
    [CG]   [DIAG] iter=11 posCols=9 newCols=9 effImprove=9 updated=0
    [CG] CG iter 12: obj=1993768.934550, maxRC=176585.995510, +9 cols
    [CG]   [DIAG] iter=12 posCols=9 newCols=9 effImprove=9 updated=0
    [CG] CG iter 13: obj=2005732.093612, maxRC=140643.179486, +10 cols
    [CG]   [DIAG] iter=13 posCols=10 newCols=10 effImprove=10 updated=0
    [CG] CG iter 14: obj=2005732.093612, maxRC=80518.018603, +9 cols
    [CG]   [DIAG] iter=14 posCols=9 newCols=9 effImprove=9 updated=0
    [CG] CG iter 15: obj=2005732.093612, maxRC=29102.184331, +9 cols
    [CG]   [DIAG] iter=15 posCols=9 newCols=9 effImprove=9 updated=0
    [CG] CG iter 16: obj=2016606.599150, maxRC=26720.909548, +9 cols
    [CG]   [DIAG] iter=16 posCols=9 newCols=9 effImprove=9 updated=0
    [CG] CG iter 17: obj=2020971.177479, maxRC=19692.881478, +4 cols
    [CG]   [DIAG] iter=17 posCols=4 newCols=4 effImprove=4 updated=0
    [CG] CG iter 18: obj=2021627.833281, maxRC=16599.894290, +5 cols
    [CG]   [DIAG] iter=18 posCols=5 newCols=4 effImprove=5 updated=1
    [CG] CG iter 19: obj=2038227.727570, maxRC=2776.797329, +3 cols
    [CG]   [DIAG] iter=19 posCols=3 newCols=3 effImprove=3 updated=0
    [CG] 列生成收敛，共 20 轮迭代
    [CG] [CG-NODE] depth=0 exit=CERTIFIED certified=1 feasible=1 iters=20 generatedColsBeforeNode=0 newCols=212 posCandidates=214 duplicateCandidates=2 updatedCols=2 zeroObjImproveIters=4 objFirst=624859.292508 objLast=2038227.727570 objGain=1413368.435063 maxRC=1508562.774131 wallSec=0.155866 pricingSec=0.143396 cplexSolveSec=0.007953
      [BB] 根节点即为整数解，obj=2038227.727570
