    [CG] 列生成开始，初始列数=310
    [CG] CG iter 1: obj=893308.464816, maxRC=2110623.213254, +30 cols
    [CG]   [DIAG] iter=1 posCols=30 newCols=30 effImprove=30 updated=0
    [CG] CG iter 2: obj=2288557.882809, maxRC=329902.167132, +25 cols
    [CG]   [DIAG] iter=2 posCols=25 newCols=25 effImprove=25 updated=0
    [CG] CG iter 3: obj=2339281.142220, maxRC=489827.311115, +27 cols
    [CG]   [DIAG] iter=3 posCols=27 newCols=27 effImprove=27 updated=0
    [CG] CG iter 4: obj=2355190.278889, maxRC=465491.146349, +24 cols
    [CG]   [DIAG] iter=4 posCols=24 newCols=23 effImprove=24 updated=1
    [CG] CG iter 5: obj=2376029.756603, maxRC=402457.139362, +24 cols
    [CG]   [DIAG] iter=5 posCols=24 newCols=23 effImprove=24 updated=1
    [CG] CG iter 6: obj=2400502.681076, maxRC=331431.652705, +16 cols
    [CG]   [DIAG] iter=6 posCols=16 newCols=16 effImprove=16 updated=0
    [CG] CG iter 7: obj=2465912.407572, maxRC=210999.184911, +14 cols
    [CG]   [DIAG] iter=7 posCols=14 newCols=13 effImprove=14 updated=1
    [CG] CG iter 8: obj=2489293.128432, maxRC=148236.551595, +13 cols
    [CG]   [DIAG] iter=8 posCols=13 newCols=13 effImprove=13 updated=0
    [CG] CG iter 9: obj=2499229.567610, maxRC=175973.018868, +12 cols
    [CG]   [DIAG] iter=9 posCols=12 newCols=11 effImprove=12 updated=1
    [CG] CG iter 10: obj=2522401.665271, maxRC=62678.273242, +13 cols
    [CG]   [DIAG] iter=10 posCols=13 newCols=13 effImprove=13 updated=0
    [CG] CG iter 11: obj=2545251.578662, maxRC=61897.907187, +10 cols
    [CG]   [DIAG] iter=11 posCols=10 newCols=10 effImprove=10 updated=0
    [CG] CG iter 12: obj=2554070.054958, maxRC=76833.218251, +11 cols
    [CG]   [DIAG] iter=12 posCols=11 newCols=11 effImprove=11 updated=0
    [CG] CG iter 13: obj=2558797.608914, maxRC=41024.908996, +10 cols
    [CG]   [DIAG] iter=13 posCols=10 newCols=10 effImprove=10 updated=0
    [CG] CG iter 14: obj=2580589.297991, maxRC=50763.198409, +10 cols
    [CG]   [DIAG] iter=14 posCols=10 newCols=10 effImprove=10 updated=0
    [CG] CG iter 15: obj=2587831.935484, maxRC=23303.781780, +9 cols
    [CG]   [DIAG] iter=15 posCols=9 newCols=9 effImprove=9 updated=0
    [CG] CG iter 16: obj=2589591.456373, maxRC=22250.916814, +9 cols
    [CG]   [DIAG] iter=16 posCols=9 newCols=8 effImprove=9 updated=1
    [CG] CG iter 17: obj=2594764.132350, maxRC=15183.080193, +6 cols
    [CG]   [DIAG] iter=17 posCols=6 newCols=6 effImprove=6 updated=0
    [CG] CG iter 18: obj=2596093.393212, maxRC=10519.832409, +5 cols
    [CG]   [DIAG] iter=18 posCols=5 newCols=5 effImprove=5 updated=0
    [CG] CG iter 19: obj=2601593.572300, maxRC=7484.855580, +4 cols
    [CG]   [DIAG] iter=19 posCols=4 newCols=4 effImprove=4 updated=0
    [CG] CG iter 20: obj=2601661.992820, maxRC=4893.404485, +4 cols
    [CG]   [DIAG] iter=20 posCols=4 newCols=4 effImprove=4 updated=0
    [CG] CG iter 21: obj=2601940.607815, maxRC=1120.293125, +3 cols
    [CG]   [DIAG] iter=21 posCols=3 newCols=3 effImprove=3 updated=0
    [CG] CG iter 22: obj=2602171.033722, maxRC=618.998637, +2 cols
    [CG]   [DIAG] iter=22 posCols=2 newCols=2 effImprove=2 updated=0
    [CG] CG iter 23: obj=2602533.077322, maxRC=680.286518, +1 cols
    [CG]   [DIAG] iter=23 posCols=1 newCols=1 effImprove=1 updated=0
    [CG] 列生成收敛，共 24 轮迭代
    [CG] [CG-NODE] depth=0 exit=CERTIFIED certified=1 feasible=1 iters=24 generatedColsBeforeNode=0 newCols=277 posCandidates=282 duplicateCandidates=5 updatedCols=5 zeroObjImproveIters=1 objFirst=893308.464816 objLast=2602533.077322 objGain=1709224.612505 maxRC=2110623.213254 wallSec=0.306943 pricingSec=0.275199 cplexSolveSec=0.009865
      [BB] 根节点即为整数解，obj=2602533.077322
