    [CG] 列生成开始，初始列数=310
    [CG] CG iter 1: obj=859384.496072, maxRC=2066656.473110, +30 cols
    [CG]   [DIAG] iter=1 posCols=30 newCols=30 effImprove=30 updated=0
    [CG] CG iter 2: obj=2234136.513247, maxRC=253094.926429, +20 cols
    [CG]   [DIAG] iter=2 posCols=20 newCols=20 effImprove=20 updated=0
    [CG] CG iter 3: obj=2283150.510767, maxRC=594312.304711, +23 cols
    [CG]   [DIAG] iter=3 posCols=23 newCols=23 effImprove=23 updated=0
    [CG] CG iter 4: obj=2287479.279436, maxRC=576306.520698, +22 cols
    [CG]   [DIAG] iter=4 posCols=22 newCols=22 effImprove=22 updated=0
    [CG] CG iter 5: obj=2338370.690736, maxRC=592470.322205, +23 cols
    [CG]   [DIAG] iter=5 posCols=23 newCols=23 effImprove=23 updated=0
    [CG] CG iter 6: obj=2423061.771330, maxRC=340092.186423, +17 cols
    [CG]   [DIAG] iter=6 posCols=17 newCols=17 effImprove=17 updated=0
    [CG] CG iter 7: obj=2430388.407973, maxRC=241705.518722, +15 cols
    [CG]   [DIAG] iter=7 posCols=15 newCols=15 effImprove=15 updated=0
    [CG] CG iter 8: obj=2460703.751979, maxRC=189923.118740, +16 cols
    [CG]   [DIAG] iter=8 posCols=16 newCols=16 effImprove=16 updated=0
    [CG] CG iter 9: obj=2494744.529719, maxRC=207238.853721, +9 cols
    [CG]   [DIAG] iter=9 posCols=9 newCols=9 effImprove=9 updated=0
    [CG] CG iter 10: obj=2505995.522388, maxRC=225415.736455, +15 cols
    [CG]   [DIAG] iter=10 posCols=15 newCols=15 effImprove=15 updated=0
    [CG] CG iter 11: obj=2511958.888778, maxRC=64138.945390, +10 cols
    [CG]   [DIAG] iter=11 posCols=10 newCols=10 effImprove=10 updated=0
    [CG] CG iter 12: obj=2524467.078087, maxRC=56909.892917, +10 cols
    [CG]   [DIAG] iter=12 posCols=10 newCols=10 effImprove=10 updated=0
    [CG] CG iter 13: obj=2529060.863305, maxRC=28903.463952, +11 cols
    [CG]   [DIAG] iter=13 posCols=11 newCols=9 effImprove=11 updated=2
    [CG] CG iter 14: obj=2540929.183423, maxRC=45940.658477, +14 cols
    [CG]   [DIAG] iter=14 posCols=14 newCols=14 effImprove=14 updated=0
    [CG] CG iter 15: obj=2544444.291945, maxRC=33391.994849, +9 cols
    [CG]   [DIAG] iter=15 posCols=9 newCols=9 effImprove=9 updated=0
    [CG] CG iter 16: obj=2548889.210279, maxRC=24415.157935, +9 cols
    [CG]   [DIAG] iter=16 posCols=9 newCols=9 effImprove=9 updated=0
    [CG] CG iter 17: obj=2562509.560828, maxRC=19943.944468, +9 cols
    [CG]   [DIAG] iter=17 posCols=9 newCols=9 effImprove=9 updated=0
    [CG] CG iter 18: obj=2562509.560828, maxRC=14619.740103, +7 cols
    [CG]   [DIAG] iter=18 posCols=7 newCols=6 effImprove=7 updated=1
    [CG] CG iter 19: obj=2563892.057672, maxRC=12071.697637, +7 cols
    [CG]   [DIAG] iter=19 posCols=7 newCols=7 effImprove=7 updated=0
    [CG] CG iter 20: obj=2563892.057672, maxRC=6892.624029, +6 cols
    [CG]   [DIAG] iter=20 posCols=6 newCols=6 effImprove=6 updated=0
    [CG] CG iter 21: obj=2563892.057672, maxRC=4548.388264, +5 cols
    [CG]   [DIAG] iter=21 posCols=5 newCols=5 effImprove=5 updated=0
    [CG] CG iter 22: obj=2567985.057486, maxRC=2170.902552, +2 cols
    [CG]   [DIAG] iter=22 posCols=2 newCols=2 effImprove=2 updated=0
    [CG] CG iter 23: obj=2567985.057486, maxRC=2736.649158, +3 cols
    [CG]   [DIAG] iter=23 posCols=3 newCols=3 effImprove=3 updated=0
    [CG] 列生成收敛，共 24 轮迭代
    [CG] [CG-NODE] depth=0 exit=CERTIFIED certified=1 feasible=1 iters=24 generatedColsBeforeNode=0 newCols=289 posCandidates=292 duplicateCandidates=3 updatedCols=3 zeroObjImproveIters=5 objFirst=859384.496072 objLast=2567985.057486 objGain=1708600.561414 maxRC=2066656.473110 wallSec=0.257566 pricingSec=0.241037 cplexSolveSec=0.010577
      [BB] 根节点即为整数解，obj=2567985.057486
