    [CG] 列生成开始，初始列数=310
    [CG] CG iter 1: obj=845460.051858, maxRC=2137770.188245, +30 cols
    [CG]   [DIAG] iter=1 posCols=30 newCols=30 effImprove=30 updated=0
    [CG] CG iter 2: obj=2306382.936814, maxRC=414838.742793, +23 cols
    [CG]   [DIAG] iter=2 posCols=23 newCols=23 effImprove=23 updated=0
    [CG] CG iter 3: obj=2343780.405810, maxRC=541982.393204, +25 cols
    [CG]   [DIAG] iter=3 posCols=25 newCols=25 effImprove=25 updated=0
    [CG] CG iter 4: obj=2347136.159819, maxRC=422247.691792, +21 cols
    [CG]   [DIAG] iter=4 posCols=21 newCols=21 effImprove=21 updated=0
    [CG] CG iter 5: obj=2347136.159819, maxRC=471586.457980, +20 cols
    [CG]   [DIAG] iter=5 posCols=20 newCols=20 effImprove=20 updated=0
    [CG] CG iter 6: obj=2424134.549095, maxRC=311576.638699, +20 cols
    [CG]   [DIAG] iter=6 posCols=20 newCols=20 effImprove=20 updated=0
    [CG] CG iter 7: obj=2454980.519029, maxRC=229849.532234, +13 cols
    [CG]   [DIAG] iter=7 posCols=13 newCols=13 effImprove=13 updated=0
    [CG] CG iter 8: obj=2473859.313840, maxRC=187766.276843, +11 cols
    [CG]   [DIAG] iter=8 posCols=11 newCols=11 effImprove=11 updated=0
    [CG] CG iter 9: obj=2496662.845443, maxRC=212994.096160, +9 cols
    [CG]   [DIAG] iter=9 posCols=9 newCols=9 effImprove=9 updated=0
    [CG] CG iter 10: obj=2505780.924861, maxRC=163330.320169, +10 cols
    [CG]   [DIAG] iter=10 posCols=10 newCols=10 effImprove=10 updated=0
    [CG] CG iter 11: obj=2517215.283049, maxRC=106800.797751, +9 cols
    [CG]   [DIAG] iter=11 posCols=9 newCols=9 effImprove=9 updated=0
    [CG] CG iter 12: obj=2523395.420358, maxRC=68052.701774, +10 cols
    [CG]   [DIAG] iter=12 posCols=10 newCols=10 effImprove=10 updated=0
    [CG] CG iter 13: obj=2543186.286458, maxRC=51224.123204, +9 cols
    [CG]   [DIAG] iter=13 posCols=9 newCols=9 effImprove=9 updated=0
    [CG] CG iter 14: obj=2557781.826416, maxRC=80877.569694, +13 cols
    [CG]   [DIAG] iter=14 posCols=13 newCols=13 effImprove=13 updated=0
    [CG] CG iter 15: obj=2569514.038933, maxRC=36527.830508, +9 cols
    [CG]   [DIAG] iter=15 posCols=9 newCols=9 effImprove=9 updated=0
    [CG] CG iter 16: obj=2574414.787156, maxRC=48629.995554, +9 cols
    [CG]   [DIAG] iter=16 posCols=9 newCols=9 effImprove=9 updated=0
    [CG] CG iter 17: obj=2584343.163900, maxRC=20059.769741, +8 cols
    [CG]   [DIAG] iter=17 posCols=8 newCols=7 effImprove=8 updated=1
    [CG] CG iter 18: obj=2584343.163900, maxRC=24169.493311, +8 cols
    [CG]   [DIAG] iter=18 posCols=8 newCols=8 effImprove=8 updated=0
    [CG] CG iter 19: obj=2584343.163900, maxRC=19064.832816, +8 cols
    [CG]   [DIAG] iter=19 posCols=8 newCols=8 effImprove=8 updated=0
    [CG] CG iter 20: obj=2586096.556457, maxRC=18773.227191, +7 cols
    [CG]   [DIAG] iter=20 posCols=7 newCols=7 effImprove=7 updated=0
    [CG] CG iter 21: obj=2596553.126902, maxRC=6718.966426, +8 cols
    [CG]   [DIAG] iter=21 posCols=8 newCols=8 effImprove=8 updated=0
    [CG] CG iter 22: obj=2596553.126902, maxRC=6429.104416, +5 cols
    [CG]   [DIAG] iter=22 posCols=5 newCols=5 effImprove=5 updated=0
    [CG] CG iter 23: obj=2596553.126902, maxRC=6376.268871, +7 cols
    [CG]   [DIAG] iter=23 posCols=7 newCols=7 effImprove=7 updated=0
    [CG] CG iter 24: obj=2600965.981776, maxRC=3994.448704, +4 cols
    [CG]   [DIAG] iter=24 posCols=4 newCols=4 effImprove=4 updated=0
    [CG] CG iter 25: obj=2600965.981776, maxRC=1343.455214, +2 cols
    [CG]   [DIAG] iter=25 posCols=2 newCols=2 effImprove=2 updated=0
    [CG] CG iter 26: obj=2600965.981776, maxRC=727.623882, +1 cols
    [CG]   [DIAG] iter=26 posCols=1 newCols=1 effImprove=1 updated=0
    [CG] CG iter 27: obj=2600965.981776, maxRC=1210.613750, +1 cols
    [CG]   [DIAG] iter=27 posCols=1 newCols=1 effImprove=1 updated=0
    [CG] CG iter 28: obj=2600965.981776, maxRC=1120.599291, +1 cols
    [CG]   [DIAG] iter=28 posCols=1 newCols=1 effImprove=1 updated=0
    [CG] CG iter 29: obj=2600965.981776, maxRC=852.707003, +1 cols
    [CG]   [DIAG] iter=29 posCols=1 newCols=1 effImprove=1 updated=0
    [CG] CG iter 30: obj=2600965.981776, maxRC=211.379033, +1 cols
    [CG]   [DIAG] iter=30 posCols=1 newCols=1 effImprove=1 updated=0
    [CG] 列生成收敛，共 31 轮迭代
    [CG] [CG-NODE] depth=0 exit=CERTIFIED certified=1 feasible=1 iters=31 generatedColsBeforeNode=0 newCols=302 posCandidates=303 duplicateCandidates=1 updatedCols=1 zeroObjImproveIters=12 objFirst=845460.051858 objLast=2600965.981776 objGain=1755505.929917 maxRC=2137770.188245 wallSec=0.275912 pricingSec=0.258400 cplexSolveSec=0.011744
      [BB] 根节点即为整数解，obj=2600965.981776
