    [CG] 列生成开始，初始列数=310
    [CG] CG iter 1: obj=862948.636379, maxRC=2138934.020938, +30 cols
    [CG]   [DIAG] iter=1 posCols=30 newCols=30 effImprove=30 updated=0
    [CG] CG iter 2: obj=2309771.683125, maxRC=398982.292934, +23 cols
    [CG]   [DIAG] iter=2 posCols=23 newCols=23 effImprove=23 updated=0
    [CG] CG iter 3: obj=2348959.399772, maxRC=529311.755539, +24 cols
    [CG]   [DIAG] iter=3 posCols=24 newCols=24 effImprove=24 updated=0
    [CG] CG iter 4: obj=2357066.863507, maxRC=608503.884712, +24 cols
    [CG]   [DIAG] iter=4 posCols=24 newCols=23 effImprove=24 updated=1
    [CG] CG iter 5: obj=2367052.844450, maxRC=519371.060304, +21 cols
    [CG]   [DIAG] iter=5 posCols=21 newCols=21 effImprove=21 updated=0
    [CG] CG iter 6: obj=2389194.236674, maxRC=489866.595817, +18 cols
    [CG]   [DIAG] iter=6 posCols=18 newCols=18 effImprove=18 updated=0
    [CG] CG iter 7: obj=2417803.953428, maxRC=267581.675560, +17 cols
    [CG]   [DIAG] iter=7 posCols=17 newCols=17 effImprove=17 updated=0
    [CG] CG iter 8: obj=2470304.457018, maxRC=137033.740334, +15 cols
    [CG]   [DIAG] iter=8 posCols=15 newCols=15 effImprove=15 updated=0
    [CG] CG iter 9: obj=2476665.933828, maxRC=117159.349254, +11 cols
    [CG]   [DIAG] iter=9 posCols=11 newCols=11 effImprove=11 updated=0
    [CG] CG iter 10: obj=2499105.430894, maxRC=59815.816219, +9 cols
    [CG]   [DIAG] iter=10 posCols=9 newCols=9 effImprove=9 updated=0
    [CG] CG iter 11: obj=2505760.274388, maxRC=53516.351742, +10 cols
    [CG]   [DIAG] iter=11 posCols=10 newCols=10 effImprove=10 updated=0
    [CG] CG iter 12: obj=2523326.136476, maxRC=51980.894069, +7 cols
    [CG]   [DIAG] iter=12 posCols=7 newCols=7 effImprove=7 updated=0
    [CG] CG iter 13: obj=2523326.136476, maxRC=17821.819793, +9 cols
    [CG]   [DIAG] iter=13 posCols=9 newCols=9 effImprove=9 updated=0
    [CG] CG iter 14: obj=2524648.621902, maxRC=38516.092225, +7 cols
    [CG]   [DIAG] iter=14 posCols=7 newCols=7 effImprove=7 updated=0
    [CG] CG iter 15: obj=2529523.258128, maxRC=30827.897314, +9 cols
    [CG]   [DIAG] iter=15 posCols=9 newCols=9 effImprove=9 updated=0
    [CG] CG iter 16: obj=2536407.517940, maxRC=16472.585955, +6 cols
    [CG]   [DIAG] iter=16 posCols=6 newCols=6 effImprove=6 updated=0
    [CG] CG iter 17: obj=2541898.379925, maxRC=10123.938161, +5 cols
    [CG]   [DIAG] iter=17 posCols=5 newCols=5 effImprove=5 updated=0
    [CG] CG iter 18: obj=2545112.190863, maxRC=3669.180435, +5 cols
    [CG]   [DIAG] iter=18 posCols=5 newCols=5 effImprove=5 updated=0
    [CG] CG iter 19: obj=2545112.190863, maxRC=3561.903030, +3 cols
    [CG]   [DIAG] iter=19 posCols=3 newCols=3 effImprove=3 updated=0
    [CG] CG iter 20: obj=2545921.123864, maxRC=1529.223095, +1 cols
    [CG]   [DIAG] iter=20 posCols=1 newCols=1 effImprove=1 updated=0
    [CG] 列生成收敛，共 21 轮迭代
    [CG] [CG-NODE] depth=0 exit=CERTIFIED certified=1 feasible=1 iters=21 generatedColsBeforeNode=0 newCols=253 posCandidates=254 duplicateCandidates=1 updatedCols=1 zeroObjImproveIters=3 objFirst=862948.636379 objLast=2545921.123864 objGain=1682972.487485 maxRC=2138934.020938 wallSec=0.263857 pricingSec=0.231450 cplexSolveSec=0.008813
      [BB] 分支定界开始，根节点LP obj=2545921.123864，最大节点数=10000
      [BB] 根节点启发式下界 LB=1259831.428461（上界=2545921.123864）
    [CG] [BB-DIAG] 分支 x_{dc=3,retailer=29}, 节点数=1
    [CG] 列生成开始，初始列数=525
    [CG] CG iter 22: obj=2543517.852968, maxRC=22609.952100, +15 cols
    [CG]   [DIAG] iter=22 posCols=15 newCols=14 effImprove=15 updated=1
    [CG] CG iter 23: obj=2543517.852968, maxRC=10308.257935, +12 cols
    [CG]   [DIAG] iter=23 posCols=12 newCols=11 effImprove=12 updated=1
    [CG] CG iter 24: obj=2543517.852968, maxRC=6816.018028, +8 cols
    [CG]   [DIAG] iter=24 posCols=8 newCols=8 effImprove=8 updated=0
    [CG] CG iter 25: obj=2544167.915825, maxRC=3032.298020, +4 cols
    [CG]   [DIAG] iter=25 posCols=4 newCols=3 effImprove=4 updated=1
    [CG] CG iter 26: obj=2544167.915825, maxRC=2365.917039, +1 cols
    [CG]   [DIAG] iter=26 posCols=1 newCols=0 effImprove=1 updated=1
    [CG] CG iter 27: obj=2544505.903974, maxRC=709.237642, +1 cols
    [CG]   [DIAG] iter=27 posCols=1 newCols=1 effImprove=1 updated=0
    [CG] CG iter 28: obj=2544860.522795, maxRC=110.893990, +1 cols
    [CG]   [DIAG] iter=28 posCols=1 newCols=1 effImprove=1 updated=0
    [CG] 列生成收敛，共 29 轮迭代
    [CG] [CG-NODE] depth=1 exit=CERTIFIED certified=1 feasible=1 iters=8 generatedColsBeforeNode=253 newCols=38 posCandidates=42 duplicateCandidates=4 updatedCols=4 zeroObjImproveIters=4 objFirst=2543517.852968 objLast=2544860.522795 objGain=1342.669827 maxRC=22609.952100 wallSec=0.059131 pricingSec=0.053460 cplexSolveSec=0.003721
    [CG] 列生成开始，初始列数=513
    [CG] CG iter 30: obj=2539272.801421, maxRC=36429.047574, +15 cols
    [CG]   [DIAG] iter=30 posCols=15 newCols=15 effImprove=15 updated=0
    [CG] CG iter 31: obj=2539272.801421, maxRC=11365.082576, +6 cols
    [CG]   [DIAG] iter=31 posCols=6 newCols=6 effImprove=6 updated=0
    [CG] CG iter 32: obj=2539272.801421, maxRC=12737.369625, +6 cols
    [CG]   [DIAG] iter=32 posCols=6 newCols=5 effImprove=6 updated=1
    [CG] CG iter 33: obj=2541022.134263, maxRC=7672.769253, +4 cols
    [CG]   [DIAG] iter=33 posCols=4 newCols=4 effImprove=4 updated=0
    [CG] CG iter 34: obj=2545799.979189, maxRC=3264.377885, +3 cols
    [CG]   [DIAG] iter=34 posCols=3 newCols=3 effImprove=3 updated=0
    [CG] CG iter 35: obj=2545799.979189, maxRC=1390.642661, +3 cols
    [CG]   [DIAG] iter=35 posCols=3 newCols=3 effImprove=3 updated=0
    [CG] CG iter 36: obj=2545799.979189, maxRC=497.879700, +2 cols
    [CG]   [DIAG] iter=36 posCols=2 newCols=2 effImprove=2 updated=0
    [CG] CG iter 37: obj=2545799.979189, maxRC=346.224289, +2 cols
    [CG]   [DIAG] iter=37 posCols=2 newCols=2 effImprove=2 updated=0
    [CG] CG iter 38: obj=2545799.979189, maxRC=63.198801, +1 cols
    [CG]   [DIAG] iter=38 posCols=1 newCols=1 effImprove=1 updated=0
    [CG] CG iter 39: obj=2545799.979189, maxRC=35.636901, +1 cols
    [CG]   [DIAG] iter=39 posCols=1 newCols=1 effImprove=1 updated=0
    [CG] 列生成收敛，共 40 轮迭代
    [CG] [CG-NODE] depth=1 exit=CERTIFIED certified=1 feasible=1 iters=11 generatedColsBeforeNode=291 newCols=42 posCandidates=43 duplicateCandidates=1 updatedCols=1 zeroObjImproveIters=8 objFirst=2539272.801421 objLast=2545799.979189 objGain=6527.177768 maxRC=36429.047574 wallSec=0.078051 pricingSec=0.071318 cplexSolveSec=0.004772
    [CG] [BB-INCUMBENT] selection=2 node=1 previous=1259831.428461 value=2545799.979189 active=1
    [CG] [BB-NODESEL] strategy=hybrid choice=dfs eligibleCount=1 active=1 gap=0.000000
      [BB] 分支定界结束：处理 3 节点，剪枝 1，剩余活跃 0，整数解 2，状态=OPTIMAL，最好可行 obj=2545799.979189，gap=0.000000
