    [CG] 列生成开始，初始列数=310
    [CG] CG iter 1: obj=812297.205537, maxRC=1142426.961772, +30 cols
    [CG]   [DIAG] iter=1 posCols=30 newCols=30 effImprove=30 updated=0
    [CG] CG iter 2: obj=1609617.794099, maxRC=331132.791450, +27 cols
    [CG]   [DIAG] iter=2 posCols=27 newCols=27 effImprove=27 updated=0
    [CG] CG iter 3: obj=1757543.237404, maxRC=474744.797452, +28 cols
    [CG]   [DIAG] iter=3 posCols=28 newCols=28 effImprove=28 updated=0
    [CG] CG iter 4: obj=1840480.845816, maxRC=240431.699516, +24 cols
    [CG]   [DIAG] iter=4 posCols=24 newCols=24 effImprove=24 updated=0
    [CG] CG iter 5: obj=1881029.119040, maxRC=169984.030845, +24 cols
    [CG]   [DIAG] iter=5 posCols=24 newCols=24 effImprove=24 updated=0
    [CG] CG iter 6: obj=1976209.356815, maxRC=133122.648898, +22 cols
    [CG]   [DIAG] iter=6 posCols=22 newCols=22 effImprove=22 updated=0
    [CG] CG iter 7: obj=2027061.381981, maxRC=154886.870027, +22 cols
    [CG]   [DIAG] iter=7 posCols=22 newCols=22 effImprove=22 updated=0
    [CG] CG iter 8: obj=2078205.381014, maxRC=125161.973050, +22 cols
    [CG]   [DIAG] iter=8 posCols=22 newCols=22 effImprove=22 updated=0
    [CG] CG iter 9: obj=2121512.544872, maxRC=65108.976652, +21 cols
    [CG]   [DIAG] iter=9 posCols=21 newCols=21 effImprove=21 updated=0
    [CG] CG iter 10: obj=2129246.562878, maxRC=105518.413189, +21 cols
    [CG]   [DIAG] iter=10 posCols=21 newCols=21 effImprove=21 updated=0
    [CG] CG iter 11: obj=2134831.533980, maxRC=61111.481298, +20 cols
    [CG]   [DIAG] iter=11 posCols=20 newCols=20 effImprove=20 updated=0
    [CG] CG iter 12: obj=2155794.991571, maxRC=42327.995297, +15 cols
    [CG]   [DIAG] iter=12 posCols=15 newCols=15 effImprove=15 updated=0
    [CG] CG iter 13: obj=2163553.889407, maxRC=23099.868478, +12 cols
    [CG]   [DIAG] iter=13 posCols=12 newCols=12 effImprove=12 updated=0
    [CG] CG iter 14: obj=2215225.047355, maxRC=30111.588235, +19 cols
    [CG]   [DIAG] iter=14 posCols=19 newCols=19 effImprove=19 updated=0
    [CG] CG iter 15: obj=2215225.047355, maxRC=16459.628077, +13 cols
    [CG]   [DIAG] iter=15 posCols=13 newCols=13 effImprove=13 updated=0
    [CG] CG iter 16: obj=2215225.047355, maxRC=2454.422276, +7 cols
    [CG]   [DIAG] iter=16 posCols=7 newCols=5 effImprove=7 updated=2
    [CG] CG iter 17: obj=2215225.047355, maxRC=632.426095, +2 cols
    [CG]   [DIAG] iter=17 posCols=2 newCols=2 effImprove=2 updated=0
    [CG] CG iter 18: obj=2215225.047355, maxRC=33.119451, +1 cols
    [CG]   [DIAG] iter=18 posCols=1 newCols=1 effImprove=1 updated=0
    [CG] 列生成收敛，共 19 轮迭代
    [CG] [CG-NODE] depth=0 exit=CERTIFIED certified=1 feasible=1 iters=19 generatedColsBeforeNode=0 newCols=328 posCandidates=330 duplicateCandidates=2 updatedCols=2 zeroObjImproveIters=5 objFirst=812297.205537 objLast=2215225.047355 objGain=1402927.841818 maxRC=1142426.961772 wallSec=0.158238 pricingSec=0.146654 cplexSolveSec=0.008015
      [BB] 根节点即为整数解，obj=2215225.047355
