    [CG] 列生成开始，初始列数=310
    [CG] CG iter 1: obj=862830.518900, maxRC=1151908.639208, +30 cols
    [CG]   [DIAG] iter=1 posCols=30 newCols=30 effImprove=30 updated=0
    [CG] CG iter 2: obj=1583378.606813, maxRC=258856.275143, +29 cols
    [CG]   [DIAG] iter=2 posCols=29 newCols=29 effImprove=29 updated=0
    [CG] CG iter 3: obj=1872616.283392, maxRC=435155.265333, +30 cols
    [CG]   [DIAG] iter=3 posCols=30 newCols=30 effImprove=30 updated=0
    [CG] CG iter 4: obj=1891768.794217, maxRC=211741.342528, +30 cols
    [CG]   [DIAG] iter=4 posCols=30 newCols=30 effImprove=30 updated=0
    [CG] CG iter 5: obj=1940604.947861, maxRC=133500.125911, +26 cols
    [CG]   [DIAG] iter=5 posCols=26 newCols=26 effImprove=26 updated=0
    [CG] CG iter 6: obj=1981494.927682, maxRC=94869.923510, +23 cols
    [CG]   [DIAG] iter=6 posCols=23 newCols=23 effImprove=23 updated=0
    [CG] CG iter 7: obj=2056703.426628, maxRC=85831.571443, +22 cols
    [CG]   [DIAG] iter=7 posCols=22 newCols=22 effImprove=22 updated=0
    [CG] CG iter 8: obj=2112800.997174, maxRC=94421.517814, +24 cols
    [CG]   [DIAG] iter=8 posCols=24 newCols=24 effImprove=24 updated=0
    [CG] CG iter 9: obj=2134785.602018, maxRC=54644.593487, +19 cols
    [CG]   [DIAG] iter=9 posCols=19 newCols=19 effImprove=19 updated=0
    [CG] CG iter 10: obj=2166179.401024, maxRC=50471.100528, +16 cols
    [CG]   [DIAG] iter=10 posCols=16 newCols=16 effImprove=16 updated=0
    [CG] CG iter 11: obj=2188174.257318, maxRC=24183.178502, +19 cols
    [CG]   [DIAG] iter=11 posCols=19 newCols=19 effImprove=19 updated=0
    [CG] CG iter 12: obj=2217136.691548, maxRC=19233.094158, +9 cols
    [CG]   [DIAG] iter=12 posCols=9 newCols=8 effImprove=9 updated=1
    [CG] CG iter 13: obj=2217136.691548, maxRC=15553.258268, +5 cols
    [CG]   [DIAG] iter=13 posCols=5 newCols=4 effImprove=5 updated=1
    [CG] CG iter 14: obj=2217136.691548, maxRC=10011.040206, +3 cols
    [CG]   [DIAG] iter=14 posCols=3 newCols=3 effImprove=3 updated=0
    [CG] 列生成收敛，共 15 轮迭代
    [CG] [CG-NODE] depth=0 exit=CERTIFIED certified=1 feasible=1 iters=15 generatedColsBeforeNode=0 newCols=283 posCandidates=285 duplicateCandidates=2 updatedCols=2 zeroObjImproveIters=3 objFirst=862830.518900 objLast=2217136.691548 objGain=1354306.172647 maxRC=1151908.639208 wallSec=0.142520 pricingSec=0.132960 cplexSolveSec=0.006647
      [BB] 根节点即为整数解，obj=2217136.691548
