    [CG] 列生成开始，初始列数=310
    [CG] CG iter 1: obj=839757.671891, maxRC=1092336.813276, +30 cols
    [CG]   [DIAG] iter=1 posCols=30 newCols=30 effImprove=30 updated=0
    [CG] CG iter 2: obj=1555601.385217, maxRC=278824.920804, +30 cols
    [CG]   [DIAG] iter=2 posCols=30 newCols=30 effImprove=30 updated=0
    [CG] CG iter 3: obj=1778656.393486, maxRC=397122.595363, +27 cols
    [CG]   [DIAG] iter=3 posCols=27 newCols=27 effImprove=27 updated=0
    [CG] CG iter 4: obj=1807333.158087, maxRC=314804.983850, +27 cols
    [CG]   [DIAG] iter=4 posCols=27 newCols=27 effImprove=27 updated=0
    [CG] CG iter 5: obj=1872403.226227, maxRC=110608.550491, +24 cols
    [CG]   [DIAG] iter=5 posCols=24 newCols=24 effImprove=24 updated=0
    [CG] CG iter 6: obj=2029008.757353, maxRC=75089.907991, +22 cols
    [CG]   [DIAG] iter=6 posCols=22 newCols=22 effImprove=22 updated=0
    [CG] CG iter 7: obj=2084652.964636, maxRC=68019.001658, +22 cols
    [CG]   [DIAG] iter=7 posCols=22 newCols=22 effImprove=22 updated=0
    [CG] CG iter 8: obj=2138852.193537, maxRC=43396.583611, +22 cols
    [CG]   [DIAG] iter=8 posCols=22 newCols=22 effImprove=22 updated=0
    [CG] CG iter 9: obj=2180422.793506, maxRC=29495.580401, +16 cols
    [CG]   [DIAG] iter=9 posCols=16 newCols=14 effImprove=16 updated=2
    [CG] CG iter 10: obj=2186358.803390, maxRC=30799.240723, +14 cols
    [CG]   [DIAG] iter=10 posCols=14 newCols=14 effImprove=14 updated=0
    [CG] CG iter 11: obj=2188149.281040, maxRC=20544.896817, +7 cols
    [CG]   [DIAG] iter=11 posCols=7 newCols=7 effImprove=7 updated=0
    [CG] CG iter 12: obj=2188149.281040, maxRC=17353.006445, +13 cols
    [CG]   [DIAG] iter=12 posCols=13 newCols=13 effImprove=13 updated=0
    [CG] CG iter 13: obj=2188169.747960, maxRC=6805.137476, +5 cols
    [CG]   [DIAG] iter=13 posCols=5 newCols=4 effImprove=5 updated=1
    [CG] CG iter 14: obj=2195142.497975, maxRC=3829.920090, +3 cols
    [CG]   [DIAG] iter=14 posCols=3 newCols=3 effImprove=3 updated=0
    [CG] CG iter 15: obj=2195142.497975, maxRC=3587.343458, +2 cols
    [CG]   [DIAG] iter=15 posCols=2 newCols=2 effImprove=2 updated=0
    [CG] CG iter 16: obj=2195142.497975, maxRC=112.452146, +1 cols
    [CG]   [DIAG] iter=16 posCols=1 newCols=1 effImprove=1 updated=0
    [CG] 列生成收敛，共 17 轮迭代
    [CG] [CG-NODE] depth=0 exit=CERTIFIED certified=1 feasible=1 iters=17 generatedColsBeforeNode=0 newCols=262 posCandidates=265 duplicateCandidates=3 updatedCols=3 zeroObjImproveIters=4 objFirst=839757.671891 objLast=2195142.497975 objGain=1355384.826083 maxRC=1092336.813276 wallSec=0.167574 pricingSec=0.155262 cplexSolveSec=0.007653
      [BB] 根节点即为整数解，obj=2195142.497975
