    [CG] 列生成开始，初始列数=310
    [CG] CG iter 1: obj=862218.724668, maxRC=1155711.362717, +30 cols
    [CG]   [DIAG] iter=1 posCols=30 newCols=30 effImprove=30 updated=0
    [CG] CG iter 2: obj=1586135.173942, maxRC=257972.234534, +29 cols
    [CG]   [DIAG] iter=2 posCols=29 newCols=29 effImprove=29 updated=0
    [CG] CG iter 3: obj=1875098.186380, maxRC=395295.073719, +30 cols
    [CG]   [DIAG] iter=3 posCols=30 newCols=30 effImprove=30 updated=0
    [CG] CG iter 4: obj=1909041.249593, maxRC=197634.452697, +24 cols
    [CG]   [DIAG] iter=4 posCols=24 newCols=24 effImprove=24 updated=0
    [CG] CG iter 5: obj=1954872.467653, maxRC=151255.387610, +25 cols
    [CG]   [DIAG] iter=5 posCols=25 newCols=24 effImprove=25 updated=1
    [CG] CG iter 6: obj=1995451.169541, maxRC=80434.734969, +21 cols
    [CG]   [DIAG] iter=6 posCols=21 newCols=21 effImprove=21 updated=0
    [CG] CG iter 7: obj=2069381.943929, maxRC=154730.768538, +21 cols
    [CG]   [DIAG] iter=7 posCols=21 newCols=21 effImprove=21 updated=0
    [CG] CG iter 8: obj=2111980.243638, maxRC=79246.551595, +21 cols
    [CG]   [DIAG] iter=8 posCols=21 newCols=21 effImprove=21 updated=0
    [CG] CG iter 9: obj=2144747.632191, maxRC=33623.427243, +19 cols
    [CG]   [DIAG] iter=9 posCols=19 newCols=19 effImprove=19 updated=0
    [CG] CG iter 10: obj=2182036.108410, maxRC=26026.502541, +19 cols
    [CG]   [DIAG] iter=10 posCols=19 newCols=19 effImprove=19 updated=0
    [CG] CG iter 11: obj=2208062.610951, maxRC=10118.612164, +17 cols
    [CG]   [DIAG] iter=11 posCols=17 newCols=15 effImprove=17 updated=2
    [CG] CG iter 12: obj=2216338.280120, maxRC=6835.503405, +8 cols
    [CG]   [DIAG] iter=12 posCols=8 newCols=6 effImprove=8 updated=2
    [CG] CG iter 13: obj=2216338.280120, maxRC=2834.723432, +4 cols
    [CG]   [DIAG] iter=13 posCols=4 newCols=4 effImprove=4 updated=0
    [CG] CG iter 14: obj=2216338.280120, maxRC=72.135898, +1 cols
    [CG]   [DIAG] iter=14 posCols=1 newCols=0 effImprove=1 updated=1
    [CG] 列生成收敛，共 15 轮迭代
    [CG] [CG-NODE] depth=0 exit=CERTIFIED certified=1 feasible=1 iters=15 generatedColsBeforeNode=0 newCols=263 posCandidates=269 duplicateCandidates=6 updatedCols=6 zeroObjImproveIters=3 objFirst=862218.724668 objLast=2216338.280120 objGain=1354119.555451 maxRC=1155711.362717 wallSec=0.134364 pricingSec=0.125538 cplexSolveSec=0.005853
      [BB] 根节点即为整数解，obj=2216338.280120
