    [CG] 列生成开始，初始列数=310
    [CG] CG iter 1: obj=848065.009513, maxRC=1151694.128248, +30 cols
    [CG]   [DIAG] iter=1 posCols=30 newCols=30 effImprove=30 updated=0
    [CG] CG iter 2: obj=1566597.515341, maxRC=258236.741658, +29 cols
    [CG]   [DIAG] iter=2 posCols=29 newCols=29 effImprove=29 updated=0
    [CG] CG iter 3: obj=1884154.595659, maxRC=302414.501399, +30 cols
    [CG]   [DIAG] iter=3 posCols=30 newCols=30 effImprove=30 updated=0
    [CG] CG iter 4: obj=1921335.883100, maxRC=138755.133342, +23 cols
    [CG]   [DIAG] iter=4 posCols=23 newCols=23 effImprove=23 updated=0
    [CG] CG iter 5: obj=1979284.976234, maxRC=97756.116505, +23 cols
    [CG]   [DIAG] iter=5 posCols=23 newCols=23 effImprove=23 updated=0
    [CG] CG iter 6: obj=2061059.705651, maxRC=124329.512263, +23 cols
    [CG]   [DIAG] iter=6 posCols=23 newCols=22 effImprove=23 updated=1
    [CG] CG iter 7: obj=2083885.874133, maxRC=61140.680747, +26 cols
    [CG]   [DIAG] iter=7 posCols=26 newCols=26 effImprove=26 updated=0
    [CG] CG iter 8: obj=2137332.067077, maxRC=33160.171724, +20 cols
    [CG]   [DIAG] iter=8 posCols=20 newCols=20 effImprove=20 updated=0
    [CG] CG iter 9: obj=2162566.169740, maxRC=20606.317205, +13 cols
    [CG]   [DIAG] iter=9 posCols=13 newCols=13 effImprove=13 updated=0
    [CG] CG iter 10: obj=2173834.846243, maxRC=20581.863490, +8 cols
    [CG]   [DIAG] iter=10 posCols=8 newCols=7 effImprove=8 updated=1
    [CG] CG iter 11: obj=2181447.813111, maxRC=5424.832530, +6 cols
    [CG]   [DIAG] iter=11 posCols=6 newCols=6 effImprove=6 updated=0
    [CG] 列生成收敛，共 12 轮迭代
    [CG] [CG-NODE] depth=0 exit=CERTIFIED certified=1 feasible=1 iters=12 generatedColsBeforeNode=0 newCols=229 posCandidates=231 duplicateCandidates=2 updatedCols=2 zeroObjImproveIters=0 objFirst=848065.009513 objLast=2187532.503707 objGain=1339467.494194 maxRC=1151694.128248 wallSec=0.122457 pricingSec=0.112944 cplexSolveSec=0.005536
      [BB] 根节点即为整数解，obj=2187532.503707
