    [CG] 列生成开始，初始列数=310
    [CG] CG iter 1: obj=566849.191334, maxRC=1118616.059237, +30 cols
    [CG]   [DIAG] iter=1 posCols=30 newCols=30 effImprove=30 updated=0
    [CG] CG iter 2: obj=1331237.632629, maxRC=393163.303602, +27 cols
    [CG]   [DIAG] iter=2 posCols=27 newCols=27 effImprove=27 updated=0
    [CG] CG iter 3: obj=1461576.332421, maxRC=222337.757560, +27 cols
    [CG]   [DIAG] iter=3 posCols=27 newCols=27 effImprove=27 updated=0
    [CG] CG iter 4: obj=1506726.508232, maxRC=480330.326033, +30 cols
    [CG]   [DIAG] iter=4 posCols=30 newCols=30 effImprove=30 updated=0
    [CG] CG iter 5: obj=1571908.785179, maxRC=173335.115322, +27 cols
    [CG]   [DIAG] iter=5 posCols=27 newCols=27 effImprove=27 updated=0
    [CG] CG iter 6: obj=1584734.195676, maxRC=335453.826032, +28 cols
    [CG]   [DIAG] iter=6 posCols=28 newCols=28 effImprove=28 updated=0
    [CG] CG iter 7: obj=1618397.917589, maxRC=151054.434837, +24 cols
    [CG]   [DIAG] iter=7 posCols=24 newCols=24 effImprove=24 updated=0
    [CG] CG iter 8: obj=1696559.244554, maxRC=110905.344484, +24 cols
    [CG]   [DIAG] iter=8 posCols=24 newCols=24 effImprove=24 updated=0
    [CG] CG iter 9: obj=1746758.050120, maxRC=141302.902287, +24 cols
    [CG]   [DIAG] iter=9 posCols=24 newCols=24 effImprove=24 updated=0
    [CG] CG iter 10: obj=1817409.501264, maxRC=151545.236129, +24 cols
    [CG]   [DIAG] iter=10 posCols=24 newCols=24 effImprove=24 updated=0
    [CG] CG iter 11: obj=1817409.501264, maxRC=136235.226688, +21 cols
    [CG]   [DIAG] iter=11 posCols=21 newCols=21 effImprove=21 updated=0
    [CG] CG iter 12: obj=1817409.501264, maxRC=93274.166659, +20 cols
    [CG]   [DIAG] iter=12 posCols=20 newCols=20 effImprove=20 updated=0
    [CG] CG iter 13: obj=1817409.501264, maxRC=55456.162961, +20 cols
    [CG]   [DIAG] iter=13 posCols=20 newCols=20 effImprove=20 updated=0
    [CG] CG iter 14: obj=1832348.812853, maxRC=51142.728763, +16 cols
    [CG]   [DIAG] iter=14 posCols=16 newCols=16 effImprove=16 updated=0
    [CG] CG iter 15: obj=1835378.857373, maxRC=31304.683155, +16 cols
    [CG]   [DIAG] iter=15 posCols=16 newCols=16 effImprove=16 updated=0
    [CG] CG iter 16: obj=1846457.576080, maxRC=15313.351516, +14 cols
    [CG]   [DIAG] iter=16 posCols=14 newCols=14 effImprove=14 updated=0
    [CG] CG iter 17: obj=1860773.039905, maxRC=66157.461557, +20 cols
    [CG]   [DIAG] iter=17 posCols=20 newCols=20 effImprove=20 updated=0
    [CG] CG iter 18: obj=1860773.039905, maxRC=27313.858925, +16 cols
    [CG]   [DIAG] iter=18 posCols=16 newCols=16 effImprove=16 updated=0
    [CG] CG iter 19: obj=1860773.039905, maxRC=24871.082145, +13 cols
    [CG]   [DIAG] iter=19 posCols=13 newCols=13 effImprove=13 updated=0
    [CG] CG iter 20: obj=1860773.039905, maxRC=13042.929956, +9 cols
    [CG]   [DIAG] iter=20 posCols=9 newCols=9 effImprove=9 updated=0
    [CG] CG iter 21: obj=1862818.295665, maxRC=13305.745907, +8 cols
    [CG]   [DIAG] iter=21 posCols=8 newCols=8 effImprove=8 updated=0
    [CG] CG iter 22: obj=1862818.295665, maxRC=4530.108894, +4 cols
    [CG]   [DIAG] iter=22 posCols=4 newCols=4 effImprove=4 updated=0
    [CG] CG iter 23: obj=1862818.295665, maxRC=1386.864929, +3 cols
    [CG]   [DIAG] iter=23 posCols=3 newCols=3 effImprove=3 updated=0
    [CG] CG iter 24: obj=1862818.295665, maxRC=410.069970, +1 cols
    [CG]   [DIAG] iter=24 posCols=1 newCols=1 effImprove=1 updated=0
    [CG] 列生成收敛，共 25 轮迭代
    [CG] [CG-NODE] depth=0 exit=CERTIFIED certified=1 feasible=1 iters=25 generatedColsBeforeNode=0 newCols=446 posCandidates=446 duplicateCandidates=0 updatedCols=0 zeroObjImproveIters=10 objFirst=566849.191334 objLast=1862818.295665 objGain=1295969.104330 maxRC=1118616.059237 wallSec=0.551904 pricingSec=0.532778 cplexSolveSec=0.013018
      [BB] 根节点即为整数解，obj=1862818.295665
