    [CG] 列生成开始，初始列数=310
    [CG] CG iter 1: obj=848049.500205, maxRC=1091858.791377, +30 cols
    [CG]   [DIAG] iter=1 posCols=30 newCols=30 effImprove=30 updated=0
    [CG] CG iter 2: obj=1564809.459546, maxRC=314924.006474, +30 cols
    [CG]   [DIAG] iter=2 posCols=30 newCols=30 effImprove=30 updated=0
    [CG] CG iter 3: obj=1785557.414578, maxRC=311168.935506, +27 cols
    [CG]   [DIAG] iter=3 posCols=27 newCols=27 effImprove=27 updated=0
    [CG] CG iter 4: obj=1841342.006080, maxRC=208262.489553, +27 cols
    [CG]   [DIAG] iter=4 posCols=27 newCols=27 effImprove=27 updated=0
    [CG] CG iter 5: obj=1904603.783176, maxRC=129804.588772, +25 cols
    [CG]   [DIAG] iter=5 posCols=25 newCols=25 effImprove=25 updated=0
    [CG] CG iter 6: obj=1967616.758830, maxRC=108996.965200, +22 cols
    [CG]   [DIAG] iter=6 posCols=22 newCols=22 effImprove=22 updated=0
    [CG] CG iter 7: obj=2059301.854211, maxRC=78686.918545, +22 cols
    [CG]   [DIAG] iter=7 posCols=22 newCols=22 effImprove=22 updated=0
    [CG] CG iter 8: obj=2075569.268337, maxRC=80516.445144, +22 cols
    [CG]   [DIAG] iter=8 posCols=22 newCols=22 effImprove=22 updated=0
    [CG] CG iter 9: obj=2125615.649277, maxRC=46695.135931, +21 cols
    [CG]   [DIAG] iter=9 posCols=21 newCols=21 effImprove=21 updated=0
    [CG] CG iter 10: obj=2132670.807506, maxRC=45135.083664, +17 cols
    [CG]   [DIAG] iter=10 posCols=17 newCols=15 effImprove=17 updated=2
    [CG] CG iter 11: obj=2160190.713253, maxRC=59299.839785, +15 cols
    [CG]   [DIAG] iter=11 posCols=15 newCols=15 effImprove=15 updated=0
    [CG] CG iter 12: obj=2170870.792656, maxRC=20580.560569, +11 cols
    [CG]   [DIAG] iter=12 posCols=11 newCols=11 effImprove=11 updated=0
    [CG] CG iter 13: obj=2170870.792656, maxRC=17550.065360, +7 cols
    [CG]   [DIAG] iter=13 posCols=7 newCols=7 effImprove=7 updated=0
    [CG] CG iter 14: obj=2173171.025861, maxRC=19500.709364, +5 cols
    [CG]   [DIAG] iter=14 posCols=5 newCols=5 effImprove=5 updated=0
    [CG] CG iter 15: obj=2192671.735226, maxRC=7955.636993, +4 cols
    [CG]   [DIAG] iter=15 posCols=4 newCols=4 effImprove=4 updated=0
    [CG] 列生成收敛，共 16 轮迭代
    [CG] [CG-NODE] depth=0 exit=CERTIFIED certified=1 feasible=1 iters=16 generatedColsBeforeNode=0 newCols=283 posCandidates=285 duplicateCandidates=2 updatedCols=2 zeroObjImproveIters=2 objFirst=848049.500205 objLast=2192671.735226 objGain=1344622.235021 maxRC=1091858.791377 wallSec=0.149243 pricingSec=0.136706 cplexSolveSec=0.008012
      [BB] 根节点即为整数解，obj=2192671.735226
