    [CG] 列生成开始，初始列数=310
    [CG] CG iter 1: obj=797366.043439, maxRC=1089971.208005, +30 cols
    [CG]   [DIAG] iter=1 posCols=30 newCols=30 effImprove=30 updated=0
    [CG] CG iter 2: obj=1555598.186673, maxRC=262034.069841, +29 cols
    [CG]   [DIAG] iter=2 posCols=29 newCols=29 effImprove=29 updated=0
    [CG] CG iter 3: obj=1765234.046982, maxRC=416595.138707, +30 cols
    [CG]   [DIAG] iter=3 posCols=30 newCols=30 effImprove=30 updated=0
    [CG] CG iter 4: obj=1777310.683619, maxRC=357028.881582, +28 cols
    [CG]   [DIAG] iter=4 posCols=28 newCols=28 effImprove=28 updated=0
    [CG] CG iter 5: obj=1828808.036216, maxRC=202328.695964, +24 cols
    [CG]   [DIAG] iter=5 posCols=24 newCols=24 effImprove=24 updated=0
    [CG] CG iter 6: obj=1882201.279166, maxRC=183287.543108, +21 cols
    [CG]   [DIAG] iter=6 posCols=21 newCols=21 effImprove=21 updated=0
    [CG] CG iter 7: obj=1920517.804674, maxRC=153608.452144, +22 cols
    [CG]   [DIAG] iter=7 posCols=22 newCols=22 effImprove=22 updated=0
    [CG] CG iter 8: obj=1978609.304906, maxRC=71650.404252, +21 cols
    [CG]   [DIAG] iter=8 posCols=21 newCols=21 effImprove=21 updated=0
    [CG] CG iter 9: obj=2021298.286945, maxRC=143438.632714, +20 cols
    [CG]   [DIAG] iter=9 posCols=20 newCols=20 effImprove=20 updated=0
    [CG] CG iter 10: obj=2046183.477384, maxRC=86257.392075, +21 cols
    [CG]   [DIAG] iter=10 posCols=21 newCols=21 effImprove=21 updated=0
    [CG] CG iter 11: obj=2093563.565166, maxRC=76739.720473, +19 cols
    [CG]   [DIAG] iter=11 posCols=19 newCols=19 effImprove=19 updated=0
    [CG] CG iter 12: obj=2101637.332476, maxRC=89339.887465, +20 cols
    [CG]   [DIAG] iter=12 posCols=20 newCols=20 effImprove=20 updated=0
    [CG] CG iter 13: obj=2139799.671864, maxRC=61594.806199, +21 cols
    [CG]   [DIAG] iter=13 posCols=21 newCols=21 effImprove=21 updated=0
    [CG] CG iter 14: obj=2139799.671864, maxRC=27569.241650, +14 cols
    [CG]   [DIAG] iter=14 posCols=14 newCols=13 effImprove=14 updated=1
    [CG] CG iter 15: obj=2155504.147630, maxRC=20740.493487, +11 cols
    [CG]   [DIAG] iter=15 posCols=11 newCols=11 effImprove=11 updated=0
    [CG] CG iter 16: obj=2155504.147630, maxRC=27751.453848, +10 cols
    [CG]   [DIAG] iter=16 posCols=10 newCols=10 effImprove=10 updated=0
    [CG] CG iter 17: obj=2155504.147630, maxRC=19965.149459, +9 cols
    [CG]   [DIAG] iter=17 posCols=9 newCols=9 effImprove=9 updated=0
    [CG] CG iter 18: obj=2155504.147630, maxRC=14545.917683, +8 cols
    [CG]   [DIAG] iter=18 posCols=8 newCols=8 effImprove=8 updated=0
    [CG] CG iter 19: obj=2156404.791631, maxRC=11445.771146, +6 cols
    [CG]   [DIAG] iter=19 posCols=6 newCols=6 effImprove=6 updated=0
    [CG] CG iter 20: obj=2156404.791631, maxRC=2783.181492, +2 cols
    [CG]   [DIAG] iter=20 posCols=2 newCols=2 effImprove=2 updated=0
    [CG] CG iter 21: obj=2156404.791631, maxRC=1671.713303, +2 cols
    [CG]   [DIAG] iter=21 posCols=2 newCols=2 effImprove=2 updated=0
    [CG] CG iter 22: obj=2156404.791631, maxRC=1182.727424, +1 cols
    [CG]   [DIAG] iter=22 posCols=1 newCols=1 effImprove=1 updated=0
    [CG] 列生成收敛，共 23 轮迭代
    [CG] [CG-NODE] depth=0 exit=CERTIFIED certified=1 feasible=1 iters=23 generatedColsBeforeNode=0 newCols=368 posCandidates=369 duplicateCandidates=1 updatedCols=1 zeroObjImproveIters=8 objFirst=797366.043439 objLast=2156404.791631 objGain=1359038.748191 maxRC=1089971.208005 wallSec=0.170857 pricingSec=0.156668 cplexSolveSec=0.009900
      [BB] 根节点即为整数解，obj=2156404.791631
