    [CG] 列生成开始，初始列数=310
    [CG] CG iter 1: obj=366661.282387, maxRC=1246791.321278, +30 cols
    [CG]   [DIAG] iter=1 posCols=30 newCols=30 effImprove=30 updated=0
    [CG] CG iter 2: obj=1343708.945940, maxRC=507066.122405, +21 cols
    [CG]   [DIAG] iter=2 posCols=21 newCols=21 effImprove=21 updated=0
    [CG] CG iter 3: obj=1369633.676179, maxRC=577316.549882, +24 cols
    [CG]   [DIAG] iter=3 posCols=24 newCols=24 effImprove=24 updated=0
    [CG] CG iter 4: obj=1388297.592363, maxRC=526557.076436, +28 cols
    [CG]   [DIAG] iter=4 posCols=28 newCols=28 effImprove=28 updated=0
    [CG] CG iter 5: obj=1428366.344322, maxRC=527379.045291, +26 cols
    [CG]   [DIAG] iter=5 posCols=26 newCols=26 effImprove=26 updated=0
    [CG] CG iter 6: obj=1428455.374510, maxRC=524460.981318, +24 cols
    [CG]   [DIAG] iter=6 posCols=24 newCols=24 effImprove=24 updated=0
    [CG] CG iter 7: obj=1459685.621669, maxRC=437878.267510, +21 cols
    [CG]   [DIAG] iter=7 posCols=21 newCols=21 effImprove=21 updated=0
    [CG] CG iter 8: obj=1488693.071711, maxRC=226447.601478, +22 cols
    [CG]   [DIAG] iter=8 posCols=22 newCols=22 effImprove=22 updated=0
    [CG] CG iter 9: obj=1502572.485602, maxRC=141965.339856, +21 cols
    [CG]   [DIAG] iter=9 posCols=21 newCols=21 effImprove=21 updated=0
    [CG] CG iter 10: obj=1530994.278389, maxRC=212639.860800, +18 cols
    [CG]   [DIAG] iter=10 posCols=18 newCols=18 effImprove=18 updated=0
    [CG] CG iter 11: obj=1552747.400676, maxRC=224071.385004, +18 cols
    [CG]   [DIAG] iter=11 posCols=18 newCols=18 effImprove=18 updated=0
    [CG] CG iter 12: obj=1562063.948129, maxRC=121284.366862, +18 cols
    [CG]   [DIAG] iter=12 posCols=18 newCols=18 effImprove=18 updated=0
    [CG] CG iter 13: obj=1569190.217223, maxRC=133248.912690, +16 cols
    [CG]   [DIAG] iter=13 posCols=16 newCols=15 effImprove=16 updated=1
    [CG] CG iter 14: obj=1583720.922901, maxRC=97194.099923, +16 cols
    [CG]   [DIAG] iter=14 posCols=16 newCols=16 effImprove=16 updated=0
    [CG] CG iter 15: obj=1586964.432543, maxRC=84057.983821, +16 cols
    [CG]   [DIAG] iter=15 posCols=16 newCols=16 effImprove=16 updated=0
    [CG] CG iter 16: obj=1602097.396486, maxRC=101136.670267, +12 cols
    [CG]   [DIAG] iter=16 posCols=12 newCols=12 effImprove=12 updated=0
    [CG] CG iter 17: obj=1611278.361019, maxRC=91529.554951, +14 cols
    [CG]   [DIAG] iter=17 posCols=14 newCols=14 effImprove=14 updated=0
    [CG] CG iter 18: obj=1623397.411780, maxRC=52018.564206, +13 cols
    [CG]   [DIAG] iter=18 posCols=13 newCols=13 effImprove=13 updated=0
    [CG] CG iter 19: obj=1630179.259816, maxRC=32067.653226, +12 cols
    [CG]   [DIAG] iter=19 posCols=12 newCols=12 effImprove=12 updated=0
    [CG] CG iter 20: obj=1637244.626586, maxRC=41471.665831, +12 cols
    [CG]   [DIAG] iter=20 posCols=12 newCols=12 effImprove=12 updated=0
    [CG] CG iter 21: obj=1637244.626586, maxRC=13845.380047, +6 cols
    [CG]   [DIAG] iter=21 posCols=6 newCols=6 effImprove=6 updated=0
    [CG] CG iter 22: obj=1640012.816970, maxRC=36832.069828, +9 cols
    [CG]   [DIAG] iter=22 posCols=9 newCols=9 effImprove=9 updated=0
    [CG] CG iter 23: obj=1640999.680285, maxRC=17560.062270, +2 cols
    [CG]   [DIAG] iter=23 posCols=2 newCols=2 effImprove=2 updated=0
    [CG] CG iter 24: obj=1640999.680285, maxRC=22318.576778, +2 cols
    [CG]   [DIAG] iter=24 posCols=2 newCols=2 effImprove=2 updated=0
    [CG] CG iter 25: obj=1641945.418558, maxRC=11925.217552, +3 cols
    [CG]   [DIAG] iter=25 posCols=3 newCols=3 effImprove=3 updated=0
    [CG] CG iter 26: obj=1642306.788787, maxRC=9257.875868, +1 cols
    [CG]   [DIAG] iter=26 posCols=1 newCols=1 effImprove=1 updated=0
    [CG] CG iter 27: obj=1646935.726721, maxRC=9442.925045, +2 cols
    [CG]   [DIAG] iter=27 posCols=2 newCols=2 effImprove=2 updated=0
    [CG] CG iter 28: obj=1646935.726721, maxRC=14519.683729, +5 cols
    [CG]   [DIAG] iter=28 posCols=5 newCols=5 effImprove=5 updated=0
    [CG] CG iter 29: obj=1646935.726721, maxRC=7693.770943, +2 cols
    [CG]   [DIAG] iter=29 posCols=2 newCols=2 effImprove=2 updated=0
    [CG] CG iter 30: obj=1646935.726721, maxRC=8326.535588, +2 cols
    [CG]   [DIAG] iter=30 posCols=2 newCols=2 effImprove=2 updated=0
    [CG] CG iter 31: obj=1646935.726721, maxRC=5643.383133, +1 cols
    [CG]   [DIAG] iter=31 posCols=1 newCols=1 effImprove=1 updated=0
    [CG] CG iter 32: obj=1646935.726721, maxRC=3320.739276, +1 cols
    [CG]   [DIAG] iter=32 posCols=1 newCols=1 effImprove=1 updated=0
    [CG] CG iter 33: obj=1646935.726721, maxRC=3598.035102, +1 cols
    [CG]   [DIAG] iter=33 posCols=1 newCols=1 effImprove=1 updated=0
    [CG] CG iter 34: obj=1646935.726721, maxRC=2375.915184, +1 cols
    [CG]   [DIAG] iter=34 posCols=1 newCols=1 effImprove=1 updated=0
    [CG] CG iter 35: obj=1649311.641905, maxRC=2679.203834, +2 cols
    [CG]   [DIAG] iter=35 posCols=2 newCols=2 effImprove=2 updated=0
    [CG] CG iter 36: obj=1649311.641905, maxRC=952.241415, +1 cols
    [CG]   [DIAG] iter=36 posCols=1 newCols=1 effImprove=1 updated=0
    [CG] CG iter 37: obj=1649311.641905, maxRC=520.149874, +1 cols
    [CG]   [DIAG] iter=37 posCols=1 newCols=1 effImprove=1 updated=0
    [CG] CG iter 38: obj=1649311.641905, maxRC=1058.669073, +1 cols
    [CG]   [DIAG] iter=38 posCols=1 newCols=1 effImprove=1 updated=0
    [CG] CG iter 39: obj=1649311.641905, maxRC=509.331460, +1 cols
    [CG]   [DIAG] iter=39 posCols=1 newCols=1 effImprove=1 updated=0
    [CG] CG iter 40: obj=1649311.641905, maxRC=465.782276, +1 cols
    [CG]   [DIAG] iter=40 posCols=1 newCols=1 effImprove=1 updated=0
    [CG] CG iter 41: obj=1649311.641905, maxRC=321.851306, +1 cols
    [CG]   [DIAG] iter=41 posCols=1 newCols=1 effImprove=1 updated=0
    [CG] CG iter 42: obj=1649311.641905, maxRC=198.194752, +1 cols
    [CG]   [DIAG] iter=42 posCols=1 newCols=1 effImprove=1 updated=0
    [CG] 列生成收敛，共 43 轮迭代
    [CG] [CG-NODE] depth=0 exit=CERTIFIED certified=1 feasible=1 iters=43 generatedColsBeforeNode=0 newCols=428 posCandidates=429 duplicateCandidates=1 updatedCols=1 zeroObjImproveIters=17 objFirst=366661.282387 objLast=1649311.641905 objGain=1282650.359518 maxRC=1246791.321278 wallSec=1.486988 pricingSec=1.444502 cplexSolveSec=0.017246
      [BB] 根节点即为整数解，obj=1649311.641905
