    [CG] 列生成开始，初始列数=310
    [CG] CG iter 1: obj=865860.647496, maxRC=1155603.899210, +30 cols
    [CG]   [DIAG] iter=1 posCols=30 newCols=30 effImprove=30 updated=0
    [CG] CG iter 2: obj=1589032.342064, maxRC=264268.245196, +29 cols
    [CG]   [DIAG] iter=2 posCols=29 newCols=29 effImprove=29 updated=0
    [CG] CG iter 3: obj=1899470.061888, maxRC=233843.996301, +29 cols
    [CG]   [DIAG] iter=3 posCols=29 newCols=29 effImprove=29 updated=0
    [CG] CG iter 4: obj=1935679.072553, maxRC=140778.374604, +25 cols
    [CG]   [DIAG] iter=4 posCols=25 newCols=24 effImprove=25 updated=1
    [CG] CG iter 5: obj=1986182.401119, maxRC=112836.469296, +22 cols
    [CG]   [DIAG] iter=5 posCols=22 newCols=22 effImprove=22 updated=0
    [CG] CG iter 6: obj=2067917.191929, maxRC=100118.094937, +23 cols
    [CG]   [DIAG] iter=6 posCols=23 newCols=23 effImprove=23 updated=0
    [CG] CG iter 7: obj=2166349.477030, maxRC=66186.520233, +22 cols
    [CG]   [DIAG] iter=7 posCols=22 newCols=22 effImprove=22 updated=0
    [CG] CG iter 8: obj=2172520.541945, maxRC=41114.251921, +20 cols
    [CG]   [DIAG] iter=8 posCols=20 newCols=20 effImprove=20 updated=0
    [CG] CG iter 9: obj=2184855.007903, maxRC=25159.348535, +17 cols
    [CG]   [DIAG] iter=9 posCols=17 newCols=17 effImprove=17 updated=0
    [CG] CG iter 10: obj=2203773.366930, maxRC=13219.568978, +9 cols
    [CG]   [DIAG] iter=10 posCols=9 newCols=9 effImprove=9 updated=0
    [CG] CG iter 11: obj=2203941.715194, maxRC=18590.623298, +8 cols
    [CG]   [DIAG] iter=11 posCols=8 newCols=8 effImprove=8 updated=0
    [CG] CG iter 12: obj=2203941.715194, maxRC=3887.505486, +1 cols
    [CG]   [DIAG] iter=12 posCols=1 newCols=1 effImprove=1 updated=0
    [CG] CG iter 13: obj=2203941.715194, maxRC=2119.472280, +2 cols
    [CG]   [DIAG] iter=13 posCols=2 newCols=2 effImprove=2 updated=0
    [CG] 列生成收敛，共 14 轮迭代
    [CG] [CG-NODE] depth=0 exit=CERTIFIED certified=1 feasible=1 iters=14 generatedColsBeforeNode=0 newCols=236 posCandidates=237 duplicateCandidates=1 updatedCols=1 zeroObjImproveIters=3 objFirst=865860.647496 objLast=2203941.715194 objGain=1338081.067698 maxRC=1155603.899210 wallSec=0.121971 pricingSec=0.111058 cplexSolveSec=0.006472
      [BB] 根节点即为整数解，obj=2203941.715194
