    [CG] 列生成开始，初始列数=310
    [CG] CG iter 1: obj=805881.560467, maxRC=1212820.274186, +30 cols
    [CG]   [DIAG] iter=1 posCols=30 newCols=30 effImprove=30 updated=0
    [CG] CG iter 2: obj=1513447.379551, maxRC=216308.605655, +29 cols
    [CG]   [DIAG] iter=2 posCols=29 newCols=29 effImprove=29 updated=0
    [CG] CG iter 3: obj=1795969.722800, maxRC=222987.142261, +30 cols
    [CG]   [DIAG] iter=3 posCols=30 newCols=30 effImprove=30 updated=0
    [CG] CG iter 4: obj=1818208.772824, maxRC=113103.543682, +24 cols
    [CG]   [DIAG] iter=4 posCols=24 newCols=24 effImprove=24 updated=0
    [CG] CG iter 5: obj=1918791.683473, maxRC=135185.619781, +24 cols
    [CG]   [DIAG] iter=5 posCols=24 newCols=24 effImprove=24 updated=0
    [CG] CG iter 6: obj=1944394.467377, maxRC=68828.625395, +24 cols
    [CG]   [DIAG] iter=6 posCols=24 newCols=24 effImprove=24 updated=0
    [CG] CG iter 7: obj=2009699.214672, maxRC=60436.833086, +22 cols
    [CG]   [DIAG] iter=7 posCols=22 newCols=22 effImprove=22 updated=0
    [CG] CG iter 8: obj=2039649.138160, maxRC=69263.172182, +22 cols
    [CG]   [DIAG] iter=8 posCols=22 newCols=22 effImprove=22 updated=0
    [CG] CG iter 9: obj=2061583.262057, maxRC=41031.266393, +20 cols
    [CG]   [DIAG] iter=9 posCols=20 newCols=19 effImprove=20 updated=1
    [CG] CG iter 10: obj=2104621.415459, maxRC=22978.648647, +18 cols
    [CG]   [DIAG] iter=10 posCols=18 newCols=18 effImprove=18 updated=0
    [CG] CG iter 11: obj=2104621.415459, maxRC=14302.498996, +14 cols
    [CG]   [DIAG] iter=11 posCols=14 newCols=14 effImprove=14 updated=0
    [CG] CG iter 12: obj=2111286.104930, maxRC=16818.739186, +15 cols
    [CG]   [DIAG] iter=12 posCols=15 newCols=15 effImprove=15 updated=0
    [CG] CG iter 13: obj=2111286.104930, maxRC=14797.373818, +7 cols
    [CG]   [DIAG] iter=13 posCols=7 newCols=7 effImprove=7 updated=0
    [CG] CG iter 14: obj=2111286.104930, maxRC=7558.873345, +3 cols
    [CG]   [DIAG] iter=14 posCols=3 newCols=3 effImprove=3 updated=0
    [CG] CG iter 15: obj=2118844.978275, maxRC=5037.221635, +4 cols
    [CG]   [DIAG] iter=15 posCols=4 newCols=4 effImprove=4 updated=0
    [CG] 列生成收敛，共 16 轮迭代
    [CG] [CG-NODE] depth=0 exit=CERTIFIED certified=1 feasible=1 iters=16 generatedColsBeforeNode=0 newCols=285 posCandidates=286 duplicateCandidates=1 updatedCols=1 zeroObjImproveIters=4 objFirst=805881.560467 objLast=2118844.978275 objGain=1312963.417808 maxRC=1212820.274186 wallSec=0.187863 pricingSec=0.175200 cplexSolveSec=0.007935
      [BB] 根节点即为整数解，obj=2118844.978275
