    [CG] 列生成开始，初始列数=310
    [CG] CG iter 1: obj=674547.001314, maxRC=1220587.071523, +30 cols
    [CG]   [DIAG] iter=1 posCols=30 newCols=30 effImprove=30 updated=0
    [CG] CG iter 2: obj=1490542.639082, maxRC=263852.291760, +27 cols
    [CG]   [DIAG] iter=2 posCols=27 newCols=27 effImprove=27 updated=0
    [CG] CG iter 3: obj=1577117.785822, maxRC=425301.757423, +29 cols
    [CG]   [DIAG] iter=3 posCols=29 newCols=29 effImprove=29 updated=0
    [CG] CG iter 4: obj=1683250.371250, maxRC=191052.815742, +26 cols
    [CG]   [DIAG] iter=4 posCols=26 newCols=26 effImprove=26 updated=0
    [CG] CG iter 5: obj=1769318.635074, maxRC=228355.623717, +25 cols
    [CG]   [DIAG] iter=5 posCols=25 newCols=25 effImprove=25 updated=0
    [CG] CG iter 6: obj=1833323.956919, maxRC=154820.495918, +24 cols
    [CG]   [DIAG] iter=6 posCols=24 newCols=24 effImprove=24 updated=0
    [CG] CG iter 7: obj=1855601.586951, maxRC=144267.343307, +22 cols
    [CG]   [DIAG] iter=7 posCols=22 newCols=22 effImprove=22 updated=0
    [CG] CG iter 8: obj=1862302.967472, maxRC=84716.639703, +25 cols
    [CG]   [DIAG] iter=8 posCols=25 newCols=25 effImprove=25 updated=0
    [CG] CG iter 9: obj=1875353.647550, maxRC=103791.020976, +18 cols
    [CG]   [DIAG] iter=9 posCols=18 newCols=18 effImprove=18 updated=0
    [CG] CG iter 10: obj=1883529.738780, maxRC=53913.667571, +16 cols
    [CG]   [DIAG] iter=10 posCols=16 newCols=16 effImprove=16 updated=0
    [CG] CG iter 11: obj=1901564.048521, maxRC=48113.960560, +16 cols
    [CG]   [DIAG] iter=11 posCols=16 newCols=16 effImprove=16 updated=0
    [CG] CG iter 12: obj=1916780.220186, maxRC=32622.630436, +18 cols
    [CG]   [DIAG] iter=12 posCols=18 newCols=18 effImprove=18 updated=0
    [CG] CG iter 13: obj=1923702.879296, maxRC=18939.861119, +13 cols
    [CG]   [DIAG] iter=13 posCols=13 newCols=13 effImprove=13 updated=0
    [CG] CG iter 14: obj=1927073.987109, maxRC=8761.496048, +12 cols
    [CG]   [DIAG] iter=14 posCols=12 newCols=12 effImprove=12 updated=0
    [CG] CG iter 15: obj=1935682.347568, maxRC=6780.133577, +11 cols
    [CG]   [DIAG] iter=15 posCols=11 newCols=10 effImprove=11 updated=1
    [CG] CG iter 16: obj=1937307.806427, maxRC=5008.716820, +3 cols
    [CG]   [DIAG] iter=16 posCols=3 newCols=3 effImprove=3 updated=0
    [CG] CG iter 17: obj=1937307.806427, maxRC=1444.433427, +2 cols
    [CG]   [DIAG] iter=17 posCols=2 newCols=2 effImprove=2 updated=0
    [CG] 列生成收敛，共 18 轮迭代
    [CG] [CG-NODE] depth=0 exit=CERTIFIED certified=1 feasible=1 iters=18 generatedColsBeforeNode=0 newCols=316 posCandidates=317 duplicateCandidates=1 updatedCols=1 zeroObjImproveIters=2 objFirst=674547.001314 objLast=1937307.806427 objGain=1262760.805113 maxRC=1220587.071523 wallSec=0.286352 pricingSec=0.273534 cplexSolveSec=0.008073
      [BB] 分支定界开始，根节点LP obj=1937307.806427，最大节点数=10000
      [BB] 根节点启发式下界 LB=1901573.315858（上界=1937307.806427）
    [CG] [BB-DIAG] 分支 x_{dc=3,retailer=3}, 节点数=1
    [CG] 列生成开始，初始列数=607
    [CG] CG iter 19: obj=1936038.411036, maxRC=13872.747373, +13 cols
    [CG]   [DIAG] iter=19 posCols=13 newCols=13 effImprove=13 updated=0
    [CG] CG iter 20: obj=1936038.411036, maxRC=9080.161177, +6 cols
    [CG]   [DIAG] iter=20 posCols=6 newCols=5 effImprove=6 updated=1
    [CG] CG iter 21: obj=1936038.411036, maxRC=6016.809942, +4 cols
    [CG]   [DIAG] iter=21 posCols=4 newCols=4 effImprove=4 updated=0
    [CG] CG iter 22: obj=1936038.411036, maxRC=2957.624078, +1 cols
    [CG]   [DIAG] iter=22 posCols=1 newCols=1 effImprove=1 updated=0
    [CG] 列生成收敛，共 23 轮迭代
    [CG] [CG-NODE] depth=1 exit=CERTIFIED certified=1 feasible=1 iters=5 generatedColsBeforeNode=316 newCols=23 posCandidates=24 duplicateCandidates=1 updatedCols=1 zeroObjImproveIters=4 objFirst=1936038.411036 objLast=1936038.411036 objGain=0.000000 maxRC=13872.747373 wallSec=0.054487 pricingSec=0.050088 cplexSolveSec=0.002908
    [CG] 列生成开始，初始列数=572
    [CG] CG iter 24: obj=1918521.508406, maxRC=32910.606097, +18 cols
    [CG]   [DIAG] iter=24 posCols=18 newCols=18 effImprove=18 updated=0
    [CG] CG iter 25: obj=1933693.386149, maxRC=17584.228409, +8 cols
    [CG]   [DIAG] iter=25 posCols=8 newCols=8 effImprove=8 updated=0
    [CG] CG iter 26: obj=1933693.386149, maxRC=10326.061662, +6 cols
    [CG]   [DIAG] iter=26 posCols=6 newCols=6 effImprove=6 updated=0
    [CG] CG iter 27: obj=1933693.386149, maxRC=2121.294340, +3 cols
    [CG]   [DIAG] iter=27 posCols=3 newCols=3 effImprove=3 updated=0
    [CG] 列生成收敛，共 28 轮迭代
    [CG] [CG-NODE] depth=1 exit=CERTIFIED certified=1 feasible=1 iters=5 generatedColsBeforeNode=339 newCols=35 posCandidates=35 duplicateCandidates=0 updatedCols=0 zeroObjImproveIters=3 objFirst=1918521.508406 objLast=1933693.386149 objGain=15171.877743 maxRC=32910.606097 wallSec=0.052484 pricingSec=0.048091 cplexSolveSec=0.003059
    [CG] [BB-INCUMBENT] selection=2 node=1 previous=1901573.315858 value=1933693.386149 active=1
    [CG] [BB-NODESEL] strategy=hybrid choice=dfs eligibleCount=1 active=1 gap=0.001213
    [CG] [BB-INCUMBENT] selection=3 node=1 previous=1933693.386149 value=1936038.411036 active=0
      [BB] 分支定界结束：处理 3 节点，剪枝 0，剩余活跃 0，整数解 3，状态=OPTIMAL，最好可行 obj=1936038.411036，gap=0.000000
