    [CG] 列生成开始，初始列数=310
    [CG] CG iter 1: obj=841044.127811, maxRC=1335782.461617, +30 cols
    [CG]   [DIAG] iter=1 posCols=30 newCols=30 effImprove=30 updated=0
    [CG] CG iter 2: obj=1649279.495317, maxRC=294076.188155, +30 cols
    [CG]   [DIAG] iter=2 posCols=30 newCols=30 effImprove=30 updated=0
    [CG] CG iter 3: obj=1983966.093434, maxRC=315097.544935, +30 cols
    [CG]   [DIAG] iter=3 posCols=30 newCols=30 effImprove=30 updated=0
    [CG] CG iter 4: obj=1992537.246059, maxRC=327787.530078, +28 cols
    [CG]   [DIAG] iter=4 posCols=28 newCols=28 effImprove=28 updated=0
    [CG] CG iter 5: obj=2028015.681245, maxRC=132990.890770, +23 cols
    [CG]   [DIAG] iter=5 posCols=23 newCols=23 effImprove=23 updated=0
    [CG] CG iter 6: obj=2062891.734205, maxRC=184994.051546, +25 cols
    [CG]   [DIAG] iter=6 posCols=25 newCols=25 effImprove=25 updated=0
    [CG] CG iter 7: obj=2110651.573151, maxRC=141654.814965, +26 cols
    [CG]   [DIAG] iter=7 posCols=26 newCols=26 effImprove=26 updated=0
    [CG] CG iter 8: obj=2137494.437934, maxRC=107988.757529, +22 cols
    [CG]   [DIAG] iter=8 posCols=22 newCols=22 effImprove=22 updated=0
    [CG] CG iter 9: obj=2197297.708548, maxRC=119731.981095, +21 cols
    [CG]   [DIAG] iter=9 posCols=21 newCols=21 effImprove=21 updated=0
    [CG] CG iter 10: obj=2249316.832637, maxRC=94497.829188, +22 cols
    [CG]   [DIAG] iter=10 posCols=22 newCols=22 effImprove=22 updated=0
    [CG] CG iter 11: obj=2249316.832637, maxRC=57352.872435, +22 cols
    [CG]   [DIAG] iter=11 posCols=22 newCols=22 effImprove=22 updated=0
    [CG] CG iter 12: obj=2249316.832637, maxRC=45366.225640, +19 cols
    [CG]   [DIAG] iter=12 posCols=19 newCols=19 effImprove=19 updated=0
    [CG] CG iter 13: obj=2258632.742830, maxRC=21973.910325, +20 cols
    [CG]   [DIAG] iter=13 posCols=20 newCols=20 effImprove=20 updated=0
    [CG] CG iter 14: obj=2258632.742830, maxRC=37887.780498, +13 cols
    [CG]   [DIAG] iter=14 posCols=13 newCols=13 effImprove=13 updated=0
    [CG] CG iter 15: obj=2275014.633628, maxRC=23530.759330, +13 cols
    [CG]   [DIAG] iter=15 posCols=13 newCols=13 effImprove=13 updated=0
    [CG] CG iter 16: obj=2275014.633628, maxRC=12491.691138, +14 cols
    [CG]   [DIAG] iter=16 posCols=14 newCols=14 effImprove=14 updated=0
    [CG] CG iter 17: obj=2275014.633628, maxRC=6929.794989, +10 cols
    [CG]   [DIAG] iter=17 posCols=10 newCols=9 effImprove=10 updated=1
    [CG] CG iter 18: obj=2283222.184293, maxRC=343.868596, +1 cols
    [CG]   [DIAG] iter=18 posCols=1 newCols=1 effImprove=1 updated=0
    [CG] 列生成收敛，共 19 轮迭代
    [CG] [CG-NODE] depth=0 exit=CERTIFIED certified=1 feasible=1 iters=19 generatedColsBeforeNode=0 newCols=368 posCandidates=369 duplicateCandidates=1 updatedCols=1 zeroObjImproveIters=6 objFirst=841044.127811 objLast=2283222.184293 objGain=1442178.056482 maxRC=1335782.461617 wallSec=0.218719 pricingSec=0.205175 cplexSolveSec=0.008912
      [BB] 根节点即为整数解，obj=2283222.184293
