    [CG] 列生成开始，初始列数=310
    [CG] CG iter 1: obj=850406.782642, maxRC=1319289.323897, +30 cols
    [CG]   [DIAG] iter=1 posCols=30 newCols=30 effImprove=30 updated=0
    [CG] CG iter 2: obj=1653469.706855, maxRC=313860.645411, +30 cols
    [CG]   [DIAG] iter=2 posCols=30 newCols=30 effImprove=30 updated=0
    [CG] CG iter 3: obj=1910898.694205, maxRC=345097.048362, +30 cols
    [CG]   [DIAG] iter=3 posCols=30 newCols=30 effImprove=30 updated=0
    [CG] CG iter 4: obj=2033752.544851, maxRC=365955.794493, +30 cols
    [CG]   [DIAG] iter=4 posCols=30 newCols=30 effImprove=30 updated=0
    [CG] CG iter 5: obj=2033752.544851, maxRC=179393.970160, +26 cols
    [CG]   [DIAG] iter=5 posCols=26 newCols=25 effImprove=26 updated=1
    [CG] CG iter 6: obj=2076877.661637, maxRC=93732.022741, +24 cols
    [CG]   [DIAG] iter=6 posCols=24 newCols=24 effImprove=24 updated=0
    [CG] CG iter 7: obj=2083132.548358, maxRC=99999.038652, +22 cols
    [CG]   [DIAG] iter=7 posCols=22 newCols=22 effImprove=22 updated=0
    [CG] CG iter 8: obj=2161736.517780, maxRC=103521.359312, +27 cols
    [CG]   [DIAG] iter=8 posCols=27 newCols=27 effImprove=27 updated=0
    [CG] CG iter 9: obj=2200583.257976, maxRC=74048.831063, +25 cols
    [CG]   [DIAG] iter=9 posCols=25 newCols=25 effImprove=25 updated=0
    [CG] CG iter 10: obj=2274632.089038, maxRC=67932.337534, +19 cols
    [CG]   [DIAG] iter=10 posCols=19 newCols=19 effImprove=19 updated=0
    [CG] CG iter 11: obj=2274632.089038, maxRC=52617.071605, +16 cols
    [CG]   [DIAG] iter=11 posCols=16 newCols=16 effImprove=16 updated=0
    [CG] CG iter 12: obj=2274632.089038, maxRC=32320.298199, +13 cols
    [CG]   [DIAG] iter=12 posCols=13 newCols=13 effImprove=13 updated=0
    [CG] CG iter 13: obj=2284709.035804, maxRC=17425.373259, +17 cols
    [CG]   [DIAG] iter=13 posCols=17 newCols=17 effImprove=17 updated=0
    [CG] CG iter 14: obj=2302134.409063, maxRC=8393.718177, +8 cols
    [CG]   [DIAG] iter=14 posCols=8 newCols=8 effImprove=8 updated=0
    [CG] CG iter 15: obj=2302134.409063, maxRC=17120.799971, +7 cols
    [CG]   [DIAG] iter=15 posCols=7 newCols=7 effImprove=7 updated=0
    [CG] CG iter 16: obj=2302134.409063, maxRC=6467.630288, +5 cols
    [CG]   [DIAG] iter=16 posCols=5 newCols=5 effImprove=5 updated=0
    [CG] CG iter 17: obj=2302134.409063, maxRC=5520.669284, +4 cols
    [CG]   [DIAG] iter=17 posCols=4 newCols=4 effImprove=4 updated=0
    [CG] CG iter 18: obj=2302134.409063, maxRC=5255.555622, +3 cols
    [CG]   [DIAG] iter=18 posCols=3 newCols=3 effImprove=3 updated=0
    [CG] 列生成收敛，共 19 轮迭代
    [CG] [CG-NODE] depth=0 exit=CERTIFIED certified=1 feasible=1 iters=19 generatedColsBeforeNode=0 newCols=335 posCandidates=336 duplicateCandidates=1 updatedCols=1 zeroObjImproveIters=8 objFirst=850406.782642 objLast=2302134.409063 objGain=1451727.626421 maxRC=1319289.323897 wallSec=0.192158 pricingSec=0.179757 cplexSolveSec=0.008193
      [BB] 根节点即为整数解，obj=2302134.409063
