    [CG] 列生成开始，初始列数=310
    [CG] CG iter 1: obj=1073350.238785, maxRC=1842401.459292, +30 cols
    [CG]   [DIAG] iter=1 posCols=30 newCols=30 effImprove=30 updated=0
    [CG] CG iter 2: obj=2277517.117359, maxRC=235168.477872, +24 cols
    [CG]   [DIAG] iter=2 posCols=24 newCols=24 effImprove=24 updated=0
    [CG] CG iter 3: obj=2385797.412907, maxRC=383851.830580, +30 cols
    [CG]   [DIAG] iter=3 posCols=30 newCols=30 effImprove=30 updated=0
    [CG] CG iter 4: obj=2443228.535232, maxRC=286122.982901, +28 cols
    [CG]   [DIAG] iter=4 posCols=28 newCols=27 effImprove=28 updated=1
    [CG] CG iter 5: obj=2511599.920387, maxRC=148656.487122, +26 cols
    [CG]   [DIAG] iter=5 posCols=26 newCols=26 effImprove=26 updated=0
    [CG] CG iter 6: obj=2600562.164417, maxRC=127067.495324, +23 cols
    [CG]   [DIAG] iter=6 posCols=23 newCols=23 effImprove=23 updated=0
    [CG] CG iter 7: obj=2654270.087961, maxRC=102249.720959, +22 cols
    [CG]   [DIAG] iter=7 posCols=22 newCols=22 effImprove=22 updated=0
    [CG] CG iter 8: obj=2690497.279277, maxRC=109669.666482, +19 cols
    [CG]   [DIAG] iter=8 posCols=19 newCols=19 effImprove=19 updated=0
    [CG] CG iter 9: obj=2729625.891609, maxRC=77383.046319, +19 cols
    [CG]   [DIAG] iter=9 posCols=19 newCols=19 effImprove=19 updated=0
    [CG] CG iter 10: obj=2788446.875696, maxRC=67676.869235, +19 cols
    [CG]   [DIAG] iter=10 posCols=19 newCols=19 effImprove=19 updated=0
    [CG] CG iter 11: obj=2792037.250138, maxRC=80501.674273, +18 cols
    [CG]   [DIAG] iter=11 posCols=18 newCols=18 effImprove=18 updated=0
    [CG] CG iter 12: obj=2817753.084703, maxRC=57002.500949, +18 cols
    [CG]   [DIAG] iter=12 posCols=18 newCols=18 effImprove=18 updated=0
    [CG] CG iter 13: obj=2817753.084703, maxRC=53894.954635, +12 cols
    [CG]   [DIAG] iter=13 posCols=12 newCols=12 effImprove=12 updated=0
    [CG] CG iter 14: obj=2826496.030063, maxRC=50058.359215, +17 cols
    [CG]   [DIAG] iter=14 posCols=17 newCols=17 effImprove=17 updated=0
    [CG] CG iter 15: obj=2832622.678811, maxRC=61296.838780, +15 cols
    [CG]   [DIAG] iter=15 posCols=15 newCols=15 effImprove=15 updated=0
    [CG] CG iter 16: obj=2844633.143747, maxRC=39163.571978, +11 cols
    [CG]   [DIAG] iter=16 posCols=11 newCols=11 effImprove=11 updated=0
    [CG] CG iter 17: obj=2844633.143747, maxRC=30757.650719, +10 cols
    [CG]   [DIAG] iter=17 posCols=10 newCols=10 effImprove=10 updated=0
    [CG] CG iter 18: obj=2844633.143747, maxRC=19782.517786, +6 cols
    [CG]   [DIAG] iter=18 posCols=6 newCols=6 effImprove=6 updated=0
    [CG] CG iter 19: obj=2844633.143747, maxRC=14378.624421, +9 cols
    [CG]   [DIAG] iter=19 posCols=9 newCols=8 effImprove=9 updated=1
    [CG] CG iter 20: obj=2844633.143747, maxRC=10958.624302, +3 cols
    [CG]   [DIAG] iter=20 posCols=3 newCols=3 effImprove=3 updated=0
    [CG] CG iter 21: obj=2852855.959466, maxRC=9110.068571, +4 cols
    [CG]   [DIAG] iter=21 posCols=4 newCols=4 effImprove=4 updated=0
    [CG] CG iter 22: obj=2852855.959466, maxRC=1983.564678, +3 cols
    [CG]   [DIAG] iter=22 posCols=3 newCols=3 effImprove=3 updated=0
    [CG] CG iter 23: obj=2854839.524144, maxRC=73.892789, +1 cols
    [CG]   [DIAG] iter=23 posCols=1 newCols=1 effImprove=1 updated=0
    [CG] 列生成收敛，共 24 轮迭代
    [CG] [CG-NODE] depth=0 exit=CERTIFIED certified=1 feasible=1 iters=24 generatedColsBeforeNode=0 newCols=365 posCandidates=367 duplicateCandidates=2 updatedCols=2 zeroObjImproveIters=7 objFirst=1073350.238785 objLast=2854839.524144 objGain=1781489.285359 maxRC=1842401.459292 wallSec=0.201046 pricingSec=0.184076 cplexSolveSec=0.011366
      [BB] 根节点即为整数解，obj=2854839.524144
