    [CG] 列生成开始，初始列数=310
    [CG] CG iter 1: obj=1067463.986897, maxRC=1680656.708381, +30 cols
    [CG]   [DIAG] iter=1 posCols=30 newCols=30 effImprove=30 updated=0
    [CG] CG iter 2: obj=2118557.818855, maxRC=290938.393848, +27 cols
    [CG]   [DIAG] iter=2 posCols=27 newCols=27 effImprove=27 updated=0
    [CG] CG iter 3: obj=2302917.511081, maxRC=525725.791371, +30 cols
    [CG]   [DIAG] iter=3 posCols=30 newCols=30 effImprove=30 updated=0
    [CG] CG iter 4: obj=2377046.839411, maxRC=283506.406118, +30 cols
    [CG]   [DIAG] iter=4 posCols=30 newCols=30 effImprove=30 updated=0
    [CG] CG iter 5: obj=2438375.928179, maxRC=180954.495165, +30 cols
    [CG]   [DIAG] iter=5 posCols=30 newCols=30 effImprove=30 updated=0
    [CG] CG iter 6: obj=2547460.918255, maxRC=103517.011218, +27 cols
    [CG]   [DIAG] iter=6 posCols=27 newCols=27 effImprove=27 updated=0
    [CG] CG iter 7: obj=2587585.653109, maxRC=76800.016008, +24 cols
    [CG]   [DIAG] iter=7 posCols=24 newCols=23 effImprove=24 updated=1
    [CG] CG iter 8: obj=2663057.084029, maxRC=72788.368404, +22 cols
    [CG]   [DIAG] iter=8 posCols=22 newCols=22 effImprove=22 updated=0
    [CG] CG iter 9: obj=2713658.340735, maxRC=31640.246562, +17 cols
    [CG]   [DIAG] iter=9 posCols=17 newCols=17 effImprove=17 updated=0
    [CG] CG iter 10: obj=2721143.099453, maxRC=22682.707291, +16 cols
    [CG]   [DIAG] iter=10 posCols=16 newCols=16 effImprove=16 updated=0
    [CG] CG iter 11: obj=2730501.263199, maxRC=22180.330869, +13 cols
    [CG]   [DIAG] iter=11 posCols=13 newCols=13 effImprove=13 updated=0
    [CG] CG iter 12: obj=2752681.594068, maxRC=8585.260650, +10 cols
    [CG]   [DIAG] iter=12 posCols=10 newCols=10 effImprove=10 updated=0
    [CG] CG iter 13: obj=2752681.594068, maxRC=7293.861351, +4 cols
    [CG]   [DIAG] iter=13 posCols=4 newCols=4 effImprove=4 updated=0
    [CG] CG iter 14: obj=2753890.961101, maxRC=8414.991766, +3 cols
    [CG]   [DIAG] iter=14 posCols=3 newCols=3 effImprove=3 updated=0
    [CG] CG iter 15: obj=2753890.961101, maxRC=97.590017, +1 cols
    [CG]   [DIAG] iter=15 posCols=1 newCols=1 effImprove=1 updated=0
    [CG] 列生成收敛，共 16 轮迭代
    [CG] [CG-NODE] depth=0 exit=CERTIFIED certified=1 feasible=1 iters=16 generatedColsBeforeNode=0 newCols=283 posCandidates=284 duplicateCandidates=1 updatedCols=1 zeroObjImproveIters=3 objFirst=1067463.986897 objLast=2753890.961101 objGain=1686426.974204 maxRC=1680656.708381 wallSec=0.213597 pricingSec=0.201048 cplexSolveSec=0.008237
      [BB] 根节点即为整数解，obj=2753890.961101
