    [CG] 列生成开始，初始列数=310
    [CG] CG iter 1: obj=1098243.763992, maxRC=1921963.997010, +30 cols
    [CG]   [DIAG] iter=1 posCols=30 newCols=30 effImprove=30 updated=0
    [CG] CG iter 2: obj=2337124.170236, maxRC=268322.932415, +27 cols
    [CG]   [DIAG] iter=2 posCols=27 newCols=27 effImprove=27 updated=0
    [CG] CG iter 3: obj=2582326.922381, maxRC=309696.267960, +29 cols
    [CG]   [DIAG] iter=3 posCols=29 newCols=29 effImprove=29 updated=0
    [CG] CG iter 4: obj=2583973.727744, maxRC=333385.505648, +27 cols
    [CG]   [DIAG] iter=4 posCols=27 newCols=27 effImprove=27 updated=0
    [CG] CG iter 5: obj=2634315.750105, maxRC=148514.585135, +26 cols
    [CG]   [DIAG] iter=5 posCols=26 newCols=26 effImprove=26 updated=0
    [CG] CG iter 6: obj=2715691.386288, maxRC=87033.288239, +23 cols
    [CG]   [DIAG] iter=6 posCols=23 newCols=23 effImprove=23 updated=0
    [CG] CG iter 7: obj=2762232.116519, maxRC=109490.885441, +26 cols
    [CG]   [DIAG] iter=7 posCols=26 newCols=26 effImprove=26 updated=0
    [CG] CG iter 8: obj=2818214.462198, maxRC=55037.373828, +21 cols
    [CG]   [DIAG] iter=8 posCols=21 newCols=21 effImprove=21 updated=0
    [CG] CG iter 9: obj=2837245.502243, maxRC=44620.581617, +17 cols
    [CG]   [DIAG] iter=9 posCols=17 newCols=17 effImprove=17 updated=0
    [CG] CG iter 10: obj=2848283.218849, maxRC=35554.939137, +19 cols
    [CG]   [DIAG] iter=10 posCols=19 newCols=19 effImprove=19 updated=0
    [CG] CG iter 11: obj=2863702.526197, maxRC=24543.077032, +15 cols
    [CG]   [DIAG] iter=11 posCols=15 newCols=14 effImprove=15 updated=1
    [CG] CG iter 12: obj=2866319.639583, maxRC=11485.528427, +14 cols
    [CG]   [DIAG] iter=12 posCols=14 newCols=13 effImprove=14 updated=1
    [CG] CG iter 13: obj=2883656.615057, maxRC=12765.741557, +16 cols
    [CG]   [DIAG] iter=13 posCols=16 newCols=16 effImprove=16 updated=0
    [CG] CG iter 14: obj=2886453.849862, maxRC=3444.669285, +2 cols
    [CG]   [DIAG] iter=14 posCols=2 newCols=2 effImprove=2 updated=0
    [CG] CG iter 15: obj=2888204.099891, maxRC=171.305812, +2 cols
    [CG]   [DIAG] iter=15 posCols=2 newCols=2 effImprove=2 updated=0
    [CG] CG iter 16: obj=2888289.876714, maxRC=1.267372, +1 cols
    [CG]   [DIAG] iter=16 posCols=1 newCols=1 effImprove=1 updated=0
    [CG] 列生成收敛，共 17 轮迭代
    [CG] [CG-NODE] depth=0 exit=CERTIFIED certified=1 feasible=1 iters=17 generatedColsBeforeNode=0 newCols=293 posCandidates=295 duplicateCandidates=2 updatedCols=2 zeroObjImproveIters=1 objFirst=1098243.763992 objLast=2888289.876714 objGain=1790046.112723 maxRC=1921963.997010 wallSec=0.209553 pricingSec=0.197053 cplexSolveSec=0.007657
      [BB] 根节点即为整数解，obj=2888289.876714
