    [CG] 列生成开始，初始列数=310
    [CG] CG iter 1: obj=1083968.005634, maxRC=1797324.428304, +30 cols
    [CG]   [DIAG] iter=1 posCols=30 newCols=30 effImprove=30 updated=0
    [CG] CG iter 2: obj=2224173.430645, maxRC=276573.462329, +27 cols
    [CG]   [DIAG] iter=2 posCols=27 newCols=27 effImprove=27 updated=0
    [CG] CG iter 3: obj=2454638.202447, maxRC=538395.292840, +30 cols
    [CG]   [DIAG] iter=3 posCols=30 newCols=30 effImprove=30 updated=0
    [CG] CG iter 4: obj=2468259.656520, maxRC=297816.618930, +30 cols
    [CG]   [DIAG] iter=4 posCols=30 newCols=30 effImprove=30 updated=0
    [CG] CG iter 5: obj=2516249.344083, maxRC=155452.495475, +26 cols
    [CG]   [DIAG] iter=5 posCols=26 newCols=26 effImprove=26 updated=0
    [CG] CG iter 6: obj=2633491.577664, maxRC=85563.279912, +24 cols
    [CG]   [DIAG] iter=6 posCols=24 newCols=23 effImprove=24 updated=1
    [CG] CG iter 7: obj=2651126.442484, maxRC=88163.554537, +25 cols
    [CG]   [DIAG] iter=7 posCols=25 newCols=25 effImprove=25 updated=0
    [CG] CG iter 8: obj=2733019.739386, maxRC=70784.462562, +19 cols
    [CG]   [DIAG] iter=8 posCols=19 newCols=19 effImprove=19 updated=0
    [CG] CG iter 9: obj=2807119.166723, maxRC=52636.930106, +17 cols
    [CG]   [DIAG] iter=9 posCols=17 newCols=17 effImprove=17 updated=0
    [CG] CG iter 10: obj=2807119.166723, maxRC=38819.570951, +16 cols
    [CG]   [DIAG] iter=10 posCols=16 newCols=16 effImprove=16 updated=0
    [CG] CG iter 11: obj=2825973.514071, maxRC=16804.362792, +16 cols
    [CG]   [DIAG] iter=11 posCols=16 newCols=15 effImprove=16 updated=1
    [CG] CG iter 12: obj=2825973.514071, maxRC=11677.195730, +13 cols
    [CG]   [DIAG] iter=12 posCols=13 newCols=13 effImprove=13 updated=0
    [CG] CG iter 13: obj=2825973.514071, maxRC=7628.174201, +6 cols
    [CG]   [DIAG] iter=13 posCols=6 newCols=6 effImprove=6 updated=0
    [CG] 列生成收敛，共 14 轮迭代
    [CG] [CG-NODE] depth=0 exit=CERTIFIED certified=1 feasible=1 iters=14 generatedColsBeforeNode=0 newCols=277 posCandidates=279 duplicateCandidates=2 updatedCols=2 zeroObjImproveIters=3 objFirst=1083968.005634 objLast=2833601.688272 objGain=1749633.682638 maxRC=1797324.428304 wallSec=0.207192 pricingSec=0.195080 cplexSolveSec=0.007594
      [BB] 根节点即为整数解，obj=2833601.688272
