    [CG] 列生成开始，初始列数=310
    [CG] CG iter 1: obj=1002194.636078, maxRC=1553377.790683, +30 cols
    [CG]   [DIAG] iter=1 posCols=30 newCols=30 effImprove=30 updated=0
    [CG] CG iter 2: obj=1962100.422441, maxRC=250720.606198, +27 cols
    [CG]   [DIAG] iter=2 posCols=27 newCols=27 effImprove=27 updated=0
    [CG] CG iter 3: obj=2179730.306622, maxRC=416736.730699, +30 cols
    [CG]   [DIAG] iter=3 posCols=30 newCols=30 effImprove=30 updated=0
    [CG] CG iter 4: obj=2235502.456957, maxRC=211875.868356, +27 cols
    [CG]   [DIAG] iter=4 posCols=27 newCols=27 effImprove=27 updated=0
    [CG] CG iter 5: obj=2285954.527300, maxRC=122521.739775, +27 cols
    [CG]   [DIAG] iter=5 posCols=27 newCols=27 effImprove=27 updated=0
    [CG] CG iter 6: obj=2379945.263823, maxRC=92434.669583, +27 cols
    [CG]   [DIAG] iter=6 posCols=27 newCols=27 effImprove=27 updated=0
    [CG] CG iter 7: obj=2484746.956491, maxRC=89544.439186, +24 cols
    [CG]   [DIAG] iter=7 posCols=24 newCols=24 effImprove=24 updated=0
    [CG] CG iter 8: obj=2484746.956491, maxRC=53251.411435, +22 cols
    [CG]   [DIAG] iter=8 posCols=22 newCols=22 effImprove=22 updated=0
    [CG] CG iter 9: obj=2504111.838742, maxRC=33470.137843, +18 cols
    [CG]   [DIAG] iter=9 posCols=18 newCols=18 effImprove=18 updated=0
    [CG] CG iter 10: obj=2513497.321898, maxRC=36016.478127, +13 cols
    [CG]   [DIAG] iter=10 posCols=13 newCols=12 effImprove=13 updated=1
    [CG] CG iter 11: obj=2520145.430862, maxRC=27235.954987, +8 cols
    [CG]   [DIAG] iter=11 posCols=8 newCols=8 effImprove=8 updated=0
    [CG] CG iter 12: obj=2547381.385849, maxRC=15090.282302, +5 cols
    [CG]   [DIAG] iter=12 posCols=5 newCols=5 effImprove=5 updated=0
    [CG] CG iter 13: obj=2547381.385849, maxRC=127.405026, +1 cols
    [CG]   [DIAG] iter=13 posCols=1 newCols=1 effImprove=1 updated=0
    [CG] 列生成收敛，共 14 轮迭代
    [CG] [CG-NODE] depth=0 exit=CERTIFIED certified=1 feasible=1 iters=14 generatedColsBeforeNode=0 newCols=258 posCandidates=259 duplicateCandidates=1 updatedCols=1 zeroObjImproveIters=3 objFirst=1002194.636078 objLast=2547381.385849 objGain=1545186.749771 maxRC=1553377.790683 wallSec=0.169924 pricingSec=0.158294 cplexSolveSec=0.007163
      [BB] 根节点即为整数解，obj=2547381.385849
