    [CG] 列生成开始，初始列数=310
    [CG] CG iter 1: obj=1083326.837873, maxRC=1852170.553907, +30 cols
    [CG]   [DIAG] iter=1 posCols=30 newCols=30 effImprove=30 updated=0
    [CG] CG iter 2: obj=2279697.845819, maxRC=271269.256766, +27 cols
    [CG]   [DIAG] iter=2 posCols=27 newCols=27 effImprove=27 updated=0
    [CG] CG iter 3: obj=2426701.556405, maxRC=528355.325645, +30 cols
    [CG]   [DIAG] iter=3 posCols=30 newCols=30 effImprove=30 updated=0
    [CG] CG iter 4: obj=2511220.202413, maxRC=206948.703088, +29 cols
    [CG]   [DIAG] iter=4 posCols=29 newCols=29 effImprove=29 updated=0
    [CG] CG iter 5: obj=2568243.849981, maxRC=167661.758450, +26 cols
    [CG]   [DIAG] iter=5 posCols=26 newCols=26 effImprove=26 updated=0
    [CG] CG iter 6: obj=2617747.810584, maxRC=120041.232149, +21 cols
    [CG]   [DIAG] iter=6 posCols=21 newCols=21 effImprove=21 updated=0
    [CG] CG iter 7: obj=2650208.697994, maxRC=95097.529169, +23 cols
    [CG]   [DIAG] iter=7 posCols=23 newCols=23 effImprove=23 updated=0
    [CG] CG iter 8: obj=2703826.023785, maxRC=89184.410242, +20 cols
    [CG]   [DIAG] iter=8 posCols=20 newCols=20 effImprove=20 updated=0
    [CG] CG iter 9: obj=2754213.609856, maxRC=91376.051145, +18 cols
    [CG]   [DIAG] iter=9 posCols=18 newCols=18 effImprove=18 updated=0
    [CG] CG iter 10: obj=2782621.186389, maxRC=68870.675554, +18 cols
    [CG]   [DIAG] iter=10 posCols=18 newCols=18 effImprove=18 updated=0
    [CG] CG iter 11: obj=2808850.607030, maxRC=59007.120482, +18 cols
    [CG]   [DIAG] iter=11 posCols=18 newCols=18 effImprove=18 updated=0
    [CG] CG iter 12: obj=2824087.817363, maxRC=31857.163491, +15 cols
    [CG]   [DIAG] iter=12 posCols=15 newCols=14 effImprove=15 updated=1
    [CG] CG iter 13: obj=2832889.289008, maxRC=25358.179998, +17 cols
    [CG]   [DIAG] iter=13 posCols=17 newCols=17 effImprove=17 updated=0
    [CG] CG iter 14: obj=2867423.252142, maxRC=28789.978745, +20 cols
    [CG]   [DIAG] iter=14 posCols=20 newCols=20 effImprove=20 updated=0
    [CG] CG iter 15: obj=2867423.252142, maxRC=16283.568357, +11 cols
    [CG]   [DIAG] iter=15 posCols=11 newCols=11 effImprove=11 updated=0
    [CG] CG iter 16: obj=2874573.400159, maxRC=21285.398675, +4 cols
    [CG]   [DIAG] iter=16 posCols=4 newCols=4 effImprove=4 updated=0
    [CG] CG iter 17: obj=2874573.400159, maxRC=8554.934788, +1 cols
    [CG]   [DIAG] iter=17 posCols=1 newCols=1 effImprove=1 updated=0
    [CG] 列生成收敛，共 18 轮迭代
    [CG] [CG-NODE] depth=0 exit=CERTIFIED certified=1 feasible=1 iters=18 generatedColsBeforeNode=0 newCols=327 posCandidates=328 duplicateCandidates=1 updatedCols=1 zeroObjImproveIters=3 objFirst=1083326.837873 objLast=2874573.400159 objGain=1791246.562286 maxRC=1852170.553907 wallSec=0.212238 pricingSec=0.197332 cplexSolveSec=0.009918
      [BB] 根节点即为整数解，obj=2874573.400159
