    [CG] 列生成开始，初始列数=310
    [CG] CG iter 1: obj=882579.345476, maxRC=2005594.527136, +30 cols
    [CG]   [DIAG] iter=1 posCols=30 newCols=30 effImprove=30 updated=0
    [CG] CG iter 2: obj=2287459.281772, maxRC=491934.655779, +21 cols
    [CG]   [DIAG] iter=2 posCols=21 newCols=21 effImprove=21 updated=0
    [CG] CG iter 3: obj=2315719.741191, maxRC=515534.894245, +24 cols
    [CG]   [DIAG] iter=3 posCols=24 newCols=24 effImprove=24 updated=0
    [CG] CG iter 4: obj=2343604.517596, maxRC=498166.494751, +23 cols
    [CG]   [DIAG] iter=4 posCols=23 newCols=23 effImprove=23 updated=0
    [CG] CG iter 5: obj=2358230.364720, maxRC=426001.560536, +22 cols
    [CG]   [DIAG] iter=5 posCols=22 newCols=22 effImprove=22 updated=0
    [CG] CG iter 6: obj=2380832.997858, maxRC=437560.504524, +22 cols
    [CG]   [DIAG] iter=6 posCols=22 newCols=22 effImprove=22 updated=0
    [CG] CG iter 7: obj=2394553.202526, maxRC=321647.448857, +21 cols
    [CG]   [DIAG] iter=7 posCols=21 newCols=21 effImprove=21 updated=0
    [CG] CG iter 8: obj=2444581.951561, maxRC=285622.600038, +20 cols
    [CG]   [DIAG] iter=8 posCols=20 newCols=19 effImprove=20 updated=1
    [CG] CG iter 9: obj=2595620.895343, maxRC=205713.122192, +15 cols
    [CG]   [DIAG] iter=9 posCols=15 newCols=15 effImprove=15 updated=0
    [CG] CG iter 10: obj=2595620.895343, maxRC=211944.538046, +12 cols
    [CG]   [DIAG] iter=10 posCols=12 newCols=12 effImprove=12 updated=0
    [CG] CG iter 11: obj=2601022.714080, maxRC=169340.648364, +12 cols
    [CG]   [DIAG] iter=11 posCols=12 newCols=12 effImprove=12 updated=0
    [CG] CG iter 12: obj=2630113.479953, maxRC=187550.784490, +14 cols
    [CG]   [DIAG] iter=12 posCols=14 newCols=14 effImprove=14 updated=0
    [CG] CG iter 13: obj=2645053.994499, maxRC=156195.442713, +13 cols
    [CG]   [DIAG] iter=13 posCols=13 newCols=13 effImprove=13 updated=0
    [CG] CG iter 14: obj=2645780.371526, maxRC=124022.263516, +12 cols
    [CG]   [DIAG] iter=14 posCols=12 newCols=12 effImprove=12 updated=0
    [CG] CG iter 15: obj=2655784.630102, maxRC=107275.513754, +12 cols
    [CG]   [DIAG] iter=15 posCols=12 newCols=11 effImprove=12 updated=1
    [CG] CG iter 16: obj=2663607.228973, maxRC=91046.717733, +10 cols
    [CG]   [DIAG] iter=16 posCols=10 newCols=10 effImprove=10 updated=0
    [CG] CG iter 17: obj=2671628.260612, maxRC=74892.074768, +12 cols
    [CG]   [DIAG] iter=17 posCols=12 newCols=12 effImprove=12 updated=0
    [CG] CG iter 18: obj=2676975.109330, maxRC=77553.217180, +9 cols
    [CG]   [DIAG] iter=18 posCols=9 newCols=9 effImprove=9 updated=0
    [CG] CG iter 19: obj=2679363.121748, maxRC=63642.069039, +9 cols
    [CG]   [DIAG] iter=19 posCols=9 newCols=9 effImprove=9 updated=0
    [CG] CG iter 20: obj=2692074.413327, maxRC=50296.447409, +10 cols
    [CG]   [DIAG] iter=20 posCols=10 newCols=10 effImprove=10 updated=0
    [CG] CG iter 21: obj=2697995.322199, maxRC=46633.564261, +9 cols
    [CG]   [DIAG] iter=21 posCols=9 newCols=9 effImprove=9 updated=0
    [CG] CG iter 22: obj=2699001.798247, maxRC=51480.398415, +9 cols
    [CG]   [DIAG] iter=22 posCols=9 newCols=9 effImprove=9 updated=0
    [CG] CG iter 23: obj=2701628.050384, maxRC=31529.262881, +9 cols
    [CG]   [DIAG] iter=23 posCols=9 newCols=9 effImprove=9 updated=0
    [CG] CG iter 24: obj=2704921.825742, maxRC=32129.312132, +9 cols
    [CG]   [DIAG] iter=24 posCols=9 newCols=9 effImprove=9 updated=0
    [CG] CG iter 25: obj=2708483.949103, maxRC=35827.710096, +9 cols
    [CG]   [DIAG] iter=25 posCols=9 newCols=9 effImprove=9 updated=0
    [CG] CG iter 26: obj=2710634.360009, maxRC=20106.312005, +9 cols
    [CG]   [DIAG] iter=26 posCols=9 newCols=9 effImprove=9 updated=0
    [CG] CG iter 27: obj=2713477.184532, maxRC=21047.939873, +9 cols
    [CG]   [DIAG] iter=27 posCols=9 newCols=9 effImprove=9 updated=0
    [CG] CG iter 28: obj=2721220.066219, maxRC=23973.032254, +9 cols
    [CG]   [DIAG] iter=28 posCols=9 newCols=9 effImprove=9 updated=0
    [CG] CG iter 29: obj=2722167.768079, maxRC=16159.112452, +9 cols
    [CG]   [DIAG] iter=29 posCols=9 newCols=9 effImprove=9 updated=0
    [CG] CG iter 30: obj=2726318.040084, maxRC=18312.586825, +9 cols
    [CG]   [DIAG] iter=30 posCols=9 newCols=9 effImprove=9 updated=0
    [CG] CG iter 31: obj=2727219.389695, maxRC=19088.854905, +9 cols
    [CG]   [DIAG] iter=31 posCols=9 newCols=9 effImprove=9 updated=0
    [CG] CG iter 32: obj=2727511.453129, maxRC=10460.427850, +8 cols
    [CG]   [DIAG] iter=32 posCols=8 newCols=8 effImprove=8 updated=0
    [CG] CG iter 33: obj=2728151.877453, maxRC=7514.869117, +7 cols
    [CG]   [DIAG] iter=33 posCols=7 newCols=7 effImprove=7 updated=0
    [CG] CG iter 34: obj=2729102.821599, maxRC=7449.064072, +7 cols
    [CG]   [DIAG] iter=34 posCols=7 newCols=7 effImprove=7 updated=0
    [CG] CG iter 35: obj=2730075.374821, maxRC=4940.585398, +5 cols
    [CG]   [DIAG] iter=35 posCols=5 newCols=5 effImprove=5 updated=0
    [CG] CG iter 36: obj=2731046.772261, maxRC=4866.169452, +5 cols
    [CG]   [DIAG] iter=36 posCols=5 newCols=5 effImprove=5 updated=0
    [CG] CG iter 37: obj=2731305.169287, maxRC=2659.584052, +4 cols
    [CG]   [DIAG] iter=37 posCols=4 newCols=4 effImprove=4 updated=0
    [CG] CG iter 38: obj=2732941.761328, maxRC=3010.584174, +4 cols
    [CG]   [DIAG] iter=38 posCols=4 newCols=4 effImprove=4 updated=0
    [CG] CG iter 39: obj=2732989.346153, maxRC=1579.684912, +3 cols
    [CG]   [DIAG] iter=39 posCols=3 newCols=3 effImprove=3 updated=0
    [CG] CG iter 40: obj=2734262.189525, maxRC=1205.791641, +3 cols
    [CG]   [DIAG] iter=40 posCols=3 newCols=3 effImprove=3 updated=0
    [CG] CG iter 41: obj=2734262.189525, maxRC=861.935779, +3 cols
    [CG]   [DIAG] iter=41 posCols=3 newCols=3 effImprove=3 updated=0
    [CG] CG iter 42: obj=2734262.189525, maxRC=1321.861001, +3 cols
    [CG]   [DIAG] iter=42 posCols=3 newCols=3 effImprove=3 updated=0
    [CG] CG iter 43: obj=2734262.189525, maxRC=228.284239, +2 cols
    [CG]   [DIAG] iter=43 posCols=2 newCols=2 effImprove=2 updated=0
    [CG] 列生成收敛，共 44 轮迭代
    [CG] [CG-NODE] depth=0 exit=CERTIFIED certified=1 feasible=1 iters=44 generatedColsBeforeNode=0 newCols=474 posCandidates=476 duplicateCandidates=2 updatedCols=2 zeroObjImproveIters=5 objFirst=882579.345476 objLast=2734262.189525 objGain=1851682.844049 maxRC=2005594.527136 wallSec=0.528703 pricingSec=0.481530 cplexSolveSec=0.020717
      [BB] 根节点即为整数解，obj=2734262.189525
