    [CG] 列生成开始，初始列数=310
    [CG] CG iter 1: obj=869559.281492, maxRC=2089155.607635, +30 cols
    [CG]   [DIAG] iter=1 posCols=30 newCols=30 effImprove=30 updated=0
    [CG] CG iter 2: obj=2350285.568894, maxRC=463965.435468, +23 cols
    [CG]   [DIAG] iter=2 posCols=23 newCols=23 effImprove=23 updated=0
    [CG] CG iter 3: obj=2479960.882022, maxRC=624846.229776, +24 cols
    [CG]   [DIAG] iter=3 posCols=24 newCols=24 effImprove=24 updated=0
    [CG] CG iter 4: obj=2480420.025256, maxRC=479773.501505, +23 cols
    [CG]   [DIAG] iter=4 posCols=23 newCols=23 effImprove=23 updated=0
    [CG] CG iter 5: obj=2500719.219317, maxRC=488105.660214, +22 cols
    [CG]   [DIAG] iter=5 posCols=22 newCols=21 effImprove=22 updated=1
    [CG] CG iter 6: obj=2520849.400033, maxRC=342200.809294, +16 cols
    [CG]   [DIAG] iter=6 posCols=16 newCols=16 effImprove=16 updated=0
    [CG] CG iter 7: obj=2520849.400033, maxRC=325229.528963, +14 cols
    [CG]   [DIAG] iter=7 posCols=14 newCols=14 effImprove=14 updated=0
    [CG] CG iter 8: obj=2520849.400033, maxRC=374610.695890, +15 cols
    [CG]   [DIAG] iter=8 posCols=15 newCols=15 effImprove=15 updated=0
    [CG] CG iter 9: obj=2579447.008297, maxRC=313751.806693, +14 cols
    [CG]   [DIAG] iter=9 posCols=14 newCols=14 effImprove=14 updated=0
    [CG] CG iter 10: obj=2611945.003040, maxRC=241697.492226, +12 cols
    [CG]   [DIAG] iter=10 posCols=12 newCols=12 effImprove=12 updated=0
    [CG] CG iter 11: obj=2679823.784232, maxRC=190269.441504, +12 cols
    [CG]   [DIAG] iter=11 posCols=12 newCols=12 effImprove=12 updated=0
    [CG] CG iter 12: obj=2680434.519337, maxRC=159171.851976, +12 cols
    [CG]   [DIAG] iter=12 posCols=12 newCols=12 effImprove=12 updated=0
    [CG] CG iter 13: obj=2707895.492169, maxRC=213337.086388, +12 cols
    [CG]   [DIAG] iter=13 posCols=12 newCols=12 effImprove=12 updated=0
    [CG] CG iter 14: obj=2707895.492169, maxRC=189390.520804, +12 cols
    [CG]   [DIAG] iter=14 posCols=12 newCols=12 effImprove=12 updated=0
    [CG] CG iter 15: obj=2707895.492169, maxRC=159535.578652, +12 cols
    [CG]   [DIAG] iter=15 posCols=12 newCols=12 effImprove=12 updated=0
    [CG] CG iter 16: obj=2710074.848909, maxRC=194429.403115, +12 cols
    [CG]   [DIAG] iter=16 posCols=12 newCols=12 effImprove=12 updated=0
    [CG] CG iter 17: obj=2718530.443184, maxRC=92771.879441, +12 cols
    [CG]   [DIAG] iter=17 posCols=12 newCols=12 effImprove=12 updated=0
    [CG] CG iter 18: obj=2722759.257826, maxRC=59530.300016, +10 cols
    [CG]   [DIAG] iter=18 posCols=10 newCols=10 effImprove=10 updated=0
    [CG] CG iter 19: obj=2736580.828414, maxRC=101091.255193, +9 cols
    [CG]   [DIAG] iter=19 posCols=9 newCols=9 effImprove=9 updated=0
    [CG] CG iter 20: obj=2736580.828414, maxRC=126205.330003, +9 cols
    [CG]   [DIAG] iter=20 posCols=9 newCols=9 effImprove=9 updated=0
    [CG] CG iter 21: obj=2737913.512793, maxRC=94825.075992, +11 cols
    [CG]   [DIAG] iter=21 posCols=11 newCols=11 effImprove=11 updated=0
    [CG] CG iter 22: obj=2739456.917859, maxRC=91147.287102, +12 cols
    [CG]   [DIAG] iter=22 posCols=12 newCols=12 effImprove=12 updated=0
    [CG] CG iter 23: obj=2739456.917859, maxRC=62116.066636, +9 cols
    [CG]   [DIAG] iter=23 posCols=9 newCols=9 effImprove=9 updated=0
    [CG] CG iter 24: obj=2739456.917859, maxRC=42442.651660, +9 cols
    [CG]   [DIAG] iter=24 posCols=9 newCols=9 effImprove=9 updated=0
    [CG] CG iter 25: obj=2740798.474124, maxRC=37327.403780, +9 cols
    [CG]   [DIAG] iter=25 posCols=9 newCols=9 effImprove=9 updated=0
    [CG] CG iter 26: obj=2746615.780900, maxRC=51092.161238, +9 cols
    [CG]   [DIAG] iter=26 posCols=9 newCols=9 effImprove=9 updated=0
    [CG] CG iter 27: obj=2746615.780900, maxRC=36616.343300, +9 cols
    [CG]   [DIAG] iter=27 posCols=9 newCols=9 effImprove=9 updated=0
    [CG] CG iter 28: obj=2748294.482898, maxRC=42076.697649, +9 cols
    [CG]   [DIAG] iter=28 posCols=9 newCols=9 effImprove=9 updated=0
    [CG] CG iter 29: obj=2755958.699487, maxRC=37816.861180, +9 cols
    [CG]   [DIAG] iter=29 posCols=9 newCols=9 effImprove=9 updated=0
    [CG] CG iter 30: obj=2757451.196618, maxRC=28643.068971, +9 cols
    [CG]   [DIAG] iter=30 posCols=9 newCols=9 effImprove=9 updated=0
    [CG] CG iter 31: obj=2758907.514882, maxRC=26656.681042, +9 cols
    [CG]   [DIAG] iter=31 posCols=9 newCols=9 effImprove=9 updated=0
    [CG] CG iter 32: obj=2762046.477539, maxRC=32328.384103, +9 cols
    [CG]   [DIAG] iter=32 posCols=9 newCols=9 effImprove=9 updated=0
    [CG] CG iter 33: obj=2762099.590199, maxRC=25926.213838, +8 cols
    [CG]   [DIAG] iter=33 posCols=8 newCols=8 effImprove=8 updated=0
    [CG] CG iter 34: obj=2778692.989111, maxRC=28248.350074, +9 cols
    [CG]   [DIAG] iter=34 posCols=9 newCols=9 effImprove=9 updated=0
    [CG] CG iter 35: obj=2778692.989111, maxRC=16697.219300, +7 cols
    [CG]   [DIAG] iter=35 posCols=7 newCols=7 effImprove=7 updated=0
    [CG] CG iter 36: obj=2778692.989111, maxRC=23949.034358, +8 cols
    [CG]   [DIAG] iter=36 posCols=8 newCols=8 effImprove=8 updated=0
    [CG] CG iter 37: obj=2778692.989111, maxRC=20189.478535, +7 cols
    [CG]   [DIAG] iter=37 posCols=7 newCols=7 effImprove=7 updated=0
    [CG] CG iter 38: obj=2778692.989111, maxRC=30946.778336, +9 cols
    [CG]   [DIAG] iter=38 posCols=9 newCols=9 effImprove=9 updated=0
    [CG] CG iter 39: obj=2778692.989111, maxRC=19407.352011, +7 cols
    [CG]   [DIAG] iter=39 posCols=7 newCols=7 effImprove=7 updated=0
    [CG] CG iter 40: obj=2778692.989111, maxRC=18564.096186, +7 cols
    [CG]   [DIAG] iter=40 posCols=7 newCols=7 effImprove=7 updated=0
    [CG] CG iter 41: obj=2778692.989111, maxRC=22302.769106, +6 cols
    [CG]   [DIAG] iter=41 posCols=6 newCols=6 effImprove=6 updated=0
    [CG] CG iter 42: obj=2778692.989111, maxRC=22052.275773, +6 cols
    [CG]   [DIAG] iter=42 posCols=6 newCols=6 effImprove=6 updated=0
    [CG] CG iter 43: obj=2778692.989111, maxRC=15149.076812, +7 cols
    [CG]   [DIAG] iter=43 posCols=7 newCols=7 effImprove=7 updated=0
    [CG] CG iter 44: obj=2778692.989111, maxRC=10993.728393, +6 cols
    [CG]   [DIAG] iter=44 posCols=6 newCols=6 effImprove=6 updated=0
    [CG] CG iter 45: obj=2778692.989111, maxRC=9178.068103, +4 cols
    [CG]   [DIAG] iter=45 posCols=4 newCols=4 effImprove=4 updated=0
    [CG] CG iter 46: obj=2778692.989111, maxRC=8273.484427, +5 cols
    [CG]   [DIAG] iter=46 posCols=5 newCols=5 effImprove=5 updated=0
    [CG] CG iter 47: obj=2778692.989111, maxRC=6123.520014, +5 cols
    [CG]   [DIAG] iter=47 posCols=5 newCols=5 effImprove=5 updated=0
    [CG] CG iter 48: obj=2778692.989111, maxRC=4140.437164, +4 cols
    [CG]   [DIAG] iter=48 posCols=4 newCols=4 effImprove=4 updated=0
    [CG] CG iter 49: obj=2778692.989111, maxRC=10444.841022, +5 cols
    [CG]   [DIAG] iter=49 posCols=5 newCols=5 effImprove=5 updated=0
    [CG] CG iter 50: obj=2778692.989111, maxRC=11941.839819, +5 cols
    [CG]   [DIAG] iter=50 posCols=5 newCols=5 effImprove=5 updated=0
    [CG] CG iter 51: obj=2778692.989111, maxRC=3834.824423, +5 cols
    [CG]   [DIAG] iter=51 posCols=5 newCols=5 effImprove=5 updated=0
    [CG] CG iter 52: obj=2778692.989111, maxRC=2844.102542, +5 cols
    [CG]   [DIAG] iter=52 posCols=5 newCols=5 effImprove=5 updated=0
    [CG] CG iter 53: obj=2778692.989111, maxRC=1503.822260, +2 cols
    [CG]   [DIAG] iter=53 posCols=2 newCols=2 effImprove=2 updated=0
    [CG] CG iter 54: obj=2778692.989111, maxRC=1658.887223, +4 cols
    [CG]   [DIAG] iter=54 posCols=4 newCols=4 effImprove=4 updated=0
    [CG] CG iter 55: obj=2778692.989111, maxRC=1228.287558, +4 cols
    [CG]   [DIAG] iter=55 posCols=4 newCols=4 effImprove=4 updated=0
    [CG] CG iter 56: obj=2778692.989111, maxRC=770.823363, +3 cols
    [CG]   [DIAG] iter=56 posCols=3 newCols=3 effImprove=3 updated=0
    [CG] CG iter 57: obj=2778692.989111, maxRC=1293.346868, +3 cols
    [CG]   [DIAG] iter=57 posCols=3 newCols=3 effImprove=3 updated=0
    [CG] CG iter 58: obj=2778692.989111, maxRC=455.046579, +3 cols
    [CG]   [DIAG] iter=58 posCols=3 newCols=3 effImprove=3 updated=0
    [CG] CG iter 59: obj=2778692.989111, maxRC=972.407060, +1 cols
    [CG]   [DIAG] iter=59 posCols=1 newCols=1 effImprove=1 updated=0
    [CG] CG iter 60: obj=2778692.989111, maxRC=295.116566, +1 cols
    [CG]   [DIAG] iter=60 posCols=1 newCols=1 effImprove=1 updated=0
    [CG] CG iter 61: obj=2778692.989111, maxRC=231.400139, +1 cols
    [CG]   [DIAG] iter=61 posCols=1 newCols=1 effImprove=1 updated=0
    [CG] CG iter 62: obj=2778692.989111, maxRC=225.710564, +1 cols
    [CG]   [DIAG] iter=62 posCols=1 newCols=1 effImprove=1 updated=0
    [CG] CG iter 63: obj=2778692.989111, maxRC=278.828891, +1 cols
    [CG]   [DIAG] iter=63 posCols=1 newCols=1 effImprove=1 updated=0
    [CG] CG iter 64: obj=2778692.989111, maxRC=214.882304, +1 cols
    [CG]   [DIAG] iter=64 posCols=1 newCols=1 effImprove=1 updated=0
    [CG] 列生成收敛，共 65 轮迭代
    [CG] [CG-NODE] depth=0 exit=CERTIFIED certified=1 feasible=1 iters=65 generatedColsBeforeNode=0 newCols=567 posCandidates=568 duplicateCandidates=1 updatedCols=1 zeroObjImproveIters=39 objFirst=869559.281492 objLast=2778692.989111 objGain=1909133.707619 maxRC=2089155.607635 wallSec=0.763137 pricingSec=0.704042 cplexSolveSec=0.030940
      [BB] 根节点即为整数解，obj=2778692.989111
