    [CG] 列生成开始，初始列数=310
    [CG] CG iter 1: obj=898964.450409, maxRC=2097765.728655, +28 cols
    [CG]   [DIAG] iter=1 posCols=28 newCols=28 effImprove=28 updated=0
    [CG] CG iter 2: obj=2357764.086468, maxRC=434441.189564, +21 cols
    [CG]   [DIAG] iter=2 posCols=21 newCols=21 effImprove=21 updated=0
    [CG] CG iter 3: obj=2406086.897779, maxRC=653701.743924, +24 cols
    [CG]   [DIAG] iter=3 posCols=24 newCols=24 effImprove=24 updated=0
    [CG] CG iter 4: obj=2432464.741206, maxRC=615814.197851, +25 cols
    [CG]   [DIAG] iter=4 posCols=25 newCols=25 effImprove=25 updated=0
    [CG] CG iter 5: obj=2455297.526347, maxRC=406045.065744, +22 cols
    [CG]   [DIAG] iter=5 posCols=22 newCols=22 effImprove=22 updated=0
    [CG] CG iter 6: obj=2469201.768022, maxRC=519873.138048, +23 cols
    [CG]   [DIAG] iter=6 posCols=23 newCols=23 effImprove=23 updated=0
    [CG] CG iter 7: obj=2497755.446572, maxRC=319614.210943, +20 cols
    [CG]   [DIAG] iter=7 posCols=20 newCols=20 effImprove=20 updated=0
    [CG] CG iter 8: obj=2527320.003941, maxRC=199801.411152, +14 cols
    [CG]   [DIAG] iter=8 posCols=14 newCols=14 effImprove=14 updated=0
    [CG] CG iter 9: obj=2566148.480031, maxRC=238264.763944, +14 cols
    [CG]   [DIAG] iter=9 posCols=14 newCols=14 effImprove=14 updated=0
    [CG] CG iter 10: obj=2603477.732646, maxRC=191453.918863, +14 cols
    [CG]   [DIAG] iter=10 posCols=14 newCols=14 effImprove=14 updated=0
    [CG] CG iter 11: obj=2627617.289654, maxRC=212675.025201, +14 cols
    [CG]   [DIAG] iter=11 posCols=14 newCols=14 effImprove=14 updated=0
    [CG] CG iter 12: obj=2630990.626051, maxRC=137224.762543, +12 cols
    [CG]   [DIAG] iter=12 posCols=12 newCols=12 effImprove=12 updated=0
    [CG] CG iter 13: obj=2645332.510295, maxRC=120513.450440, +13 cols
    [CG]   [DIAG] iter=13 posCols=13 newCols=13 effImprove=13 updated=0
    [CG] CG iter 14: obj=2645332.510295, maxRC=129047.087517, +12 cols
    [CG]   [DIAG] iter=14 posCols=12 newCols=12 effImprove=12 updated=0
    [CG] CG iter 15: obj=2645332.510295, maxRC=91213.571208, +12 cols
    [CG]   [DIAG] iter=15 posCols=12 newCols=12 effImprove=12 updated=0
    [CG] CG iter 16: obj=2647721.094658, maxRC=122296.795015, +12 cols
    [CG]   [DIAG] iter=16 posCols=12 newCols=12 effImprove=12 updated=0
    [CG] CG iter 17: obj=2658261.250226, maxRC=65738.587676, +11 cols
    [CG]   [DIAG] iter=17 posCols=11 newCols=11 effImprove=11 updated=0
    [CG] CG iter 18: obj=2669787.976599, maxRC=129252.613602, +11 cols
    [CG]   [DIAG] iter=18 posCols=11 newCols=11 effImprove=11 updated=0
    [CG] CG iter 19: obj=2669787.976599, maxRC=97782.356853, +10 cols
    [CG]   [DIAG] iter=19 posCols=10 newCols=9 effImprove=10 updated=1
    [CG] CG iter 20: obj=2671243.269844, maxRC=46533.914546, +10 cols
    [CG]   [DIAG] iter=20 posCols=10 newCols=9 effImprove=10 updated=1
    [CG] CG iter 21: obj=2673898.894786, maxRC=31430.400534, +9 cols
    [CG]   [DIAG] iter=21 posCols=9 newCols=9 effImprove=9 updated=0
    [CG] CG iter 22: obj=2673898.894786, maxRC=37841.630273, +12 cols
    [CG]   [DIAG] iter=22 posCols=12 newCols=12 effImprove=12 updated=0
    [CG] CG iter 23: obj=2681777.578911, maxRC=47036.047273, +12 cols
    [CG]   [DIAG] iter=23 posCols=12 newCols=12 effImprove=12 updated=0
    [CG] CG iter 24: obj=2681777.578911, maxRC=48924.489038, +9 cols
    [CG]   [DIAG] iter=24 posCols=9 newCols=9 effImprove=9 updated=0
    [CG] CG iter 25: obj=2681777.578911, maxRC=30508.582979, +12 cols
    [CG]   [DIAG] iter=25 posCols=12 newCols=12 effImprove=12 updated=0
    [CG] CG iter 26: obj=2685680.507709, maxRC=35882.997347, +11 cols
    [CG]   [DIAG] iter=26 posCols=11 newCols=11 effImprove=11 updated=0
    [CG] CG iter 27: obj=2689196.371047, maxRC=17600.777409, +9 cols
    [CG]   [DIAG] iter=27 posCols=9 newCols=9 effImprove=9 updated=0
    [CG] CG iter 28: obj=2689196.371047, maxRC=12000.427041, +8 cols
    [CG]   [DIAG] iter=28 posCols=8 newCols=8 effImprove=8 updated=0
    [CG] CG iter 29: obj=2691194.530231, maxRC=9723.368866, +7 cols
    [CG]   [DIAG] iter=29 posCols=7 newCols=6 effImprove=7 updated=1
    [CG] CG iter 30: obj=2695376.315574, maxRC=13088.102278, +6 cols
    [CG]   [DIAG] iter=30 posCols=6 newCols=6 effImprove=6 updated=0
    [CG] CG iter 31: obj=2695909.062705, maxRC=7285.203839, +6 cols
    [CG]   [DIAG] iter=31 posCols=6 newCols=6 effImprove=6 updated=0
    [CG] CG iter 32: obj=2697682.725373, maxRC=4839.110197, +6 cols
    [CG]   [DIAG] iter=32 posCols=6 newCols=6 effImprove=6 updated=0
    [CG] CG iter 33: obj=2697682.725373, maxRC=4721.236698, +4 cols
    [CG]   [DIAG] iter=33 posCols=4 newCols=4 effImprove=4 updated=0
    [CG] CG iter 34: obj=2702403.962071, maxRC=3217.181126, +3 cols
    [CG]   [DIAG] iter=34 posCols=3 newCols=3 effImprove=3 updated=0
    [CG] CG iter 35: obj=2702403.962071, maxRC=1687.884527, +3 cols
    [CG]   [DIAG] iter=35 posCols=3 newCols=3 effImprove=3 updated=0
    [CG] CG iter 36: obj=2702403.962071, maxRC=590.589702, +2 cols
    [CG]   [DIAG] iter=36 posCols=2 newCols=2 effImprove=2 updated=0
    [CG] CG iter 37: obj=2702403.962071, maxRC=503.486874, +2 cols
    [CG]   [DIAG] iter=37 posCols=2 newCols=2 effImprove=2 updated=0
    [CG] CG iter 38: obj=2702403.962071, maxRC=454.071505, +1 cols
    [CG]   [DIAG] iter=38 posCols=1 newCols=1 effImprove=1 updated=0
    [CG] CG iter 39: obj=2702403.962071, maxRC=332.834875, +1 cols
    [CG]   [DIAG] iter=39 posCols=1 newCols=1 effImprove=1 updated=0
    [CG] CG iter 40: obj=2702403.962071, maxRC=95.774336, +1 cols
    [CG]   [DIAG] iter=40 posCols=1 newCols=1 effImprove=1 updated=0
    [CG] 列生成收敛，共 41 轮迭代
    [CG] [CG-NODE] depth=0 exit=CERTIFIED certified=1 feasible=1 iters=41 generatedColsBeforeNode=0 newCols=443 posCandidates=446 duplicateCandidates=3 updatedCols=3 zeroObjImproveIters=15 objFirst=898964.450409 objLast=2702403.962071 objGain=1803439.511662 maxRC=2097765.728655 wallSec=0.472891 pricingSec=0.428473 cplexSolveSec=0.018327
      [BB] 根节点即为整数解，obj=2702403.962071
