    [CG] 列生成开始，初始列数=310
    [CG] CG iter 1: obj=906621.930160, maxRC=1908713.832695, +30 cols
    [CG]   [DIAG] iter=1 posCols=30 newCols=30 effImprove=30 updated=0
    [CG] CG iter 2: obj=2294976.652615, maxRC=590938.013251, +24 cols
    [CG]   [DIAG] iter=2 posCols=24 newCols=24 effImprove=24 updated=0
    [CG] CG iter 3: obj=2309839.760733, maxRC=688722.853381, +27 cols
    [CG]   [DIAG] iter=3 posCols=27 newCols=27 effImprove=27 updated=0
    [CG] CG iter 4: obj=2360861.399738, maxRC=413642.929524, +24 cols
    [CG]   [DIAG] iter=4 posCols=24 newCols=24 effImprove=24 updated=0
    [CG] CG iter 5: obj=2398376.985932, maxRC=391140.679445, +22 cols
    [CG]   [DIAG] iter=5 posCols=22 newCols=22 effImprove=22 updated=0
    [CG] CG iter 6: obj=2400925.650851, maxRC=367061.593064, +21 cols
    [CG]   [DIAG] iter=6 posCols=21 newCols=21 effImprove=21 updated=0
    [CG] CG iter 7: obj=2480391.527103, maxRC=187849.061637, +15 cols
    [CG]   [DIAG] iter=7 posCols=15 newCols=15 effImprove=15 updated=0
    [CG] CG iter 8: obj=2575953.214930, maxRC=131785.687302, +13 cols
    [CG]   [DIAG] iter=8 posCols=13 newCols=13 effImprove=13 updated=0
    [CG] CG iter 9: obj=2652237.905598, maxRC=147058.585659, +13 cols
    [CG]   [DIAG] iter=9 posCols=13 newCols=13 effImprove=13 updated=0
    [CG] CG iter 10: obj=2652237.905598, maxRC=148146.528748, +12 cols
    [CG]   [DIAG] iter=10 posCols=12 newCols=12 effImprove=12 updated=0
    [CG] CG iter 11: obj=2652237.905598, maxRC=93464.276051, +10 cols
    [CG]   [DIAG] iter=11 posCols=10 newCols=10 effImprove=10 updated=0
    [CG] CG iter 12: obj=2652237.905598, maxRC=72772.463797, +12 cols
    [CG]   [DIAG] iter=12 posCols=12 newCols=11 effImprove=12 updated=1
    [CG] CG iter 13: obj=2652237.905598, maxRC=64539.797933, +12 cols
    [CG]   [DIAG] iter=13 posCols=12 newCols=12 effImprove=12 updated=0
    [CG] CG iter 14: obj=2652237.905598, maxRC=124351.346460, +12 cols
    [CG]   [DIAG] iter=14 posCols=12 newCols=12 effImprove=12 updated=0
    [CG] CG iter 15: obj=2652237.905598, maxRC=128382.847272, +12 cols
    [CG]   [DIAG] iter=15 posCols=12 newCols=12 effImprove=12 updated=0
    [CG] CG iter 16: obj=2652237.905598, maxRC=139183.869295, +12 cols
    [CG]   [DIAG] iter=16 posCols=12 newCols=12 effImprove=12 updated=0
    [CG] CG iter 17: obj=2652237.905598, maxRC=139054.040397, +12 cols
    [CG]   [DIAG] iter=17 posCols=12 newCols=12 effImprove=12 updated=0
    [CG] CG iter 18: obj=2659988.034794, maxRC=124661.303584, +12 cols
    [CG]   [DIAG] iter=18 posCols=12 newCols=12 effImprove=12 updated=0
    [CG] CG iter 19: obj=2659988.034794, maxRC=143572.461049, +12 cols
    [CG]   [DIAG] iter=19 posCols=12 newCols=12 effImprove=12 updated=0
    [CG] CG iter 20: obj=2661421.062211, maxRC=56154.111846, +12 cols
    [CG]   [DIAG] iter=20 posCols=12 newCols=12 effImprove=12 updated=0
    [CG] CG iter 21: obj=2662969.389839, maxRC=40252.756131, +12 cols
    [CG]   [DIAG] iter=21 posCols=12 newCols=12 effImprove=12 updated=0
    [CG] CG iter 22: obj=2673089.901097, maxRC=52342.096196, +12 cols
    [CG]   [DIAG] iter=22 posCols=12 newCols=12 effImprove=12 updated=0
    [CG] CG iter 23: obj=2679057.212460, maxRC=36462.768850, +11 cols
    [CG]   [DIAG] iter=23 posCols=11 newCols=11 effImprove=11 updated=0
    [CG] CG iter 24: obj=2687295.072183, maxRC=29037.077411, +12 cols
    [CG]   [DIAG] iter=24 posCols=12 newCols=12 effImprove=12 updated=0
    [CG] CG iter 25: obj=2689806.454979, maxRC=29170.206042, +9 cols
    [CG]   [DIAG] iter=25 posCols=9 newCols=9 effImprove=9 updated=0
    [CG] CG iter 26: obj=2691278.153876, maxRC=20053.790749, +9 cols
    [CG]   [DIAG] iter=26 posCols=9 newCols=9 effImprove=9 updated=0
    [CG] CG iter 27: obj=2691625.378846, maxRC=12174.044379, +9 cols
    [CG]   [DIAG] iter=27 posCols=9 newCols=9 effImprove=9 updated=0
    [CG] CG iter 28: obj=2697712.401036, maxRC=11701.563948, +8 cols
    [CG]   [DIAG] iter=28 posCols=8 newCols=8 effImprove=8 updated=0
    [CG] CG iter 29: obj=2700639.307119, maxRC=13656.458823, +8 cols
    [CG]   [DIAG] iter=29 posCols=8 newCols=8 effImprove=8 updated=0
    [CG] CG iter 30: obj=2705724.515959, maxRC=11308.215599, +6 cols
    [CG]   [DIAG] iter=30 posCols=6 newCols=6 effImprove=6 updated=0
    [CG] CG iter 31: obj=2705724.515959, maxRC=6476.929948, +4 cols
    [CG]   [DIAG] iter=31 posCols=4 newCols=4 effImprove=4 updated=0
    [CG] CG iter 32: obj=2705724.515959, maxRC=9192.765488, +5 cols
    [CG]   [DIAG] iter=32 posCols=5 newCols=5 effImprove=5 updated=0
    [CG] CG iter 33: obj=2705724.515959, maxRC=5247.890358, +5 cols
    [CG]   [DIAG] iter=33 posCols=5 newCols=5 effImprove=5 updated=0
    [CG] CG iter 34: obj=2707583.370450, maxRC=2505.428790, +3 cols
    [CG]   [DIAG] iter=34 posCols=3 newCols=3 effImprove=3 updated=0
    [CG] CG iter 35: obj=2707583.370450, maxRC=1737.473926, +3 cols
    [CG]   [DIAG] iter=35 posCols=3 newCols=3 effImprove=3 updated=0
    [CG] CG iter 36: obj=2707583.370450, maxRC=1358.507362, +3 cols
    [CG]   [DIAG] iter=36 posCols=3 newCols=3 effImprove=3 updated=0
    [CG] CG iter 37: obj=2707583.370450, maxRC=1608.033629, +3 cols
    [CG]   [DIAG] iter=37 posCols=3 newCols=3 effImprove=3 updated=0
    [CG] CG iter 38: obj=2707583.370450, maxRC=728.371854, +3 cols
    [CG]   [DIAG] iter=38 posCols=3 newCols=3 effImprove=3 updated=0
    [CG] CG iter 39: obj=2707583.370450, maxRC=832.312285, +3 cols
    [CG]   [DIAG] iter=39 posCols=3 newCols=3 effImprove=3 updated=0
    [CG] CG iter 40: obj=2707583.370450, maxRC=308.884185, +3 cols
    [CG]   [DIAG] iter=40 posCols=3 newCols=3 effImprove=3 updated=0
    [CG] CG iter 41: obj=2707583.370450, maxRC=239.450578, +3 cols
    [CG]   [DIAG] iter=41 posCols=3 newCols=3 effImprove=3 updated=0
    [CG] CG iter 42: obj=2707583.370450, maxRC=64.281993, +1 cols
    [CG]   [DIAG] iter=42 posCols=1 newCols=1 effImprove=1 updated=0
    [CG] 列生成收敛，共 43 轮迭代
    [CG] [CG-NODE] depth=0 exit=CERTIFIED certified=1 feasible=1 iters=43 generatedColsBeforeNode=0 newCols=453 posCandidates=454 duplicateCandidates=1 updatedCols=1 zeroObjImproveIters=21 objFirst=906621.930160 objLast=2707583.370450 objGain=1800961.440290 maxRC=1908713.832695 wallSec=0.498234 pricingSec=0.449150 cplexSolveSec=0.021979
      [BB] 根节点即为整数解，obj=2707583.370450
