    [CG] 列生成开始，初始列数=310
    [CG] CG iter 1: obj=882561.268147, maxRC=2035530.023506, +30 cols
    [CG]   [DIAG] iter=1 posCols=30 newCols=30 effImprove=30 updated=0
    [CG] CG iter 2: obj=2313452.732355, maxRC=408286.361258, +21 cols
    [CG]   [DIAG] iter=2 posCols=21 newCols=21 effImprove=21 updated=0
    [CG] CG iter 3: obj=2440877.684012, maxRC=790558.265467, +26 cols
    [CG]   [DIAG] iter=3 posCols=26 newCols=26 effImprove=26 updated=0
    [CG] CG iter 4: obj=2440877.684012, maxRC=645727.502487, +24 cols
    [CG]   [DIAG] iter=4 posCols=24 newCols=24 effImprove=24 updated=0
    [CG] CG iter 5: obj=2472316.178066, maxRC=451207.922530, +23 cols
    [CG]   [DIAG] iter=5 posCols=23 newCols=23 effImprove=23 updated=0
    [CG] CG iter 6: obj=2484216.920702, maxRC=302280.908924, +21 cols
    [CG]   [DIAG] iter=6 posCols=21 newCols=21 effImprove=21 updated=0
    [CG] CG iter 7: obj=2494025.486390, maxRC=376145.162413, +20 cols
    [CG]   [DIAG] iter=7 posCols=20 newCols=20 effImprove=20 updated=0
    [CG] CG iter 8: obj=2494025.486390, maxRC=275080.705099, +19 cols
    [CG]   [DIAG] iter=8 posCols=19 newCols=19 effImprove=19 updated=0
    [CG] CG iter 9: obj=2568355.262788, maxRC=216945.187392, +15 cols
    [CG]   [DIAG] iter=9 posCols=15 newCols=15 effImprove=15 updated=0
    [CG] CG iter 10: obj=2615455.733037, maxRC=276145.565777, +14 cols
    [CG]   [DIAG] iter=10 posCols=14 newCols=14 effImprove=14 updated=0
    [CG] CG iter 11: obj=2655778.480431, maxRC=176749.515992, +15 cols
    [CG]   [DIAG] iter=11 posCols=15 newCols=15 effImprove=15 updated=0
    [CG] CG iter 12: obj=2674757.051993, maxRC=163009.344726, +12 cols
    [CG]   [DIAG] iter=12 posCols=12 newCols=12 effImprove=12 updated=0
    [CG] CG iter 13: obj=2684871.585671, maxRC=163136.973204, +15 cols
    [CG]   [DIAG] iter=13 posCols=15 newCols=15 effImprove=15 updated=0
    [CG] CG iter 14: obj=2684871.585671, maxRC=155504.488714, +12 cols
    [CG]   [DIAG] iter=14 posCols=12 newCols=12 effImprove=12 updated=0
    [CG] CG iter 15: obj=2705187.393554, maxRC=159255.688760, +14 cols
    [CG]   [DIAG] iter=15 posCols=14 newCols=14 effImprove=14 updated=0
    [CG] CG iter 16: obj=2705187.393554, maxRC=106619.732251, +12 cols
    [CG]   [DIAG] iter=16 posCols=12 newCols=12 effImprove=12 updated=0
    [CG] CG iter 17: obj=2705187.393554, maxRC=111284.218551, +12 cols
    [CG]   [DIAG] iter=17 posCols=12 newCols=12 effImprove=12 updated=0
    [CG] CG iter 18: obj=2705187.393554, maxRC=82601.966140, +12 cols
    [CG]   [DIAG] iter=18 posCols=12 newCols=12 effImprove=12 updated=0
    [CG] CG iter 19: obj=2705187.393554, maxRC=85020.360262, +12 cols
    [CG]   [DIAG] iter=19 posCols=12 newCols=12 effImprove=12 updated=0
    [CG] CG iter 20: obj=2705187.393554, maxRC=80487.997198, +12 cols
    [CG]   [DIAG] iter=20 posCols=12 newCols=12 effImprove=12 updated=0
    [CG] CG iter 21: obj=2707237.421300, maxRC=73431.289058, +11 cols
    [CG]   [DIAG] iter=21 posCols=11 newCols=11 effImprove=11 updated=0
    [CG] CG iter 22: obj=2713959.525647, maxRC=59197.834638, +9 cols
    [CG]   [DIAG] iter=22 posCols=9 newCols=9 effImprove=9 updated=0
    [CG] CG iter 23: obj=2719776.227975, maxRC=44055.196560, +9 cols
    [CG]   [DIAG] iter=23 posCols=9 newCols=9 effImprove=9 updated=0
    [CG] CG iter 24: obj=2726467.948365, maxRC=49339.023206, +11 cols
    [CG]   [DIAG] iter=24 posCols=11 newCols=11 effImprove=11 updated=0
    [CG] CG iter 25: obj=2726817.232173, maxRC=28669.368254, +9 cols
    [CG]   [DIAG] iter=25 posCols=9 newCols=9 effImprove=9 updated=0
    [CG] CG iter 26: obj=2729504.511613, maxRC=30401.072445, +9 cols
    [CG]   [DIAG] iter=26 posCols=9 newCols=9 effImprove=9 updated=0
    [CG] CG iter 27: obj=2740282.248090, maxRC=20287.019406, +9 cols
    [CG]   [DIAG] iter=27 posCols=9 newCols=9 effImprove=9 updated=0
    [CG] CG iter 28: obj=2741824.806186, maxRC=28457.939378, +9 cols
    [CG]   [DIAG] iter=28 posCols=9 newCols=9 effImprove=9 updated=0
    [CG] CG iter 29: obj=2742810.142986, maxRC=35354.678565, +9 cols
    [CG]   [DIAG] iter=29 posCols=9 newCols=9 effImprove=9 updated=0
    [CG] CG iter 30: obj=2745969.303532, maxRC=15980.753316, +9 cols
    [CG]   [DIAG] iter=30 posCols=9 newCols=9 effImprove=9 updated=0
    [CG] CG iter 31: obj=2746387.711956, maxRC=14239.441924, +9 cols
    [CG]   [DIAG] iter=31 posCols=9 newCols=9 effImprove=9 updated=0
    [CG] CG iter 32: obj=2747716.803120, maxRC=7205.194385, +9 cols
    [CG]   [DIAG] iter=32 posCols=9 newCols=9 effImprove=9 updated=0
    [CG] CG iter 33: obj=2750114.803994, maxRC=16986.656646, +9 cols
    [CG]   [DIAG] iter=33 posCols=9 newCols=9 effImprove=9 updated=0
    [CG] CG iter 34: obj=2750114.803994, maxRC=8623.956647, +8 cols
    [CG]   [DIAG] iter=34 posCols=8 newCols=8 effImprove=8 updated=0
    [CG] CG iter 35: obj=2752714.724432, maxRC=6225.606580, +8 cols
    [CG]   [DIAG] iter=35 posCols=8 newCols=8 effImprove=8 updated=0
    [CG] CG iter 36: obj=2752913.451928, maxRC=4945.222441, +6 cols
    [CG]   [DIAG] iter=36 posCols=6 newCols=6 effImprove=6 updated=0
    [CG] CG iter 37: obj=2753254.376365, maxRC=5146.806124, +6 cols
    [CG]   [DIAG] iter=37 posCols=6 newCols=6 effImprove=6 updated=0
    [CG] CG iter 38: obj=2753254.376365, maxRC=4904.628897, +4 cols
    [CG]   [DIAG] iter=38 posCols=4 newCols=4 effImprove=4 updated=0
    [CG] CG iter 39: obj=2753254.376365, maxRC=5990.532973, +4 cols
    [CG]   [DIAG] iter=39 posCols=4 newCols=4 effImprove=4 updated=0
    [CG] CG iter 40: obj=2753254.376365, maxRC=2517.649581, +2 cols
    [CG]   [DIAG] iter=40 posCols=2 newCols=2 effImprove=2 updated=0
    [CG] CG iter 41: obj=2753254.376365, maxRC=1943.168197, +2 cols
    [CG]   [DIAG] iter=41 posCols=2 newCols=2 effImprove=2 updated=0
    [CG] CG iter 42: obj=2753254.376365, maxRC=3299.245143, +2 cols
    [CG]   [DIAG] iter=42 posCols=2 newCols=2 effImprove=2 updated=0
    [CG] CG iter 43: obj=2753254.376365, maxRC=1571.466976, +2 cols
    [CG]   [DIAG] iter=43 posCols=2 newCols=2 effImprove=2 updated=0
    [CG] CG iter 44: obj=2754706.758799, maxRC=1912.057167, +4 cols
    [CG]   [DIAG] iter=44 posCols=4 newCols=4 effImprove=4 updated=0
    [CG] CG iter 45: obj=2754706.758799, maxRC=857.480877, +3 cols
    [CG]   [DIAG] iter=45 posCols=3 newCols=3 effImprove=3 updated=0
    [CG] CG iter 46: obj=2754706.758799, maxRC=343.216650, +2 cols
    [CG]   [DIAG] iter=46 posCols=2 newCols=2 effImprove=2 updated=0
    [CG] CG iter 47: obj=2754706.758799, maxRC=103.345462, +1 cols
    [CG]   [DIAG] iter=47 posCols=1 newCols=1 effImprove=1 updated=0
    [CG] 列生成收敛，共 48 轮迭代
    [CG] [CG-NODE] depth=0 exit=CERTIFIED certified=1 feasible=1 iters=48 generatedColsBeforeNode=0 newCols=516 posCandidates=516 duplicateCandidates=0 updatedCols=0 zeroObjImproveIters=19 objFirst=882561.268147 objLast=2754706.758799 objGain=1872145.490652 maxRC=2035530.023506 wallSec=0.557497 pricingSec=0.528492 cplexSolveSec=0.021725
      [BB] 根节点即为整数解，obj=2754706.758799
