    [CG] 列生成开始，初始列数=310
    [CG] CG iter 1: obj=864537.474295, maxRC=2087468.592832, +30 cols
    [CG]   [DIAG] iter=1 posCols=30 newCols=30 effImprove=30 updated=0
    [CG] CG iter 2: obj=2338175.841052, maxRC=487747.473609, +23 cols
    [CG]   [DIAG] iter=2 posCols=23 newCols=23 effImprove=23 updated=0
    [CG] CG iter 3: obj=2418223.621514, maxRC=700819.095949, +24 cols
    [CG]   [DIAG] iter=3 posCols=24 newCols=24 effImprove=24 updated=0
    [CG] CG iter 4: obj=2418223.621514, maxRC=605882.435184, +24 cols
    [CG]   [DIAG] iter=4 posCols=24 newCols=24 effImprove=24 updated=0
    [CG] CG iter 5: obj=2451595.488673, maxRC=609062.247776, +24 cols
    [CG]   [DIAG] iter=5 posCols=24 newCols=24 effImprove=24 updated=0
    [CG] CG iter 6: obj=2451595.488673, maxRC=428788.213632, +21 cols
    [CG]   [DIAG] iter=6 posCols=21 newCols=21 effImprove=21 updated=0
    [CG] CG iter 7: obj=2451595.488673, maxRC=364379.929293, +19 cols
    [CG]   [DIAG] iter=7 posCols=19 newCols=19 effImprove=19 updated=0
    [CG] CG iter 8: obj=2495560.653217, maxRC=342624.384718, +18 cols
    [CG]   [DIAG] iter=8 posCols=18 newCols=18 effImprove=18 updated=0
    [CG] CG iter 9: obj=2512527.243866, maxRC=285344.457713, +16 cols
    [CG]   [DIAG] iter=9 posCols=16 newCols=16 effImprove=16 updated=0
    [CG] CG iter 10: obj=2550447.540851, maxRC=248890.465319, +14 cols
    [CG]   [DIAG] iter=10 posCols=14 newCols=14 effImprove=14 updated=0
    [CG] CG iter 11: obj=2594522.834801, maxRC=251445.644641, +14 cols
    [CG]   [DIAG] iter=11 posCols=14 newCols=14 effImprove=14 updated=0
    [CG] CG iter 12: obj=2613907.923917, maxRC=156304.508110, +12 cols
    [CG]   [DIAG] iter=12 posCols=12 newCols=12 effImprove=12 updated=0
    [CG] CG iter 13: obj=2643385.154832, maxRC=151834.093749, +11 cols
    [CG]   [DIAG] iter=13 posCols=11 newCols=11 effImprove=11 updated=0
    [CG] CG iter 14: obj=2658415.655594, maxRC=176362.771459, +12 cols
    [CG]   [DIAG] iter=14 posCols=12 newCols=12 effImprove=12 updated=0
    [CG] CG iter 15: obj=2670961.371395, maxRC=164541.863593, +12 cols
    [CG]   [DIAG] iter=15 posCols=12 newCols=11 effImprove=12 updated=1
    [CG] CG iter 16: obj=2675654.013124, maxRC=152454.292872, +12 cols
    [CG]   [DIAG] iter=16 posCols=12 newCols=12 effImprove=12 updated=0
    [CG] CG iter 17: obj=2684101.492301, maxRC=127286.551549, +12 cols
    [CG]   [DIAG] iter=17 posCols=12 newCols=12 effImprove=12 updated=0
    [CG] CG iter 18: obj=2704552.248745, maxRC=114411.840852, +9 cols
    [CG]   [DIAG] iter=18 posCols=9 newCols=9 effImprove=9 updated=0
    [CG] CG iter 19: obj=2704552.248745, maxRC=98324.449047, +9 cols
    [CG]   [DIAG] iter=19 posCols=9 newCols=9 effImprove=9 updated=0
    [CG] CG iter 20: obj=2704552.248745, maxRC=77119.431983, +13 cols
    [CG]   [DIAG] iter=20 posCols=13 newCols=13 effImprove=13 updated=0
    [CG] CG iter 21: obj=2705738.966565, maxRC=71637.284394, +9 cols
    [CG]   [DIAG] iter=21 posCols=9 newCols=9 effImprove=9 updated=0
    [CG] CG iter 22: obj=2712097.635459, maxRC=49888.500166, +9 cols
    [CG]   [DIAG] iter=22 posCols=9 newCols=9 effImprove=9 updated=0
    [CG] CG iter 23: obj=2718614.816780, maxRC=53431.402152, +9 cols
    [CG]   [DIAG] iter=23 posCols=9 newCols=9 effImprove=9 updated=0
    [CG] CG iter 24: obj=2728967.543044, maxRC=51008.645210, +9 cols
    [CG]   [DIAG] iter=24 posCols=9 newCols=9 effImprove=9 updated=0
    [CG] CG iter 25: obj=2731426.138282, maxRC=23159.471933, +9 cols
    [CG]   [DIAG] iter=25 posCols=9 newCols=9 effImprove=9 updated=0
    [CG] CG iter 26: obj=2736641.928283, maxRC=62352.225664, +9 cols
    [CG]   [DIAG] iter=26 posCols=9 newCols=9 effImprove=9 updated=0
    [CG] CG iter 27: obj=2745617.550479, maxRC=38005.146632, +9 cols
    [CG]   [DIAG] iter=27 posCols=9 newCols=9 effImprove=9 updated=0
    [CG] CG iter 28: obj=2747169.778450, maxRC=28690.521519, +9 cols
    [CG]   [DIAG] iter=28 posCols=9 newCols=9 effImprove=9 updated=0
    [CG] CG iter 29: obj=2747169.778450, maxRC=33058.848837, +9 cols
    [CG]   [DIAG] iter=29 posCols=9 newCols=9 effImprove=9 updated=0
    [CG] CG iter 30: obj=2748850.136395, maxRC=24681.355533, +9 cols
    [CG]   [DIAG] iter=30 posCols=9 newCols=9 effImprove=9 updated=0
    [CG] CG iter 31: obj=2752253.355918, maxRC=17859.861903, +9 cols
    [CG]   [DIAG] iter=31 posCols=9 newCols=9 effImprove=9 updated=0
    [CG] CG iter 32: obj=2752916.499639, maxRC=14644.672202, +8 cols
    [CG]   [DIAG] iter=32 posCols=8 newCols=8 effImprove=8 updated=0
    [CG] CG iter 33: obj=2762559.102637, maxRC=27111.347087, +9 cols
    [CG]   [DIAG] iter=33 posCols=9 newCols=9 effImprove=9 updated=0
    [CG] CG iter 34: obj=2762559.102637, maxRC=14559.494480, +8 cols
    [CG]   [DIAG] iter=34 posCols=8 newCols=8 effImprove=8 updated=0
    [CG] CG iter 35: obj=2762559.102637, maxRC=15799.031097, +9 cols
    [CG]   [DIAG] iter=35 posCols=9 newCols=9 effImprove=9 updated=0
    [CG] CG iter 36: obj=2762559.102637, maxRC=9608.486496, +8 cols
    [CG]   [DIAG] iter=36 posCols=8 newCols=8 effImprove=8 updated=0
    [CG] CG iter 37: obj=2762559.102637, maxRC=11072.443169, +9 cols
    [CG]   [DIAG] iter=37 posCols=9 newCols=9 effImprove=9 updated=0
    [CG] CG iter 38: obj=2762559.102637, maxRC=6902.813287, +7 cols
    [CG]   [DIAG] iter=38 posCols=7 newCols=7 effImprove=7 updated=0
    [CG] CG iter 39: obj=2765231.594305, maxRC=8345.187074, +8 cols
    [CG]   [DIAG] iter=39 posCols=8 newCols=8 effImprove=8 updated=0
    [CG] CG iter 40: obj=2765231.594305, maxRC=6206.574603, +5 cols
    [CG]   [DIAG] iter=40 posCols=5 newCols=5 effImprove=5 updated=0
    [CG] CG iter 41: obj=2765231.594305, maxRC=5833.713125, +6 cols
    [CG]   [DIAG] iter=41 posCols=6 newCols=6 effImprove=6 updated=0
    [CG] CG iter 42: obj=2765231.594305, maxRC=5040.436788, +5 cols
    [CG]   [DIAG] iter=42 posCols=5 newCols=5 effImprove=5 updated=0
    [CG] CG iter 43: obj=2765231.594305, maxRC=5019.791985, +3 cols
    [CG]   [DIAG] iter=43 posCols=3 newCols=3 effImprove=3 updated=0
    [CG] CG iter 44: obj=2765231.594305, maxRC=3316.927145, +2 cols
    [CG]   [DIAG] iter=44 posCols=2 newCols=2 effImprove=2 updated=0
    [CG] CG iter 45: obj=2765231.594305, maxRC=3917.384302, +2 cols
    [CG]   [DIAG] iter=45 posCols=2 newCols=2 effImprove=2 updated=0
    [CG] CG iter 46: obj=2765231.594305, maxRC=2662.173911, +2 cols
    [CG]   [DIAG] iter=46 posCols=2 newCols=2 effImprove=2 updated=0
    [CG] CG iter 47: obj=2765231.594305, maxRC=1752.630269, +2 cols
    [CG]   [DIAG] iter=47 posCols=2 newCols=2 effImprove=2 updated=0
    [CG] CG iter 48: obj=2765231.594305, maxRC=2442.812003, +1 cols
    [CG]   [DIAG] iter=48 posCols=1 newCols=1 effImprove=1 updated=0
    [CG] CG iter 49: obj=2765231.594305, maxRC=2001.954628, +2 cols
    [CG]   [DIAG] iter=49 posCols=2 newCols=2 effImprove=2 updated=0
    [CG] CG iter 50: obj=2765231.594305, maxRC=1280.789781, +1 cols
    [CG]   [DIAG] iter=50 posCols=1 newCols=1 effImprove=1 updated=0
    [CG] CG iter 51: obj=2765231.594305, maxRC=896.620860, +1 cols
    [CG]   [DIAG] iter=51 posCols=1 newCols=1 effImprove=1 updated=0
    [CG] CG iter 52: obj=2765231.594305, maxRC=475.197465, +1 cols
    [CG]   [DIAG] iter=52 posCols=1 newCols=1 effImprove=1 updated=0
    [CG] CG iter 53: obj=2765231.594305, maxRC=394.002932, +1 cols
    [CG]   [DIAG] iter=53 posCols=1 newCols=1 effImprove=1 updated=0
    [CG] CG iter 54: obj=2765231.594305, maxRC=329.589796, +1 cols
    [CG]   [DIAG] iter=54 posCols=1 newCols=1 effImprove=1 updated=0
    [CG] CG iter 55: obj=2765231.594305, maxRC=169.429344, +1 cols
    [CG]   [DIAG] iter=55 posCols=1 newCols=1 effImprove=1 updated=0
    [CG] CG iter 56: obj=2765231.594305, maxRC=162.444957, +1 cols
    [CG]   [DIAG] iter=56 posCols=1 newCols=1 effImprove=1 updated=0
    [CG] CG iter 57: obj=2765231.594305, maxRC=148.829334, +1 cols
    [CG]   [DIAG] iter=57 posCols=1 newCols=1 effImprove=1 updated=0
    [CG] 列生成收敛，共 58 轮迭代
    [CG] [CG-NODE] depth=0 exit=CERTIFIED certified=1 feasible=1 iters=58 generatedColsBeforeNode=0 newCols=531 posCandidates=532 duplicateCandidates=1 updatedCols=1 zeroObjImproveIters=30 objFirst=864537.474295 objLast=2765231.594305 objGain=1900694.120010 maxRC=2087468.592832 wallSec=0.682993 pricingSec=0.631765 cplexSolveSec=0.026266
      [BB] 根节点即为整数解，obj=2765231.594305
