    [CG] 列生成开始，初始列数=310
    [CG] CG iter 1: obj=886525.037355, maxRC=2065171.104956, +30 cols
    [CG]   [DIAG] iter=1 posCols=30 newCols=30 effImprove=30 updated=0
    [CG] CG iter 2: obj=2333786.055293, maxRC=369657.619830, +19 cols
    [CG]   [DIAG] iter=2 posCols=19 newCols=19 effImprove=19 updated=0
    [CG] CG iter 3: obj=2402365.894767, maxRC=618744.602880, +23 cols
    [CG]   [DIAG] iter=3 posCols=23 newCols=23 effImprove=23 updated=0
    [CG] CG iter 4: obj=2413054.262181, maxRC=508721.378826, +21 cols
    [CG]   [DIAG] iter=4 posCols=21 newCols=21 effImprove=21 updated=0
    [CG] CG iter 5: obj=2440494.022328, maxRC=402880.028552, +21 cols
    [CG]   [DIAG] iter=5 posCols=21 newCols=21 effImprove=21 updated=0
    [CG] CG iter 6: obj=2483016.716607, maxRC=369077.070867, +21 cols
    [CG]   [DIAG] iter=6 posCols=21 newCols=21 effImprove=21 updated=0
    [CG] CG iter 7: obj=2557857.489299, maxRC=247505.523806, +15 cols
    [CG]   [DIAG] iter=7 posCols=15 newCols=15 effImprove=15 updated=0
    [CG] CG iter 8: obj=2670939.009978, maxRC=264028.888120, +14 cols
    [CG]   [DIAG] iter=8 posCols=14 newCols=14 effImprove=14 updated=0
    [CG] CG iter 9: obj=2670939.009978, maxRC=218589.272741, +13 cols
    [CG]   [DIAG] iter=9 posCols=13 newCols=13 effImprove=13 updated=0
    [CG] CG iter 10: obj=2670939.009978, maxRC=206490.796911, +12 cols
    [CG]   [DIAG] iter=10 posCols=12 newCols=12 effImprove=12 updated=0
    [CG] CG iter 11: obj=2677225.309016, maxRC=162899.149106, +12 cols
    [CG]   [DIAG] iter=11 posCols=12 newCols=12 effImprove=12 updated=0
    [CG] CG iter 12: obj=2682474.697790, maxRC=158810.677121, +12 cols
    [CG]   [DIAG] iter=12 posCols=12 newCols=12 effImprove=12 updated=0
    [CG] CG iter 13: obj=2684567.976829, maxRC=137983.793112, +14 cols
    [CG]   [DIAG] iter=13 posCols=14 newCols=14 effImprove=14 updated=0
    [CG] CG iter 14: obj=2693131.062376, maxRC=120569.804546, +12 cols
    [CG]   [DIAG] iter=14 posCols=12 newCols=12 effImprove=12 updated=0
    [CG] CG iter 15: obj=2700869.793166, maxRC=75201.913747, +12 cols
    [CG]   [DIAG] iter=15 posCols=12 newCols=12 effImprove=12 updated=0
    [CG] CG iter 16: obj=2706086.812672, maxRC=57960.703084, +10 cols
    [CG]   [DIAG] iter=16 posCols=10 newCols=10 effImprove=10 updated=0
    [CG] CG iter 17: obj=2712988.086063, maxRC=48744.099533, +12 cols
    [CG]   [DIAG] iter=17 posCols=12 newCols=12 effImprove=12 updated=0
    [CG] CG iter 18: obj=2717940.950332, maxRC=44916.175641, +10 cols
    [CG]   [DIAG] iter=18 posCols=10 newCols=10 effImprove=10 updated=0
    [CG] CG iter 19: obj=2722665.590775, maxRC=36902.730228, +9 cols
    [CG]   [DIAG] iter=19 posCols=9 newCols=9 effImprove=9 updated=0
    [CG] CG iter 20: obj=2730717.181982, maxRC=53907.144522, +9 cols
    [CG]   [DIAG] iter=20 posCols=9 newCols=9 effImprove=9 updated=0
    [CG] CG iter 21: obj=2734315.624832, maxRC=44034.469305, +9 cols
    [CG]   [DIAG] iter=21 posCols=9 newCols=9 effImprove=9 updated=0
    [CG] CG iter 22: obj=2735263.437011, maxRC=29798.252397, +9 cols
    [CG]   [DIAG] iter=22 posCols=9 newCols=9 effImprove=9 updated=0
    [CG] CG iter 23: obj=2738255.667854, maxRC=26459.132958, +9 cols
    [CG]   [DIAG] iter=23 posCols=9 newCols=9 effImprove=9 updated=0
    [CG] CG iter 24: obj=2741310.802141, maxRC=25688.762899, +9 cols
    [CG]   [DIAG] iter=24 posCols=9 newCols=9 effImprove=9 updated=0
    [CG] CG iter 25: obj=2747095.513659, maxRC=38684.735672, +11 cols
    [CG]   [DIAG] iter=25 posCols=11 newCols=11 effImprove=11 updated=0
    [CG] CG iter 26: obj=2748710.985224, maxRC=20601.744756, +8 cols
    [CG]   [DIAG] iter=26 posCols=8 newCols=8 effImprove=8 updated=0
    [CG] CG iter 27: obj=2761152.202056, maxRC=31097.631882, +8 cols
    [CG]   [DIAG] iter=27 posCols=8 newCols=8 effImprove=8 updated=0
    [CG] CG iter 28: obj=2761308.901152, maxRC=13950.583075, +9 cols
    [CG]   [DIAG] iter=28 posCols=9 newCols=9 effImprove=9 updated=0
    [CG] CG iter 29: obj=2761308.901152, maxRC=11255.817452, +7 cols
    [CG]   [DIAG] iter=29 posCols=7 newCols=7 effImprove=7 updated=0
    [CG] CG iter 30: obj=2761308.901152, maxRC=11041.151080, +6 cols
    [CG]   [DIAG] iter=30 posCols=6 newCols=6 effImprove=6 updated=0
    [CG] CG iter 31: obj=2761308.901152, maxRC=10791.699245, +7 cols
    [CG]   [DIAG] iter=31 posCols=7 newCols=7 effImprove=7 updated=0
    [CG] CG iter 32: obj=2761308.901152, maxRC=6205.361453, +4 cols
    [CG]   [DIAG] iter=32 posCols=4 newCols=4 effImprove=4 updated=0
    [CG] CG iter 33: obj=2761308.901152, maxRC=4855.833733, +3 cols
    [CG]   [DIAG] iter=33 posCols=3 newCols=3 effImprove=3 updated=0
    [CG] CG iter 34: obj=2761308.901152, maxRC=3047.282468, +4 cols
    [CG]   [DIAG] iter=34 posCols=4 newCols=4 effImprove=4 updated=0
    [CG] CG iter 35: obj=2761308.901152, maxRC=4894.810666, +3 cols
    [CG]   [DIAG] iter=35 posCols=3 newCols=3 effImprove=3 updated=0
    [CG] CG iter 36: obj=2761308.901152, maxRC=4784.764110, +3 cols
    [CG]   [DIAG] iter=36 posCols=3 newCols=3 effImprove=3 updated=0
    [CG] CG iter 37: obj=2761308.901152, maxRC=2759.688255, +2 cols
    [CG]   [DIAG] iter=37 posCols=2 newCols=2 effImprove=2 updated=0
    [CG] CG iter 38: obj=2761998.823215, maxRC=1752.127411, +2 cols
    [CG]   [DIAG] iter=38 posCols=2 newCols=2 effImprove=2 updated=0
    [CG] CG iter 39: obj=2761998.823215, maxRC=1333.879583, +2 cols
    [CG]   [DIAG] iter=39 posCols=2 newCols=2 effImprove=2 updated=0
    [CG] CG iter 40: obj=2761998.823215, maxRC=977.569111, +1 cols
    [CG]   [DIAG] iter=40 posCols=1 newCols=1 effImprove=1 updated=0
    [CG] CG iter 41: obj=2761998.823215, maxRC=1018.045294, +1 cols
    [CG]   [DIAG] iter=41 posCols=1 newCols=1 effImprove=1 updated=0
    [CG] CG iter 42: obj=2761998.823215, maxRC=902.087962, +1 cols
    [CG]   [DIAG] iter=42 posCols=1 newCols=1 effImprove=1 updated=0
    [CG] CG iter 43: obj=2762900.911177, maxRC=165.577776, +1 cols
    [CG]   [DIAG] iter=43 posCols=1 newCols=1 effImprove=1 updated=0
    [CG] 列生成收敛，共 44 轮迭代
    [CG] [CG-NODE] depth=0 exit=CERTIFIED certified=1 feasible=1 iters=44 generatedColsBeforeNode=0 newCols=420 posCandidates=420 duplicateCandidates=0 updatedCols=0 zeroObjImproveIters=16 objFirst=886525.037355 objLast=2762900.911177 objGain=1876375.873822 maxRC=2065171.104956 wallSec=0.528942 pricingSec=0.501829 cplexSolveSec=0.019127
      [BB] 根节点即为整数解，obj=2762900.911177
