    [CG] 列生成开始，初始列数=310
    [CG] CG iter 1: obj=899923.096599, maxRC=1146488.781019, +30 cols
    [CG]   [DIAG] iter=1 posCols=30 newCols=30 effImprove=30 updated=0
    [CG] CG iter 2: obj=1626088.389889, maxRC=246707.804097, +27 cols
    [CG]   [DIAG] iter=2 posCols=27 newCols=27 effImprove=27 updated=0
    [CG] CG iter 3: obj=1841546.569726, maxRC=481644.301034, +28 cols
    [CG]   [DIAG] iter=3 posCols=28 newCols=28 effImprove=28 updated=0
    [CG] CG iter 4: obj=1954079.527871, maxRC=175959.957959, +23 cols
    [CG]   [DIAG] iter=4 posCols=23 newCols=23 effImprove=23 updated=0
    [CG] CG iter 5: obj=2041926.430086, maxRC=150336.036760, +20 cols
    [CG]   [DIAG] iter=5 posCols=20 newCols=20 effImprove=20 updated=0
    [CG] CG iter 6: obj=2101831.807394, maxRC=104818.885820, +18 cols
    [CG]   [DIAG] iter=6 posCols=18 newCols=18 effImprove=18 updated=0
    [CG] CG iter 7: obj=2134832.246491, maxRC=89539.844568, +20 cols
    [CG]   [DIAG] iter=7 posCols=20 newCols=20 effImprove=20 updated=0
    [CG] CG iter 8: obj=2191035.545718, maxRC=48559.045616, +18 cols
    [CG]   [DIAG] iter=8 posCols=18 newCols=18 effImprove=18 updated=0
    [CG] CG iter 9: obj=2218916.708925, maxRC=41048.538840, +18 cols
    [CG]   [DIAG] iter=9 posCols=18 newCols=18 effImprove=18 updated=0
    [CG] CG iter 10: obj=2238515.950948, maxRC=38926.767653, +17 cols
    [CG]   [DIAG] iter=10 posCols=17 newCols=17 effImprove=17 updated=0
    [CG] CG iter 11: obj=2254035.928717, maxRC=17748.189321, +18 cols
    [CG]   [DIAG] iter=11 posCols=18 newCols=18 effImprove=18 updated=0
    [CG] CG iter 12: obj=2264624.705538, maxRC=15479.820840, +14 cols
    [CG]   [DIAG] iter=12 posCols=14 newCols=14 effImprove=14 updated=0
    [CG] CG iter 13: obj=2272364.615958, maxRC=9148.601940, +7 cols
    [CG]   [DIAG] iter=13 posCols=7 newCols=7 effImprove=7 updated=0
    [CG] CG iter 14: obj=2272364.615958, maxRC=4934.528496, +3 cols
    [CG]   [DIAG] iter=14 posCols=3 newCols=3 effImprove=3 updated=0
    [CG] CG iter 15: obj=2272821.746388, maxRC=267.670835, +1 cols
    [CG]   [DIAG] iter=15 posCols=1 newCols=1 effImprove=1 updated=0
    [CG] 列生成收敛，共 16 轮迭代
    [CG] [CG-NODE] depth=0 exit=CERTIFIED certified=1 feasible=1 iters=16 generatedColsBeforeNode=0 newCols=262 posCandidates=262 duplicateCandidates=0 updatedCols=0 zeroObjImproveIters=2 objFirst=899923.096599 objLast=2272821.746388 objGain=1372898.649789 maxRC=1146488.781019 wallSec=0.200833 pricingSec=0.188167 cplexSolveSec=0.008166
      [BB] 分支定界开始，根节点LP obj=2272821.746388，最大节点数=10000
      [BB] 根节点启发式下界 LB=1832393.080004（上界=2272821.746388）
    [CG] [BB-DIAG] 分支 x_{dc=1,retailer=15}, 节点数=1
    [CG] 列生成开始，初始列数=562
    [CG] CG iter 17: obj=2272364.615958, maxRC=59089.996872, +21 cols
    [CG]   [DIAG] iter=17 posCols=21 newCols=21 effImprove=21 updated=0
    [CG] CG iter 18: obj=2272364.615958, maxRC=17191.823577, +13 cols
    [CG]   [DIAG] iter=18 posCols=13 newCols=13 effImprove=13 updated=0
    [CG] CG iter 19: obj=2272364.615958, maxRC=5434.632816, +4 cols
    [CG]   [DIAG] iter=19 posCols=4 newCols=3 effImprove=4 updated=1
    [CG] CG iter 20: obj=2272364.615958, maxRC=3437.327637, +2 cols
    [CG]   [DIAG] iter=20 posCols=2 newCols=2 effImprove=2 updated=0
    [CG] 列生成收敛，共 21 轮迭代
    [CG] [CG-NODE] depth=1 exit=CERTIFIED certified=1 feasible=1 iters=5 generatedColsBeforeNode=262 newCols=39 posCandidates=40 duplicateCandidates=1 updatedCols=1 zeroObjImproveIters=4 objFirst=2272364.615958 objLast=2272364.615958 objGain=0.000000 maxRC=59089.996872 wallSec=0.013714 pricingSec=0.008654 cplexSolveSec=0.003457
    [CG] 列生成开始，初始列数=541
    [CG] CG iter 22: obj=2266097.730180, maxRC=49483.101708, +24 cols
    [CG]   [DIAG] iter=22 posCols=24 newCols=24 effImprove=24 updated=0
    [CG] CG iter 23: obj=2270558.459308, maxRC=10031.374161, +11 cols
    [CG]   [DIAG] iter=23 posCols=11 newCols=10 effImprove=11 updated=1
    [CG] CG iter 24: obj=2272200.260078, maxRC=11883.827014, +6 cols
    [CG]   [DIAG] iter=24 posCols=6 newCols=6 effImprove=6 updated=0
    [CG] CG iter 25: obj=2272200.260078, maxRC=5375.949262, +2 cols
    [CG]   [DIAG] iter=25 posCols=2 newCols=1 effImprove=2 updated=1
    [CG] CG iter 26: obj=2272200.260078, maxRC=4752.376034, +1 cols
    [CG]   [DIAG] iter=26 posCols=1 newCols=1 effImprove=1 updated=0
    [CG] CG iter 27: obj=2272200.260078, maxRC=190.650236, +1 cols
    [CG]   [DIAG] iter=27 posCols=1 newCols=1 effImprove=1 updated=0
    [CG] CG iter 28: obj=2272200.260078, maxRC=80.116252, +1 cols
    [CG]   [DIAG] iter=28 posCols=1 newCols=1 effImprove=1 updated=0
    [CG] 列生成收敛，共 29 轮迭代
    [CG] [CG-NODE] depth=1 exit=CERTIFIED certified=1 feasible=1 iters=8 generatedColsBeforeNode=301 newCols=44 posCandidates=46 duplicateCandidates=2 updatedCols=2 zeroObjImproveIters=5 objFirst=2266097.730180 objLast=2272200.260078 objGain=6102.529898 maxRC=49483.101708 wallSec=0.016575 pricingSec=0.010779 cplexSolveSec=0.004187
    [CG] [BB-DIAG] 分支 x_{dc=2,retailer=2}, 节点数=2
    [CG] 列生成开始，初始列数=567
    [CG] CG iter 30: obj=2266097.730180, maxRC=15503.396099, +13 cols
    [CG]   [DIAG] iter=30 posCols=13 newCols=13 effImprove=13 updated=0
    [CG] CG iter 31: obj=2266097.730180, maxRC=16584.079986, +7 cols
    [CG]   [DIAG] iter=31 posCols=7 newCols=7 effImprove=7 updated=0
    [CG] CG iter 32: obj=2266097.730180, maxRC=1902.142134, +2 cols
    [CG]   [DIAG] iter=32 posCols=2 newCols=2 effImprove=2 updated=0
    [CG] CG iter 33: obj=2266097.730180, maxRC=1014.828841, +1 cols
    [CG]   [DIAG] iter=33 posCols=1 newCols=1 effImprove=1 updated=0
    [CG] 列生成收敛，共 34 轮迭代
    [CG] [CG-NODE] depth=2 exit=CERTIFIED certified=1 feasible=1 iters=5 generatedColsBeforeNode=345 newCols=23 posCandidates=23 duplicateCandidates=0 updatedCols=0 zeroObjImproveIters=4 objFirst=2266097.730180 objLast=2266097.730180 objGain=0.000000 maxRC=16584.079986 wallSec=0.012210 pricingSec=0.007173 cplexSolveSec=0.003669
    [CG] 列生成开始，初始列数=528
    [CG] CG iter 35: obj=2264442.424245, maxRC=12575.033172, +14 cols
    [CG]   [DIAG] iter=35 posCols=14 newCols=14 effImprove=14 updated=0
    [CG] CG iter 36: obj=2264442.424245, maxRC=3775.939046, +7 cols
    [CG]   [DIAG] iter=36 posCols=7 newCols=7 effImprove=7 updated=0
    [CG] CG iter 37: obj=2264442.424245, maxRC=1586.059517, +4 cols
    [CG]   [DIAG] iter=37 posCols=4 newCols=4 effImprove=4 updated=0
    [CG] CG iter 38: obj=2264442.424245, maxRC=1522.299481, +1 cols
    [CG]   [DIAG] iter=38 posCols=1 newCols=1 effImprove=1 updated=0
    [CG] CG iter 39: obj=2264442.424245, maxRC=393.988152, +1 cols
    [CG]   [DIAG] iter=39 posCols=1 newCols=1 effImprove=1 updated=0
    [CG] CG iter 40: obj=2264442.424245, maxRC=334.449461, +1 cols
    [CG]   [DIAG] iter=40 posCols=1 newCols=1 effImprove=1 updated=0
    [CG] 列生成收敛，共 41 轮迭代
    [CG] [CG-NODE] depth=2 exit=CERTIFIED certified=1 feasible=1 iters=7 generatedColsBeforeNode=368 newCols=28 posCandidates=28 duplicateCandidates=0 updatedCols=0 zeroObjImproveIters=6 objFirst=2264442.424245 objLast=2264442.424245 objGain=0.000000 maxRC=12575.033172 wallSec=0.014852 pricingSec=0.009965 cplexSolveSec=0.003500
    [CG] [BB-INCUMBENT] selection=3 node=2 previous=1832393.080004 value=2264442.424245 active=2
    [CG] [BB-NODESEL] strategy=hybrid choice=dfs eligibleCount=1 active=2 gap=0.003499
    [CG] [BB-INCUMBENT] selection=4 node=2 previous=2264442.424245 value=2266097.730180 active=1
    [CG] [BB-DIAG] 分支 x_{dc=2,retailer=2}, 节点数=3
    [CG] 列生成开始，初始列数=586
    [CG] CG iter 42: obj=2265604.506566, maxRC=22468.366722, +13 cols
    [CG]   [DIAG] iter=42 posCols=13 newCols=13 effImprove=13 updated=0
    [CG] CG iter 43: obj=2265604.506566, maxRC=16516.310119, +5 cols
    [CG]   [DIAG] iter=43 posCols=5 newCols=5 effImprove=5 updated=0
    [CG] CG iter 44: obj=2265604.506566, maxRC=4425.901860, +2 cols
    [CG]   [DIAG] iter=44 posCols=2 newCols=2 effImprove=2 updated=0
    [CG] CG iter 45: obj=2265604.506566, maxRC=522.847691, +2 cols
    [CG]   [DIAG] iter=45 posCols=2 newCols=1 effImprove=2 updated=1
    [CG] 列生成收敛，共 46 轮迭代
    [CG] [CG-NODE] depth=2 exit=CERTIFIED certified=1 feasible=1 iters=5 generatedColsBeforeNode=396 newCols=21 posCandidates=22 duplicateCandidates=1 updatedCols=1 zeroObjImproveIters=4 objFirst=2265604.506566 objLast=2265604.506566 objGain=0.000000 maxRC=22468.366722 wallSec=0.011855 pricingSec=0.007119 cplexSolveSec=0.003253
    [CG] 列生成开始，初始列数=541
    [CG] CG iter 47: obj=2263872.429909, maxRC=12542.161755, +11 cols
    [CG]   [DIAG] iter=47 posCols=11 newCols=11 effImprove=11 updated=0
    [CG] CG iter 48: obj=2265429.524912, maxRC=1586.059517, +5 cols
    [CG]   [DIAG] iter=48 posCols=5 newCols=5 effImprove=5 updated=0
    [CG] CG iter 49: obj=2265429.524912, maxRC=1522.299481, +2 cols
    [CG]   [DIAG] iter=49 posCols=2 newCols=2 effImprove=2 updated=0
    [CG] CG iter 50: obj=2265429.524912, maxRC=392.483704, +1 cols
    [CG]   [DIAG] iter=50 posCols=1 newCols=1 effImprove=1 updated=0
    [CG] CG iter 51: obj=2265429.524912, maxRC=340.306286, +1 cols
    [CG]   [DIAG] iter=51 posCols=1 newCols=1 effImprove=1 updated=0
    [CG] CG iter 52: obj=2265429.524912, maxRC=49.865472, +1 cols
    [CG]   [DIAG] iter=52 posCols=1 newCols=1 effImprove=1 updated=0
    [CG] 列生成收敛，共 53 轮迭代
    [CG] [CG-NODE] depth=2 exit=CERTIFIED certified=1 feasible=1 iters=7 generatedColsBeforeNode=417 newCols=21 posCandidates=21 duplicateCandidates=0 updatedCols=0 zeroObjImproveIters=5 objFirst=2263872.429909 objLast=2265429.524912 objGain=1557.095003 maxRC=12542.161755 wallSec=0.015045 pricingSec=0.010123 cplexSolveSec=0.003506
      [BB] 分支定界结束：处理 7 节点，剪枝 2，剩余活跃 0，整数解 3，状态=OPTIMAL，最好可行 obj=2266097.730180，gap=0.000000
