    [CG] 列生成开始，初始列数=310
    [CG] CG iter 1: obj=944314.771334, maxRC=1139238.415907, +30 cols
    [CG]   [DIAG] iter=1 posCols=30 newCols=30 effImprove=30 updated=0
    [CG] CG iter 2: obj=1677446.085212, maxRC=252211.694518, +27 cols
    [CG]   [DIAG] iter=2 posCols=27 newCols=27 effImprove=27 updated=0
    [CG] CG iter 3: obj=1750113.477811, maxRC=500688.979862, +28 cols
    [CG]   [DIAG] iter=3 posCols=28 newCols=28 effImprove=28 updated=0
    [CG] CG iter 4: obj=1937563.777280, maxRC=302462.951770, +27 cols
    [CG]   [DIAG] iter=4 posCols=27 newCols=27 effImprove=27 updated=0
    [CG] CG iter 5: obj=2001446.534328, maxRC=191062.225766, +27 cols
    [CG]   [DIAG] iter=5 posCols=27 newCols=27 effImprove=27 updated=0
    [CG] CG iter 6: obj=2118938.709099, maxRC=126552.481015, +26 cols
    [CG]   [DIAG] iter=6 posCols=26 newCols=25 effImprove=26 updated=1
    [CG] CG iter 7: obj=2233565.870172, maxRC=92559.034023, +25 cols
    [CG]   [DIAG] iter=7 posCols=25 newCols=25 effImprove=25 updated=0
    [CG] CG iter 8: obj=2269256.791189, maxRC=115727.135847, +24 cols
    [CG]   [DIAG] iter=8 posCols=24 newCols=24 effImprove=24 updated=0
    [CG] CG iter 9: obj=2318738.309464, maxRC=42497.201273, +22 cols
    [CG]   [DIAG] iter=9 posCols=22 newCols=22 effImprove=22 updated=0
    [CG] CG iter 10: obj=2318738.309464, maxRC=31908.485196, +22 cols
    [CG]   [DIAG] iter=10 posCols=22 newCols=22 effImprove=22 updated=0
    [CG] CG iter 11: obj=2345091.337347, maxRC=20494.386799, +23 cols
    [CG]   [DIAG] iter=11 posCols=23 newCols=22 effImprove=23 updated=1
    [CG] CG iter 12: obj=2352340.530673, maxRC=16000.713282, +17 cols
    [CG]   [DIAG] iter=12 posCols=17 newCols=15 effImprove=17 updated=2
    [CG] CG iter 13: obj=2369889.654430, maxRC=6956.095524, +17 cols
    [CG]   [DIAG] iter=13 posCols=17 newCols=16 effImprove=17 updated=1
    [CG] CG iter 14: obj=2372894.478048, maxRC=6018.095462, +7 cols
    [CG]   [DIAG] iter=14 posCols=7 newCols=7 effImprove=7 updated=0
    [CG] CG iter 15: obj=2374956.279234, maxRC=1441.978652, +4 cols
    [CG]   [DIAG] iter=15 posCols=4 newCols=4 effImprove=4 updated=0
    [CG] CG iter 16: obj=2374956.279234, maxRC=263.586884, +1 cols
    [CG]   [DIAG] iter=16 posCols=1 newCols=1 effImprove=1 updated=0
    [CG] 列生成收敛，共 17 轮迭代
    [CG] [CG-NODE] depth=0 exit=CERTIFIED certified=1 feasible=1 iters=17 generatedColsBeforeNode=0 newCols=322 posCandidates=327 duplicateCandidates=5 updatedCols=5 zeroObjImproveIters=3 objFirst=944314.771334 objLast=2374956.279234 objGain=1430641.507900 maxRC=1139238.415907 wallSec=0.208743 pricingSec=0.198017 cplexSolveSec=0.007331
      [BB] 根节点即为整数解，obj=2374956.279234
