    [CG] 列生成开始，初始列数=310
    [CG] CG iter 1: obj=930490.980571, maxRC=1169568.416759, +30 cols
    [CG]   [DIAG] iter=1 posCols=30 newCols=30 effImprove=30 updated=0
    [CG] CG iter 2: obj=1702716.473238, maxRC=243019.996147, +24 cols
    [CG]   [DIAG] iter=2 posCols=24 newCols=24 effImprove=24 updated=0
    [CG] CG iter 3: obj=1899368.616063, maxRC=404983.866510, +24 cols
    [CG]   [DIAG] iter=3 posCols=24 newCols=24 effImprove=24 updated=0
    [CG] CG iter 4: obj=2017864.017191, maxRC=301238.548051, +24 cols
    [CG]   [DIAG] iter=4 posCols=24 newCols=24 effImprove=24 updated=0
    [CG] CG iter 5: obj=2053226.624024, maxRC=208104.605586, +24 cols
    [CG]   [DIAG] iter=5 posCols=24 newCols=24 effImprove=24 updated=0
    [CG] CG iter 6: obj=2149666.100802, maxRC=121673.626610, +24 cols
    [CG]   [DIAG] iter=6 posCols=24 newCols=24 effImprove=24 updated=0
    [CG] CG iter 7: obj=2153186.618453, maxRC=161667.440829, +24 cols
    [CG]   [DIAG] iter=7 posCols=24 newCols=24 effImprove=24 updated=0
    [CG] CG iter 8: obj=2220860.022792, maxRC=131063.445039, +24 cols
    [CG]   [DIAG] iter=8 posCols=24 newCols=24 effImprove=24 updated=0
    [CG] CG iter 9: obj=2247829.939529, maxRC=68585.060070, +24 cols
    [CG]   [DIAG] iter=9 posCols=24 newCols=24 effImprove=24 updated=0
    [CG] CG iter 10: obj=2299076.880131, maxRC=44258.806166, +24 cols
    [CG]   [DIAG] iter=10 posCols=24 newCols=24 effImprove=24 updated=0
    [CG] CG iter 11: obj=2331597.350043, maxRC=34341.925381, +22 cols
    [CG]   [DIAG] iter=11 posCols=22 newCols=21 effImprove=22 updated=1
    [CG] CG iter 12: obj=2349079.502065, maxRC=29970.326377, +22 cols
    [CG]   [DIAG] iter=12 posCols=22 newCols=22 effImprove=22 updated=0
    [CG] CG iter 13: obj=2364089.809046, maxRC=19928.278192, +23 cols
    [CG]   [DIAG] iter=13 posCols=23 newCols=22 effImprove=23 updated=1
    [CG] CG iter 14: obj=2379968.654507, maxRC=29957.286110, +21 cols
    [CG]   [DIAG] iter=14 posCols=21 newCols=20 effImprove=21 updated=1
    [CG] CG iter 15: obj=2389877.796036, maxRC=4462.873421, +8 cols
    [CG]   [DIAG] iter=15 posCols=8 newCols=7 effImprove=8 updated=1
    [CG] CG iter 16: obj=2389877.796036, maxRC=401.957706, +1 cols
    [CG]   [DIAG] iter=16 posCols=1 newCols=1 effImprove=1 updated=0
    [CG] CG iter 17: obj=2389877.796036, maxRC=735.101005, +1 cols
    [CG]   [DIAG] iter=17 posCols=1 newCols=1 effImprove=1 updated=0
    [CG] 列生成收敛，共 18 轮迭代
    [CG] [CG-NODE] depth=0 exit=CERTIFIED certified=1 feasible=1 iters=18 generatedColsBeforeNode=0 newCols=340 posCandidates=344 duplicateCandidates=4 updatedCols=4 zeroObjImproveIters=3 objFirst=930490.980571 objLast=2389877.796036 objGain=1459386.815465 maxRC=1169568.416759 wallSec=0.216076 pricingSec=0.201776 cplexSolveSec=0.009059
      [BB] 根节点即为整数解，obj=2389877.796036
