    [CG] 列生成开始，初始列数=310
    [CG] CG iter 1: obj=871479.100079, maxRC=977982.366188, +30 cols
    [CG]   [DIAG] iter=1 posCols=30 newCols=30 effImprove=30 updated=0
    [CG] CG iter 2: obj=1576324.333560, maxRC=313899.752635, +26 cols
    [CG]   [DIAG] iter=2 posCols=26 newCols=26 effImprove=26 updated=0
    [CG] CG iter 3: obj=1589251.243192, maxRC=379137.018320, +30 cols
    [CG]   [DIAG] iter=3 posCols=30 newCols=30 effImprove=30 updated=0
    [CG] CG iter 4: obj=1730939.947789, maxRC=293005.887231, +26 cols
    [CG]   [DIAG] iter=4 posCols=26 newCols=26 effImprove=26 updated=0
    [CG] CG iter 5: obj=1800623.419789, maxRC=167701.470512, +24 cols
    [CG]   [DIAG] iter=5 posCols=24 newCols=24 effImprove=24 updated=0
    [CG] CG iter 6: obj=1935131.972757, maxRC=117812.188294, +24 cols
    [CG]   [DIAG] iter=6 posCols=24 newCols=24 effImprove=24 updated=0
    [CG] CG iter 7: obj=1966538.860167, maxRC=160243.962590, +21 cols
    [CG]   [DIAG] iter=7 posCols=21 newCols=21 effImprove=21 updated=0
    [CG] CG iter 8: obj=2026137.226444, maxRC=89468.670736, +19 cols
    [CG]   [DIAG] iter=8 posCols=19 newCols=19 effImprove=19 updated=0
    [CG] CG iter 9: obj=2049228.698701, maxRC=58307.768690, +19 cols
    [CG]   [DIAG] iter=9 posCols=19 newCols=19 effImprove=19 updated=0
    [CG] CG iter 10: obj=2111218.127604, maxRC=56975.728854, +18 cols
    [CG]   [DIAG] iter=10 posCols=18 newCols=18 effImprove=18 updated=0
    [CG] CG iter 11: obj=2117652.680914, maxRC=28535.736585, +18 cols
    [CG]   [DIAG] iter=11 posCols=18 newCols=18 effImprove=18 updated=0
    [CG] CG iter 12: obj=2136055.383739, maxRC=38015.900585, +16 cols
    [CG]   [DIAG] iter=12 posCols=16 newCols=16 effImprove=16 updated=0
    [CG] CG iter 13: obj=2149530.139624, maxRC=24588.200614, +17 cols
    [CG]   [DIAG] iter=13 posCols=17 newCols=17 effImprove=17 updated=0
    [CG] CG iter 14: obj=2152745.413839, maxRC=13542.008247, +13 cols
    [CG]   [DIAG] iter=14 posCols=13 newCols=13 effImprove=13 updated=0
    [CG] CG iter 15: obj=2158570.054229, maxRC=7267.343446, +9 cols
    [CG]   [DIAG] iter=15 posCols=9 newCols=9 effImprove=9 updated=0
    [CG] CG iter 16: obj=2159672.296583, maxRC=4788.563419, +6 cols
    [CG]   [DIAG] iter=16 posCols=6 newCols=6 effImprove=6 updated=0
    [CG] 列生成收敛，共 17 轮迭代
    [CG] [CG-NODE] depth=0 exit=CERTIFIED certified=1 feasible=1 iters=17 generatedColsBeforeNode=0 newCols=316 posCandidates=316 duplicateCandidates=0 updatedCols=0 zeroObjImproveIters=0 objFirst=871479.100079 objLast=2159787.936175 objGain=1288308.836097 maxRC=977982.366188 wallSec=0.172470 pricingSec=0.160558 cplexSolveSec=0.008448
      [BB] 分支定界开始，根节点LP obj=2159787.936175，最大节点数=10000
      [BB] 根节点启发式下界 LB=1781870.707619（上界=2159787.936175）
    [CG] [BB-DIAG] 分支 x_{dc=0,retailer=4}, 节点数=1
    [CG] 列生成开始，初始列数=608
    [CG] CG iter 18: obj=2158317.336516, maxRC=29064.202921, +19 cols
    [CG]   [DIAG] iter=18 posCols=19 newCols=19 effImprove=19 updated=0
    [CG] CG iter 19: obj=2158317.336516, maxRC=23227.432686, +15 cols
    [CG]   [DIAG] iter=19 posCols=15 newCols=15 effImprove=15 updated=0
    [CG] CG iter 20: obj=2158317.336516, maxRC=7242.367739, +5 cols
    [CG]   [DIAG] iter=20 posCols=5 newCols=5 effImprove=5 updated=0
    [CG] CG iter 21: obj=2158317.336516, maxRC=3642.845136, +3 cols
    [CG]   [DIAG] iter=21 posCols=3 newCols=3 effImprove=3 updated=0
    [CG] CG iter 22: obj=2158317.336516, maxRC=1498.644220, +2 cols
    [CG]   [DIAG] iter=22 posCols=2 newCols=2 effImprove=2 updated=0
    [CG] 列生成收敛，共 23 轮迭代
    [CG] [CG-NODE] depth=1 exit=CERTIFIED certified=1 feasible=1 iters=6 generatedColsBeforeNode=316 newCols=44 posCandidates=44 duplicateCandidates=0 updatedCols=0 zeroObjImproveIters=5 objFirst=2158317.336516 objLast=2158317.336516 objGain=0.000000 maxRC=29064.202921 wallSec=0.015884 pricingSec=0.010547 cplexSolveSec=0.003662
    [CG] 列生成开始，初始列数=565
    [CG] CG iter 24: obj=2158615.705430, maxRC=41993.334584, +18 cols
    [CG]   [DIAG] iter=24 posCols=18 newCols=18 effImprove=18 updated=0
    [CG] CG iter 25: obj=2158615.705430, maxRC=41395.809260, +11 cols
    [CG]   [DIAG] iter=25 posCols=11 newCols=11 effImprove=11 updated=0
    [CG] CG iter 26: obj=2158615.705430, maxRC=41205.802331, +10 cols
    [CG]   [DIAG] iter=26 posCols=10 newCols=10 effImprove=10 updated=0
    [CG] CG iter 27: obj=2159767.776854, maxRC=31142.245403, +9 cols
    [CG]   [DIAG] iter=27 posCols=9 newCols=9 effImprove=9 updated=0
    [CG] CG iter 28: obj=2159767.776854, maxRC=20094.523424, +7 cols
    [CG]   [DIAG] iter=28 posCols=7 newCols=7 effImprove=7 updated=0
    [CG] CG iter 29: obj=2159767.776854, maxRC=10106.869894, +5 cols
    [CG]   [DIAG] iter=29 posCols=5 newCols=5 effImprove=5 updated=0
    [CG] CG iter 30: obj=2159767.776854, maxRC=4964.911676, +2 cols
    [CG]   [DIAG] iter=30 posCols=2 newCols=2 effImprove=2 updated=0
    [CG] CG iter 31: obj=2159767.776854, maxRC=1291.827658, +1 cols
    [CG]   [DIAG] iter=31 posCols=1 newCols=1 effImprove=1 updated=0
    [CG] 列生成收敛，共 32 轮迭代
    [CG] [CG-NODE] depth=1 exit=CERTIFIED certified=1 feasible=1 iters=9 generatedColsBeforeNode=360 newCols=63 posCandidates=63 duplicateCandidates=0 updatedCols=0 zeroObjImproveIters=7 objFirst=2158615.705430 objLast=2159767.776854 objGain=1152.071424 maxRC=41993.334584 wallSec=0.019076 pricingSec=0.013263 cplexSolveSec=0.004092
    [CG] [BB-INCUMBENT] selection=2 node=1 previous=1781870.707619 value=2159767.776854 active=1
    [CG] [BB-NODESEL] strategy=hybrid choice=dfs eligibleCount=1 active=1 gap=0.000000
      [BB] 分支定界结束：处理 3 节点，剪枝 1，剩余活跃 0，整数解 2，状态=OPTIMAL，最好可行 obj=2159767.776854，gap=0.000000
