    [CG] 列生成开始，初始列数=310
    [CG] CG iter 1: obj=945160.802168, maxRC=1174609.641074, +30 cols
    [CG]   [DIAG] iter=1 posCols=30 newCols=30 effImprove=30 updated=0
    [CG] CG iter 2: obj=1707199.241747, maxRC=252074.513979, +27 cols
    [CG]   [DIAG] iter=2 posCols=27 newCols=27 effImprove=27 updated=0
    [CG] CG iter 3: obj=1904439.440891, maxRC=400769.627596, +27 cols
    [CG]   [DIAG] iter=3 posCols=27 newCols=27 effImprove=27 updated=0
    [CG] CG iter 4: obj=2047219.675226, maxRC=221993.129740, +27 cols
    [CG]   [DIAG] iter=4 posCols=27 newCols=27 effImprove=27 updated=0
    [CG] CG iter 5: obj=2173020.026706, maxRC=94078.335610, +25 cols
    [CG]   [DIAG] iter=5 posCols=25 newCols=25 effImprove=25 updated=0
    [CG] CG iter 6: obj=2259485.272017, maxRC=97922.424351, +24 cols
    [CG]   [DIAG] iter=6 posCols=24 newCols=24 effImprove=24 updated=0
    [CG] CG iter 7: obj=2279177.972248, maxRC=93067.846786, +24 cols
    [CG]   [DIAG] iter=7 posCols=24 newCols=24 effImprove=24 updated=0
    [CG] CG iter 8: obj=2319959.356239, maxRC=27068.928250, +23 cols
    [CG]   [DIAG] iter=8 posCols=23 newCols=23 effImprove=23 updated=0
    [CG] CG iter 9: obj=2360592.989832, maxRC=21604.325003, +22 cols
    [CG]   [DIAG] iter=9 posCols=22 newCols=21 effImprove=22 updated=1
    [CG] CG iter 10: obj=2361991.210530, maxRC=9557.814110, +15 cols
    [CG]   [DIAG] iter=10 posCols=15 newCols=14 effImprove=15 updated=1
    [CG] CG iter 11: obj=2379718.252171, maxRC=16657.853382, +14 cols
    [CG]   [DIAG] iter=11 posCols=14 newCols=14 effImprove=14 updated=0
    [CG] CG iter 12: obj=2379718.252171, maxRC=9032.795087, +5 cols
    [CG]   [DIAG] iter=12 posCols=5 newCols=5 effImprove=5 updated=0
    [CG] CG iter 13: obj=2379718.252171, maxRC=3422.694307, +5 cols
    [CG]   [DIAG] iter=13 posCols=5 newCols=5 effImprove=5 updated=0
    [CG] CG iter 14: obj=2379718.252171, maxRC=3822.626100, +2 cols
    [CG]   [DIAG] iter=14 posCols=2 newCols=1 effImprove=2 updated=1
    [CG] CG iter 15: obj=2379718.252171, maxRC=1810.078334, +1 cols
    [CG]   [DIAG] iter=15 posCols=1 newCols=0 effImprove=1 updated=1
    [CG] CG iter 16: obj=2379718.252171, maxRC=192.530309, +2 cols
    [CG]   [DIAG] iter=16 posCols=2 newCols=2 effImprove=2 updated=0
    [CG] 列生成收敛，共 17 轮迭代
    [CG] [CG-NODE] depth=0 exit=CERTIFIED certified=1 feasible=1 iters=17 generatedColsBeforeNode=0 newCols=269 posCandidates=273 duplicateCandidates=4 updatedCols=4 zeroObjImproveIters=6 objFirst=945160.802168 objLast=2379718.252171 objGain=1434557.450003 maxRC=1174609.641074 wallSec=0.181114 pricingSec=0.171165 cplexSolveSec=0.006729
      [BB] 根节点即为整数解，obj=2379718.252171
