    [CG] 列生成开始，初始列数=310
    [CG] CG iter 1: obj=910263.419958, maxRC=1070927.920811, +30 cols
    [CG]   [DIAG] iter=1 posCols=30 newCols=30 effImprove=30 updated=0
    [CG] CG iter 2: obj=1612759.539021, maxRC=396483.666108, +28 cols
    [CG]   [DIAG] iter=2 posCols=28 newCols=28 effImprove=28 updated=0
    [CG] CG iter 3: obj=1710459.043268, maxRC=430252.047795, +30 cols
    [CG]   [DIAG] iter=3 posCols=30 newCols=30 effImprove=30 updated=0
    [CG] CG iter 4: obj=1795761.026016, maxRC=232557.379571, +27 cols
    [CG]   [DIAG] iter=4 posCols=27 newCols=27 effImprove=27 updated=0
    [CG] CG iter 5: obj=1920457.708160, maxRC=129272.413803, +26 cols
    [CG]   [DIAG] iter=5 posCols=26 newCols=26 effImprove=26 updated=0
    [CG] CG iter 6: obj=2022266.154728, maxRC=150279.174051, +26 cols
    [CG]   [DIAG] iter=6 posCols=26 newCols=26 effImprove=26 updated=0
    [CG] CG iter 7: obj=2095261.166476, maxRC=108160.471725, +26 cols
    [CG]   [DIAG] iter=7 posCols=26 newCols=26 effImprove=26 updated=0
    [CG] CG iter 8: obj=2125903.703075, maxRC=76131.508699, +22 cols
    [CG]   [DIAG] iter=8 posCols=22 newCols=22 effImprove=22 updated=0
    [CG] CG iter 9: obj=2154352.831644, maxRC=59995.242978, +26 cols
    [CG]   [DIAG] iter=9 posCols=26 newCols=26 effImprove=26 updated=0
    [CG] CG iter 10: obj=2178394.547933, maxRC=31759.429612, +20 cols
    [CG]   [DIAG] iter=10 posCols=20 newCols=19 effImprove=20 updated=1
    [CG] CG iter 11: obj=2193781.936912, maxRC=27835.712398, +19 cols
    [CG]   [DIAG] iter=11 posCols=19 newCols=19 effImprove=19 updated=0
    [CG] CG iter 12: obj=2217490.864078, maxRC=25905.631111, +10 cols
    [CG]   [DIAG] iter=12 posCols=10 newCols=10 effImprove=10 updated=0
    [CG] CG iter 13: obj=2218871.367964, maxRC=16739.295362, +5 cols
    [CG]   [DIAG] iter=13 posCols=5 newCols=5 effImprove=5 updated=0
    [CG] CG iter 14: obj=2219286.959794, maxRC=7573.926912, +4 cols
    [CG]   [DIAG] iter=14 posCols=4 newCols=4 effImprove=4 updated=0
    [CG] CG iter 15: obj=2219621.304903, maxRC=3260.708648, +1 cols
    [CG]   [DIAG] iter=15 posCols=1 newCols=1 effImprove=1 updated=0
    [CG] CG iter 16: obj=2221872.896521, maxRC=3944.700543, +3 cols
    [CG]   [DIAG] iter=16 posCols=3 newCols=3 effImprove=3 updated=0
    [CG] CG iter 17: obj=2221872.896521, maxRC=361.840250, +2 cols
    [CG]   [DIAG] iter=17 posCols=2 newCols=2 effImprove=2 updated=0
    [CG] CG iter 18: obj=2221872.896521, maxRC=59.100814, +1 cols
    [CG]   [DIAG] iter=18 posCols=1 newCols=1 effImprove=1 updated=0
    [CG] 列生成收敛，共 19 轮迭代
    [CG] [CG-NODE] depth=0 exit=CERTIFIED certified=1 feasible=1 iters=19 generatedColsBeforeNode=0 newCols=305 posCandidates=306 duplicateCandidates=1 updatedCols=1 zeroObjImproveIters=3 objFirst=910263.419958 objLast=2221872.896521 objGain=1311609.476563 maxRC=1070927.920811 wallSec=0.201750 pricingSec=0.187721 cplexSolveSec=0.009082
      [BB] 根节点即为整数解，obj=2221872.896521
