    [CG] 列生成开始，初始列数=310
    [CG] CG iter 1: obj=884334.128795, maxRC=1062222.589282, +30 cols
    [CG]   [DIAG] iter=1 posCols=30 newCols=30 effImprove=30 updated=0
    [CG] CG iter 2: obj=1586386.415397, maxRC=516452.044824, +30 cols
    [CG]   [DIAG] iter=2 posCols=30 newCols=30 effImprove=30 updated=0
    [CG] CG iter 3: obj=1672625.035010, maxRC=321778.814733, +28 cols
    [CG]   [DIAG] iter=3 posCols=28 newCols=28 effImprove=28 updated=0
    [CG] CG iter 4: obj=1748841.949454, maxRC=254072.513033, +30 cols
    [CG]   [DIAG] iter=4 posCols=30 newCols=30 effImprove=30 updated=0
    [CG] CG iter 5: obj=1813351.656471, maxRC=155989.283514, +26 cols
    [CG]   [DIAG] iter=5 posCols=26 newCols=26 effImprove=26 updated=0
    [CG] CG iter 6: obj=1970043.836852, maxRC=192685.741677, +20 cols
    [CG]   [DIAG] iter=6 posCols=20 newCols=20 effImprove=20 updated=0
    [CG] CG iter 7: obj=2000921.920027, maxRC=105785.716403, +18 cols
    [CG]   [DIAG] iter=7 posCols=18 newCols=18 effImprove=18 updated=0
    [CG] CG iter 8: obj=2078758.244904, maxRC=71036.663872, +19 cols
    [CG]   [DIAG] iter=8 posCols=19 newCols=19 effImprove=19 updated=0
    [CG] CG iter 9: obj=2116822.039849, maxRC=66807.736911, +18 cols
    [CG]   [DIAG] iter=9 posCols=18 newCols=18 effImprove=18 updated=0
    [CG] CG iter 10: obj=2149663.018574, maxRC=46223.152692, +19 cols
    [CG]   [DIAG] iter=10 posCols=19 newCols=18 effImprove=19 updated=1
    [CG] CG iter 11: obj=2173186.597224, maxRC=28042.130701, +18 cols
    [CG]   [DIAG] iter=11 posCols=18 newCols=18 effImprove=18 updated=0
    [CG] CG iter 12: obj=2174280.814319, maxRC=23206.338544, +18 cols
    [CG]   [DIAG] iter=12 posCols=18 newCols=18 effImprove=18 updated=0
    [CG] CG iter 13: obj=2182210.800520, maxRC=13836.437092, +11 cols
    [CG]   [DIAG] iter=13 posCols=11 newCols=11 effImprove=11 updated=0
    [CG] CG iter 14: obj=2195110.276774, maxRC=5620.895047, +5 cols
    [CG]   [DIAG] iter=14 posCols=5 newCols=5 effImprove=5 updated=0
    [CG] CG iter 15: obj=2195110.276774, maxRC=861.869449, +2 cols
    [CG]   [DIAG] iter=15 posCols=2 newCols=2 effImprove=2 updated=0
    [CG] CG iter 16: obj=2195589.372198, maxRC=565.235869, +1 cols
    [CG]   [DIAG] iter=16 posCols=1 newCols=1 effImprove=1 updated=0
    [CG] 列生成收敛，共 17 轮迭代
    [CG] [CG-NODE] depth=0 exit=CERTIFIED certified=1 feasible=1 iters=17 generatedColsBeforeNode=0 newCols=292 posCandidates=293 duplicateCandidates=1 updatedCols=1 zeroObjImproveIters=2 objFirst=884334.128795 objLast=2195589.372198 objGain=1311255.243403 maxRC=1062222.589282 wallSec=0.236449 pricingSec=0.222564 cplexSolveSec=0.009772
      [BB] 分支定界开始，根节点LP obj=2195589.372198，最大节点数=10000
      [BB] 根节点启发式下界 LB=2046606.086658（上界=2195589.372198）
    [CG] [BB-DIAG] 分支 x_{dc=2,retailer=2}, 节点数=1
    [CG] 列生成开始，初始列数=583
    [CG] CG iter 18: obj=2179779.734696, maxRC=27949.139001, +19 cols
    [CG]   [DIAG] iter=18 posCols=19 newCols=19 effImprove=19 updated=0
    [CG] CG iter 19: obj=2186403.265821, maxRC=13677.407147, +11 cols
    [CG]   [DIAG] iter=19 posCols=11 newCols=11 effImprove=11 updated=0
    [CG] CG iter 20: obj=2186403.265821, maxRC=7837.394974, +5 cols
    [CG]   [DIAG] iter=20 posCols=5 newCols=5 effImprove=5 updated=0
    [CG] 列生成收敛，共 21 轮迭代
    [CG] [CG-NODE] depth=1 exit=CERTIFIED certified=1 feasible=1 iters=4 generatedColsBeforeNode=292 newCols=35 posCandidates=35 duplicateCandidates=0 updatedCols=0 zeroObjImproveIters=2 objFirst=2179779.734696 objLast=2186403.265821 objGain=6623.531125 maxRC=27949.139001 wallSec=0.011358 pricingSec=0.006545 cplexSolveSec=0.003405
    [CG] 列生成开始，初始列数=553
    [CG] CG iter 22: obj=2187548.356166, maxRC=48970.815124, +21 cols
    [CG]   [DIAG] iter=22 posCols=21 newCols=21 effImprove=21 updated=0
    [CG] CG iter 23: obj=2187548.356166, maxRC=8173.237475, +10 cols
    [CG]   [DIAG] iter=23 posCols=10 newCols=10 effImprove=10 updated=0
    [CG] CG iter 24: obj=2187548.356166, maxRC=4078.112209, +4 cols
    [CG]   [DIAG] iter=24 posCols=4 newCols=4 effImprove=4 updated=0
    [CG] CG iter 25: obj=2187548.356166, maxRC=3604.372966, +3 cols
    [CG]   [DIAG] iter=25 posCols=3 newCols=3 effImprove=3 updated=0
    [CG] CG iter 26: obj=2187548.356166, maxRC=3503.945036, +3 cols
    [CG]   [DIAG] iter=26 posCols=3 newCols=3 effImprove=3 updated=0
    [CG] 列生成收敛，共 27 轮迭代
    [CG] [CG-NODE] depth=1 exit=CERTIFIED certified=1 feasible=1 iters=6 generatedColsBeforeNode=327 newCols=41 posCandidates=41 duplicateCandidates=0 updatedCols=0 zeroObjImproveIters=5 objFirst=2187548.356166 objLast=2187548.356166 objGain=-0.000000 maxRC=48970.815124 wallSec=0.014327 pricingSec=0.009620 cplexSolveSec=0.003266
    [CG] [BB-INCUMBENT] selection=2 node=1 previous=2046606.086658 value=2187548.356166 active=1
    [CG] [BB-NODESEL] strategy=hybrid choice=dfs eligibleCount=1 active=1 gap=0.000000
      [BB] 分支定界结束：处理 3 节点，剪枝 1，剩余活跃 0，整数解 2，状态=OPTIMAL，最好可行 obj=2187548.356166，gap=0.000000
