    [CG] 列生成开始，初始列数=310
    [CG] CG iter 1: obj=952321.812994, maxRC=2110192.104159, +30 cols
    [CG]   [DIAG] iter=1 posCols=30 newCols=30 effImprove=30 updated=0
    [CG] CG iter 2: obj=2396467.254392, maxRC=384606.229817, +19 cols
    [CG]   [DIAG] iter=2 posCols=19 newCols=19 effImprove=19 updated=0
    [CG] CG iter 3: obj=2430338.831171, maxRC=541432.591410, +24 cols
    [CG]   [DIAG] iter=3 posCols=24 newCols=24 effImprove=24 updated=0
    [CG] CG iter 4: obj=2449939.407190, maxRC=535704.014716, +24 cols
    [CG]   [DIAG] iter=4 posCols=24 newCols=24 effImprove=24 updated=0
    [CG] CG iter 5: obj=2498110.499765, maxRC=335573.265757, +22 cols
    [CG]   [DIAG] iter=5 posCols=22 newCols=22 effImprove=22 updated=0
    [CG] CG iter 6: obj=2585505.203819, maxRC=322779.780938, +22 cols
    [CG]   [DIAG] iter=6 posCols=22 newCols=22 effImprove=22 updated=0
    [CG] CG iter 7: obj=2588665.994389, maxRC=276239.152013, +16 cols
    [CG]   [DIAG] iter=7 posCols=16 newCols=16 effImprove=16 updated=0
    [CG] CG iter 8: obj=2636870.735709, maxRC=208599.135319, +16 cols
    [CG]   [DIAG] iter=8 posCols=16 newCols=16 effImprove=16 updated=0
    [CG] CG iter 9: obj=2665810.995938, maxRC=175900.663760, +16 cols
    [CG]   [DIAG] iter=9 posCols=16 newCols=16 effImprove=16 updated=0
    [CG] CG iter 10: obj=2695401.928612, maxRC=156095.848726, +12 cols
    [CG]   [DIAG] iter=10 posCols=12 newCols=12 effImprove=12 updated=0
    [CG] CG iter 11: obj=2724554.791177, maxRC=218045.557775, +13 cols
    [CG]   [DIAG] iter=11 posCols=13 newCols=13 effImprove=13 updated=0
    [CG] CG iter 12: obj=2732666.464479, maxRC=124389.086579, +12 cols
    [CG]   [DIAG] iter=12 posCols=12 newCols=12 effImprove=12 updated=0
    [CG] CG iter 13: obj=2744620.186546, maxRC=73765.929191, +12 cols
    [CG]   [DIAG] iter=13 posCols=12 newCols=12 effImprove=12 updated=0
    [CG] CG iter 14: obj=2748652.450029, maxRC=43256.769596, +9 cols
    [CG]   [DIAG] iter=14 posCols=9 newCols=9 effImprove=9 updated=0
    [CG] CG iter 15: obj=2752108.373236, maxRC=51097.231056, +9 cols
    [CG]   [DIAG] iter=15 posCols=9 newCols=9 effImprove=9 updated=0
    [CG] CG iter 16: obj=2772153.289671, maxRC=100192.768289, +9 cols
    [CG]   [DIAG] iter=16 posCols=9 newCols=9 effImprove=9 updated=0
    [CG] CG iter 17: obj=2772153.289671, maxRC=110382.831214, +9 cols
    [CG]   [DIAG] iter=17 posCols=9 newCols=9 effImprove=9 updated=0
    [CG] CG iter 18: obj=2772153.289671, maxRC=78212.822521, +9 cols
    [CG]   [DIAG] iter=18 posCols=9 newCols=9 effImprove=9 updated=0
    [CG] CG iter 19: obj=2772153.289671, maxRC=26746.762916, +9 cols
    [CG]   [DIAG] iter=19 posCols=9 newCols=9 effImprove=9 updated=0
    [CG] CG iter 20: obj=2772760.587480, maxRC=50149.203716, +12 cols
    [CG]   [DIAG] iter=20 posCols=12 newCols=12 effImprove=12 updated=0
    [CG] CG iter 21: obj=2781897.220958, maxRC=41686.206206, +11 cols
    [CG]   [DIAG] iter=21 posCols=11 newCols=11 effImprove=11 updated=0
    [CG] CG iter 22: obj=2781897.220958, maxRC=20772.202354, +9 cols
    [CG]   [DIAG] iter=22 posCols=9 newCols=9 effImprove=9 updated=0
    [CG] CG iter 23: obj=2791227.571398, maxRC=27018.000851, +9 cols
    [CG]   [DIAG] iter=23 posCols=9 newCols=9 effImprove=9 updated=0
    [CG] CG iter 24: obj=2791227.571398, maxRC=21222.540955, +8 cols
    [CG]   [DIAG] iter=24 posCols=8 newCols=8 effImprove=8 updated=0
    [CG] CG iter 25: obj=2794202.888769, maxRC=12224.483430, +7 cols
    [CG]   [DIAG] iter=25 posCols=7 newCols=7 effImprove=7 updated=0
    [CG] CG iter 26: obj=2800679.178931, maxRC=9711.369438, +6 cols
    [CG]   [DIAG] iter=26 posCols=6 newCols=6 effImprove=6 updated=0
    [CG] CG iter 27: obj=2804631.910435, maxRC=10587.495119, +4 cols
    [CG]   [DIAG] iter=27 posCols=4 newCols=4 effImprove=4 updated=0
    [CG] CG iter 28: obj=2804631.910435, maxRC=8505.195974, +3 cols
    [CG]   [DIAG] iter=28 posCols=3 newCols=3 effImprove=3 updated=0
    [CG] CG iter 29: obj=2804631.910435, maxRC=7823.511035, +3 cols
    [CG]   [DIAG] iter=29 posCols=3 newCols=3 effImprove=3 updated=0
    [CG] CG iter 30: obj=2804631.910435, maxRC=7770.693985, +3 cols
    [CG]   [DIAG] iter=30 posCols=3 newCols=3 effImprove=3 updated=0
    [CG] CG iter 31: obj=2804631.910435, maxRC=1464.278713, +3 cols
    [CG]   [DIAG] iter=31 posCols=3 newCols=3 effImprove=3 updated=0
    [CG] CG iter 32: obj=2804631.910435, maxRC=1410.814369, +2 cols
    [CG]   [DIAG] iter=32 posCols=2 newCols=2 effImprove=2 updated=0
    [CG] CG iter 33: obj=2804631.910435, maxRC=315.270564, +2 cols
    [CG]   [DIAG] iter=33 posCols=2 newCols=2 effImprove=2 updated=0
    [CG] CG iter 34: obj=2804631.910435, maxRC=303.068152, +2 cols
    [CG]   [DIAG] iter=34 posCols=2 newCols=2 effImprove=2 updated=0
    [CG] CG iter 35: obj=2804631.910435, maxRC=247.562835, +1 cols
    [CG]   [DIAG] iter=35 posCols=1 newCols=1 effImprove=1 updated=0
    [CG] CG iter 36: obj=2804631.910435, maxRC=142.875228, +1 cols
    [CG]   [DIAG] iter=36 posCols=1 newCols=1 effImprove=1 updated=0
    [CG] 列生成收敛，共 37 轮迭代
    [CG] [CG-NODE] depth=0 exit=CERTIFIED certified=1 feasible=1 iters=37 generatedColsBeforeNode=0 newCols=378 posCandidates=378 duplicateCandidates=0 updatedCols=0 zeroObjImproveIters=15 objFirst=952321.812994 objLast=2804631.910435 objGain=1852310.097441 maxRC=2110192.104159 wallSec=0.377214 pricingSec=0.353891 cplexSolveSec=0.016889
      [BB] 根节点即为整数解，obj=2804631.910435
