    [CG] 列生成开始，初始列数=310
    [CG] CG iter 1: obj=938476.688394, maxRC=2130060.856646, +27 cols
    [CG]   [DIAG] iter=1 posCols=27 newCols=27 effImprove=27 updated=0
    [CG] CG iter 2: obj=2441013.052879, maxRC=376126.396393, +20 cols
    [CG]   [DIAG] iter=2 posCols=20 newCols=20 effImprove=20 updated=0
    [CG] CG iter 3: obj=2507957.182738, maxRC=708902.980996, +24 cols
    [CG]   [DIAG] iter=3 posCols=24 newCols=24 effImprove=24 updated=0
    [CG] CG iter 4: obj=2577126.279740, maxRC=693155.707752, +24 cols
    [CG]   [DIAG] iter=4 posCols=24 newCols=24 effImprove=24 updated=0
    [CG] CG iter 5: obj=2590000.098643, maxRC=554755.001054, +24 cols
    [CG]   [DIAG] iter=5 posCols=24 newCols=24 effImprove=24 updated=0
    [CG] CG iter 6: obj=2607436.835745, maxRC=529238.342060, +24 cols
    [CG]   [DIAG] iter=6 posCols=24 newCols=24 effImprove=24 updated=0
    [CG] CG iter 7: obj=2609859.955815, maxRC=371831.241931, +23 cols
    [CG]   [DIAG] iter=7 posCols=23 newCols=23 effImprove=23 updated=0
    [CG] CG iter 8: obj=2620473.506599, maxRC=323327.027380, +22 cols
    [CG]   [DIAG] iter=8 posCols=22 newCols=22 effImprove=22 updated=0
    [CG] CG iter 9: obj=2644873.926791, maxRC=259935.769148, +18 cols
    [CG]   [DIAG] iter=9 posCols=18 newCols=18 effImprove=18 updated=0
    [CG] CG iter 10: obj=2689543.266766, maxRC=266500.866086, +14 cols
    [CG]   [DIAG] iter=10 posCols=14 newCols=14 effImprove=14 updated=0
    [CG] CG iter 11: obj=2733948.215682, maxRC=222045.727416, +12 cols
    [CG]   [DIAG] iter=11 posCols=12 newCols=12 effImprove=12 updated=0
    [CG] CG iter 12: obj=2744573.830383, maxRC=202688.422810, +12 cols
    [CG]   [DIAG] iter=12 posCols=12 newCols=12 effImprove=12 updated=0
    [CG] CG iter 13: obj=2770947.588482, maxRC=114799.712118, +12 cols
    [CG]   [DIAG] iter=13 posCols=12 newCols=12 effImprove=12 updated=0
    [CG] CG iter 14: obj=2852421.673263, maxRC=155089.809569, +12 cols
    [CG]   [DIAG] iter=14 posCols=12 newCols=12 effImprove=12 updated=0
    [CG] CG iter 15: obj=2852421.673263, maxRC=139122.780492, +12 cols
    [CG]   [DIAG] iter=15 posCols=12 newCols=12 effImprove=12 updated=0
    [CG] CG iter 16: obj=2852421.673263, maxRC=174120.649249, +12 cols
    [CG]   [DIAG] iter=16 posCols=12 newCols=12 effImprove=12 updated=0
    [CG] CG iter 17: obj=2852421.673263, maxRC=105987.901357, +14 cols
    [CG]   [DIAG] iter=17 posCols=14 newCols=14 effImprove=14 updated=0
    [CG] CG iter 18: obj=2852421.673263, maxRC=93034.757994, +12 cols
    [CG]   [DIAG] iter=18 posCols=12 newCols=12 effImprove=12 updated=0
    [CG] CG iter 19: obj=2852421.673263, maxRC=100943.717722, +12 cols
    [CG]   [DIAG] iter=19 posCols=12 newCols=12 effImprove=12 updated=0
    [CG] CG iter 20: obj=2852421.673263, maxRC=83632.314982, +11 cols
    [CG]   [DIAG] iter=20 posCols=11 newCols=11 effImprove=11 updated=0
    [CG] CG iter 21: obj=2852421.673263, maxRC=115057.615310, +12 cols
    [CG]   [DIAG] iter=21 posCols=12 newCols=12 effImprove=12 updated=0
    [CG] CG iter 22: obj=2852421.673263, maxRC=100235.021565, +13 cols
    [CG]   [DIAG] iter=22 posCols=13 newCols=13 effImprove=13 updated=0
    [CG] CG iter 23: obj=2855268.432607, maxRC=151970.209128, +12 cols
    [CG]   [DIAG] iter=23 posCols=12 newCols=12 effImprove=12 updated=0
    [CG] CG iter 24: obj=2858393.717714, maxRC=84421.717048, +12 cols
    [CG]   [DIAG] iter=24 posCols=12 newCols=12 effImprove=12 updated=0
    [CG] CG iter 25: obj=2864767.535749, maxRC=46948.344380, +11 cols
    [CG]   [DIAG] iter=25 posCols=11 newCols=11 effImprove=11 updated=0
    [CG] CG iter 26: obj=2867127.744905, maxRC=47735.638999, +12 cols
    [CG]   [DIAG] iter=26 posCols=12 newCols=12 effImprove=12 updated=0
    [CG] CG iter 27: obj=2873175.258470, maxRC=34761.409551, +9 cols
    [CG]   [DIAG] iter=27 posCols=9 newCols=9 effImprove=9 updated=0
    [CG] CG iter 28: obj=2874155.253541, maxRC=36121.710153, +10 cols
    [CG]   [DIAG] iter=28 posCols=10 newCols=10 effImprove=10 updated=0
    [CG] CG iter 29: obj=2875772.944835, maxRC=46457.888415, +9 cols
    [CG]   [DIAG] iter=29 posCols=9 newCols=9 effImprove=9 updated=0
    [CG] CG iter 30: obj=2879592.640757, maxRC=33165.161399, +9 cols
    [CG]   [DIAG] iter=30 posCols=9 newCols=9 effImprove=9 updated=0
    [CG] CG iter 31: obj=2879655.065174, maxRC=17089.915901, +9 cols
    [CG]   [DIAG] iter=31 posCols=9 newCols=9 effImprove=9 updated=0
    [CG] CG iter 32: obj=2884534.406236, maxRC=24496.623693, +10 cols
    [CG]   [DIAG] iter=32 posCols=10 newCols=10 effImprove=10 updated=0
    [CG] CG iter 33: obj=2887209.998505, maxRC=17724.333506, +9 cols
    [CG]   [DIAG] iter=33 posCols=9 newCols=9 effImprove=9 updated=0
    [CG] CG iter 34: obj=2888675.189713, maxRC=11571.015926, +7 cols
    [CG]   [DIAG] iter=34 posCols=7 newCols=7 effImprove=7 updated=0
    [CG] CG iter 35: obj=2893954.497875, maxRC=10753.287575, +7 cols
    [CG]   [DIAG] iter=35 posCols=7 newCols=7 effImprove=7 updated=0
    [CG] CG iter 36: obj=2902437.461043, maxRC=11748.645707, +9 cols
    [CG]   [DIAG] iter=36 posCols=9 newCols=9 effImprove=9 updated=0
    [CG] CG iter 37: obj=2902437.461043, maxRC=10851.252323, +10 cols
    [CG]   [DIAG] iter=37 posCols=10 newCols=10 effImprove=10 updated=0
    [CG] CG iter 38: obj=2902437.461043, maxRC=8523.081890, +8 cols
    [CG]   [DIAG] iter=38 posCols=8 newCols=8 effImprove=8 updated=0
    [CG] CG iter 39: obj=2902437.461043, maxRC=7095.052350, +5 cols
    [CG]   [DIAG] iter=39 posCols=5 newCols=5 effImprove=5 updated=0
    [CG] CG iter 40: obj=2902437.461043, maxRC=3060.924310, +5 cols
    [CG]   [DIAG] iter=40 posCols=5 newCols=5 effImprove=5 updated=0
    [CG] CG iter 41: obj=2902437.461043, maxRC=3306.336485, +5 cols
    [CG]   [DIAG] iter=41 posCols=5 newCols=5 effImprove=5 updated=0
    [CG] CG iter 42: obj=2902437.461043, maxRC=2625.471698, +5 cols
    [CG]   [DIAG] iter=42 posCols=5 newCols=5 effImprove=5 updated=0
    [CG] CG iter 43: obj=2902437.461043, maxRC=502.463662, +4 cols
    [CG]   [DIAG] iter=43 posCols=4 newCols=4 effImprove=4 updated=0
    [CG] CG iter 44: obj=2902437.461043, maxRC=571.629803, +4 cols
    [CG]   [DIAG] iter=44 posCols=4 newCols=4 effImprove=4 updated=0
    [CG] CG iter 45: obj=2902437.461043, maxRC=485.020966, +2 cols
    [CG]   [DIAG] iter=45 posCols=2 newCols=2 effImprove=2 updated=0
    [CG] CG iter 46: obj=2902437.461043, maxRC=713.670868, +2 cols
    [CG]   [DIAG] iter=46 posCols=2 newCols=2 effImprove=2 updated=0
    [CG] CG iter 47: obj=2902437.461043, maxRC=354.969967, +1 cols
    [CG]   [DIAG] iter=47 posCols=1 newCols=1 effImprove=1 updated=0
    [CG] CG iter 48: obj=2902437.461043, maxRC=203.332756, +1 cols
    [CG]   [DIAG] iter=48 posCols=1 newCols=1 effImprove=1 updated=0
    [CG] CG iter 49: obj=2902437.461043, maxRC=65.614240, +1 cols
    [CG]   [DIAG] iter=49 posCols=1 newCols=1 effImprove=1 updated=0
    [CG] 列生成收敛，共 50 轮迭代
    [CG] [CG-NODE] depth=0 exit=CERTIFIED certified=1 feasible=1 iters=50 generatedColsBeforeNode=0 newCols=554 posCandidates=554 duplicateCandidates=0 updatedCols=0 zeroObjImproveIters=22 objFirst=938476.688394 objLast=2902437.461043 objGain=1963960.772648 maxRC=2130060.856646 wallSec=0.599645 pricingSec=0.546986 cplexSolveSec=0.024731
      [BB] 根节点即为整数解，obj=2902437.461043
