    [CG] 列生成开始，初始列数=310
    [CG] CG iter 1: obj=980093.171030, maxRC=2078302.180297, +30 cols
    [CG]   [DIAG] iter=1 posCols=30 newCols=30 effImprove=30 updated=0
    [CG] CG iter 2: obj=2391533.678588, maxRC=319629.684070, +22 cols
    [CG]   [DIAG] iter=2 posCols=22 newCols=22 effImprove=22 updated=0
    [CG] CG iter 3: obj=2536794.061288, maxRC=744859.858327, +30 cols
    [CG]   [DIAG] iter=3 posCols=30 newCols=30 effImprove=30 updated=0
    [CG] CG iter 4: obj=2536794.061288, maxRC=648901.002413, +27 cols
    [CG]   [DIAG] iter=4 posCols=27 newCols=27 effImprove=27 updated=0
    [CG] CG iter 5: obj=2577279.780455, maxRC=492624.631474, +24 cols
    [CG]   [DIAG] iter=5 posCols=24 newCols=24 effImprove=24 updated=0
    [CG] CG iter 6: obj=2605323.609642, maxRC=329527.402265, +24 cols
    [CG]   [DIAG] iter=6 posCols=24 newCols=24 effImprove=24 updated=0
    [CG] CG iter 7: obj=2641131.042484, maxRC=330585.624645, +22 cols
    [CG]   [DIAG] iter=7 posCols=22 newCols=22 effImprove=22 updated=0
    [CG] CG iter 8: obj=2641131.042484, maxRC=190541.707846, +18 cols
    [CG]   [DIAG] iter=8 posCols=18 newCols=17 effImprove=18 updated=1
    [CG] CG iter 9: obj=2642585.832611, maxRC=257426.206862, +19 cols
    [CG]   [DIAG] iter=9 posCols=19 newCols=19 effImprove=19 updated=0
    [CG] CG iter 10: obj=2656055.580109, maxRC=200628.169511, +14 cols
    [CG]   [DIAG] iter=10 posCols=14 newCols=14 effImprove=14 updated=0
    [CG] CG iter 11: obj=2714319.948537, maxRC=160607.495024, +12 cols
    [CG]   [DIAG] iter=11 posCols=12 newCols=12 effImprove=12 updated=0
    [CG] CG iter 12: obj=2769313.219121, maxRC=103217.566224, +12 cols
    [CG]   [DIAG] iter=12 posCols=12 newCols=12 effImprove=12 updated=0
    [CG] CG iter 13: obj=2769313.219121, maxRC=83159.427219, +12 cols
    [CG]   [DIAG] iter=13 posCols=12 newCols=12 effImprove=12 updated=0
    [CG] CG iter 14: obj=2769313.219121, maxRC=63197.394378, +12 cols
    [CG]   [DIAG] iter=14 posCols=12 newCols=12 effImprove=12 updated=0
    [CG] CG iter 15: obj=2769313.219121, maxRC=64681.463254, +12 cols
    [CG]   [DIAG] iter=15 posCols=12 newCols=12 effImprove=12 updated=0
    [CG] CG iter 16: obj=2774783.545818, maxRC=53939.657068, +12 cols
    [CG]   [DIAG] iter=16 posCols=12 newCols=12 effImprove=12 updated=0
    [CG] CG iter 17: obj=2787298.300806, maxRC=44242.176138, +12 cols
    [CG]   [DIAG] iter=17 posCols=12 newCols=12 effImprove=12 updated=0
    [CG] CG iter 18: obj=2791758.615264, maxRC=58702.887190, +12 cols
    [CG]   [DIAG] iter=18 posCols=12 newCols=12 effImprove=12 updated=0
    [CG] CG iter 19: obj=2792203.686612, maxRC=46790.750586, +9 cols
    [CG]   [DIAG] iter=19 posCols=9 newCols=9 effImprove=9 updated=0
    [CG] CG iter 20: obj=2800754.425320, maxRC=47066.525478, +12 cols
    [CG]   [DIAG] iter=20 posCols=12 newCols=12 effImprove=12 updated=0
    [CG] CG iter 21: obj=2803414.242734, maxRC=29474.777416, +11 cols
    [CG]   [DIAG] iter=21 posCols=11 newCols=11 effImprove=11 updated=0
    [CG] CG iter 22: obj=2806904.112513, maxRC=68291.506457, +13 cols
    [CG]   [DIAG] iter=22 posCols=13 newCols=13 effImprove=13 updated=0
    [CG] CG iter 23: obj=2809690.231080, maxRC=26507.382641, +10 cols
    [CG]   [DIAG] iter=23 posCols=10 newCols=10 effImprove=10 updated=0
    [CG] CG iter 24: obj=2809690.231080, maxRC=6954.849471, +8 cols
    [CG]   [DIAG] iter=24 posCols=8 newCols=8 effImprove=8 updated=0
    [CG] CG iter 25: obj=2813982.429647, maxRC=8928.949396, +8 cols
    [CG]   [DIAG] iter=25 posCols=8 newCols=8 effImprove=8 updated=0
    [CG] CG iter 26: obj=2814354.469205, maxRC=10626.464553, +7 cols
    [CG]   [DIAG] iter=26 posCols=7 newCols=7 effImprove=7 updated=0
    [CG] CG iter 27: obj=2815488.930144, maxRC=15301.985469, +8 cols
    [CG]   [DIAG] iter=27 posCols=8 newCols=8 effImprove=8 updated=0
    [CG] CG iter 28: obj=2821621.294687, maxRC=8804.384208, +6 cols
    [CG]   [DIAG] iter=28 posCols=6 newCols=6 effImprove=6 updated=0
    [CG] CG iter 29: obj=2821621.294687, maxRC=8929.442019, +7 cols
    [CG]   [DIAG] iter=29 posCols=7 newCols=7 effImprove=7 updated=0
    [CG] CG iter 30: obj=2821621.294687, maxRC=4808.097692, +4 cols
    [CG]   [DIAG] iter=30 posCols=4 newCols=4 effImprove=4 updated=0
    [CG] CG iter 31: obj=2821621.294687, maxRC=5805.096941, +4 cols
    [CG]   [DIAG] iter=31 posCols=4 newCols=4 effImprove=4 updated=0
    [CG] CG iter 32: obj=2821621.294687, maxRC=1826.558531, +3 cols
    [CG]   [DIAG] iter=32 posCols=3 newCols=3 effImprove=3 updated=0
    [CG] CG iter 33: obj=2821621.294687, maxRC=541.727607, +3 cols
    [CG]   [DIAG] iter=33 posCols=3 newCols=3 effImprove=3 updated=0
    [CG] CG iter 34: obj=2821621.294687, maxRC=507.934315, +3 cols
    [CG]   [DIAG] iter=34 posCols=3 newCols=3 effImprove=3 updated=0
    [CG] CG iter 35: obj=2821621.294687, maxRC=328.942618, +3 cols
    [CG]   [DIAG] iter=35 posCols=3 newCols=3 effImprove=3 updated=0
    [CG] CG iter 36: obj=2821621.294687, maxRC=435.714564, +3 cols
    [CG]   [DIAG] iter=36 posCols=3 newCols=3 effImprove=3 updated=0
    [CG] CG iter 37: obj=2821621.294687, maxRC=232.721797, +2 cols
    [CG]   [DIAG] iter=37 posCols=2 newCols=2 effImprove=2 updated=0
    [CG] CG iter 38: obj=2821621.294687, maxRC=109.325191, +3 cols
    [CG]   [DIAG] iter=38 posCols=3 newCols=3 effImprove=3 updated=0
    [CG] CG iter 39: obj=2821621.294687, maxRC=49.333894, +1 cols
    [CG]   [DIAG] iter=39 posCols=1 newCols=1 effImprove=1 updated=0
    [CG] 列生成收敛，共 40 轮迭代
    [CG] [CG-NODE] depth=0 exit=CERTIFIED certified=1 feasible=1 iters=40 generatedColsBeforeNode=0 newCols=453 posCandidates=454 duplicateCandidates=1 updatedCols=1 zeroObjImproveIters=18 objFirst=980093.171030 objLast=2821621.294687 objGain=1841528.123657 maxRC=2078302.180297 wallSec=0.458211 pricingSec=0.433327 cplexSolveSec=0.017359
      [BB] 根节点即为整数解，obj=2821621.294687
