    [CG] 列生成开始，初始列数=310
    [CG] CG iter 1: obj=955106.939679, maxRC=1768679.085130, +30 cols
    [CG]   [DIAG] iter=1 posCols=30 newCols=30 effImprove=30 updated=0
    [CG] CG iter 2: obj=2157185.801783, maxRC=498225.285487, +26 cols
    [CG]   [DIAG] iter=2 posCols=26 newCols=26 effImprove=26 updated=0
    [CG] CG iter 3: obj=2196246.194815, maxRC=405970.421649, +22 cols
    [CG]   [DIAG] iter=3 posCols=22 newCols=22 effImprove=22 updated=0
    [CG] CG iter 4: obj=2249661.683632, maxRC=343108.518540, +21 cols
    [CG]   [DIAG] iter=4 posCols=21 newCols=21 effImprove=21 updated=0
    [CG] CG iter 5: obj=2256398.464700, maxRC=327085.473359, +21 cols
    [CG]   [DIAG] iter=5 posCols=21 newCols=21 effImprove=21 updated=0
    [CG] CG iter 6: obj=2268557.790501, maxRC=279272.230124, +19 cols
    [CG]   [DIAG] iter=6 posCols=19 newCols=18 effImprove=19 updated=1
    [CG] CG iter 7: obj=2333635.191728, maxRC=250523.531535, +21 cols
    [CG]   [DIAG] iter=7 posCols=21 newCols=21 effImprove=21 updated=0
    [CG] CG iter 8: obj=2400990.774537, maxRC=133265.452828, +18 cols
    [CG]   [DIAG] iter=8 posCols=18 newCols=18 effImprove=18 updated=0
    [CG] CG iter 9: obj=2456779.353263, maxRC=165622.924638, +18 cols
    [CG]   [DIAG] iter=9 posCols=18 newCols=18 effImprove=18 updated=0
    [CG] CG iter 10: obj=2495815.014887, maxRC=155912.247457, +18 cols
    [CG]   [DIAG] iter=10 posCols=18 newCols=18 effImprove=18 updated=0
    [CG] CG iter 11: obj=2510848.814632, maxRC=122275.083473, +18 cols
    [CG]   [DIAG] iter=11 posCols=18 newCols=18 effImprove=18 updated=0
    [CG] CG iter 12: obj=2526942.694476, maxRC=77504.459336, +15 cols
    [CG]   [DIAG] iter=12 posCols=15 newCols=15 effImprove=15 updated=0
    [CG] CG iter 13: obj=2548920.655981, maxRC=69850.150632, +15 cols
    [CG]   [DIAG] iter=13 posCols=15 newCols=15 effImprove=15 updated=0
    [CG] CG iter 14: obj=2564366.254794, maxRC=87098.522392, +15 cols
    [CG]   [DIAG] iter=14 posCols=15 newCols=14 effImprove=15 updated=1
    [CG] CG iter 15: obj=2571670.582224, maxRC=57902.500243, +16 cols
    [CG]   [DIAG] iter=15 posCols=16 newCols=15 effImprove=16 updated=1
    [CG] CG iter 16: obj=2578277.617847, maxRC=68241.121918, +15 cols
    [CG]   [DIAG] iter=16 posCols=15 newCols=14 effImprove=15 updated=1
    [CG] CG iter 17: obj=2589848.838954, maxRC=42078.930784, +12 cols
    [CG]   [DIAG] iter=17 posCols=12 newCols=12 effImprove=12 updated=0
    [CG] CG iter 18: obj=2591213.514673, maxRC=51285.573241, +12 cols
    [CG]   [DIAG] iter=18 posCols=12 newCols=12 effImprove=12 updated=0
    [CG] CG iter 19: obj=2596064.280343, maxRC=22062.396780, +13 cols
    [CG]   [DIAG] iter=19 posCols=13 newCols=13 effImprove=13 updated=0
    [CG] CG iter 20: obj=2596960.098235, maxRC=16100.246640, +10 cols
    [CG]   [DIAG] iter=20 posCols=10 newCols=10 effImprove=10 updated=0
    [CG] CG iter 21: obj=2603062.371685, maxRC=22820.478971, +10 cols
    [CG]   [DIAG] iter=21 posCols=10 newCols=10 effImprove=10 updated=0
    [CG] CG iter 22: obj=2609756.803115, maxRC=15729.794906, +10 cols
    [CG]   [DIAG] iter=22 posCols=10 newCols=10 effImprove=10 updated=0
    [CG] CG iter 23: obj=2613121.649593, maxRC=15914.737764, +8 cols
    [CG]   [DIAG] iter=23 posCols=8 newCols=8 effImprove=8 updated=0
    [CG] CG iter 24: obj=2613121.649593, maxRC=11387.286161, +8 cols
    [CG]   [DIAG] iter=24 posCols=8 newCols=8 effImprove=8 updated=0
    [CG] CG iter 25: obj=2613364.645220, maxRC=11508.262054, +9 cols
    [CG]   [DIAG] iter=25 posCols=9 newCols=9 effImprove=9 updated=0
    [CG] CG iter 26: obj=2613364.645220, maxRC=5021.009172, +6 cols
    [CG]   [DIAG] iter=26 posCols=6 newCols=6 effImprove=6 updated=0
    [CG] CG iter 27: obj=2617492.635481, maxRC=4081.278010, +6 cols
    [CG]   [DIAG] iter=27 posCols=6 newCols=6 effImprove=6 updated=0
    [CG] CG iter 28: obj=2617492.635481, maxRC=2857.151711, +5 cols
    [CG]   [DIAG] iter=28 posCols=5 newCols=5 effImprove=5 updated=0
    [CG] CG iter 29: obj=2617492.635481, maxRC=3607.634529, +4 cols
    [CG]   [DIAG] iter=29 posCols=4 newCols=4 effImprove=4 updated=0
    [CG] CG iter 30: obj=2617492.635481, maxRC=836.646127, +1 cols
    [CG]   [DIAG] iter=30 posCols=1 newCols=1 effImprove=1 updated=0
    [CG] CG iter 31: obj=2617492.635481, maxRC=1179.484180, +1 cols
    [CG]   [DIAG] iter=31 posCols=1 newCols=1 effImprove=1 updated=0
    [CG] CG iter 32: obj=2617492.635481, maxRC=40.127441, +1 cols
    [CG]   [DIAG] iter=32 posCols=1 newCols=1 effImprove=1 updated=0
    [CG] 列生成收敛，共 33 轮迭代
    [CG] [CG-NODE] depth=0 exit=CERTIFIED certified=1 feasible=1 iters=33 generatedColsBeforeNode=0 newCols=420 posCandidates=424 duplicateCandidates=4 updatedCols=4 zeroObjImproveIters=8 objFirst=955106.939679 objLast=2617492.635481 objGain=1662385.695803 maxRC=1768679.085130 wallSec=0.325617 pricingSec=0.302716 cplexSolveSec=0.016051
      [BB] 根节点即为整数解，obj=2617492.635481
