    [CG] 列生成开始，初始列数=310
    [CG] CG iter 1: obj=996643.155643, maxRC=1748576.697850, +30 cols
    [CG]   [DIAG] iter=1 posCols=30 newCols=30 effImprove=30 updated=0
    [CG] CG iter 2: obj=2081627.282407, maxRC=284159.237988, +30 cols
    [CG]   [DIAG] iter=2 posCols=30 newCols=30 effImprove=30 updated=0
    [CG] CG iter 3: obj=2338672.913917, maxRC=420468.475667, +30 cols
    [CG]   [DIAG] iter=3 posCols=30 newCols=30 effImprove=30 updated=0
    [CG] CG iter 4: obj=2351079.732625, maxRC=228537.749103, +28 cols
    [CG]   [DIAG] iter=4 posCols=28 newCols=28 effImprove=28 updated=0
    [CG] CG iter 5: obj=2420038.391388, maxRC=142437.464731, +29 cols
    [CG]   [DIAG] iter=5 posCols=29 newCols=29 effImprove=29 updated=0
    [CG] CG iter 6: obj=2482624.619998, maxRC=114192.018324, +24 cols
    [CG]   [DIAG] iter=6 posCols=24 newCols=23 effImprove=24 updated=1
    [CG] CG iter 7: obj=2484124.361651, maxRC=67023.425203, +20 cols
    [CG]   [DIAG] iter=7 posCols=20 newCols=20 effImprove=20 updated=0
    [CG] CG iter 8: obj=2544735.200196, maxRC=69352.553606, +19 cols
    [CG]   [DIAG] iter=8 posCols=19 newCols=19 effImprove=19 updated=0
    [CG] CG iter 9: obj=2564960.508350, maxRC=19698.731043, +21 cols
    [CG]   [DIAG] iter=9 posCols=21 newCols=20 effImprove=21 updated=1
    [CG] CG iter 10: obj=2591003.380435, maxRC=24908.999057, +14 cols
    [CG]   [DIAG] iter=10 posCols=14 newCols=14 effImprove=14 updated=0
    [CG] CG iter 11: obj=2591003.380435, maxRC=23464.213061, +14 cols
    [CG]   [DIAG] iter=11 posCols=14 newCols=14 effImprove=14 updated=0
    [CG] CG iter 12: obj=2591003.380435, maxRC=7050.898902, +8 cols
    [CG]   [DIAG] iter=12 posCols=8 newCols=8 effImprove=8 updated=0
    [CG] CG iter 13: obj=2591212.992026, maxRC=8117.206215, +6 cols
    [CG]   [DIAG] iter=13 posCols=6 newCols=6 effImprove=6 updated=0
    [CG] CG iter 14: obj=2595366.922102, maxRC=3138.139181, +2 cols
    [CG]   [DIAG] iter=14 posCols=2 newCols=2 effImprove=2 updated=0
    [CG] CG iter 15: obj=2595366.922102, maxRC=1984.902253, +2 cols
    [CG]   [DIAG] iter=15 posCols=2 newCols=2 effImprove=2 updated=0
    [CG] 列生成收敛，共 16 轮迭代
    [CG] [CG-NODE] depth=0 exit=CERTIFIED certified=1 feasible=1 iters=16 generatedColsBeforeNode=0 newCols=275 posCandidates=277 duplicateCandidates=2 updatedCols=2 zeroObjImproveIters=4 objFirst=996643.155643 objLast=2595366.922102 objGain=1598723.766459 maxRC=1748576.697850 wallSec=0.191164 pricingSec=0.179523 cplexSolveSec=0.007131
      [BB] 分支定界开始，根节点LP obj=2595366.922102，最大节点数=10000
      [BB] 根节点启发式下界 LB=1873354.196554（上界=2595366.922102）
    [CG] [BB-DIAG] 分支 x_{dc=0,retailer=22}, 节点数=1
    [CG] 列生成开始，初始列数=572
    [CG] CG iter 17: obj=2590462.947379, maxRC=9358.018430, +7 cols
    [CG]   [DIAG] iter=17 posCols=7 newCols=7 effImprove=7 updated=0
    [CG] CG iter 18: obj=2593119.950385, maxRC=1097.447913, +1 cols
    [CG]   [DIAG] iter=18 posCols=1 newCols=1 effImprove=1 updated=0
    [CG] CG iter 19: obj=2593485.766355, maxRC=1016.300082, +1 cols
    [CG]   [DIAG] iter=19 posCols=1 newCols=1 effImprove=1 updated=0
    [CG] 列生成收敛，共 20 轮迭代
    [CG] [CG-NODE] depth=1 exit=CERTIFIED certified=1 feasible=1 iters=4 generatedColsBeforeNode=275 newCols=9 posCandidates=9 duplicateCandidates=0 updatedCols=0 zeroObjImproveIters=1 objFirst=2590462.947379 objLast=2593485.766355 objGain=3022.818976 maxRC=9358.018430 wallSec=0.012240 pricingSec=0.008540 cplexSolveSec=0.002605
    [CG] 列生成开始，初始列数=543
    [CG] CG iter 21: obj=2595271.595133, maxRC=12203.448448, +13 cols
    [CG]   [DIAG] iter=21 posCols=13 newCols=13 effImprove=13 updated=0
    [CG] CG iter 22: obj=2595271.595133, maxRC=5914.482035, +1 cols
    [CG]   [DIAG] iter=22 posCols=1 newCols=1 effImprove=1 updated=0
    [CG] CG iter 23: obj=2595271.595133, maxRC=1729.739437, +2 cols
    [CG]   [DIAG] iter=23 posCols=2 newCols=2 effImprove=2 updated=0
    [CG] 列生成收敛，共 24 轮迭代
    [CG] [CG-NODE] depth=1 exit=CERTIFIED certified=1 feasible=1 iters=4 generatedColsBeforeNode=284 newCols=16 posCandidates=16 duplicateCandidates=0 updatedCols=0 zeroObjImproveIters=3 objFirst=2595271.595133 objLast=2595271.595133 objGain=0.000000 maxRC=12203.448448 wallSec=0.011187 pricingSec=0.007673 cplexSolveSec=0.002472
    [CG] [BB-DIAG] 分支 x_{dc=0,retailer=28}, 节点数=2
    [CG] 列生成开始，初始列数=549
    [CG] CG iter 25: obj=2583241.997639, maxRC=15269.217981, +11 cols
    [CG]   [DIAG] iter=25 posCols=11 newCols=11 effImprove=11 updated=0
    [CG] CG iter 26: obj=2587750.702238, maxRC=3761.653408, +2 cols
    [CG]   [DIAG] iter=26 posCols=2 newCols=2 effImprove=2 updated=0
    [CG] 列生成收敛，共 27 轮迭代
    [CG] [CG-NODE] depth=2 exit=CERTIFIED certified=1 feasible=1 iters=3 generatedColsBeforeNode=300 newCols=13 posCandidates=13 duplicateCandidates=0 updatedCols=0 zeroObjImproveIters=1 objFirst=2583241.997639 objLast=2587750.702238 objGain=4508.704599 maxRC=15269.217981 wallSec=0.009035 pricingSec=0.005774 cplexSolveSec=0.002268
    [CG] 列生成开始，初始列数=557
    [CG] CG iter 28: obj=2591771.555197, maxRC=5674.352099, +3 cols
    [CG]   [DIAG] iter=28 posCols=3 newCols=3 effImprove=3 updated=0
    [CG] 列生成收敛，共 29 轮迭代
    [CG] [CG-NODE] depth=2 exit=CERTIFIED certified=1 feasible=1 iters=2 generatedColsBeforeNode=313 newCols=3 posCandidates=3 duplicateCandidates=0 updatedCols=0 zeroObjImproveIters=0 objFirst=2591771.555197 objLast=2594257.493847 objGain=2485.938650 maxRC=5674.352099 wallSec=0.006657 pricingSec=0.003752 cplexSolveSec=0.001993
    [CG] [BB-DIAG] 分支 x_{dc=1,retailer=6}, 节点数=3
    [CG] 列生成开始，初始列数=538
    [CG] CG iter 30: obj=2585126.843683, maxRC=8982.893442, +11 cols
    [CG]   [DIAG] iter=30 posCols=11 newCols=11 effImprove=11 updated=0
    [CG] CG iter 31: obj=2585174.743360, maxRC=2496.111970, +1 cols
    [CG]   [DIAG] iter=31 posCols=1 newCols=1 effImprove=1 updated=0
    [CG] 列生成收敛，共 32 轮迭代
    [CG] [CG-NODE] depth=3 exit=CERTIFIED certified=1 feasible=1 iters=3 generatedColsBeforeNode=316 newCols=12 posCandidates=12 duplicateCandidates=0 updatedCols=0 zeroObjImproveIters=1 objFirst=2585126.843683 objLast=2585174.743360 objGain=47.899677 maxRC=8982.893442 wallSec=0.009293 pricingSec=0.005779 cplexSolveSec=0.002569
    [CG] 列生成开始，初始列数=511
    [CG] CG iter 33: obj=2591003.380435, maxRC=34900.871468, +17 cols
    [CG]   [DIAG] iter=33 posCols=17 newCols=17 effImprove=17 updated=0
    [CG] CG iter 34: obj=2591766.743300, maxRC=7919.914796, +4 cols
    [CG]   [DIAG] iter=34 posCols=4 newCols=4 effImprove=4 updated=0
    [CG] CG iter 35: obj=2591766.743300, maxRC=3550.806721, +5 cols
    [CG]   [DIAG] iter=35 posCols=5 newCols=5 effImprove=5 updated=0
    [CG] CG iter 36: obj=2591766.743300, maxRC=1294.681292, +4 cols
    [CG]   [DIAG] iter=36 posCols=4 newCols=4 effImprove=4 updated=0
    [CG] CG iter 37: obj=2591766.743300, maxRC=1061.100418, +2 cols
    [CG]   [DIAG] iter=37 posCols=2 newCols=2 effImprove=2 updated=0
    [CG] 列生成收敛，共 38 轮迭代
    [CG] [CG-NODE] depth=3 exit=CERTIFIED certified=1 feasible=1 iters=6 generatedColsBeforeNode=328 newCols=32 posCandidates=32 duplicateCandidates=0 updatedCols=0 zeroObjImproveIters=4 objFirst=2591003.380435 objLast=2591766.743300 objGain=763.362865 maxRC=34900.871468 wallSec=0.016236 pricingSec=0.011549 cplexSolveSec=0.003228
    [CG] [BB-INCUMBENT] selection=4 node=3 previous=1873354.196554 value=2591766.743300 active=3
    [CG] [BB-NODESEL] strategy=hybrid choice=dfs eligibleCount=1 active=3 gap=0.000663
    [CG] [BB-DIAG] 分支 x_{dc=7,retailer=12}, 节点数=4
    [CG] 列生成开始，初始列数=577
    [CG] CG iter 39: obj=2590876.551451, maxRC=20413.429256, +6 cols
    [CG]   [DIAG] iter=39 posCols=6 newCols=6 effImprove=6 updated=0
    [CG] CG iter 40: obj=2590889.282752, maxRC=913.020377, +1 cols
    [CG]   [DIAG] iter=40 posCols=1 newCols=1 effImprove=1 updated=0
    [CG] 列生成收敛，共 41 轮迭代
    [CG] [CG-NODE] depth=2 exit=CERTIFIED certified=1 feasible=1 iters=3 generatedColsBeforeNode=360 newCols=7 posCandidates=7 duplicateCandidates=0 updatedCols=0 zeroObjImproveIters=1 objFirst=2590876.551451 objLast=2590889.282752 objGain=12.731301 maxRC=20413.429256 wallSec=0.009096 pricingSec=0.005761 cplexSolveSec=0.002366
    [CG] 列生成开始，初始列数=522
    [CG] CG iter 42: obj=2560979.877980, maxRC=72454.212348, +21 cols
    [CG]   [DIAG] iter=42 posCols=21 newCols=21 effImprove=21 updated=0
    [CG] CG iter 43: obj=2573955.204805, maxRC=38316.796940, +9 cols
    [CG]   [DIAG] iter=43 posCols=9 newCols=9 effImprove=9 updated=0
    [CG] CG iter 44: obj=2581598.159667, maxRC=6978.175229, +3 cols
    [CG]   [DIAG] iter=44 posCols=3 newCols=3 effImprove=3 updated=0
    [CG] CG iter 45: obj=2581598.159667, maxRC=3360.222366, +1 cols
    [CG]   [DIAG] iter=45 posCols=1 newCols=1 effImprove=1 updated=0
    [CG] 列生成收敛，共 46 轮迭代
    [CG] [CG-NODE] depth=2 exit=CERTIFIED certified=1 feasible=1 iters=5 generatedColsBeforeNode=367 newCols=34 posCandidates=34 duplicateCandidates=0 updatedCols=0 zeroObjImproveIters=2 objFirst=2560979.877980 objLast=2581598.159667 objGain=20618.281687 maxRC=72454.212348 wallSec=0.014805 pricingSec=0.011070 cplexSolveSec=0.002626
      [BB] 分支定界结束：处理 9 节点，剪枝 4，剩余活跃 0，整数解 2，状态=OPTIMAL，最好可行 obj=2591766.743300，gap=0.000000
