    [CG] 列生成开始，初始列数=310
    [CG] CG iter 1: obj=1004966.668158, maxRC=1762376.411532, +30 cols
    [CG]   [DIAG] iter=1 posCols=30 newCols=30 effImprove=30 updated=0
    [CG] CG iter 2: obj=2145570.451864, maxRC=251114.356971, +24 cols
    [CG]   [DIAG] iter=2 posCols=24 newCols=24 effImprove=24 updated=0
    [CG] CG iter 3: obj=2295131.527123, maxRC=508589.327197, +30 cols
    [CG]   [DIAG] iter=3 posCols=30 newCols=30 effImprove=30 updated=0
    [CG] CG iter 4: obj=2339378.562180, maxRC=314703.747587, +29 cols
    [CG]   [DIAG] iter=4 posCols=29 newCols=29 effImprove=29 updated=0
    [CG] CG iter 5: obj=2405880.740847, maxRC=177112.814995, +27 cols
    [CG]   [DIAG] iter=5 posCols=27 newCols=27 effImprove=27 updated=0
    [CG] CG iter 6: obj=2455776.572362, maxRC=134397.815576, +27 cols
    [CG]   [DIAG] iter=6 posCols=27 newCols=27 effImprove=27 updated=0
    [CG] CG iter 7: obj=2529571.549429, maxRC=104150.294144, +25 cols
    [CG]   [DIAG] iter=7 posCols=25 newCols=25 effImprove=25 updated=0
    [CG] CG iter 8: obj=2597929.413195, maxRC=83820.812645, +22 cols
    [CG]   [DIAG] iter=8 posCols=22 newCols=22 effImprove=22 updated=0
    [CG] CG iter 9: obj=2612130.485587, maxRC=69024.394727, +22 cols
    [CG]   [DIAG] iter=9 posCols=22 newCols=22 effImprove=22 updated=0
    [CG] CG iter 10: obj=2679777.882406, maxRC=70577.902479, +22 cols
    [CG]   [DIAG] iter=10 posCols=22 newCols=22 effImprove=22 updated=0
    [CG] CG iter 11: obj=2708155.934205, maxRC=39572.044292, +21 cols
    [CG]   [DIAG] iter=11 posCols=21 newCols=21 effImprove=21 updated=0
    [CG] CG iter 12: obj=2722799.746382, maxRC=31276.226614, +19 cols
    [CG]   [DIAG] iter=12 posCols=19 newCols=19 effImprove=19 updated=0
    [CG] CG iter 13: obj=2738599.504655, maxRC=37511.158396, +20 cols
    [CG]   [DIAG] iter=13 posCols=20 newCols=20 effImprove=20 updated=0
    [CG] CG iter 14: obj=2750601.875526, maxRC=17498.442561, +20 cols
    [CG]   [DIAG] iter=14 posCols=20 newCols=20 effImprove=20 updated=0
    [CG] CG iter 15: obj=2757075.157488, maxRC=18992.326286, +14 cols
    [CG]   [DIAG] iter=15 posCols=14 newCols=14 effImprove=14 updated=0
    [CG] CG iter 16: obj=2757075.157488, maxRC=7917.933861, +5 cols
    [CG]   [DIAG] iter=16 posCols=5 newCols=5 effImprove=5 updated=0
    [CG] CG iter 17: obj=2757075.157488, maxRC=8646.564580, +3 cols
    [CG]   [DIAG] iter=17 posCols=3 newCols=3 effImprove=3 updated=0
    [CG] CG iter 18: obj=2757075.157488, maxRC=6246.855783, +3 cols
    [CG]   [DIAG] iter=18 posCols=3 newCols=3 effImprove=3 updated=0
    [CG] CG iter 19: obj=2762044.234956, maxRC=1631.444947, +10 cols
    [CG]   [DIAG] iter=19 posCols=10 newCols=9 effImprove=10 updated=1
    [CG] CG iter 20: obj=2762044.234956, maxRC=181.184724, +1 cols
    [CG]   [DIAG] iter=20 posCols=1 newCols=1 effImprove=1 updated=0
    [CG] 列生成收敛，共 21 轮迭代
    [CG] [CG-NODE] depth=0 exit=CERTIFIED certified=1 feasible=1 iters=21 generatedColsBeforeNode=0 newCols=373 posCandidates=374 duplicateCandidates=1 updatedCols=1 zeroObjImproveIters=5 objFirst=1004966.668158 objLast=2762044.234956 objGain=1757077.566798 maxRC=1762376.411532 wallSec=0.262937 pricingSec=0.245972 cplexSolveSec=0.010962
      [BB] 根节点即为整数解，obj=2762044.234956
