    [CG] 列生成开始，初始列数=310
    [CG] CG iter 1: obj=1012534.844817, maxRC=1802711.414831, +30 cols
    [CG]   [DIAG] iter=1 posCols=30 newCols=30 effImprove=30 updated=0
    [CG] CG iter 2: obj=2178545.917806, maxRC=244935.670859, +28 cols
    [CG]   [DIAG] iter=2 posCols=28 newCols=28 effImprove=28 updated=0
    [CG] CG iter 3: obj=2336405.536650, maxRC=442209.907503, +30 cols
    [CG]   [DIAG] iter=3 posCols=30 newCols=30 effImprove=30 updated=0
    [CG] CG iter 4: obj=2391516.676749, maxRC=207452.359306, +30 cols
    [CG]   [DIAG] iter=4 posCols=30 newCols=30 effImprove=30 updated=0
    [CG] CG iter 5: obj=2444804.242609, maxRC=113142.585426, +28 cols
    [CG]   [DIAG] iter=5 posCols=28 newCols=28 effImprove=28 updated=0
    [CG] CG iter 6: obj=2549941.801727, maxRC=145391.919604, +30 cols
    [CG]   [DIAG] iter=6 posCols=30 newCols=30 effImprove=30 updated=0
    [CG] CG iter 7: obj=2599618.582084, maxRC=75610.515856, +25 cols
    [CG]   [DIAG] iter=7 posCols=25 newCols=25 effImprove=25 updated=0
    [CG] CG iter 8: obj=2632765.798314, maxRC=61772.351100, +22 cols
    [CG]   [DIAG] iter=8 posCols=22 newCols=22 effImprove=22 updated=0
    [CG] CG iter 9: obj=2670364.386707, maxRC=44224.409367, +22 cols
    [CG]   [DIAG] iter=9 posCols=22 newCols=21 effImprove=22 updated=1
    [CG] CG iter 10: obj=2715664.195886, maxRC=56944.685609, +20 cols
    [CG]   [DIAG] iter=10 posCols=20 newCols=20 effImprove=20 updated=0
    [CG] CG iter 11: obj=2729260.517533, maxRC=41344.161639, +18 cols
    [CG]   [DIAG] iter=11 posCols=18 newCols=18 effImprove=18 updated=0
    [CG] CG iter 12: obj=2729260.517533, maxRC=22822.239591, +18 cols
    [CG]   [DIAG] iter=12 posCols=18 newCols=18 effImprove=18 updated=0
    [CG] CG iter 13: obj=2761955.775215, maxRC=27930.454655, +20 cols
    [CG]   [DIAG] iter=13 posCols=20 newCols=20 effImprove=20 updated=0
    [CG] CG iter 14: obj=2766845.665901, maxRC=12997.410317, +19 cols
    [CG]   [DIAG] iter=14 posCols=19 newCols=18 effImprove=19 updated=1
    [CG] CG iter 15: obj=2767081.541454, maxRC=17161.077476, +14 cols
    [CG]   [DIAG] iter=15 posCols=14 newCols=14 effImprove=14 updated=0
    [CG] CG iter 16: obj=2767081.541454, maxRC=7222.717167, +9 cols
    [CG]   [DIAG] iter=16 posCols=9 newCols=9 effImprove=9 updated=0
    [CG] CG iter 17: obj=2767081.541454, maxRC=6360.841083, +7 cols
    [CG]   [DIAG] iter=17 posCols=7 newCols=6 effImprove=7 updated=1
    [CG] CG iter 18: obj=2767081.541454, maxRC=2114.582692, +3 cols
    [CG]   [DIAG] iter=18 posCols=3 newCols=3 effImprove=3 updated=0
    [CG] CG iter 19: obj=2767081.541454, maxRC=550.375834, +2 cols
    [CG]   [DIAG] iter=19 posCols=2 newCols=2 effImprove=2 updated=0
    [CG] 列生成收敛，共 20 轮迭代
    [CG] [CG-NODE] depth=0 exit=CERTIFIED certified=1 feasible=1 iters=20 generatedColsBeforeNode=0 newCols=372 posCandidates=375 duplicateCandidates=3 updatedCols=3 zeroObjImproveIters=6 objFirst=1012534.844817 objLast=2767081.541454 objGain=1754546.696638 maxRC=1802711.414831 wallSec=0.246527 pricingSec=0.231623 cplexSolveSec=0.009939
      [BB] 根节点即为整数解，obj=2767081.541454
