    [CG] 列生成开始，初始列数=310
    [CG] CG iter 1: obj=989856.078485, maxRC=1707373.593299, +30 cols
    [CG]   [DIAG] iter=1 posCols=30 newCols=30 effImprove=30 updated=0
    [CG] CG iter 2: obj=2085416.799322, maxRC=275803.619412, +27 cols
    [CG]   [DIAG] iter=2 posCols=27 newCols=27 effImprove=27 updated=0
    [CG] CG iter 3: obj=2239490.016122, maxRC=579343.571895, +30 cols
    [CG]   [DIAG] iter=3 posCols=30 newCols=30 effImprove=30 updated=0
    [CG] CG iter 4: obj=2308562.607695, maxRC=290910.617918, +28 cols
    [CG]   [DIAG] iter=4 posCols=28 newCols=28 effImprove=28 updated=0
    [CG] CG iter 5: obj=2383412.948578, maxRC=171593.625108, +27 cols
    [CG]   [DIAG] iter=5 posCols=27 newCols=27 effImprove=27 updated=0
    [CG] CG iter 6: obj=2448533.832592, maxRC=103175.254244, +26 cols
    [CG]   [DIAG] iter=6 posCols=26 newCols=24 effImprove=26 updated=2
    [CG] CG iter 7: obj=2542760.157488, maxRC=81538.206898, +24 cols
    [CG]   [DIAG] iter=7 posCols=24 newCols=24 effImprove=24 updated=0
    [CG] CG iter 8: obj=2605654.817326, maxRC=79010.051676, +25 cols
    [CG]   [DIAG] iter=8 posCols=25 newCols=24 effImprove=25 updated=1
    [CG] CG iter 9: obj=2682981.622580, maxRC=48110.006167, +19 cols
    [CG]   [DIAG] iter=9 posCols=19 newCols=19 effImprove=19 updated=0
    [CG] CG iter 10: obj=2682981.622580, maxRC=43411.437636, +17 cols
    [CG]   [DIAG] iter=10 posCols=17 newCols=17 effImprove=17 updated=0
    [CG] CG iter 11: obj=2721307.611220, maxRC=29681.741409, +14 cols
    [CG]   [DIAG] iter=11 posCols=14 newCols=14 effImprove=14 updated=0
    [CG] CG iter 12: obj=2721307.611220, maxRC=35665.611516, +19 cols
    [CG]   [DIAG] iter=12 posCols=19 newCols=19 effImprove=19 updated=0
    [CG] CG iter 13: obj=2740002.651905, maxRC=22780.657700, +17 cols
    [CG]   [DIAG] iter=13 posCols=17 newCols=16 effImprove=17 updated=1
    [CG] CG iter 14: obj=2740002.651905, maxRC=12527.664688, +10 cols
    [CG]   [DIAG] iter=14 posCols=10 newCols=9 effImprove=10 updated=1
    [CG] CG iter 15: obj=2740002.651905, maxRC=3075.067905, +5 cols
    [CG]   [DIAG] iter=15 posCols=5 newCols=5 effImprove=5 updated=0
    [CG] CG iter 16: obj=2743807.090807, maxRC=338.300052, +2 cols
    [CG]   [DIAG] iter=16 posCols=2 newCols=2 effImprove=2 updated=0
    [CG] CG iter 17: obj=2743807.090807, maxRC=279.093626, +1 cols
    [CG]   [DIAG] iter=17 posCols=1 newCols=1 effImprove=1 updated=0
    [CG] 列生成收敛，共 18 轮迭代
    [CG] [CG-NODE] depth=0 exit=CERTIFIED certified=1 feasible=1 iters=18 generatedColsBeforeNode=0 newCols=316 posCandidates=321 duplicateCandidates=5 updatedCols=5 zeroObjImproveIters=6 objFirst=989856.078485 objLast=2743807.090807 objGain=1753951.012322 maxRC=1707373.593299 wallSec=0.254798 pricingSec=0.239429 cplexSolveSec=0.009823
      [BB] 根节点即为整数解，obj=2743807.090807
