    [CG] 列生成开始，初始列数=310
    [CG] CG iter 1: obj=1014297.999850, maxRC=1784347.595410, +30 cols
    [CG]   [DIAG] iter=1 posCols=30 newCols=30 effImprove=30 updated=0
    [CG] CG iter 2: obj=2142266.850428, maxRC=261416.731875, +30 cols
    [CG]   [DIAG] iter=2 posCols=30 newCols=30 effImprove=30 updated=0
    [CG] CG iter 3: obj=2431148.424086, maxRC=196992.798688, +30 cols
    [CG]   [DIAG] iter=3 posCols=30 newCols=30 effImprove=30 updated=0
    [CG] CG iter 4: obj=2478485.386479, maxRC=144322.491867, +27 cols
    [CG]   [DIAG] iter=4 posCols=27 newCols=27 effImprove=27 updated=0
    [CG] CG iter 5: obj=2529114.087363, maxRC=104278.675719, +29 cols
    [CG]   [DIAG] iter=5 posCols=29 newCols=29 effImprove=29 updated=0
    [CG] CG iter 6: obj=2549773.195744, maxRC=79977.554262, +24 cols
    [CG]   [DIAG] iter=6 posCols=24 newCols=24 effImprove=24 updated=0
    [CG] CG iter 7: obj=2579454.257273, maxRC=94561.779447, +24 cols
    [CG]   [DIAG] iter=7 posCols=24 newCols=24 effImprove=24 updated=0
    [CG] CG iter 8: obj=2635339.500377, maxRC=75016.813974, +21 cols
    [CG]   [DIAG] iter=8 posCols=21 newCols=21 effImprove=21 updated=0
    [CG] CG iter 9: obj=2705755.206842, maxRC=41688.527964, +21 cols
    [CG]   [DIAG] iter=9 posCols=21 newCols=21 effImprove=21 updated=0
    [CG] CG iter 10: obj=2721547.022999, maxRC=28644.525906, +21 cols
    [CG]   [DIAG] iter=10 posCols=21 newCols=21 effImprove=21 updated=0
    [CG] CG iter 11: obj=2740680.348395, maxRC=23315.827515, +18 cols
    [CG]   [DIAG] iter=11 posCols=18 newCols=18 effImprove=18 updated=0
    [CG] CG iter 12: obj=2747514.793725, maxRC=22447.601530, +16 cols
    [CG]   [DIAG] iter=12 posCols=16 newCols=16 effImprove=16 updated=0
    [CG] CG iter 13: obj=2750948.912801, maxRC=12517.638660, +13 cols
    [CG]   [DIAG] iter=13 posCols=13 newCols=10 effImprove=13 updated=3
    [CG] CG iter 14: obj=2750965.269938, maxRC=6217.797149, +10 cols
    [CG]   [DIAG] iter=14 posCols=10 newCols=9 effImprove=10 updated=1
    [CG] CG iter 15: obj=2757183.067087, maxRC=5414.748432, +5 cols
    [CG]   [DIAG] iter=15 posCols=5 newCols=5 effImprove=5 updated=0
    [CG] CG iter 16: obj=2757183.067087, maxRC=301.973847, +5 cols
    [CG]   [DIAG] iter=16 posCols=5 newCols=5 effImprove=5 updated=0
    [CG] 列生成收敛，共 17 轮迭代
    [CG] [CG-NODE] depth=0 exit=CERTIFIED certified=1 feasible=1 iters=17 generatedColsBeforeNode=0 newCols=320 posCandidates=324 duplicateCandidates=4 updatedCols=4 zeroObjImproveIters=2 objFirst=1014297.999850 objLast=2757183.067087 objGain=1742885.067237 maxRC=1784347.595410 wallSec=0.224529 pricingSec=0.210839 cplexSolveSec=0.008699
      [BB] 根节点即为整数解，obj=2757183.067087
