    [CG] 列生成开始，初始列数=310
    [CG] CG iter 1: obj=1007938.041210, maxRC=1773103.026514, +30 cols
    [CG]   [DIAG] iter=1 posCols=30 newCols=30 effImprove=30 updated=0
    [CG] CG iter 2: obj=2144903.273230, maxRC=253689.212665, +27 cols
    [CG]   [DIAG] iter=2 posCols=27 newCols=27 effImprove=27 updated=0
    [CG] CG iter 3: obj=2306987.812542, maxRC=546903.612045, +30 cols
    [CG]   [DIAG] iter=3 posCols=30 newCols=30 effImprove=30 updated=0
    [CG] CG iter 4: obj=2334930.119942, maxRC=379451.317534, +30 cols
    [CG]   [DIAG] iter=4 posCols=30 newCols=30 effImprove=30 updated=0
    [CG] CG iter 5: obj=2386686.055636, maxRC=183886.042194, +30 cols
    [CG]   [DIAG] iter=5 posCols=30 newCols=30 effImprove=30 updated=0
    [CG] CG iter 6: obj=2479209.107933, maxRC=169466.655665, +27 cols
    [CG]   [DIAG] iter=6 posCols=27 newCols=27 effImprove=27 updated=0
    [CG] CG iter 7: obj=2523680.634728, maxRC=102819.240891, +26 cols
    [CG]   [DIAG] iter=7 posCols=26 newCols=26 effImprove=26 updated=0
    [CG] CG iter 8: obj=2567308.009565, maxRC=90813.919479, +25 cols
    [CG]   [DIAG] iter=8 posCols=25 newCols=25 effImprove=25 updated=0
    [CG] CG iter 9: obj=2614073.903567, maxRC=58616.685364, +22 cols
    [CG]   [DIAG] iter=9 posCols=22 newCols=22 effImprove=22 updated=0
    [CG] CG iter 10: obj=2663616.194547, maxRC=45032.529502, +21 cols
    [CG]   [DIAG] iter=10 posCols=21 newCols=21 effImprove=21 updated=0
    [CG] CG iter 11: obj=2706917.135108, maxRC=41996.680671, +18 cols
    [CG]   [DIAG] iter=11 posCols=18 newCols=18 effImprove=18 updated=0
    [CG] CG iter 12: obj=2713268.459731, maxRC=46749.582387, +18 cols
    [CG]   [DIAG] iter=12 posCols=18 newCols=16 effImprove=18 updated=2
    [CG] CG iter 13: obj=2734760.440469, maxRC=33641.930452, +13 cols
    [CG]   [DIAG] iter=13 posCols=13 newCols=13 effImprove=13 updated=0
    [CG] CG iter 14: obj=2734760.440469, maxRC=25184.282088, +11 cols
    [CG]   [DIAG] iter=14 posCols=11 newCols=10 effImprove=11 updated=1
    [CG] CG iter 15: obj=2736529.787190, maxRC=18044.499778, +9 cols
    [CG]   [DIAG] iter=15 posCols=9 newCols=9 effImprove=9 updated=0
    [CG] CG iter 16: obj=2736529.787190, maxRC=13102.197064, +8 cols
    [CG]   [DIAG] iter=16 posCols=8 newCols=8 effImprove=8 updated=0
    [CG] CG iter 17: obj=2749631.984254, maxRC=3995.235105, +8 cols
    [CG]   [DIAG] iter=17 posCols=8 newCols=8 effImprove=8 updated=0
    [CG] CG iter 18: obj=2749631.984254, maxRC=1066.110051, +1 cols
    [CG]   [DIAG] iter=18 posCols=1 newCols=1 effImprove=1 updated=0
    [CG] 列生成收敛，共 19 轮迭代
    [CG] [CG-NODE] depth=0 exit=CERTIFIED certified=1 feasible=1 iters=19 generatedColsBeforeNode=0 newCols=351 posCandidates=354 duplicateCandidates=3 updatedCols=3 zeroObjImproveIters=4 objFirst=1007938.041210 objLast=2749631.984254 objGain=1741693.943044 maxRC=1773103.026514 wallSec=0.236022 pricingSec=0.223807 cplexSolveSec=0.008450
      [BB] 根节点即为整数解，obj=2749631.984254
