    [CG] 列生成开始，初始列数=310
    [CG] CG iter 1: obj=1014110.456156, maxRC=1884652.925105, +30 cols
    [CG]   [DIAG] iter=1 posCols=30 newCols=30 effImprove=30 updated=0
    [CG] CG iter 2: obj=2224530.031129, maxRC=235241.288638, +30 cols
    [CG]   [DIAG] iter=2 posCols=30 newCols=30 effImprove=30 updated=0
    [CG] CG iter 3: obj=2416449.156930, maxRC=555605.942764, +30 cols
    [CG]   [DIAG] iter=3 posCols=30 newCols=30 effImprove=30 updated=0
    [CG] CG iter 4: obj=2450082.282418, maxRC=344535.137434, +30 cols
    [CG]   [DIAG] iter=4 posCols=30 newCols=30 effImprove=30 updated=0
    [CG] CG iter 5: obj=2493747.349496, maxRC=204834.010890, +30 cols
    [CG]   [DIAG] iter=5 posCols=30 newCols=29 effImprove=30 updated=1
    [CG] CG iter 6: obj=2538531.349197, maxRC=188873.592434, +29 cols
    [CG]   [DIAG] iter=6 posCols=29 newCols=29 effImprove=29 updated=0
    [CG] CG iter 7: obj=2556846.335707, maxRC=79304.165584, +22 cols
    [CG]   [DIAG] iter=7 posCols=22 newCols=22 effImprove=22 updated=0
    [CG] CG iter 8: obj=2657969.051205, maxRC=106751.143628, +25 cols
    [CG]   [DIAG] iter=8 posCols=25 newCols=25 effImprove=25 updated=0
    [CG] CG iter 9: obj=2662003.881708, maxRC=62327.417965, +24 cols
    [CG]   [DIAG] iter=9 posCols=24 newCols=24 effImprove=24 updated=0
    [CG] CG iter 10: obj=2689556.619948, maxRC=61627.916306, +20 cols
    [CG]   [DIAG] iter=10 posCols=20 newCols=20 effImprove=20 updated=0
    [CG] CG iter 11: obj=2748559.969432, maxRC=52864.519205, +19 cols
    [CG]   [DIAG] iter=11 posCols=19 newCols=19 effImprove=19 updated=0
    [CG] CG iter 12: obj=2756687.455393, maxRC=36726.120394, +15 cols
    [CG]   [DIAG] iter=12 posCols=15 newCols=15 effImprove=15 updated=0
    [CG] CG iter 13: obj=2756687.455393, maxRC=15801.931302, +8 cols
    [CG]   [DIAG] iter=13 posCols=8 newCols=8 effImprove=8 updated=0
    [CG] CG iter 14: obj=2771412.327724, maxRC=6254.577388, +14 cols
    [CG]   [DIAG] iter=14 posCols=14 newCols=13 effImprove=14 updated=1
    [CG] CG iter 15: obj=2771412.327724, maxRC=4526.031117, +4 cols
    [CG]   [DIAG] iter=15 posCols=4 newCols=4 effImprove=4 updated=0
    [CG] CG iter 16: obj=2775938.358841, maxRC=1601.660292, +2 cols
    [CG]   [DIAG] iter=16 posCols=2 newCols=2 effImprove=2 updated=0
    [CG] 列生成收敛，共 17 轮迭代
    [CG] [CG-NODE] depth=0 exit=CERTIFIED certified=1 feasible=1 iters=17 generatedColsBeforeNode=0 newCols=330 posCandidates=332 duplicateCandidates=2 updatedCols=2 zeroObjImproveIters=3 objFirst=1014110.456156 objLast=2775938.358841 objGain=1761827.902686 maxRC=1884652.925105 wallSec=0.232950 pricingSec=0.221675 cplexSolveSec=0.007408
      [BB] 根节点即为整数解，obj=2775938.358841
