    [CG] 列生成开始，初始列数=310
    [CG] CG iter 1: obj=1003185.213242, maxRC=1839535.045025, +30 cols
    [CG]   [DIAG] iter=1 posCols=30 newCols=30 effImprove=30 updated=0
    [CG] CG iter 2: obj=2181916.589260, maxRC=254534.278563, +30 cols
    [CG]   [DIAG] iter=2 posCols=30 newCols=30 effImprove=30 updated=0
    [CG] CG iter 3: obj=2355324.458086, maxRC=540408.358385, +30 cols
    [CG]   [DIAG] iter=3 posCols=30 newCols=30 effImprove=30 updated=0
    [CG] CG iter 4: obj=2421437.525824, maxRC=215835.535466, +28 cols
    [CG]   [DIAG] iter=4 posCols=28 newCols=28 effImprove=28 updated=0
    [CG] CG iter 5: obj=2496635.323306, maxRC=157340.362902, +29 cols
    [CG]   [DIAG] iter=5 posCols=29 newCols=29 effImprove=29 updated=0
    [CG] CG iter 6: obj=2535449.802886, maxRC=116652.406551, +27 cols
    [CG]   [DIAG] iter=6 posCols=27 newCols=26 effImprove=27 updated=1
    [CG] CG iter 7: obj=2563086.816438, maxRC=86485.204139, +24 cols
    [CG]   [DIAG] iter=7 posCols=24 newCols=24 effImprove=24 updated=0
    [CG] CG iter 8: obj=2607649.646019, maxRC=60623.465733, +22 cols
    [CG]   [DIAG] iter=8 posCols=22 newCols=22 effImprove=22 updated=0
    [CG] CG iter 9: obj=2679350.450631, maxRC=45274.094781, +24 cols
    [CG]   [DIAG] iter=9 posCols=24 newCols=24 effImprove=24 updated=0
    [CG] CG iter 10: obj=2717610.356607, maxRC=61964.615789, +19 cols
    [CG]   [DIAG] iter=10 posCols=19 newCols=19 effImprove=19 updated=0
    [CG] CG iter 11: obj=2717610.356607, maxRC=41009.684160, +17 cols
    [CG]   [DIAG] iter=11 posCols=17 newCols=16 effImprove=17 updated=1
    [CG] CG iter 12: obj=2717789.218460, maxRC=23115.020626, +9 cols
    [CG]   [DIAG] iter=12 posCols=9 newCols=8 effImprove=9 updated=1
    [CG] CG iter 13: obj=2720869.359927, maxRC=13980.175204, +10 cols
    [CG]   [DIAG] iter=13 posCols=10 newCols=10 effImprove=10 updated=0
    [CG] CG iter 14: obj=2720869.359927, maxRC=10653.905870, +6 cols
    [CG]   [DIAG] iter=14 posCols=6 newCols=6 effImprove=6 updated=0
    [CG] CG iter 15: obj=2727858.535016, maxRC=573.876226, +3 cols
    [CG]   [DIAG] iter=15 posCols=3 newCols=3 effImprove=3 updated=0
    [CG] CG iter 16: obj=2728375.669234, maxRC=478.963189, +1 cols
    [CG]   [DIAG] iter=16 posCols=1 newCols=1 effImprove=1 updated=0
    [CG] 列生成收敛，共 17 轮迭代
    [CG] [CG-NODE] depth=0 exit=CERTIFIED certified=1 feasible=1 iters=17 generatedColsBeforeNode=0 newCols=306 posCandidates=309 duplicateCandidates=3 updatedCols=3 zeroObjImproveIters=3 objFirst=1003185.213242 objLast=2728375.669234 objGain=1725190.455992 maxRC=1839535.045025 wallSec=0.226166 pricingSec=0.214396 cplexSolveSec=0.007758
      [BB] 根节点即为整数解，obj=2728375.669234
