    [CG] 列生成开始，初始列数=310
    [CG] CG iter 1: obj=1010045.690741, maxRC=1774782.627550, +30 cols
    [CG]   [DIAG] iter=1 posCols=30 newCols=30 effImprove=30 updated=0
    [CG] CG iter 2: obj=2146042.834856, maxRC=262690.364176, +27 cols
    [CG]   [DIAG] iter=2 posCols=27 newCols=27 effImprove=27 updated=0
    [CG] CG iter 3: obj=2288083.000595, maxRC=507200.873646, +30 cols
    [CG]   [DIAG] iter=3 posCols=30 newCols=30 effImprove=30 updated=0
    [CG] CG iter 4: obj=2348911.148515, maxRC=409442.488397, +30 cols
    [CG]   [DIAG] iter=4 posCols=30 newCols=30 effImprove=30 updated=0
    [CG] CG iter 5: obj=2398666.392564, maxRC=168332.552022, +30 cols
    [CG]   [DIAG] iter=5 posCols=30 newCols=30 effImprove=30 updated=0
    [CG] CG iter 6: obj=2494941.659107, maxRC=120928.729731, +27 cols
    [CG]   [DIAG] iter=6 posCols=27 newCols=27 effImprove=27 updated=0
    [CG] CG iter 7: obj=2571781.751670, maxRC=96171.883952, +25 cols
    [CG]   [DIAG] iter=7 posCols=25 newCols=25 effImprove=25 updated=0
    [CG] CG iter 8: obj=2590834.174617, maxRC=99239.148870, +25 cols
    [CG]   [DIAG] iter=8 posCols=25 newCols=25 effImprove=25 updated=0
    [CG] CG iter 9: obj=2623965.166442, maxRC=61959.353575, +22 cols
    [CG]   [DIAG] iter=9 posCols=22 newCols=22 effImprove=22 updated=0
    [CG] CG iter 10: obj=2682484.786275, maxRC=44842.728041, +22 cols
    [CG]   [DIAG] iter=10 posCols=22 newCols=21 effImprove=22 updated=1
    [CG] CG iter 11: obj=2713686.586111, maxRC=55084.151759, +19 cols
    [CG]   [DIAG] iter=11 posCols=19 newCols=19 effImprove=19 updated=0
    [CG] CG iter 12: obj=2719410.323084, maxRC=31157.005386, +16 cols
    [CG]   [DIAG] iter=12 posCols=16 newCols=15 effImprove=16 updated=1
    [CG] CG iter 13: obj=2719410.323084, maxRC=14632.510034, +14 cols
    [CG]   [DIAG] iter=13 posCols=14 newCols=14 effImprove=14 updated=0
    [CG] CG iter 14: obj=2745545.594659, maxRC=16201.931403, +12 cols
    [CG]   [DIAG] iter=14 posCols=12 newCols=12 effImprove=12 updated=0
    [CG] CG iter 15: obj=2745545.594659, maxRC=4782.262728, +8 cols
    [CG]   [DIAG] iter=15 posCols=8 newCols=8 effImprove=8 updated=0
    [CG] CG iter 16: obj=2745545.594659, maxRC=2168.229615, +2 cols
    [CG]   [DIAG] iter=16 posCols=2 newCols=2 effImprove=2 updated=0
    [CG] CG iter 17: obj=2745545.594659, maxRC=2405.416572, +1 cols
    [CG]   [DIAG] iter=17 posCols=1 newCols=1 effImprove=1 updated=0
    [CG] 列生成收敛，共 18 轮迭代
    [CG] [CG-NODE] depth=0 exit=CERTIFIED certified=1 feasible=1 iters=18 generatedColsBeforeNode=0 newCols=338 posCandidates=340 duplicateCandidates=2 updatedCols=2 zeroObjImproveIters=5 objFirst=1010045.690741 objLast=2745545.594659 objGain=1735499.903918 maxRC=1774782.627550 wallSec=0.276041 pricingSec=0.242215 cplexSolveSec=0.009827
      [BB] 根节点即为整数解，obj=2745545.594659
