    [CG] 列生成开始，初始列数=310
    [CG] CG iter 1: obj=1013070.569919, maxRC=1798136.627452, +30 cols
    [CG]   [DIAG] iter=1 posCols=30 newCols=30 effImprove=30 updated=0
    [CG] CG iter 2: obj=2176670.492336, maxRC=247534.082380, +28 cols
    [CG]   [DIAG] iter=2 posCols=28 newCols=28 effImprove=28 updated=0
    [CG] CG iter 3: obj=2336835.038322, maxRC=461131.748331, +30 cols
    [CG]   [DIAG] iter=3 posCols=30 newCols=30 effImprove=30 updated=0
    [CG] CG iter 4: obj=2367866.215861, maxRC=256236.461223, +30 cols
    [CG]   [DIAG] iter=4 posCols=30 newCols=30 effImprove=30 updated=0
    [CG] CG iter 5: obj=2431989.804766, maxRC=103519.958341, +30 cols
    [CG]   [DIAG] iter=5 posCols=30 newCols=30 effImprove=30 updated=0
    [CG] CG iter 6: obj=2556297.535394, maxRC=71329.552393, +27 cols
    [CG]   [DIAG] iter=6 posCols=27 newCols=27 effImprove=27 updated=0
    [CG] CG iter 7: obj=2645502.523464, maxRC=80068.753477, +24 cols
    [CG]   [DIAG] iter=7 posCols=24 newCols=24 effImprove=24 updated=0
    [CG] CG iter 8: obj=2694883.628309, maxRC=28805.771275, +22 cols
    [CG]   [DIAG] iter=8 posCols=22 newCols=22 effImprove=22 updated=0
    [CG] CG iter 9: obj=2700984.976210, maxRC=50759.404598, +23 cols
    [CG]   [DIAG] iter=9 posCols=23 newCols=23 effImprove=23 updated=0
    [CG] CG iter 10: obj=2708442.700133, maxRC=35141.177274, +20 cols
    [CG]   [DIAG] iter=10 posCols=20 newCols=20 effImprove=20 updated=0
    [CG] CG iter 11: obj=2719079.578169, maxRC=28179.578928, +21 cols
    [CG]   [DIAG] iter=11 posCols=21 newCols=20 effImprove=21 updated=1
    [CG] CG iter 12: obj=2721628.347542, maxRC=31306.471626, +15 cols
    [CG]   [DIAG] iter=12 posCols=15 newCols=15 effImprove=15 updated=0
    [CG] CG iter 13: obj=2734262.115594, maxRC=18792.377753, +13 cols
    [CG]   [DIAG] iter=13 posCols=13 newCols=13 effImprove=13 updated=0
    [CG] CG iter 14: obj=2747368.218642, maxRC=10454.917202, +10 cols
    [CG]   [DIAG] iter=14 posCols=10 newCols=9 effImprove=10 updated=1
    [CG] CG iter 15: obj=2752561.561932, maxRC=2114.087545, +8 cols
    [CG]   [DIAG] iter=15 posCols=8 newCols=8 effImprove=8 updated=0
    [CG] CG iter 16: obj=2752561.561932, maxRC=865.594703, +4 cols
    [CG]   [DIAG] iter=16 posCols=4 newCols=4 effImprove=4 updated=0
    [CG] 列生成收敛，共 17 轮迭代
    [CG] [CG-NODE] depth=0 exit=CERTIFIED certified=1 feasible=1 iters=17 generatedColsBeforeNode=0 newCols=333 posCandidates=335 duplicateCandidates=2 updatedCols=2 zeroObjImproveIters=2 objFirst=1013070.569919 objLast=2752561.561932 objGain=1739490.992012 maxRC=1798136.627452 wallSec=0.246564 pricingSec=0.215168 cplexSolveSec=0.008516
      [BB] 根节点即为整数解，obj=2752561.561932
