    [CG] 列生成开始，初始列数=310
    [CG] CG iter 1: obj=994020.150589, maxRC=1766953.876628, +30 cols
    [CG]   [DIAG] iter=1 posCols=30 newCols=30 effImprove=30 updated=0
    [CG] CG iter 2: obj=2121407.123544, maxRC=276279.918349, +27 cols
    [CG]   [DIAG] iter=2 posCols=27 newCols=27 effImprove=27 updated=0
    [CG] CG iter 3: obj=2305520.098886, maxRC=532873.164951, +30 cols
    [CG]   [DIAG] iter=3 posCols=30 newCols=30 effImprove=30 updated=0
    [CG] CG iter 4: obj=2342967.810779, maxRC=387552.519130, +28 cols
    [CG]   [DIAG] iter=4 posCols=28 newCols=28 effImprove=28 updated=0
    [CG] CG iter 5: obj=2388660.997093, maxRC=158796.089023, +27 cols
    [CG]   [DIAG] iter=5 posCols=27 newCols=27 effImprove=27 updated=0
    [CG] CG iter 6: obj=2485640.348133, maxRC=144581.424750, +27 cols
    [CG]   [DIAG] iter=6 posCols=27 newCols=27 effImprove=27 updated=0
    [CG] CG iter 7: obj=2525683.855300, maxRC=101508.087933, +25 cols
    [CG]   [DIAG] iter=7 posCols=25 newCols=24 effImprove=25 updated=1
    [CG] CG iter 8: obj=2575331.620430, maxRC=59428.669677, +22 cols
    [CG]   [DIAG] iter=8 posCols=22 newCols=22 effImprove=22 updated=0
    [CG] CG iter 9: obj=2639949.670038, maxRC=70413.886935, +24 cols
    [CG]   [DIAG] iter=9 posCols=24 newCols=24 effImprove=24 updated=0
    [CG] CG iter 10: obj=2687074.983114, maxRC=52919.021606, +19 cols
    [CG]   [DIAG] iter=10 posCols=19 newCols=19 effImprove=19 updated=0
    [CG] CG iter 11: obj=2707541.070078, maxRC=33200.744912, +19 cols
    [CG]   [DIAG] iter=11 posCols=19 newCols=19 effImprove=19 updated=0
    [CG] CG iter 12: obj=2726424.253472, maxRC=39131.897344, +19 cols
    [CG]   [DIAG] iter=12 posCols=19 newCols=19 effImprove=19 updated=0
    [CG] CG iter 13: obj=2733047.081040, maxRC=10906.797107, +13 cols
    [CG]   [DIAG] iter=13 posCols=13 newCols=12 effImprove=13 updated=1
    [CG] CG iter 14: obj=2738273.242322, maxRC=11682.834056, +5 cols
    [CG]   [DIAG] iter=14 posCols=5 newCols=5 effImprove=5 updated=0
    [CG] CG iter 15: obj=2740003.003256, maxRC=9940.313572, +10 cols
    [CG]   [DIAG] iter=15 posCols=10 newCols=10 effImprove=10 updated=0
    [CG] CG iter 16: obj=2746817.488748, maxRC=848.495773, +2 cols
    [CG]   [DIAG] iter=16 posCols=2 newCols=2 effImprove=2 updated=0
    [CG] 列生成收敛，共 17 轮迭代
    [CG] [CG-NODE] depth=0 exit=CERTIFIED certified=1 feasible=1 iters=17 generatedColsBeforeNode=0 newCols=325 posCandidates=327 duplicateCandidates=2 updatedCols=2 zeroObjImproveIters=0 objFirst=994020.150589 objLast=2747665.984522 objGain=1753645.833933 maxRC=1766953.876628 wallSec=0.255245 pricingSec=0.240355 cplexSolveSec=0.009613
      [BB] 根节点即为整数解，obj=2747665.984522
