    [CG] 列生成开始，初始列数=310
    [CG] CG iter 1: obj=999724.642018, maxRC=1852942.697164, +30 cols
    [CG]   [DIAG] iter=1 posCols=30 newCols=30 effImprove=30 updated=0
    [CG] CG iter 2: obj=2175568.816003, maxRC=250095.456858, +30 cols
    [CG]   [DIAG] iter=2 posCols=30 newCols=30 effImprove=30 updated=0
    [CG] CG iter 3: obj=2387534.526208, maxRC=505665.061707, +30 cols
    [CG]   [DIAG] iter=3 posCols=30 newCols=30 effImprove=30 updated=0
    [CG] CG iter 4: obj=2442452.431187, maxRC=322428.793466, +30 cols
    [CG]   [DIAG] iter=4 posCols=30 newCols=30 effImprove=30 updated=0
    [CG] CG iter 5: obj=2475588.185618, maxRC=241439.626062, +26 cols
    [CG]   [DIAG] iter=5 posCols=26 newCols=25 effImprove=26 updated=1
    [CG] CG iter 6: obj=2509510.905673, maxRC=155219.745391, +27 cols
    [CG]   [DIAG] iter=6 posCols=27 newCols=27 effImprove=27 updated=0
    [CG] CG iter 7: obj=2542710.099137, maxRC=112313.426931, +24 cols
    [CG]   [DIAG] iter=7 posCols=24 newCols=24 effImprove=24 updated=0
    [CG] CG iter 8: obj=2572199.420814, maxRC=104991.947467, +20 cols
    [CG]   [DIAG] iter=8 posCols=20 newCols=20 effImprove=20 updated=0
    [CG] CG iter 9: obj=2602004.207150, maxRC=73828.649782, +18 cols
    [CG]   [DIAG] iter=9 posCols=18 newCols=18 effImprove=18 updated=0
    [CG] CG iter 10: obj=2626891.080636, maxRC=71847.058253, +16 cols
    [CG]   [DIAG] iter=10 posCols=16 newCols=15 effImprove=16 updated=1
    [CG] CG iter 11: obj=2675943.780728, maxRC=21860.914231, +17 cols
    [CG]   [DIAG] iter=11 posCols=17 newCols=17 effImprove=17 updated=0
    [CG] CG iter 12: obj=2683075.441492, maxRC=28544.322287, +15 cols
    [CG]   [DIAG] iter=12 posCols=15 newCols=15 effImprove=15 updated=0
    [CG] CG iter 13: obj=2691042.648878, maxRC=25319.497079, +13 cols
    [CG]   [DIAG] iter=13 posCols=13 newCols=13 effImprove=13 updated=0
    [CG] CG iter 14: obj=2696509.836831, maxRC=13892.041627, +8 cols
    [CG]   [DIAG] iter=14 posCols=8 newCols=8 effImprove=8 updated=0
    [CG] CG iter 15: obj=2710143.781430, maxRC=9798.671126, +11 cols
    [CG]   [DIAG] iter=15 posCols=11 newCols=11 effImprove=11 updated=0
    [CG] CG iter 16: obj=2710143.781430, maxRC=6255.917125, +9 cols
    [CG]   [DIAG] iter=16 posCols=9 newCols=9 effImprove=9 updated=0
    [CG] CG iter 17: obj=2715916.607529, maxRC=3099.904514, +3 cols
    [CG]   [DIAG] iter=17 posCols=3 newCols=3 effImprove=3 updated=0
    [CG] CG iter 18: obj=2715916.607529, maxRC=2865.247664, +3 cols
    [CG]   [DIAG] iter=18 posCols=3 newCols=3 effImprove=3 updated=0
    [CG] 列生成收敛，共 19 轮迭代
    [CG] [CG-NODE] depth=0 exit=CERTIFIED certified=1 feasible=1 iters=19 generatedColsBeforeNode=0 newCols=328 posCandidates=330 duplicateCandidates=2 updatedCols=2 zeroObjImproveIters=3 objFirst=999724.642018 objLast=2715916.607529 objGain=1716191.965511 maxRC=1852942.697164 wallSec=0.238637 pricingSec=0.223631 cplexSolveSec=0.009696
      [BB] 根节点即为整数解，obj=2715916.607529
