    [CG] 列生成开始，初始列数=310
    [CG] CG iter 1: obj=915412.189328, maxRC=1025692.742756, +30 cols
    [CG]   [DIAG] iter=1 posCols=30 newCols=30 effImprove=30 updated=0
    [CG] CG iter 2: obj=1471188.390953, maxRC=301419.969108, +29 cols
    [CG]   [DIAG] iter=2 posCols=29 newCols=29 effImprove=29 updated=0
    [CG] CG iter 3: obj=1726989.820805, maxRC=274658.165406, +30 cols
    [CG]   [DIAG] iter=3 posCols=30 newCols=30 effImprove=30 updated=0
    [CG] CG iter 4: obj=1803381.493537, maxRC=272988.070684, +30 cols
    [CG]   [DIAG] iter=4 posCols=30 newCols=30 effImprove=30 updated=0
    [CG] CG iter 5: obj=1902034.456131, maxRC=138764.336698, +25 cols
    [CG]   [DIAG] iter=5 posCols=25 newCols=23 effImprove=25 updated=2
    [CG] CG iter 6: obj=1988778.554200, maxRC=136902.691229, +26 cols
    [CG]   [DIAG] iter=6 posCols=26 newCols=26 effImprove=26 updated=0
    [CG] CG iter 7: obj=2037593.092349, maxRC=90768.609548, +23 cols
    [CG]   [DIAG] iter=7 posCols=23 newCols=22 effImprove=23 updated=1
    [CG] CG iter 8: obj=2070931.618599, maxRC=88234.150979, +19 cols
    [CG]   [DIAG] iter=8 posCols=19 newCols=19 effImprove=19 updated=0
    [CG] CG iter 9: obj=2070931.618599, maxRC=53357.502572, +14 cols
    [CG]   [DIAG] iter=9 posCols=14 newCols=14 effImprove=14 updated=0
    [CG] CG iter 10: obj=2081077.350182, maxRC=37401.854513, +13 cols
    [CG]   [DIAG] iter=10 posCols=13 newCols=13 effImprove=13 updated=0
    [CG] CG iter 11: obj=2081077.350182, maxRC=29499.958277, +11 cols
    [CG]   [DIAG] iter=11 posCols=11 newCols=10 effImprove=11 updated=1
    [CG] CG iter 12: obj=2104357.865300, maxRC=10293.014346, +4 cols
    [CG]   [DIAG] iter=12 posCols=4 newCols=4 effImprove=4 updated=0
    [CG] CG iter 13: obj=2104357.865300, maxRC=2030.094947, +1 cols
    [CG]   [DIAG] iter=13 posCols=1 newCols=1 effImprove=1 updated=0
    [CG] CG iter 14: obj=2104357.865300, maxRC=1796.769674, +2 cols
    [CG]   [DIAG] iter=14 posCols=2 newCols=2 effImprove=2 updated=0
    [CG] 列生成收敛，共 15 轮迭代
    [CG] [CG-NODE] depth=0 exit=CERTIFIED certified=1 feasible=1 iters=15 generatedColsBeforeNode=0 newCols=253 posCandidates=257 duplicateCandidates=4 updatedCols=4 zeroObjImproveIters=5 objFirst=915412.189328 objLast=2104357.865300 objGain=1188945.675971 maxRC=1025692.742756 wallSec=0.157660 pricingSec=0.148783 cplexSolveSec=0.005327
      [BB] 根节点即为整数解，obj=2104357.865300
