    [CG] 列生成开始，初始列数=310
    [CG] CG iter 1: obj=984941.397540, maxRC=1062534.056943, +30 cols
    [CG]   [DIAG] iter=1 posCols=30 newCols=30 effImprove=30 updated=0
    [CG] CG iter 2: obj=1540973.038449, maxRC=263718.187548, +26 cols
    [CG]   [DIAG] iter=2 posCols=26 newCols=26 effImprove=26 updated=0
    [CG] CG iter 3: obj=1770969.233535, maxRC=264613.566722, +30 cols
    [CG]   [DIAG] iter=3 posCols=30 newCols=30 effImprove=30 updated=0
    [CG] CG iter 4: obj=1925206.070124, maxRC=129281.494800, +26 cols
    [CG]   [DIAG] iter=4 posCols=26 newCols=24 effImprove=26 updated=2
    [CG] CG iter 5: obj=2012384.603673, maxRC=122931.999472, +24 cols
    [CG]   [DIAG] iter=5 posCols=24 newCols=24 effImprove=24 updated=0
    [CG] CG iter 6: obj=2031836.259332, maxRC=104155.501863, +25 cols
    [CG]   [DIAG] iter=6 posCols=25 newCols=25 effImprove=25 updated=0
    [CG] CG iter 7: obj=2064219.042325, maxRC=49555.199981, +21 cols
    [CG]   [DIAG] iter=7 posCols=21 newCols=21 effImprove=21 updated=0
    [CG] CG iter 8: obj=2080032.127638, maxRC=41577.827303, +18 cols
    [CG]   [DIAG] iter=8 posCols=18 newCols=18 effImprove=18 updated=0
    [CG] CG iter 9: obj=2121609.954941, maxRC=10516.101816, +11 cols
    [CG]   [DIAG] iter=9 posCols=11 newCols=9 effImprove=11 updated=2
    [CG] CG iter 10: obj=2137504.651997, maxRC=9111.458255, +11 cols
    [CG]   [DIAG] iter=10 posCols=11 newCols=10 effImprove=11 updated=1
    [CG] CG iter 11: obj=2137504.651997, maxRC=2729.813811, +3 cols
    [CG]   [DIAG] iter=11 posCols=3 newCols=3 effImprove=3 updated=0
    [CG] CG iter 12: obj=2140234.465808, maxRC=515.427256, +1 cols
    [CG]   [DIAG] iter=12 posCols=1 newCols=1 effImprove=1 updated=0
    [CG] 列生成收敛，共 13 轮迭代
    [CG] [CG-NODE] depth=0 exit=CERTIFIED certified=1 feasible=1 iters=13 generatedColsBeforeNode=0 newCols=221 posCandidates=226 duplicateCandidates=5 updatedCols=5 zeroObjImproveIters=2 objFirst=984941.397540 objLast=2140234.465808 objGain=1155293.068268 maxRC=1062534.056943 wallSec=0.102778 pricingSec=0.095928 cplexSolveSec=0.004099
      [BB] 根节点即为整数解，obj=2140234.465808
