    [CG] 列生成开始，初始列数=310
    [CG] CG iter 1: obj=978800.779660, maxRC=1062533.231902, +30 cols
    [CG]   [DIAG] iter=1 posCols=30 newCols=30 effImprove=30 updated=0
    [CG] CG iter 2: obj=1538438.728491, maxRC=259233.691274, +24 cols
    [CG]   [DIAG] iter=2 posCols=24 newCols=24 effImprove=24 updated=0
    [CG] CG iter 3: obj=1764990.888413, maxRC=272020.439756, +30 cols
    [CG]   [DIAG] iter=3 posCols=30 newCols=30 effImprove=30 updated=0
    [CG] CG iter 4: obj=2011010.324117, maxRC=137173.373680, +25 cols
    [CG]   [DIAG] iter=4 posCols=25 newCols=25 effImprove=25 updated=0
    [CG] CG iter 5: obj=2041552.070362, maxRC=99617.894641, +24 cols
    [CG]   [DIAG] iter=5 posCols=24 newCols=24 effImprove=24 updated=0
    [CG] CG iter 6: obj=2041552.070362, maxRC=84191.649895, +23 cols
    [CG]   [DIAG] iter=6 posCols=23 newCols=23 effImprove=23 updated=0
    [CG] CG iter 7: obj=2074637.608795, maxRC=94920.013472, +23 cols
    [CG]   [DIAG] iter=7 posCols=23 newCols=23 effImprove=23 updated=0
    [CG] CG iter 8: obj=2076381.102623, maxRC=32746.744111, +17 cols
    [CG]   [DIAG] iter=8 posCols=17 newCols=17 effImprove=17 updated=0
    [CG] CG iter 9: obj=2118195.954385, maxRC=17084.255824, +11 cols
    [CG]   [DIAG] iter=9 posCols=11 newCols=10 effImprove=11 updated=1
    [CG] CG iter 10: obj=2123508.505637, maxRC=16732.033596, +4 cols
    [CG]   [DIAG] iter=10 posCols=4 newCols=4 effImprove=4 updated=0
    [CG] CG iter 11: obj=2135536.356301, maxRC=10798.454177, +1 cols
    [CG]   [DIAG] iter=11 posCols=1 newCols=1 effImprove=1 updated=0
    [CG] CG iter 12: obj=2135536.356301, maxRC=2676.099748, +1 cols
    [CG]   [DIAG] iter=12 posCols=1 newCols=1 effImprove=1 updated=0
    [CG] CG iter 13: obj=2138212.456050, maxRC=527.490308, +1 cols
    [CG]   [DIAG] iter=13 posCols=1 newCols=0 effImprove=1 updated=1
    [CG] 列生成收敛，共 14 轮迭代
    [CG] [CG-NODE] depth=0 exit=CERTIFIED certified=1 feasible=1 iters=14 generatedColsBeforeNode=0 newCols=212 posCandidates=214 duplicateCandidates=2 updatedCols=2 zeroObjImproveIters=3 objFirst=978800.779660 objLast=2138212.456050 objGain=1159411.676389 maxRC=1062533.231902 wallSec=0.099423 pricingSec=0.092599 cplexSolveSec=0.004198
      [BB] 根节点即为整数解，obj=2138212.456050
