    [CG] 列生成开始，初始列数=310
    [CG] CG iter 1: obj=980697.320139, maxRC=1060373.983910, +30 cols
    [CG]   [DIAG] iter=1 posCols=30 newCols=30 effImprove=30 updated=0
    [CG] CG iter 2: obj=1539879.482991, maxRC=259965.530066, +24 cols
    [CG]   [DIAG] iter=2 posCols=24 newCols=24 effImprove=24 updated=0
    [CG] CG iter 3: obj=1766278.950051, maxRC=352468.905337, +30 cols
    [CG]   [DIAG] iter=3 posCols=30 newCols=30 effImprove=30 updated=0
    [CG] CG iter 4: obj=1858918.019171, maxRC=203901.631182, +27 cols
    [CG]   [DIAG] iter=4 posCols=27 newCols=27 effImprove=27 updated=0
    [CG] CG iter 5: obj=1954335.399457, maxRC=127865.072265, +24 cols
    [CG]   [DIAG] iter=5 posCols=24 newCols=24 effImprove=24 updated=0
    [CG] CG iter 6: obj=2058915.551370, maxRC=77914.193378, +25 cols
    [CG]   [DIAG] iter=6 posCols=25 newCols=25 effImprove=25 updated=0
    [CG] CG iter 7: obj=2075752.662841, maxRC=97517.369087, +18 cols
    [CG]   [DIAG] iter=7 posCols=18 newCols=17 effImprove=18 updated=1
    [CG] CG iter 8: obj=2089428.752241, maxRC=57105.698608, +16 cols
    [CG]   [DIAG] iter=8 posCols=16 newCols=14 effImprove=16 updated=2
    [CG] CG iter 9: obj=2092209.063989, maxRC=28537.967443, +18 cols
    [CG]   [DIAG] iter=9 posCols=18 newCols=17 effImprove=18 updated=1
    [CG] CG iter 10: obj=2112071.626747, maxRC=43673.042987, +11 cols
    [CG]   [DIAG] iter=10 posCols=11 newCols=11 effImprove=11 updated=0
    [CG] CG iter 11: obj=2130471.318364, maxRC=27249.253209, +5 cols
    [CG]   [DIAG] iter=11 posCols=5 newCols=5 effImprove=5 updated=0
    [CG] CG iter 12: obj=2130471.318364, maxRC=14175.321861, +4 cols
    [CG]   [DIAG] iter=12 posCols=4 newCols=3 effImprove=4 updated=1
    [CG] CG iter 13: obj=2130471.318364, maxRC=18511.985412, +3 cols
    [CG]   [DIAG] iter=13 posCols=3 newCols=3 effImprove=3 updated=0
    [CG] CG iter 14: obj=2130471.318364, maxRC=7673.771470, +2 cols
    [CG]   [DIAG] iter=14 posCols=2 newCols=2 effImprove=2 updated=0
    [CG] CG iter 15: obj=2138145.089833, maxRC=1901.245253, +1 cols
    [CG]   [DIAG] iter=15 posCols=1 newCols=1 effImprove=1 updated=0
    [CG] CG iter 16: obj=2138145.089833, maxRC=814.032482, +2 cols
    [CG]   [DIAG] iter=16 posCols=2 newCols=2 effImprove=2 updated=0
    [CG] 列生成收敛，共 17 轮迭代
    [CG] [CG-NODE] depth=0 exit=CERTIFIED certified=1 feasible=1 iters=17 generatedColsBeforeNode=0 newCols=235 posCandidates=240 duplicateCandidates=5 updatedCols=5 zeroObjImproveIters=5 objFirst=980697.320139 objLast=2138145.089833 objGain=1157447.769694 maxRC=1060373.983910 wallSec=0.115996 pricingSec=0.107524 cplexSolveSec=0.005341
      [BB] 根节点即为整数解，obj=2138145.089833
