    [CG] 列生成开始，初始列数=310
    [CG] CG iter 1: obj=770458.576102, maxRC=1038327.101779, +30 cols
    [CG]   [DIAG] iter=1 posCols=30 newCols=30 effImprove=30 updated=0
    [CG] CG iter 2: obj=1412176.993571, maxRC=264485.395924, +25 cols
    [CG]   [DIAG] iter=2 posCols=25 newCols=25 effImprove=25 updated=0
    [CG] CG iter 3: obj=1602219.166653, maxRC=316798.753995, +24 cols
    [CG]   [DIAG] iter=3 posCols=24 newCols=24 effImprove=24 updated=0
    [CG] CG iter 4: obj=1740577.559575, maxRC=260697.777657, +25 cols
    [CG]   [DIAG] iter=4 posCols=25 newCols=25 effImprove=25 updated=0
    [CG] CG iter 5: obj=1788841.441796, maxRC=105245.589889, +22 cols
    [CG]   [DIAG] iter=5 posCols=22 newCols=22 effImprove=22 updated=0
    [CG] CG iter 6: obj=1882349.733857, maxRC=138023.007760, +18 cols
    [CG]   [DIAG] iter=6 posCols=18 newCols=17 effImprove=18 updated=1
    [CG] CG iter 7: obj=1882349.733857, maxRC=114948.203655, +18 cols
    [CG]   [DIAG] iter=7 posCols=18 newCols=18 effImprove=18 updated=0
    [CG] CG iter 8: obj=1892342.788111, maxRC=38978.689719, +15 cols
    [CG]   [DIAG] iter=8 posCols=15 newCols=15 effImprove=15 updated=0
    [CG] CG iter 9: obj=1911614.477842, maxRC=18120.372495, +7 cols
    [CG]   [DIAG] iter=9 posCols=7 newCols=7 effImprove=7 updated=0
    [CG] CG iter 10: obj=1912528.838877, maxRC=7042.299597, +5 cols
    [CG]   [DIAG] iter=10 posCols=5 newCols=5 effImprove=5 updated=0
    [CG] CG iter 11: obj=1912528.838877, maxRC=2694.854032, +2 cols
    [CG]   [DIAG] iter=11 posCols=2 newCols=2 effImprove=2 updated=0
    [CG] CG iter 12: obj=1914654.871256, maxRC=2353.571009, +2 cols
    [CG]   [DIAG] iter=12 posCols=2 newCols=2 effImprove=2 updated=0
    [CG] 列生成收敛，共 13 轮迭代
    [CG] [CG-NODE] depth=0 exit=CERTIFIED certified=1 feasible=1 iters=13 generatedColsBeforeNode=0 newCols=192 posCandidates=193 duplicateCandidates=1 updatedCols=1 zeroObjImproveIters=3 objFirst=770458.576102 objLast=1914654.871256 objGain=1144196.295154 maxRC=1038327.101779 wallSec=0.099210 pricingSec=0.092361 cplexSolveSec=0.004270
      [BB] 根节点即为整数解，obj=1914654.871256
