    [CG] 列生成开始，初始列数=310
    [CG] CG iter 1: obj=799483.420265, maxRC=1011047.898488, +30 cols
    [CG]   [DIAG] iter=1 posCols=30 newCols=30 effImprove=30 updated=0
    [CG] CG iter 2: obj=1394785.888227, maxRC=246942.128090, +25 cols
    [CG]   [DIAG] iter=2 posCols=25 newCols=25 effImprove=25 updated=0
    [CG] CG iter 3: obj=1590281.457990, maxRC=393577.914504, +24 cols
    [CG]   [DIAG] iter=3 posCols=24 newCols=24 effImprove=24 updated=0
    [CG] CG iter 4: obj=1728226.170355, maxRC=182649.074613, +21 cols
    [CG]   [DIAG] iter=4 posCols=21 newCols=21 effImprove=21 updated=0
    [CG] CG iter 5: obj=1768205.875718, maxRC=125688.700236, +24 cols
    [CG]   [DIAG] iter=5 posCols=24 newCols=24 effImprove=24 updated=0
    [CG] CG iter 6: obj=1836630.279244, maxRC=81396.786814, +17 cols
    [CG]   [DIAG] iter=6 posCols=17 newCols=17 effImprove=17 updated=0
    [CG] CG iter 7: obj=1861108.796804, maxRC=117837.008601, +16 cols
    [CG]   [DIAG] iter=7 posCols=16 newCols=15 effImprove=16 updated=1
    [CG] CG iter 8: obj=1886066.304892, maxRC=30483.177484, +12 cols
    [CG]   [DIAG] iter=8 posCols=12 newCols=12 effImprove=12 updated=0
    [CG] CG iter 9: obj=1890862.675291, maxRC=24015.582717, +10 cols
    [CG]   [DIAG] iter=9 posCols=10 newCols=10 effImprove=10 updated=0
    [CG] CG iter 10: obj=1913433.507528, maxRC=2345.186564, +5 cols
    [CG]   [DIAG] iter=10 posCols=5 newCols=5 effImprove=5 updated=0
    [CG] CG iter 11: obj=1913433.507528, maxRC=1431.728804, +1 cols
    [CG]   [DIAG] iter=11 posCols=1 newCols=1 effImprove=1 updated=0
    [CG] CG iter 12: obj=1913433.507528, maxRC=318.414352, +1 cols
    [CG]   [DIAG] iter=12 posCols=1 newCols=1 effImprove=1 updated=0
    [CG] 列生成收敛，共 13 轮迭代
    [CG] [CG-NODE] depth=0 exit=CERTIFIED certified=1 feasible=1 iters=13 generatedColsBeforeNode=0 newCols=185 posCandidates=186 duplicateCandidates=1 updatedCols=1 zeroObjImproveIters=3 objFirst=799483.420265 objLast=1913433.507528 objGain=1113950.087263 maxRC=1011047.898488 wallSec=0.122367 pricingSec=0.112822 cplexSolveSec=0.005519
      [BB] 根节点即为整数解，obj=1913433.507528
