    [CG] 列生成开始，初始列数=310
    [CG] CG iter 1: obj=777936.709263, maxRC=979304.537682, +30 cols
    [CG]   [DIAG] iter=1 posCols=30 newCols=30 effImprove=30 updated=0
    [CG] CG iter 2: obj=1343522.613073, maxRC=240235.502753, +25 cols
    [CG]   [DIAG] iter=2 posCols=25 newCols=25 effImprove=25 updated=0
    [CG] CG iter 3: obj=1481413.547473, maxRC=338752.612177, +26 cols
    [CG]   [DIAG] iter=3 posCols=26 newCols=26 effImprove=26 updated=0
    [CG] CG iter 4: obj=1642994.730839, maxRC=205293.156767, +21 cols
    [CG]   [DIAG] iter=4 posCols=21 newCols=21 effImprove=21 updated=0
    [CG] CG iter 5: obj=1716025.355085, maxRC=89396.057663, +20 cols
    [CG]   [DIAG] iter=5 posCols=20 newCols=19 effImprove=20 updated=1
    [CG] CG iter 6: obj=1763902.601509, maxRC=105418.654157, +15 cols
    [CG]   [DIAG] iter=6 posCols=15 newCols=15 effImprove=15 updated=0
    [CG] CG iter 7: obj=1779310.772904, maxRC=56956.303079, +10 cols
    [CG]   [DIAG] iter=7 posCols=10 newCols=10 effImprove=10 updated=0
    [CG] CG iter 8: obj=1785119.415596, maxRC=49729.973093, +5 cols
    [CG]   [DIAG] iter=8 posCols=5 newCols=4 effImprove=5 updated=1
    [CG] CG iter 9: obj=1786408.630828, maxRC=18676.437580, +4 cols
    [CG]   [DIAG] iter=9 posCols=4 newCols=4 effImprove=4 updated=0
    [CG] 列生成收敛，共 10 轮迭代
    [CG] [CG-NODE] depth=0 exit=CERTIFIED certified=1 feasible=1 iters=10 generatedColsBeforeNode=0 newCols=154 posCandidates=156 duplicateCandidates=2 updatedCols=2 zeroObjImproveIters=0 objFirst=777936.709263 objLast=1805085.068409 objGain=1027148.359145 maxRC=979304.537682 wallSec=0.080035 pricingSec=0.074070 cplexSolveSec=0.003552
      [BB] 根节点即为整数解，obj=1805085.068409
