    [CG] 列生成开始，初始列数=310
    [CG] CG iter 1: obj=831184.049098, maxRC=1060916.755281, +30 cols
    [CG]   [DIAG] iter=1 posCols=30 newCols=30 effImprove=30 updated=0
    [CG] CG iter 2: obj=1452426.235476, maxRC=246955.530075, +27 cols
    [CG]   [DIAG] iter=2 posCols=27 newCols=27 effImprove=27 updated=0
    [CG] CG iter 3: obj=1636127.173784, maxRC=328830.903117, +26 cols
    [CG]   [DIAG] iter=3 posCols=26 newCols=26 effImprove=26 updated=0
    [CG] CG iter 4: obj=1703580.246039, maxRC=350502.990028, +30 cols
    [CG]   [DIAG] iter=4 posCols=30 newCols=30 effImprove=30 updated=0
    [CG] CG iter 5: obj=1771225.122272, maxRC=102123.617909, +21 cols
    [CG]   [DIAG] iter=5 posCols=21 newCols=21 effImprove=21 updated=0
    [CG] CG iter 6: obj=1820909.911426, maxRC=138698.079924, +19 cols
    [CG]   [DIAG] iter=6 posCols=19 newCols=19 effImprove=19 updated=0
    [CG] CG iter 7: obj=1867922.614717, maxRC=72937.120044, +16 cols
    [CG]   [DIAG] iter=7 posCols=16 newCols=16 effImprove=16 updated=0
    [CG] CG iter 8: obj=1878136.491064, maxRC=80791.918269, +13 cols
    [CG]   [DIAG] iter=8 posCols=13 newCols=13 effImprove=13 updated=0
    [CG] CG iter 9: obj=1886378.238055, maxRC=47949.639454, +15 cols
    [CG]   [DIAG] iter=9 posCols=15 newCols=15 effImprove=15 updated=0
    [CG] CG iter 10: obj=1896254.182743, maxRC=29865.884531, +8 cols
    [CG]   [DIAG] iter=10 posCols=8 newCols=8 effImprove=8 updated=0
    [CG] CG iter 11: obj=1896776.524466, maxRC=28429.727317, +6 cols
    [CG]   [DIAG] iter=11 posCols=6 newCols=6 effImprove=6 updated=0
    [CG] CG iter 12: obj=1903883.956295, maxRC=9187.292887, +5 cols
    [CG]   [DIAG] iter=12 posCols=5 newCols=5 effImprove=5 updated=0
    [CG] CG iter 13: obj=1911263.819153, maxRC=1265.798013, +2 cols
    [CG]   [DIAG] iter=13 posCols=2 newCols=2 effImprove=2 updated=0
    [CG] 列生成收敛，共 14 轮迭代
    [CG] [CG-NODE] depth=0 exit=CERTIFIED certified=1 feasible=1 iters=14 generatedColsBeforeNode=0 newCols=218 posCandidates=218 duplicateCandidates=0 updatedCols=0 zeroObjImproveIters=1 objFirst=831184.049098 objLast=1911263.819153 objGain=1080079.770055 maxRC=1060916.755281 wallSec=0.125748 pricingSec=0.115775 cplexSolveSec=0.005917
      [BB] 根节点即为整数解，obj=1911263.819153
