    [CG] 列生成开始，初始列数=310
    [CG] CG iter 1: obj=797122.959948, maxRC=1011864.954174, +30 cols
    [CG]   [DIAG] iter=1 posCols=30 newCols=30 effImprove=30 updated=0
    [CG] CG iter 2: obj=1393931.943769, maxRC=237901.701545, +25 cols
    [CG]   [DIAG] iter=2 posCols=25 newCols=25 effImprove=25 updated=0
    [CG] CG iter 3: obj=1583064.479790, maxRC=325172.591122, +24 cols
    [CG]   [DIAG] iter=3 posCols=24 newCols=24 effImprove=24 updated=0
    [CG] CG iter 4: obj=1656246.737818, maxRC=311852.362981, +27 cols
    [CG]   [DIAG] iter=4 posCols=27 newCols=27 effImprove=27 updated=0
    [CG] CG iter 5: obj=1824176.476194, maxRC=198655.508153, +21 cols
    [CG]   [DIAG] iter=5 posCols=21 newCols=21 effImprove=21 updated=0
    [CG] CG iter 6: obj=1824176.476194, maxRC=107638.491926, +19 cols
    [CG]   [DIAG] iter=6 posCols=19 newCols=19 effImprove=19 updated=0
    [CG] CG iter 7: obj=1824176.476194, maxRC=125544.271541, +18 cols
    [CG]   [DIAG] iter=7 posCols=18 newCols=18 effImprove=18 updated=0
    [CG] CG iter 8: obj=1824176.476194, maxRC=102395.037945, +15 cols
    [CG]   [DIAG] iter=8 posCols=15 newCols=15 effImprove=15 updated=0
    [CG] CG iter 9: obj=1894806.747139, maxRC=17738.134844, +14 cols
    [CG]   [DIAG] iter=9 posCols=14 newCols=14 effImprove=14 updated=0
    [CG] CG iter 10: obj=1912544.881983, maxRC=9480.855105, +11 cols
    [CG]   [DIAG] iter=10 posCols=11 newCols=10 effImprove=11 updated=1
    [CG] CG iter 11: obj=1912544.881983, maxRC=4239.490359, +8 cols
    [CG]   [DIAG] iter=11 posCols=8 newCols=8 effImprove=8 updated=0
    [CG] CG iter 12: obj=1912544.881983, maxRC=2238.548704, +2 cols
    [CG]   [DIAG] iter=12 posCols=2 newCols=2 effImprove=2 updated=0
    [CG] CG iter 13: obj=1912544.881983, maxRC=369.942853, +1 cols
    [CG]   [DIAG] iter=13 posCols=1 newCols=1 effImprove=1 updated=0
    [CG] 列生成收敛，共 14 轮迭代
    [CG] [CG-NODE] depth=0 exit=CERTIFIED certified=1 feasible=1 iters=14 generatedColsBeforeNode=0 newCols=214 posCandidates=215 duplicateCandidates=1 updatedCols=1 zeroObjImproveIters=7 objFirst=797122.959948 objLast=1912544.881983 objGain=1115421.922036 maxRC=1011864.954174 wallSec=0.096188 pricingSec=0.088147 cplexSolveSec=0.005049
      [BB] 根节点即为整数解，obj=1912544.881983
