    [CG] 列生成开始，初始列数=310
    [CG] CG iter 1: obj=808959.635398, maxRC=1006382.685033, +30 cols
    [CG]   [DIAG] iter=1 posCols=30 newCols=30 effImprove=30 updated=0
    [CG] CG iter 2: obj=1410132.752086, maxRC=232846.100993, +27 cols
    [CG]   [DIAG] iter=2 posCols=27 newCols=27 effImprove=27 updated=0
    [CG] CG iter 3: obj=1587812.024236, maxRC=400047.347967, +23 cols
    [CG]   [DIAG] iter=3 posCols=23 newCols=23 effImprove=23 updated=0
    [CG] CG iter 4: obj=1699084.962782, maxRC=199634.665078, +24 cols
    [CG]   [DIAG] iter=4 posCols=24 newCols=24 effImprove=24 updated=0
    [CG] CG iter 5: obj=1761097.565079, maxRC=138066.562283, +24 cols
    [CG]   [DIAG] iter=5 posCols=24 newCols=24 effImprove=24 updated=0
    [CG] CG iter 6: obj=1829809.233587, maxRC=70559.796882, +18 cols
    [CG]   [DIAG] iter=6 posCols=18 newCols=18 effImprove=18 updated=0
    [CG] CG iter 7: obj=1862743.625073, maxRC=112178.277204, +13 cols
    [CG]   [DIAG] iter=7 posCols=13 newCols=13 effImprove=13 updated=0
    [CG] CG iter 8: obj=1870989.476897, maxRC=45375.284725, +12 cols
    [CG]   [DIAG] iter=8 posCols=12 newCols=11 effImprove=12 updated=1
    [CG] CG iter 9: obj=1895424.758368, maxRC=10622.914106, +10 cols
    [CG]   [DIAG] iter=9 posCols=10 newCols=10 effImprove=10 updated=0
    [CG] CG iter 10: obj=1906047.672474, maxRC=1498.764873, +2 cols
    [CG]   [DIAG] iter=10 posCols=2 newCols=2 effImprove=2 updated=0
    [CG] CG iter 11: obj=1906047.672474, maxRC=570.454095, +1 cols
    [CG]   [DIAG] iter=11 posCols=1 newCols=1 effImprove=1 updated=0
    [CG] 列生成收敛，共 12 轮迭代
    [CG] [CG-NODE] depth=0 exit=CERTIFIED certified=1 feasible=1 iters=12 generatedColsBeforeNode=0 newCols=183 posCandidates=184 duplicateCandidates=1 updatedCols=1 zeroObjImproveIters=2 objFirst=808959.635398 objLast=1906047.672474 objGain=1097088.037076 maxRC=1006382.685033 wallSec=0.096951 pricingSec=0.089950 cplexSolveSec=0.004233
      [BB] 根节点即为整数解，obj=1906047.672474
