    [CG] 列生成开始，初始列数=310
    [CG] CG iter 1: obj=813146.104822, maxRC=1368540.190038, +30 cols
    [CG]   [DIAG] iter=1 posCols=30 newCols=30 effImprove=30 updated=0
    [CG] CG iter 2: obj=1733412.076448, maxRC=215655.207267, +28 cols
    [CG]   [DIAG] iter=2 posCols=28 newCols=28 effImprove=28 updated=0
    [CG] CG iter 3: obj=1824892.577772, maxRC=266747.788057, +27 cols
    [CG]   [DIAG] iter=3 posCols=27 newCols=27 effImprove=27 updated=0
    [CG] CG iter 4: obj=1866776.032928, maxRC=138482.622380, +26 cols
    [CG]   [DIAG] iter=4 posCols=26 newCols=26 effImprove=26 updated=0
    [CG] CG iter 5: obj=1948942.975841, maxRC=71146.327752, +21 cols
    [CG]   [DIAG] iter=5 posCols=21 newCols=21 effImprove=21 updated=0
    [CG] CG iter 6: obj=1991069.216152, maxRC=70529.087557, +17 cols
    [CG]   [DIAG] iter=6 posCols=17 newCols=17 effImprove=17 updated=0
    [CG] CG iter 7: obj=2016105.847049, maxRC=62521.988269, +19 cols
    [CG]   [DIAG] iter=7 posCols=19 newCols=19 effImprove=19 updated=0
    [CG] CG iter 8: obj=2028341.609815, maxRC=32214.979528, +16 cols
    [CG]   [DIAG] iter=8 posCols=16 newCols=16 effImprove=16 updated=0
    [CG] CG iter 9: obj=2054344.329146, maxRC=24524.098506, +11 cols
    [CG]   [DIAG] iter=9 posCols=11 newCols=11 effImprove=11 updated=0
    [CG] CG iter 10: obj=2058438.205559, maxRC=4851.579130, +5 cols
    [CG]   [DIAG] iter=10 posCols=5 newCols=5 effImprove=5 updated=0
    [CG] CG iter 11: obj=2059505.156029, maxRC=2398.880473, +2 cols
    [CG]   [DIAG] iter=11 posCols=2 newCols=2 effImprove=2 updated=0
    [CG] 列生成收敛，共 12 轮迭代
    [CG] [CG-NODE] depth=0 exit=CERTIFIED certified=1 feasible=1 iters=12 generatedColsBeforeNode=0 newCols=202 posCandidates=202 duplicateCandidates=0 updatedCols=0 zeroObjImproveIters=0 objFirst=813146.104822 objLast=2059706.459879 objGain=1246560.355057 maxRC=1368540.190038 wallSec=0.173003 pricingSec=0.163568 cplexSolveSec=0.005661
      [BB] 根节点即为整数解，obj=2059706.459879
