    [CG] 列生成开始，初始列数=310
    [CG] CG iter 1: obj=861455.402863, maxRC=1282776.648638, +30 cols
    [CG]   [DIAG] iter=1 posCols=30 newCols=30 effImprove=30 updated=0
    [CG] CG iter 2: obj=1677189.750554, maxRC=210623.232568, +28 cols
    [CG]   [DIAG] iter=2 posCols=28 newCols=28 effImprove=28 updated=0
    [CG] CG iter 3: obj=1832233.566732, maxRC=266444.729158, +30 cols
    [CG]   [DIAG] iter=3 posCols=30 newCols=30 effImprove=30 updated=0
    [CG] CG iter 4: obj=1927398.029745, maxRC=192106.828148, +24 cols
    [CG]   [DIAG] iter=4 posCols=24 newCols=24 effImprove=24 updated=0
    [CG] CG iter 5: obj=1951799.835490, maxRC=93006.316962, +23 cols
    [CG]   [DIAG] iter=5 posCols=23 newCols=23 effImprove=23 updated=0
    [CG] CG iter 6: obj=2027619.140569, maxRC=76359.643433, +22 cols
    [CG]   [DIAG] iter=6 posCols=22 newCols=22 effImprove=22 updated=0
    [CG] CG iter 7: obj=2079772.607358, maxRC=52931.315975, +16 cols
    [CG]   [DIAG] iter=7 posCols=16 newCols=16 effImprove=16 updated=0
    [CG] CG iter 8: obj=2082850.624727, maxRC=53304.131369, +14 cols
    [CG]   [DIAG] iter=8 posCols=14 newCols=14 effImprove=14 updated=0
    [CG] CG iter 9: obj=2096185.376897, maxRC=42660.106268, +21 cols
    [CG]   [DIAG] iter=9 posCols=21 newCols=20 effImprove=21 updated=1
    [CG] CG iter 10: obj=2115884.377577, maxRC=36123.055508, +11 cols
    [CG]   [DIAG] iter=10 posCols=11 newCols=10 effImprove=11 updated=1
    [CG] CG iter 11: obj=2115884.377577, maxRC=12706.971126, +5 cols
    [CG]   [DIAG] iter=11 posCols=5 newCols=4 effImprove=5 updated=1
    [CG] CG iter 12: obj=2115884.377577, maxRC=7164.846269, +2 cols
    [CG]   [DIAG] iter=12 posCols=2 newCols=2 effImprove=2 updated=0
    [CG] CG iter 13: obj=2123049.223846, maxRC=148.326986, +1 cols
    [CG]   [DIAG] iter=13 posCols=1 newCols=1 effImprove=1 updated=0
    [CG] 列生成收敛，共 14 轮迭代
    [CG] [CG-NODE] depth=0 exit=CERTIFIED certified=1 feasible=1 iters=14 generatedColsBeforeNode=0 newCols=224 posCandidates=227 duplicateCandidates=3 updatedCols=3 zeroObjImproveIters=2 objFirst=861455.402863 objLast=2123197.550833 objGain=1261742.147970 maxRC=1282776.648638 wallSec=0.142098 pricingSec=0.131632 cplexSolveSec=0.006217
      [BB] 根节点即为整数解，obj=2123197.550833
