    [CG] 列生成开始，初始列数=310
    [CG] CG iter 1: obj=860690.735587, maxRC=1188986.465383, +30 cols
    [CG]   [DIAG] iter=1 posCols=30 newCols=30 effImprove=30 updated=0
    [CG] CG iter 2: obj=1588745.664540, maxRC=230700.815569, +28 cols
    [CG]   [DIAG] iter=2 posCols=28 newCols=28 effImprove=28 updated=0
    [CG] CG iter 3: obj=1814538.033308, maxRC=162057.279991, +29 cols
    [CG]   [DIAG] iter=3 posCols=29 newCols=29 effImprove=29 updated=0
    [CG] CG iter 4: obj=1909405.245664, maxRC=203430.260532, +26 cols
    [CG]   [DIAG] iter=4 posCols=26 newCols=26 effImprove=26 updated=0
    [CG] CG iter 5: obj=1932418.999098, maxRC=142454.480524, +22 cols
    [CG]   [DIAG] iter=5 posCols=22 newCols=22 effImprove=22 updated=0
    [CG] CG iter 6: obj=2005234.483889, maxRC=59647.811830, +22 cols
    [CG]   [DIAG] iter=6 posCols=22 newCols=22 effImprove=22 updated=0
    [CG] CG iter 7: obj=2046571.633529, maxRC=59015.749913, +19 cols
    [CG]   [DIAG] iter=7 posCols=19 newCols=19 effImprove=19 updated=0
    [CG] CG iter 8: obj=2105587.383442, maxRC=29867.196500, +16 cols
    [CG]   [DIAG] iter=8 posCols=16 newCols=16 effImprove=16 updated=0
    [CG] CG iter 9: obj=2107520.254682, maxRC=26487.914000, +10 cols
    [CG]   [DIAG] iter=9 posCols=10 newCols=10 effImprove=10 updated=0
    [CG] CG iter 10: obj=2111769.365851, maxRC=3824.638679, +4 cols
    [CG]   [DIAG] iter=10 posCols=4 newCols=4 effImprove=4 updated=0
    [CG] CG iter 11: obj=2112796.773700, maxRC=742.943373, +1 cols
    [CG]   [DIAG] iter=11 posCols=1 newCols=1 effImprove=1 updated=0
    [CG] 列生成收敛，共 12 轮迭代
    [CG] [CG-NODE] depth=0 exit=CERTIFIED certified=1 feasible=1 iters=12 generatedColsBeforeNode=0 newCols=207 posCandidates=207 duplicateCandidates=0 updatedCols=0 zeroObjImproveIters=1 objFirst=860690.735587 objLast=2112796.773700 objGain=1252106.038112 maxRC=1188986.465383 wallSec=0.130440 pricingSec=0.123578 cplexSolveSec=0.004534
      [BB] 根节点即为整数解，obj=2112796.773700
