    [CG] 列生成开始，初始列数=310
    [CG] CG iter 1: obj=863038.557381, maxRC=1217194.150952, +30 cols
    [CG]   [DIAG] iter=1 posCols=30 newCols=30 effImprove=30 updated=0
    [CG] CG iter 2: obj=1616741.352326, maxRC=225503.880723, +28 cols
    [CG]   [DIAG] iter=2 posCols=28 newCols=28 effImprove=28 updated=0
    [CG] CG iter 3: obj=1792224.053468, maxRC=290227.919862, +29 cols
    [CG]   [DIAG] iter=3 posCols=29 newCols=29 effImprove=29 updated=0
    [CG] CG iter 4: obj=1877289.869224, maxRC=164413.792969, +24 cols
    [CG]   [DIAG] iter=4 posCols=24 newCols=24 effImprove=24 updated=0
    [CG] CG iter 5: obj=1954995.223084, maxRC=131525.824805, +24 cols
    [CG]   [DIAG] iter=5 posCols=24 newCols=24 effImprove=24 updated=0
    [CG] CG iter 6: obj=2008844.078329, maxRC=91219.070511, +21 cols
    [CG]   [DIAG] iter=6 posCols=21 newCols=21 effImprove=21 updated=0
    [CG] CG iter 7: obj=2052838.559446, maxRC=76931.417650, +16 cols
    [CG]   [DIAG] iter=7 posCols=16 newCols=16 effImprove=16 updated=0
    [CG] CG iter 8: obj=2103893.223079, maxRC=49895.866931, +14 cols
    [CG]   [DIAG] iter=8 posCols=14 newCols=14 effImprove=14 updated=0
    [CG] CG iter 9: obj=2103893.223079, maxRC=16349.267902, +12 cols
    [CG]   [DIAG] iter=9 posCols=12 newCols=12 effImprove=12 updated=0
    [CG] CG iter 10: obj=2114169.821036, maxRC=4823.871462, +8 cols
    [CG]   [DIAG] iter=10 posCols=8 newCols=8 effImprove=8 updated=0
    [CG] CG iter 11: obj=2117564.002918, maxRC=3722.619994, +6 cols
    [CG]   [DIAG] iter=11 posCols=6 newCols=6 effImprove=6 updated=0
    [CG] CG iter 12: obj=2119216.789581, maxRC=1493.010021, +1 cols
    [CG]   [DIAG] iter=12 posCols=1 newCols=1 effImprove=1 updated=0
    [CG] 列生成收敛，共 13 轮迭代
    [CG] [CG-NODE] depth=0 exit=CERTIFIED certified=1 feasible=1 iters=13 generatedColsBeforeNode=0 newCols=213 posCandidates=213 duplicateCandidates=0 updatedCols=0 zeroObjImproveIters=1 objFirst=863038.557381 objLast=2120709.799602 objGain=1257671.242221 maxRC=1217194.150952 wallSec=0.130676 pricingSec=0.123223 cplexSolveSec=0.004976
      [BB] 根节点即为整数解，obj=2120709.799602
