    [CG] 列生成开始，初始列数=310
    [CG] CG iter 1: obj=857673.108185, maxRC=1217605.274097, +30 cols
    [CG]   [DIAG] iter=1 posCols=30 newCols=30 effImprove=30 updated=0
    [CG] CG iter 2: obj=1614220.703635, maxRC=213925.750562, +28 cols
    [CG]   [DIAG] iter=2 posCols=28 newCols=28 effImprove=28 updated=0
    [CG] CG iter 3: obj=1761206.414179, maxRC=378704.456106, +29 cols
    [CG]   [DIAG] iter=3 posCols=29 newCols=29 effImprove=29 updated=0
    [CG] CG iter 4: obj=1887363.885132, maxRC=228152.054901, +26 cols
    [CG]   [DIAG] iter=4 posCols=26 newCols=26 effImprove=26 updated=0
    [CG] CG iter 5: obj=1910749.918037, maxRC=137440.761328, +23 cols
    [CG]   [DIAG] iter=5 posCols=23 newCols=23 effImprove=23 updated=0
    [CG] CG iter 6: obj=1949481.588907, maxRC=91386.015812, +23 cols
    [CG]   [DIAG] iter=6 posCols=23 newCols=22 effImprove=23 updated=1
    [CG] CG iter 7: obj=2045476.330299, maxRC=51323.262851, +24 cols
    [CG]   [DIAG] iter=7 posCols=24 newCols=24 effImprove=24 updated=0
    [CG] CG iter 8: obj=2083174.684587, maxRC=67850.825917, +21 cols
    [CG]   [DIAG] iter=8 posCols=21 newCols=21 effImprove=21 updated=0
    [CG] CG iter 9: obj=2088866.282268, maxRC=27818.611321, +14 cols
    [CG]   [DIAG] iter=9 posCols=14 newCols=13 effImprove=14 updated=1
    [CG] CG iter 10: obj=2114486.125878, maxRC=22456.982429, +7 cols
    [CG]   [DIAG] iter=10 posCols=7 newCols=7 effImprove=7 updated=0
    [CG] CG iter 11: obj=2116746.895398, maxRC=14378.305865, +6 cols
    [CG]   [DIAG] iter=11 posCols=6 newCols=5 effImprove=6 updated=1
    [CG] CG iter 12: obj=2116746.895398, maxRC=1291.149613, +3 cols
    [CG]   [DIAG] iter=12 posCols=3 newCols=3 effImprove=3 updated=0
    [CG] 列生成收敛，共 13 轮迭代
    [CG] [CG-NODE] depth=0 exit=CERTIFIED certified=1 feasible=1 iters=13 generatedColsBeforeNode=0 newCols=231 posCandidates=234 duplicateCandidates=3 updatedCols=3 zeroObjImproveIters=2 objFirst=857673.108185 objLast=2116746.895398 objGain=1259073.787213 maxRC=1217605.274097 wallSec=0.179761 pricingSec=0.168961 cplexSolveSec=0.006414
      [BB] 根节点即为整数解，obj=2116746.895398
