    [CG] 列生成开始，初始列数=310
    [CG] CG iter 1: obj=300207.456236, maxRC=412668.273774, +9 cols
    [CG]   [DIAG] iter=1 posCols=9 newCols=9 effImprove=9 updated=0
    [CG] CG iter 2: obj=611454.840789, maxRC=223408.131877, +9 cols
    [CG]   [DIAG] iter=2 posCols=9 newCols=9 effImprove=9 updated=0
    [CG] CG iter 3: obj=637810.487234, maxRC=185857.317343, +9 cols
    [CG]   [DIAG] iter=3 posCols=9 newCols=9 effImprove=9 updated=0
    [CG] CG iter 4: obj=765063.057863, maxRC=183816.296243, +9 cols
    [CG]   [DIAG] iter=4 posCols=9 newCols=9 effImprove=9 updated=0
    [CG] CG iter 5: obj=792361.217740, maxRC=134652.827157, +9 cols
    [CG]   [DIAG] iter=5 posCols=9 newCols=9 effImprove=9 updated=0
    [CG] CG iter 6: obj=836729.556300, maxRC=160691.506097, +9 cols
    [CG]   [DIAG] iter=6 posCols=9 newCols=9 effImprove=9 updated=0
    [CG] CG iter 7: obj=837581.175134, maxRC=136219.334705, +9 cols
    [CG]   [DIAG] iter=7 posCols=9 newCols=9 effImprove=9 updated=0
    [CG] CG iter 8: obj=854366.610899, maxRC=117786.469064, +7 cols
    [CG]   [DIAG] iter=8 posCols=7 newCols=7 effImprove=7 updated=0
    [CG] CG iter 9: obj=871270.576301, maxRC=21940.426541, +5 cols
    [CG]   [DIAG] iter=9 posCols=5 newCols=5 effImprove=5 updated=0
    [CG] CG iter 10: obj=871270.576301, maxRC=13412.692341, +6 cols
    [CG]   [DIAG] iter=10 posCols=6 newCols=6 effImprove=6 updated=0
    [CG] CG iter 11: obj=871270.576301, maxRC=10115.123040, +4 cols
    [CG]   [DIAG] iter=11 posCols=4 newCols=4 effImprove=4 updated=0
    [CG] CG iter 12: obj=871270.576301, maxRC=9609.387630, +4 cols
    [CG]   [DIAG] iter=12 posCols=4 newCols=4 effImprove=4 updated=0
    [CG] CG iter 13: obj=871270.576301, maxRC=1931.682836, +2 cols
    [CG]   [DIAG] iter=13 posCols=2 newCols=2 effImprove=2 updated=0
    [CG] 列生成收敛，共 14 轮迭代
    [CG] [CG-NODE] depth=0 exit=CERTIFIED certified=1 feasible=1 iters=14 generatedColsBeforeNode=0 newCols=91 posCandidates=91 duplicateCandidates=0 updatedCols=0 zeroObjImproveIters=5 objFirst=300207.456236 objLast=871270.576301 objGain=571063.120065 maxRC=412668.273774 wallSec=0.594736 pricingSec=0.567321 cplexSolveSec=0.004325
      [BB] 根节点即为整数解，obj=871270.576301
