    [CG] 列生成开始，初始列数=310
    [CG] CG iter 1: obj=416475.423435, maxRC=758711.399839, +15 cols
    [CG]   [DIAG] iter=1 posCols=15 newCols=15 effImprove=15 updated=0
    [CG] CG iter 2: obj=1127672.513029, maxRC=585876.901514, +15 cols
    [CG]   [DIAG] iter=2 posCols=15 newCols=15 effImprove=15 updated=0
    [CG] CG iter 3: obj=1178814.020745, maxRC=585213.294548, +15 cols
    [CG]   [DIAG] iter=3 posCols=15 newCols=15 effImprove=15 updated=0
    [CG] CG iter 4: obj=1178814.020745, maxRC=545077.255724, +15 cols
    [CG]   [DIAG] iter=4 posCols=15 newCols=15 effImprove=15 updated=0
    [CG] CG iter 5: obj=1247433.588096, maxRC=546639.151651, +15 cols
    [CG]   [DIAG] iter=5 posCols=15 newCols=15 effImprove=15 updated=0
    [CG] CG iter 6: obj=1394521.342321, maxRC=528740.241099, +14 cols
    [CG]   [DIAG] iter=6 posCols=14 newCols=14 effImprove=14 updated=0
    [CG] CG iter 7: obj=1484893.141616, maxRC=151960.922098, +13 cols
    [CG]   [DIAG] iter=7 posCols=13 newCols=13 effImprove=13 updated=0
    [CG] CG iter 8: obj=1484893.141616, maxRC=79419.482048, +12 cols
    [CG]   [DIAG] iter=8 posCols=12 newCols=12 effImprove=12 updated=0
    [CG] CG iter 9: obj=1511847.162022, maxRC=35390.277678, +10 cols
    [CG]   [DIAG] iter=9 posCols=10 newCols=10 effImprove=10 updated=0
    [CG] CG iter 10: obj=1558522.788139, maxRC=46806.214027, +9 cols
    [CG]   [DIAG] iter=10 posCols=9 newCols=8 effImprove=9 updated=1
    [CG] CG iter 11: obj=1563264.301939, maxRC=10529.141561, +7 cols
    [CG]   [DIAG] iter=11 posCols=7 newCols=7 effImprove=7 updated=0
    [CG] CG iter 12: obj=1563264.301939, maxRC=5555.407687, +4 cols
    [CG]   [DIAG] iter=12 posCols=4 newCols=4 effImprove=4 updated=0
    [CG] CG iter 13: obj=1563264.301939, maxRC=1973.587085, +2 cols
    [CG]   [DIAG] iter=13 posCols=2 newCols=1 effImprove=2 updated=1
    [CG] CG iter 14: obj=1564783.154682, maxRC=257.811789, +1 cols
    [CG]   [DIAG] iter=14 posCols=1 newCols=1 effImprove=1 updated=0
    [CG] CG iter 15: obj=1564783.154682, maxRC=229.530421, +1 cols
    [CG]   [DIAG] iter=15 posCols=1 newCols=1 effImprove=1 updated=0
    [CG] 列生成收敛，共 16 轮迭代
    [CG] [CG-NODE] depth=0 exit=CERTIFIED certified=1 feasible=1 iters=16 generatedColsBeforeNode=0 newCols=146 posCandidates=148 duplicateCandidates=2 updatedCols=2 zeroObjImproveIters=6 objFirst=416475.423435 objLast=1564783.154682 objGain=1148307.731247 maxRC=758711.399839 wallSec=0.532888 pricingSec=0.523191 cplexSolveSec=0.005466
      [BB] 根节点即为整数解，obj=1564783.154682
