    [CG] 列生成开始，初始列数=310
    [CG] CG iter 1: obj=541318.544750, maxRC=1540959.658312, +27 cols
    [CG]   [DIAG] iter=1 posCols=27 newCols=27 effImprove=27 updated=0
    [CG] CG iter 2: obj=1704726.519316, maxRC=443119.273117, +18 cols
    [CG]   [DIAG] iter=2 posCols=18 newCols=18 effImprove=18 updated=0
    [CG] CG iter 3: obj=1748452.188825, maxRC=618370.921945, +15 cols
    [CG]   [DIAG] iter=3 posCols=15 newCols=14 effImprove=15 updated=1
    [CG] CG iter 4: obj=1750367.428418, maxRC=618835.042131, +15 cols
    [CG]   [DIAG] iter=4 posCols=15 newCols=15 effImprove=15 updated=0
    [CG] CG iter 5: obj=1771209.768216, maxRC=581975.355827, +15 cols
    [CG]   [DIAG] iter=5 posCols=15 newCols=15 effImprove=15 updated=0
    [CG] CG iter 6: obj=1825389.788383, maxRC=525900.476643, +13 cols
    [CG]   [DIAG] iter=6 posCols=13 newCols=13 effImprove=13 updated=0
    [CG] CG iter 7: obj=1871480.849192, maxRC=509808.216823, +12 cols
    [CG]   [DIAG] iter=7 posCols=12 newCols=12 effImprove=12 updated=0
    [CG] CG iter 8: obj=1896886.691468, maxRC=394680.494144, +12 cols
    [CG]   [DIAG] iter=8 posCols=12 newCols=11 effImprove=12 updated=1
    [CG] CG iter 9: obj=1918981.290339, maxRC=151733.549379, +13 cols
    [CG]   [DIAG] iter=9 posCols=13 newCols=13 effImprove=13 updated=0
    [CG] CG iter 10: obj=1936063.091295, maxRC=148931.708661, +11 cols
    [CG]   [DIAG] iter=10 posCols=11 newCols=11 effImprove=11 updated=0
    [CG] CG iter 11: obj=1958336.461903, maxRC=164647.572031, +12 cols
    [CG]   [DIAG] iter=11 posCols=12 newCols=12 effImprove=12 updated=0
    [CG] CG iter 12: obj=1970385.038681, maxRC=106655.470189, +9 cols
    [CG]   [DIAG] iter=12 posCols=9 newCols=9 effImprove=9 updated=0
    [CG] CG iter 13: obj=1994384.533753, maxRC=112919.474559, +9 cols
    [CG]   [DIAG] iter=13 posCols=9 newCols=9 effImprove=9 updated=0
    [CG] CG iter 14: obj=1997732.545703, maxRC=72068.096105, +9 cols
    [CG]   [DIAG] iter=14 posCols=9 newCols=9 effImprove=9 updated=0
    [CG] CG iter 15: obj=2019945.956242, maxRC=68838.622261, +9 cols
    [CG]   [DIAG] iter=15 posCols=9 newCols=9 effImprove=9 updated=0
    [CG] CG iter 16: obj=2031143.003738, maxRC=47796.245901, +9 cols
    [CG]   [DIAG] iter=16 posCols=9 newCols=9 effImprove=9 updated=0
    [CG] CG iter 17: obj=2045597.003505, maxRC=36821.342940, +8 cols
    [CG]   [DIAG] iter=17 posCols=8 newCols=8 effImprove=8 updated=0
    [CG] CG iter 18: obj=2051424.888957, maxRC=25294.852705, +7 cols
    [CG]   [DIAG] iter=18 posCols=7 newCols=6 effImprove=7 updated=1
    [CG] CG iter 19: obj=2059979.785841, maxRC=8482.059742, +9 cols
    [CG]   [DIAG] iter=19 posCols=9 newCols=9 effImprove=9 updated=0
    [CG] CG iter 20: obj=2064472.967839, maxRC=10805.466377, +5 cols
    [CG]   [DIAG] iter=20 posCols=5 newCols=5 effImprove=5 updated=0
    [CG] CG iter 21: obj=2064883.676160, maxRC=5420.246962, +6 cols
    [CG]   [DIAG] iter=21 posCols=6 newCols=6 effImprove=6 updated=0
    [CG] CG iter 22: obj=2064883.676160, maxRC=533.248325, +5 cols
    [CG]   [DIAG] iter=22 posCols=5 newCols=5 effImprove=5 updated=0
    [CG] CG iter 23: obj=2064883.676160, maxRC=330.852190, +1 cols
    [CG]   [DIAG] iter=23 posCols=1 newCols=1 effImprove=1 updated=0
    [CG] 列生成收敛，共 24 轮迭代
    [CG] [CG-NODE] depth=0 exit=CERTIFIED certified=1 feasible=1 iters=24 generatedColsBeforeNode=0 newCols=246 posCandidates=249 duplicateCandidates=3 updatedCols=3 zeroObjImproveIters=3 objFirst=541318.544750 objLast=2064883.676160 objGain=1523565.131409 maxRC=1540959.658312 wallSec=0.236067 pricingSec=0.222054 cplexSolveSec=0.008727
      [BB] 根节点即为整数解，obj=2064883.676160
