    [CG] 列生成开始，初始列数=310
    [CG] CG iter 1: obj=609808.917138, maxRC=1544706.846300, +27 cols
    [CG]   [DIAG] iter=1 posCols=27 newCols=27 effImprove=27 updated=0
    [CG] CG iter 2: obj=1723451.755526, maxRC=401842.920084, +20 cols
    [CG]   [DIAG] iter=2 posCols=20 newCols=20 effImprove=20 updated=0
    [CG] CG iter 3: obj=1757275.908330, maxRC=533661.787611, +17 cols
    [CG]   [DIAG] iter=3 posCols=17 newCols=17 effImprove=17 updated=0
    [CG] CG iter 4: obj=1761610.935897, maxRC=524877.994669, +15 cols
    [CG]   [DIAG] iter=4 posCols=15 newCols=15 effImprove=15 updated=0
    [CG] CG iter 5: obj=1786852.684414, maxRC=481342.417753, +16 cols
    [CG]   [DIAG] iter=5 posCols=16 newCols=15 effImprove=16 updated=1
    [CG] CG iter 6: obj=1892330.956825, maxRC=449079.394403, +13 cols
    [CG]   [DIAG] iter=6 posCols=13 newCols=13 effImprove=13 updated=0
    [CG] CG iter 7: obj=1927991.577994, maxRC=148082.916144, +13 cols
    [CG]   [DIAG] iter=7 posCols=13 newCols=13 effImprove=13 updated=0
    [CG] CG iter 8: obj=1940353.829459, maxRC=178905.924885, +12 cols
    [CG]   [DIAG] iter=8 posCols=12 newCols=12 effImprove=12 updated=0
    [CG] CG iter 9: obj=1946590.282907, maxRC=183988.580677, +9 cols
    [CG]   [DIAG] iter=9 posCols=9 newCols=9 effImprove=9 updated=0
    [CG] CG iter 10: obj=1963734.752255, maxRC=76178.207199, +9 cols
    [CG]   [DIAG] iter=10 posCols=9 newCols=9 effImprove=9 updated=0
    [CG] CG iter 11: obj=1972194.596937, maxRC=95682.401501, +9 cols
    [CG]   [DIAG] iter=11 posCols=9 newCols=9 effImprove=9 updated=0
    [CG] CG iter 12: obj=2008677.557593, maxRC=137812.343611, +9 cols
    [CG]   [DIAG] iter=12 posCols=9 newCols=9 effImprove=9 updated=0
    [CG] CG iter 13: obj=2008677.557593, maxRC=169443.650310, +9 cols
    [CG]   [DIAG] iter=13 posCols=9 newCols=9 effImprove=9 updated=0
    [CG] CG iter 14: obj=2014119.656656, maxRC=67059.333266, +9 cols
    [CG]   [DIAG] iter=14 posCols=9 newCols=9 effImprove=9 updated=0
    [CG] CG iter 15: obj=2019840.189606, maxRC=52889.351070, +9 cols
    [CG]   [DIAG] iter=15 posCols=9 newCols=9 effImprove=9 updated=0
    [CG] CG iter 16: obj=2023320.364482, maxRC=29427.430359, +8 cols
    [CG]   [DIAG] iter=16 posCols=8 newCols=8 effImprove=8 updated=0
    [CG] CG iter 17: obj=2029226.908791, maxRC=32873.551332, +8 cols
    [CG]   [DIAG] iter=17 posCols=8 newCols=8 effImprove=8 updated=0
    [CG] CG iter 18: obj=2035926.971283, maxRC=33885.721278, +9 cols
    [CG]   [DIAG] iter=18 posCols=9 newCols=9 effImprove=9 updated=0
    [CG] CG iter 19: obj=2059408.851723, maxRC=43766.045201, +7 cols
    [CG]   [DIAG] iter=19 posCols=7 newCols=7 effImprove=7 updated=0
    [CG] CG iter 20: obj=2059408.851723, maxRC=15485.597767, +5 cols
    [CG]   [DIAG] iter=20 posCols=5 newCols=5 effImprove=5 updated=0
    [CG] CG iter 21: obj=2059408.851723, maxRC=20283.449094, +5 cols
    [CG]   [DIAG] iter=21 posCols=5 newCols=5 effImprove=5 updated=0
    [CG] CG iter 22: obj=2059408.851723, maxRC=9721.884042, +3 cols
    [CG]   [DIAG] iter=22 posCols=3 newCols=3 effImprove=3 updated=0
    [CG] CG iter 23: obj=2059408.851723, maxRC=4178.350049, +3 cols
    [CG]   [DIAG] iter=23 posCols=3 newCols=3 effImprove=3 updated=0
    [CG] CG iter 24: obj=2059408.851723, maxRC=1404.748673, +4 cols
    [CG]   [DIAG] iter=24 posCols=4 newCols=4 effImprove=4 updated=0
    [CG] CG iter 25: obj=2059408.851723, maxRC=1119.132731, +2 cols
    [CG]   [DIAG] iter=25 posCols=2 newCols=2 effImprove=2 updated=0
    [CG] CG iter 26: obj=2059408.851723, maxRC=39.703887, +1 cols
    [CG]   [DIAG] iter=26 posCols=1 newCols=1 effImprove=1 updated=0
    [CG] 列生成收敛，共 27 轮迭代
    [CG] [CG-NODE] depth=0 exit=CERTIFIED certified=1 feasible=1 iters=27 generatedColsBeforeNode=0 newCols=250 posCandidates=251 duplicateCandidates=1 updatedCols=1 zeroObjImproveIters=9 objFirst=609808.917138 objLast=2059408.851723 objGain=1449599.934585 maxRC=1544706.846300 wallSec=0.212615 pricingSec=0.199626 cplexSolveSec=0.008986
      [BB] 根节点即为整数解，obj=2059408.851723
