    [CG] 列生成开始，初始列数=310
    [CG] CG iter 1: obj=674286.940686, maxRC=1461300.708743, +27 cols
    [CG]   [DIAG] iter=1 posCols=27 newCols=27 effImprove=27 updated=0
    [CG] CG iter 2: obj=1635506.094970, maxRC=369014.817493, +22 cols
    [CG]   [DIAG] iter=2 posCols=22 newCols=22 effImprove=22 updated=0
    [CG] CG iter 3: obj=1695931.735640, maxRC=540952.454654, +20 cols
    [CG]   [DIAG] iter=3 posCols=20 newCols=20 effImprove=20 updated=0
    [CG] CG iter 4: obj=1737903.056709, maxRC=581992.159098, +22 cols
    [CG]   [DIAG] iter=4 posCols=22 newCols=22 effImprove=22 updated=0
    [CG] CG iter 5: obj=1756464.166980, maxRC=576994.136846, +16 cols
    [CG]   [DIAG] iter=5 posCols=16 newCols=16 effImprove=16 updated=0
    [CG] CG iter 6: obj=1827422.031902, maxRC=465941.992684, +16 cols
    [CG]   [DIAG] iter=6 posCols=16 newCols=16 effImprove=16 updated=0
    [CG] CG iter 7: obj=1864563.186222, maxRC=311370.130840, +12 cols
    [CG]   [DIAG] iter=7 posCols=12 newCols=12 effImprove=12 updated=0
    [CG] CG iter 8: obj=1900448.866668, maxRC=239453.874847, +11 cols
    [CG]   [DIAG] iter=8 posCols=11 newCols=11 effImprove=11 updated=0
    [CG] CG iter 9: obj=1943878.775761, maxRC=415114.915952, +18 cols
    [CG]   [DIAG] iter=9 posCols=18 newCols=18 effImprove=18 updated=0
    [CG] CG iter 10: obj=1943878.775761, maxRC=241586.607583, +9 cols
    [CG]   [DIAG] iter=10 posCols=9 newCols=9 effImprove=9 updated=0
    [CG] CG iter 11: obj=1951574.086136, maxRC=146451.012786, +9 cols
    [CG]   [DIAG] iter=11 posCols=9 newCols=9 effImprove=9 updated=0
    [CG] CG iter 12: obj=1984687.401192, maxRC=65651.620065, +9 cols
    [CG]   [DIAG] iter=12 posCols=9 newCols=9 effImprove=9 updated=0
    [CG] CG iter 13: obj=2011600.184353, maxRC=68303.260022, +9 cols
    [CG]   [DIAG] iter=13 posCols=9 newCols=9 effImprove=9 updated=0
    [CG] CG iter 14: obj=2011600.184353, maxRC=43108.434331, +7 cols
    [CG]   [DIAG] iter=14 posCols=7 newCols=7 effImprove=7 updated=0
    [CG] CG iter 15: obj=2011600.184353, maxRC=78742.041039, +9 cols
    [CG]   [DIAG] iter=15 posCols=9 newCols=9 effImprove=9 updated=0
    [CG] CG iter 16: obj=2011600.184353, maxRC=36238.896217, +8 cols
    [CG]   [DIAG] iter=16 posCols=8 newCols=8 effImprove=8 updated=0
    [CG] CG iter 17: obj=2034615.027895, maxRC=37810.967771, +9 cols
    [CG]   [DIAG] iter=17 posCols=9 newCols=9 effImprove=9 updated=0
    [CG] CG iter 18: obj=2034615.027895, maxRC=25627.711205, +6 cols
    [CG]   [DIAG] iter=18 posCols=6 newCols=6 effImprove=6 updated=0
    [CG] CG iter 19: obj=2034615.027895, maxRC=17269.257932, +8 cols
    [CG]   [DIAG] iter=19 posCols=8 newCols=8 effImprove=8 updated=0
    [CG] CG iter 20: obj=2034615.027895, maxRC=25578.751436, +4 cols
    [CG]   [DIAG] iter=20 posCols=4 newCols=4 effImprove=4 updated=0
    [CG] CG iter 21: obj=2034615.027895, maxRC=14247.102694, +3 cols
    [CG]   [DIAG] iter=21 posCols=3 newCols=3 effImprove=3 updated=0
    [CG] CG iter 22: obj=2034615.027895, maxRC=7019.526262, +5 cols
    [CG]   [DIAG] iter=22 posCols=5 newCols=5 effImprove=5 updated=0
    [CG] CG iter 23: obj=2040455.869489, maxRC=3537.891231, +5 cols
    [CG]   [DIAG] iter=23 posCols=5 newCols=5 effImprove=5 updated=0
    [CG] CG iter 24: obj=2040455.869489, maxRC=1108.426845, +3 cols
    [CG]   [DIAG] iter=24 posCols=3 newCols=3 effImprove=3 updated=0
    [CG] 列生成收敛，共 25 轮迭代
    [CG] [CG-NODE] depth=0 exit=CERTIFIED certified=1 feasible=1 iters=25 generatedColsBeforeNode=0 newCols=267 posCandidates=267 duplicateCandidates=0 updatedCols=0 zeroObjImproveIters=11 objFirst=674286.940686 objLast=2040455.869489 objGain=1366168.928803 maxRC=1461300.708743 wallSec=0.174535 pricingSec=0.159678 cplexSolveSec=0.009666
      [BB] 根节点即为整数解，obj=2040455.869489
