    [CG] 列生成开始，初始列数=310
    [CG] CG iter 1: obj=640435.871583, maxRC=1540936.816568, +27 cols
    [CG]   [DIAG] iter=1 posCols=27 newCols=27 effImprove=27 updated=0
    [CG] CG iter 2: obj=1723842.130252, maxRC=305810.574404, +18 cols
    [CG]   [DIAG] iter=2 posCols=18 newCols=18 effImprove=18 updated=0
    [CG] CG iter 3: obj=1768661.318527, maxRC=563265.277353, +16 cols
    [CG]   [DIAG] iter=3 posCols=16 newCols=16 effImprove=16 updated=0
    [CG] CG iter 4: obj=1804511.376209, maxRC=551515.295540, +18 cols
    [CG]   [DIAG] iter=4 posCols=18 newCols=18 effImprove=18 updated=0
    [CG] CG iter 5: obj=1866891.577122, maxRC=556072.322083, +18 cols
    [CG]   [DIAG] iter=5 posCols=18 newCols=18 effImprove=18 updated=0
    [CG] CG iter 6: obj=1909823.166743, maxRC=475260.301759, +13 cols
    [CG]   [DIAG] iter=6 posCols=13 newCols=12 effImprove=13 updated=1
    [CG] CG iter 7: obj=1909823.166743, maxRC=427630.699974, +13 cols
    [CG]   [DIAG] iter=7 posCols=13 newCols=13 effImprove=13 updated=0
    [CG] CG iter 8: obj=1928592.158771, maxRC=279414.659430, +10 cols
    [CG]   [DIAG] iter=8 posCols=10 newCols=9 effImprove=10 updated=1
    [CG] CG iter 9: obj=1959658.336527, maxRC=230615.280690, +9 cols
    [CG]   [DIAG] iter=9 posCols=9 newCols=9 effImprove=9 updated=0
    [CG] CG iter 10: obj=1997417.317287, maxRC=224474.038647, +9 cols
    [CG]   [DIAG] iter=10 posCols=9 newCols=9 effImprove=9 updated=0
    [CG] CG iter 11: obj=2000876.205394, maxRC=84714.805236, +9 cols
    [CG]   [DIAG] iter=11 posCols=9 newCols=9 effImprove=9 updated=0
    [CG] CG iter 12: obj=2007620.643315, maxRC=51955.167486, +9 cols
    [CG]   [DIAG] iter=12 posCols=9 newCols=9 effImprove=9 updated=0
    [CG] CG iter 13: obj=2017834.858080, maxRC=80816.143420, +14 cols
    [CG]   [DIAG] iter=13 posCols=14 newCols=14 effImprove=14 updated=0
    [CG] CG iter 14: obj=2018032.246154, maxRC=59970.185649, +9 cols
    [CG]   [DIAG] iter=14 posCols=9 newCols=9 effImprove=9 updated=0
    [CG] CG iter 15: obj=2028810.908359, maxRC=44113.534564, +9 cols
    [CG]   [DIAG] iter=15 posCols=9 newCols=9 effImprove=9 updated=0
    [CG] CG iter 16: obj=2033205.279787, maxRC=49899.901081, +9 cols
    [CG]   [DIAG] iter=16 posCols=9 newCols=9 effImprove=9 updated=0
    [CG] CG iter 17: obj=2035547.851986, maxRC=44079.188880, +6 cols
    [CG]   [DIAG] iter=17 posCols=6 newCols=5 effImprove=6 updated=1
    [CG] CG iter 18: obj=2065610.162901, maxRC=43019.461021, +7 cols
    [CG]   [DIAG] iter=18 posCols=7 newCols=7 effImprove=7 updated=0
    [CG] CG iter 19: obj=2065610.162901, maxRC=19619.333712, +7 cols
    [CG]   [DIAG] iter=19 posCols=7 newCols=7 effImprove=7 updated=0
    [CG] CG iter 20: obj=2065610.162901, maxRC=17978.726553, +7 cols
    [CG]   [DIAG] iter=20 posCols=7 newCols=7 effImprove=7 updated=0
    [CG] CG iter 21: obj=2065610.162901, maxRC=8704.819203, +5 cols
    [CG]   [DIAG] iter=21 posCols=5 newCols=5 effImprove=5 updated=0
    [CG] CG iter 22: obj=2065610.162901, maxRC=3246.027529, +3 cols
    [CG]   [DIAG] iter=22 posCols=3 newCols=3 effImprove=3 updated=0
    [CG] CG iter 23: obj=2065610.162901, maxRC=2305.429740, +4 cols
    [CG]   [DIAG] iter=23 posCols=4 newCols=4 effImprove=4 updated=0
    [CG] 列生成收敛，共 24 轮迭代
    [CG] [CG-NODE] depth=0 exit=CERTIFIED certified=1 feasible=1 iters=24 generatedColsBeforeNode=0 newCols=246 posCandidates=249 duplicateCandidates=3 updatedCols=3 zeroObjImproveIters=7 objFirst=640435.871583 objLast=2065610.162901 objGain=1425174.291317 maxRC=1540936.816568 wallSec=0.184292 pricingSec=0.170093 cplexSolveSec=0.008967
      [BB] 根节点即为整数解，obj=2065610.162901
