    [CG] 列生成开始，初始列数=310
    [CG] CG iter 1: obj=642347.632089, maxRC=1540936.816568, +29 cols
    [CG]   [DIAG] iter=1 posCols=29 newCols=29 effImprove=29 updated=0
    [CG] CG iter 2: obj=1720474.090611, maxRC=395305.876394, +20 cols
    [CG]   [DIAG] iter=2 posCols=20 newCols=20 effImprove=20 updated=0
    [CG] CG iter 3: obj=1757348.956098, maxRC=558531.421716, +18 cols
    [CG]   [DIAG] iter=3 posCols=18 newCols=17 effImprove=18 updated=1
    [CG] CG iter 4: obj=1809044.923497, maxRC=590335.606930, +16 cols
    [CG]   [DIAG] iter=4 posCols=16 newCols=15 effImprove=16 updated=1
    [CG] CG iter 5: obj=1814161.071636, maxRC=564732.961053, +10 cols
    [CG]   [DIAG] iter=5 posCols=10 newCols=10 effImprove=10 updated=0
    [CG] CG iter 6: obj=1853773.418857, maxRC=513214.430987, +16 cols
    [CG]   [DIAG] iter=6 posCols=16 newCols=16 effImprove=16 updated=0
    [CG] CG iter 7: obj=1939320.675427, maxRC=433203.956251, +13 cols
    [CG]   [DIAG] iter=7 posCols=13 newCols=13 effImprove=13 updated=0
    [CG] CG iter 8: obj=1939320.675427, maxRC=418883.271931, +15 cols
    [CG]   [DIAG] iter=8 posCols=15 newCols=15 effImprove=15 updated=0
    [CG] CG iter 9: obj=1939320.675427, maxRC=207808.692556, +10 cols
    [CG]   [DIAG] iter=9 posCols=10 newCols=10 effImprove=10 updated=0
    [CG] CG iter 10: obj=1944342.222159, maxRC=182221.804858, +9 cols
    [CG]   [DIAG] iter=10 posCols=9 newCols=9 effImprove=9 updated=0
    [CG] CG iter 11: obj=1972995.051549, maxRC=135145.535776, +9 cols
    [CG]   [DIAG] iter=11 posCols=9 newCols=9 effImprove=9 updated=0
    [CG] CG iter 12: obj=1982591.395358, maxRC=76027.872904, +9 cols
    [CG]   [DIAG] iter=12 posCols=9 newCols=9 effImprove=9 updated=0
    [CG] CG iter 13: obj=2005469.758377, maxRC=94093.318668, +9 cols
    [CG]   [DIAG] iter=13 posCols=9 newCols=9 effImprove=9 updated=0
    [CG] CG iter 14: obj=2027979.258498, maxRC=92667.810276, +9 cols
    [CG]   [DIAG] iter=14 posCols=9 newCols=9 effImprove=9 updated=0
    [CG] CG iter 15: obj=2036398.372313, maxRC=47294.659680, +9 cols
    [CG]   [DIAG] iter=15 posCols=9 newCols=9 effImprove=9 updated=0
    [CG] CG iter 16: obj=2038816.023519, maxRC=39833.094547, +9 cols
    [CG]   [DIAG] iter=16 posCols=9 newCols=9 effImprove=9 updated=0
    [CG] CG iter 17: obj=2038816.023519, maxRC=28872.931777, +9 cols
    [CG]   [DIAG] iter=17 posCols=9 newCols=9 effImprove=9 updated=0
    [CG] CG iter 18: obj=2060374.482591, maxRC=18932.991730, +9 cols
    [CG]   [DIAG] iter=18 posCols=9 newCols=9 effImprove=9 updated=0
    [CG] CG iter 19: obj=2074010.221660, maxRC=10140.529633, +6 cols
    [CG]   [DIAG] iter=19 posCols=6 newCols=5 effImprove=6 updated=1
    [CG] CG iter 20: obj=2074010.221660, maxRC=6867.329379, +6 cols
    [CG]   [DIAG] iter=20 posCols=6 newCols=6 effImprove=6 updated=0
    [CG] CG iter 21: obj=2074010.221660, maxRC=4416.797582, +4 cols
    [CG]   [DIAG] iter=21 posCols=4 newCols=3 effImprove=4 updated=1
    [CG] CG iter 22: obj=2074010.221660, maxRC=3934.230620, +3 cols
    [CG]   [DIAG] iter=22 posCols=3 newCols=3 effImprove=3 updated=0
    [CG] CG iter 23: obj=2074010.221660, maxRC=2633.639854, +1 cols
    [CG]   [DIAG] iter=23 posCols=1 newCols=1 effImprove=1 updated=0
    [CG] 列生成收敛，共 24 轮迭代
    [CG] [CG-NODE] depth=0 exit=CERTIFIED certified=1 feasible=1 iters=24 generatedColsBeforeNode=0 newCols=244 posCandidates=248 duplicateCandidates=4 updatedCols=4 zeroObjImproveIters=8 objFirst=642347.632089 objLast=2074010.221660 objGain=1431662.589571 maxRC=1540936.816568 wallSec=0.182346 pricingSec=0.170034 cplexSolveSec=0.008255
      [BB] 根节点即为整数解，obj=2074010.221660
