    [CG] 列生成开始，初始列数=310
    [CG] CG iter 1: obj=802638.052286, maxRC=2032943.489314, +30 cols
    [CG]   [DIAG] iter=1 posCols=30 newCols=30 effImprove=30 updated=0
    [CG] CG iter 2: obj=2180938.607487, maxRC=449774.242549, +26 cols
    [CG]   [DIAG] iter=2 posCols=26 newCols=26 effImprove=26 updated=0
    [CG] CG iter 3: obj=2217646.616814, maxRC=558714.966334, +27 cols
    [CG]   [DIAG] iter=3 posCols=27 newCols=26 effImprove=27 updated=1
    [CG] CG iter 4: obj=2217646.616814, maxRC=288949.111397, +20 cols
    [CG]   [DIAG] iter=4 posCols=20 newCols=18 effImprove=20 updated=2
    [CG] CG iter 5: obj=2220961.334025, maxRC=496893.900614, +17 cols
    [CG]   [DIAG] iter=5 posCols=17 newCols=17 effImprove=17 updated=0
    [CG] CG iter 6: obj=2223459.327362, maxRC=414998.839351, +15 cols
    [CG]   [DIAG] iter=6 posCols=15 newCols=15 effImprove=15 updated=0
    [CG] CG iter 7: obj=2284565.258234, maxRC=172616.271415, +11 cols
    [CG]   [DIAG] iter=7 posCols=11 newCols=11 effImprove=11 updated=0
    [CG] CG iter 8: obj=2289149.886134, maxRC=153217.969958, +10 cols
    [CG]   [DIAG] iter=8 posCols=10 newCols=10 effImprove=10 updated=0
    [CG] CG iter 9: obj=2316197.220972, maxRC=105403.991818, +10 cols
    [CG]   [DIAG] iter=9 posCols=10 newCols=10 effImprove=10 updated=0
    [CG] CG iter 10: obj=2362913.806143, maxRC=73181.588909, +9 cols
    [CG]   [DIAG] iter=10 posCols=9 newCols=9 effImprove=9 updated=0
    [CG] CG iter 11: obj=2362913.806143, maxRC=70248.982572, +9 cols
    [CG]   [DIAG] iter=11 posCols=9 newCols=9 effImprove=9 updated=0
    [CG] CG iter 12: obj=2362913.806143, maxRC=61088.062868, +9 cols
    [CG]   [DIAG] iter=12 posCols=9 newCols=9 effImprove=9 updated=0
    [CG] CG iter 13: obj=2373318.265329, maxRC=208632.390337, +14 cols
    [CG]   [DIAG] iter=13 posCols=14 newCols=14 effImprove=14 updated=0
    [CG] CG iter 14: obj=2387358.917237, maxRC=84219.871631, +9 cols
    [CG]   [DIAG] iter=14 posCols=9 newCols=9 effImprove=9 updated=0
    [CG] CG iter 15: obj=2392288.423227, maxRC=48076.977897, +9 cols
    [CG]   [DIAG] iter=15 posCols=9 newCols=9 effImprove=9 updated=0
    [CG] CG iter 16: obj=2401288.754240, maxRC=20263.233537, +9 cols
    [CG]   [DIAG] iter=16 posCols=9 newCols=9 effImprove=9 updated=0
    [CG] CG iter 17: obj=2401288.754240, maxRC=26207.643523, +9 cols
    [CG]   [DIAG] iter=17 posCols=9 newCols=9 effImprove=9 updated=0
    [CG] CG iter 18: obj=2403821.822357, maxRC=14274.336328, +8 cols
    [CG]   [DIAG] iter=18 posCols=8 newCols=8 effImprove=8 updated=0
    [CG] CG iter 19: obj=2420267.261114, maxRC=11133.140998, +5 cols
    [CG]   [DIAG] iter=19 posCols=5 newCols=4 effImprove=5 updated=1
    [CG] CG iter 20: obj=2420267.261114, maxRC=4884.373991, +4 cols
    [CG]   [DIAG] iter=20 posCols=4 newCols=3 effImprove=4 updated=1
    [CG] 列生成收敛，共 21 轮迭代
    [CG] [CG-NODE] depth=0 exit=CERTIFIED certified=1 feasible=1 iters=21 generatedColsBeforeNode=0 newCols=255 posCandidates=260 duplicateCandidates=5 updatedCols=5 zeroObjImproveIters=5 objFirst=802638.052286 objLast=2425151.635106 objGain=1622513.582819 maxRC=2032943.489314 wallSec=0.235022 pricingSec=0.223806 cplexSolveSec=0.007299
      [BB] 根节点即为整数解，obj=2425151.635106
