    [CG] 列生成开始，初始列数=310
    [CG] CG iter 1: obj=640461.438537, maxRC=1073206.894357, +30 cols
    [CG]   [DIAG] iter=1 posCols=30 newCols=30 effImprove=30 updated=0
    [CG] CG iter 2: obj=1289543.984210, maxRC=357947.274276, +26 cols
    [CG]   [DIAG] iter=2 posCols=26 newCols=26 effImprove=26 updated=0
    [CG] CG iter 3: obj=1340023.253922, maxRC=317429.187196, +27 cols
    [CG]   [DIAG] iter=3 posCols=27 newCols=27 effImprove=27 updated=0
    [CG] CG iter 4: obj=1430828.162365, maxRC=178688.937984, +21 cols
    [CG]   [DIAG] iter=4 posCols=21 newCols=21 effImprove=21 updated=0
    [CG] CG iter 5: obj=1445984.567334, maxRC=221281.842879, +22 cols
    [CG]   [DIAG] iter=5 posCols=22 newCols=22 effImprove=22 updated=0
    [CG] CG iter 6: obj=1492726.462152, maxRC=127081.135474, +17 cols
    [CG]   [DIAG] iter=6 posCols=17 newCols=17 effImprove=17 updated=0
    [CG] CG iter 7: obj=1523712.600435, maxRC=96291.735736, +16 cols
    [CG]   [DIAG] iter=7 posCols=16 newCols=16 effImprove=16 updated=0
    [CG] CG iter 8: obj=1536170.418229, maxRC=63730.034259, +13 cols
    [CG]   [DIAG] iter=8 posCols=13 newCols=13 effImprove=13 updated=0
    [CG] CG iter 9: obj=1568331.551650, maxRC=23716.781326, +11 cols
    [CG]   [DIAG] iter=9 posCols=11 newCols=10 effImprove=11 updated=1
    [CG] CG iter 10: obj=1589657.381494, maxRC=18769.657015, +11 cols
    [CG]   [DIAG] iter=10 posCols=11 newCols=11 effImprove=11 updated=0
    [CG] CG iter 11: obj=1594284.395067, maxRC=6557.113922, +6 cols
    [CG]   [DIAG] iter=11 posCols=6 newCols=6 effImprove=6 updated=0
    [CG] CG iter 12: obj=1596555.780050, maxRC=1513.113054, +4 cols
    [CG]   [DIAG] iter=12 posCols=4 newCols=4 effImprove=4 updated=0
    [CG] CG iter 13: obj=1596555.780050, maxRC=1010.074355, +1 cols
    [CG]   [DIAG] iter=13 posCols=1 newCols=1 effImprove=1 updated=0
    [CG] 列生成收敛，共 14 轮迭代
    [CG] [CG-NODE] depth=0 exit=CERTIFIED certified=1 feasible=1 iters=14 generatedColsBeforeNode=0 newCols=204 posCandidates=205 duplicateCandidates=1 updatedCols=1 zeroObjImproveIters=2 objFirst=640461.438537 objLast=1596555.780050 objGain=956094.341512 maxRC=1073206.894357 wallSec=0.152579 pricingSec=0.145328 cplexSolveSec=0.004694
      [BB] 根节点即为整数解，obj=1596555.780050
