    [CG] 列生成开始，初始列数=310
    [CG] CG iter 1: obj=568344.000276, maxRC=1458244.583358, +24 cols
    [CG]   [DIAG] iter=1 posCols=24 newCols=24 effImprove=24 updated=0
    [CG] CG iter 2: obj=1628697.613342, maxRC=391939.367753, +14 cols
    [CG]   [DIAG] iter=2 posCols=14 newCols=14 effImprove=14 updated=0
    [CG] CG iter 3: obj=1630477.443737, maxRC=408215.894762, +16 cols
    [CG]   [DIAG] iter=3 posCols=16 newCols=16 effImprove=16 updated=0
    [CG] CG iter 4: obj=1646751.078528, maxRC=543476.884495, +12 cols
    [CG]   [DIAG] iter=4 posCols=12 newCols=12 effImprove=12 updated=0
    [CG] CG iter 5: obj=1682693.734375, maxRC=602207.615236, +12 cols
    [CG]   [DIAG] iter=5 posCols=12 newCols=12 effImprove=12 updated=0
    [CG] CG iter 6: obj=1682693.734375, maxRC=623108.771029, +12 cols
    [CG]   [DIAG] iter=6 posCols=12 newCols=11 effImprove=12 updated=1
    [CG] CG iter 7: obj=1739139.342244, maxRC=441559.150216, +10 cols
    [CG]   [DIAG] iter=7 posCols=10 newCols=10 effImprove=10 updated=0
    [CG] CG iter 8: obj=1758612.952592, maxRC=386299.713633, +8 cols
    [CG]   [DIAG] iter=8 posCols=8 newCols=8 effImprove=8 updated=0
    [CG] CG iter 9: obj=1829794.295799, maxRC=432224.456355, +9 cols
    [CG]   [DIAG] iter=9 posCols=9 newCols=9 effImprove=9 updated=0
    [CG] CG iter 10: obj=1829794.295799, maxRC=355554.790326, +6 cols
    [CG]   [DIAG] iter=10 posCols=6 newCols=6 effImprove=6 updated=0
    [CG] CG iter 11: obj=1829794.295799, maxRC=436603.495662, +8 cols
    [CG]   [DIAG] iter=11 posCols=8 newCols=8 effImprove=8 updated=0
    [CG] CG iter 12: obj=1845532.688629, maxRC=232718.622144, +8 cols
    [CG]   [DIAG] iter=12 posCols=8 newCols=8 effImprove=8 updated=0
    [CG] CG iter 13: obj=1856206.324535, maxRC=162274.859666, +8 cols
    [CG]   [DIAG] iter=13 posCols=8 newCols=8 effImprove=8 updated=0
    [CG] CG iter 14: obj=1863091.247580, maxRC=67618.786936, +6 cols
    [CG]   [DIAG] iter=14 posCols=6 newCols=6 effImprove=6 updated=0
    [CG] CG iter 15: obj=1872369.138698, maxRC=86765.892660, +6 cols
    [CG]   [DIAG] iter=15 posCols=6 newCols=6 effImprove=6 updated=0
    [CG] CG iter 16: obj=1886311.401627, maxRC=116743.924688, +6 cols
    [CG]   [DIAG] iter=16 posCols=6 newCols=6 effImprove=6 updated=0
    [CG] CG iter 17: obj=1887265.250939, maxRC=64393.543734, +6 cols
    [CG]   [DIAG] iter=17 posCols=6 newCols=6 effImprove=6 updated=0
    [CG] CG iter 18: obj=1897717.050472, maxRC=91287.822534, +6 cols
    [CG]   [DIAG] iter=18 posCols=6 newCols=6 effImprove=6 updated=0
    [CG] CG iter 19: obj=1899003.124761, maxRC=133196.828274, +6 cols
    [CG]   [DIAG] iter=19 posCols=6 newCols=6 effImprove=6 updated=0
    [CG] CG iter 20: obj=1904098.532964, maxRC=41974.318376, +5 cols
    [CG]   [DIAG] iter=20 posCols=5 newCols=5 effImprove=5 updated=0
    [CG] CG iter 21: obj=1915018.510818, maxRC=37720.004950, +4 cols
    [CG]   [DIAG] iter=21 posCols=4 newCols=4 effImprove=4 updated=0
    [CG] CG iter 22: obj=1915018.510818, maxRC=26628.358137, +4 cols
    [CG]   [DIAG] iter=22 posCols=4 newCols=4 effImprove=4 updated=0
    [CG] CG iter 23: obj=1915018.510818, maxRC=16500.053997, +4 cols
    [CG]   [DIAG] iter=23 posCols=4 newCols=4 effImprove=4 updated=0
    [CG] CG iter 24: obj=1915018.510818, maxRC=13185.263368, +4 cols
    [CG]   [DIAG] iter=24 posCols=4 newCols=4 effImprove=4 updated=0
    [CG] CG iter 25: obj=1917007.016640, maxRC=7318.470334, +4 cols
    [CG]   [DIAG] iter=25 posCols=4 newCols=4 effImprove=4 updated=0
    [CG] CG iter 26: obj=1918226.761696, maxRC=4546.254477, +3 cols
    [CG]   [DIAG] iter=26 posCols=3 newCols=3 effImprove=3 updated=0
    [CG] CG iter 27: obj=1918226.761696, maxRC=2915.523107, +2 cols
    [CG]   [DIAG] iter=27 posCols=2 newCols=2 effImprove=2 updated=0
    [CG] CG iter 28: obj=1921062.722820, maxRC=1811.527064, +2 cols
    [CG]   [DIAG] iter=28 posCols=2 newCols=2 effImprove=2 updated=0
    [CG] CG iter 29: obj=1921062.722820, maxRC=617.580533, +2 cols
    [CG]   [DIAG] iter=29 posCols=2 newCols=2 effImprove=2 updated=0
    [CG] CG iter 30: obj=1921911.414007, maxRC=229.871158, +1 cols
    [CG]   [DIAG] iter=30 posCols=1 newCols=1 effImprove=1 updated=0
    [CG] CG iter 31: obj=1921911.414007, maxRC=73.887685, +1 cols
    [CG]   [DIAG] iter=31 posCols=1 newCols=1 effImprove=1 updated=0
    [CG] CG iter 32: obj=1921911.414007, maxRC=33.896190, +1 cols
    [CG]   [DIAG] iter=32 posCols=1 newCols=1 effImprove=1 updated=0
    [CG] 列生成收敛，共 33 轮迭代
    [CG] [CG-NODE] depth=0 exit=CERTIFIED certified=1 feasible=1 iters=33 generatedColsBeforeNode=0 newCols=219 posCandidates=220 duplicateCandidates=1 updatedCols=1 zeroObjImproveIters=11 objFirst=568344.000276 objLast=1921911.414007 objGain=1353567.413731 maxRC=1458244.583358 wallSec=0.311369 pricingSec=0.294123 cplexSolveSec=0.011791
      [BB] 根节点即为整数解，obj=1921911.414007
