    [CG] 列生成开始，初始列数=310
    [CG] CG iter 1: obj=116893.523711, maxRC=409138.566447, +12 cols
    [CG]   [DIAG] iter=1 posCols=12 newCols=12 effImprove=12 updated=0
    [CG] CG iter 2: obj=508996.258406, maxRC=311175.663145, +12 cols
    [CG]   [DIAG] iter=2 posCols=12 newCols=12 effImprove=12 updated=0
    [CG] CG iter 3: obj=508996.258406, maxRC=283393.619425, +10 cols
    [CG]   [DIAG] iter=3 posCols=10 newCols=10 effImprove=10 updated=0
    [CG] CG iter 4: obj=594621.665582, maxRC=190293.685777, +10 cols
    [CG]   [DIAG] iter=4 posCols=10 newCols=10 effImprove=10 updated=0
    [CG] CG iter 5: obj=621399.538329, maxRC=219814.317179, +9 cols
    [CG]   [DIAG] iter=5 posCols=9 newCols=9 effImprove=9 updated=0
    [CG] CG iter 6: obj=621399.538329, maxRC=105418.690568, +11 cols
    [CG]   [DIAG] iter=6 posCols=11 newCols=11 effImprove=11 updated=0
    [CG] CG iter 7: obj=639471.904376, maxRC=144002.356255, +7 cols
    [CG]   [DIAG] iter=7 posCols=7 newCols=7 effImprove=7 updated=0
    [CG] CG iter 8: obj=648422.177341, maxRC=166286.591487, +8 cols
    [CG]   [DIAG] iter=8 posCols=8 newCols=8 effImprove=8 updated=0
    [CG] CG iter 9: obj=665264.696969, maxRC=108778.156476, +8 cols
    [CG]   [DIAG] iter=9 posCols=8 newCols=7 effImprove=8 updated=1
    [CG] CG iter 10: obj=674139.468229, maxRC=85913.911452, +8 cols
    [CG]   [DIAG] iter=10 posCols=8 newCols=7 effImprove=8 updated=1
    [CG] CG iter 11: obj=674139.468229, maxRC=78495.256013, +7 cols
    [CG]   [DIAG] iter=11 posCols=7 newCols=7 effImprove=7 updated=0
    [CG] CG iter 12: obj=689930.006270, maxRC=55160.211826, +6 cols
    [CG]   [DIAG] iter=12 posCols=6 newCols=4 effImprove=6 updated=2
    [CG] CG iter 13: obj=689930.006270, maxRC=70781.730169, +3 cols
    [CG]   [DIAG] iter=13 posCols=3 newCols=3 effImprove=3 updated=0
    [CG] CG iter 14: obj=689930.006270, maxRC=54330.558413, +3 cols
    [CG]   [DIAG] iter=14 posCols=3 newCols=3 effImprove=3 updated=0
    [CG] CG iter 15: obj=689930.006270, maxRC=40569.753451, +4 cols
    [CG]   [DIAG] iter=15 posCols=4 newCols=4 effImprove=4 updated=0
    [CG] CG iter 16: obj=689930.006270, maxRC=33135.765337, +4 cols
    [CG]   [DIAG] iter=16 posCols=4 newCols=4 effImprove=4 updated=0
    [CG] CG iter 17: obj=723065.771607, maxRC=31116.632304, +4 cols
    [CG]   [DIAG] iter=17 posCols=4 newCols=4 effImprove=4 updated=0
    [CG] CG iter 18: obj=723065.771607, maxRC=18788.355955, +3 cols
    [CG]   [DIAG] iter=18 posCols=3 newCols=3 effImprove=3 updated=0
    [CG] CG iter 19: obj=723065.771607, maxRC=14340.353679, +4 cols
    [CG]   [DIAG] iter=19 posCols=4 newCols=4 effImprove=4 updated=0
    [CG] CG iter 20: obj=723065.771607, maxRC=3208.174194, +2 cols
    [CG]   [DIAG] iter=20 posCols=2 newCols=2 effImprove=2 updated=0
    [CG] CG iter 21: obj=723065.771607, maxRC=2351.491491, +1 cols
    [CG]   [DIAG] iter=21 posCols=1 newCols=1 effImprove=1 updated=0
    [CG] CG iter 22: obj=723065.771607, maxRC=4123.227770, +1 cols
    [CG]   [DIAG] iter=22 posCols=1 newCols=1 effImprove=1 updated=0
    [CG] CG iter 23: obj=723065.771607, maxRC=2201.278998, +1 cols
    [CG]   [DIAG] iter=23 posCols=1 newCols=1 effImprove=1 updated=0
    [CG] CG iter 24: obj=723065.771607, maxRC=1711.975537, +1 cols
    [CG]   [DIAG] iter=24 posCols=1 newCols=1 effImprove=1 updated=0
    [CG] CG iter 25: obj=723065.771607, maxRC=1068.729859, +1 cols
    [CG]   [DIAG] iter=25 posCols=1 newCols=1 effImprove=1 updated=0
    [CG] CG iter 26: obj=723065.771607, maxRC=878.874791, +1 cols
    [CG]   [DIAG] iter=26 posCols=1 newCols=1 effImprove=1 updated=0
    [CG] 列生成收敛，共 27 轮迭代
    [CG] [CG-NODE] depth=0 exit=CERTIFIED certified=1 feasible=1 iters=27 generatedColsBeforeNode=0 newCols=137 posCandidates=141 duplicateCandidates=4 updatedCols=4 zeroObjImproveIters=17 objFirst=116893.523711 objLast=723065.771607 objGain=606172.247896 maxRC=409138.566447 wallSec=0.922686 pricingSec=0.910793 cplexSolveSec=0.006904
      [BB] 根节点即为整数解，obj=723065.771607
