    [CG] 列生成开始，初始列数=310
    [CG] CG iter 1: obj=877863.960026, maxRC=2081021.968713, +30 cols
    [CG]   [DIAG] iter=1 posCols=30 newCols=30 effImprove=30 updated=0
    [CG] CG iter 2: obj=2279238.221066, maxRC=300696.827083, +17 cols
    [CG]   [DIAG] iter=2 posCols=17 newCols=17 effImprove=17 updated=0
    [CG] CG iter 3: obj=2333694.487961, maxRC=397202.041166, +23 cols
    [CG]   [DIAG] iter=3 posCols=23 newCols=23 effImprove=23 updated=0
    [CG] CG iter 4: obj=2353152.308786, maxRC=439516.630004, +24 cols
    [CG]   [DIAG] iter=4 posCols=24 newCols=24 effImprove=24 updated=0
    [CG] CG iter 5: obj=2368009.966546, maxRC=277497.488529, +22 cols
    [CG]   [DIAG] iter=5 posCols=22 newCols=21 effImprove=22 updated=1
    [CG] CG iter 6: obj=2393340.000044, maxRC=397124.568527, +21 cols
    [CG]   [DIAG] iter=6 posCols=21 newCols=21 effImprove=21 updated=0
    [CG] CG iter 7: obj=2425179.000349, maxRC=279723.853637, +21 cols
    [CG]   [DIAG] iter=7 posCols=21 newCols=20 effImprove=21 updated=1
    [CG] CG iter 8: obj=2453251.325574, maxRC=223391.955674, +19 cols
    [CG]   [DIAG] iter=8 posCols=19 newCols=19 effImprove=19 updated=0
    [CG] CG iter 9: obj=2466533.841086, maxRC=162664.759908, +16 cols
    [CG]   [DIAG] iter=9 posCols=16 newCols=15 effImprove=16 updated=1
    [CG] CG iter 10: obj=2486153.462062, maxRC=74391.571316, +14 cols
    [CG]   [DIAG] iter=10 posCols=14 newCols=14 effImprove=14 updated=0
    [CG] CG iter 11: obj=2499891.613933, maxRC=42048.334757, +12 cols
    [CG]   [DIAG] iter=11 posCols=12 newCols=12 effImprove=12 updated=0
    [CG] CG iter 12: obj=2513344.589448, maxRC=103949.530136, +14 cols
    [CG]   [DIAG] iter=12 posCols=14 newCols=14 effImprove=14 updated=0
    [CG] CG iter 13: obj=2530930.202113, maxRC=54025.537511, +12 cols
    [CG]   [DIAG] iter=13 posCols=12 newCols=12 effImprove=12 updated=0
    [CG] CG iter 14: obj=2534827.468745, maxRC=46968.171693, +9 cols
    [CG]   [DIAG] iter=14 posCols=9 newCols=9 effImprove=9 updated=0
    [CG] CG iter 15: obj=2551782.873700, maxRC=31292.300138, +11 cols
    [CG]   [DIAG] iter=15 posCols=11 newCols=11 effImprove=11 updated=0
    [CG] CG iter 16: obj=2551782.873700, maxRC=20055.254378, +7 cols
    [CG]   [DIAG] iter=16 posCols=7 newCols=7 effImprove=7 updated=0
    [CG] CG iter 17: obj=2561859.488179, maxRC=18697.589263, +7 cols
    [CG]   [DIAG] iter=17 posCols=7 newCols=7 effImprove=7 updated=0
    [CG] CG iter 18: obj=2573815.010117, maxRC=17844.403741, +10 cols
    [CG]   [DIAG] iter=18 posCols=10 newCols=10 effImprove=10 updated=0
    [CG] CG iter 19: obj=2573815.010117, maxRC=6670.277304, +4 cols
    [CG]   [DIAG] iter=19 posCols=4 newCols=3 effImprove=4 updated=1
    [CG] CG iter 20: obj=2575334.774819, maxRC=4139.852868, +4 cols
    [CG]   [DIAG] iter=20 posCols=4 newCols=4 effImprove=4 updated=0
    [CG] CG iter 21: obj=2576222.131426, maxRC=2715.060963, +4 cols
    [CG]   [DIAG] iter=21 posCols=4 newCols=4 effImprove=4 updated=0
    [CG] CG iter 22: obj=2578742.425162, maxRC=401.344418, +1 cols
    [CG]   [DIAG] iter=22 posCols=1 newCols=1 effImprove=1 updated=0
    [CG] 列生成收敛，共 23 轮迭代
    [CG] [CG-NODE] depth=0 exit=CERTIFIED certified=1 feasible=1 iters=23 generatedColsBeforeNode=0 newCols=298 posCandidates=302 duplicateCandidates=4 updatedCols=4 zeroObjImproveIters=3 objFirst=877863.960026 objLast=2578742.425162 objGain=1700878.465136 maxRC=2081021.968713 wallSec=0.213278 pricingSec=0.197210 cplexSolveSec=0.010228
      [BB] 根节点即为整数解，obj=2578742.425162
