    [CG] 列生成开始，初始列数=310
    [CG] CG iter 1: obj=890145.909019, maxRC=1978758.702667, +29 cols
    [CG]   [DIAG] iter=1 posCols=29 newCols=29 effImprove=29 updated=0
    [CG] CG iter 2: obj=2169343.898470, maxRC=297213.069946, +20 cols
    [CG]   [DIAG] iter=2 posCols=20 newCols=20 effImprove=20 updated=0
    [CG] CG iter 3: obj=2268058.392564, maxRC=524891.213499, +24 cols
    [CG]   [DIAG] iter=3 posCols=24 newCols=24 effImprove=24 updated=0
    [CG] CG iter 4: obj=2278568.115038, maxRC=523952.428377, +25 cols
    [CG]   [DIAG] iter=4 posCols=25 newCols=25 effImprove=25 updated=0
    [CG] CG iter 5: obj=2344510.785764, maxRC=442975.991658, +27 cols
    [CG]   [DIAG] iter=5 posCols=27 newCols=27 effImprove=27 updated=0
    [CG] CG iter 6: obj=2412105.453026, maxRC=217218.741226, +19 cols
    [CG]   [DIAG] iter=6 posCols=19 newCols=19 effImprove=19 updated=0
    [CG] CG iter 7: obj=2462252.330823, maxRC=303174.536831, +23 cols
    [CG]   [DIAG] iter=7 posCols=23 newCols=23 effImprove=23 updated=0
    [CG] CG iter 8: obj=2491143.298715, maxRC=190497.841268, +15 cols
    [CG]   [DIAG] iter=8 posCols=15 newCols=15 effImprove=15 updated=0
    [CG] CG iter 9: obj=2525235.001035, maxRC=150012.391434, +13 cols
    [CG]   [DIAG] iter=9 posCols=13 newCols=13 effImprove=13 updated=0
    [CG] CG iter 10: obj=2543790.003980, maxRC=65354.497229, +12 cols
    [CG]   [DIAG] iter=10 posCols=12 newCols=12 effImprove=12 updated=0
    [CG] CG iter 11: obj=2567582.750918, maxRC=61823.874726, +10 cols
    [CG]   [DIAG] iter=11 posCols=10 newCols=10 effImprove=10 updated=0
    [CG] CG iter 12: obj=2573495.066708, maxRC=49895.161401, +10 cols
    [CG]   [DIAG] iter=12 posCols=10 newCols=10 effImprove=10 updated=0
    [CG] CG iter 13: obj=2584265.975087, maxRC=53794.525439, +10 cols
    [CG]   [DIAG] iter=13 posCols=10 newCols=10 effImprove=10 updated=0
    [CG] CG iter 14: obj=2594483.082166, maxRC=61931.454130, +10 cols
    [CG]   [DIAG] iter=14 posCols=10 newCols=10 effImprove=10 updated=0
    [CG] CG iter 15: obj=2623791.365133, maxRC=38626.726472, +12 cols
    [CG]   [DIAG] iter=15 posCols=12 newCols=12 effImprove=12 updated=0
    [CG] CG iter 16: obj=2623891.348510, maxRC=27900.291137, +12 cols
    [CG]   [DIAG] iter=16 posCols=12 newCols=12 effImprove=12 updated=0
    [CG] CG iter 17: obj=2623891.348510, maxRC=29627.147292, +7 cols
    [CG]   [DIAG] iter=17 posCols=7 newCols=7 effImprove=7 updated=0
    [CG] CG iter 18: obj=2623891.348510, maxRC=11627.288058, +8 cols
    [CG]   [DIAG] iter=18 posCols=8 newCols=8 effImprove=8 updated=0
    [CG] CG iter 19: obj=2634977.711841, maxRC=26704.406829, +8 cols
    [CG]   [DIAG] iter=19 posCols=8 newCols=8 effImprove=8 updated=0
    [CG] CG iter 20: obj=2634977.711841, maxRC=13604.066723, +7 cols
    [CG]   [DIAG] iter=20 posCols=7 newCols=7 effImprove=7 updated=0
    [CG] CG iter 21: obj=2634977.711841, maxRC=11248.778388, +7 cols
    [CG]   [DIAG] iter=21 posCols=7 newCols=7 effImprove=7 updated=0
    [CG] CG iter 22: obj=2634977.711841, maxRC=8079.155942, +8 cols
    [CG]   [DIAG] iter=22 posCols=8 newCols=7 effImprove=8 updated=1
    [CG] CG iter 23: obj=2634977.711841, maxRC=5622.521847, +6 cols
    [CG]   [DIAG] iter=23 posCols=6 newCols=6 effImprove=6 updated=0
    [CG] CG iter 24: obj=2634977.711841, maxRC=6940.677293, +7 cols
    [CG]   [DIAG] iter=24 posCols=7 newCols=6 effImprove=7 updated=1
    [CG] CG iter 25: obj=2634977.711841, maxRC=5737.083240, +5 cols
    [CG]   [DIAG] iter=25 posCols=5 newCols=5 effImprove=5 updated=0
    [CG] CG iter 26: obj=2634977.711841, maxRC=4918.011488, +6 cols
    [CG]   [DIAG] iter=26 posCols=6 newCols=6 effImprove=6 updated=0
    [CG] CG iter 27: obj=2634977.711841, maxRC=1116.212156, +4 cols
    [CG]   [DIAG] iter=27 posCols=4 newCols=4 effImprove=4 updated=0
    [CG] 列生成收敛，共 28 轮迭代
    [CG] [CG-NODE] depth=0 exit=CERTIFIED certified=1 feasible=1 iters=28 generatedColsBeforeNode=0 newCols=342 posCandidates=344 duplicateCandidates=2 updatedCols=2 zeroObjImproveIters=11 objFirst=890145.909019 objLast=2634977.711841 objGain=1744831.802823 maxRC=1978758.702667 wallSec=0.224874 pricingSec=0.207843 cplexSolveSec=0.012039
      [BB] 根节点即为整数解，obj=2634977.711841
