    [CG] 列生成开始，初始列数=310
    [CG] CG iter 1: obj=878078.630268, maxRC=2156560.224315, +30 cols
    [CG]   [DIAG] iter=1 posCols=30 newCols=30 effImprove=30 updated=0
    [CG] CG iter 2: obj=2333991.865408, maxRC=466260.036756, +24 cols
    [CG]   [DIAG] iter=2 posCols=24 newCols=24 effImprove=24 updated=0
    [CG] CG iter 3: obj=2397307.405814, maxRC=670078.769337, +21 cols
    [CG]   [DIAG] iter=3 posCols=21 newCols=21 effImprove=21 updated=0
    [CG] CG iter 4: obj=2398354.415672, maxRC=657305.624106, +19 cols
    [CG]   [DIAG] iter=4 posCols=19 newCols=19 effImprove=19 updated=0
    [CG] CG iter 5: obj=2401221.968912, maxRC=595921.741677, +18 cols
    [CG]   [DIAG] iter=5 posCols=18 newCols=18 effImprove=18 updated=0
    [CG] CG iter 6: obj=2414154.930284, maxRC=581557.808306, +11 cols
    [CG]   [DIAG] iter=6 posCols=11 newCols=10 effImprove=11 updated=1
    [CG] CG iter 7: obj=2421923.042998, maxRC=593113.217909, +17 cols
    [CG]   [DIAG] iter=7 posCols=17 newCols=17 effImprove=17 updated=0
    [CG] CG iter 8: obj=2477066.383308, maxRC=396395.749635, +16 cols
    [CG]   [DIAG] iter=8 posCols=16 newCols=16 effImprove=16 updated=0
    [CG] CG iter 9: obj=2492014.083138, maxRC=236490.497840, +9 cols
    [CG]   [DIAG] iter=9 posCols=9 newCols=9 effImprove=9 updated=0
    [CG] CG iter 10: obj=2496195.872826, maxRC=201773.604155, +10 cols
    [CG]   [DIAG] iter=10 posCols=10 newCols=10 effImprove=10 updated=0
    [CG] CG iter 11: obj=2526598.418639, maxRC=171859.106187, +12 cols
    [CG]   [DIAG] iter=11 posCols=12 newCols=12 effImprove=12 updated=0
    [CG] CG iter 12: obj=2562176.811462, maxRC=108207.457014, +10 cols
    [CG]   [DIAG] iter=12 posCols=10 newCols=10 effImprove=10 updated=0
    [CG] CG iter 13: obj=2566870.932951, maxRC=133030.378145, +10 cols
    [CG]   [DIAG] iter=13 posCols=10 newCols=10 effImprove=10 updated=0
    [CG] CG iter 14: obj=2577959.362521, maxRC=75268.882537, +9 cols
    [CG]   [DIAG] iter=14 posCols=9 newCols=9 effImprove=9 updated=0
    [CG] CG iter 15: obj=2590008.839366, maxRC=60152.279042, +9 cols
    [CG]   [DIAG] iter=15 posCols=9 newCols=9 effImprove=9 updated=0
    [CG] CG iter 16: obj=2595869.243607, maxRC=44706.760510, +9 cols
    [CG]   [DIAG] iter=16 posCols=9 newCols=9 effImprove=9 updated=0
    [CG] CG iter 17: obj=2604321.490517, maxRC=31015.697555, +9 cols
    [CG]   [DIAG] iter=17 posCols=9 newCols=9 effImprove=9 updated=0
    [CG] CG iter 18: obj=2614307.052805, maxRC=39761.435168, +9 cols
    [CG]   [DIAG] iter=18 posCols=9 newCols=9 effImprove=9 updated=0
    [CG] CG iter 19: obj=2623292.720045, maxRC=34703.163404, +9 cols
    [CG]   [DIAG] iter=19 posCols=9 newCols=9 effImprove=9 updated=0
    [CG] CG iter 20: obj=2626789.318430, maxRC=27302.937669, +9 cols
    [CG]   [DIAG] iter=20 posCols=9 newCols=9 effImprove=9 updated=0
    [CG] CG iter 21: obj=2633615.052848, maxRC=15868.559708, +8 cols
    [CG]   [DIAG] iter=21 posCols=8 newCols=8 effImprove=8 updated=0
    [CG] CG iter 22: obj=2646928.159792, maxRC=6385.093726, +6 cols
    [CG]   [DIAG] iter=22 posCols=6 newCols=6 effImprove=6 updated=0
    [CG] CG iter 23: obj=2646928.159792, maxRC=2513.278908, +4 cols
    [CG]   [DIAG] iter=23 posCols=4 newCols=4 effImprove=4 updated=0
    [CG] CG iter 24: obj=2646928.159792, maxRC=366.089160, +3 cols
    [CG]   [DIAG] iter=24 posCols=3 newCols=3 effImprove=3 updated=0
    [CG] 列生成收敛，共 25 轮迭代
    [CG] [CG-NODE] depth=0 exit=CERTIFIED certified=1 feasible=1 iters=25 generatedColsBeforeNode=0 newCols=290 posCandidates=291 duplicateCandidates=1 updatedCols=1 zeroObjImproveIters=3 objFirst=878078.630268 objLast=2646928.159792 objGain=1768849.529524 maxRC=2156560.224315 wallSec=0.217174 pricingSec=0.204244 cplexSolveSec=0.009055
      [BB] 根节点即为整数解，obj=2646928.159792
