    [CG] 列生成开始，初始列数=310
    [CG] CG iter 1: obj=892245.842611, maxRC=2093554.355104, +30 cols
    [CG]   [DIAG] iter=1 posCols=30 newCols=30 effImprove=30 updated=0
    [CG] CG iter 2: obj=2274654.949999, maxRC=294125.087786, +20 cols
    [CG]   [DIAG] iter=2 posCols=20 newCols=20 effImprove=20 updated=0
    [CG] CG iter 3: obj=2325828.579302, maxRC=494423.367105, +21 cols
    [CG]   [DIAG] iter=3 posCols=21 newCols=21 effImprove=21 updated=0
    [CG] CG iter 4: obj=2417178.522625, maxRC=539565.485818, +23 cols
    [CG]   [DIAG] iter=4 posCols=23 newCols=23 effImprove=23 updated=0
    [CG] CG iter 5: obj=2424397.972217, maxRC=496114.506722, +16 cols
    [CG]   [DIAG] iter=5 posCols=16 newCols=16 effImprove=16 updated=0
    [CG] CG iter 6: obj=2463554.104003, maxRC=293012.809239, +18 cols
    [CG]   [DIAG] iter=6 posCols=18 newCols=17 effImprove=18 updated=1
    [CG] CG iter 7: obj=2520162.773663, maxRC=335227.655588, +19 cols
    [CG]   [DIAG] iter=7 posCols=19 newCols=19 effImprove=19 updated=0
    [CG] CG iter 8: obj=2534824.524194, maxRC=222774.148118, +14 cols
    [CG]   [DIAG] iter=8 posCols=14 newCols=14 effImprove=14 updated=0
    [CG] CG iter 9: obj=2545905.672575, maxRC=74734.424534, +12 cols
    [CG]   [DIAG] iter=9 posCols=12 newCols=12 effImprove=12 updated=0
    [CG] CG iter 10: obj=2593282.336962, maxRC=71180.942990, +13 cols
    [CG]   [DIAG] iter=10 posCols=13 newCols=12 effImprove=13 updated=1
    [CG] CG iter 11: obj=2605767.667528, maxRC=133760.808666, +12 cols
    [CG]   [DIAG] iter=11 posCols=12 newCols=12 effImprove=12 updated=0
    [CG] CG iter 12: obj=2617154.174558, maxRC=44654.546276, +10 cols
    [CG]   [DIAG] iter=12 posCols=10 newCols=10 effImprove=10 updated=0
    [CG] CG iter 13: obj=2628798.792410, maxRC=51154.466803, +9 cols
    [CG]   [DIAG] iter=13 posCols=9 newCols=9 effImprove=9 updated=0
    [CG] CG iter 14: obj=2634991.853277, maxRC=39869.630912, +9 cols
    [CG]   [DIAG] iter=14 posCols=9 newCols=9 effImprove=9 updated=0
    [CG] CG iter 15: obj=2634991.853277, maxRC=24151.780359, +8 cols
    [CG]   [DIAG] iter=15 posCols=8 newCols=8 effImprove=8 updated=0
    [CG] CG iter 16: obj=2637953.662540, maxRC=27879.631532, +7 cols
    [CG]   [DIAG] iter=16 posCols=7 newCols=7 effImprove=7 updated=0
    [CG] CG iter 17: obj=2639548.033444, maxRC=20513.490236, +8 cols
    [CG]   [DIAG] iter=17 posCols=8 newCols=8 effImprove=8 updated=0
    [CG] CG iter 18: obj=2642527.965083, maxRC=20389.532583, +7 cols
    [CG]   [DIAG] iter=18 posCols=7 newCols=7 effImprove=7 updated=0
    [CG] CG iter 19: obj=2647566.324392, maxRC=8437.717339, +7 cols
    [CG]   [DIAG] iter=19 posCols=7 newCols=7 effImprove=7 updated=0
    [CG] CG iter 20: obj=2647566.324392, maxRC=14056.012701, +6 cols
    [CG]   [DIAG] iter=20 posCols=6 newCols=6 effImprove=6 updated=0
    [CG] CG iter 21: obj=2648685.294568, maxRC=10808.354561, +7 cols
    [CG]   [DIAG] iter=21 posCols=7 newCols=7 effImprove=7 updated=0
    [CG] CG iter 22: obj=2651236.230967, maxRC=8429.563835, +4 cols
    [CG]   [DIAG] iter=22 posCols=4 newCols=4 effImprove=4 updated=0
    [CG] CG iter 23: obj=2655451.012884, maxRC=4304.648660, +4 cols
    [CG]   [DIAG] iter=23 posCols=4 newCols=4 effImprove=4 updated=0
    [CG] CG iter 24: obj=2657747.882009, maxRC=3559.866420, +3 cols
    [CG]   [DIAG] iter=24 posCols=3 newCols=3 effImprove=3 updated=0
    [CG] CG iter 25: obj=2657747.882009, maxRC=3437.651668, +3 cols
    [CG]   [DIAG] iter=25 posCols=3 newCols=3 effImprove=3 updated=0
    [CG] CG iter 26: obj=2657747.882009, maxRC=4184.298812, +3 cols
    [CG]   [DIAG] iter=26 posCols=3 newCols=3 effImprove=3 updated=0
    [CG] CG iter 27: obj=2657747.882009, maxRC=198.084771, +1 cols
    [CG]   [DIAG] iter=27 posCols=1 newCols=1 effImprove=1 updated=0
    [CG] 列生成收敛，共 28 轮迭代
    [CG] [CG-NODE] depth=0 exit=CERTIFIED certified=1 feasible=1 iters=28 generatedColsBeforeNode=0 newCols=292 posCandidates=294 duplicateCandidates=2 updatedCols=2 zeroObjImproveIters=6 objFirst=892245.842611 objLast=2657747.882009 objGain=1765502.039399 maxRC=2093554.355104 wallSec=0.200461 pricingSec=0.186227 cplexSolveSec=0.010082
      [BB] 根节点即为整数解，obj=2657747.882009
