    [CG] 列生成开始，初始列数=310
    [CG] CG iter 1: obj=884656.620950, maxRC=1735191.193203, +30 cols
    [CG]   [DIAG] iter=1 posCols=30 newCols=30 effImprove=30 updated=0
    [CG] CG iter 2: obj=1995282.946796, maxRC=236289.651913, +24 cols
    [CG]   [DIAG] iter=2 posCols=24 newCols=24 effImprove=24 updated=0
    [CG] CG iter 3: obj=2145476.977930, maxRC=447024.649857, +30 cols
    [CG]   [DIAG] iter=3 posCols=30 newCols=30 effImprove=30 updated=0
    [CG] CG iter 4: obj=2165282.112988, maxRC=411077.238678, +30 cols
    [CG]   [DIAG] iter=4 posCols=30 newCols=30 effImprove=30 updated=0
    [CG] CG iter 5: obj=2189788.561912, maxRC=365747.635358, +28 cols
    [CG]   [DIAG] iter=5 posCols=28 newCols=28 effImprove=28 updated=0
    [CG] CG iter 6: obj=2227332.275928, maxRC=173143.949384, +27 cols
    [CG]   [DIAG] iter=6 posCols=27 newCols=27 effImprove=27 updated=0
    [CG] CG iter 7: obj=2283631.028525, maxRC=137055.263329, +21 cols
    [CG]   [DIAG] iter=7 posCols=21 newCols=21 effImprove=21 updated=0
    [CG] CG iter 8: obj=2327314.685877, maxRC=101972.684198, +20 cols
    [CG]   [DIAG] iter=8 posCols=20 newCols=20 effImprove=20 updated=0
    [CG] CG iter 9: obj=2359705.982584, maxRC=86649.992834, +16 cols
    [CG]   [DIAG] iter=9 posCols=16 newCols=16 effImprove=16 updated=0
    [CG] CG iter 10: obj=2377506.527457, maxRC=75335.211569, +19 cols
    [CG]   [DIAG] iter=10 posCols=19 newCols=19 effImprove=19 updated=0
    [CG] CG iter 11: obj=2401190.507090, maxRC=102259.552425, +17 cols
    [CG]   [DIAG] iter=11 posCols=17 newCols=16 effImprove=17 updated=1
    [CG] CG iter 12: obj=2414578.446222, maxRC=49847.073132, +17 cols
    [CG]   [DIAG] iter=12 posCols=17 newCols=17 effImprove=17 updated=0
    [CG] CG iter 13: obj=2461360.253606, maxRC=35466.333798, +12 cols
    [CG]   [DIAG] iter=13 posCols=12 newCols=12 effImprove=12 updated=0
    [CG] CG iter 14: obj=2461360.253606, maxRC=20519.648121, +8 cols
    [CG]   [DIAG] iter=14 posCols=8 newCols=8 effImprove=8 updated=0
    [CG] CG iter 15: obj=2481879.901727, maxRC=3312.122250, +4 cols
    [CG]   [DIAG] iter=15 posCols=4 newCols=3 effImprove=4 updated=1
    [CG] CG iter 16: obj=2483373.248900, maxRC=1769.754283, +2 cols
    [CG]   [DIAG] iter=16 posCols=2 newCols=2 effImprove=2 updated=0
    [CG] 列生成收敛，共 17 轮迭代
    [CG] [CG-NODE] depth=0 exit=CERTIFIED certified=1 feasible=1 iters=17 generatedColsBeforeNode=0 newCols=303 posCandidates=305 duplicateCandidates=2 updatedCols=2 zeroObjImproveIters=2 objFirst=884656.620950 objLast=2483373.248900 objGain=1598716.627949 maxRC=1735191.193203 wallSec=0.233722 pricingSec=0.219973 cplexSolveSec=0.008819
      [BB] 根节点即为整数解，obj=2483373.248900
