    [CG] 列生成开始，初始列数=310
    [CG] CG iter 1: obj=879066.664477, maxRC=1734246.878826, +30 cols
    [CG]   [DIAG] iter=1 posCols=30 newCols=30 effImprove=30 updated=0
    [CG] CG iter 2: obj=1995528.309034, maxRC=238896.549406, +27 cols
    [CG]   [DIAG] iter=2 posCols=27 newCols=27 effImprove=27 updated=0
    [CG] CG iter 3: obj=2100333.632007, maxRC=459454.738050, +30 cols
    [CG]   [DIAG] iter=3 posCols=30 newCols=30 effImprove=30 updated=0
    [CG] CG iter 4: obj=2152075.478525, maxRC=388266.411083, +27 cols
    [CG]   [DIAG] iter=4 posCols=27 newCols=27 effImprove=27 updated=0
    [CG] CG iter 5: obj=2222909.847352, maxRC=160020.753536, +25 cols
    [CG]   [DIAG] iter=5 posCols=25 newCols=25 effImprove=25 updated=0
    [CG] CG iter 6: obj=2352029.712510, maxRC=119899.255148, +20 cols
    [CG]   [DIAG] iter=6 posCols=20 newCols=20 effImprove=20 updated=0
    [CG] CG iter 7: obj=2352029.712510, maxRC=110729.884301, +19 cols
    [CG]   [DIAG] iter=7 posCols=19 newCols=19 effImprove=19 updated=0
    [CG] CG iter 8: obj=2385118.707069, maxRC=127460.268573, +20 cols
    [CG]   [DIAG] iter=8 posCols=20 newCols=20 effImprove=20 updated=0
    [CG] CG iter 9: obj=2393963.991565, maxRC=54057.078199, +16 cols
    [CG]   [DIAG] iter=9 posCols=16 newCols=16 effImprove=16 updated=0
    [CG] CG iter 10: obj=2410746.743852, maxRC=61917.038376, +17 cols
    [CG]   [DIAG] iter=10 posCols=17 newCols=17 effImprove=17 updated=0
    [CG] CG iter 11: obj=2440241.890175, maxRC=48711.871810, +15 cols
    [CG]   [DIAG] iter=11 posCols=15 newCols=14 effImprove=15 updated=1
    [CG] CG iter 12: obj=2464246.506774, maxRC=45585.845726, +16 cols
    [CG]   [DIAG] iter=12 posCols=16 newCols=15 effImprove=16 updated=1
    [CG] CG iter 13: obj=2480706.375402, maxRC=44799.760454, +12 cols
    [CG]   [DIAG] iter=13 posCols=12 newCols=12 effImprove=12 updated=0
    [CG] CG iter 14: obj=2480706.375402, maxRC=16213.141683, +5 cols
    [CG]   [DIAG] iter=14 posCols=5 newCols=4 effImprove=5 updated=1
    [CG] CG iter 15: obj=2480706.375402, maxRC=16437.227357, +10 cols
    [CG]   [DIAG] iter=15 posCols=10 newCols=10 effImprove=10 updated=0
    [CG] CG iter 16: obj=2480706.375402, maxRC=10529.657397, +5 cols
    [CG]   [DIAG] iter=16 posCols=5 newCols=5 effImprove=5 updated=0
    [CG] CG iter 17: obj=2487240.172771, maxRC=13862.849832, +6 cols
    [CG]   [DIAG] iter=17 posCols=6 newCols=6 effImprove=6 updated=0
    [CG] CG iter 18: obj=2487240.172771, maxRC=3074.869762, +3 cols
    [CG]   [DIAG] iter=18 posCols=3 newCols=3 effImprove=3 updated=0
    [CG] CG iter 19: obj=2487240.172771, maxRC=6142.350425, +4 cols
    [CG]   [DIAG] iter=19 posCols=4 newCols=4 effImprove=4 updated=0
    [CG] CG iter 20: obj=2487240.172771, maxRC=2745.848393, +2 cols
    [CG]   [DIAG] iter=20 posCols=2 newCols=2 effImprove=2 updated=0
    [CG] 列生成收敛，共 21 轮迭代
    [CG] [CG-NODE] depth=0 exit=CERTIFIED certified=1 feasible=1 iters=21 generatedColsBeforeNode=0 newCols=306 posCandidates=309 duplicateCandidates=3 updatedCols=3 zeroObjImproveIters=7 objFirst=879066.664477 objLast=2489986.021164 objGain=1610919.356687 maxRC=1734246.878826 wallSec=0.245224 pricingSec=0.232298 cplexSolveSec=0.009088
      [BB] 根节点即为整数解，obj=2489986.021164
