    [CG] 列生成开始，初始列数=310
    [CG] CG iter 1: obj=869079.631541, maxRC=1823699.088705, +30 cols
    [CG]   [DIAG] iter=1 posCols=30 newCols=30 effImprove=30 updated=0
    [CG] CG iter 2: obj=2062518.489718, maxRC=221616.431937, +23 cols
    [CG]   [DIAG] iter=2 posCols=23 newCols=23 effImprove=23 updated=0
    [CG] CG iter 3: obj=2185587.702730, maxRC=421105.747062, +30 cols
    [CG]   [DIAG] iter=3 posCols=30 newCols=30 effImprove=30 updated=0
    [CG] CG iter 4: obj=2238064.772203, maxRC=317876.075943, +25 cols
    [CG]   [DIAG] iter=4 posCols=25 newCols=25 effImprove=25 updated=0
    [CG] CG iter 5: obj=2270979.239233, maxRC=172530.494797, +25 cols
    [CG]   [DIAG] iter=5 posCols=25 newCols=25 effImprove=25 updated=0
    [CG] CG iter 6: obj=2333051.315165, maxRC=104322.702065, +24 cols
    [CG]   [DIAG] iter=6 posCols=24 newCols=23 effImprove=24 updated=1
    [CG] CG iter 7: obj=2372378.016141, maxRC=129407.707190, +20 cols
    [CG]   [DIAG] iter=7 posCols=20 newCols=20 effImprove=20 updated=0
    [CG] CG iter 8: obj=2404129.154022, maxRC=112115.077865, +20 cols
    [CG]   [DIAG] iter=8 posCols=20 newCols=20 effImprove=20 updated=0
    [CG] CG iter 9: obj=2438950.883955, maxRC=54449.642057, +18 cols
    [CG]   [DIAG] iter=9 posCols=18 newCols=18 effImprove=18 updated=0
    [CG] CG iter 10: obj=2462501.143568, maxRC=67338.756265, +19 cols
    [CG]   [DIAG] iter=10 posCols=19 newCols=18 effImprove=19 updated=1
    [CG] CG iter 11: obj=2471361.578060, maxRC=49131.031681, +17 cols
    [CG]   [DIAG] iter=11 posCols=17 newCols=17 effImprove=17 updated=0
    [CG] CG iter 12: obj=2486612.099289, maxRC=31392.799662, +16 cols
    [CG]   [DIAG] iter=12 posCols=16 newCols=16 effImprove=16 updated=0
    [CG] CG iter 13: obj=2499795.461485, maxRC=33654.432217, +12 cols
    [CG]   [DIAG] iter=13 posCols=12 newCols=12 effImprove=12 updated=0
    [CG] CG iter 14: obj=2515780.442603, maxRC=23932.476876, +10 cols
    [CG]   [DIAG] iter=14 posCols=10 newCols=10 effImprove=10 updated=0
    [CG] CG iter 15: obj=2515780.442603, maxRC=4528.045353, +4 cols
    [CG]   [DIAG] iter=15 posCols=4 newCols=4 effImprove=4 updated=0
    [CG] CG iter 16: obj=2520235.698582, maxRC=7113.961312, +4 cols
    [CG]   [DIAG] iter=16 posCols=4 newCols=4 effImprove=4 updated=0
    [CG] CG iter 17: obj=2520235.698582, maxRC=986.154602, +1 cols
    [CG]   [DIAG] iter=17 posCols=1 newCols=1 effImprove=1 updated=0
    [CG] 列生成收敛，共 18 轮迭代
    [CG] [CG-NODE] depth=0 exit=CERTIFIED certified=1 feasible=1 iters=18 generatedColsBeforeNode=0 newCols=296 posCandidates=298 duplicateCandidates=2 updatedCols=2 zeroObjImproveIters=3 objFirst=869079.631541 objLast=2520235.698582 objGain=1651156.067041 maxRC=1823699.088705 wallSec=0.255350 pricingSec=0.241512 cplexSolveSec=0.008808
      [BB] 根节点即为整数解，obj=2520235.698582
