    [CG] 列生成开始，初始列数=310
    [CG] CG iter 1: obj=891347.524059, maxRC=1734449.462500, +30 cols
    [CG]   [DIAG] iter=1 posCols=30 newCols=30 effImprove=30 updated=0
    [CG] CG iter 2: obj=2000887.592181, maxRC=233629.371419, +24 cols
    [CG]   [DIAG] iter=2 posCols=24 newCols=24 effImprove=24 updated=0
    [CG] CG iter 3: obj=2104014.178945, maxRC=479342.911985, +30 cols
    [CG]   [DIAG] iter=3 posCols=30 newCols=30 effImprove=30 updated=0
    [CG] CG iter 4: obj=2151987.035440, maxRC=421229.941200, +28 cols
    [CG]   [DIAG] iter=4 posCols=28 newCols=28 effImprove=28 updated=0
    [CG] CG iter 5: obj=2219753.651701, maxRC=183616.875826, +24 cols
    [CG]   [DIAG] iter=5 posCols=24 newCols=24 effImprove=24 updated=0
    [CG] CG iter 6: obj=2262311.434584, maxRC=146306.187666, +23 cols
    [CG]   [DIAG] iter=6 posCols=23 newCols=23 effImprove=23 updated=0
    [CG] CG iter 7: obj=2314673.691320, maxRC=134909.556407, +22 cols
    [CG]   [DIAG] iter=7 posCols=22 newCols=22 effImprove=22 updated=0
    [CG] CG iter 8: obj=2362908.868287, maxRC=96055.537279, +21 cols
    [CG]   [DIAG] iter=8 posCols=21 newCols=21 effImprove=21 updated=0
    [CG] CG iter 9: obj=2411870.298323, maxRC=93227.576059, +24 cols
    [CG]   [DIAG] iter=9 posCols=24 newCols=24 effImprove=24 updated=0
    [CG] CG iter 10: obj=2466127.862341, maxRC=73798.064261, +22 cols
    [CG]   [DIAG] iter=10 posCols=22 newCols=22 effImprove=22 updated=0
    [CG] CG iter 11: obj=2466127.862341, maxRC=62272.564992, +20 cols
    [CG]   [DIAG] iter=11 posCols=20 newCols=20 effImprove=20 updated=0
    [CG] CG iter 12: obj=2466127.862341, maxRC=50417.757952, +16 cols
    [CG]   [DIAG] iter=12 posCols=16 newCols=14 effImprove=16 updated=2
    [CG] CG iter 13: obj=2470446.936773, maxRC=37818.742176, +18 cols
    [CG]   [DIAG] iter=13 posCols=18 newCols=18 effImprove=18 updated=0
    [CG] CG iter 14: obj=2486831.735985, maxRC=26457.228030, +13 cols
    [CG]   [DIAG] iter=14 posCols=13 newCols=13 effImprove=13 updated=0
    [CG] CG iter 15: obj=2508739.167783, maxRC=45879.808127, +13 cols
    [CG]   [DIAG] iter=15 posCols=13 newCols=13 effImprove=13 updated=0
    [CG] CG iter 16: obj=2508739.167783, maxRC=15270.554552, +9 cols
    [CG]   [DIAG] iter=16 posCols=9 newCols=8 effImprove=9 updated=1
    [CG] CG iter 17: obj=2508739.167783, maxRC=8855.983196, +6 cols
    [CG]   [DIAG] iter=17 posCols=6 newCols=6 effImprove=6 updated=0
    [CG] CG iter 18: obj=2508825.280809, maxRC=3671.405520, +5 cols
    [CG]   [DIAG] iter=18 posCols=5 newCols=5 effImprove=5 updated=0
    [CG] CG iter 19: obj=2514293.410596, maxRC=1624.389604, +3 cols
    [CG]   [DIAG] iter=19 posCols=3 newCols=3 effImprove=3 updated=0
    [CG] CG iter 20: obj=2515917.800200, maxRC=680.731390, +1 cols
    [CG]   [DIAG] iter=20 posCols=1 newCols=1 effImprove=1 updated=0
    [CG] 列生成收敛，共 21 轮迭代
    [CG] [CG-NODE] depth=0 exit=CERTIFIED certified=1 feasible=1 iters=21 generatedColsBeforeNode=0 newCols=349 posCandidates=352 duplicateCandidates=3 updatedCols=3 zeroObjImproveIters=5 objFirst=891347.524059 objLast=2515917.800200 objGain=1624570.276140 maxRC=1734449.462500 wallSec=0.249372 pricingSec=0.234722 cplexSolveSec=0.010024
      [BB] 根节点即为整数解，obj=2515917.800200
