    [CG] 列生成开始，初始列数=310
    [CG] CG iter 1: obj=882812.335938, maxRC=1822708.301641, +30 cols
    [CG]   [DIAG] iter=1 posCols=30 newCols=30 effImprove=30 updated=0
    [CG] CG iter 2: obj=2065963.257617, maxRC=227102.365170, +22 cols
    [CG]   [DIAG] iter=2 posCols=22 newCols=22 effImprove=22 updated=0
    [CG] CG iter 3: obj=2168798.302394, maxRC=468379.244417, +27 cols
    [CG]   [DIAG] iter=3 posCols=27 newCols=27 effImprove=27 updated=0
    [CG] CG iter 4: obj=2173288.914961, maxRC=455928.206745, +29 cols
    [CG]   [DIAG] iter=4 posCols=29 newCols=29 effImprove=29 updated=0
    [CG] CG iter 5: obj=2229657.322763, maxRC=252573.193182, +27 cols
    [CG]   [DIAG] iter=5 posCols=27 newCols=27 effImprove=27 updated=0
    [CG] CG iter 6: obj=2267511.812619, maxRC=172021.502849, +24 cols
    [CG]   [DIAG] iter=6 posCols=24 newCols=24 effImprove=24 updated=0
    [CG] CG iter 7: obj=2309695.127517, maxRC=210127.694260, +22 cols
    [CG]   [DIAG] iter=7 posCols=22 newCols=22 effImprove=22 updated=0
    [CG] CG iter 8: obj=2333104.474023, maxRC=111967.159411, +21 cols
    [CG]   [DIAG] iter=8 posCols=21 newCols=21 effImprove=21 updated=0
    [CG] CG iter 9: obj=2369720.496804, maxRC=108121.407132, +21 cols
    [CG]   [DIAG] iter=9 posCols=21 newCols=21 effImprove=21 updated=0
    [CG] CG iter 10: obj=2406693.264814, maxRC=64284.714181, +23 cols
    [CG]   [DIAG] iter=10 posCols=23 newCols=23 effImprove=23 updated=0
    [CG] CG iter 11: obj=2433353.277828, maxRC=55648.800416, +21 cols
    [CG]   [DIAG] iter=11 posCols=21 newCols=21 effImprove=21 updated=0
    [CG] CG iter 12: obj=2448257.319750, maxRC=36946.168781, +21 cols
    [CG]   [DIAG] iter=12 posCols=21 newCols=21 effImprove=21 updated=0
    [CG] CG iter 13: obj=2475438.125110, maxRC=26168.594613, +13 cols
    [CG]   [DIAG] iter=13 posCols=13 newCols=13 effImprove=13 updated=0
    [CG] CG iter 14: obj=2502486.356986, maxRC=27899.083723, +13 cols
    [CG]   [DIAG] iter=14 posCols=13 newCols=13 effImprove=13 updated=0
    [CG] CG iter 15: obj=2502486.356986, maxRC=13526.943335, +9 cols
    [CG]   [DIAG] iter=15 posCols=9 newCols=9 effImprove=9 updated=0
    [CG] CG iter 16: obj=2508110.794330, maxRC=11862.706392, +7 cols
    [CG]   [DIAG] iter=16 posCols=7 newCols=7 effImprove=7 updated=0
    [CG] CG iter 17: obj=2517345.090987, maxRC=3431.135876, +4 cols
    [CG]   [DIAG] iter=17 posCols=4 newCols=4 effImprove=4 updated=0
    [CG] CG iter 18: obj=2517345.090987, maxRC=493.347987, +1 cols
    [CG]   [DIAG] iter=18 posCols=1 newCols=1 effImprove=1 updated=0
    [CG] 列生成收敛，共 19 轮迭代
    [CG] [CG-NODE] depth=0 exit=CERTIFIED certified=1 feasible=1 iters=19 generatedColsBeforeNode=0 newCols=335 posCandidates=335 duplicateCandidates=0 updatedCols=0 zeroObjImproveIters=3 objFirst=882812.335938 objLast=2517345.090987 objGain=1634532.755049 maxRC=1822708.301641 wallSec=0.258149 pricingSec=0.245930 cplexSolveSec=0.008586
      [BB] 根节点即为整数解，obj=2517345.090987
