    [CG] 列生成开始，初始列数=310
    [CG] CG iter 1: obj=867930.041585, maxRC=1819052.976214, +30 cols
    [CG]   [DIAG] iter=1 posCols=30 newCols=30 effImprove=30 updated=0
    [CG] CG iter 2: obj=2060055.294535, maxRC=211193.721519, +23 cols
    [CG]   [DIAG] iter=2 posCols=23 newCols=23 effImprove=23 updated=0
    [CG] CG iter 3: obj=2189565.495223, maxRC=455215.433430, +28 cols
    [CG]   [DIAG] iter=3 posCols=28 newCols=28 effImprove=28 updated=0
    [CG] CG iter 4: obj=2189565.495223, maxRC=499274.156055, +29 cols
    [CG]   [DIAG] iter=4 posCols=29 newCols=29 effImprove=29 updated=0
    [CG] CG iter 5: obj=2238740.946687, maxRC=254707.008742, +27 cols
    [CG]   [DIAG] iter=5 posCols=27 newCols=27 effImprove=27 updated=0
    [CG] CG iter 6: obj=2296776.017999, maxRC=124332.006612, +25 cols
    [CG]   [DIAG] iter=6 posCols=25 newCols=25 effImprove=25 updated=0
    [CG] CG iter 7: obj=2358176.454142, maxRC=106903.155243, +21 cols
    [CG]   [DIAG] iter=7 posCols=21 newCols=21 effImprove=21 updated=0
    [CG] CG iter 8: obj=2419008.236590, maxRC=97928.772397, +21 cols
    [CG]   [DIAG] iter=8 posCols=21 newCols=21 effImprove=21 updated=0
    [CG] CG iter 9: obj=2447041.582051, maxRC=93892.665796, +23 cols
    [CG]   [DIAG] iter=9 posCols=23 newCols=23 effImprove=23 updated=0
    [CG] CG iter 10: obj=2466099.362940, maxRC=44851.693769, +18 cols
    [CG]   [DIAG] iter=10 posCols=18 newCols=18 effImprove=18 updated=0
    [CG] CG iter 11: obj=2484306.347334, maxRC=29201.796781, +17 cols
    [CG]   [DIAG] iter=11 posCols=17 newCols=17 effImprove=17 updated=0
    [CG] CG iter 12: obj=2513508.144115, maxRC=43613.519722, +14 cols
    [CG]   [DIAG] iter=12 posCols=14 newCols=14 effImprove=14 updated=0
    [CG] CG iter 13: obj=2513508.144115, maxRC=19650.202206, +17 cols
    [CG]   [DIAG] iter=13 posCols=17 newCols=17 effImprove=17 updated=0
    [CG] CG iter 14: obj=2513508.144115, maxRC=10181.545452, +9 cols
    [CG]   [DIAG] iter=14 posCols=9 newCols=9 effImprove=9 updated=0
    [CG] CG iter 15: obj=2523689.689567, maxRC=8329.866768, +5 cols
    [CG]   [DIAG] iter=15 posCols=5 newCols=5 effImprove=5 updated=0
    [CG] CG iter 16: obj=2526764.540903, maxRC=4797.563659, +4 cols
    [CG]   [DIAG] iter=16 posCols=4 newCols=4 effImprove=4 updated=0
    [CG] CG iter 17: obj=2526764.540903, maxRC=3540.078919, +3 cols
    [CG]   [DIAG] iter=17 posCols=3 newCols=3 effImprove=3 updated=0
    [CG] CG iter 18: obj=2526764.540903, maxRC=1098.896943, +3 cols
    [CG]   [DIAG] iter=18 posCols=3 newCols=3 effImprove=3 updated=0
    [CG] 列生成收敛，共 19 轮迭代
    [CG] [CG-NODE] depth=0 exit=CERTIFIED certified=1 feasible=1 iters=19 generatedColsBeforeNode=0 newCols=317 posCandidates=317 duplicateCandidates=0 updatedCols=0 zeroObjImproveIters=6 objFirst=867930.041585 objLast=2526764.540903 objGain=1658834.499317 maxRC=1819052.976214 wallSec=0.273779 pricingSec=0.259441 cplexSolveSec=0.009051
      [BB] 根节点即为整数解，obj=2526764.540903
