    [CG] 列生成开始，初始列数=310
    [CG] CG iter 1: obj=952156.398894, maxRC=1252529.260372, +30 cols
    [CG]   [DIAG] iter=1 posCols=30 newCols=30 effImprove=30 updated=0
    [CG] CG iter 2: obj=1574305.495200, maxRC=327115.547704, +29 cols
    [CG]   [DIAG] iter=2 posCols=29 newCols=29 effImprove=29 updated=0
    [CG] CG iter 3: obj=1848200.226703, maxRC=389253.812591, +30 cols
    [CG]   [DIAG] iter=3 posCols=30 newCols=30 effImprove=30 updated=0
    [CG] CG iter 4: obj=1897553.439472, maxRC=267685.191351, +28 cols
    [CG]   [DIAG] iter=4 posCols=28 newCols=28 effImprove=28 updated=0
    [CG] CG iter 5: obj=1955561.862407, maxRC=221792.236889, +20 cols
    [CG]   [DIAG] iter=5 posCols=20 newCols=20 effImprove=20 updated=0
    [CG] CG iter 6: obj=2015409.262791, maxRC=127608.318424, +23 cols
    [CG]   [DIAG] iter=6 posCols=23 newCols=23 effImprove=23 updated=0
    [CG] CG iter 7: obj=2136741.389203, maxRC=117035.972575, +21 cols
    [CG]   [DIAG] iter=7 posCols=21 newCols=21 effImprove=21 updated=0
    [CG] CG iter 8: obj=2157665.870135, maxRC=76578.071986, +15 cols
    [CG]   [DIAG] iter=8 posCols=15 newCols=15 effImprove=15 updated=0
    [CG] CG iter 9: obj=2157801.808292, maxRC=100999.034466, +19 cols
    [CG]   [DIAG] iter=9 posCols=19 newCols=19 effImprove=19 updated=0
    [CG] CG iter 10: obj=2165202.772403, maxRC=60030.967951, +9 cols
    [CG]   [DIAG] iter=10 posCols=9 newCols=9 effImprove=9 updated=0
    [CG] CG iter 11: obj=2165202.772403, maxRC=18970.232171, +11 cols
    [CG]   [DIAG] iter=11 posCols=11 newCols=11 effImprove=11 updated=0
    [CG] CG iter 12: obj=2180017.077159, maxRC=23928.236720, +9 cols
    [CG]   [DIAG] iter=12 posCols=9 newCols=8 effImprove=9 updated=1
    [CG] CG iter 13: obj=2183140.725081, maxRC=14198.569754, +5 cols
    [CG]   [DIAG] iter=13 posCols=5 newCols=5 effImprove=5 updated=0
    [CG] CG iter 14: obj=2192026.563060, maxRC=4879.000585, +4 cols
    [CG]   [DIAG] iter=14 posCols=4 newCols=4 effImprove=4 updated=0
    [CG] CG iter 15: obj=2192026.563060, maxRC=3616.029680, +1 cols
    [CG]   [DIAG] iter=15 posCols=1 newCols=1 effImprove=1 updated=0
    [CG] 列生成收敛，共 16 轮迭代
    [CG] [CG-NODE] depth=0 exit=CERTIFIED certified=1 feasible=1 iters=16 generatedColsBeforeNode=0 newCols=253 posCandidates=254 duplicateCandidates=1 updatedCols=1 zeroObjImproveIters=2 objFirst=952156.398894 objLast=2195642.592740 objGain=1243486.193846 maxRC=1252529.260372 wallSec=0.195424 pricingSec=0.184033 cplexSolveSec=0.006783
      [BB] 分支定界开始，根节点LP obj=2195642.592740，最大节点数=10000
      [BB] 根节点启发式下界 LB=2023018.235136（上界=2195642.592740）
    [CG] [BB-DIAG] 分支 x_{dc=4,retailer=1}, 节点数=1
    [CG] 列生成开始，初始列数=560
    [CG] CG iter 17: obj=2189664.804787, maxRC=91356.446086, +26 cols
    [CG]   [DIAG] iter=17 posCols=26 newCols=26 effImprove=26 updated=0
    [CG] CG iter 18: obj=2195091.449692, maxRC=19709.264928, +14 cols
    [CG]   [DIAG] iter=18 posCols=14 newCols=14 effImprove=14 updated=0
    [CG] CG iter 19: obj=2195091.449692, maxRC=5347.384274, +6 cols
    [CG]   [DIAG] iter=19 posCols=6 newCols=5 effImprove=6 updated=1
    [CG] CG iter 20: obj=2195449.907743, maxRC=8639.747925, +5 cols
    [CG]   [DIAG] iter=20 posCols=5 newCols=5 effImprove=5 updated=0
    [CG] CG iter 21: obj=2195449.907743, maxRC=3942.015631, +1 cols
    [CG]   [DIAG] iter=21 posCols=1 newCols=1 effImprove=1 updated=0
    [CG] CG iter 22: obj=2195449.907743, maxRC=1159.813699, +1 cols
    [CG]   [DIAG] iter=22 posCols=1 newCols=1 effImprove=1 updated=0
    [CG] 列生成收敛，共 23 轮迭代
    [CG] [CG-NODE] depth=1 exit=CERTIFIED certified=1 feasible=1 iters=7 generatedColsBeforeNode=253 newCols=52 posCandidates=53 duplicateCandidates=1 updatedCols=1 zeroObjImproveIters=4 objFirst=2189664.804787 objLast=2195449.907743 objGain=5785.102956 maxRC=91356.446086 wallSec=0.051588 pricingSec=0.046580 cplexSolveSec=0.003276
    [CG] 列生成开始，初始列数=521
    [CG] CG iter 24: obj=2195297.842190, maxRC=107257.620614, +26 cols
    [CG]   [DIAG] iter=24 posCols=26 newCols=26 effImprove=26 updated=0
    [CG] CG iter 25: obj=2195541.404692, maxRC=46001.933273, +14 cols
    [CG]   [DIAG] iter=25 posCols=14 newCols=12 effImprove=14 updated=2
    [CG] CG iter 26: obj=2195541.404692, maxRC=15955.259706, +9 cols
    [CG]   [DIAG] iter=26 posCols=9 newCols=8 effImprove=9 updated=1
    [CG] CG iter 27: obj=2195541.404692, maxRC=9825.651025, +6 cols
    [CG]   [DIAG] iter=27 posCols=6 newCols=5 effImprove=6 updated=1
    [CG] CG iter 28: obj=2195541.404692, maxRC=1388.681176, +1 cols
    [CG]   [DIAG] iter=28 posCols=1 newCols=1 effImprove=1 updated=0
    [CG] 列生成收敛，共 29 轮迭代
    [CG] [CG-NODE] depth=1 exit=CERTIFIED certified=1 feasible=1 iters=6 generatedColsBeforeNode=305 newCols=52 posCandidates=56 duplicateCandidates=4 updatedCols=4 zeroObjImproveIters=4 objFirst=2195297.842190 objLast=2195541.404692 objGain=243.562502 maxRC=107257.620614 wallSec=0.042838 pricingSec=0.037846 cplexSolveSec=0.003290
    [CG] [BB-INCUMBENT] selection=2 node=1 previous=2023018.235136 value=2195541.404692 active=1
    [CG] [BB-NODESEL] strategy=hybrid choice=dfs eligibleCount=1 active=1 gap=0.000000
      [BB] 分支定界结束：处理 3 节点，剪枝 1，剩余活跃 0，整数解 2，状态=OPTIMAL，最好可行 obj=2195541.404692，gap=0.000000
