    [CG] 列生成开始，初始列数=310
    [CG] CG iter 1: obj=992033.644966, maxRC=1276604.049716, +30 cols
    [CG]   [DIAG] iter=1 posCols=30 newCols=30 effImprove=30 updated=0
    [CG] CG iter 2: obj=1605742.765377, maxRC=314940.080361, +29 cols
    [CG]   [DIAG] iter=2 posCols=29 newCols=29 effImprove=29 updated=0
    [CG] CG iter 3: obj=1821201.131361, maxRC=418219.696259, +30 cols
    [CG]   [DIAG] iter=3 posCols=30 newCols=30 effImprove=30 updated=0
    [CG] CG iter 4: obj=1893438.180731, maxRC=228207.142156, +26 cols
    [CG]   [DIAG] iter=4 posCols=26 newCols=26 effImprove=26 updated=0
    [CG] CG iter 5: obj=2035736.375511, maxRC=115761.518949, +22 cols
    [CG]   [DIAG] iter=5 posCols=22 newCols=22 effImprove=22 updated=0
    [CG] CG iter 6: obj=2102483.839760, maxRC=183762.849062, +24 cols
    [CG]   [DIAG] iter=6 posCols=24 newCols=24 effImprove=24 updated=0
    [CG] CG iter 7: obj=2142392.042914, maxRC=93404.478400, +18 cols
    [CG]   [DIAG] iter=7 posCols=18 newCols=18 effImprove=18 updated=0
    [CG] CG iter 8: obj=2179781.784779, maxRC=65733.301721, +17 cols
    [CG]   [DIAG] iter=8 posCols=17 newCols=17 effImprove=17 updated=0
    [CG] CG iter 9: obj=2199718.521199, maxRC=87627.329755, +14 cols
    [CG]   [DIAG] iter=9 posCols=14 newCols=14 effImprove=14 updated=0
    [CG] CG iter 10: obj=2207732.245427, maxRC=35790.938832, +12 cols
    [CG]   [DIAG] iter=10 posCols=12 newCols=11 effImprove=12 updated=1
    [CG] CG iter 11: obj=2218166.160854, maxRC=15915.838426, +6 cols
    [CG]   [DIAG] iter=11 posCols=6 newCols=6 effImprove=6 updated=0
    [CG] CG iter 12: obj=2231424.134737, maxRC=26560.961763, +4 cols
    [CG]   [DIAG] iter=12 posCols=4 newCols=4 effImprove=4 updated=0
    [CG] CG iter 13: obj=2233772.839812, maxRC=19862.771812, +3 cols
    [CG]   [DIAG] iter=13 posCols=3 newCols=3 effImprove=3 updated=0
    [CG] CG iter 14: obj=2233772.839812, maxRC=16960.073843, +1 cols
    [CG]   [DIAG] iter=14 posCols=1 newCols=1 effImprove=1 updated=0
    [CG] CG iter 15: obj=2250732.913654, maxRC=6834.929218, +2 cols
    [CG]   [DIAG] iter=15 posCols=2 newCols=2 effImprove=2 updated=0
    [CG] 列生成收敛，共 16 轮迭代
    [CG] [CG-NODE] depth=0 exit=CERTIFIED certified=1 feasible=1 iters=16 generatedColsBeforeNode=0 newCols=237 posCandidates=238 duplicateCandidates=1 updatedCols=1 zeroObjImproveIters=2 objFirst=992033.644966 objLast=2250732.913654 objGain=1258699.268689 maxRC=1276604.049716 wallSec=0.179094 pricingSec=0.150391 cplexSolveSec=0.006566
      [BB] 根节点即为整数解，obj=2250732.913654
