    [CG] 列生成开始，初始列数=310
    [CG] CG iter 1: obj=951259.363668, maxRC=1269420.547579, +30 cols
    [CG]   [DIAG] iter=1 posCols=30 newCols=30 effImprove=30 updated=0
    [CG] CG iter 2: obj=1570421.645858, maxRC=301006.894605, +30 cols
    [CG]   [DIAG] iter=2 posCols=30 newCols=30 effImprove=30 updated=0
    [CG] CG iter 3: obj=1882014.213836, maxRC=356070.088705, +30 cols
    [CG]   [DIAG] iter=3 posCols=30 newCols=30 effImprove=30 updated=0
    [CG] CG iter 4: obj=1928883.053002, maxRC=275368.132884, +28 cols
    [CG]   [DIAG] iter=4 posCols=28 newCols=28 effImprove=28 updated=0
    [CG] CG iter 5: obj=2033568.666893, maxRC=177686.264548, +24 cols
    [CG]   [DIAG] iter=5 posCols=24 newCols=24 effImprove=24 updated=0
    [CG] CG iter 6: obj=2081427.102758, maxRC=113407.887399, +25 cols
    [CG]   [DIAG] iter=6 posCols=25 newCols=25 effImprove=25 updated=0
    [CG] CG iter 7: obj=2160156.601064, maxRC=68509.950698, +21 cols
    [CG]   [DIAG] iter=7 posCols=21 newCols=21 effImprove=21 updated=0
    [CG] CG iter 8: obj=2160156.601064, maxRC=93529.025775, +17 cols
    [CG]   [DIAG] iter=8 posCols=17 newCols=17 effImprove=17 updated=0
    [CG] CG iter 9: obj=2200098.965928, maxRC=37294.863790, +16 cols
    [CG]   [DIAG] iter=9 posCols=16 newCols=16 effImprove=16 updated=0
    [CG] CG iter 10: obj=2206385.850941, maxRC=21602.139085, +11 cols
    [CG]   [DIAG] iter=10 posCols=11 newCols=11 effImprove=11 updated=0
    [CG] CG iter 11: obj=2206405.955855, maxRC=13563.062189, +8 cols
    [CG]   [DIAG] iter=11 posCols=8 newCols=8 effImprove=8 updated=0
    [CG] CG iter 12: obj=2208942.653809, maxRC=3813.626424, +4 cols
    [CG]   [DIAG] iter=12 posCols=4 newCols=4 effImprove=4 updated=0
    [CG] CG iter 13: obj=2215481.202460, maxRC=2879.856723, +3 cols
    [CG]   [DIAG] iter=13 posCols=3 newCols=3 effImprove=3 updated=0
    [CG] 列生成收敛，共 14 轮迭代
    [CG] [CG-NODE] depth=0 exit=CERTIFIED certified=1 feasible=1 iters=14 generatedColsBeforeNode=0 newCols=247 posCandidates=247 duplicateCandidates=0 updatedCols=0 zeroObjImproveIters=2 objFirst=951259.363668 objLast=2215481.202460 objGain=1264221.838792 maxRC=1269420.547579 wallSec=0.190239 pricingSec=0.180084 cplexSolveSec=0.005933
      [BB] 根节点即为整数解，obj=2215481.202460
