    [CG] 列生成开始，初始列数=310
    [CG] CG iter 1: obj=924437.966755, maxRC=1881856.122515, +30 cols
    [CG]   [DIAG] iter=1 posCols=30 newCols=30 effImprove=30 updated=0
    [CG] CG iter 2: obj=2229284.083100, maxRC=313811.676371, +17 cols
    [CG]   [DIAG] iter=2 posCols=17 newCols=17 effImprove=17 updated=0
    [CG] CG iter 3: obj=2309657.175358, maxRC=432428.925816, +25 cols
    [CG]   [DIAG] iter=3 posCols=25 newCols=25 effImprove=25 updated=0
    [CG] CG iter 4: obj=2335728.665675, maxRC=354135.442748, +20 cols
    [CG]   [DIAG] iter=4 posCols=20 newCols=20 effImprove=20 updated=0
    [CG] CG iter 5: obj=2426875.145207, maxRC=381629.959195, +21 cols
    [CG]   [DIAG] iter=5 posCols=21 newCols=21 effImprove=21 updated=0
    [CG] CG iter 6: obj=2426875.145207, maxRC=287759.615090, +18 cols
    [CG]   [DIAG] iter=6 posCols=18 newCols=18 effImprove=18 updated=0
    [CG] CG iter 7: obj=2428637.166159, maxRC=305013.548118, +18 cols
    [CG]   [DIAG] iter=7 posCols=18 newCols=18 effImprove=18 updated=0
    [CG] CG iter 8: obj=2441005.672920, maxRC=196522.521767, +14 cols
    [CG]   [DIAG] iter=8 posCols=14 newCols=14 effImprove=14 updated=0
    [CG] CG iter 9: obj=2454084.293262, maxRC=58829.343235, +11 cols
    [CG]   [DIAG] iter=9 posCols=11 newCols=10 effImprove=11 updated=1
    [CG] CG iter 10: obj=2480955.761503, maxRC=127747.248344, +12 cols
    [CG]   [DIAG] iter=10 posCols=12 newCols=12 effImprove=12 updated=0
    [CG] CG iter 11: obj=2480955.761503, maxRC=97824.688083, +10 cols
    [CG]   [DIAG] iter=11 posCols=10 newCols=10 effImprove=10 updated=0
    [CG] CG iter 12: obj=2484436.160436, maxRC=64440.876822, +10 cols
    [CG]   [DIAG] iter=12 posCols=10 newCols=9 effImprove=10 updated=1
    [CG] CG iter 13: obj=2491291.394482, maxRC=49817.320455, +12 cols
    [CG]   [DIAG] iter=13 posCols=12 newCols=12 effImprove=12 updated=0
    [CG] CG iter 14: obj=2512474.228910, maxRC=22336.477725, +8 cols
    [CG]   [DIAG] iter=14 posCols=8 newCols=8 effImprove=8 updated=0
    [CG] CG iter 15: obj=2514776.394619, maxRC=23860.753884, +7 cols
    [CG]   [DIAG] iter=15 posCols=7 newCols=7 effImprove=7 updated=0
    [CG] CG iter 16: obj=2514776.394619, maxRC=25668.271055, +6 cols
    [CG]   [DIAG] iter=16 posCols=6 newCols=6 effImprove=6 updated=0
    [CG] CG iter 17: obj=2517090.346716, maxRC=15681.943522, +5 cols
    [CG]   [DIAG] iter=17 posCols=5 newCols=5 effImprove=5 updated=0
    [CG] CG iter 18: obj=2517090.346716, maxRC=11049.917684, +3 cols
    [CG]   [DIAG] iter=18 posCols=3 newCols=3 effImprove=3 updated=0
    [CG] CG iter 19: obj=2517090.346716, maxRC=8416.560176, +5 cols
    [CG]   [DIAG] iter=19 posCols=5 newCols=5 effImprove=5 updated=0
    [CG] CG iter 20: obj=2518352.799530, maxRC=5823.654311, +2 cols
    [CG]   [DIAG] iter=20 posCols=2 newCols=2 effImprove=2 updated=0
    [CG] CG iter 21: obj=2521264.626685, maxRC=4175.520654, +4 cols
    [CG]   [DIAG] iter=21 posCols=4 newCols=4 effImprove=4 updated=0
    [CG] CG iter 22: obj=2521264.626685, maxRC=60.477142, +1 cols
    [CG]   [DIAG] iter=22 posCols=1 newCols=1 effImprove=1 updated=0
    [CG] 列生成收敛，共 23 轮迭代
    [CG] [CG-NODE] depth=0 exit=CERTIFIED certified=1 feasible=1 iters=23 generatedColsBeforeNode=0 newCols=257 posCandidates=259 duplicateCandidates=2 updatedCols=2 zeroObjImproveIters=7 objFirst=924437.966755 objLast=2521264.626685 objGain=1596826.659930 maxRC=1881856.122515 wallSec=0.222852 pricingSec=0.208578 cplexSolveSec=0.009158
      [BB] 分支定界开始，根节点LP obj=2521264.626685，最大节点数=10000
      [BB] 根节点启发式下界 LB=2298967.978640（上界=2521264.626685）
    [CG] [BB-DIAG] 分支 x_{dc=0,retailer=3}, 节点数=1
    [CG] 列生成开始，初始列数=541
    [CG] CG iter 24: obj=2516238.012869, maxRC=122068.229663, +17 cols
    [CG]   [DIAG] iter=24 posCols=17 newCols=17 effImprove=17 updated=0
    [CG] CG iter 25: obj=2516238.012869, maxRC=161069.670844, +11 cols
    [CG]   [DIAG] iter=25 posCols=11 newCols=11 effImprove=11 updated=0
    [CG] CG iter 26: obj=2516238.012869, maxRC=99031.699869, +9 cols
    [CG]   [DIAG] iter=26 posCols=9 newCols=9 effImprove=9 updated=0
    [CG] CG iter 27: obj=2516238.012869, maxRC=69556.551706, +6 cols
    [CG]   [DIAG] iter=27 posCols=6 newCols=6 effImprove=6 updated=0
    [CG] CG iter 28: obj=2516238.012869, maxRC=45967.039495, +6 cols
    [CG]   [DIAG] iter=28 posCols=6 newCols=6 effImprove=6 updated=0
    [CG] CG iter 29: obj=2516238.012869, maxRC=39469.738998, +6 cols
    [CG]   [DIAG] iter=29 posCols=6 newCols=6 effImprove=6 updated=0
    [CG] CG iter 30: obj=2516238.012869, maxRC=51370.454752, +6 cols
    [CG]   [DIAG] iter=30 posCols=6 newCols=6 effImprove=6 updated=0
    [CG] CG iter 31: obj=2516238.012869, maxRC=28530.603779, +9 cols
    [CG]   [DIAG] iter=31 posCols=9 newCols=9 effImprove=9 updated=0
    [CG] CG iter 32: obj=2516238.012869, maxRC=33349.829330, +9 cols
    [CG]   [DIAG] iter=32 posCols=9 newCols=9 effImprove=9 updated=0
    [CG] CG iter 33: obj=2516238.012869, maxRC=22682.971599, +8 cols
    [CG]   [DIAG] iter=33 posCols=8 newCols=8 effImprove=8 updated=0
    [CG] CG iter 34: obj=2516238.012869, maxRC=9526.375543, +5 cols
    [CG]   [DIAG] iter=34 posCols=5 newCols=4 effImprove=5 updated=1
    [CG] CG iter 35: obj=2517313.895182, maxRC=3936.836873, +5 cols
    [CG]   [DIAG] iter=35 posCols=5 newCols=5 effImprove=5 updated=0
    [CG] CG iter 36: obj=2517313.895182, maxRC=9240.160051, +5 cols
    [CG]   [DIAG] iter=36 posCols=5 newCols=5 effImprove=5 updated=0
    [CG] CG iter 37: obj=2520111.436550, maxRC=2764.349102, +4 cols
    [CG]   [DIAG] iter=37 posCols=4 newCols=4 effImprove=4 updated=0
    [CG] CG iter 38: obj=2520111.436550, maxRC=2172.643176, +2 cols
    [CG]   [DIAG] iter=38 posCols=2 newCols=2 effImprove=2 updated=0
    [CG] CG iter 39: obj=2520111.436550, maxRC=221.912154, +1 cols
    [CG]   [DIAG] iter=39 posCols=1 newCols=1 effImprove=1 updated=0
    [CG] 列生成收敛，共 40 轮迭代
    [CG] [CG-NODE] depth=1 exit=CERTIFIED certified=1 feasible=1 iters=17 generatedColsBeforeNode=257 newCols=108 posCandidates=109 duplicateCandidates=1 updatedCols=1 zeroObjImproveIters=14 objFirst=2516238.012869 objLast=2520111.436550 objGain=3873.423681 maxRC=161069.670844 wallSec=0.087664 pricingSec=0.078302 cplexSolveSec=0.006841
    [CG] 列生成开始，初始列数=504
    [CG] CG iter 41: obj=2517090.346716, maxRC=68859.306297, +19 cols
    [CG]   [DIAG] iter=41 posCols=19 newCols=19 effImprove=19 updated=0
    [CG] CG iter 42: obj=2517090.346716, maxRC=56286.030469, +10 cols
    [CG]   [DIAG] iter=42 posCols=10 newCols=10 effImprove=10 updated=0
    [CG] CG iter 43: obj=2517090.346716, maxRC=35208.467885, +9 cols
    [CG]   [DIAG] iter=43 posCols=9 newCols=9 effImprove=9 updated=0
    [CG] CG iter 44: obj=2517090.346716, maxRC=28478.092828, +7 cols
    [CG]   [DIAG] iter=44 posCols=7 newCols=7 effImprove=7 updated=0
    [CG] CG iter 45: obj=2517090.346716, maxRC=12376.907718, +5 cols
    [CG]   [DIAG] iter=45 posCols=5 newCols=5 effImprove=5 updated=0
    [CG] CG iter 46: obj=2517090.346716, maxRC=7156.582012, +3 cols
    [CG]   [DIAG] iter=46 posCols=3 newCols=3 effImprove=3 updated=0
    [CG] CG iter 47: obj=2519855.733695, maxRC=11001.631228, +4 cols
    [CG]   [DIAG] iter=47 posCols=4 newCols=4 effImprove=4 updated=0
    [CG] CG iter 48: obj=2519855.733695, maxRC=4938.866594, +1 cols
    [CG]   [DIAG] iter=48 posCols=1 newCols=1 effImprove=1 updated=0
    [CG] CG iter 49: obj=2519855.733695, maxRC=1793.244456, +2 cols
    [CG]   [DIAG] iter=49 posCols=2 newCols=2 effImprove=2 updated=0
    [CG] CG iter 50: obj=2519855.733695, maxRC=145.756019, +1 cols
    [CG]   [DIAG] iter=50 posCols=1 newCols=1 effImprove=1 updated=0
    [CG] CG iter 51: obj=2519855.733695, maxRC=55.624273, +1 cols
    [CG]   [DIAG] iter=51 posCols=1 newCols=1 effImprove=1 updated=0
    [CG] 列生成收敛，共 52 轮迭代
    [CG] [CG-NODE] depth=1 exit=CERTIFIED certified=1 feasible=1 iters=12 generatedColsBeforeNode=365 newCols=62 posCandidates=62 duplicateCandidates=0 updatedCols=0 zeroObjImproveIters=10 objFirst=2517090.346716 objLast=2519855.733695 objGain=2765.386980 maxRC=68859.306297 wallSec=0.054449 pricingSec=0.048372 cplexSolveSec=0.004448
    [CG] [BB-DIAG] 分支 x_{dc=0,retailer=5}, 节点数=2
    [CG] 列生成开始，初始列数=541
    [CG] CG iter 53: obj=2517090.346716, maxRC=64786.443108, +11 cols
    [CG]   [DIAG] iter=53 posCols=11 newCols=11 effImprove=11 updated=0
    [CG] CG iter 54: obj=2517090.346716, maxRC=34315.132973, +13 cols
    [CG]   [DIAG] iter=54 posCols=13 newCols=13 effImprove=13 updated=0
    [CG] CG iter 55: obj=2517090.346716, maxRC=31236.614098, +11 cols
    [CG]   [DIAG] iter=55 posCols=11 newCols=11 effImprove=11 updated=0
    [CG] CG iter 56: obj=2517090.346716, maxRC=17921.159414, +7 cols
    [CG]   [DIAG] iter=56 posCols=7 newCols=7 effImprove=7 updated=0
    [CG] CG iter 57: obj=2517090.346716, maxRC=7695.445422, +3 cols
    [CG]   [DIAG] iter=57 posCols=3 newCols=3 effImprove=3 updated=0
    [CG] CG iter 58: obj=2517090.346716, maxRC=3784.424484, +4 cols
    [CG]   [DIAG] iter=58 posCols=4 newCols=4 effImprove=4 updated=0
    [CG] CG iter 59: obj=2517090.346716, maxRC=442.024795, +2 cols
    [CG]   [DIAG] iter=59 posCols=2 newCols=2 effImprove=2 updated=0
    [CG] CG iter 60: obj=2517090.346716, maxRC=204.505846, +1 cols
    [CG]   [DIAG] iter=60 posCols=1 newCols=1 effImprove=1 updated=0
    [CG] 列生成收敛，共 61 轮迭代
    [CG] [CG-NODE] depth=2 exit=CERTIFIED certified=1 feasible=1 iters=9 generatedColsBeforeNode=427 newCols=52 posCandidates=52 duplicateCandidates=0 updatedCols=0 zeroObjImproveIters=8 objFirst=2517090.346716 objLast=2517090.346716 objGain=0.000000 maxRC=64786.443108 wallSec=0.043663 pricingSec=0.038214 cplexSolveSec=0.003830
    [CG] 列生成开始，初始列数=544
    [CG] CG iter 62: obj=2513420.226890, maxRC=101343.142111, +13 cols
    [CG]   [DIAG] iter=62 posCols=13 newCols=13 effImprove=13 updated=0
    [CG] CG iter 63: obj=2513420.226890, maxRC=105000.390718, +9 cols
    [CG]   [DIAG] iter=63 posCols=9 newCols=9 effImprove=9 updated=0
    [CG] CG iter 64: obj=2513420.226890, maxRC=118925.386692, +6 cols
    [CG]   [DIAG] iter=64 posCols=6 newCols=6 effImprove=6 updated=0
    [CG] CG iter 65: obj=2513420.226890, maxRC=72426.662419, +7 cols
    [CG]   [DIAG] iter=65 posCols=7 newCols=7 effImprove=7 updated=0
    [CG] CG iter 66: obj=2513420.226890, maxRC=45302.180254, +6 cols
    [CG]   [DIAG] iter=66 posCols=6 newCols=6 effImprove=6 updated=0
    [CG] CG iter 67: obj=2513420.226890, maxRC=37820.352419, +6 cols
    [CG]   [DIAG] iter=67 posCols=6 newCols=6 effImprove=6 updated=0
    [CG] CG iter 68: obj=2513420.226890, maxRC=24951.587923, +7 cols
    [CG]   [DIAG] iter=68 posCols=7 newCols=7 effImprove=7 updated=0
    [CG] CG iter 69: obj=2513420.226890, maxRC=22610.361220, +4 cols
    [CG]   [DIAG] iter=69 posCols=4 newCols=4 effImprove=4 updated=0
    [CG] CG iter 70: obj=2513420.226890, maxRC=14600.753297, +5 cols
    [CG]   [DIAG] iter=70 posCols=5 newCols=5 effImprove=5 updated=0
    [CG] CG iter 71: obj=2513420.226890, maxRC=17429.390153, +5 cols
    [CG]   [DIAG] iter=71 posCols=5 newCols=5 effImprove=5 updated=0
    [CG] CG iter 72: obj=2513420.226890, maxRC=15116.832584, +4 cols
    [CG]   [DIAG] iter=72 posCols=4 newCols=4 effImprove=4 updated=0
    [CG] CG iter 73: obj=2513420.226890, maxRC=11739.557683, +4 cols
    [CG]   [DIAG] iter=73 posCols=4 newCols=4 effImprove=4 updated=0
    [CG] CG iter 74: obj=2517353.114701, maxRC=2991.640558, +4 cols
    [CG]   [DIAG] iter=74 posCols=4 newCols=4 effImprove=4 updated=0
    [CG] CG iter 75: obj=2517353.114701, maxRC=1427.439231, +4 cols
    [CG]   [DIAG] iter=75 posCols=4 newCols=4 effImprove=4 updated=0
    [CG] CG iter 76: obj=2517353.114701, maxRC=282.303860, +1 cols
    [CG]   [DIAG] iter=76 posCols=1 newCols=1 effImprove=1 updated=0
    [CG] 列生成收敛，共 77 轮迭代
    [CG] [CG-NODE] depth=2 exit=CERTIFIED certified=1 feasible=1 iters=16 generatedColsBeforeNode=479 newCols=85 posCandidates=85 duplicateCandidates=0 updatedCols=0 zeroObjImproveIters=14 objFirst=2513420.226890 objLast=2517353.114701 objGain=3932.887811 maxRC=118925.386692 wallSec=0.041392 pricingSec=0.032617 cplexSolveSec=0.006537
    [CG] [BB-INCUMBENT] selection=3 node=2 previous=2298967.978640 value=2517353.114701 active=2
    [CG] [BB-NODESEL] strategy=hybrid choice=dfs eligibleCount=1 active=2 gap=0.001096
    [CG] [BB-INCUMBENT] selection=5 node=2 previous=2517353.114701 value=2520111.436550 active=0
      [BB] 分支定界结束：处理 5 节点，剪枝 1，剩余活跃 0，整数解 3，状态=OPTIMAL，最好可行 obj=2520111.436550，gap=0.000000
