    [CG] 列生成开始，初始列数=310
    [CG] CG iter 1: obj=904255.250712, maxRC=1738918.949378, +30 cols
    [CG]   [DIAG] iter=1 posCols=30 newCols=30 effImprove=30 updated=0
    [CG] CG iter 2: obj=2011614.720077, maxRC=351541.523367, +19 cols
    [CG]   [DIAG] iter=2 posCols=19 newCols=19 effImprove=19 updated=0
    [CG] CG iter 3: obj=2097692.983756, maxRC=336255.685125, +22 cols
    [CG]   [DIAG] iter=3 posCols=22 newCols=22 effImprove=22 updated=0
    [CG] CG iter 4: obj=2135107.880879, maxRC=286783.527224, +23 cols
    [CG]   [DIAG] iter=4 posCols=23 newCols=22 effImprove=23 updated=1
    [CG] CG iter 5: obj=2221956.124566, maxRC=351882.084069, +18 cols
    [CG]   [DIAG] iter=5 posCols=18 newCols=18 effImprove=18 updated=0
    [CG] CG iter 6: obj=2238547.892743, maxRC=253575.979400, +12 cols
    [CG]   [DIAG] iter=6 posCols=12 newCols=12 effImprove=12 updated=0
    [CG] CG iter 7: obj=2242441.220119, maxRC=255890.389242, +10 cols
    [CG]   [DIAG] iter=7 posCols=10 newCols=10 effImprove=10 updated=0
    [CG] CG iter 8: obj=2262622.268479, maxRC=256724.535599, +9 cols
    [CG]   [DIAG] iter=8 posCols=9 newCols=9 effImprove=9 updated=0
    [CG] CG iter 9: obj=2286864.339693, maxRC=73555.288867, +9 cols
    [CG]   [DIAG] iter=9 posCols=9 newCols=9 effImprove=9 updated=0
    [CG] CG iter 10: obj=2286864.339693, maxRC=40358.527692, +8 cols
    [CG]   [DIAG] iter=10 posCols=8 newCols=8 effImprove=8 updated=0
    [CG] CG iter 11: obj=2308812.623356, maxRC=21359.085414, +6 cols
    [CG]   [DIAG] iter=11 posCols=6 newCols=6 effImprove=6 updated=0
    [CG] CG iter 12: obj=2308812.623356, maxRC=13432.186865, +3 cols
    [CG]   [DIAG] iter=12 posCols=3 newCols=3 effImprove=3 updated=0
    [CG] CG iter 13: obj=2322244.810221, maxRC=3575.109672, +1 cols
    [CG]   [DIAG] iter=13 posCols=1 newCols=1 effImprove=1 updated=0
    [CG] CG iter 14: obj=2322244.810221, maxRC=1091.414529, +1 cols
    [CG]   [DIAG] iter=14 posCols=1 newCols=1 effImprove=1 updated=0
    [CG] 列生成收敛，共 15 轮迭代
    [CG] [CG-NODE] depth=0 exit=CERTIFIED certified=1 feasible=1 iters=15 generatedColsBeforeNode=0 newCols=170 posCandidates=171 duplicateCandidates=1 updatedCols=1 zeroObjImproveIters=4 objFirst=904255.250712 objLast=2322244.810221 objGain=1417989.559509 maxRC=1738918.949378 wallSec=0.150789 pricingSec=0.141696 cplexSolveSec=0.005515
      [BB] 根节点即为整数解，obj=2322244.810221
