    [CG] 列生成开始，初始列数=310
    [CG] CG iter 1: obj=918235.781316, maxRC=1873317.829817, +30 cols
    [CG]   [DIAG] iter=1 posCols=30 newCols=30 effImprove=30 updated=0
    [CG] CG iter 2: obj=2193771.275157, maxRC=329449.493696, +16 cols
    [CG]   [DIAG] iter=2 posCols=16 newCols=16 effImprove=16 updated=0
    [CG] CG iter 3: obj=2267116.349531, maxRC=447871.675220, +27 cols
    [CG]   [DIAG] iter=3 posCols=27 newCols=27 effImprove=27 updated=0
    [CG] CG iter 4: obj=2316503.340940, maxRC=197762.966928, +14 cols
    [CG]   [DIAG] iter=4 posCols=14 newCols=14 effImprove=14 updated=0
    [CG] CG iter 5: obj=2371461.223431, maxRC=267407.247589, +11 cols
    [CG]   [DIAG] iter=5 posCols=11 newCols=11 effImprove=11 updated=0
    [CG] CG iter 6: obj=2371461.223431, maxRC=264803.336274, +10 cols
    [CG]   [DIAG] iter=6 posCols=10 newCols=10 effImprove=10 updated=0
    [CG] CG iter 7: obj=2416554.417817, maxRC=182568.477164, +11 cols
    [CG]   [DIAG] iter=7 posCols=11 newCols=11 effImprove=11 updated=0
    [CG] CG iter 8: obj=2416554.417817, maxRC=159630.945513, +11 cols
    [CG]   [DIAG] iter=8 posCols=11 newCols=11 effImprove=11 updated=0
    [CG] CG iter 9: obj=2416554.417817, maxRC=112472.092967, +9 cols
    [CG]   [DIAG] iter=9 posCols=9 newCols=9 effImprove=9 updated=0
    [CG] CG iter 10: obj=2416554.417817, maxRC=218130.405265, +9 cols
    [CG]   [DIAG] iter=10 posCols=9 newCols=9 effImprove=9 updated=0
    [CG] CG iter 11: obj=2425428.585441, maxRC=129832.448982, +10 cols
    [CG]   [DIAG] iter=11 posCols=10 newCols=10 effImprove=10 updated=0
    [CG] CG iter 12: obj=2437439.381577, maxRC=102886.814939, +9 cols
    [CG]   [DIAG] iter=12 posCols=9 newCols=9 effImprove=9 updated=0
    [CG] CG iter 13: obj=2440171.725653, maxRC=92616.230143, +9 cols
    [CG]   [DIAG] iter=13 posCols=9 newCols=9 effImprove=9 updated=0
    [CG] CG iter 14: obj=2452440.043252, maxRC=66587.500952, +7 cols
    [CG]   [DIAG] iter=14 posCols=7 newCols=7 effImprove=7 updated=0
    [CG] CG iter 15: obj=2456414.946272, maxRC=48896.168677, +7 cols
    [CG]   [DIAG] iter=15 posCols=7 newCols=7 effImprove=7 updated=0
    [CG] CG iter 16: obj=2464396.702607, maxRC=58947.396046, +7 cols
    [CG]   [DIAG] iter=16 posCols=7 newCols=7 effImprove=7 updated=0
    [CG] CG iter 17: obj=2467193.024859, maxRC=41203.187591, +6 cols
    [CG]   [DIAG] iter=17 posCols=6 newCols=6 effImprove=6 updated=0
    [CG] CG iter 18: obj=2472040.458694, maxRC=36463.821704, +6 cols
    [CG]   [DIAG] iter=18 posCols=6 newCols=6 effImprove=6 updated=0
    [CG] CG iter 19: obj=2473373.494795, maxRC=44072.305301, +9 cols
    [CG]   [DIAG] iter=19 posCols=9 newCols=9 effImprove=9 updated=0
    [CG] CG iter 20: obj=2477027.322853, maxRC=17865.738586, +5 cols
    [CG]   [DIAG] iter=20 posCols=5 newCols=5 effImprove=5 updated=0
    [CG] CG iter 21: obj=2483775.166023, maxRC=19785.852580, +4 cols
    [CG]   [DIAG] iter=21 posCols=4 newCols=4 effImprove=4 updated=0
    [CG] CG iter 22: obj=2487921.699277, maxRC=9059.004549, +3 cols
    [CG]   [DIAG] iter=22 posCols=3 newCols=3 effImprove=3 updated=0
    [CG] CG iter 23: obj=2492569.385977, maxRC=5429.159203, +3 cols
    [CG]   [DIAG] iter=23 posCols=3 newCols=3 effImprove=3 updated=0
    [CG] CG iter 24: obj=2492569.385977, maxRC=2912.239232, +3 cols
    [CG]   [DIAG] iter=24 posCols=3 newCols=3 effImprove=3 updated=0
    [CG] CG iter 25: obj=2492569.385977, maxRC=2436.079306, +2 cols
    [CG]   [DIAG] iter=25 posCols=2 newCols=2 effImprove=2 updated=0
    [CG] CG iter 26: obj=2492617.797604, maxRC=2140.528246, +2 cols
    [CG]   [DIAG] iter=26 posCols=2 newCols=1 effImprove=2 updated=1
    [CG] CG iter 27: obj=2492617.797604, maxRC=634.247112, +1 cols
    [CG]   [DIAG] iter=27 posCols=1 newCols=1 effImprove=1 updated=0
    [CG] CG iter 28: obj=2492617.797604, maxRC=523.324516, +1 cols
    [CG]   [DIAG] iter=28 posCols=1 newCols=1 effImprove=1 updated=0
    [CG] CG iter 29: obj=2492617.797604, maxRC=383.288712, +1 cols
    [CG]   [DIAG] iter=29 posCols=1 newCols=1 effImprove=1 updated=0
    [CG] CG iter 30: obj=2492617.797604, maxRC=236.397129, +1 cols
    [CG]   [DIAG] iter=30 posCols=1 newCols=1 effImprove=1 updated=0
    [CG] 列生成收敛，共 31 轮迭代
    [CG] [CG-NODE] depth=0 exit=CERTIFIED certified=1 feasible=1 iters=31 generatedColsBeforeNode=0 newCols=243 posCandidates=244 duplicateCandidates=1 updatedCols=1 zeroObjImproveIters=11 objFirst=918235.781316 objLast=2492617.797604 objGain=1574382.016288 maxRC=1873317.829817 wallSec=0.247694 pricingSec=0.231685 cplexSolveSec=0.010840
      [BB] 分支定界开始，根节点LP obj=2492617.797604，最大节点数=10000
      [BB] 根节点启发式下界 LB=2259220.706353（上界=2492617.797604）
    [CG] [BB-DIAG] 分支 x_{dc=0,retailer=5}, 节点数=1
    [CG] 列生成开始，初始列数=503
    [CG] CG iter 32: obj=2492569.385977, maxRC=91272.036585, +12 cols
    [CG]   [DIAG] iter=32 posCols=12 newCols=11 effImprove=12 updated=1
    [CG] CG iter 33: obj=2492569.385977, maxRC=53730.204544, +7 cols
    [CG]   [DIAG] iter=33 posCols=7 newCols=7 effImprove=7 updated=0
    [CG] CG iter 34: obj=2492569.385977, maxRC=29259.181473, +6 cols
    [CG]   [DIAG] iter=34 posCols=6 newCols=6 effImprove=6 updated=0
    [CG] CG iter 35: obj=2492569.385977, maxRC=9682.910228, +3 cols
    [CG]   [DIAG] iter=35 posCols=3 newCols=3 effImprove=3 updated=0
    [CG] CG iter 36: obj=2492569.385977, maxRC=6506.072137, +2 cols
    [CG]   [DIAG] iter=36 posCols=2 newCols=2 effImprove=2 updated=0
    [CG] CG iter 37: obj=2492569.385977, maxRC=6161.712003, +1 cols
    [CG]   [DIAG] iter=37 posCols=1 newCols=1 effImprove=1 updated=0
    [CG] CG iter 38: obj=2492569.385977, maxRC=5911.155299, +1 cols
    [CG]   [DIAG] iter=38 posCols=1 newCols=1 effImprove=1 updated=0
    [CG] CG iter 39: obj=2492569.385977, maxRC=6441.214805, +1 cols
    [CG]   [DIAG] iter=39 posCols=1 newCols=1 effImprove=1 updated=0
    [CG] CG iter 40: obj=2492569.385977, maxRC=7763.628335, +1 cols
    [CG]   [DIAG] iter=40 posCols=1 newCols=1 effImprove=1 updated=0
    [CG] CG iter 41: obj=2492569.385977, maxRC=5810.006707, +1 cols
    [CG]   [DIAG] iter=41 posCols=1 newCols=0 effImprove=1 updated=1
    [CG] CG iter 42: obj=2492569.385977, maxRC=3392.630252, +2 cols
    [CG]   [DIAG] iter=42 posCols=2 newCols=2 effImprove=2 updated=0
    [CG] CG iter 43: obj=2492569.385977, maxRC=964.605839, +1 cols
    [CG]   [DIAG] iter=43 posCols=1 newCols=1 effImprove=1 updated=0
    [CG] CG iter 44: obj=2492569.385977, maxRC=1877.420855, +1 cols
    [CG]   [DIAG] iter=44 posCols=1 newCols=0 effImprove=1 updated=1
    [CG] CG iter 45: obj=2492569.385977, maxRC=599.369017, +1 cols
    [CG]   [DIAG] iter=45 posCols=1 newCols=1 effImprove=1 updated=0
    [CG] CG iter 46: obj=2492569.385977, maxRC=372.451580, +1 cols
    [CG]   [DIAG] iter=46 posCols=1 newCols=0 effImprove=1 updated=1
    [CG] CG iter 47: obj=2492569.385977, maxRC=213.737612, +1 cols
    [CG]   [DIAG] iter=47 posCols=1 newCols=1 effImprove=1 updated=0
    [CG] CG iter 48: obj=2492569.385977, maxRC=197.770804, +1 cols
    [CG]   [DIAG] iter=48 posCols=1 newCols=1 effImprove=1 updated=0
    [CG] CG iter 49: obj=2492569.385977, maxRC=111.723019, +1 cols
    [CG]   [DIAG] iter=49 posCols=1 newCols=1 effImprove=1 updated=0
    [CG] 列生成收敛，共 50 轮迭代
    [CG] [CG-NODE] depth=1 exit=CERTIFIED certified=1 feasible=1 iters=19 generatedColsBeforeNode=243 newCols=40 posCandidates=44 duplicateCandidates=4 updatedCols=4 zeroObjImproveIters=18 objFirst=2492569.385977 objLast=2492569.385977 objGain=0.000000 maxRC=91272.036585 wallSec=0.123308 pricingSec=0.115472 cplexSolveSec=0.005595
    [CG] 列生成开始，初始列数=502
    [CG] CG iter 51: obj=2445311.956839, maxRC=90934.254439, +12 cols
    [CG]   [DIAG] iter=51 posCols=12 newCols=12 effImprove=12 updated=0
    [CG] CG iter 52: obj=2459979.893954, maxRC=49608.888603, +9 cols
    [CG]   [DIAG] iter=52 posCols=9 newCols=9 effImprove=9 updated=0
    [CG] CG iter 53: obj=2459979.893954, maxRC=36382.496471, +7 cols
    [CG]   [DIAG] iter=53 posCols=7 newCols=7 effImprove=7 updated=0
    [CG] CG iter 54: obj=2459979.893954, maxRC=33750.303819, +6 cols
    [CG]   [DIAG] iter=54 posCols=6 newCols=6 effImprove=6 updated=0
    [CG] CG iter 55: obj=2459979.893954, maxRC=26576.681681, +6 cols
    [CG]   [DIAG] iter=55 posCols=6 newCols=6 effImprove=6 updated=0
    [CG] CG iter 56: obj=2459979.893954, maxRC=33052.021759, +6 cols
    [CG]   [DIAG] iter=56 posCols=6 newCols=6 effImprove=6 updated=0
    [CG] CG iter 57: obj=2462974.375639, maxRC=22548.423770, +6 cols
    [CG]   [DIAG] iter=57 posCols=6 newCols=6 effImprove=6 updated=0
    [CG] CG iter 58: obj=2464964.103988, maxRC=20212.429789, +6 cols
    [CG]   [DIAG] iter=58 posCols=6 newCols=6 effImprove=6 updated=0
    [CG] CG iter 59: obj=2465671.659069, maxRC=17658.795961, +5 cols
    [CG]   [DIAG] iter=59 posCols=5 newCols=5 effImprove=5 updated=0
    [CG] CG iter 60: obj=2465992.181167, maxRC=19926.886153, +5 cols
    [CG]   [DIAG] iter=60 posCols=5 newCols=5 effImprove=5 updated=0
    [CG] CG iter 61: obj=2469313.328860, maxRC=13511.372117, +4 cols
    [CG]   [DIAG] iter=61 posCols=4 newCols=4 effImprove=4 updated=0
    [CG] CG iter 62: obj=2473393.332944, maxRC=13792.965816, +4 cols
    [CG]   [DIAG] iter=62 posCols=4 newCols=4 effImprove=4 updated=0
    [CG] CG iter 63: obj=2480289.815852, maxRC=5018.344872, +4 cols
    [CG]   [DIAG] iter=63 posCols=4 newCols=4 effImprove=4 updated=0
    [CG] CG iter 64: obj=2482789.045536, maxRC=3903.261755, +4 cols
    [CG]   [DIAG] iter=64 posCols=4 newCols=4 effImprove=4 updated=0
    [CG] CG iter 65: obj=2482789.045536, maxRC=762.877464, +4 cols
    [CG]   [DIAG] iter=65 posCols=4 newCols=4 effImprove=4 updated=0
    [CG] CG iter 66: obj=2482789.045536, maxRC=480.687169, +2 cols
    [CG]   [DIAG] iter=66 posCols=2 newCols=2 effImprove=2 updated=0
    [CG] CG iter 67: obj=2482789.045536, maxRC=246.420987, +1 cols
    [CG]   [DIAG] iter=67 posCols=1 newCols=1 effImprove=1 updated=0
    [CG] 列生成收敛，共 68 轮迭代
    [CG] [CG-NODE] depth=1 exit=CERTIFIED certified=1 feasible=1 iters=18 generatedColsBeforeNode=283 newCols=91 posCandidates=91 duplicateCandidates=0 updatedCols=0 zeroObjImproveIters=8 objFirst=2445311.956839 objLast=2482789.045536 objGain=37477.088697 maxRC=90934.254439 wallSec=0.053932 pricingSec=0.043652 cplexSolveSec=0.007729
    [CG] [BB-INCUMBENT] selection=2 node=1 previous=2259220.706353 value=2482789.045536 active=1
    [CG] [BB-NODESEL] strategy=hybrid choice=dfs eligibleCount=1 active=1 gap=0.003939
    [CG] [BB-INCUMBENT] selection=3 node=1 previous=2482789.045536 value=2492569.385977 active=0
      [BB] 分支定界结束：处理 3 节点，剪枝 0，剩余活跃 0，整数解 3，状态=OPTIMAL，最好可行 obj=2492569.385977，gap=0.000000
