    [CG] 列生成开始，初始列数=310
    [CG] CG iter 1: obj=928664.674199, maxRC=1325689.471829, +30 cols
    [CG]   [DIAG] iter=1 posCols=30 newCols=30 effImprove=30 updated=0
    [CG] CG iter 2: obj=1700188.416109, maxRC=322545.369982, +24 cols
    [CG]   [DIAG] iter=2 posCols=24 newCols=24 effImprove=24 updated=0
    [CG] CG iter 3: obj=1874310.044758, maxRC=444125.107776, +29 cols
    [CG]   [DIAG] iter=3 posCols=29 newCols=29 effImprove=29 updated=0
    [CG] CG iter 4: obj=1948379.564945, maxRC=367506.430152, +25 cols
    [CG]   [DIAG] iter=4 posCols=25 newCols=25 effImprove=25 updated=0
    [CG] CG iter 5: obj=2032821.215816, maxRC=200635.799604, +22 cols
    [CG]   [DIAG] iter=5 posCols=22 newCols=22 effImprove=22 updated=0
    [CG] CG iter 6: obj=2077207.914610, maxRC=213570.909355, +24 cols
    [CG]   [DIAG] iter=6 posCols=24 newCols=24 effImprove=24 updated=0
    [CG] CG iter 7: obj=2099529.611762, maxRC=125954.942699, +24 cols
    [CG]   [DIAG] iter=7 posCols=24 newCols=24 effImprove=24 updated=0
    [CG] CG iter 8: obj=2149328.459866, maxRC=55806.219816, +24 cols
    [CG]   [DIAG] iter=8 posCols=24 newCols=24 effImprove=24 updated=0
    [CG] CG iter 9: obj=2179198.328367, maxRC=83568.408534, +21 cols
    [CG]   [DIAG] iter=9 posCols=21 newCols=21 effImprove=21 updated=0
    [CG] CG iter 10: obj=2201490.820673, maxRC=49943.520482, +18 cols
    [CG]   [DIAG] iter=10 posCols=18 newCols=18 effImprove=18 updated=0
    [CG] CG iter 11: obj=2220391.258772, maxRC=33689.373282, +15 cols
    [CG]   [DIAG] iter=11 posCols=15 newCols=15 effImprove=15 updated=0
    [CG] CG iter 12: obj=2255634.180441, maxRC=35771.466506, +24 cols
    [CG]   [DIAG] iter=12 posCols=24 newCols=24 effImprove=24 updated=0
    [CG] CG iter 13: obj=2255634.180441, maxRC=12909.599842, +14 cols
    [CG]   [DIAG] iter=13 posCols=14 newCols=14 effImprove=14 updated=0
    [CG] CG iter 14: obj=2255634.180441, maxRC=2965.844078, +4 cols
    [CG]   [DIAG] iter=14 posCols=4 newCols=4 effImprove=4 updated=0
    [CG] CG iter 15: obj=2255634.180441, maxRC=584.248700, +1 cols
    [CG]   [DIAG] iter=15 posCols=1 newCols=1 effImprove=1 updated=0
    [CG] CG iter 16: obj=2255634.180441, maxRC=440.651220, +1 cols
    [CG]   [DIAG] iter=16 posCols=1 newCols=1 effImprove=1 updated=0
    [CG] 列生成收敛，共 17 轮迭代
    [CG] [CG-NODE] depth=0 exit=CERTIFIED certified=1 feasible=1 iters=17 generatedColsBeforeNode=0 newCols=300 posCandidates=300 duplicateCandidates=0 updatedCols=0 zeroObjImproveIters=5 objFirst=928664.674199 objLast=2255634.180441 objGain=1326969.506242 maxRC=1325689.471829 wallSec=0.184880 pricingSec=0.172910 cplexSolveSec=0.007740
      [BB] 根节点即为整数解，obj=2255634.180441
