    [CG] 列生成开始，初始列数=310
    [CG] CG iter 1: obj=910937.768842, maxRC=1867050.691649, +30 cols
    [CG]   [DIAG] iter=1 posCols=30 newCols=30 effImprove=30 updated=0
    [CG] CG iter 2: obj=2195179.794148, maxRC=311063.573225, +18 cols
    [CG]   [DIAG] iter=2 posCols=18 newCols=18 effImprove=18 updated=0
    [CG] CG iter 3: obj=2318924.549748, maxRC=532905.997570, +24 cols
    [CG]   [DIAG] iter=3 posCols=24 newCols=24 effImprove=24 updated=0
    [CG] CG iter 4: obj=2370771.101417, maxRC=321480.785608, +17 cols
    [CG]   [DIAG] iter=4 posCols=17 newCols=17 effImprove=17 updated=0
    [CG] CG iter 5: obj=2385992.956557, maxRC=312848.640578, +18 cols
    [CG]   [DIAG] iter=5 posCols=18 newCols=18 effImprove=18 updated=0
    [CG] CG iter 6: obj=2392026.838530, maxRC=185906.102727, +18 cols
    [CG]   [DIAG] iter=6 posCols=18 newCols=18 effImprove=18 updated=0
    [CG] CG iter 7: obj=2437222.616921, maxRC=83495.548573, +15 cols
    [CG]   [DIAG] iter=7 posCols=15 newCols=13 effImprove=15 updated=2
    [CG] CG iter 8: obj=2437222.616921, maxRC=155004.193945, +14 cols
    [CG]   [DIAG] iter=8 posCols=14 newCols=14 effImprove=14 updated=0
    [CG] CG iter 9: obj=2441889.939269, maxRC=122545.045460, +14 cols
    [CG]   [DIAG] iter=9 posCols=14 newCols=14 effImprove=14 updated=0
    [CG] CG iter 10: obj=2447838.019890, maxRC=61364.248224, +13 cols
    [CG]   [DIAG] iter=10 posCols=13 newCols=12 effImprove=13 updated=1
    [CG] CG iter 11: obj=2449153.738993, maxRC=50646.245020, +7 cols
    [CG]   [DIAG] iter=11 posCols=7 newCols=7 effImprove=7 updated=0
    [CG] CG iter 12: obj=2464292.605544, maxRC=33820.393870, +11 cols
    [CG]   [DIAG] iter=12 posCols=11 newCols=11 effImprove=11 updated=0
    [CG] CG iter 13: obj=2464292.605544, maxRC=39224.042522, +6 cols
    [CG]   [DIAG] iter=13 posCols=6 newCols=6 effImprove=6 updated=0
    [CG] CG iter 14: obj=2465900.742659, maxRC=29225.840481, +8 cols
    [CG]   [DIAG] iter=14 posCols=8 newCols=8 effImprove=8 updated=0
    [CG] CG iter 15: obj=2469763.182547, maxRC=17736.863256, +5 cols
    [CG]   [DIAG] iter=15 posCols=5 newCols=5 effImprove=5 updated=0
    [CG] CG iter 16: obj=2472187.956219, maxRC=12238.498764, +3 cols
    [CG]   [DIAG] iter=16 posCols=3 newCols=3 effImprove=3 updated=0
    [CG] CG iter 17: obj=2473417.800167, maxRC=19800.478605, +5 cols
    [CG]   [DIAG] iter=17 posCols=5 newCols=5 effImprove=5 updated=0
    [CG] CG iter 18: obj=2476086.052580, maxRC=5323.919976, +2 cols
    [CG]   [DIAG] iter=18 posCols=2 newCols=2 effImprove=2 updated=0
    [CG] CG iter 19: obj=2478280.342785, maxRC=4180.996497, +3 cols
    [CG]   [DIAG] iter=19 posCols=3 newCols=3 effImprove=3 updated=0
    [CG] CG iter 20: obj=2480370.841033, maxRC=1972.751125, +3 cols
    [CG]   [DIAG] iter=20 posCols=3 newCols=3 effImprove=3 updated=0
    [CG] CG iter 21: obj=2480370.841033, maxRC=658.838069, +2 cols
    [CG]   [DIAG] iter=21 posCols=2 newCols=2 effImprove=2 updated=0
    [CG] CG iter 22: obj=2480370.841033, maxRC=465.660978, +1 cols
    [CG]   [DIAG] iter=22 posCols=1 newCols=1 effImprove=1 updated=0
    [CG] CG iter 23: obj=2480370.841033, maxRC=233.438687, +1 cols
    [CG]   [DIAG] iter=23 posCols=1 newCols=1 effImprove=1 updated=0
    [CG] CG iter 24: obj=2480370.841033, maxRC=179.943523, +1 cols
    [CG]   [DIAG] iter=24 posCols=1 newCols=1 effImprove=1 updated=0
    [CG] 列生成收敛，共 25 轮迭代
    [CG] [CG-NODE] depth=0 exit=CERTIFIED certified=1 feasible=1 iters=25 generatedColsBeforeNode=0 newCols=236 posCandidates=239 duplicateCandidates=3 updatedCols=3 zeroObjImproveIters=7 objFirst=910937.768842 objLast=2480370.841033 objGain=1569433.072191 maxRC=1867050.691649 wallSec=0.229388 pricingSec=0.214332 cplexSolveSec=0.009743
      [BB] 分支定界开始，根节点LP obj=2480370.841033，最大节点数=10000
      [BB] 根节点启发式下界 LB=2254169.318760（上界=2480370.841033）
    [CG] [BB-DIAG] 分支 x_{dc=0,retailer=3}, 节点数=1
    [CG] 列生成开始，初始列数=514
    [CG] CG iter 26: obj=2472686.498765, maxRC=195179.297153, +21 cols
    [CG]   [DIAG] iter=26 posCols=21 newCols=21 effImprove=21 updated=0
    [CG] CG iter 27: obj=2472686.498765, maxRC=109399.657800, +17 cols
    [CG]   [DIAG] iter=27 posCols=17 newCols=17 effImprove=17 updated=0
    [CG] CG iter 28: obj=2472686.498765, maxRC=51998.868753, +10 cols
    [CG]   [DIAG] iter=28 posCols=10 newCols=10 effImprove=10 updated=0
    [CG] CG iter 29: obj=2472686.498765, maxRC=33373.225874, +10 cols
    [CG]   [DIAG] iter=29 posCols=10 newCols=10 effImprove=10 updated=0
    [CG] CG iter 30: obj=2472686.498765, maxRC=20922.563692, +8 cols
    [CG]   [DIAG] iter=30 posCols=8 newCols=8 effImprove=8 updated=0
    [CG] CG iter 31: obj=2472686.498765, maxRC=20430.137791, +5 cols
    [CG]   [DIAG] iter=31 posCols=5 newCols=5 effImprove=5 updated=0
    [CG] CG iter 32: obj=2472686.498765, maxRC=16198.796933, +5 cols
    [CG]   [DIAG] iter=32 posCols=5 newCols=5 effImprove=5 updated=0
    [CG] CG iter 33: obj=2474872.543432, maxRC=4986.057246, +6 cols
    [CG]   [DIAG] iter=33 posCols=6 newCols=6 effImprove=6 updated=0
    [CG] CG iter 34: obj=2477365.572055, maxRC=237.776010, +2 cols
    [CG]   [DIAG] iter=34 posCols=2 newCols=2 effImprove=2 updated=0
    [CG] 列生成收敛，共 35 轮迭代
    [CG] [CG-NODE] depth=1 exit=CERTIFIED certified=1 feasible=1 iters=10 generatedColsBeforeNode=236 newCols=84 posCandidates=84 duplicateCandidates=0 updatedCols=0 zeroObjImproveIters=7 objFirst=2472686.498765 objLast=2477365.572055 objGain=4679.073290 maxRC=195179.297153 wallSec=0.079300 pricingSec=0.071474 cplexSolveSec=0.005581
    [CG] 列生成开始，初始列数=494
    [CG] CG iter 36: obj=2469268.775537, maxRC=81950.240520, +19 cols
    [CG]   [DIAG] iter=36 posCols=19 newCols=19 effImprove=19 updated=0
    [CG] CG iter 37: obj=2469528.250363, maxRC=25631.703397, +6 cols
    [CG]   [DIAG] iter=37 posCols=6 newCols=6 effImprove=6 updated=0
    [CG] CG iter 38: obj=2478440.103354, maxRC=23290.574312, +7 cols
    [CG]   [DIAG] iter=38 posCols=7 newCols=7 effImprove=7 updated=0
    [CG] CG iter 39: obj=2478440.103354, maxRC=977.332348, +4 cols
    [CG]   [DIAG] iter=39 posCols=4 newCols=4 effImprove=4 updated=0
    [CG] CG iter 40: obj=2478440.103354, maxRC=887.105904, +1 cols
    [CG]   [DIAG] iter=40 posCols=1 newCols=1 effImprove=1 updated=0
    [CG] CG iter 41: obj=2478440.103354, maxRC=854.790180, +1 cols
    [CG]   [DIAG] iter=41 posCols=1 newCols=1 effImprove=1 updated=0
    [CG] 列生成收敛，共 42 轮迭代
    [CG] [CG-NODE] depth=1 exit=CERTIFIED certified=1 feasible=1 iters=7 generatedColsBeforeNode=320 newCols=38 posCandidates=38 duplicateCandidates=0 updatedCols=0 zeroObjImproveIters=3 objFirst=2469268.775537 objLast=2479294.893534 objGain=10026.117996 maxRC=81950.240520 wallSec=0.033336 pricingSec=0.028731 cplexSolveSec=0.003235
    [CG] [BB-INCUMBENT] selection=2 node=1 previous=2254169.318760 value=2479294.893534 active=1
    [CG] [BB-NODESEL] strategy=hybrid choice=dfs eligibleCount=1 active=1 gap=0.000000
      [BB] 分支定界结束：处理 3 节点，剪枝 1，剩余活跃 0，整数解 2，状态=OPTIMAL，最好可行 obj=2479294.893534，gap=0.000000
