    [CG] 列生成开始，初始列数=310
    [CG] CG iter 1: obj=917544.496447, maxRC=1903626.508397, +30 cols
    [CG]   [DIAG] iter=1 posCols=30 newCols=30 effImprove=30 updated=0
    [CG] CG iter 2: obj=2230939.318071, maxRC=369102.094400, +16 cols
    [CG]   [DIAG] iter=2 posCols=16 newCols=16 effImprove=16 updated=0
    [CG] CG iter 3: obj=2307651.576079, maxRC=240701.533696, +20 cols
    [CG]   [DIAG] iter=3 posCols=20 newCols=20 effImprove=20 updated=0
    [CG] CG iter 4: obj=2373151.429021, maxRC=190958.213598, +20 cols
    [CG]   [DIAG] iter=4 posCols=20 newCols=20 effImprove=20 updated=0
    [CG] CG iter 5: obj=2390665.504952, maxRC=249464.325783, +20 cols
    [CG]   [DIAG] iter=5 posCols=20 newCols=20 effImprove=20 updated=0
    [CG] CG iter 6: obj=2422398.326269, maxRC=308909.004925, +19 cols
    [CG]   [DIAG] iter=6 posCols=19 newCols=19 effImprove=19 updated=0
    [CG] CG iter 7: obj=2451682.436293, maxRC=257418.156066, +15 cols
    [CG]   [DIAG] iter=7 posCols=15 newCols=15 effImprove=15 updated=0
    [CG] CG iter 8: obj=2461097.838136, maxRC=95551.134150, +15 cols
    [CG]   [DIAG] iter=8 posCols=15 newCols=13 effImprove=15 updated=2
    [CG] CG iter 9: obj=2496939.304863, maxRC=57879.765307, +15 cols
    [CG]   [DIAG] iter=9 posCols=15 newCols=15 effImprove=15 updated=0
    [CG] CG iter 10: obj=2496939.304863, maxRC=175031.422386, +10 cols
    [CG]   [DIAG] iter=10 posCols=10 newCols=10 effImprove=10 updated=0
    [CG] CG iter 11: obj=2496939.304863, maxRC=98051.795869, +10 cols
    [CG]   [DIAG] iter=11 posCols=10 newCols=9 effImprove=10 updated=1
    [CG] CG iter 12: obj=2496939.304863, maxRC=27747.846224, +9 cols
    [CG]   [DIAG] iter=12 posCols=9 newCols=9 effImprove=9 updated=0
    [CG] CG iter 13: obj=2496939.304863, maxRC=29631.488524, +9 cols
    [CG]   [DIAG] iter=13 posCols=9 newCols=9 effImprove=9 updated=0
    [CG] CG iter 14: obj=2496939.304863, maxRC=18567.544814, +10 cols
    [CG]   [DIAG] iter=14 posCols=10 newCols=9 effImprove=10 updated=1
    [CG] CG iter 15: obj=2496939.304863, maxRC=16243.054829, +9 cols
    [CG]   [DIAG] iter=15 posCols=9 newCols=9 effImprove=9 updated=0
    [CG] CG iter 16: obj=2509570.531903, maxRC=16104.893671, +7 cols
    [CG]   [DIAG] iter=16 posCols=7 newCols=6 effImprove=7 updated=1
    [CG] CG iter 17: obj=2509570.531903, maxRC=9203.472229, +4 cols
    [CG]   [DIAG] iter=17 posCols=4 newCols=3 effImprove=4 updated=1
    [CG] CG iter 18: obj=2509570.531903, maxRC=8958.818612, +3 cols
    [CG]   [DIAG] iter=18 posCols=3 newCols=3 effImprove=3 updated=0
    [CG] CG iter 19: obj=2509570.531903, maxRC=5895.018965, +2 cols
    [CG]   [DIAG] iter=19 posCols=2 newCols=2 effImprove=2 updated=0
    [CG] CG iter 20: obj=2509570.531903, maxRC=3840.260998, +1 cols
    [CG]   [DIAG] iter=20 posCols=1 newCols=1 effImprove=1 updated=0
    [CG] CG iter 21: obj=2509570.531903, maxRC=372.803685, +1 cols
    [CG]   [DIAG] iter=21 posCols=1 newCols=1 effImprove=1 updated=0
    [CG] CG iter 22: obj=2509570.531903, maxRC=94.852304, +1 cols
    [CG]   [DIAG] iter=22 posCols=1 newCols=1 effImprove=1 updated=0
    [CG] 列生成收敛，共 23 轮迭代
    [CG] [CG-NODE] depth=0 exit=CERTIFIED certified=1 feasible=1 iters=23 generatedColsBeforeNode=0 newCols=240 posCandidates=246 duplicateCandidates=6 updatedCols=6 zeroObjImproveIters=13 objFirst=917544.496447 objLast=2509570.531903 objGain=1592026.035456 maxRC=1903626.508397 wallSec=0.206303 pricingSec=0.192554 cplexSolveSec=0.008594
      [BB] 根节点即为整数解，obj=2509570.531903
