    [CG] 列生成开始，初始列数=310
    [CG] CG iter 1: obj=890783.704811, maxRC=1886720.809004, +30 cols
    [CG]   [DIAG] iter=1 posCols=30 newCols=30 effImprove=30 updated=0
    [CG] CG iter 2: obj=2186115.859492, maxRC=327639.839838, +11 cols
    [CG]   [DIAG] iter=2 posCols=11 newCols=11 effImprove=11 updated=0
    [CG] CG iter 3: obj=2250389.373240, maxRC=423587.047059, +24 cols
    [CG]   [DIAG] iter=3 posCols=24 newCols=24 effImprove=24 updated=0
    [CG] CG iter 4: obj=2336633.201532, maxRC=476436.365379, +15 cols
    [CG]   [DIAG] iter=4 posCols=15 newCols=15 effImprove=15 updated=0
    [CG] CG iter 5: obj=2336633.201532, maxRC=465802.551571, +13 cols
    [CG]   [DIAG] iter=5 posCols=13 newCols=13 effImprove=13 updated=0
    [CG] CG iter 6: obj=2360416.463211, maxRC=512187.419642, +16 cols
    [CG]   [DIAG] iter=6 posCols=16 newCols=16 effImprove=16 updated=0
    [CG] CG iter 7: obj=2360416.463211, maxRC=460555.542017, +10 cols
    [CG]   [DIAG] iter=7 posCols=10 newCols=10 effImprove=10 updated=0
    [CG] CG iter 8: obj=2360416.463211, maxRC=403584.579046, +7 cols
    [CG]   [DIAG] iter=8 posCols=7 newCols=7 effImprove=7 updated=0
    [CG] CG iter 9: obj=2360416.463211, maxRC=322544.455071, +9 cols
    [CG]   [DIAG] iter=9 posCols=9 newCols=9 effImprove=9 updated=0
    [CG] CG iter 10: obj=2370938.000406, maxRC=329759.726325, +10 cols
    [CG]   [DIAG] iter=10 posCols=10 newCols=10 effImprove=10 updated=0
    [CG] CG iter 11: obj=2389423.148617, maxRC=241203.704998, +9 cols
    [CG]   [DIAG] iter=11 posCols=9 newCols=9 effImprove=9 updated=0
    [CG] CG iter 12: obj=2395800.358808, maxRC=95451.833847, +8 cols
    [CG]   [DIAG] iter=12 posCols=8 newCols=8 effImprove=8 updated=0
    [CG] CG iter 13: obj=2406101.913771, maxRC=126038.489277, +7 cols
    [CG]   [DIAG] iter=13 posCols=7 newCols=7 effImprove=7 updated=0
    [CG] CG iter 14: obj=2411908.779891, maxRC=129772.664368, +9 cols
    [CG]   [DIAG] iter=14 posCols=9 newCols=8 effImprove=9 updated=1
    [CG] CG iter 15: obj=2414916.611996, maxRC=81486.879134, +7 cols
    [CG]   [DIAG] iter=15 posCols=7 newCols=7 effImprove=7 updated=0
    [CG] CG iter 16: obj=2418999.381831, maxRC=76847.703948, +6 cols
    [CG]   [DIAG] iter=16 posCols=6 newCols=6 effImprove=6 updated=0
    [CG] CG iter 17: obj=2421448.054284, maxRC=54799.475883, +8 cols
    [CG]   [DIAG] iter=17 posCols=8 newCols=8 effImprove=8 updated=0
    [CG] CG iter 18: obj=2426193.625621, maxRC=59275.987902, +6 cols
    [CG]   [DIAG] iter=18 posCols=6 newCols=6 effImprove=6 updated=0
    [CG] CG iter 19: obj=2428134.469623, maxRC=49089.726896, +6 cols
    [CG]   [DIAG] iter=19 posCols=6 newCols=6 effImprove=6 updated=0
    [CG] CG iter 20: obj=2430460.251389, maxRC=34034.224632, +6 cols
    [CG]   [DIAG] iter=20 posCols=6 newCols=6 effImprove=6 updated=0
    [CG] CG iter 21: obj=2436847.124864, maxRC=48500.232128, +6 cols
    [CG]   [DIAG] iter=21 posCols=6 newCols=6 effImprove=6 updated=0
    [CG] CG iter 22: obj=2438416.944714, maxRC=22759.725250, +6 cols
    [CG]   [DIAG] iter=22 posCols=6 newCols=6 effImprove=6 updated=0
    [CG] CG iter 23: obj=2446205.163319, maxRC=42097.492579, +6 cols
    [CG]   [DIAG] iter=23 posCols=6 newCols=6 effImprove=6 updated=0
    [CG] CG iter 24: obj=2446205.163319, maxRC=17295.757197, +6 cols
    [CG]   [DIAG] iter=24 posCols=6 newCols=6 effImprove=6 updated=0
    [CG] CG iter 25: obj=2454853.041917, maxRC=30973.708003, +6 cols
    [CG]   [DIAG] iter=25 posCols=6 newCols=6 effImprove=6 updated=0
    [CG] CG iter 26: obj=2454853.041917, maxRC=18300.893771, +5 cols
    [CG]   [DIAG] iter=26 posCols=5 newCols=5 effImprove=5 updated=0
    [CG] CG iter 27: obj=2454853.041917, maxRC=14006.165996, +5 cols
    [CG]   [DIAG] iter=27 posCols=5 newCols=5 effImprove=5 updated=0
    [CG] CG iter 28: obj=2454853.041917, maxRC=9680.318532, +3 cols
    [CG]   [DIAG] iter=28 posCols=3 newCols=3 effImprove=3 updated=0
    [CG] CG iter 29: obj=2455389.396028, maxRC=9491.142274, +4 cols
    [CG]   [DIAG] iter=29 posCols=4 newCols=4 effImprove=4 updated=0
    [CG] CG iter 30: obj=2455389.396028, maxRC=2386.544305, +2 cols
    [CG]   [DIAG] iter=30 posCols=2 newCols=2 effImprove=2 updated=0
    [CG] CG iter 31: obj=2455389.396028, maxRC=1206.280700, +2 cols
    [CG]   [DIAG] iter=31 posCols=2 newCols=2 effImprove=2 updated=0
    [CG] CG iter 32: obj=2455389.396028, maxRC=1156.203934, +2 cols
    [CG]   [DIAG] iter=32 posCols=2 newCols=2 effImprove=2 updated=0
    [CG] CG iter 33: obj=2455967.497996, maxRC=466.522603, +2 cols
    [CG]   [DIAG] iter=33 posCols=2 newCols=2 effImprove=2 updated=0
    [CG] CG iter 34: obj=2455967.497996, maxRC=264.574188, +1 cols
    [CG]   [DIAG] iter=34 posCols=1 newCols=1 effImprove=1 updated=0
    [CG] CG iter 35: obj=2455967.497996, maxRC=151.678275, +1 cols
    [CG]   [DIAG] iter=35 posCols=1 newCols=1 effImprove=1 updated=0
    [CG] CG iter 36: obj=2455967.497996, maxRC=100.619693, +1 cols
    [CG]   [DIAG] iter=36 posCols=1 newCols=1 effImprove=1 updated=0
    [CG] 列生成收敛，共 37 轮迭代
    [CG] [CG-NODE] depth=0 exit=CERTIFIED certified=1 feasible=1 iters=37 generatedColsBeforeNode=0 newCols=274 posCandidates=275 duplicateCandidates=1 updatedCols=1 zeroObjImproveIters=15 objFirst=890783.704811 objLast=2455967.497996 objGain=1565183.793185 maxRC=1886720.809004 wallSec=0.264978 pricingSec=0.248523 cplexSolveSec=0.012122
      [BB] 分支定界开始，根节点LP obj=2455967.497996，最大节点数=10000
      [BB] 根节点启发式下界 LB=2231265.854199（上界=2455967.497996）
    [CG] [BB-DIAG] 分支 x_{dc=0,retailer=5}, 节点数=1
    [CG] 列生成开始，初始列数=521
    [CG] CG iter 38: obj=2424297.488514, maxRC=119344.694013, +16 cols
    [CG]   [DIAG] iter=38 posCols=16 newCols=16 effImprove=16 updated=0
    [CG] CG iter 39: obj=2429961.353648, maxRC=32415.036552, +10 cols
    [CG]   [DIAG] iter=39 posCols=10 newCols=10 effImprove=10 updated=0
    [CG] CG iter 40: obj=2438065.112786, maxRC=17233.036200, +7 cols
    [CG]   [DIAG] iter=40 posCols=7 newCols=7 effImprove=7 updated=0
    [CG] CG iter 41: obj=2449029.977353, maxRC=4444.851900, +5 cols
    [CG]   [DIAG] iter=41 posCols=5 newCols=5 effImprove=5 updated=0
    [CG] CG iter 42: obj=2449029.977353, maxRC=2281.475961, +3 cols
    [CG]   [DIAG] iter=42 posCols=3 newCols=3 effImprove=3 updated=0
    [CG] CG iter 43: obj=2450146.356918, maxRC=2748.119676, +3 cols
    [CG]   [DIAG] iter=43 posCols=3 newCols=3 effImprove=3 updated=0
    [CG] CG iter 44: obj=2450234.881708, maxRC=1148.239758, +2 cols
    [CG]   [DIAG] iter=44 posCols=2 newCols=2 effImprove=2 updated=0
    [CG] CG iter 45: obj=2450234.881708, maxRC=619.368324, +1 cols
    [CG]   [DIAG] iter=45 posCols=1 newCols=1 effImprove=1 updated=0
    [CG] CG iter 46: obj=2450234.881708, maxRC=650.853779, +1 cols
    [CG]   [DIAG] iter=46 posCols=1 newCols=1 effImprove=1 updated=0
    [CG] CG iter 47: obj=2450234.881708, maxRC=378.437091, +1 cols
    [CG]   [DIAG] iter=47 posCols=1 newCols=1 effImprove=1 updated=0
    [CG] CG iter 48: obj=2450234.881708, maxRC=260.697984, +1 cols
    [CG]   [DIAG] iter=48 posCols=1 newCols=1 effImprove=1 updated=0
    [CG] CG iter 49: obj=2450234.881708, maxRC=156.471377, +1 cols
    [CG]   [DIAG] iter=49 posCols=1 newCols=1 effImprove=1 updated=0
    [CG] CG iter 50: obj=2450234.881708, maxRC=124.023383, +1 cols
    [CG]   [DIAG] iter=50 posCols=1 newCols=1 effImprove=1 updated=0
    [CG] CG iter 51: obj=2450234.881708, maxRC=69.156317, +1 cols
    [CG]   [DIAG] iter=51 posCols=1 newCols=1 effImprove=1 updated=0
    [CG] 列生成收敛，共 52 轮迭代
    [CG] [CG-NODE] depth=1 exit=CERTIFIED certified=1 feasible=1 iters=15 generatedColsBeforeNode=274 newCols=53 posCandidates=53 duplicateCandidates=0 updatedCols=0 zeroObjImproveIters=9 objFirst=2424297.488514 objLast=2450234.881708 objGain=25937.393195 maxRC=119344.694013 wallSec=0.088552 pricingSec=0.081457 cplexSolveSec=0.005168
    [CG] 列生成开始，初始列数=531
    [CG] CG iter 53: obj=2413737.530363, maxRC=71451.307799, +12 cols
    [CG]   [DIAG] iter=53 posCols=12 newCols=12 effImprove=12 updated=0
    [CG] CG iter 54: obj=2430543.580008, maxRC=63854.086374, +7 cols
    [CG]   [DIAG] iter=54 posCols=7 newCols=7 effImprove=7 updated=0
    [CG] CG iter 55: obj=2430543.580008, maxRC=45844.280160, +6 cols
    [CG]   [DIAG] iter=55 posCols=6 newCols=6 effImprove=6 updated=0
    [CG] CG iter 56: obj=2430543.580008, maxRC=63195.930132, +7 cols
    [CG]   [DIAG] iter=56 posCols=7 newCols=7 effImprove=7 updated=0
    [CG] CG iter 57: obj=2430543.580008, maxRC=49211.058123, +6 cols
    [CG]   [DIAG] iter=57 posCols=6 newCols=6 effImprove=6 updated=0
    [CG] CG iter 58: obj=2430543.580008, maxRC=57424.719289, +6 cols
    [CG]   [DIAG] iter=58 posCols=6 newCols=6 effImprove=6 updated=0
    [CG] CG iter 59: obj=2430543.580008, maxRC=36569.241674, +6 cols
    [CG]   [DIAG] iter=59 posCols=6 newCols=6 effImprove=6 updated=0
    [CG] CG iter 60: obj=2430543.580008, maxRC=46390.806591, +6 cols
    [CG]   [DIAG] iter=60 posCols=6 newCols=6 effImprove=6 updated=0
    [CG] CG iter 61: obj=2430543.580008, maxRC=42625.716276, +6 cols
    [CG]   [DIAG] iter=61 posCols=6 newCols=6 effImprove=6 updated=0
    [CG] CG iter 62: obj=2430543.580008, maxRC=26210.056146, +5 cols
    [CG]   [DIAG] iter=62 posCols=5 newCols=5 effImprove=5 updated=0
    [CG] CG iter 63: obj=2443700.384152, maxRC=26876.665325, +6 cols
    [CG]   [DIAG] iter=63 posCols=6 newCols=6 effImprove=6 updated=0
    [CG] CG iter 64: obj=2443700.384152, maxRC=14542.467972, +4 cols
    [CG]   [DIAG] iter=64 posCols=4 newCols=4 effImprove=4 updated=0
    [CG] CG iter 65: obj=2443700.384152, maxRC=9358.990923, +4 cols
    [CG]   [DIAG] iter=65 posCols=4 newCols=4 effImprove=4 updated=0
    [CG] CG iter 66: obj=2448379.879613, maxRC=3881.168731, +4 cols
    [CG]   [DIAG] iter=66 posCols=4 newCols=4 effImprove=4 updated=0
    [CG] CG iter 67: obj=2451793.379263, maxRC=3072.683701, +4 cols
    [CG]   [DIAG] iter=67 posCols=4 newCols=4 effImprove=4 updated=0
    [CG] CG iter 68: obj=2451793.379263, maxRC=201.771880, +2 cols
    [CG]   [DIAG] iter=68 posCols=2 newCols=2 effImprove=2 updated=0
    [CG] 列生成收敛，共 69 轮迭代
    [CG] [CG-NODE] depth=1 exit=CERTIFIED certified=1 feasible=1 iters=17 generatedColsBeforeNode=327 newCols=91 posCandidates=91 duplicateCandidates=0 updatedCols=0 zeroObjImproveIters=12 objFirst=2413737.530363 objLast=2451793.379263 objGain=38055.848900 maxRC=71451.307799 wallSec=0.046540 pricingSec=0.037361 cplexSolveSec=0.006785
    [CG] [BB-INCUMBENT] selection=2 node=1 previous=2231265.854199 value=2451793.379263 active=1
    [CG] [BB-NODESEL] strategy=hybrid choice=dfs eligibleCount=1 active=1 gap=0.000000
      [BB] 分支定界结束：处理 3 节点，剪枝 1，剩余活跃 0，整数解 2，状态=OPTIMAL，最好可行 obj=2451793.379263，gap=0.000000
