    [CG] 列生成开始，初始列数=310
    [CG] CG iter 1: obj=911989.316639, maxRC=1867861.726663, +30 cols
    [CG]   [DIAG] iter=1 posCols=30 newCols=30 effImprove=30 updated=0
    [CG] CG iter 2: obj=2194475.576806, maxRC=311898.584775, +18 cols
    [CG]   [DIAG] iter=2 posCols=18 newCols=18 effImprove=18 updated=0
    [CG] CG iter 3: obj=2331617.333566, maxRC=535992.778971, +28 cols
    [CG]   [DIAG] iter=3 posCols=28 newCols=28 effImprove=28 updated=0
    [CG] CG iter 4: obj=2351690.697856, maxRC=400123.211030, +23 cols
    [CG]   [DIAG] iter=4 posCols=23 newCols=23 effImprove=23 updated=0
    [CG] CG iter 5: obj=2364247.780895, maxRC=198141.912663, +17 cols
    [CG]   [DIAG] iter=5 posCols=17 newCols=17 effImprove=17 updated=0
    [CG] CG iter 6: obj=2367528.799553, maxRC=142112.352038, +16 cols
    [CG]   [DIAG] iter=6 posCols=16 newCols=16 effImprove=16 updated=0
    [CG] CG iter 7: obj=2398658.221102, maxRC=186559.804344, +15 cols
    [CG]   [DIAG] iter=7 posCols=15 newCols=15 effImprove=15 updated=0
    [CG] CG iter 8: obj=2414482.604205, maxRC=136857.262599, +14 cols
    [CG]   [DIAG] iter=8 posCols=14 newCols=14 effImprove=14 updated=0
    [CG] CG iter 9: obj=2432214.528566, maxRC=92311.508426, +12 cols
    [CG]   [DIAG] iter=9 posCols=12 newCols=12 effImprove=12 updated=0
    [CG] CG iter 10: obj=2432214.528566, maxRC=70352.440484, +10 cols
    [CG]   [DIAG] iter=10 posCols=10 newCols=9 effImprove=10 updated=1
    [CG] CG iter 11: obj=2432214.528566, maxRC=114366.959360, +9 cols
    [CG]   [DIAG] iter=11 posCols=9 newCols=9 effImprove=9 updated=0
    [CG] CG iter 12: obj=2439255.114494, maxRC=70636.363598, +12 cols
    [CG]   [DIAG] iter=12 posCols=12 newCols=12 effImprove=12 updated=0
    [CG] CG iter 13: obj=2447113.808842, maxRC=57695.014611, +11 cols
    [CG]   [DIAG] iter=13 posCols=11 newCols=10 effImprove=11 updated=1
    [CG] CG iter 14: obj=2448468.531978, maxRC=34708.788499, +7 cols
    [CG]   [DIAG] iter=14 posCols=7 newCols=7 effImprove=7 updated=0
    [CG] CG iter 15: obj=2454872.961224, maxRC=33169.140864, +8 cols
    [CG]   [DIAG] iter=15 posCols=8 newCols=7 effImprove=8 updated=1
    [CG] CG iter 16: obj=2455457.437180, maxRC=18550.765893, +6 cols
    [CG]   [DIAG] iter=16 posCols=6 newCols=6 effImprove=6 updated=0
    [CG] CG iter 17: obj=2456849.258361, maxRC=15679.369601, +4 cols
    [CG]   [DIAG] iter=17 posCols=4 newCols=4 effImprove=4 updated=0
    [CG] CG iter 18: obj=2461314.350522, maxRC=7834.751858, +3 cols
    [CG]   [DIAG] iter=18 posCols=3 newCols=3 effImprove=3 updated=0
    [CG] CG iter 19: obj=2461314.350522, maxRC=11389.423156, +3 cols
    [CG]   [DIAG] iter=19 posCols=3 newCols=2 effImprove=3 updated=1
    [CG] CG iter 20: obj=2461314.350522, maxRC=9637.368040, +3 cols
    [CG]   [DIAG] iter=20 posCols=3 newCols=3 effImprove=3 updated=0
    [CG] CG iter 21: obj=2461314.350522, maxRC=6220.636232, +3 cols
    [CG]   [DIAG] iter=21 posCols=3 newCols=3 effImprove=3 updated=0
    [CG] CG iter 22: obj=2461314.350522, maxRC=14124.530989, +2 cols
    [CG]   [DIAG] iter=22 posCols=2 newCols=2 effImprove=2 updated=0
    [CG] CG iter 23: obj=2461314.350522, maxRC=5247.008458, +1 cols
    [CG]   [DIAG] iter=23 posCols=1 newCols=1 effImprove=1 updated=0
    [CG] CG iter 24: obj=2462919.004949, maxRC=1790.939052, +2 cols
    [CG]   [DIAG] iter=24 posCols=2 newCols=2 effImprove=2 updated=0
    [CG] CG iter 25: obj=2463217.494791, maxRC=1358.856998, +2 cols
    [CG]   [DIAG] iter=25 posCols=2 newCols=2 effImprove=2 updated=0
    [CG] CG iter 26: obj=2463801.259984, maxRC=1158.700450, +1 cols
    [CG]   [DIAG] iter=26 posCols=1 newCols=1 effImprove=1 updated=0
    [CG] CG iter 27: obj=2463801.259984, maxRC=1124.281548, +1 cols
    [CG]   [DIAG] iter=27 posCols=1 newCols=1 effImprove=1 updated=0
    [CG] CG iter 28: obj=2463801.259984, maxRC=880.969021, +1 cols
    [CG]   [DIAG] iter=28 posCols=1 newCols=1 effImprove=1 updated=0
    [CG] CG iter 29: obj=2463801.259984, maxRC=257.509300, +1 cols
    [CG]   [DIAG] iter=29 posCols=1 newCols=0 effImprove=1 updated=1
    [CG] CG iter 30: obj=2463801.259984, maxRC=354.617848, +1 cols
    [CG]   [DIAG] iter=30 posCols=1 newCols=1 effImprove=1 updated=0
    [CG] CG iter 31: obj=2463801.259984, maxRC=324.583308, +1 cols
    [CG]   [DIAG] iter=31 posCols=1 newCols=1 effImprove=1 updated=0
    [CG] CG iter 32: obj=2463801.259984, maxRC=166.185437, +1 cols
    [CG]   [DIAG] iter=32 posCols=1 newCols=1 effImprove=1 updated=0
    [CG] 列生成收敛，共 33 轮迭代
    [CG] [CG-NODE] depth=0 exit=CERTIFIED certified=1 feasible=1 iters=33 generatedColsBeforeNode=0 newCols=261 posCandidates=266 duplicateCandidates=5 updatedCols=5 zeroObjImproveIters=14 objFirst=911989.316639 objLast=2463801.259984 objGain=1551811.943345 maxRC=1867861.726663 wallSec=0.300031 pricingSec=0.283022 cplexSolveSec=0.011333
      [BB] 分支定界开始，根节点LP obj=2463801.259984，最大节点数=10000
      [BB] 根节点启发式下界 LB=2230987.019884（上界=2463801.259984）
    [CG] [BB-DIAG] 分支 x_{dc=0,retailer=3}, 节点数=1
    [CG] 列生成开始，初始列数=542
    [CG] CG iter 34: obj=2454469.050723, maxRC=45998.955586, +18 cols
    [CG]   [DIAG] iter=34 posCols=18 newCols=18 effImprove=18 updated=0
    [CG] CG iter 35: obj=2454469.050723, maxRC=48035.977762, +11 cols
    [CG]   [DIAG] iter=35 posCols=11 newCols=11 effImprove=11 updated=0
    [CG] CG iter 36: obj=2454469.050723, maxRC=24051.426010, +6 cols
    [CG]   [DIAG] iter=36 posCols=6 newCols=6 effImprove=6 updated=0
    [CG] CG iter 37: obj=2454469.050723, maxRC=23004.701554, +4 cols
    [CG]   [DIAG] iter=37 posCols=4 newCols=4 effImprove=4 updated=0
    [CG] CG iter 38: obj=2454469.050723, maxRC=19617.975224, +3 cols
    [CG]   [DIAG] iter=38 posCols=3 newCols=3 effImprove=3 updated=0
    [CG] CG iter 39: obj=2456924.006593, maxRC=8379.538231, +3 cols
    [CG]   [DIAG] iter=39 posCols=3 newCols=3 effImprove=3 updated=0
    [CG] CG iter 40: obj=2461113.775709, maxRC=5958.314407, +2 cols
    [CG]   [DIAG] iter=40 posCols=2 newCols=2 effImprove=2 updated=0
    [CG] 列生成收敛，共 41 轮迭代
    [CG] [CG-NODE] depth=1 exit=CERTIFIED certified=1 feasible=1 iters=8 generatedColsBeforeNode=261 newCols=47 posCandidates=47 duplicateCandidates=0 updatedCols=0 zeroObjImproveIters=5 objFirst=2454469.050723 objLast=2461113.775709 objGain=6644.724986 maxRC=48035.977762 wallSec=0.049454 pricingSec=0.043593 cplexSolveSec=0.004244
    [CG] 列生成开始，初始列数=511
    [CG] CG iter 42: obj=2461314.350522, maxRC=114872.766544, +12 cols
    [CG]   [DIAG] iter=42 posCols=12 newCols=12 effImprove=12 updated=0
    [CG] CG iter 43: obj=2461314.350522, maxRC=36729.310848, +6 cols
    [CG]   [DIAG] iter=43 posCols=6 newCols=6 effImprove=6 updated=0
    [CG] CG iter 44: obj=2461314.350522, maxRC=10037.598187, +5 cols
    [CG]   [DIAG] iter=44 posCols=5 newCols=5 effImprove=5 updated=0
    [CG] CG iter 45: obj=2461314.350522, maxRC=1408.994424, +3 cols
    [CG]   [DIAG] iter=45 posCols=3 newCols=3 effImprove=3 updated=0
    [CG] CG iter 46: obj=2462189.719155, maxRC=495.070147, +1 cols
    [CG]   [DIAG] iter=46 posCols=1 newCols=1 effImprove=1 updated=0
    [CG] CG iter 47: obj=2462189.719155, maxRC=560.658876, +1 cols
    [CG]   [DIAG] iter=47 posCols=1 newCols=1 effImprove=1 updated=0
    [CG] CG iter 48: obj=2462189.719155, maxRC=335.187058, +1 cols
    [CG]   [DIAG] iter=48 posCols=1 newCols=1 effImprove=1 updated=0
    [CG] CG iter 49: obj=2462189.719155, maxRC=431.617342, +1 cols
    [CG]   [DIAG] iter=49 posCols=1 newCols=1 effImprove=1 updated=0
    [CG] CG iter 50: obj=2462189.719155, maxRC=177.028710, +1 cols
    [CG]   [DIAG] iter=50 posCols=1 newCols=1 effImprove=1 updated=0
    [CG] 列生成收敛，共 51 轮迭代
    [CG] [CG-NODE] depth=1 exit=CERTIFIED certified=1 feasible=1 iters=10 generatedColsBeforeNode=308 newCols=31 posCandidates=31 duplicateCandidates=0 updatedCols=0 zeroObjImproveIters=8 objFirst=2461314.350522 objLast=2462189.719155 objGain=875.368633 maxRC=114872.766544 wallSec=0.046247 pricingSec=0.040899 cplexSolveSec=0.003817
    [CG] [BB-INCUMBENT] selection=2 node=1 previous=2230987.019884 value=2462189.719155 active=1
    [CG] [BB-NODESEL] strategy=hybrid choice=dfs eligibleCount=1 active=1 gap=0.000000
      [BB] 分支定界结束：处理 3 节点，剪枝 1，剩余活跃 0，整数解 2，状态=OPTIMAL，最好可行 obj=2462189.719155，gap=0.000000
