    [CG] 列生成开始，初始列数=310
    [CG] CG iter 1: obj=932841.896413, maxRC=1835623.672718, +30 cols
    [CG]   [DIAG] iter=1 posCols=30 newCols=30 effImprove=30 updated=0
    [CG] CG iter 2: obj=2199403.327765, maxRC=285004.419188, +21 cols
    [CG]   [DIAG] iter=2 posCols=21 newCols=21 effImprove=21 updated=0
    [CG] CG iter 3: obj=2270512.771082, maxRC=389627.352258, +27 cols
    [CG]   [DIAG] iter=3 posCols=27 newCols=27 effImprove=27 updated=0
    [CG] CG iter 4: obj=2360995.241195, maxRC=301927.020064, +22 cols
    [CG]   [DIAG] iter=4 posCols=22 newCols=22 effImprove=22 updated=0
    [CG] CG iter 5: obj=2404931.086580, maxRC=177927.290844, +15 cols
    [CG]   [DIAG] iter=5 posCols=15 newCols=13 effImprove=15 updated=2
    [CG] CG iter 6: obj=2426900.095929, maxRC=225719.082306, +14 cols
    [CG]   [DIAG] iter=6 posCols=14 newCols=14 effImprove=14 updated=0
    [CG] CG iter 7: obj=2447541.291057, maxRC=185454.062938, +17 cols
    [CG]   [DIAG] iter=7 posCols=17 newCols=17 effImprove=17 updated=0
    [CG] CG iter 8: obj=2449628.333321, maxRC=112800.872817, +10 cols
    [CG]   [DIAG] iter=8 posCols=10 newCols=10 effImprove=10 updated=0
    [CG] CG iter 9: obj=2453486.328576, maxRC=101965.790761, +17 cols
    [CG]   [DIAG] iter=9 posCols=17 newCols=17 effImprove=17 updated=0
    [CG] CG iter 10: obj=2454513.874137, maxRC=93250.929065, +13 cols
    [CG]   [DIAG] iter=10 posCols=13 newCols=13 effImprove=13 updated=0
    [CG] CG iter 11: obj=2458626.116353, maxRC=57611.367620, +9 cols
    [CG]   [DIAG] iter=11 posCols=9 newCols=8 effImprove=9 updated=1
    [CG] CG iter 12: obj=2469004.376616, maxRC=45943.803828, +10 cols
    [CG]   [DIAG] iter=12 posCols=10 newCols=9 effImprove=10 updated=1
    [CG] CG iter 13: obj=2473265.382827, maxRC=43071.236244, +8 cols
    [CG]   [DIAG] iter=13 posCols=8 newCols=8 effImprove=8 updated=0
    [CG] CG iter 14: obj=2478030.573083, maxRC=28461.622689, +6 cols
    [CG]   [DIAG] iter=14 posCols=6 newCols=6 effImprove=6 updated=0
    [CG] CG iter 15: obj=2482187.663349, maxRC=16949.468979, +6 cols
    [CG]   [DIAG] iter=15 posCols=6 newCols=6 effImprove=6 updated=0
    [CG] CG iter 16: obj=2485552.783265, maxRC=26554.795917, +8 cols
    [CG]   [DIAG] iter=16 posCols=8 newCols=8 effImprove=8 updated=0
    [CG] CG iter 17: obj=2490624.013355, maxRC=13509.412555, +4 cols
    [CG]   [DIAG] iter=17 posCols=4 newCols=4 effImprove=4 updated=0
    [CG] CG iter 18: obj=2494115.262910, maxRC=15254.145858, +4 cols
    [CG]   [DIAG] iter=18 posCols=4 newCols=4 effImprove=4 updated=0
    [CG] CG iter 19: obj=2495730.238560, maxRC=11140.238810, +3 cols
    [CG]   [DIAG] iter=19 posCols=3 newCols=3 effImprove=3 updated=0
    [CG] CG iter 20: obj=2498536.523733, maxRC=4849.814100, +3 cols
    [CG]   [DIAG] iter=20 posCols=3 newCols=3 effImprove=3 updated=0
    [CG] CG iter 21: obj=2498536.523733, maxRC=3474.834869, +3 cols
    [CG]   [DIAG] iter=21 posCols=3 newCols=3 effImprove=3 updated=0
    [CG] CG iter 22: obj=2498536.523733, maxRC=3724.898458, +2 cols
    [CG]   [DIAG] iter=22 posCols=2 newCols=2 effImprove=2 updated=0
    [CG] CG iter 23: obj=2498536.523733, maxRC=1839.640688, +2 cols
    [CG]   [DIAG] iter=23 posCols=2 newCols=2 effImprove=2 updated=0
    [CG] CG iter 24: obj=2498536.523733, maxRC=480.670637, +1 cols
    [CG]   [DIAG] iter=24 posCols=1 newCols=1 effImprove=1 updated=0
    [CG] CG iter 25: obj=2498536.523733, maxRC=406.330542, +1 cols
    [CG]   [DIAG] iter=25 posCols=1 newCols=1 effImprove=1 updated=0
    [CG] CG iter 26: obj=2498536.523733, maxRC=298.115543, +1 cols
    [CG]   [DIAG] iter=26 posCols=1 newCols=1 effImprove=1 updated=0
    [CG] 列生成收敛，共 27 轮迭代
    [CG] [CG-NODE] depth=0 exit=CERTIFIED certified=1 feasible=1 iters=27 generatedColsBeforeNode=0 newCols=253 posCandidates=257 duplicateCandidates=4 updatedCols=4 zeroObjImproveIters=7 objFirst=932841.896413 objLast=2498536.523733 objGain=1565694.627320 maxRC=1835623.672718 wallSec=0.242765 pricingSec=0.226814 cplexSolveSec=0.010550
      [BB] 根节点即为整数解，obj=2498536.523733
