    [CG] 列生成开始，初始列数=310
    [CG] CG iter 1: obj=915021.409326, maxRC=1838395.990653, +30 cols
    [CG]   [DIAG] iter=1 posCols=30 newCols=30 effImprove=30 updated=0
    [CG] CG iter 2: obj=2193760.994696, maxRC=340594.799516, +17 cols
    [CG]   [DIAG] iter=2 posCols=17 newCols=17 effImprove=17 updated=0
    [CG] CG iter 3: obj=2312240.610340, maxRC=260443.552420, +25 cols
    [CG]   [DIAG] iter=3 posCols=25 newCols=25 effImprove=25 updated=0
    [CG] CG iter 4: obj=2401006.292906, maxRC=177276.604272, +11 cols
    [CG]   [DIAG] iter=4 posCols=11 newCols=11 effImprove=11 updated=0
    [CG] CG iter 5: obj=2401006.292906, maxRC=122088.676140, +12 cols
    [CG]   [DIAG] iter=5 posCols=12 newCols=12 effImprove=12 updated=0
    [CG] CG iter 6: obj=2442750.835352, maxRC=116857.898573, +11 cols
    [CG]   [DIAG] iter=6 posCols=11 newCols=11 effImprove=11 updated=0
    [CG] CG iter 7: obj=2442750.835352, maxRC=87907.139313, +9 cols
    [CG]   [DIAG] iter=7 posCols=9 newCols=9 effImprove=9 updated=0
    [CG] CG iter 8: obj=2442750.835352, maxRC=62708.076847, +10 cols
    [CG]   [DIAG] iter=8 posCols=10 newCols=10 effImprove=10 updated=0
    [CG] CG iter 9: obj=2444453.015147, maxRC=92611.992209, +11 cols
    [CG]   [DIAG] iter=9 posCols=11 newCols=11 effImprove=11 updated=0
    [CG] CG iter 10: obj=2444453.015147, maxRC=65657.478823, +11 cols
    [CG]   [DIAG] iter=10 posCols=11 newCols=11 effImprove=11 updated=0
    [CG] CG iter 11: obj=2447455.809628, maxRC=66539.726343, +8 cols
    [CG]   [DIAG] iter=11 posCols=8 newCols=8 effImprove=8 updated=0
    [CG] CG iter 12: obj=2450338.196591, maxRC=53940.013273, +9 cols
    [CG]   [DIAG] iter=12 posCols=9 newCols=9 effImprove=9 updated=0
    [CG] CG iter 13: obj=2458700.844403, maxRC=27462.904859, +6 cols
    [CG]   [DIAG] iter=13 posCols=6 newCols=6 effImprove=6 updated=0
    [CG] CG iter 14: obj=2458700.844403, maxRC=31216.251996, +7 cols
    [CG]   [DIAG] iter=14 posCols=7 newCols=7 effImprove=7 updated=0
    [CG] CG iter 15: obj=2458700.844403, maxRC=34634.037871, +7 cols
    [CG]   [DIAG] iter=15 posCols=7 newCols=7 effImprove=7 updated=0
    [CG] CG iter 16: obj=2462900.228854, maxRC=45747.739696, +7 cols
    [CG]   [DIAG] iter=16 posCols=7 newCols=7 effImprove=7 updated=0
    [CG] CG iter 17: obj=2462900.228854, maxRC=11553.905663, +5 cols
    [CG]   [DIAG] iter=17 posCols=5 newCols=5 effImprove=5 updated=0
    [CG] CG iter 18: obj=2467818.327204, maxRC=11716.688126, +2 cols
    [CG]   [DIAG] iter=18 posCols=2 newCols=2 effImprove=2 updated=0
    [CG] CG iter 19: obj=2467818.327204, maxRC=9884.577201, +5 cols
    [CG]   [DIAG] iter=19 posCols=5 newCols=4 effImprove=5 updated=1
    [CG] CG iter 20: obj=2472158.630945, maxRC=6926.412351, +4 cols
    [CG]   [DIAG] iter=20 posCols=4 newCols=4 effImprove=4 updated=0
    [CG] CG iter 21: obj=2472158.630945, maxRC=4276.088155, +2 cols
    [CG]   [DIAG] iter=21 posCols=2 newCols=2 effImprove=2 updated=0
    [CG] CG iter 22: obj=2472158.630945, maxRC=3855.322947, +2 cols
    [CG]   [DIAG] iter=22 posCols=2 newCols=2 effImprove=2 updated=0
    [CG] CG iter 23: obj=2472158.630945, maxRC=3339.570176, +1 cols
    [CG]   [DIAG] iter=23 posCols=1 newCols=1 effImprove=1 updated=0
    [CG] CG iter 24: obj=2472158.630945, maxRC=3128.109672, +2 cols
    [CG]   [DIAG] iter=24 posCols=2 newCols=2 effImprove=2 updated=0
    [CG] CG iter 25: obj=2473712.461386, maxRC=2072.647159, +2 cols
    [CG]   [DIAG] iter=25 posCols=2 newCols=2 effImprove=2 updated=0
    [CG] CG iter 26: obj=2473712.461386, maxRC=1731.592390, +1 cols
    [CG]   [DIAG] iter=26 posCols=1 newCols=1 effImprove=1 updated=0
    [CG] CG iter 27: obj=2473712.461386, maxRC=1115.139329, +1 cols
    [CG]   [DIAG] iter=27 posCols=1 newCols=1 effImprove=1 updated=0
    [CG] CG iter 28: obj=2473712.461386, maxRC=1061.678803, +1 cols
    [CG]   [DIAG] iter=28 posCols=1 newCols=1 effImprove=1 updated=0
    [CG] CG iter 29: obj=2473712.461386, maxRC=208.539540, +1 cols
    [CG]   [DIAG] iter=29 posCols=1 newCols=1 effImprove=1 updated=0
    [CG] CG iter 30: obj=2473712.461386, maxRC=173.187624, +1 cols
    [CG]   [DIAG] iter=30 posCols=1 newCols=1 effImprove=1 updated=0
    [CG] CG iter 31: obj=2473712.461386, maxRC=109.443810, +1 cols
    [CG]   [DIAG] iter=31 posCols=1 newCols=1 effImprove=1 updated=0
    [CG] 列生成收敛，共 32 轮迭代
    [CG] [CG-NODE] depth=0 exit=CERTIFIED certified=1 feasible=1 iters=32 generatedColsBeforeNode=0 newCols=221 posCandidates=222 duplicateCandidates=1 updatedCols=1 zeroObjImproveIters=19 objFirst=915021.409326 objLast=2473712.461386 objGain=1558691.052060 maxRC=1838395.990653 wallSec=0.239945 pricingSec=0.224159 cplexSolveSec=0.010356
      [BB] 根节点即为整数解，obj=2473712.461386
