    [CG] 列生成开始，初始列数=310
    [CG] CG iter 1: obj=914454.250240, maxRC=1876310.528806, +30 cols
    [CG]   [DIAG] iter=1 posCols=30 newCols=30 effImprove=30 updated=0
    [CG] CG iter 2: obj=2193404.656864, maxRC=171400.882506, +20 cols
    [CG]   [DIAG] iter=2 posCols=20 newCols=20 effImprove=20 updated=0
    [CG] CG iter 3: obj=2348578.971428, maxRC=262114.156783, +27 cols
    [CG]   [DIAG] iter=3 posCols=27 newCols=27 effImprove=27 updated=0
    [CG] CG iter 4: obj=2381466.980524, maxRC=112769.345251, +19 cols
    [CG]   [DIAG] iter=4 posCols=19 newCols=18 effImprove=19 updated=1
    [CG] CG iter 5: obj=2416791.504934, maxRC=70654.735171, +11 cols
    [CG]   [DIAG] iter=5 posCols=11 newCols=11 effImprove=11 updated=0
    [CG] CG iter 6: obj=2416791.504934, maxRC=85520.150314, +8 cols
    [CG]   [DIAG] iter=6 posCols=8 newCols=7 effImprove=8 updated=1
    [CG] CG iter 7: obj=2424589.089731, maxRC=69293.015571, +7 cols
    [CG]   [DIAG] iter=7 posCols=7 newCols=7 effImprove=7 updated=0
    [CG] CG iter 8: obj=2425835.601122, maxRC=94654.394764, +11 cols
    [CG]   [DIAG] iter=8 posCols=11 newCols=11 effImprove=11 updated=0
    [CG] CG iter 9: obj=2429985.066076, maxRC=114980.584649, +12 cols
    [CG]   [DIAG] iter=9 posCols=12 newCols=12 effImprove=12 updated=0
    [CG] CG iter 10: obj=2429985.066076, maxRC=64712.451775, +7 cols
    [CG]   [DIAG] iter=10 posCols=7 newCols=7 effImprove=7 updated=0
    [CG] CG iter 11: obj=2429985.066076, maxRC=86299.441457, +13 cols
    [CG]   [DIAG] iter=11 posCols=13 newCols=13 effImprove=13 updated=0
    [CG] CG iter 12: obj=2430756.900993, maxRC=47770.799869, +8 cols
    [CG]   [DIAG] iter=12 posCols=8 newCols=8 effImprove=8 updated=0
    [CG] CG iter 13: obj=2445946.763244, maxRC=45608.555794, +9 cols
    [CG]   [DIAG] iter=13 posCols=9 newCols=9 effImprove=9 updated=0
    [CG] CG iter 14: obj=2445946.763244, maxRC=53300.968407, +7 cols
    [CG]   [DIAG] iter=14 posCols=7 newCols=7 effImprove=7 updated=0
    [CG] CG iter 15: obj=2445946.763244, maxRC=30234.998972, +7 cols
    [CG]   [DIAG] iter=15 posCols=7 newCols=7 effImprove=7 updated=0
    [CG] CG iter 16: obj=2445946.763244, maxRC=20239.491749, +5 cols
    [CG]   [DIAG] iter=16 posCols=5 newCols=5 effImprove=5 updated=0
    [CG] CG iter 17: obj=2450974.198144, maxRC=11044.000541, +4 cols
    [CG]   [DIAG] iter=17 posCols=4 newCols=4 effImprove=4 updated=0
    [CG] CG iter 18: obj=2452551.912507, maxRC=4489.062486, +2 cols
    [CG]   [DIAG] iter=18 posCols=2 newCols=2 effImprove=2 updated=0
    [CG] CG iter 19: obj=2457040.974993, maxRC=853.520437, +2 cols
    [CG]   [DIAG] iter=19 posCols=2 newCols=1 effImprove=2 updated=1
    [CG] CG iter 20: obj=2457040.974993, maxRC=870.023536, +1 cols
    [CG]   [DIAG] iter=20 posCols=1 newCols=1 effImprove=1 updated=0
    [CG] CG iter 21: obj=2457040.974993, maxRC=715.032228, +1 cols
    [CG]   [DIAG] iter=21 posCols=1 newCols=1 effImprove=1 updated=0
    [CG] CG iter 22: obj=2457040.974993, maxRC=264.195615, +1 cols
    [CG]   [DIAG] iter=22 posCols=1 newCols=1 effImprove=1 updated=0
    [CG] CG iter 23: obj=2457040.974993, maxRC=572.845536, +1 cols
    [CG]   [DIAG] iter=23 posCols=1 newCols=1 effImprove=1 updated=0
    [CG] CG iter 24: obj=2457040.974993, maxRC=197.006978, +1 cols
    [CG]   [DIAG] iter=24 posCols=1 newCols=1 effImprove=1 updated=0
    [CG] CG iter 25: obj=2457040.974993, maxRC=104.315388, +1 cols
    [CG]   [DIAG] iter=25 posCols=1 newCols=1 effImprove=1 updated=0
    [CG] 列生成收敛，共 26 轮迭代
    [CG] [CG-NODE] depth=0 exit=CERTIFIED certified=1 feasible=1 iters=26 generatedColsBeforeNode=0 newCols=212 posCandidates=215 duplicateCandidates=3 updatedCols=3 zeroObjImproveIters=13 objFirst=914454.250240 objLast=2457040.974993 objGain=1542586.724754 maxRC=1876310.528806 wallSec=0.221682 pricingSec=0.210119 cplexSolveSec=0.008037
      [BB] 根节点即为整数解，obj=2457040.974993
