    [CG] 列生成开始，初始列数=310
    [CG] CG iter 1: obj=886521.908536, maxRC=1486438.176298, +30 cols
    [CG]   [DIAG] iter=1 posCols=30 newCols=30 effImprove=30 updated=0
    [CG] CG iter 2: obj=1808546.454457, maxRC=284731.117811, +17 cols
    [CG]   [DIAG] iter=2 posCols=17 newCols=17 effImprove=17 updated=0
    [CG] CG iter 3: obj=1973091.362263, maxRC=403352.811844, +30 cols
    [CG]   [DIAG] iter=3 posCols=30 newCols=30 effImprove=30 updated=0
    [CG] CG iter 4: obj=2053095.448837, maxRC=303840.125037, +19 cols
    [CG]   [DIAG] iter=4 posCols=19 newCols=19 effImprove=19 updated=0
    [CG] CG iter 5: obj=2073038.847306, maxRC=209430.592194, +16 cols
    [CG]   [DIAG] iter=5 posCols=16 newCols=16 effImprove=16 updated=0
    [CG] CG iter 6: obj=2147348.948174, maxRC=269024.696128, +18 cols
    [CG]   [DIAG] iter=6 posCols=18 newCols=18 effImprove=18 updated=0
    [CG] CG iter 7: obj=2197182.803873, maxRC=221039.442822, +14 cols
    [CG]   [DIAG] iter=7 posCols=14 newCols=14 effImprove=14 updated=0
    [CG] CG iter 8: obj=2205726.095903, maxRC=103660.645286, +9 cols
    [CG]   [DIAG] iter=8 posCols=9 newCols=9 effImprove=9 updated=0
    [CG] CG iter 9: obj=2205726.095903, maxRC=147044.203587, +10 cols
    [CG]   [DIAG] iter=9 posCols=10 newCols=10 effImprove=10 updated=0
    [CG] CG iter 10: obj=2205726.095903, maxRC=150771.883055, +9 cols
    [CG]   [DIAG] iter=10 posCols=9 newCols=9 effImprove=9 updated=0
    [CG] CG iter 11: obj=2208448.914628, maxRC=136582.228307, +8 cols
    [CG]   [DIAG] iter=11 posCols=8 newCols=8 effImprove=8 updated=0
    [CG] CG iter 12: obj=2211717.185594, maxRC=127076.583129, +7 cols
    [CG]   [DIAG] iter=12 posCols=7 newCols=7 effImprove=7 updated=0
    [CG] CG iter 13: obj=2215572.301121, maxRC=44306.501208, +6 cols
    [CG]   [DIAG] iter=13 posCols=6 newCols=6 effImprove=6 updated=0
    [CG] CG iter 14: obj=2217783.098863, maxRC=26468.404623, +6 cols
    [CG]   [DIAG] iter=14 posCols=6 newCols=6 effImprove=6 updated=0
    [CG] CG iter 15: obj=2223076.779788, maxRC=30875.139691, +7 cols
    [CG]   [DIAG] iter=15 posCols=7 newCols=7 effImprove=7 updated=0
    [CG] CG iter 16: obj=2225095.614744, maxRC=18441.524957, +7 cols
    [CG]   [DIAG] iter=16 posCols=7 newCols=7 effImprove=7 updated=0
    [CG] CG iter 17: obj=2225599.461140, maxRC=25162.491680, +4 cols
    [CG]   [DIAG] iter=17 posCols=4 newCols=4 effImprove=4 updated=0
    [CG] CG iter 18: obj=2225634.504250, maxRC=21149.756734, +3 cols
    [CG]   [DIAG] iter=18 posCols=3 newCols=3 effImprove=3 updated=0
    [CG] CG iter 19: obj=2237682.006615, maxRC=20553.280719, +7 cols
    [CG]   [DIAG] iter=19 posCols=7 newCols=7 effImprove=7 updated=0
    [CG] CG iter 20: obj=2237682.006615, maxRC=15334.872072, +3 cols
    [CG]   [DIAG] iter=20 posCols=3 newCols=2 effImprove=3 updated=1
    [CG] CG iter 21: obj=2237682.006615, maxRC=13321.688875, +1 cols
    [CG]   [DIAG] iter=21 posCols=1 newCols=1 effImprove=1 updated=0
    [CG] CG iter 22: obj=2242430.587702, maxRC=69814.898556, +4 cols
    [CG]   [DIAG] iter=22 posCols=4 newCols=4 effImprove=4 updated=0
    [CG] CG iter 23: obj=2242430.587702, maxRC=16077.487916, +4 cols
    [CG]   [DIAG] iter=23 posCols=4 newCols=4 effImprove=4 updated=0
    [CG] CG iter 24: obj=2242430.587702, maxRC=14138.140909, +3 cols
    [CG]   [DIAG] iter=24 posCols=3 newCols=3 effImprove=3 updated=0
    [CG] CG iter 25: obj=2242430.587702, maxRC=6609.142950, +3 cols
    [CG]   [DIAG] iter=25 posCols=3 newCols=3 effImprove=3 updated=0
    [CG] CG iter 26: obj=2242430.587702, maxRC=3719.146145, +3 cols
    [CG]   [DIAG] iter=26 posCols=3 newCols=3 effImprove=3 updated=0
    [CG] CG iter 27: obj=2242430.587702, maxRC=1564.643505, +2 cols
    [CG]   [DIAG] iter=27 posCols=2 newCols=1 effImprove=2 updated=1
    [CG] CG iter 28: obj=2242430.587702, maxRC=1606.521854, +1 cols
    [CG]   [DIAG] iter=28 posCols=1 newCols=1 effImprove=1 updated=0
    [CG] 列生成收敛，共 29 轮迭代
    [CG] [CG-NODE] depth=0 exit=CERTIFIED certified=1 feasible=1 iters=29 generatedColsBeforeNode=0 newCols=249 posCandidates=251 duplicateCandidates=2 updatedCols=2 zeroObjImproveIters=11 objFirst=886521.908536 objLast=2242430.587702 objGain=1355908.679166 maxRC=1486438.176298 wallSec=0.196527 pricingSec=0.181497 cplexSolveSec=0.009902
      [BB] 根节点即为整数解，obj=2242430.587702
