    [CG] 列生成开始，初始列数=310
    [CG] CG iter 1: obj=712835.880626, maxRC=759711.272723, +30 cols
    [CG]   [DIAG] iter=1 posCols=30 newCols=30 effImprove=30 updated=0
    [CG] CG iter 2: obj=1090288.758761, maxRC=271953.104086, +23 cols
    [CG]   [DIAG] iter=2 posCols=23 newCols=23 effImprove=23 updated=0
    [CG] CG iter 3: obj=1308707.208898, maxRC=257481.333091, +23 cols
    [CG]   [DIAG] iter=3 posCols=23 newCols=23 effImprove=23 updated=0
    [CG] CG iter 4: obj=1394122.377618, maxRC=197069.999257, +18 cols
    [CG]   [DIAG] iter=4 posCols=18 newCols=18 effImprove=18 updated=0
    [CG] CG iter 5: obj=1427323.216237, maxRC=152988.611204, +16 cols
    [CG]   [DIAG] iter=5 posCols=16 newCols=16 effImprove=16 updated=0
    [CG] CG iter 6: obj=1454981.029333, maxRC=130025.378366, +19 cols
    [CG]   [DIAG] iter=6 posCols=19 newCols=19 effImprove=19 updated=0
    [CG] CG iter 7: obj=1489557.218444, maxRC=88905.117095, +17 cols
    [CG]   [DIAG] iter=7 posCols=17 newCols=17 effImprove=17 updated=0
    [CG] CG iter 8: obj=1510048.569259, maxRC=27664.007301, +14 cols
    [CG]   [DIAG] iter=8 posCols=14 newCols=14 effImprove=14 updated=0
    [CG] CG iter 9: obj=1537712.576560, maxRC=34669.480505, +10 cols
    [CG]   [DIAG] iter=9 posCols=10 newCols=10 effImprove=10 updated=0
    [CG] CG iter 10: obj=1549327.822060, maxRC=15921.393317, +7 cols
    [CG]   [DIAG] iter=10 posCols=7 newCols=6 effImprove=7 updated=1
    [CG] CG iter 11: obj=1555433.381588, maxRC=15340.840876, +5 cols
    [CG]   [DIAG] iter=11 posCols=5 newCols=5 effImprove=5 updated=0
    [CG] CG iter 12: obj=1559917.641239, maxRC=15192.686809, +4 cols
    [CG]   [DIAG] iter=12 posCols=4 newCols=4 effImprove=4 updated=0
    [CG] CG iter 13: obj=1562527.632852, maxRC=4986.620431, +3 cols
    [CG]   [DIAG] iter=13 posCols=3 newCols=3 effImprove=3 updated=0
    [CG] CG iter 14: obj=1562527.632852, maxRC=98.865284, +1 cols
    [CG]   [DIAG] iter=14 posCols=1 newCols=1 effImprove=1 updated=0
    [CG] CG iter 15: obj=1562527.632852, maxRC=83.751380, +1 cols
    [CG]   [DIAG] iter=15 posCols=1 newCols=1 effImprove=1 updated=0
    [CG] 列生成收敛，共 16 轮迭代
    [CG] [CG-NODE] depth=0 exit=CERTIFIED certified=1 feasible=1 iters=16 generatedColsBeforeNode=0 newCols=190 posCandidates=191 duplicateCandidates=1 updatedCols=1 zeroObjImproveIters=3 objFirst=712835.880626 objLast=1562527.632852 objGain=849691.752225 maxRC=759711.272723 wallSec=0.082551 pricingSec=0.072620 cplexSolveSec=0.005874
      [BB] 根节点即为整数解，obj=1562527.632852
