    [CG] 列生成开始，初始列数=310
    [CG] CG iter 1: obj=717919.982202, maxRC=798160.963688, +27 cols
    [CG]   [DIAG] iter=1 posCols=27 newCols=27 effImprove=27 updated=0
    [CG] CG iter 2: obj=1148726.359713, maxRC=315566.354633, +25 cols
    [CG]   [DIAG] iter=2 posCols=25 newCols=25 effImprove=25 updated=0
    [CG] CG iter 3: obj=1377841.446824, maxRC=305049.380196, +22 cols
    [CG]   [DIAG] iter=3 posCols=22 newCols=22 effImprove=22 updated=0
    [CG] CG iter 4: obj=1440494.563338, maxRC=235155.952296, +20 cols
    [CG]   [DIAG] iter=4 posCols=20 newCols=20 effImprove=20 updated=0
    [CG] CG iter 5: obj=1466388.517655, maxRC=192084.471811, +16 cols
    [CG]   [DIAG] iter=5 posCols=16 newCols=16 effImprove=16 updated=0
    [CG] CG iter 6: obj=1510715.435345, maxRC=173084.352962, +18 cols
    [CG]   [DIAG] iter=6 posCols=18 newCols=18 effImprove=18 updated=0
    [CG] CG iter 7: obj=1532169.226550, maxRC=137432.259859, +16 cols
    [CG]   [DIAG] iter=7 posCols=16 newCols=14 effImprove=16 updated=2
    [CG] CG iter 8: obj=1561129.028793, maxRC=43948.164777, +15 cols
    [CG]   [DIAG] iter=8 posCols=15 newCols=15 effImprove=15 updated=0
    [CG] CG iter 9: obj=1602630.629596, maxRC=22732.094967, +12 cols
    [CG]   [DIAG] iter=9 posCols=12 newCols=12 effImprove=12 updated=0
    [CG] CG iter 10: obj=1602630.629596, maxRC=19387.478182, +11 cols
    [CG]   [DIAG] iter=10 posCols=11 newCols=11 effImprove=11 updated=0
    [CG] CG iter 11: obj=1614687.916289, maxRC=11286.065169, +7 cols
    [CG]   [DIAG] iter=11 posCols=7 newCols=7 effImprove=7 updated=0
    [CG] CG iter 12: obj=1614687.916289, maxRC=3757.280450, +4 cols
    [CG]   [DIAG] iter=12 posCols=4 newCols=4 effImprove=4 updated=0
    [CG] CG iter 13: obj=1614687.916289, maxRC=1740.550313, +3 cols
    [CG]   [DIAG] iter=13 posCols=3 newCols=3 effImprove=3 updated=0
    [CG] CG iter 14: obj=1616428.466603, maxRC=842.685819, +1 cols
    [CG]   [DIAG] iter=14 posCols=1 newCols=1 effImprove=1 updated=0
    [CG] 列生成收敛，共 15 轮迭代
    [CG] [CG-NODE] depth=0 exit=CERTIFIED certified=1 feasible=1 iters=15 generatedColsBeforeNode=0 newCols=195 posCandidates=197 duplicateCandidates=2 updatedCols=2 zeroObjImproveIters=4 objFirst=717919.982202 objLast=1616428.466603 objGain=898508.484401 maxRC=798160.963688 wallSec=0.097139 pricingSec=0.087408 cplexSolveSec=0.005642
      [BB] 根节点即为整数解，obj=1616428.466603
