    [CG] 列生成开始，初始列数=310
    [CG] CG iter 1: obj=706145.280840, maxRC=874846.347898, +30 cols
    [CG]   [DIAG] iter=1 posCols=30 newCols=30 effImprove=30 updated=0
    [CG] CG iter 2: obj=1149000.372583, maxRC=315329.380043, +25 cols
    [CG]   [DIAG] iter=2 posCols=25 newCols=25 effImprove=25 updated=0
    [CG] CG iter 3: obj=1289913.128481, maxRC=370848.305119, +21 cols
    [CG]   [DIAG] iter=3 posCols=21 newCols=21 effImprove=21 updated=0
    [CG] CG iter 4: obj=1369792.765881, maxRC=195351.291517, +19 cols
    [CG]   [DIAG] iter=4 posCols=19 newCols=19 effImprove=19 updated=0
    [CG] CG iter 5: obj=1422214.941255, maxRC=207103.525612, +18 cols
    [CG]   [DIAG] iter=5 posCols=18 newCols=18 effImprove=18 updated=0
    [CG] CG iter 6: obj=1450894.592989, maxRC=138938.589199, +18 cols
    [CG]   [DIAG] iter=6 posCols=18 newCols=18 effImprove=18 updated=0
    [CG] CG iter 7: obj=1513328.423083, maxRC=78142.964836, +19 cols
    [CG]   [DIAG] iter=7 posCols=19 newCols=19 effImprove=19 updated=0
    [CG] CG iter 8: obj=1540224.516856, maxRC=76344.648189, +13 cols
    [CG]   [DIAG] iter=8 posCols=13 newCols=13 effImprove=13 updated=0
    [CG] CG iter 9: obj=1540224.516856, maxRC=39910.813734, +15 cols
    [CG]   [DIAG] iter=9 posCols=15 newCols=15 effImprove=15 updated=0
    [CG] CG iter 10: obj=1554432.761022, maxRC=33636.248792, +14 cols
    [CG]   [DIAG] iter=10 posCols=14 newCols=14 effImprove=14 updated=0
    [CG] CG iter 11: obj=1576185.135244, maxRC=27856.149667, +11 cols
    [CG]   [DIAG] iter=11 posCols=11 newCols=11 effImprove=11 updated=0
    [CG] CG iter 12: obj=1590566.279404, maxRC=16429.275281, +10 cols
    [CG]   [DIAG] iter=12 posCols=10 newCols=10 effImprove=10 updated=0
    [CG] CG iter 13: obj=1596019.800562, maxRC=8061.321973, +6 cols
    [CG]   [DIAG] iter=13 posCols=6 newCols=5 effImprove=6 updated=1
    [CG] CG iter 14: obj=1596019.800562, maxRC=654.529298, +2 cols
    [CG]   [DIAG] iter=14 posCols=2 newCols=2 effImprove=2 updated=0
    [CG] CG iter 15: obj=1596019.800562, maxRC=313.873292, +1 cols
    [CG]   [DIAG] iter=15 posCols=1 newCols=1 effImprove=1 updated=0
    [CG] 列生成收敛，共 16 轮迭代
    [CG] [CG-NODE] depth=0 exit=CERTIFIED certified=1 feasible=1 iters=16 generatedColsBeforeNode=0 newCols=221 posCandidates=222 duplicateCandidates=1 updatedCols=1 zeroObjImproveIters=4 objFirst=706145.280840 objLast=1596019.800562 objGain=889874.519722 maxRC=874846.347898 wallSec=0.108847 pricingSec=0.098545 cplexSolveSec=0.006258
      [BB] 根节点即为整数解，obj=1596019.800562
