    [CG] 列生成开始，初始列数=310
    [CG] CG iter 1: obj=730095.954280, maxRC=812609.192690, +30 cols
    [CG]   [DIAG] iter=1 posCols=30 newCols=30 effImprove=30 updated=0
    [CG] CG iter 2: obj=1158296.608470, maxRC=318305.599265, +25 cols
    [CG]   [DIAG] iter=2 posCols=25 newCols=25 effImprove=25 updated=0
    [CG] CG iter 3: obj=1288289.715900, maxRC=388259.938959, +22 cols
    [CG]   [DIAG] iter=3 posCols=22 newCols=22 effImprove=22 updated=0
    [CG] CG iter 4: obj=1371505.851969, maxRC=204592.040006, +19 cols
    [CG]   [DIAG] iter=4 posCols=19 newCols=19 effImprove=19 updated=0
    [CG] CG iter 5: obj=1426312.170702, maxRC=213443.031752, +18 cols
    [CG]   [DIAG] iter=5 posCols=18 newCols=18 effImprove=18 updated=0
    [CG] CG iter 6: obj=1497725.261362, maxRC=106324.555582, +17 cols
    [CG]   [DIAG] iter=6 posCols=17 newCols=17 effImprove=17 updated=0
    [CG] CG iter 7: obj=1550632.266563, maxRC=99981.323119, +15 cols
    [CG]   [DIAG] iter=7 posCols=15 newCols=14 effImprove=15 updated=1
    [CG] CG iter 8: obj=1558058.596344, maxRC=38258.740376, +14 cols
    [CG]   [DIAG] iter=8 posCols=14 newCols=14 effImprove=14 updated=0
    [CG] CG iter 9: obj=1564231.302431, maxRC=39355.271916, +14 cols
    [CG]   [DIAG] iter=9 posCols=14 newCols=14 effImprove=14 updated=0
    [CG] CG iter 10: obj=1583433.222106, maxRC=31343.438168, +13 cols
    [CG]   [DIAG] iter=10 posCols=13 newCols=13 effImprove=13 updated=0
    [CG] CG iter 11: obj=1605157.638207, maxRC=27034.620720, +14 cols
    [CG]   [DIAG] iter=11 posCols=14 newCols=14 effImprove=14 updated=0
    [CG] CG iter 12: obj=1605157.638207, maxRC=15299.578793, +12 cols
    [CG]   [DIAG] iter=12 posCols=12 newCols=12 effImprove=12 updated=0
    [CG] CG iter 13: obj=1605157.638207, maxRC=10789.087103, +8 cols
    [CG]   [DIAG] iter=13 posCols=8 newCols=8 effImprove=8 updated=0
    [CG] CG iter 14: obj=1611742.219018, maxRC=6870.361935, +7 cols
    [CG]   [DIAG] iter=14 posCols=7 newCols=5 effImprove=7 updated=2
    [CG] CG iter 15: obj=1611742.219018, maxRC=1373.465177, +4 cols
    [CG]   [DIAG] iter=15 posCols=4 newCols=4 effImprove=4 updated=0
    [CG] CG iter 16: obj=1612043.483764, maxRC=474.060429, +3 cols
    [CG]   [DIAG] iter=16 posCols=3 newCols=3 effImprove=3 updated=0
    [CG] 列生成收敛，共 17 轮迭代
    [CG] [CG-NODE] depth=0 exit=CERTIFIED certified=1 feasible=1 iters=17 generatedColsBeforeNode=0 newCols=232 posCandidates=235 duplicateCandidates=3 updatedCols=3 zeroObjImproveIters=4 objFirst=730095.954280 objLast=1612043.483764 objGain=881947.529483 maxRC=812609.192690 wallSec=0.102032 pricingSec=0.091094 cplexSolveSec=0.006618
      [BB] 根节点即为整数解，obj=1612043.483764
