    [CG] 列生成开始，初始列数=310
    [CG] CG iter 1: obj=704599.074202, maxRC=828112.117161, +30 cols
    [CG]   [DIAG] iter=1 posCols=30 newCols=30 effImprove=30 updated=0
    [CG] CG iter 2: obj=1139649.260084, maxRC=306632.450684, +24 cols
    [CG]   [DIAG] iter=2 posCols=24 newCols=24 effImprove=24 updated=0
    [CG] CG iter 3: obj=1297561.665213, maxRC=363020.444529, +22 cols
    [CG]   [DIAG] iter=3 posCols=22 newCols=22 effImprove=22 updated=0
    [CG] CG iter 4: obj=1347977.119687, maxRC=249020.184255, +18 cols
    [CG]   [DIAG] iter=4 posCols=18 newCols=18 effImprove=18 updated=0
    [CG] CG iter 5: obj=1430116.676346, maxRC=188633.747647, +19 cols
    [CG]   [DIAG] iter=5 posCols=19 newCols=19 effImprove=19 updated=0
    [CG] CG iter 6: obj=1489969.955874, maxRC=217784.258848, +19 cols
    [CG]   [DIAG] iter=6 posCols=19 newCols=19 effImprove=19 updated=0
    [CG] CG iter 7: obj=1490856.825302, maxRC=207546.082079, +18 cols
    [CG]   [DIAG] iter=7 posCols=18 newCols=18 effImprove=18 updated=0
    [CG] CG iter 8: obj=1546209.050432, maxRC=161818.646352, +14 cols
    [CG]   [DIAG] iter=8 posCols=14 newCols=14 effImprove=14 updated=0
    [CG] CG iter 9: obj=1546209.050432, maxRC=105454.119991, +15 cols
    [CG]   [DIAG] iter=9 posCols=15 newCols=15 effImprove=15 updated=0
    [CG] CG iter 10: obj=1554460.784986, maxRC=39029.607654, +11 cols
    [CG]   [DIAG] iter=10 posCols=11 newCols=11 effImprove=11 updated=0
    [CG] CG iter 11: obj=1576457.138861, maxRC=24247.791461, +12 cols
    [CG]   [DIAG] iter=11 posCols=12 newCols=12 effImprove=12 updated=0
    [CG] CG iter 12: obj=1597377.937393, maxRC=21373.431008, +7 cols
    [CG]   [DIAG] iter=12 posCols=7 newCols=7 effImprove=7 updated=0
    [CG] CG iter 13: obj=1602386.866371, maxRC=6552.736781, +6 cols
    [CG]   [DIAG] iter=13 posCols=6 newCols=6 effImprove=6 updated=0
    [CG] CG iter 14: obj=1605663.234762, maxRC=5162.838140, +2 cols
    [CG]   [DIAG] iter=14 posCols=2 newCols=2 effImprove=2 updated=0
    [CG] CG iter 15: obj=1605663.234762, maxRC=3514.913170, +1 cols
    [CG]   [DIAG] iter=15 posCols=1 newCols=1 effImprove=1 updated=0
    [CG] CG iter 16: obj=1605663.234762, maxRC=3379.733912, +2 cols
    [CG]   [DIAG] iter=16 posCols=2 newCols=2 effImprove=2 updated=0
    [CG] CG iter 17: obj=1605663.234762, maxRC=373.196129, +2 cols
    [CG]   [DIAG] iter=17 posCols=2 newCols=2 effImprove=2 updated=0
    [CG] 列生成收敛，共 18 轮迭代
    [CG] [CG-NODE] depth=0 exit=CERTIFIED certified=1 feasible=1 iters=18 generatedColsBeforeNode=0 newCols=222 posCandidates=222 duplicateCandidates=0 updatedCols=0 zeroObjImproveIters=5 objFirst=704599.074202 objLast=1605663.234762 objGain=901064.160560 maxRC=828112.117161 wallSec=0.115464 pricingSec=0.104519 cplexSolveSec=0.006630
      [BB] 分支定界开始，根节点LP obj=1605663.234762，最大节点数=10000
      [BB] 根节点启发式下界 LB=1567373.457102（上界=1605663.234762）
    [CG] [BB-DIAG] 分支 x_{dc=5,retailer=27}, 节点数=1
    [CG] 列生成开始，初始列数=512
    [CG] CG iter 19: obj=1596341.573756, maxRC=136998.943704, +23 cols
    [CG]   [DIAG] iter=19 posCols=23 newCols=23 effImprove=23 updated=0
    [CG] CG iter 20: obj=1596341.573756, maxRC=30126.074266, +14 cols
    [CG]   [DIAG] iter=20 posCols=14 newCols=13 effImprove=14 updated=1
    [CG] CG iter 21: obj=1601274.263382, maxRC=6047.474642, +8 cols
    [CG]   [DIAG] iter=21 posCols=8 newCols=8 effImprove=8 updated=0
    [CG] CG iter 22: obj=1601274.263382, maxRC=6199.003610, +5 cols
    [CG]   [DIAG] iter=22 posCols=5 newCols=5 effImprove=5 updated=0
    [CG] CG iter 23: obj=1601668.376300, maxRC=138.292063, +1 cols
    [CG]   [DIAG] iter=23 posCols=1 newCols=1 effImprove=1 updated=0
    [CG] 列生成收敛，共 24 轮迭代
    [CG] [CG-NODE] depth=1 exit=CERTIFIED certified=1 feasible=1 iters=6 generatedColsBeforeNode=222 newCols=50 posCandidates=51 duplicateCandidates=1 updatedCols=1 zeroObjImproveIters=3 objFirst=1596341.573756 objLast=1601668.376300 objGain=5326.802543 maxRC=136998.943704 wallSec=0.017912 pricingSec=0.013706 cplexSolveSec=0.002707
    [CG] 列生成开始，初始列数=486
    [CG] CG iter 25: obj=1605535.017949, maxRC=88704.925911, +24 cols
    [CG]   [DIAG] iter=25 posCols=24 newCols=24 effImprove=24 updated=0
    [CG] CG iter 26: obj=1605535.017949, maxRC=18658.667213, +13 cols
    [CG]   [DIAG] iter=26 posCols=13 newCols=12 effImprove=13 updated=1
    [CG] CG iter 27: obj=1605535.017949, maxRC=7154.685479, +7 cols
    [CG]   [DIAG] iter=27 posCols=7 newCols=7 effImprove=7 updated=0
    [CG] CG iter 28: obj=1605535.017949, maxRC=199.454785, +2 cols
    [CG]   [DIAG] iter=28 posCols=2 newCols=2 effImprove=2 updated=0
    [CG] 列生成收敛，共 29 轮迭代
    [CG] [CG-NODE] depth=1 exit=CERTIFIED certified=1 feasible=1 iters=5 generatedColsBeforeNode=272 newCols=45 posCandidates=46 duplicateCandidates=1 updatedCols=1 zeroObjImproveIters=4 objFirst=1605535.017949 objLast=1605535.017949 objGain=0.000000 maxRC=88704.925911 wallSec=0.016595 pricingSec=0.012604 cplexSolveSec=0.002419
    [CG] [BB-INCUMBENT] selection=2 node=1 previous=1567373.457102 value=1605535.017949 active=1
    [CG] [BB-NODESEL] strategy=hybrid choice=dfs eligibleCount=1 active=1 gap=0.000000
      [BB] 分支定界结束：处理 3 节点，剪枝 1，剩余活跃 0，整数解 2，状态=OPTIMAL，最好可行 obj=1605535.017949，gap=0.000000
