    [CG] 列生成开始，初始列数=310
    [CG] CG iter 1: obj=461692.540604, maxRC=876667.861463, +30 cols
    [CG]   [DIAG] iter=1 posCols=30 newCols=30 effImprove=30 updated=0
    [CG] CG iter 2: obj=1014133.477706, maxRC=424204.011163, +25 cols
    [CG]   [DIAG] iter=2 posCols=25 newCols=25 effImprove=25 updated=0
    [CG] CG iter 3: obj=1068518.905883, maxRC=398328.727800, +27 cols
    [CG]   [DIAG] iter=3 posCols=27 newCols=27 effImprove=27 updated=0
    [CG] CG iter 4: obj=1170598.288686, maxRC=376515.864879, +22 cols
    [CG]   [DIAG] iter=4 posCols=22 newCols=20 effImprove=22 updated=2
    [CG] CG iter 5: obj=1170598.288686, maxRC=309353.732639, +22 cols
    [CG]   [DIAG] iter=5 posCols=22 newCols=22 effImprove=22 updated=0
    [CG] CG iter 6: obj=1170598.288686, maxRC=239544.393960, +18 cols
    [CG]   [DIAG] iter=6 posCols=18 newCols=18 effImprove=18 updated=0
    [CG] CG iter 7: obj=1202964.692471, maxRC=216826.155838, +15 cols
    [CG]   [DIAG] iter=7 posCols=15 newCols=14 effImprove=15 updated=1
    [CG] CG iter 8: obj=1259712.211064, maxRC=144750.605532, +13 cols
    [CG]   [DIAG] iter=8 posCols=13 newCols=13 effImprove=13 updated=0
    [CG] CG iter 9: obj=1272466.888937, maxRC=150062.878243, +12 cols
    [CG]   [DIAG] iter=9 posCols=12 newCols=12 effImprove=12 updated=0
    [CG] CG iter 10: obj=1306193.882348, maxRC=104050.949271, +12 cols
    [CG]   [DIAG] iter=10 posCols=12 newCols=12 effImprove=12 updated=0
    [CG] CG iter 11: obj=1328901.574178, maxRC=109584.023498, +12 cols
    [CG]   [DIAG] iter=11 posCols=12 newCols=12 effImprove=12 updated=0
    [CG] CG iter 12: obj=1329443.395959, maxRC=50893.526775, +12 cols
    [CG]   [DIAG] iter=12 posCols=12 newCols=12 effImprove=12 updated=0
    [CG] CG iter 13: obj=1338002.705567, maxRC=78859.990524, +11 cols
    [CG]   [DIAG] iter=13 posCols=11 newCols=11 effImprove=11 updated=0
    [CG] CG iter 14: obj=1344958.722074, maxRC=66458.339441, +10 cols
    [CG]   [DIAG] iter=14 posCols=10 newCols=10 effImprove=10 updated=0
    [CG] CG iter 15: obj=1357228.088159, maxRC=32934.973787, +10 cols
    [CG]   [DIAG] iter=15 posCols=10 newCols=10 effImprove=10 updated=0
    [CG] CG iter 16: obj=1357228.088159, maxRC=24643.064976, +7 cols
    [CG]   [DIAG] iter=16 posCols=7 newCols=7 effImprove=7 updated=0
    [CG] CG iter 17: obj=1357228.088159, maxRC=18471.149546, +6 cols
    [CG]   [DIAG] iter=17 posCols=6 newCols=6 effImprove=6 updated=0
    [CG] CG iter 18: obj=1357228.088159, maxRC=6891.154576, +5 cols
    [CG]   [DIAG] iter=18 posCols=5 newCols=5 effImprove=5 updated=0
    [CG] CG iter 19: obj=1357444.736477, maxRC=7222.850300, +5 cols
    [CG]   [DIAG] iter=19 posCols=5 newCols=5 effImprove=5 updated=0
    [CG] CG iter 20: obj=1358648.544860, maxRC=2920.517585, +4 cols
    [CG]   [DIAG] iter=20 posCols=4 newCols=4 effImprove=4 updated=0
    [CG] CG iter 21: obj=1360108.803653, maxRC=687.092193, +2 cols
    [CG]   [DIAG] iter=21 posCols=2 newCols=2 effImprove=2 updated=0
    [CG] CG iter 22: obj=1360452.349749, maxRC=332.291359, +2 cols
    [CG]   [DIAG] iter=22 posCols=2 newCols=2 effImprove=2 updated=0
    [CG] 列生成收敛，共 23 轮迭代
    [CG] [CG-NODE] depth=0 exit=CERTIFIED certified=1 feasible=1 iters=23 generatedColsBeforeNode=0 newCols=279 posCandidates=282 duplicateCandidates=3 updatedCols=3 zeroObjImproveIters=6 objFirst=461692.540604 objLast=1360452.349749 objGain=898759.809145 maxRC=876667.861463 wallSec=0.321217 pricingSec=0.308252 cplexSolveSec=0.008810
      [BB] 分支定界开始，根节点LP obj=1360452.349749，最大节点数=10000
      [BB] 根节点启发式下界 LB=1119419.331421（上界=1360452.349749）
    [CG] [BB-DIAG] 分支 x_{dc=0,retailer=11}, 节点数=1
    [CG] 列生成开始，初始列数=573
    [CG] CG iter 24: obj=1343074.761615, maxRC=112709.464618, +14 cols
    [CG]   [DIAG] iter=24 posCols=14 newCols=14 effImprove=14 updated=0
    [CG] CG iter 25: obj=1352773.502972, maxRC=41629.656437, +8 cols
    [CG]   [DIAG] iter=25 posCols=8 newCols=8 effImprove=8 updated=0
    [CG] CG iter 26: obj=1355962.570634, maxRC=1834.396224, +5 cols
    [CG]   [DIAG] iter=26 posCols=5 newCols=5 effImprove=5 updated=0
    [CG] CG iter 27: obj=1355962.570634, maxRC=671.213810, +2 cols
    [CG]   [DIAG] iter=27 posCols=2 newCols=2 effImprove=2 updated=0
    [CG] 列生成收敛，共 28 轮迭代
    [CG] [CG-NODE] depth=1 exit=CERTIFIED certified=1 feasible=1 iters=5 generatedColsBeforeNode=279 newCols=29 posCandidates=29 duplicateCandidates=0 updatedCols=0 zeroObjImproveIters=2 objFirst=1343074.761615 objLast=1355962.570634 objGain=12887.809020 maxRC=112709.464618 wallSec=0.057128 pricingSec=0.052793 cplexSolveSec=0.002771
    [CG] 列生成开始，初始列数=555
    [CG] CG iter 29: obj=1345167.724311, maxRC=138593.326856, +21 cols
    [CG]   [DIAG] iter=29 posCols=21 newCols=21 effImprove=21 updated=0
    [CG] CG iter 30: obj=1345167.724311, maxRC=59581.564355, +11 cols
    [CG]   [DIAG] iter=30 posCols=11 newCols=11 effImprove=11 updated=0
    [CG] CG iter 31: obj=1347176.808706, maxRC=19927.799981, +10 cols
    [CG]   [DIAG] iter=31 posCols=10 newCols=10 effImprove=10 updated=0
    [CG] CG iter 32: obj=1347176.808706, maxRC=3369.328064, +6 cols
    [CG]   [DIAG] iter=32 posCols=6 newCols=5 effImprove=6 updated=1
    [CG] CG iter 33: obj=1347176.808706, maxRC=3106.927006, +6 cols
    [CG]   [DIAG] iter=33 posCols=6 newCols=6 effImprove=6 updated=0
    [CG] CG iter 34: obj=1347789.232428, maxRC=1651.749696, +2 cols
    [CG]   [DIAG] iter=34 posCols=2 newCols=2 effImprove=2 updated=0
    [CG] CG iter 35: obj=1347789.232428, maxRC=611.872661, +1 cols
    [CG]   [DIAG] iter=35 posCols=1 newCols=1 effImprove=1 updated=0
    [CG] 列生成收敛，共 36 轮迭代
    [CG] [CG-NODE] depth=1 exit=CERTIFIED certified=1 feasible=1 iters=8 generatedColsBeforeNode=308 newCols=56 posCandidates=57 duplicateCandidates=1 updatedCols=1 zeroObjImproveIters=5 objFirst=1345167.724311 objLast=1347789.232428 objGain=2621.508117 maxRC=138593.326856 wallSec=0.095546 pricingSec=0.090157 cplexSolveSec=0.003558
    [CG] [BB-INCUMBENT] selection=2 node=1 previous=1119419.331421 value=1347789.232428 active=1
    [CG] [BB-NODESEL] strategy=hybrid choice=dfs eligibleCount=1 active=1 gap=0.006064
    [CG] [BB-INCUMBENT] selection=3 node=1 previous=1347789.232428 value=1355962.570634 active=0
      [BB] 分支定界结束：处理 3 节点，剪枝 0，剩余活跃 0，整数解 3，状态=OPTIMAL，最好可行 obj=1355962.570634，gap=0.000000
