    [CG] 列生成开始，初始列数=310
    [CG] CG iter 1: obj=717919.861248, maxRC=798160.963688, +27 cols
    [CG]   [DIAG] iter=1 posCols=27 newCols=27 effImprove=27 updated=0
    [CG] CG iter 2: obj=1140618.887497, maxRC=316128.288484, +24 cols
    [CG]   [DIAG] iter=2 posCols=24 newCols=24 effImprove=24 updated=0
    [CG] CG iter 3: obj=1347535.481881, maxRC=245550.976852, +23 cols
    [CG]   [DIAG] iter=3 posCols=23 newCols=23 effImprove=23 updated=0
    [CG] CG iter 4: obj=1388947.293672, maxRC=216909.113858, +21 cols
    [CG]   [DIAG] iter=4 posCols=21 newCols=21 effImprove=21 updated=0
    [CG] CG iter 5: obj=1462647.693958, maxRC=125419.314349, +17 cols
    [CG]   [DIAG] iter=5 posCols=17 newCols=17 effImprove=17 updated=0
    [CG] CG iter 6: obj=1512684.858244, maxRC=143785.395519, +17 cols
    [CG]   [DIAG] iter=6 posCols=17 newCols=16 effImprove=17 updated=1
    [CG] CG iter 7: obj=1526483.529137, maxRC=59966.740904, +15 cols
    [CG]   [DIAG] iter=7 posCols=15 newCols=15 effImprove=15 updated=0
    [CG] CG iter 8: obj=1587953.516562, maxRC=42800.679443, +13 cols
    [CG]   [DIAG] iter=8 posCols=13 newCols=12 effImprove=13 updated=1
    [CG] CG iter 9: obj=1598833.810767, maxRC=26043.449046, +10 cols
    [CG]   [DIAG] iter=9 posCols=10 newCols=10 effImprove=10 updated=0
    [CG] CG iter 10: obj=1605154.379969, maxRC=8800.543880, +8 cols
    [CG]   [DIAG] iter=10 posCols=8 newCols=8 effImprove=8 updated=0
    [CG] CG iter 11: obj=1613259.095872, maxRC=6435.089963, +2 cols
    [CG]   [DIAG] iter=11 posCols=2 newCols=2 effImprove=2 updated=0
    [CG] CG iter 12: obj=1613259.095872, maxRC=3786.985306, +2 cols
    [CG]   [DIAG] iter=12 posCols=2 newCols=2 effImprove=2 updated=0
    [CG] CG iter 13: obj=1613259.095872, maxRC=1633.728600, +2 cols
    [CG]   [DIAG] iter=13 posCols=2 newCols=2 effImprove=2 updated=0
    [CG] CG iter 14: obj=1613259.095872, maxRC=1356.249598, +3 cols
    [CG]   [DIAG] iter=14 posCols=3 newCols=3 effImprove=3 updated=0
    [CG] 列生成收敛，共 15 轮迭代
    [CG] [CG-NODE] depth=0 exit=CERTIFIED certified=1 feasible=1 iters=15 generatedColsBeforeNode=0 newCols=182 posCandidates=184 duplicateCandidates=2 updatedCols=2 zeroObjImproveIters=4 objFirst=717919.861248 objLast=1613259.095872 objGain=895339.234624 maxRC=798160.963688 wallSec=0.102106 pricingSec=0.092121 cplexSolveSec=0.005813
      [BB] 根节点即为整数解，obj=1613259.095872
