    [CG] 列生成开始，初始列数=310
    [CG] CG iter 1: obj=706130.956536, maxRC=897270.045788, +27 cols
    [CG]   [DIAG] iter=1 posCols=27 newCols=27 effImprove=27 updated=0
    [CG] CG iter 2: obj=1156573.966465, maxRC=330949.579925, +25 cols
    [CG]   [DIAG] iter=2 posCols=25 newCols=25 effImprove=25 updated=0
    [CG] CG iter 3: obj=1323614.058769, maxRC=375297.288915, +24 cols
    [CG]   [DIAG] iter=3 posCols=24 newCols=24 effImprove=24 updated=0
    [CG] CG iter 4: obj=1388232.454985, maxRC=193888.516701, +22 cols
    [CG]   [DIAG] iter=4 posCols=22 newCols=22 effImprove=22 updated=0
    [CG] CG iter 5: obj=1511241.247310, maxRC=184933.790467, +19 cols
    [CG]   [DIAG] iter=5 posCols=19 newCols=19 effImprove=19 updated=0
    [CG] CG iter 6: obj=1530387.123734, maxRC=169623.857238, +17 cols
    [CG]   [DIAG] iter=6 posCols=17 newCols=17 effImprove=17 updated=0
    [CG] CG iter 7: obj=1540858.729322, maxRC=114563.418974, +14 cols
    [CG]   [DIAG] iter=7 posCols=14 newCols=14 effImprove=14 updated=0
    [CG] CG iter 8: obj=1566492.052053, maxRC=35757.198418, +10 cols
    [CG]   [DIAG] iter=8 posCols=10 newCols=10 effImprove=10 updated=0
    [CG] CG iter 9: obj=1608127.506842, maxRC=16757.430570, +11 cols
    [CG]   [DIAG] iter=9 posCols=11 newCols=11 effImprove=11 updated=0
    [CG] CG iter 10: obj=1608127.506842, maxRC=11306.075510, +11 cols
    [CG]   [DIAG] iter=10 posCols=11 newCols=11 effImprove=11 updated=0
    [CG] CG iter 11: obj=1608127.506842, maxRC=8040.035146, +6 cols
    [CG]   [DIAG] iter=11 posCols=6 newCols=6 effImprove=6 updated=0
    [CG] CG iter 12: obj=1608127.506842, maxRC=3687.617047, +6 cols
    [CG]   [DIAG] iter=12 posCols=6 newCols=6 effImprove=6 updated=0
    [CG] CG iter 13: obj=1608127.506842, maxRC=2125.817183, +1 cols
    [CG]   [DIAG] iter=13 posCols=1 newCols=1 effImprove=1 updated=0
    [CG] 列生成收敛，共 14 轮迭代
    [CG] [CG-NODE] depth=0 exit=CERTIFIED certified=1 feasible=1 iters=14 generatedColsBeforeNode=0 newCols=193 posCandidates=193 duplicateCandidates=0 updatedCols=0 zeroObjImproveIters=5 objFirst=706130.956536 objLast=1608127.506842 objGain=901996.550306 maxRC=897270.045788 wallSec=0.102421 pricingSec=0.093275 cplexSolveSec=0.005232
      [BB] 根节点即为整数解，obj=1608127.506842
