    [CG] 列生成开始，初始列数=310
    [CG] CG iter 1: obj=606791.410865, maxRC=863619.630087, +30 cols
    [CG]   [DIAG] iter=1 posCols=30 newCols=30 effImprove=30 updated=0
    [CG] CG iter 2: obj=1100089.871778, maxRC=404217.001298, +28 cols
    [CG]   [DIAG] iter=2 posCols=28 newCols=28 effImprove=28 updated=0
    [CG] CG iter 3: obj=1227264.192592, maxRC=343645.733122, +27 cols
    [CG]   [DIAG] iter=3 posCols=27 newCols=27 effImprove=27 updated=0
    [CG] CG iter 4: obj=1311195.351065, maxRC=314310.553887, +24 cols
    [CG]   [DIAG] iter=4 posCols=24 newCols=24 effImprove=24 updated=0
    [CG] CG iter 5: obj=1340079.827533, maxRC=201983.102656, +21 cols
    [CG]   [DIAG] iter=5 posCols=21 newCols=21 effImprove=21 updated=0
    [CG] CG iter 6: obj=1373499.576134, maxRC=176681.270869, +20 cols
    [CG]   [DIAG] iter=6 posCols=20 newCols=20 effImprove=20 updated=0
    [CG] CG iter 7: obj=1412040.317717, maxRC=190263.184033, +16 cols
    [CG]   [DIAG] iter=7 posCols=16 newCols=16 effImprove=16 updated=0
    [CG] CG iter 8: obj=1428663.649471, maxRC=87628.342527, +15 cols
    [CG]   [DIAG] iter=8 posCols=15 newCols=15 effImprove=15 updated=0
    [CG] CG iter 9: obj=1486557.764889, maxRC=57098.554212, +14 cols
    [CG]   [DIAG] iter=9 posCols=14 newCols=14 effImprove=14 updated=0
    [CG] CG iter 10: obj=1505675.842551, maxRC=15136.988146, +14 cols
    [CG]   [DIAG] iter=10 posCols=14 newCols=13 effImprove=14 updated=1
    [CG] CG iter 11: obj=1527472.611137, maxRC=6490.170135, +8 cols
    [CG]   [DIAG] iter=11 posCols=8 newCols=8 effImprove=8 updated=0
    [CG] CG iter 12: obj=1533962.781271, maxRC=3037.555809, +2 cols
    [CG]   [DIAG] iter=12 posCols=2 newCols=2 effImprove=2 updated=0
    [CG] CG iter 13: obj=1533962.781271, maxRC=506.027528, +2 cols
    [CG]   [DIAG] iter=13 posCols=2 newCols=2 effImprove=2 updated=0
    [CG] 列生成收敛，共 14 轮迭代
    [CG] [CG-NODE] depth=0 exit=CERTIFIED certified=1 feasible=1 iters=14 generatedColsBeforeNode=0 newCols=220 posCandidates=221 duplicateCandidates=1 updatedCols=1 zeroObjImproveIters=2 objFirst=606791.410865 objLast=1533962.781271 objGain=927171.370407 maxRC=863619.630087 wallSec=0.126305 pricingSec=0.116705 cplexSolveSec=0.005575
      [BB] 根节点即为整数解，obj=1533962.781271
