    [CG] 列生成开始，初始列数=310
    [CG] CG iter 1: obj=728159.351526, maxRC=825439.780886, +27 cols
    [CG]   [DIAG] iter=1 posCols=27 newCols=27 effImprove=27 updated=0
    [CG] CG iter 2: obj=1137593.997396, maxRC=320149.407624, +25 cols
    [CG]   [DIAG] iter=2 posCols=25 newCols=25 effImprove=25 updated=0
    [CG] CG iter 3: obj=1394447.083369, maxRC=282738.445900, +23 cols
    [CG]   [DIAG] iter=3 posCols=23 newCols=23 effImprove=23 updated=0
    [CG] CG iter 4: obj=1451520.138815, maxRC=197108.641089, +18 cols
    [CG]   [DIAG] iter=4 posCols=18 newCols=18 effImprove=18 updated=0
    [CG] CG iter 5: obj=1482821.276679, maxRC=183400.629524, +15 cols
    [CG]   [DIAG] iter=5 posCols=15 newCols=15 effImprove=15 updated=0
    [CG] CG iter 6: obj=1511667.523509, maxRC=195300.610134, +21 cols
    [CG]   [DIAG] iter=6 posCols=21 newCols=21 effImprove=21 updated=0
    [CG] CG iter 7: obj=1546347.158634, maxRC=132320.701417, +15 cols
    [CG]   [DIAG] iter=7 posCols=15 newCols=15 effImprove=15 updated=0
    [CG] CG iter 8: obj=1567205.919358, maxRC=120527.208893, +16 cols
    [CG]   [DIAG] iter=8 posCols=16 newCols=16 effImprove=16 updated=0
    [CG] CG iter 9: obj=1596870.030218, maxRC=39718.322787, +15 cols
    [CG]   [DIAG] iter=9 posCols=15 newCols=15 effImprove=15 updated=0
    [CG] CG iter 10: obj=1612009.781835, maxRC=23338.108707, +11 cols
    [CG]   [DIAG] iter=10 posCols=11 newCols=11 effImprove=11 updated=0
    [CG] CG iter 11: obj=1619789.151404, maxRC=8350.839983, +7 cols
    [CG]   [DIAG] iter=11 posCols=7 newCols=6 effImprove=7 updated=1
    [CG] CG iter 12: obj=1625834.613004, maxRC=2900.966635, +5 cols
    [CG]   [DIAG] iter=12 posCols=5 newCols=5 effImprove=5 updated=0
    [CG] CG iter 13: obj=1625834.613004, maxRC=380.023454, +2 cols
    [CG]   [DIAG] iter=13 posCols=2 newCols=2 effImprove=2 updated=0
    [CG] 列生成收敛，共 14 轮迭代
    [CG] [CG-NODE] depth=0 exit=CERTIFIED certified=1 feasible=1 iters=14 generatedColsBeforeNode=0 newCols=199 posCandidates=200 duplicateCandidates=1 updatedCols=1 zeroObjImproveIters=2 objFirst=728159.351526 objLast=1625834.613004 objGain=897675.261478 maxRC=825439.780886 wallSec=0.111501 pricingSec=0.101421 cplexSolveSec=0.005917
      [BB] 根节点即为整数解，obj=1625834.613004
