    [CG] 列生成开始，初始列数=310
    [CG] CG iter 1: obj=700482.308735, maxRC=796050.931820, +27 cols
    [CG]   [DIAG] iter=1 posCols=27 newCols=27 effImprove=27 updated=0
    [CG] CG iter 2: obj=1131774.489216, maxRC=387616.709715, +25 cols
    [CG]   [DIAG] iter=2 posCols=25 newCols=25 effImprove=25 updated=0
    [CG] CG iter 3: obj=1225332.448687, maxRC=344391.332303, +27 cols
    [CG]   [DIAG] iter=3 posCols=27 newCols=27 effImprove=27 updated=0
    [CG] CG iter 4: obj=1337265.317567, maxRC=307540.755754, +20 cols
    [CG]   [DIAG] iter=4 posCols=20 newCols=20 effImprove=20 updated=0
    [CG] CG iter 5: obj=1337265.317567, maxRC=199845.782512, +18 cols
    [CG]   [DIAG] iter=5 posCols=18 newCols=18 effImprove=18 updated=0
    [CG] CG iter 6: obj=1431849.869054, maxRC=184668.261988, +21 cols
    [CG]   [DIAG] iter=6 posCols=21 newCols=21 effImprove=21 updated=0
    [CG] CG iter 7: obj=1469267.937274, maxRC=153710.247248, +15 cols
    [CG]   [DIAG] iter=7 posCols=15 newCols=15 effImprove=15 updated=0
    [CG] CG iter 8: obj=1499927.558170, maxRC=129467.640781, +18 cols
    [CG]   [DIAG] iter=8 posCols=18 newCols=18 effImprove=18 updated=0
    [CG] CG iter 9: obj=1545578.353819, maxRC=54255.763330, +15 cols
    [CG]   [DIAG] iter=9 posCols=15 newCols=15 effImprove=15 updated=0
    [CG] CG iter 10: obj=1564692.914421, maxRC=31614.077815, +15 cols
    [CG]   [DIAG] iter=10 posCols=15 newCols=15 effImprove=15 updated=0
    [CG] CG iter 11: obj=1573483.805730, maxRC=27704.941139, +12 cols
    [CG]   [DIAG] iter=11 posCols=12 newCols=12 effImprove=12 updated=0
    [CG] CG iter 12: obj=1590686.001694, maxRC=9187.808798, +5 cols
    [CG]   [DIAG] iter=12 posCols=5 newCols=5 effImprove=5 updated=0
    [CG] CG iter 13: obj=1590686.001694, maxRC=10344.473056, +5 cols
    [CG]   [DIAG] iter=13 posCols=5 newCols=5 effImprove=5 updated=0
    [CG] CG iter 14: obj=1600137.179162, maxRC=2360.076974, +2 cols
    [CG]   [DIAG] iter=14 posCols=2 newCols=2 effImprove=2 updated=0
    [CG] CG iter 15: obj=1600137.179162, maxRC=207.147900, +1 cols
    [CG]   [DIAG] iter=15 posCols=1 newCols=1 effImprove=1 updated=0
    [CG] 列生成收敛，共 16 轮迭代
    [CG] [CG-NODE] depth=0 exit=CERTIFIED certified=1 feasible=1 iters=16 generatedColsBeforeNode=0 newCols=226 posCandidates=226 duplicateCandidates=0 updatedCols=0 zeroObjImproveIters=4 objFirst=700482.308735 objLast=1600137.179162 objGain=899654.870427 maxRC=796050.931820 wallSec=0.119368 pricingSec=0.108983 cplexSolveSec=0.006076
      [BB] 根节点即为整数解，obj=1600137.179162
