    [CG] 列生成开始，初始列数=310
    [CG] CG iter 1: obj=551871.651172, maxRC=1500144.538287, +24 cols
    [CG]   [DIAG] iter=1 posCols=24 newCols=24 effImprove=24 updated=0
    [CG] CG iter 2: obj=1657762.944624, maxRC=559835.060703, +17 cols
    [CG]   [DIAG] iter=2 posCols=17 newCols=17 effImprove=17 updated=0
    [CG] CG iter 3: obj=1735028.089507, maxRC=593874.592003, +16 cols
    [CG]   [DIAG] iter=3 posCols=16 newCols=16 effImprove=16 updated=0
    [CG] CG iter 4: obj=1745478.069011, maxRC=536611.857034, +18 cols
    [CG]   [DIAG] iter=4 posCols=18 newCols=18 effImprove=18 updated=0
    [CG] CG iter 5: obj=1781606.125061, maxRC=437156.349063, +14 cols
    [CG]   [DIAG] iter=5 posCols=14 newCols=13 effImprove=14 updated=1
    [CG] CG iter 6: obj=1781606.125061, maxRC=467579.886987, +11 cols
    [CG]   [DIAG] iter=6 posCols=11 newCols=11 effImprove=11 updated=0
    [CG] CG iter 7: obj=1781606.125061, maxRC=427254.095633, +11 cols
    [CG]   [DIAG] iter=7 posCols=11 newCols=11 effImprove=11 updated=0
    [CG] CG iter 8: obj=1782899.178267, maxRC=386255.894175, +9 cols
    [CG]   [DIAG] iter=8 posCols=9 newCols=9 effImprove=9 updated=0
    [CG] CG iter 9: obj=1782899.178267, maxRC=353790.998791, +9 cols
    [CG]   [DIAG] iter=9 posCols=9 newCols=9 effImprove=9 updated=0
    [CG] CG iter 10: obj=1819306.228941, maxRC=269373.113937, +18 cols
    [CG]   [DIAG] iter=10 posCols=18 newCols=18 effImprove=18 updated=0
    [CG] CG iter 11: obj=1831322.770891, maxRC=191120.179691, +10 cols
    [CG]   [DIAG] iter=11 posCols=10 newCols=10 effImprove=10 updated=0
    [CG] CG iter 12: obj=1875627.441638, maxRC=220064.684034, +9 cols
    [CG]   [DIAG] iter=12 posCols=9 newCols=9 effImprove=9 updated=0
    [CG] CG iter 13: obj=1880613.016321, maxRC=140495.084063, +9 cols
    [CG]   [DIAG] iter=13 posCols=9 newCols=9 effImprove=9 updated=0
    [CG] CG iter 14: obj=1902933.423820, maxRC=98713.385203, +9 cols
    [CG]   [DIAG] iter=14 posCols=9 newCols=9 effImprove=9 updated=0
    [CG] CG iter 15: obj=1914742.811885, maxRC=111911.702406, +10 cols
    [CG]   [DIAG] iter=15 posCols=10 newCols=10 effImprove=10 updated=0
    [CG] CG iter 16: obj=1924230.354493, maxRC=80587.373672, +9 cols
    [CG]   [DIAG] iter=16 posCols=9 newCols=9 effImprove=9 updated=0
    [CG] CG iter 17: obj=1944702.010278, maxRC=47791.249985, +9 cols
    [CG]   [DIAG] iter=17 posCols=9 newCols=9 effImprove=9 updated=0
    [CG] CG iter 18: obj=1982305.586792, maxRC=40878.602483, +8 cols
    [CG]   [DIAG] iter=18 posCols=8 newCols=8 effImprove=8 updated=0
    [CG] CG iter 19: obj=1982305.586792, maxRC=28554.265087, +9 cols
    [CG]   [DIAG] iter=19 posCols=9 newCols=9 effImprove=9 updated=0
    [CG] CG iter 20: obj=2008255.957887, maxRC=23961.349712, +7 cols
    [CG]   [DIAG] iter=20 posCols=7 newCols=7 effImprove=7 updated=0
    [CG] CG iter 21: obj=2008255.957887, maxRC=10753.145869, +6 cols
    [CG]   [DIAG] iter=21 posCols=6 newCols=6 effImprove=6 updated=0
    [CG] CG iter 22: obj=2008255.957887, maxRC=12792.905415, +8 cols
    [CG]   [DIAG] iter=22 posCols=8 newCols=8 effImprove=8 updated=0
    [CG] CG iter 23: obj=2008255.957887, maxRC=3651.572731, +3 cols
    [CG]   [DIAG] iter=23 posCols=3 newCols=3 effImprove=3 updated=0
    [CG] CG iter 24: obj=2008255.957887, maxRC=1417.177824, +1 cols
    [CG]   [DIAG] iter=24 posCols=1 newCols=1 effImprove=1 updated=0
    [CG] CG iter 25: obj=2008255.957887, maxRC=1317.694425, +2 cols
    [CG]   [DIAG] iter=25 posCols=2 newCols=2 effImprove=2 updated=0
    [CG] CG iter 26: obj=2008255.957887, maxRC=609.241171, +3 cols
    [CG]   [DIAG] iter=26 posCols=3 newCols=3 effImprove=3 updated=0
    [CG] 列生成收敛，共 27 轮迭代
    [CG] [CG-NODE] depth=0 exit=CERTIFIED certified=1 feasible=1 iters=27 generatedColsBeforeNode=0 newCols=258 posCandidates=259 duplicateCandidates=1 updatedCols=1 zeroObjImproveIters=11 objFirst=551871.651172 objLast=2008255.957887 objGain=1456384.306715 maxRC=1500144.538287 wallSec=0.291759 pricingSec=0.277512 cplexSolveSec=0.008942
      [BB] 根节点即为整数解，obj=2008255.957887
