    [CG] 列生成开始，初始列数=310
    [CG] CG iter 1: obj=695612.789148, maxRC=1070140.106928, +30 cols
    [CG]   [DIAG] iter=1 posCols=30 newCols=30 effImprove=30 updated=0
    [CG] CG iter 2: obj=1305202.990737, maxRC=296204.518534, +24 cols
    [CG]   [DIAG] iter=2 posCols=24 newCols=24 effImprove=24 updated=0
    [CG] CG iter 3: obj=1396188.492649, maxRC=363244.130683, +23 cols
    [CG]   [DIAG] iter=3 posCols=23 newCols=23 effImprove=23 updated=0
    [CG] CG iter 4: obj=1432293.713202, maxRC=173412.448525, +21 cols
    [CG]   [DIAG] iter=4 posCols=21 newCols=21 effImprove=21 updated=0
    [CG] CG iter 5: obj=1533292.670015, maxRC=184888.208750, +21 cols
    [CG]   [DIAG] iter=5 posCols=21 newCols=21 effImprove=21 updated=0
    [CG] CG iter 6: obj=1570303.167626, maxRC=184633.245105, +20 cols
    [CG]   [DIAG] iter=6 posCols=20 newCols=20 effImprove=20 updated=0
    [CG] CG iter 7: obj=1570303.167626, maxRC=187808.423109, +22 cols
    [CG]   [DIAG] iter=7 posCols=22 newCols=22 effImprove=22 updated=0
    [CG] CG iter 8: obj=1570303.167626, maxRC=129409.962719, +17 cols
    [CG]   [DIAG] iter=8 posCols=17 newCols=17 effImprove=17 updated=0
    [CG] CG iter 9: obj=1570303.167626, maxRC=93123.058644, +19 cols
    [CG]   [DIAG] iter=9 posCols=19 newCols=18 effImprove=19 updated=1
    [CG] CG iter 10: obj=1588033.161956, maxRC=53090.826792, +14 cols
    [CG]   [DIAG] iter=10 posCols=14 newCols=14 effImprove=14 updated=0
    [CG] CG iter 11: obj=1605472.734774, maxRC=28333.237646, +10 cols
    [CG]   [DIAG] iter=11 posCols=10 newCols=10 effImprove=10 updated=0
    [CG] CG iter 12: obj=1615864.095298, maxRC=24360.999537, +8 cols
    [CG]   [DIAG] iter=12 posCols=8 newCols=8 effImprove=8 updated=0
    [CG] CG iter 13: obj=1615864.095298, maxRC=15544.813095, +6 cols
    [CG]   [DIAG] iter=13 posCols=6 newCols=6 effImprove=6 updated=0
    [CG] CG iter 14: obj=1615864.095298, maxRC=8873.555687, +5 cols
    [CG]   [DIAG] iter=14 posCols=5 newCols=4 effImprove=5 updated=1
    [CG] CG iter 15: obj=1625040.377021, maxRC=12293.876080, +8 cols
    [CG]   [DIAG] iter=15 posCols=8 newCols=8 effImprove=8 updated=0
    [CG] CG iter 16: obj=1625040.377021, maxRC=3688.184425, +5 cols
    [CG]   [DIAG] iter=16 posCols=5 newCols=5 effImprove=5 updated=0
    [CG] CG iter 17: obj=1627521.742409, maxRC=2311.217049, +3 cols
    [CG]   [DIAG] iter=17 posCols=3 newCols=3 effImprove=3 updated=0
    [CG] 列生成收敛，共 18 轮迭代
    [CG] [CG-NODE] depth=0 exit=CERTIFIED certified=1 feasible=1 iters=18 generatedColsBeforeNode=0 newCols=254 posCandidates=256 duplicateCandidates=2 updatedCols=2 zeroObjImproveIters=7 objFirst=695612.789148 objLast=1627521.742409 objGain=931908.953261 maxRC=1070140.106928 wallSec=0.163016 pricingSec=0.150951 cplexSolveSec=0.007550
      [BB] 根节点即为整数解，obj=1627521.742409
