    [CG] 列生成开始，初始列数=310
    [CG] CG iter 1: obj=730503.580343, maxRC=937501.133354, +30 cols
    [CG]   [DIAG] iter=1 posCols=30 newCols=30 effImprove=30 updated=0
    [CG] CG iter 2: obj=1249891.158604, maxRC=304167.162729, +25 cols
    [CG]   [DIAG] iter=2 posCols=25 newCols=25 effImprove=25 updated=0
    [CG] CG iter 3: obj=1427420.766180, maxRC=464643.886909, +25 cols
    [CG]   [DIAG] iter=3 posCols=25 newCols=25 effImprove=25 updated=0
    [CG] CG iter 4: obj=1497561.318031, maxRC=224484.135323, +21 cols
    [CG]   [DIAG] iter=4 posCols=21 newCols=21 effImprove=21 updated=0
    [CG] CG iter 5: obj=1520461.434706, maxRC=224563.053892, +24 cols
    [CG]   [DIAG] iter=5 posCols=24 newCols=24 effImprove=24 updated=0
    [CG] CG iter 6: obj=1571839.594954, maxRC=192472.510710, +21 cols
    [CG]   [DIAG] iter=6 posCols=21 newCols=21 effImprove=21 updated=0
    [CG] CG iter 7: obj=1621739.800034, maxRC=122820.669068, +19 cols
    [CG]   [DIAG] iter=7 posCols=19 newCols=18 effImprove=19 updated=1
    [CG] CG iter 8: obj=1637010.542759, maxRC=157061.120309, +17 cols
    [CG]   [DIAG] iter=8 posCols=17 newCols=17 effImprove=17 updated=0
    [CG] CG iter 9: obj=1646136.776118, maxRC=109394.638822, +17 cols
    [CG]   [DIAG] iter=9 posCols=17 newCols=17 effImprove=17 updated=0
    [CG] CG iter 10: obj=1671294.745776, maxRC=40317.812238, +14 cols
    [CG]   [DIAG] iter=10 posCols=14 newCols=14 effImprove=14 updated=0
    [CG] CG iter 11: obj=1694625.927929, maxRC=34867.138085, +13 cols
    [CG]   [DIAG] iter=11 posCols=13 newCols=13 effImprove=13 updated=0
    [CG] CG iter 12: obj=1714040.927117, maxRC=25284.718496, +15 cols
    [CG]   [DIAG] iter=12 posCols=15 newCols=15 effImprove=15 updated=0
    [CG] CG iter 13: obj=1714124.003935, maxRC=29855.849813, +10 cols
    [CG]   [DIAG] iter=13 posCols=10 newCols=8 effImprove=10 updated=2
    [CG] CG iter 14: obj=1716755.337250, maxRC=13895.255854, +7 cols
    [CG]   [DIAG] iter=14 posCols=7 newCols=7 effImprove=7 updated=0
    [CG] CG iter 15: obj=1726010.053648, maxRC=8380.957772, +9 cols
    [CG]   [DIAG] iter=15 posCols=9 newCols=8 effImprove=9 updated=1
    [CG] CG iter 16: obj=1730679.623372, maxRC=4920.228335, +4 cols
    [CG]   [DIAG] iter=16 posCols=4 newCols=4 effImprove=4 updated=0
    [CG] CG iter 17: obj=1730679.623372, maxRC=1575.409828, +4 cols
    [CG]   [DIAG] iter=17 posCols=4 newCols=4 effImprove=4 updated=0
    [CG] CG iter 18: obj=1730679.623372, maxRC=1264.920924, +1 cols
    [CG]   [DIAG] iter=18 posCols=1 newCols=1 effImprove=1 updated=0
    [CG] CG iter 19: obj=1730679.623372, maxRC=313.308688, +1 cols
    [CG]   [DIAG] iter=19 posCols=1 newCols=1 effImprove=1 updated=0
    [CG] 列生成收敛，共 20 轮迭代
    [CG] [CG-NODE] depth=0 exit=CERTIFIED certified=1 feasible=1 iters=20 generatedColsBeforeNode=0 newCols=273 posCandidates=277 duplicateCandidates=4 updatedCols=4 zeroObjImproveIters=4 objFirst=730503.580343 objLast=1730679.623372 objGain=1000176.043029 maxRC=937501.133354 wallSec=0.124020 pricingSec=0.113395 cplexSolveSec=0.007195
      [BB] 根节点即为整数解，obj=1730679.623372
