    [CG] 列生成开始，初始列数=310
    [CG] CG iter 1: obj=981699.687377, maxRC=1620778.842186, +30 cols
    [CG]   [DIAG] iter=1 posCols=30 newCols=30 effImprove=30 updated=0
    [CG] CG iter 2: obj=1950738.245692, maxRC=352774.001660, +28 cols
    [CG]   [DIAG] iter=2 posCols=28 newCols=28 effImprove=28 updated=0
    [CG] CG iter 3: obj=2183181.154152, maxRC=607334.688163, +30 cols
    [CG]   [DIAG] iter=3 posCols=30 newCols=30 effImprove=30 updated=0
    [CG] CG iter 4: obj=2282598.673319, maxRC=345728.160664, +30 cols
    [CG]   [DIAG] iter=4 posCols=30 newCols=30 effImprove=30 updated=0
    [CG] CG iter 5: obj=2294937.761494, maxRC=323472.732902, +29 cols
    [CG]   [DIAG] iter=5 posCols=29 newCols=29 effImprove=29 updated=0
    [CG] CG iter 6: obj=2355844.699542, maxRC=173927.687376, +22 cols
    [CG]   [DIAG] iter=6 posCols=22 newCols=22 effImprove=22 updated=0
    [CG] CG iter 7: obj=2389638.015278, maxRC=182213.867924, +22 cols
    [CG]   [DIAG] iter=7 posCols=22 newCols=22 effImprove=22 updated=0
    [CG] CG iter 8: obj=2489297.597795, maxRC=187015.412760, +20 cols
    [CG]   [DIAG] iter=8 posCols=20 newCols=19 effImprove=20 updated=1
    [CG] CG iter 9: obj=2528970.318952, maxRC=81065.053432, +15 cols
    [CG]   [DIAG] iter=9 posCols=15 newCols=13 effImprove=15 updated=2
    [CG] CG iter 10: obj=2541651.276093, maxRC=91118.285567, +16 cols
    [CG]   [DIAG] iter=10 posCols=16 newCols=16 effImprove=16 updated=0
    [CG] CG iter 11: obj=2553259.114547, maxRC=64766.051454, +11 cols
    [CG]   [DIAG] iter=11 posCols=11 newCols=11 effImprove=11 updated=0
    [CG] CG iter 12: obj=2577833.782695, maxRC=76390.432766, +15 cols
    [CG]   [DIAG] iter=12 posCols=15 newCols=15 effImprove=15 updated=0
    [CG] CG iter 13: obj=2582017.645224, maxRC=58993.415158, +9 cols
    [CG]   [DIAG] iter=13 posCols=9 newCols=9 effImprove=9 updated=0
    [CG] CG iter 14: obj=2585895.460705, maxRC=40733.601425, +11 cols
    [CG]   [DIAG] iter=14 posCols=11 newCols=11 effImprove=11 updated=0
    [CG] CG iter 15: obj=2595555.732524, maxRC=42184.816116, +10 cols
    [CG]   [DIAG] iter=15 posCols=10 newCols=10 effImprove=10 updated=0
    [CG] CG iter 16: obj=2595555.732524, maxRC=43241.573492, +6 cols
    [CG]   [DIAG] iter=16 posCols=6 newCols=6 effImprove=6 updated=0
    [CG] CG iter 17: obj=2599656.394725, maxRC=24384.124436, +9 cols
    [CG]   [DIAG] iter=17 posCols=9 newCols=9 effImprove=9 updated=0
    [CG] CG iter 18: obj=2606075.564812, maxRC=21665.431049, +6 cols
    [CG]   [DIAG] iter=18 posCols=6 newCols=5 effImprove=6 updated=1
    [CG] CG iter 19: obj=2623327.059631, maxRC=20930.294198, +6 cols
    [CG]   [DIAG] iter=19 posCols=6 newCols=6 effImprove=6 updated=0
    [CG] CG iter 20: obj=2623327.059631, maxRC=16961.154091, +6 cols
    [CG]   [DIAG] iter=20 posCols=6 newCols=6 effImprove=6 updated=0
    [CG] CG iter 21: obj=2623327.059631, maxRC=5390.757380, +3 cols
    [CG]   [DIAG] iter=21 posCols=3 newCols=3 effImprove=3 updated=0
    [CG] CG iter 22: obj=2623327.059631, maxRC=2473.787658, +3 cols
    [CG]   [DIAG] iter=22 posCols=3 newCols=3 effImprove=3 updated=0
    [CG] CG iter 23: obj=2623327.059631, maxRC=1261.408649, +1 cols
    [CG]   [DIAG] iter=23 posCols=1 newCols=1 effImprove=1 updated=0
    [CG] CG iter 24: obj=2623327.059631, maxRC=527.781734, +1 cols
    [CG]   [DIAG] iter=24 posCols=1 newCols=1 effImprove=1 updated=0
    [CG] CG iter 25: obj=2623327.059631, maxRC=338.478650, +1 cols
    [CG]   [DIAG] iter=25 posCols=1 newCols=1 effImprove=1 updated=0
    [CG] 列生成收敛，共 26 轮迭代
    [CG] [CG-NODE] depth=0 exit=CERTIFIED certified=1 feasible=1 iters=26 generatedColsBeforeNode=0 newCols=336 posCandidates=340 duplicateCandidates=4 updatedCols=4 zeroObjImproveIters=8 objFirst=981699.687377 objLast=2623327.059631 objGain=1641627.372254 maxRC=1620778.842186 wallSec=0.283945 pricingSec=0.268732 cplexSolveSec=0.009828
      [BB] 根节点即为整数解，obj=2623327.059631
