    [CG] 列生成开始，初始列数=310
    [CG] CG iter 1: obj=998339.381877, maxRC=1552201.215495, +30 cols
    [CG]   [DIAG] iter=1 posCols=30 newCols=30 effImprove=30 updated=0
    [CG] CG iter 2: obj=1912037.743997, maxRC=403552.536681, +25 cols
    [CG]   [DIAG] iter=2 posCols=25 newCols=25 effImprove=25 updated=0
    [CG] CG iter 3: obj=2105866.645242, maxRC=508663.759656, +30 cols
    [CG]   [DIAG] iter=3 posCols=30 newCols=30 effImprove=30 updated=0
    [CG] CG iter 4: obj=2164256.973433, maxRC=552105.449324, +30 cols
    [CG]   [DIAG] iter=4 posCols=30 newCols=30 effImprove=30 updated=0
    [CG] CG iter 5: obj=2221653.897780, maxRC=191513.117545, +28 cols
    [CG]   [DIAG] iter=5 posCols=28 newCols=28 effImprove=28 updated=0
    [CG] CG iter 6: obj=2303679.378408, maxRC=244864.941147, +27 cols
    [CG]   [DIAG] iter=6 posCols=27 newCols=27 effImprove=27 updated=0
    [CG] CG iter 7: obj=2325951.102393, maxRC=206501.241515, +26 cols
    [CG]   [DIAG] iter=7 posCols=26 newCols=26 effImprove=26 updated=0
    [CG] CG iter 8: obj=2408367.940767, maxRC=150975.302847, +18 cols
    [CG]   [DIAG] iter=8 posCols=18 newCols=17 effImprove=18 updated=1
    [CG] CG iter 9: obj=2463854.509483, maxRC=137964.773413, +12 cols
    [CG]   [DIAG] iter=9 posCols=12 newCols=12 effImprove=12 updated=0
    [CG] CG iter 10: obj=2512131.271843, maxRC=135110.360463, +21 cols
    [CG]   [DIAG] iter=10 posCols=21 newCols=21 effImprove=21 updated=0
    [CG] CG iter 11: obj=2537122.442412, maxRC=97036.322862, +14 cols
    [CG]   [DIAG] iter=11 posCols=14 newCols=13 effImprove=14 updated=1
    [CG] CG iter 12: obj=2540062.229478, maxRC=116656.908062, +12 cols
    [CG]   [DIAG] iter=12 posCols=12 newCols=12 effImprove=12 updated=0
    [CG] CG iter 13: obj=2558930.404743, maxRC=50351.988822, +13 cols
    [CG]   [DIAG] iter=13 posCols=13 newCols=12 effImprove=13 updated=1
    [CG] CG iter 14: obj=2563768.335843, maxRC=62041.739058, +8 cols
    [CG]   [DIAG] iter=14 posCols=8 newCols=8 effImprove=8 updated=0
    [CG] CG iter 15: obj=2566555.305459, maxRC=41128.281895, +7 cols
    [CG]   [DIAG] iter=15 posCols=7 newCols=7 effImprove=7 updated=0
    [CG] CG iter 16: obj=2584808.885206, maxRC=37287.485809, +7 cols
    [CG]   [DIAG] iter=16 posCols=7 newCols=7 effImprove=7 updated=0
    [CG] CG iter 17: obj=2584808.885206, maxRC=15443.783518, +3 cols
    [CG]   [DIAG] iter=17 posCols=3 newCols=3 effImprove=3 updated=0
    [CG] CG iter 18: obj=2600252.668724, maxRC=23656.999507, +7 cols
    [CG]   [DIAG] iter=18 posCols=7 newCols=7 effImprove=7 updated=0
    [CG] CG iter 19: obj=2600252.668724, maxRC=5756.206834, +1 cols
    [CG]   [DIAG] iter=19 posCols=1 newCols=1 effImprove=1 updated=0
    [CG] 列生成收敛，共 20 轮迭代
    [CG] [CG-NODE] depth=0 exit=CERTIFIED certified=1 feasible=1 iters=20 generatedColsBeforeNode=0 newCols=316 posCandidates=319 duplicateCandidates=3 updatedCols=3 zeroObjImproveIters=3 objFirst=998339.381877 objLast=2600252.668724 objGain=1601913.286847 maxRC=1552201.215495 wallSec=0.238720 pricingSec=0.208657 cplexSolveSec=0.008571
      [BB] 根节点即为整数解，obj=2600252.668724
