    [CG] 列生成开始，初始列数=310
    [CG] CG iter 1: obj=1003948.706170, maxRC=1552194.739025, +30 cols
    [CG]   [DIAG] iter=1 posCols=30 newCols=30 effImprove=30 updated=0
    [CG] CG iter 2: obj=1913788.784948, maxRC=410623.422449, +27 cols
    [CG]   [DIAG] iter=2 posCols=27 newCols=27 effImprove=27 updated=0
    [CG] CG iter 3: obj=2193598.209487, maxRC=683552.495888, +30 cols
    [CG]   [DIAG] iter=3 posCols=30 newCols=30 effImprove=30 updated=0
    [CG] CG iter 4: obj=2193598.209487, maxRC=613605.073169, +30 cols
    [CG]   [DIAG] iter=4 posCols=30 newCols=30 effImprove=30 updated=0
    [CG] CG iter 5: obj=2262016.712176, maxRC=355243.809294, +30 cols
    [CG]   [DIAG] iter=5 posCols=30 newCols=30 effImprove=30 updated=0
    [CG] CG iter 6: obj=2280252.722993, maxRC=259241.105644, +27 cols
    [CG]   [DIAG] iter=6 posCols=27 newCols=27 effImprove=27 updated=0
    [CG] CG iter 7: obj=2320193.608189, maxRC=209624.824936, +28 cols
    [CG]   [DIAG] iter=7 posCols=28 newCols=28 effImprove=28 updated=0
    [CG] CG iter 8: obj=2381329.102432, maxRC=160475.742112, +22 cols
    [CG]   [DIAG] iter=8 posCols=22 newCols=22 effImprove=22 updated=0
    [CG] CG iter 9: obj=2453743.073256, maxRC=155466.961753, +23 cols
    [CG]   [DIAG] iter=9 posCols=23 newCols=22 effImprove=23 updated=1
    [CG] CG iter 10: obj=2502813.347246, maxRC=141349.799239, +17 cols
    [CG]   [DIAG] iter=10 posCols=17 newCols=17 effImprove=17 updated=0
    [CG] CG iter 11: obj=2514299.603328, maxRC=134263.326353, +19 cols
    [CG]   [DIAG] iter=11 posCols=19 newCols=19 effImprove=19 updated=0
    [CG] CG iter 12: obj=2546503.585825, maxRC=93196.960871, +13 cols
    [CG]   [DIAG] iter=12 posCols=13 newCols=12 effImprove=13 updated=1
    [CG] CG iter 13: obj=2558097.407240, maxRC=44808.000803, +12 cols
    [CG]   [DIAG] iter=13 posCols=12 newCols=11 effImprove=12 updated=1
    [CG] CG iter 14: obj=2574556.146002, maxRC=54415.045486, +7 cols
    [CG]   [DIAG] iter=14 posCols=7 newCols=7 effImprove=7 updated=0
    [CG] CG iter 15: obj=2577511.746781, maxRC=28110.969885, +3 cols
    [CG]   [DIAG] iter=15 posCols=3 newCols=3 effImprove=3 updated=0
    [CG] CG iter 16: obj=2591567.231724, maxRC=18915.259880, +6 cols
    [CG]   [DIAG] iter=16 posCols=6 newCols=6 effImprove=6 updated=0
    [CG] CG iter 17: obj=2591567.231724, maxRC=11364.287581, +2 cols
    [CG]   [DIAG] iter=17 posCols=2 newCols=2 effImprove=2 updated=0
    [CG] CG iter 18: obj=2602931.519305, maxRC=11026.139649, +3 cols
    [CG]   [DIAG] iter=18 posCols=3 newCols=3 effImprove=3 updated=0
    [CG] CG iter 19: obj=2602931.519305, maxRC=6497.112159, +3 cols
    [CG]   [DIAG] iter=19 posCols=3 newCols=3 effImprove=3 updated=0
    [CG] CG iter 20: obj=2602931.519305, maxRC=6866.983124, +3 cols
    [CG]   [DIAG] iter=20 posCols=3 newCols=3 effImprove=3 updated=0
    [CG] CG iter 21: obj=2602931.519305, maxRC=6646.752925, +1 cols
    [CG]   [DIAG] iter=21 posCols=1 newCols=1 effImprove=1 updated=0
    [CG] CG iter 22: obj=2602931.519305, maxRC=9336.247723, +3 cols
    [CG]   [DIAG] iter=22 posCols=3 newCols=3 effImprove=3 updated=0
    [CG] CG iter 23: obj=2602931.519305, maxRC=506.753111, +1 cols
    [CG]   [DIAG] iter=23 posCols=1 newCols=1 effImprove=1 updated=0
    [CG] CG iter 24: obj=2602931.519305, maxRC=364.847161, +1 cols
    [CG]   [DIAG] iter=24 posCols=1 newCols=1 effImprove=1 updated=0
    [CG] 列生成收敛，共 25 轮迭代
    [CG] [CG-NODE] depth=0 exit=CERTIFIED certified=1 feasible=1 iters=25 generatedColsBeforeNode=0 newCols=338 posCandidates=341 duplicateCandidates=3 updatedCols=3 zeroObjImproveIters=9 objFirst=1003948.706170 objLast=2602931.519305 objGain=1598982.813134 maxRC=1552194.739025 wallSec=0.287552 pricingSec=0.253355 cplexSolveSec=0.010248
      [BB] 根节点即为整数解，obj=2602931.519305
