    [CG] 列生成开始，初始列数=310
    [CG] CG iter 1: obj=993734.537059, maxRC=1624198.512352, +30 cols
    [CG]   [DIAG] iter=1 posCols=30 newCols=30 effImprove=30 updated=0
    [CG] CG iter 2: obj=1971859.604301, maxRC=294141.625240, +28 cols
    [CG]   [DIAG] iter=2 posCols=28 newCols=28 effImprove=28 updated=0
    [CG] CG iter 3: obj=2172891.167655, maxRC=682151.207582, +30 cols
    [CG]   [DIAG] iter=3 posCols=30 newCols=30 effImprove=30 updated=0
    [CG] CG iter 4: obj=2229909.835070, maxRC=290717.318266, +29 cols
    [CG]   [DIAG] iter=4 posCols=29 newCols=29 effImprove=29 updated=0
    [CG] CG iter 5: obj=2284813.116224, maxRC=208180.569200, +25 cols
    [CG]   [DIAG] iter=5 posCols=25 newCols=25 effImprove=25 updated=0
    [CG] CG iter 6: obj=2354085.616943, maxRC=206109.101182, +23 cols
    [CG]   [DIAG] iter=6 posCols=23 newCols=23 effImprove=23 updated=0
    [CG] CG iter 7: obj=2412243.881102, maxRC=169690.733760, +21 cols
    [CG]   [DIAG] iter=7 posCols=21 newCols=21 effImprove=21 updated=0
    [CG] CG iter 8: obj=2454377.297744, maxRC=112016.463995, +17 cols
    [CG]   [DIAG] iter=8 posCols=17 newCols=17 effImprove=17 updated=0
    [CG] CG iter 9: obj=2504953.232297, maxRC=139129.299777, +18 cols
    [CG]   [DIAG] iter=9 posCols=18 newCols=17 effImprove=18 updated=1
    [CG] CG iter 10: obj=2519170.817162, maxRC=77747.802545, +13 cols
    [CG]   [DIAG] iter=10 posCols=13 newCols=12 effImprove=13 updated=1
    [CG] CG iter 11: obj=2554089.670612, maxRC=87187.372351, +15 cols
    [CG]   [DIAG] iter=11 posCols=15 newCols=15 effImprove=15 updated=0
    [CG] CG iter 12: obj=2554089.670612, maxRC=64112.047373, +13 cols
    [CG]   [DIAG] iter=12 posCols=13 newCols=13 effImprove=13 updated=0
    [CG] CG iter 13: obj=2561976.370338, maxRC=41240.366613, +14 cols
    [CG]   [DIAG] iter=13 posCols=14 newCols=14 effImprove=14 updated=0
    [CG] CG iter 14: obj=2569564.315287, maxRC=49967.489963, +11 cols
    [CG]   [DIAG] iter=14 posCols=11 newCols=11 effImprove=11 updated=0
    [CG] CG iter 15: obj=2585846.279596, maxRC=32986.839944, +9 cols
    [CG]   [DIAG] iter=15 posCols=9 newCols=8 effImprove=9 updated=1
    [CG] CG iter 16: obj=2585846.279596, maxRC=30591.652993, +7 cols
    [CG]   [DIAG] iter=16 posCols=7 newCols=7 effImprove=7 updated=0
    [CG] CG iter 17: obj=2585846.279596, maxRC=20769.786555, +8 cols
    [CG]   [DIAG] iter=17 posCols=8 newCols=8 effImprove=8 updated=0
    [CG] CG iter 18: obj=2594540.386780, maxRC=12861.688030, +7 cols
    [CG]   [DIAG] iter=18 posCols=7 newCols=7 effImprove=7 updated=0
    [CG] CG iter 19: obj=2603608.589008, maxRC=3166.871294, +4 cols
    [CG]   [DIAG] iter=19 posCols=4 newCols=4 effImprove=4 updated=0
    [CG] CG iter 20: obj=2603608.589008, maxRC=822.877937, +1 cols
    [CG]   [DIAG] iter=20 posCols=1 newCols=1 effImprove=1 updated=0
    [CG] 列生成收敛，共 21 轮迭代
    [CG] [CG-NODE] depth=0 exit=CERTIFIED certified=1 feasible=1 iters=21 generatedColsBeforeNode=0 newCols=320 posCandidates=323 duplicateCandidates=3 updatedCols=3 zeroObjImproveIters=5 objFirst=993734.537059 objLast=2603608.589008 objGain=1609874.051949 maxRC=1624198.512352 wallSec=0.213190 pricingSec=0.200495 cplexSolveSec=0.008829
      [BB] 根节点即为整数解，obj=2603608.589008
