    [CG] 列生成开始，初始列数=310
    [CG] CG iter 1: obj=695593.111959, maxRC=1604674.292911, +30 cols
    [CG]   [DIAG] iter=1 posCols=30 newCols=30 effImprove=30 updated=0
    [CG] CG iter 2: obj=1760005.803758, maxRC=457238.362592, +20 cols
    [CG]   [DIAG] iter=2 posCols=20 newCols=20 effImprove=20 updated=0
    [CG] CG iter 3: obj=1808711.819473, maxRC=591851.945968, +21 cols
    [CG]   [DIAG] iter=3 posCols=21 newCols=21 effImprove=21 updated=0
    [CG] CG iter 4: obj=1808711.819473, maxRC=488544.005744, +18 cols
    [CG]   [DIAG] iter=4 posCols=18 newCols=18 effImprove=18 updated=0
    [CG] CG iter 5: obj=1885329.578425, maxRC=454287.758480, +19 cols
    [CG]   [DIAG] iter=5 posCols=19 newCols=19 effImprove=19 updated=0
    [CG] CG iter 6: obj=1905089.310056, maxRC=443682.207928, +14 cols
    [CG]   [DIAG] iter=6 posCols=14 newCols=14 effImprove=14 updated=0
    [CG] CG iter 7: obj=1940751.617562, maxRC=279312.214366, +11 cols
    [CG]   [DIAG] iter=7 posCols=11 newCols=11 effImprove=11 updated=0
    [CG] CG iter 8: obj=2011064.365752, maxRC=314129.025578, +10 cols
    [CG]   [DIAG] iter=8 posCols=10 newCols=10 effImprove=10 updated=0
    [CG] CG iter 9: obj=2011064.365752, maxRC=232031.524383, +9 cols
    [CG]   [DIAG] iter=9 posCols=9 newCols=9 effImprove=9 updated=0
    [CG] CG iter 10: obj=2011064.365752, maxRC=281201.487201, +16 cols
    [CG]   [DIAG] iter=10 posCols=16 newCols=16 effImprove=16 updated=0
    [CG] CG iter 11: obj=2011064.365752, maxRC=125822.174066, +12 cols
    [CG]   [DIAG] iter=11 posCols=12 newCols=11 effImprove=12 updated=1
    [CG] CG iter 12: obj=2026266.242331, maxRC=93201.548026, +9 cols
    [CG]   [DIAG] iter=12 posCols=9 newCols=9 effImprove=9 updated=0
    [CG] CG iter 13: obj=2049563.548206, maxRC=41867.331213, +9 cols
    [CG]   [DIAG] iter=13 posCols=9 newCols=9 effImprove=9 updated=0
    [CG] CG iter 14: obj=2049563.548206, maxRC=33970.264228, +9 cols
    [CG]   [DIAG] iter=14 posCols=9 newCols=9 effImprove=9 updated=0
    [CG] CG iter 15: obj=2052682.075625, maxRC=53132.278012, +9 cols
    [CG]   [DIAG] iter=15 posCols=9 newCols=9 effImprove=9 updated=0
    [CG] CG iter 16: obj=2054309.962766, maxRC=32288.659840, +7 cols
    [CG]   [DIAG] iter=16 posCols=7 newCols=7 effImprove=7 updated=0
    [CG] CG iter 17: obj=2083034.191183, maxRC=55176.634637, +9 cols
    [CG]   [DIAG] iter=17 posCols=9 newCols=9 effImprove=9 updated=0
    [CG] CG iter 18: obj=2083034.191183, maxRC=19452.187514, +7 cols
    [CG]   [DIAG] iter=18 posCols=7 newCols=7 effImprove=7 updated=0
    [CG] CG iter 19: obj=2083034.191183, maxRC=8377.882702, +7 cols
    [CG]   [DIAG] iter=19 posCols=7 newCols=6 effImprove=7 updated=1
    [CG] CG iter 20: obj=2083034.191183, maxRC=9001.098126, +7 cols
    [CG]   [DIAG] iter=20 posCols=7 newCols=6 effImprove=7 updated=1
    [CG] CG iter 21: obj=2083034.191183, maxRC=4318.183301, +3 cols
    [CG]   [DIAG] iter=21 posCols=3 newCols=3 effImprove=3 updated=0
    [CG] CG iter 22: obj=2083034.191183, maxRC=4146.096492, +3 cols
    [CG]   [DIAG] iter=22 posCols=3 newCols=3 effImprove=3 updated=0
    [CG] CG iter 23: obj=2083034.191183, maxRC=2609.504673, +1 cols
    [CG]   [DIAG] iter=23 posCols=1 newCols=1 effImprove=1 updated=0
    [CG] 列生成收敛，共 24 轮迭代
    [CG] [CG-NODE] depth=0 exit=CERTIFIED certified=1 feasible=1 iters=24 generatedColsBeforeNode=0 newCols=257 posCandidates=260 duplicateCandidates=3 updatedCols=3 zeroObjImproveIters=12 objFirst=695593.111959 objLast=2083034.191183 objGain=1387441.079224 maxRC=1604674.292911 wallSec=0.191911 pricingSec=0.178380 cplexSolveSec=0.008644
      [BB] 根节点即为整数解，obj=2083034.191183
