    [CG] 列生成开始，初始列数=310
    [CG] CG iter 1: obj=951652.846814, maxRC=1286004.494007, +30 cols
    [CG]   [DIAG] iter=1 posCols=30 newCols=30 effImprove=30 updated=0
    [CG] CG iter 2: obj=1758148.001692, maxRC=247041.974544, +28 cols
    [CG]   [DIAG] iter=2 posCols=28 newCols=28 effImprove=28 updated=0
    [CG] CG iter 3: obj=1965979.280646, maxRC=289484.290867, +29 cols
    [CG]   [DIAG] iter=3 posCols=29 newCols=29 effImprove=29 updated=0
    [CG] CG iter 4: obj=2016004.403073, maxRC=270125.529816, +27 cols
    [CG]   [DIAG] iter=4 posCols=27 newCols=27 effImprove=27 updated=0
    [CG] CG iter 5: obj=2082922.727618, maxRC=174644.286668, +26 cols
    [CG]   [DIAG] iter=5 posCols=26 newCols=25 effImprove=26 updated=1
    [CG] CG iter 6: obj=2108134.546058, maxRC=83818.360358, +20 cols
    [CG]   [DIAG] iter=6 posCols=20 newCols=19 effImprove=20 updated=1
    [CG] CG iter 7: obj=2200568.093528, maxRC=57390.616022, +17 cols
    [CG]   [DIAG] iter=7 posCols=17 newCols=15 effImprove=17 updated=2
    [CG] CG iter 8: obj=2217614.610641, maxRC=52222.507798, +6 cols
    [CG]   [DIAG] iter=8 posCols=6 newCols=6 effImprove=6 updated=0
    [CG] CG iter 9: obj=2217614.610641, maxRC=34005.211185, +6 cols
    [CG]   [DIAG] iter=9 posCols=6 newCols=6 effImprove=6 updated=0
    [CG] CG iter 10: obj=2217614.610641, maxRC=17374.071745, +9 cols
    [CG]   [DIAG] iter=10 posCols=9 newCols=9 effImprove=9 updated=0
    [CG] CG iter 11: obj=2219380.377297, maxRC=13287.690179, +6 cols
    [CG]   [DIAG] iter=11 posCols=6 newCols=6 effImprove=6 updated=0
    [CG] CG iter 12: obj=2219380.377297, maxRC=2781.729288, +5 cols
    [CG]   [DIAG] iter=12 posCols=5 newCols=5 effImprove=5 updated=0
    [CG] CG iter 13: obj=2223354.532556, maxRC=4204.263380, +4 cols
    [CG]   [DIAG] iter=13 posCols=4 newCols=4 effImprove=4 updated=0
    [CG] CG iter 14: obj=2223354.532556, maxRC=1180.817737, +1 cols
    [CG]   [DIAG] iter=14 posCols=1 newCols=1 effImprove=1 updated=0
    [CG] CG iter 15: obj=2223354.532556, maxRC=673.933511, +2 cols
    [CG]   [DIAG] iter=15 posCols=2 newCols=2 effImprove=2 updated=0
    [CG] 列生成收敛，共 16 轮迭代
    [CG] [CG-NODE] depth=0 exit=CERTIFIED certified=1 feasible=1 iters=16 generatedColsBeforeNode=0 newCols=212 posCandidates=216 duplicateCandidates=4 updatedCols=4 zeroObjImproveIters=6 objFirst=951652.846814 objLast=2223354.532556 objGain=1271701.685742 maxRC=1286004.494007 wallSec=0.141336 pricingSec=0.114350 cplexSolveSec=0.005629
      [BB] 根节点即为整数解，obj=2223354.532556
