    [CG] 列生成开始，初始列数=310
    [CG] CG iter 1: obj=1003537.466247, maxRC=1454702.759889, +30 cols
    [CG]   [DIAG] iter=1 posCols=30 newCols=30 effImprove=30 updated=0
    [CG] CG iter 2: obj=1972320.673816, maxRC=220210.642893, +28 cols
    [CG]   [DIAG] iter=2 posCols=28 newCols=28 effImprove=28 updated=0
    [CG] CG iter 3: obj=2076398.048522, maxRC=292026.395563, +29 cols
    [CG]   [DIAG] iter=3 posCols=29 newCols=29 effImprove=29 updated=0
    [CG] CG iter 4: obj=2180567.980962, maxRC=265625.046102, +25 cols
    [CG]   [DIAG] iter=4 posCols=25 newCols=25 effImprove=25 updated=0
    [CG] CG iter 5: obj=2293408.204135, maxRC=158743.758922, +26 cols
    [CG]   [DIAG] iter=5 posCols=26 newCols=26 effImprove=26 updated=0
    [CG] CG iter 6: obj=2315531.754625, maxRC=154196.397134, +23 cols
    [CG]   [DIAG] iter=6 posCols=23 newCols=23 effImprove=23 updated=0
    [CG] CG iter 7: obj=2322296.992338, maxRC=123203.741194, +24 cols
    [CG]   [DIAG] iter=7 posCols=24 newCols=24 effImprove=24 updated=0
    [CG] CG iter 8: obj=2351738.510638, maxRC=106622.930909, +21 cols
    [CG]   [DIAG] iter=8 posCols=21 newCols=20 effImprove=21 updated=1
    [CG] CG iter 9: obj=2377435.236119, maxRC=38029.220104, +20 cols
    [CG]   [DIAG] iter=9 posCols=20 newCols=20 effImprove=20 updated=0
    [CG] CG iter 10: obj=2411434.879444, maxRC=16154.538268, +18 cols
    [CG]   [DIAG] iter=10 posCols=18 newCols=18 effImprove=18 updated=0
    [CG] CG iter 11: obj=2420474.832253, maxRC=12934.539468, +13 cols
    [CG]   [DIAG] iter=11 posCols=13 newCols=12 effImprove=13 updated=1
    [CG] CG iter 12: obj=2433409.371720, maxRC=7372.116674, +7 cols
    [CG]   [DIAG] iter=12 posCols=7 newCols=7 effImprove=7 updated=0
    [CG] CG iter 13: obj=2433824.222902, maxRC=4160.050034, +5 cols
    [CG]   [DIAG] iter=13 posCols=5 newCols=5 effImprove=5 updated=0
    [CG] 列生成收敛，共 14 轮迭代
    [CG] [CG-NODE] depth=0 exit=CERTIFIED certified=1 feasible=1 iters=14 generatedColsBeforeNode=0 newCols=267 posCandidates=269 duplicateCandidates=2 updatedCols=2 zeroObjImproveIters=0 objFirst=1003537.466247 objLast=2436399.532195 objGain=1432862.065948 maxRC=1454702.759889 wallSec=0.172709 pricingSec=0.161250 cplexSolveSec=0.006820
      [BB] 根节点即为整数解，obj=2436399.532195
