    [CG] 列生成开始，初始列数=310
    [CG] CG iter 1: obj=990555.839578, maxRC=1194413.862456, +30 cols
    [CG]   [DIAG] iter=1 posCols=30 newCols=30 effImprove=30 updated=0
    [CG] CG iter 2: obj=1730657.872538, maxRC=237524.094386, +28 cols
    [CG]   [DIAG] iter=2 posCols=28 newCols=28 effImprove=28 updated=0
    [CG] CG iter 3: obj=1951006.047267, maxRC=364718.103925, +30 cols
    [CG]   [DIAG] iter=3 posCols=30 newCols=30 effImprove=30 updated=0
    [CG] CG iter 4: obj=2101375.065408, maxRC=215179.394823, +30 cols
    [CG]   [DIAG] iter=4 posCols=30 newCols=30 effImprove=30 updated=0
    [CG] CG iter 5: obj=2156526.766436, maxRC=140175.710682, +26 cols
    [CG]   [DIAG] iter=5 posCols=26 newCols=26 effImprove=26 updated=0
    [CG] CG iter 6: obj=2180959.137857, maxRC=101092.829844, +23 cols
    [CG]   [DIAG] iter=6 posCols=23 newCols=23 effImprove=23 updated=0
    [CG] CG iter 7: obj=2264042.443759, maxRC=110104.215941, +21 cols
    [CG]   [DIAG] iter=7 posCols=21 newCols=21 effImprove=21 updated=0
    [CG] CG iter 8: obj=2292432.977038, maxRC=69603.406683, +19 cols
    [CG]   [DIAG] iter=8 posCols=19 newCols=19 effImprove=19 updated=0
    [CG] CG iter 9: obj=2312837.227268, maxRC=61633.225693, +17 cols
    [CG]   [DIAG] iter=9 posCols=17 newCols=17 effImprove=17 updated=0
    [CG] CG iter 10: obj=2333178.386197, maxRC=24106.306310, +18 cols
    [CG]   [DIAG] iter=10 posCols=18 newCols=18 effImprove=18 updated=0
    [CG] CG iter 11: obj=2357284.692507, maxRC=15582.240920, +14 cols
    [CG]   [DIAG] iter=11 posCols=14 newCols=14 effImprove=14 updated=0
    [CG] CG iter 12: obj=2359437.065770, maxRC=8642.313126, +10 cols
    [CG]   [DIAG] iter=12 posCols=10 newCols=9 effImprove=10 updated=1
    [CG] CG iter 13: obj=2360161.561849, maxRC=2989.223653, +7 cols
    [CG]   [DIAG] iter=13 posCols=7 newCols=7 effImprove=7 updated=0
    [CG] CG iter 14: obj=2361488.138820, maxRC=1396.956082, +2 cols
    [CG]   [DIAG] iter=14 posCols=2 newCols=2 effImprove=2 updated=0
    [CG] 列生成收敛，共 15 轮迭代
    [CG] [CG-NODE] depth=0 exit=CERTIFIED certified=1 feasible=1 iters=15 generatedColsBeforeNode=0 newCols=274 posCandidates=275 duplicateCandidates=1 updatedCols=1 zeroObjImproveIters=1 objFirst=990555.839578 objLast=2361488.138820 objGain=1370932.299242 maxRC=1194413.862456 wallSec=0.148318 pricingSec=0.139254 cplexSolveSec=0.006047
      [BB] 分支定界开始，根节点LP obj=2361488.138820，最大节点数=10000
      [BB] 根节点启发式下界 LB=1901247.685132（上界=2361488.138820）
    [CG] [BB-DIAG] 分支 x_{dc=1,retailer=10}, 节点数=1
    [CG] 列生成开始，初始列数=552
    [CG] CG iter 16: obj=2361386.838608, maxRC=48410.022914, +22 cols
    [CG]   [DIAG] iter=16 posCols=22 newCols=22 effImprove=22 updated=0
    [CG] CG iter 17: obj=2361386.838608, maxRC=33661.951358, +14 cols
    [CG]   [DIAG] iter=17 posCols=14 newCols=14 effImprove=14 updated=0
    [CG] CG iter 18: obj=2361386.838608, maxRC=19770.378964, +10 cols
    [CG]   [DIAG] iter=18 posCols=10 newCols=10 effImprove=10 updated=0
    [CG] CG iter 19: obj=2361386.838608, maxRC=6127.051341, +5 cols
    [CG]   [DIAG] iter=19 posCols=5 newCols=5 effImprove=5 updated=0
    [CG] 列生成收敛，共 20 轮迭代
    [CG] [CG-NODE] depth=1 exit=CERTIFIED certified=1 feasible=1 iters=5 generatedColsBeforeNode=274 newCols=51 posCandidates=51 duplicateCandidates=0 updatedCols=0 zeroObjImproveIters=4 objFirst=2361386.838608 objLast=2361386.838608 objGain=0.000000 maxRC=48410.022914 wallSec=0.013983 pricingSec=0.010268 cplexSolveSec=0.002473
    [CG] 列生成开始，初始列数=547
    [CG] CG iter 21: obj=2354932.433834, maxRC=47230.519545, +20 cols
    [CG]   [DIAG] iter=21 posCols=20 newCols=20 effImprove=20 updated=0
    [CG] CG iter 22: obj=2354932.433834, maxRC=28596.101579, +15 cols
    [CG]   [DIAG] iter=22 posCols=15 newCols=14 effImprove=15 updated=1
    [CG] CG iter 23: obj=2354932.433834, maxRC=17473.703196, +5 cols
    [CG]   [DIAG] iter=23 posCols=5 newCols=5 effImprove=5 updated=0
    [CG] CG iter 24: obj=2354932.433834, maxRC=11555.966010, +3 cols
    [CG]   [DIAG] iter=24 posCols=3 newCols=3 effImprove=3 updated=0
    [CG] CG iter 25: obj=2354932.433834, maxRC=8089.154654, +3 cols
    [CG]   [DIAG] iter=25 posCols=3 newCols=3 effImprove=3 updated=0
    [CG] CG iter 26: obj=2354932.433834, maxRC=3550.676867, +2 cols
    [CG]   [DIAG] iter=26 posCols=2 newCols=2 effImprove=2 updated=0
    [CG] 列生成收敛，共 27 轮迭代
    [CG] [CG-NODE] depth=1 exit=CERTIFIED certified=1 feasible=1 iters=7 generatedColsBeforeNode=325 newCols=47 posCandidates=48 duplicateCandidates=1 updatedCols=1 zeroObjImproveIters=6 objFirst=2354932.433834 objLast=2354932.433834 objGain=0.000000 maxRC=47230.519545 wallSec=0.017156 pricingSec=0.012743 cplexSolveSec=0.003081
    [CG] [BB-INCUMBENT] selection=2 node=1 previous=1901247.685132 value=2354932.433834 active=1
    [CG] [BB-NODESEL] strategy=hybrid choice=dfs eligibleCount=1 active=1 gap=0.002741
    [CG] [BB-INCUMBENT] selection=3 node=1 previous=2354932.433834 value=2361386.838608 active=0
      [BB] 分支定界结束：处理 3 节点，剪枝 0，剩余活跃 0，整数解 3，状态=OPTIMAL，最好可行 obj=2361386.838608，gap=0.000000
