    [CG] 列生成开始，初始列数=310
    [CG] CG iter 1: obj=1014977.330584, maxRC=1454731.627308, +30 cols
    [CG]   [DIAG] iter=1 posCols=30 newCols=30 effImprove=30 updated=0
    [CG] CG iter 2: obj=1978108.200660, maxRC=251057.141723, +28 cols
    [CG]   [DIAG] iter=2 posCols=28 newCols=28 effImprove=28 updated=0
    [CG] CG iter 3: obj=2148480.558441, maxRC=290923.848658, +29 cols
    [CG]   [DIAG] iter=3 posCols=29 newCols=29 effImprove=29 updated=0
    [CG] CG iter 4: obj=2203213.535856, maxRC=183472.982136, +26 cols
    [CG]   [DIAG] iter=4 posCols=26 newCols=26 effImprove=26 updated=0
    [CG] CG iter 5: obj=2302673.060748, maxRC=148615.718449, +25 cols
    [CG]   [DIAG] iter=5 posCols=25 newCols=25 effImprove=25 updated=0
    [CG] CG iter 6: obj=2368100.163270, maxRC=98013.908561, +22 cols
    [CG]   [DIAG] iter=6 posCols=22 newCols=22 effImprove=22 updated=0
    [CG] CG iter 7: obj=2391214.740303, maxRC=56712.402887, +21 cols
    [CG]   [DIAG] iter=7 posCols=21 newCols=21 effImprove=21 updated=0
    [CG] CG iter 8: obj=2418739.881086, maxRC=70167.207599, +20 cols
    [CG]   [DIAG] iter=8 posCols=20 newCols=20 effImprove=20 updated=0
    [CG] CG iter 9: obj=2424777.364648, maxRC=22272.415434, +19 cols
    [CG]   [DIAG] iter=9 posCols=19 newCols=19 effImprove=19 updated=0
    [CG] CG iter 10: obj=2451591.450861, maxRC=18690.873809, +13 cols
    [CG]   [DIAG] iter=10 posCols=13 newCols=13 effImprove=13 updated=0
    [CG] CG iter 11: obj=2465680.673940, maxRC=10547.177548, +9 cols
    [CG]   [DIAG] iter=11 posCols=9 newCols=7 effImprove=9 updated=2
    [CG] CG iter 12: obj=2465680.673940, maxRC=10288.484598, +1 cols
    [CG]   [DIAG] iter=12 posCols=1 newCols=1 effImprove=1 updated=0
    [CG] CG iter 13: obj=2475969.158538, maxRC=1996.871127, +2 cols
    [CG]   [DIAG] iter=13 posCols=2 newCols=2 effImprove=2 updated=0
    [CG] 列生成收敛，共 14 轮迭代
    [CG] [CG-NODE] depth=0 exit=CERTIFIED certified=1 feasible=1 iters=14 generatedColsBeforeNode=0 newCols=243 posCandidates=245 duplicateCandidates=2 updatedCols=2 zeroObjImproveIters=2 objFirst=1014977.330584 objLast=2475969.158538 objGain=1460991.827954 maxRC=1454731.627308 wallSec=0.159437 pricingSec=0.150948 cplexSolveSec=0.005558
      [BB] 根节点即为整数解，obj=2475969.158538
