    [CG] 列生成开始，初始列数=310
    [CG] CG iter 1: obj=932531.889880, maxRC=980004.176549, +30 cols
    [CG]   [DIAG] iter=1 posCols=30 newCols=30 effImprove=30 updated=0
    [CG] CG iter 2: obj=1547642.791986, maxRC=310046.531067, +30 cols
    [CG]   [DIAG] iter=2 posCols=30 newCols=30 effImprove=30 updated=0
    [CG] CG iter 3: obj=1797738.957026, maxRC=355278.894504, +30 cols
    [CG]   [DIAG] iter=3 posCols=30 newCols=30 effImprove=30 updated=0
    [CG] CG iter 4: obj=1889944.833121, maxRC=328329.191332, +29 cols
    [CG]   [DIAG] iter=4 posCols=29 newCols=29 effImprove=29 updated=0
    [CG] CG iter 5: obj=1996070.134734, maxRC=173757.253635, +28 cols
    [CG]   [DIAG] iter=5 posCols=28 newCols=27 effImprove=28 updated=1
    [CG] CG iter 6: obj=2017937.502881, maxRC=210099.063816, +19 cols
    [CG]   [DIAG] iter=6 posCols=19 newCols=18 effImprove=19 updated=1
    [CG] CG iter 7: obj=2078392.220440, maxRC=91463.488030, +16 cols
    [CG]   [DIAG] iter=7 posCols=16 newCols=15 effImprove=16 updated=1
    [CG] CG iter 8: obj=2107148.727903, maxRC=92285.267260, +12 cols
    [CG]   [DIAG] iter=8 posCols=12 newCols=11 effImprove=12 updated=1
    [CG] CG iter 9: obj=2148841.924004, maxRC=86553.388604, +11 cols
    [CG]   [DIAG] iter=9 posCols=11 newCols=11 effImprove=11 updated=0
    [CG] CG iter 10: obj=2153329.673160, maxRC=91988.668226, +10 cols
    [CG]   [DIAG] iter=10 posCols=10 newCols=10 effImprove=10 updated=0
    [CG] CG iter 11: obj=2156302.811678, maxRC=28538.622131, +8 cols
    [CG]   [DIAG] iter=11 posCols=8 newCols=8 effImprove=8 updated=0
    [CG] CG iter 12: obj=2197740.396644, maxRC=16194.016482, +6 cols
    [CG]   [DIAG] iter=12 posCols=6 newCols=6 effImprove=6 updated=0
    [CG] CG iter 13: obj=2205652.613925, maxRC=9215.937410, +2 cols
    [CG]   [DIAG] iter=13 posCols=2 newCols=2 effImprove=2 updated=0
    [CG] CG iter 14: obj=2205652.613925, maxRC=78.199561, +1 cols
    [CG]   [DIAG] iter=14 posCols=1 newCols=1 effImprove=1 updated=0
    [CG] 列生成收敛，共 15 轮迭代
    [CG] [CG-NODE] depth=0 exit=CERTIFIED certified=1 feasible=1 iters=15 generatedColsBeforeNode=0 newCols=228 posCandidates=232 duplicateCandidates=4 updatedCols=4 zeroObjImproveIters=2 objFirst=932531.889880 objLast=2205652.613925 objGain=1273120.724045 maxRC=980004.176549 wallSec=0.118735 pricingSec=0.108082 cplexSolveSec=0.006375
      [BB] 根节点即为整数解，obj=2205652.613925
