    [CG] 列生成开始，初始列数=310
    [CG] CG iter 1: obj=685989.092228, maxRC=1057940.535390, +30 cols
    [CG]   [DIAG] iter=1 posCols=30 newCols=30 effImprove=30 updated=0
    [CG] CG iter 2: obj=1435578.768642, maxRC=484179.200206, +22 cols
    [CG]   [DIAG] iter=2 posCols=22 newCols=22 effImprove=22 updated=0
    [CG] CG iter 3: obj=1561399.972288, maxRC=544620.561806, +23 cols
    [CG]   [DIAG] iter=3 posCols=23 newCols=23 effImprove=23 updated=0
    [CG] CG iter 4: obj=1611621.302012, maxRC=551795.145720, +25 cols
    [CG]   [DIAG] iter=4 posCols=25 newCols=25 effImprove=25 updated=0
    [CG] CG iter 5: obj=1706235.053147, maxRC=329728.306258, +20 cols
    [CG]   [DIAG] iter=5 posCols=20 newCols=20 effImprove=20 updated=0
    [CG] CG iter 6: obj=1813648.053898, maxRC=400724.875038, +17 cols
    [CG]   [DIAG] iter=6 posCols=17 newCols=17 effImprove=17 updated=0
    [CG] CG iter 7: obj=1813648.053898, maxRC=304284.938454, +16 cols
    [CG]   [DIAG] iter=7 posCols=16 newCols=16 effImprove=16 updated=0
    [CG] CG iter 8: obj=1873124.558026, maxRC=299798.502256, +16 cols
    [CG]   [DIAG] iter=8 posCols=16 newCols=16 effImprove=16 updated=0
    [CG] CG iter 9: obj=1873124.558026, maxRC=258806.576759, +15 cols
    [CG]   [DIAG] iter=9 posCols=15 newCols=15 effImprove=15 updated=0
    [CG] CG iter 10: obj=1893223.242639, maxRC=228254.609716, +15 cols
    [CG]   [DIAG] iter=10 posCols=15 newCols=15 effImprove=15 updated=0
    [CG] CG iter 11: obj=1933376.623269, maxRC=213711.257950, +16 cols
    [CG]   [DIAG] iter=11 posCols=16 newCols=16 effImprove=16 updated=0
    [CG] CG iter 12: obj=1957172.823604, maxRC=145854.784903, +15 cols
    [CG]   [DIAG] iter=12 posCols=15 newCols=15 effImprove=15 updated=0
    [CG] CG iter 13: obj=1995963.646026, maxRC=167298.333014, +15 cols
    [CG]   [DIAG] iter=13 posCols=15 newCols=15 effImprove=15 updated=0
    [CG] CG iter 14: obj=2020559.343355, maxRC=181669.292825, +14 cols
    [CG]   [DIAG] iter=14 posCols=14 newCols=14 effImprove=14 updated=0
    [CG] CG iter 15: obj=2023740.443628, maxRC=130431.966441, +14 cols
    [CG]   [DIAG] iter=15 posCols=14 newCols=13 effImprove=14 updated=1
    [CG] CG iter 16: obj=2032850.656250, maxRC=84821.320322, +13 cols
    [CG]   [DIAG] iter=16 posCols=13 newCols=13 effImprove=13 updated=0
    [CG] CG iter 17: obj=2046841.637661, maxRC=97978.440005, +12 cols
    [CG]   [DIAG] iter=17 posCols=12 newCols=11 effImprove=12 updated=1
    [CG] CG iter 18: obj=2054814.818021, maxRC=58117.966945, +14 cols
    [CG]   [DIAG] iter=18 posCols=14 newCols=14 effImprove=14 updated=0
    [CG] CG iter 19: obj=2062559.726121, maxRC=46206.627509, +11 cols
    [CG]   [DIAG] iter=19 posCols=11 newCols=10 effImprove=11 updated=1
    [CG] CG iter 20: obj=2082621.967576, maxRC=50812.088422, +12 cols
    [CG]   [DIAG] iter=20 posCols=12 newCols=12 effImprove=12 updated=0
    [CG] CG iter 21: obj=2090401.208346, maxRC=46547.118455, +9 cols
    [CG]   [DIAG] iter=21 posCols=9 newCols=8 effImprove=9 updated=1
    [CG] CG iter 22: obj=2102527.879690, maxRC=17079.787111, +7 cols
    [CG]   [DIAG] iter=22 posCols=7 newCols=7 effImprove=7 updated=0
    [CG] CG iter 23: obj=2102527.879690, maxRC=5281.841106, +2 cols
    [CG]   [DIAG] iter=23 posCols=2 newCols=2 effImprove=2 updated=0
    [CG] CG iter 24: obj=2107809.720796, maxRC=4016.549672, +3 cols
    [CG]   [DIAG] iter=24 posCols=3 newCols=3 effImprove=3 updated=0
    [CG] CG iter 25: obj=2107809.720796, maxRC=282.793050, +2 cols
    [CG]   [DIAG] iter=25 posCols=2 newCols=2 effImprove=2 updated=0
    [CG] 列生成收敛，共 26 轮迭代
    [CG] [CG-NODE] depth=0 exit=CERTIFIED certified=1 feasible=1 iters=26 generatedColsBeforeNode=0 newCols=354 posCandidates=358 duplicateCandidates=4 updatedCols=4 zeroObjImproveIters=5 objFirst=685989.092228 objLast=2107809.720796 objGain=1421820.628568 maxRC=1057940.535390 wallSec=0.262468 pricingSec=0.246235 cplexSolveSec=0.011134
      [BB] 根节点即为整数解，obj=2107809.720796
