    [CG] 列生成开始，初始列数=310
    [CG] CG iter 1: obj=933864.289377, maxRC=992635.199127, +30 cols
    [CG]   [DIAG] iter=1 posCols=30 newCols=30 effImprove=30 updated=0
    [CG] CG iter 2: obj=1544979.474753, maxRC=291836.238819, +30 cols
    [CG]   [DIAG] iter=2 posCols=30 newCols=30 effImprove=30 updated=0
    [CG] CG iter 3: obj=1895164.218153, maxRC=320311.620803, +29 cols
    [CG]   [DIAG] iter=3 posCols=29 newCols=29 effImprove=29 updated=0
    [CG] CG iter 4: obj=1945719.301551, maxRC=271013.483437, +26 cols
    [CG]   [DIAG] iter=4 posCols=26 newCols=26 effImprove=26 updated=0
    [CG] CG iter 5: obj=1971108.171488, maxRC=180695.227592, +22 cols
    [CG]   [DIAG] iter=5 posCols=22 newCols=21 effImprove=22 updated=1
    [CG] CG iter 6: obj=2125432.033982, maxRC=120936.098067, +16 cols
    [CG]   [DIAG] iter=6 posCols=16 newCols=16 effImprove=16 updated=0
    [CG] CG iter 7: obj=2180647.826256, maxRC=133442.477414, +11 cols
    [CG]   [DIAG] iter=7 posCols=11 newCols=11 effImprove=11 updated=0
    [CG] CG iter 8: obj=2180647.826256, maxRC=105642.105744, +11 cols
    [CG]   [DIAG] iter=8 posCols=11 newCols=11 effImprove=11 updated=0
    [CG] CG iter 9: obj=2180647.826256, maxRC=79245.816251, +9 cols
    [CG]   [DIAG] iter=9 posCols=9 newCols=9 effImprove=9 updated=0
    [CG] CG iter 10: obj=2180647.826256, maxRC=78221.705404, +6 cols
    [CG]   [DIAG] iter=10 posCols=6 newCols=6 effImprove=6 updated=0
    [CG] CG iter 11: obj=2180647.826256, maxRC=18080.803447, +5 cols
    [CG]   [DIAG] iter=11 posCols=5 newCols=5 effImprove=5 updated=0
    [CG] CG iter 12: obj=2186042.732078, maxRC=20533.390718, +6 cols
    [CG]   [DIAG] iter=12 posCols=6 newCols=5 effImprove=6 updated=1
    [CG] CG iter 13: obj=2206576.122796, maxRC=16564.675811, +3 cols
    [CG]   [DIAG] iter=13 posCols=3 newCols=3 effImprove=3 updated=0
    [CG] CG iter 14: obj=2206576.122796, maxRC=14614.996103, +3 cols
    [CG]   [DIAG] iter=14 posCols=3 newCols=3 effImprove=3 updated=0
    [CG] 列生成收敛，共 15 轮迭代
    [CG] [CG-NODE] depth=0 exit=CERTIFIED certified=1 feasible=1 iters=15 generatedColsBeforeNode=0 newCols=205 posCandidates=207 duplicateCandidates=2 updatedCols=2 zeroObjImproveIters=6 objFirst=933864.289377 objLast=2206576.122796 objGain=1272711.833419 maxRC=992635.199127 wallSec=0.086817 pricingSec=0.077370 cplexSolveSec=0.005384
      [BB] 根节点即为整数解，obj=2206576.122796
