    [CG] 列生成开始，初始列数=310
    [CG] CG iter 1: obj=845478.761793, maxRC=1040889.766762, +30 cols
    [CG]   [DIAG] iter=1 posCols=30 newCols=30 effImprove=30 updated=0
    [CG] CG iter 2: obj=1476823.323025, maxRC=398852.716731, +27 cols
    [CG]   [DIAG] iter=2 posCols=27 newCols=27 effImprove=27 updated=0
    [CG] CG iter 3: obj=1769783.196966, maxRC=570520.084868, +27 cols
    [CG]   [DIAG] iter=3 posCols=27 newCols=27 effImprove=27 updated=0
    [CG] CG iter 4: obj=1859979.069907, maxRC=425305.701389, +24 cols
    [CG]   [DIAG] iter=4 posCols=24 newCols=24 effImprove=24 updated=0
    [CG] CG iter 5: obj=1886808.687574, maxRC=273420.949323, +23 cols
    [CG]   [DIAG] iter=5 posCols=23 newCols=23 effImprove=23 updated=0
    [CG] CG iter 6: obj=1944481.440819, maxRC=241913.325396, +21 cols
    [CG]   [DIAG] iter=6 posCols=21 newCols=21 effImprove=21 updated=0
    [CG] CG iter 7: obj=1999730.456990, maxRC=192723.250077, +22 cols
    [CG]   [DIAG] iter=7 posCols=22 newCols=21 effImprove=22 updated=1
    [CG] CG iter 8: obj=2025335.017330, maxRC=187943.715434, +14 cols
    [CG]   [DIAG] iter=8 posCols=14 newCols=14 effImprove=14 updated=0
    [CG] CG iter 9: obj=2074528.594157, maxRC=158079.022332, +15 cols
    [CG]   [DIAG] iter=9 posCols=15 newCols=15 effImprove=15 updated=0
    [CG] CG iter 10: obj=2101934.934496, maxRC=124149.303190, +12 cols
    [CG]   [DIAG] iter=10 posCols=12 newCols=12 effImprove=12 updated=0
    [CG] CG iter 11: obj=2147667.524285, maxRC=192897.561822, +11 cols
    [CG]   [DIAG] iter=11 posCols=11 newCols=11 effImprove=11 updated=0
    [CG] CG iter 12: obj=2164617.980500, maxRC=75393.552252, +9 cols
    [CG]   [DIAG] iter=12 posCols=9 newCols=9 effImprove=9 updated=0
    [CG] CG iter 13: obj=2164617.980500, maxRC=35201.483541, +8 cols
    [CG]   [DIAG] iter=13 posCols=8 newCols=8 effImprove=8 updated=0
    [CG] CG iter 14: obj=2170984.896111, maxRC=24699.406416, +6 cols
    [CG]   [DIAG] iter=14 posCols=6 newCols=6 effImprove=6 updated=0
    [CG] CG iter 15: obj=2177218.185486, maxRC=26244.413314, +6 cols
    [CG]   [DIAG] iter=15 posCols=6 newCols=6 effImprove=6 updated=0
    [CG] CG iter 16: obj=2182894.662807, maxRC=40871.362960, +7 cols
    [CG]   [DIAG] iter=16 posCols=7 newCols=7 effImprove=7 updated=0
    [CG] CG iter 17: obj=2198534.537840, maxRC=17235.488677, +5 cols
    [CG]   [DIAG] iter=17 posCols=5 newCols=5 effImprove=5 updated=0
    [CG] CG iter 18: obj=2202625.853163, maxRC=7436.995913, +3 cols
    [CG]   [DIAG] iter=18 posCols=3 newCols=2 effImprove=3 updated=1
    [CG] 列生成收敛，共 19 轮迭代
    [CG] [CG-NODE] depth=0 exit=CERTIFIED certified=1 feasible=1 iters=19 generatedColsBeforeNode=0 newCols=268 posCandidates=270 duplicateCandidates=2 updatedCols=2 zeroObjImproveIters=2 objFirst=845478.761793 objLast=2202625.853163 objGain=1357147.091370 maxRC=1040889.766762 wallSec=0.129311 pricingSec=0.119043 cplexSolveSec=0.007038
      [BB] 根节点即为整数解，obj=2202625.853163
