    [CG] 列生成开始，初始列数=310
    [CG] CG iter 1: obj=382661.552892, maxRC=827678.958229, +15 cols
    [CG]   [DIAG] iter=1 posCols=15 newCols=15 effImprove=15 updated=0
    [CG] CG iter 2: obj=1148752.657028, maxRC=405545.751333, +15 cols
    [CG]   [DIAG] iter=2 posCols=15 newCols=15 effImprove=15 updated=0
    [CG] CG iter 3: obj=1148752.657028, maxRC=418991.036179, +15 cols
    [CG]   [DIAG] iter=3 posCols=15 newCols=15 effImprove=15 updated=0
    [CG] CG iter 4: obj=1155137.862961, maxRC=612254.110023, +15 cols
    [CG]   [DIAG] iter=4 posCols=15 newCols=15 effImprove=15 updated=0
    [CG] CG iter 5: obj=1363747.203784, maxRC=536536.011991, +12 cols
    [CG]   [DIAG] iter=5 posCols=12 newCols=12 effImprove=12 updated=0
    [CG] CG iter 6: obj=1379464.416665, maxRC=508258.041117, +12 cols
    [CG]   [DIAG] iter=6 posCols=12 newCols=12 effImprove=12 updated=0
    [CG] CG iter 7: obj=1379464.416665, maxRC=367264.908206, +12 cols
    [CG]   [DIAG] iter=7 posCols=12 newCols=12 effImprove=12 updated=0
    [CG] CG iter 8: obj=1379464.416665, maxRC=430127.711264, +12 cols
    [CG]   [DIAG] iter=8 posCols=12 newCols=12 effImprove=12 updated=0
    [CG] CG iter 9: obj=1379464.416665, maxRC=407719.748800, +12 cols
    [CG]   [DIAG] iter=9 posCols=12 newCols=12 effImprove=12 updated=0
    [CG] CG iter 10: obj=1387312.137422, maxRC=189113.374530, +12 cols
    [CG]   [DIAG] iter=10 posCols=12 newCols=12 effImprove=12 updated=0
    [CG] CG iter 11: obj=1400782.550612, maxRC=148501.736152, +12 cols
    [CG]   [DIAG] iter=11 posCols=12 newCols=12 effImprove=12 updated=0
    [CG] CG iter 12: obj=1420459.762915, maxRC=180716.622598, +12 cols
    [CG]   [DIAG] iter=12 posCols=12 newCols=12 effImprove=12 updated=0
    [CG] CG iter 13: obj=1444447.131679, maxRC=84441.215593, +12 cols
    [CG]   [DIAG] iter=13 posCols=12 newCols=12 effImprove=12 updated=0
    [CG] CG iter 14: obj=1459032.177829, maxRC=58007.205861, +11 cols
    [CG]   [DIAG] iter=14 posCols=11 newCols=11 effImprove=11 updated=0
    [CG] CG iter 15: obj=1473828.268331, maxRC=77843.119904, +10 cols
    [CG]   [DIAG] iter=15 posCols=10 newCols=10 effImprove=10 updated=0
    [CG] CG iter 16: obj=1482519.305539, maxRC=59478.722907, +12 cols
    [CG]   [DIAG] iter=16 posCols=12 newCols=12 effImprove=12 updated=0
    [CG] CG iter 17: obj=1494163.479329, maxRC=36886.644437, +12 cols
    [CG]   [DIAG] iter=17 posCols=12 newCols=12 effImprove=12 updated=0
    [CG] CG iter 18: obj=1510055.433473, maxRC=68318.789802, +12 cols
    [CG]   [DIAG] iter=18 posCols=12 newCols=12 effImprove=12 updated=0
    [CG] CG iter 19: obj=1517702.155015, maxRC=29668.350348, +12 cols
    [CG]   [DIAG] iter=19 posCols=12 newCols=11 effImprove=12 updated=1
    [CG] CG iter 20: obj=1525993.016586, maxRC=32673.067466, +10 cols
    [CG]   [DIAG] iter=20 posCols=10 newCols=10 effImprove=10 updated=0
    [CG] CG iter 21: obj=1530745.967948, maxRC=33645.906077, +11 cols
    [CG]   [DIAG] iter=21 posCols=11 newCols=11 effImprove=11 updated=0
    [CG] CG iter 22: obj=1532719.422895, maxRC=15980.328149, +8 cols
    [CG]   [DIAG] iter=22 posCols=8 newCols=8 effImprove=8 updated=0
    [CG] CG iter 23: obj=1532719.422895, maxRC=12492.096877, +6 cols
    [CG]   [DIAG] iter=23 posCols=6 newCols=6 effImprove=6 updated=0
    [CG] CG iter 24: obj=1545211.519772, maxRC=9260.314187, +7 cols
    [CG]   [DIAG] iter=24 posCols=7 newCols=7 effImprove=7 updated=0
    [CG] CG iter 25: obj=1545211.519772, maxRC=2387.205036, +5 cols
    [CG]   [DIAG] iter=25 posCols=5 newCols=5 effImprove=5 updated=0
    [CG] CG iter 26: obj=1545211.519772, maxRC=1189.897374, +1 cols
    [CG]   [DIAG] iter=26 posCols=1 newCols=1 effImprove=1 updated=0
    [CG] CG iter 27: obj=1545211.519772, maxRC=1112.818286, +1 cols
    [CG]   [DIAG] iter=27 posCols=1 newCols=1 effImprove=1 updated=0
    [CG] 列生成收敛，共 28 轮迭代
    [CG] [CG-NODE] depth=0 exit=CERTIFIED certified=1 feasible=1 iters=28 generatedColsBeforeNode=0 newCols=285 posCandidates=286 duplicateCandidates=1 updatedCols=1 zeroObjImproveIters=9 objFirst=382661.552892 objLast=1545211.519772 objGain=1162549.966880 maxRC=827678.958229 wallSec=1.029385 pricingSec=1.012670 cplexSolveSec=0.010262
      [BB] 根节点即为整数解，obj=1545211.519772
