    [CG] 列生成开始，初始列数=310
    [CG] CG iter 1: obj=954417.954763, maxRC=998573.973481, +30 cols
    [CG]   [DIAG] iter=1 posCols=30 newCols=30 effImprove=30 updated=0
    [CG] CG iter 2: obj=1551650.416801, maxRC=308580.292868, +30 cols
    [CG]   [DIAG] iter=2 posCols=30 newCols=30 effImprove=30 updated=0
    [CG] CG iter 3: obj=1897985.611381, maxRC=475197.003208, +30 cols
    [CG]   [DIAG] iter=3 posCols=30 newCols=30 effImprove=30 updated=0
    [CG] CG iter 4: obj=1923608.493956, maxRC=276605.338133, +29 cols
    [CG]   [DIAG] iter=4 posCols=29 newCols=29 effImprove=29 updated=0
    [CG] CG iter 5: obj=2008201.354271, maxRC=172356.473641, +25 cols
    [CG]   [DIAG] iter=5 posCols=25 newCols=24 effImprove=25 updated=1
    [CG] CG iter 6: obj=2061977.840576, maxRC=144229.755223, +22 cols
    [CG]   [DIAG] iter=6 posCols=22 newCols=22 effImprove=22 updated=0
    [CG] CG iter 7: obj=2149186.799779, maxRC=97860.567206, +19 cols
    [CG]   [DIAG] iter=7 posCols=19 newCols=18 effImprove=19 updated=1
    [CG] CG iter 8: obj=2193600.495416, maxRC=108229.305045, +12 cols
    [CG]   [DIAG] iter=8 posCols=12 newCols=12 effImprove=12 updated=0
    [CG] CG iter 9: obj=2193600.495416, maxRC=41046.693444, +12 cols
    [CG]   [DIAG] iter=9 posCols=12 newCols=11 effImprove=12 updated=1
    [CG] CG iter 10: obj=2202446.842283, maxRC=62125.594275, +11 cols
    [CG]   [DIAG] iter=10 posCols=11 newCols=11 effImprove=11 updated=0
    [CG] CG iter 11: obj=2215502.266458, maxRC=75693.411073, +8 cols
    [CG]   [DIAG] iter=11 posCols=8 newCols=8 effImprove=8 updated=0
    [CG] CG iter 12: obj=2228917.040488, maxRC=35761.395422, +4 cols
    [CG]   [DIAG] iter=12 posCols=4 newCols=4 effImprove=4 updated=0
    [CG] CG iter 13: obj=2233194.753265, maxRC=29579.895577, +3 cols
    [CG]   [DIAG] iter=13 posCols=3 newCols=3 effImprove=3 updated=0
    [CG] CG iter 14: obj=2233194.753265, maxRC=35525.874189, +4 cols
    [CG]   [DIAG] iter=14 posCols=4 newCols=4 effImprove=4 updated=0
    [CG] CG iter 15: obj=2233194.753265, maxRC=12339.223937, +3 cols
    [CG]   [DIAG] iter=15 posCols=3 newCols=3 effImprove=3 updated=0
    [CG] CG iter 16: obj=2233194.753265, maxRC=5478.523630, +2 cols
    [CG]   [DIAG] iter=16 posCols=2 newCols=2 effImprove=2 updated=0
    [CG] CG iter 17: obj=2233194.753265, maxRC=337.228604, +1 cols
    [CG]   [DIAG] iter=17 posCols=1 newCols=1 effImprove=1 updated=0
    [CG] CG iter 18: obj=2233194.753265, maxRC=169.796340, +1 cols
    [CG]   [DIAG] iter=18 posCols=1 newCols=1 effImprove=1 updated=0
    [CG] CG iter 19: obj=2233194.753265, maxRC=162.475276, +1 cols
    [CG]   [DIAG] iter=19 posCols=1 newCols=1 effImprove=1 updated=0
    [CG] CG iter 20: obj=2233194.753265, maxRC=96.688845, +1 cols
    [CG]   [DIAG] iter=20 posCols=1 newCols=1 effImprove=1 updated=0
    [CG] 列生成收敛，共 21 轮迭代
    [CG] [CG-NODE] depth=0 exit=CERTIFIED certified=1 feasible=1 iters=21 generatedColsBeforeNode=0 newCols=245 posCandidates=248 duplicateCandidates=3 updatedCols=3 zeroObjImproveIters=9 objFirst=954417.954763 objLast=2233194.753265 objGain=1278776.798502 maxRC=998573.973481 wallSec=0.116671 pricingSec=0.104457 cplexSolveSec=0.007506
      [BB] 根节点即为整数解，obj=2233194.753265
