    [CG] 列生成开始，初始列数=310
    [CG] CG iter 1: obj=920551.291267, maxRC=982426.970763, +30 cols
    [CG]   [DIAG] iter=1 posCols=30 newCols=30 effImprove=30 updated=0
    [CG] CG iter 2: obj=1531584.682932, maxRC=318808.169551, +30 cols
    [CG]   [DIAG] iter=2 posCols=30 newCols=30 effImprove=30 updated=0
    [CG] CG iter 3: obj=1839278.150148, maxRC=477035.758388, +30 cols
    [CG]   [DIAG] iter=3 posCols=30 newCols=30 effImprove=30 updated=0
    [CG] CG iter 4: obj=1860749.823086, maxRC=400403.678789, +29 cols
    [CG]   [DIAG] iter=4 posCols=29 newCols=29 effImprove=29 updated=0
    [CG] CG iter 5: obj=1901318.576605, maxRC=227389.381735, +25 cols
    [CG]   [DIAG] iter=5 posCols=25 newCols=24 effImprove=25 updated=1
    [CG] CG iter 6: obj=2023452.756995, maxRC=126821.690694, +17 cols
    [CG]   [DIAG] iter=6 posCols=17 newCols=17 effImprove=17 updated=0
    [CG] CG iter 7: obj=2127827.308886, maxRC=176714.913356, +17 cols
    [CG]   [DIAG] iter=7 posCols=17 newCols=17 effImprove=17 updated=0
    [CG] CG iter 8: obj=2150610.200458, maxRC=110667.414361, +17 cols
    [CG]   [DIAG] iter=8 posCols=17 newCols=17 effImprove=17 updated=0
    [CG] CG iter 9: obj=2150610.200458, maxRC=98201.426711, +9 cols
    [CG]   [DIAG] iter=9 posCols=9 newCols=9 effImprove=9 updated=0
    [CG] CG iter 10: obj=2150610.200458, maxRC=56521.878990, +13 cols
    [CG]   [DIAG] iter=10 posCols=13 newCols=13 effImprove=13 updated=0
    [CG] CG iter 11: obj=2150798.339694, maxRC=38301.014579, +9 cols
    [CG]   [DIAG] iter=11 posCols=9 newCols=9 effImprove=9 updated=0
    [CG] CG iter 12: obj=2174913.391438, maxRC=21146.223554, +4 cols
    [CG]   [DIAG] iter=12 posCols=4 newCols=4 effImprove=4 updated=0
    [CG] CG iter 13: obj=2198208.218431, maxRC=15314.830035, +3 cols
    [CG]   [DIAG] iter=13 posCols=3 newCols=3 effImprove=3 updated=0
    [CG] CG iter 14: obj=2198208.218431, maxRC=4337.137349, +1 cols
    [CG]   [DIAG] iter=14 posCols=1 newCols=1 effImprove=1 updated=0
    [CG] CG iter 15: obj=2198208.218431, maxRC=43.499832, +1 cols
    [CG]   [DIAG] iter=15 posCols=1 newCols=1 effImprove=1 updated=0
    [CG] 列生成收敛，共 16 轮迭代
    [CG] [CG-NODE] depth=0 exit=CERTIFIED certified=1 feasible=1 iters=16 generatedColsBeforeNode=0 newCols=234 posCandidates=235 duplicateCandidates=1 updatedCols=1 zeroObjImproveIters=5 objFirst=920551.291267 objLast=2198208.218431 objGain=1277656.927164 maxRC=982426.970763 wallSec=0.125445 pricingSec=0.113833 cplexSolveSec=0.006924
      [BB] 根节点即为整数解，obj=2198208.218431
