    [CG] 列生成开始，初始列数=310
    [CG] CG iter 1: obj=923966.911567, maxRC=980475.307231, +30 cols
    [CG]   [DIAG] iter=1 posCols=30 newCols=30 effImprove=30 updated=0
    [CG] CG iter 2: obj=1542784.058695, maxRC=326183.789487, +30 cols
    [CG]   [DIAG] iter=2 posCols=30 newCols=30 effImprove=30 updated=0
    [CG] CG iter 3: obj=1820579.191761, maxRC=434410.304651, +30 cols
    [CG]   [DIAG] iter=3 posCols=30 newCols=30 effImprove=30 updated=0
    [CG] CG iter 4: obj=1900016.535443, maxRC=278376.243929, +27 cols
    [CG]   [DIAG] iter=4 posCols=27 newCols=26 effImprove=27 updated=1
    [CG] CG iter 5: obj=1928492.204302, maxRC=231312.928587, +25 cols
    [CG]   [DIAG] iter=5 posCols=25 newCols=24 effImprove=25 updated=1
    [CG] CG iter 6: obj=1991350.088782, maxRC=188178.000730, +22 cols
    [CG]   [DIAG] iter=6 posCols=22 newCols=21 effImprove=22 updated=1
    [CG] CG iter 7: obj=2046492.002407, maxRC=147242.319255, +14 cols
    [CG]   [DIAG] iter=7 posCols=14 newCols=14 effImprove=14 updated=0
    [CG] CG iter 8: obj=2076302.658588, maxRC=105481.653749, +13 cols
    [CG]   [DIAG] iter=8 posCols=13 newCols=13 effImprove=13 updated=0
    [CG] CG iter 9: obj=2162116.442210, maxRC=171648.454179, +12 cols
    [CG]   [DIAG] iter=9 posCols=12 newCols=12 effImprove=12 updated=0
    [CG] CG iter 10: obj=2162116.442210, maxRC=120423.091258, +6 cols
    [CG]   [DIAG] iter=10 posCols=6 newCols=6 effImprove=6 updated=0
    [CG] CG iter 11: obj=2162116.442210, maxRC=93510.313971, +6 cols
    [CG]   [DIAG] iter=11 posCols=6 newCols=6 effImprove=6 updated=0
    [CG] CG iter 12: obj=2162116.442210, maxRC=83947.916109, +6 cols
    [CG]   [DIAG] iter=12 posCols=6 newCols=6 effImprove=6 updated=0
    [CG] CG iter 13: obj=2166017.319496, maxRC=39931.004691, +8 cols
    [CG]   [DIAG] iter=13 posCols=8 newCols=7 effImprove=8 updated=1
    [CG] CG iter 14: obj=2166017.319496, maxRC=23395.046530, +6 cols
    [CG]   [DIAG] iter=14 posCols=6 newCols=6 effImprove=6 updated=0
    [CG] CG iter 15: obj=2182339.490846, maxRC=31418.330279, +4 cols
    [CG]   [DIAG] iter=15 posCols=4 newCols=4 effImprove=4 updated=0
    [CG] CG iter 16: obj=2209048.228505, maxRC=51199.720355, +6 cols
    [CG]   [DIAG] iter=16 posCols=6 newCols=6 effImprove=6 updated=0
    [CG] CG iter 17: obj=2209048.228505, maxRC=21518.008838, +5 cols
    [CG]   [DIAG] iter=17 posCols=5 newCols=5 effImprove=5 updated=0
    [CG] CG iter 18: obj=2209048.228505, maxRC=6781.768885, +4 cols
    [CG]   [DIAG] iter=18 posCols=4 newCols=4 effImprove=4 updated=0
    [CG] 列生成收敛，共 19 轮迭代
    [CG] [CG-NODE] depth=0 exit=CERTIFIED certified=1 feasible=1 iters=19 generatedColsBeforeNode=0 newCols=250 posCandidates=254 duplicateCandidates=4 updatedCols=4 zeroObjImproveIters=7 objFirst=923966.911567 objLast=2209048.228505 objGain=1285081.316938 maxRC=980475.307231 wallSec=0.114971 pricingSec=0.104122 cplexSolveSec=0.007340
      [BB] 根节点即为整数解，obj=2209048.228505
