    [CG] 列生成开始，初始列数=310
    [CG] CG iter 1: obj=841841.084973, maxRC=1000754.890662, +30 cols
    [CG]   [DIAG] iter=1 posCols=30 newCols=30 effImprove=30 updated=0
    [CG] CG iter 2: obj=1517583.401131, maxRC=313171.172191, +27 cols
    [CG]   [DIAG] iter=2 posCols=27 newCols=27 effImprove=27 updated=0
    [CG] CG iter 3: obj=1845896.065742, maxRC=563292.473894, +27 cols
    [CG]   [DIAG] iter=3 posCols=27 newCols=27 effImprove=27 updated=0
    [CG] CG iter 4: obj=1884914.223978, maxRC=341035.191209, +27 cols
    [CG]   [DIAG] iter=4 posCols=27 newCols=27 effImprove=27 updated=0
    [CG] CG iter 5: obj=1945058.740099, maxRC=227302.651645, +25 cols
    [CG]   [DIAG] iter=5 posCols=25 newCols=25 effImprove=25 updated=0
    [CG] CG iter 6: obj=1985922.208376, maxRC=212055.907345, +22 cols
    [CG]   [DIAG] iter=6 posCols=22 newCols=21 effImprove=22 updated=1
    [CG] CG iter 7: obj=2030217.823603, maxRC=178623.310610, +24 cols
    [CG]   [DIAG] iter=7 posCols=24 newCols=23 effImprove=24 updated=1
    [CG] CG iter 8: obj=2156765.169292, maxRC=117839.301112, +15 cols
    [CG]   [DIAG] iter=8 posCols=15 newCols=15 effImprove=15 updated=0
    [CG] CG iter 9: obj=2156765.169292, maxRC=70071.987374, +13 cols
    [CG]   [DIAG] iter=9 posCols=13 newCols=13 effImprove=13 updated=0
    [CG] CG iter 10: obj=2156773.317580, maxRC=39522.493715, +8 cols
    [CG]   [DIAG] iter=10 posCols=8 newCols=8 effImprove=8 updated=0
    [CG] CG iter 11: obj=2162428.516462, maxRC=30459.808375, +9 cols
    [CG]   [DIAG] iter=11 posCols=9 newCols=9 effImprove=9 updated=0
    [CG] CG iter 12: obj=2167634.219319, maxRC=32785.603775, +9 cols
    [CG]   [DIAG] iter=12 posCols=9 newCols=9 effImprove=9 updated=0
    [CG] CG iter 13: obj=2169562.437418, maxRC=19502.254380, +7 cols
    [CG]   [DIAG] iter=13 posCols=7 newCols=7 effImprove=7 updated=0
    [CG] CG iter 14: obj=2179315.359952, maxRC=17434.409611, +4 cols
    [CG]   [DIAG] iter=14 posCols=4 newCols=4 effImprove=4 updated=0
    [CG] CG iter 15: obj=2179315.359952, maxRC=13001.289807, +3 cols
    [CG]   [DIAG] iter=15 posCols=3 newCols=3 effImprove=3 updated=0
    [CG] CG iter 16: obj=2192316.649758, maxRC=1127.047451, +1 cols
    [CG]   [DIAG] iter=16 posCols=1 newCols=1 effImprove=1 updated=0
    [CG] 列生成收敛，共 17 轮迭代
    [CG] [CG-NODE] depth=0 exit=CERTIFIED certified=1 feasible=1 iters=17 generatedColsBeforeNode=0 newCols=249 posCandidates=251 duplicateCandidates=2 updatedCols=2 zeroObjImproveIters=3 objFirst=841841.084973 objLast=2192316.649758 objGain=1350475.564786 maxRC=1000754.890662 wallSec=0.131600 pricingSec=0.119779 cplexSolveSec=0.007315
      [BB] 根节点即为整数解，obj=2192316.649758
