    [CG] 列生成开始，初始列数=310
    [CG] CG iter 1: obj=510256.028549, maxRC=877290.859058, +30 cols
    [CG]   [DIAG] iter=1 posCols=30 newCols=30 effImprove=30 updated=0
    [CG] CG iter 2: obj=1378971.764051, maxRC=677429.687849, +30 cols
    [CG]   [DIAG] iter=2 posCols=30 newCols=30 effImprove=30 updated=0
    [CG] CG iter 3: obj=1378971.764051, maxRC=682775.269715, +28 cols
    [CG]   [DIAG] iter=3 posCols=28 newCols=28 effImprove=28 updated=0
    [CG] CG iter 4: obj=1544407.693051, maxRC=668264.979173, +27 cols
    [CG]   [DIAG] iter=4 posCols=27 newCols=27 effImprove=27 updated=0
    [CG] CG iter 5: obj=1558124.011962, maxRC=535873.110442, +27 cols
    [CG]   [DIAG] iter=5 posCols=27 newCols=27 effImprove=27 updated=0
    [CG] CG iter 6: obj=1622754.123679, maxRC=520053.908960, +27 cols
    [CG]   [DIAG] iter=6 posCols=27 newCols=27 effImprove=27 updated=0
    [CG] CG iter 7: obj=1631345.393946, maxRC=342513.199092, +29 cols
    [CG]   [DIAG] iter=7 posCols=29 newCols=29 effImprove=29 updated=0
    [CG] CG iter 8: obj=1645868.754793, maxRC=276267.017882, +16 cols
    [CG]   [DIAG] iter=8 posCols=16 newCols=16 effImprove=16 updated=0
    [CG] CG iter 9: obj=1720895.026729, maxRC=318477.405634, +17 cols
    [CG]   [DIAG] iter=9 posCols=17 newCols=17 effImprove=17 updated=0
    [CG] CG iter 10: obj=1738111.669945, maxRC=227462.135215, +18 cols
    [CG]   [DIAG] iter=10 posCols=18 newCols=18 effImprove=18 updated=0
    [CG] CG iter 11: obj=1789779.473206, maxRC=241141.578336, +13 cols
    [CG]   [DIAG] iter=11 posCols=13 newCols=12 effImprove=13 updated=1
    [CG] CG iter 12: obj=1838791.971074, maxRC=181337.565851, +15 cols
    [CG]   [DIAG] iter=12 posCols=15 newCols=15 effImprove=15 updated=0
    [CG] CG iter 13: obj=1856355.274450, maxRC=120601.232109, +14 cols
    [CG]   [DIAG] iter=13 posCols=14 newCols=14 effImprove=14 updated=0
    [CG] CG iter 14: obj=1867353.426273, maxRC=92165.155946, +16 cols
    [CG]   [DIAG] iter=14 posCols=16 newCols=16 effImprove=16 updated=0
    [CG] CG iter 15: obj=1887704.070437, maxRC=93114.727053, +17 cols
    [CG]   [DIAG] iter=15 posCols=17 newCols=17 effImprove=17 updated=0
    [CG] CG iter 16: obj=1894807.423137, maxRC=77223.261243, +15 cols
    [CG]   [DIAG] iter=16 posCols=15 newCols=14 effImprove=15 updated=1
    [CG] CG iter 17: obj=1912164.402623, maxRC=68878.147520, +10 cols
    [CG]   [DIAG] iter=17 posCols=10 newCols=10 effImprove=10 updated=0
    [CG] CG iter 18: obj=1924931.478276, maxRC=57690.074822, +9 cols
    [CG]   [DIAG] iter=18 posCols=9 newCols=9 effImprove=9 updated=0
    [CG] CG iter 19: obj=1936367.168318, maxRC=31741.922579, +9 cols
    [CG]   [DIAG] iter=19 posCols=9 newCols=9 effImprove=9 updated=0
    [CG] CG iter 20: obj=1946947.809178, maxRC=42044.313711, +9 cols
    [CG]   [DIAG] iter=20 posCols=9 newCols=9 effImprove=9 updated=0
    [CG] CG iter 21: obj=1965840.150414, maxRC=42897.334596, +11 cols
    [CG]   [DIAG] iter=21 posCols=11 newCols=11 effImprove=11 updated=0
    [CG] CG iter 22: obj=1980945.617123, maxRC=30051.647547, +6 cols
    [CG]   [DIAG] iter=22 posCols=6 newCols=6 effImprove=6 updated=0
    [CG] CG iter 23: obj=1980945.617123, maxRC=25386.781068, +4 cols
    [CG]   [DIAG] iter=23 posCols=4 newCols=4 effImprove=4 updated=0
    [CG] CG iter 24: obj=1980945.617123, maxRC=17056.613356, +6 cols
    [CG]   [DIAG] iter=24 posCols=6 newCols=6 effImprove=6 updated=0
    [CG] CG iter 25: obj=1980945.617123, maxRC=12886.801931, +5 cols
    [CG]   [DIAG] iter=25 posCols=5 newCols=5 effImprove=5 updated=0
    [CG] CG iter 26: obj=1980945.617123, maxRC=6895.607192, +3 cols
    [CG]   [DIAG] iter=26 posCols=3 newCols=3 effImprove=3 updated=0
    [CG] CG iter 27: obj=1980945.617123, maxRC=369.688938, +1 cols
    [CG]   [DIAG] iter=27 posCols=1 newCols=1 effImprove=1 updated=0
    [CG] 列生成收敛，共 28 轮迭代
    [CG] [CG-NODE] depth=0 exit=CERTIFIED certified=1 feasible=1 iters=28 generatedColsBeforeNode=0 newCols=410 posCandidates=412 duplicateCandidates=2 updatedCols=2 zeroObjImproveIters=7 objFirst=510256.028549 objLast=1980945.617123 objGain=1470689.588575 maxRC=877290.859058 wallSec=0.607310 pricingSec=0.587528 cplexSolveSec=0.013134
      [BB] 根节点即为整数解，obj=1980945.617123
