    [CG] 列生成开始，初始列数=310
    [CG] CG iter 1: obj=636400.946385, maxRC=1044565.527519, +30 cols
    [CG]   [DIAG] iter=1 posCols=30 newCols=30 effImprove=30 updated=0
    [CG] CG iter 2: obj=1390371.346411, maxRC=438316.662248, +18 cols
    [CG]   [DIAG] iter=2 posCols=18 newCols=18 effImprove=18 updated=0
    [CG] CG iter 3: obj=1523381.334350, maxRC=573829.002016, +18 cols
    [CG]   [DIAG] iter=3 posCols=18 newCols=18 effImprove=18 updated=0
    [CG] CG iter 4: obj=1647507.280931, maxRC=603841.717939, +18 cols
    [CG]   [DIAG] iter=4 posCols=18 newCols=18 effImprove=18 updated=0
    [CG] CG iter 5: obj=1807129.373902, maxRC=486341.099622, +18 cols
    [CG]   [DIAG] iter=5 posCols=18 newCols=18 effImprove=18 updated=0
    [CG] CG iter 6: obj=1812868.811125, maxRC=442160.034940, +18 cols
    [CG]   [DIAG] iter=6 posCols=18 newCols=18 effImprove=18 updated=0
    [CG] CG iter 7: obj=1830969.030242, maxRC=314633.963528, +18 cols
    [CG]   [DIAG] iter=7 posCols=18 newCols=18 effImprove=18 updated=0
    [CG] CG iter 8: obj=1885751.330566, maxRC=244197.089370, +17 cols
    [CG]   [DIAG] iter=8 posCols=17 newCols=17 effImprove=17 updated=0
    [CG] CG iter 9: obj=1885751.330566, maxRC=261942.401475, +17 cols
    [CG]   [DIAG] iter=9 posCols=17 newCols=17 effImprove=17 updated=0
    [CG] CG iter 10: obj=1890711.457498, maxRC=277005.700573, +17 cols
    [CG]   [DIAG] iter=10 posCols=17 newCols=17 effImprove=17 updated=0
    [CG] CG iter 11: obj=1897176.642678, maxRC=198545.601237, +18 cols
    [CG]   [DIAG] iter=11 posCols=18 newCols=18 effImprove=18 updated=0
    [CG] CG iter 12: obj=1907477.118597, maxRC=149083.677770, +15 cols
    [CG]   [DIAG] iter=12 posCols=15 newCols=15 effImprove=15 updated=0
    [CG] CG iter 13: obj=1920918.953825, maxRC=215411.408081, +13 cols
    [CG]   [DIAG] iter=13 posCols=13 newCols=13 effImprove=13 updated=0
    [CG] CG iter 14: obj=1945135.661089, maxRC=217581.835946, +13 cols
    [CG]   [DIAG] iter=14 posCols=13 newCols=13 effImprove=13 updated=0
    [CG] CG iter 15: obj=1992744.480508, maxRC=220484.005306, +10 cols
    [CG]   [DIAG] iter=15 posCols=10 newCols=10 effImprove=10 updated=0
    [CG] CG iter 16: obj=2020037.546272, maxRC=119593.468975, +15 cols
    [CG]   [DIAG] iter=16 posCols=15 newCols=15 effImprove=15 updated=0
    [CG] CG iter 17: obj=2049950.891181, maxRC=121950.443937, +12 cols
    [CG]   [DIAG] iter=17 posCols=12 newCols=11 effImprove=12 updated=1
    [CG] CG iter 18: obj=2049950.891181, maxRC=87470.332923, +11 cols
    [CG]   [DIAG] iter=18 posCols=11 newCols=11 effImprove=11 updated=0
    [CG] CG iter 19: obj=2058897.860097, maxRC=123396.204835, +10 cols
    [CG]   [DIAG] iter=19 posCols=10 newCols=10 effImprove=10 updated=0
    [CG] CG iter 20: obj=2061757.479099, maxRC=48561.402994, +11 cols
    [CG]   [DIAG] iter=20 posCols=11 newCols=10 effImprove=11 updated=1
    [CG] CG iter 21: obj=2081198.804987, maxRC=91458.844531, +15 cols
    [CG]   [DIAG] iter=21 posCols=15 newCols=15 effImprove=15 updated=0
    [CG] CG iter 22: obj=2081198.804987, maxRC=112087.819952, +9 cols
    [CG]   [DIAG] iter=22 posCols=9 newCols=9 effImprove=9 updated=0
    [CG] CG iter 23: obj=2087849.442978, maxRC=76097.702928, +10 cols
    [CG]   [DIAG] iter=23 posCols=10 newCols=10 effImprove=10 updated=0
    [CG] CG iter 24: obj=2087967.480402, maxRC=39963.582706, +9 cols
    [CG]   [DIAG] iter=24 posCols=9 newCols=9 effImprove=9 updated=0
    [CG] CG iter 25: obj=2111649.395980, maxRC=55454.471203, +8 cols
    [CG]   [DIAG] iter=25 posCols=8 newCols=8 effImprove=8 updated=0
    [CG] CG iter 26: obj=2111649.395980, maxRC=30405.091459, +9 cols
    [CG]   [DIAG] iter=26 posCols=9 newCols=9 effImprove=9 updated=0
    [CG] CG iter 27: obj=2111649.395980, maxRC=30727.529321, +9 cols
    [CG]   [DIAG] iter=27 posCols=9 newCols=9 effImprove=9 updated=0
    [CG] CG iter 28: obj=2111649.395980, maxRC=12683.891581, +6 cols
    [CG]   [DIAG] iter=28 posCols=6 newCols=6 effImprove=6 updated=0
    [CG] CG iter 29: obj=2111649.395980, maxRC=14491.900867, +4 cols
    [CG]   [DIAG] iter=29 posCols=4 newCols=4 effImprove=4 updated=0
    [CG] CG iter 30: obj=2126141.296847, maxRC=8135.019832, +7 cols
    [CG]   [DIAG] iter=30 posCols=7 newCols=7 effImprove=7 updated=0
    [CG] CG iter 31: obj=2126141.296847, maxRC=8093.780742, +6 cols
    [CG]   [DIAG] iter=31 posCols=6 newCols=6 effImprove=6 updated=0
    [CG] CG iter 32: obj=2126141.296847, maxRC=3198.193804, +4 cols
    [CG]   [DIAG] iter=32 posCols=4 newCols=4 effImprove=4 updated=0
    [CG] CG iter 33: obj=2126141.296847, maxRC=1631.078190, +3 cols
    [CG]   [DIAG] iter=33 posCols=3 newCols=3 effImprove=3 updated=0
    [CG] CG iter 34: obj=2126141.296847, maxRC=158.030992, +1 cols
    [CG]   [DIAG] iter=34 posCols=1 newCols=1 effImprove=1 updated=0
    [CG] 列生成收敛，共 35 轮迭代
    [CG] [CG-NODE] depth=0 exit=CERTIFIED certified=1 feasible=1 iters=35 generatedColsBeforeNode=0 newCols=415 posCandidates=417 duplicateCandidates=2 updatedCols=2 zeroObjImproveIters=12 objFirst=636400.946385 objLast=2126141.296847 objGain=1489740.350462 maxRC=1044565.527519 wallSec=0.491053 pricingSec=0.452528 cplexSolveSec=0.015188
      [BB] 根节点即为整数解，obj=2126141.296847
