    [CG] 列生成开始，初始列数=310
    [CG] CG iter 1: obj=434220.417096, maxRC=1132352.488459, +30 cols
    [CG]   [DIAG] iter=1 posCols=30 newCols=30 effImprove=30 updated=0
    [CG] CG iter 2: obj=1358994.320847, maxRC=367504.386843, +18 cols
    [CG]   [DIAG] iter=2 posCols=18 newCols=18 effImprove=18 updated=0
    [CG] CG iter 3: obj=1398846.824959, maxRC=531762.284016, +18 cols
    [CG]   [DIAG] iter=3 posCols=18 newCols=18 effImprove=18 updated=0
    [CG] CG iter 4: obj=1520590.240544, maxRC=649028.279162, +24 cols
    [CG]   [DIAG] iter=4 posCols=24 newCols=24 effImprove=24 updated=0
    [CG] CG iter 5: obj=1571908.662329, maxRC=514135.336781, +20 cols
    [CG]   [DIAG] iter=5 posCols=20 newCols=20 effImprove=20 updated=0
    [CG] CG iter 6: obj=1589427.528639, maxRC=311779.622739, +18 cols
    [CG]   [DIAG] iter=6 posCols=18 newCols=18 effImprove=18 updated=0
    [CG] CG iter 7: obj=1637291.019222, maxRC=181408.741631, +18 cols
    [CG]   [DIAG] iter=7 posCols=18 newCols=18 effImprove=18 updated=0
    [CG] CG iter 8: obj=1687097.714489, maxRC=375808.517935, +18 cols
    [CG]   [DIAG] iter=8 posCols=18 newCols=18 effImprove=18 updated=0
    [CG] CG iter 9: obj=1714835.278981, maxRC=307344.322396, +18 cols
    [CG]   [DIAG] iter=9 posCols=18 newCols=18 effImprove=18 updated=0
    [CG] CG iter 10: obj=1736736.486697, maxRC=261084.439084, +18 cols
    [CG]   [DIAG] iter=10 posCols=18 newCols=18 effImprove=18 updated=0
    [CG] CG iter 11: obj=1753649.946367, maxRC=146757.375823, +16 cols
    [CG]   [DIAG] iter=11 posCols=16 newCols=16 effImprove=16 updated=0
    [CG] CG iter 12: obj=1767360.248548, maxRC=134972.571464, +15 cols
    [CG]   [DIAG] iter=12 posCols=15 newCols=15 effImprove=15 updated=0
    [CG] CG iter 13: obj=1782805.184183, maxRC=157298.555280, +13 cols
    [CG]   [DIAG] iter=13 posCols=13 newCols=13 effImprove=13 updated=0
    [CG] CG iter 14: obj=1790654.298676, maxRC=116840.944127, +11 cols
    [CG]   [DIAG] iter=14 posCols=11 newCols=11 effImprove=11 updated=0
    [CG] CG iter 15: obj=1808872.731374, maxRC=87763.937455, +14 cols
    [CG]   [DIAG] iter=15 posCols=14 newCols=14 effImprove=14 updated=0
    [CG] CG iter 16: obj=1818339.452612, maxRC=116618.070808, +13 cols
    [CG]   [DIAG] iter=16 posCols=13 newCols=13 effImprove=13 updated=0
    [CG] CG iter 17: obj=1831764.441036, maxRC=82048.323204, +12 cols
    [CG]   [DIAG] iter=17 posCols=12 newCols=12 effImprove=12 updated=0
    [CG] CG iter 18: obj=1845287.569842, maxRC=132780.876934, +13 cols
    [CG]   [DIAG] iter=18 posCols=13 newCols=13 effImprove=13 updated=0
    [CG] CG iter 19: obj=1845387.499785, maxRC=116191.726649, +12 cols
    [CG]   [DIAG] iter=19 posCols=12 newCols=12 effImprove=12 updated=0
    [CG] CG iter 20: obj=1848875.737447, maxRC=50193.712581, +11 cols
    [CG]   [DIAG] iter=20 posCols=11 newCols=11 effImprove=11 updated=0
    [CG] CG iter 21: obj=1871449.439895, maxRC=34390.191539, +11 cols
    [CG]   [DIAG] iter=21 posCols=11 newCols=11 effImprove=11 updated=0
    [CG] CG iter 22: obj=1883364.763083, maxRC=29596.836466, +6 cols
    [CG]   [DIAG] iter=22 posCols=6 newCols=6 effImprove=6 updated=0
    [CG] CG iter 23: obj=1883364.763083, maxRC=32833.830238, +11 cols
    [CG]   [DIAG] iter=23 posCols=11 newCols=11 effImprove=11 updated=0
    [CG] CG iter 24: obj=1883364.763083, maxRC=20738.039322, +7 cols
    [CG]   [DIAG] iter=24 posCols=7 newCols=7 effImprove=7 updated=0
    [CG] CG iter 25: obj=1886278.711852, maxRC=15190.315709, +6 cols
    [CG]   [DIAG] iter=25 posCols=6 newCols=6 effImprove=6 updated=0
    [CG] CG iter 26: obj=1886278.711852, maxRC=10384.877301, +5 cols
    [CG]   [DIAG] iter=26 posCols=5 newCols=5 effImprove=5 updated=0
    [CG] CG iter 27: obj=1889740.337619, maxRC=9043.714215, +3 cols
    [CG]   [DIAG] iter=27 posCols=3 newCols=3 effImprove=3 updated=0
    [CG] CG iter 28: obj=1889740.337619, maxRC=6893.245628, +4 cols
    [CG]   [DIAG] iter=28 posCols=4 newCols=4 effImprove=4 updated=0
    [CG] CG iter 29: obj=1889740.337619, maxRC=4554.887093, +2 cols
    [CG]   [DIAG] iter=29 posCols=2 newCols=2 effImprove=2 updated=0
    [CG] CG iter 30: obj=1890879.059392, maxRC=3356.168753, +2 cols
    [CG]   [DIAG] iter=30 posCols=2 newCols=2 effImprove=2 updated=0
    [CG] CG iter 31: obj=1890879.059392, maxRC=2938.397724, +1 cols
    [CG]   [DIAG] iter=31 posCols=1 newCols=1 effImprove=1 updated=0
    [CG] CG iter 32: obj=1893817.457116, maxRC=510.173893, +1 cols
    [CG]   [DIAG] iter=32 posCols=1 newCols=1 effImprove=1 updated=0
    [CG] 列生成收敛，共 33 轮迭代
    [CG] [CG-NODE] depth=0 exit=CERTIFIED certified=1 feasible=1 iters=33 generatedColsBeforeNode=0 newCols=389 posCandidates=389 duplicateCandidates=0 updatedCols=0 zeroObjImproveIters=7 objFirst=434220.417096 objLast=1893817.457116 objGain=1459597.040021 maxRC=1132352.488459 wallSec=0.592696 pricingSec=0.571725 cplexSolveSec=0.014586
      [BB] 根节点即为整数解，obj=1893817.457116
