    [CG] 列生成开始，初始列数=310
    [CG] CG iter 1: obj=893662.925683, maxRC=1048323.212202, +30 cols
    [CG]   [DIAG] iter=1 posCols=30 newCols=30 effImprove=30 updated=0
    [CG] CG iter 2: obj=1598728.914802, maxRC=341926.303723, +27 cols
    [CG]   [DIAG] iter=2 posCols=27 newCols=27 effImprove=27 updated=0
    [CG] CG iter 3: obj=1786331.986505, maxRC=448125.227701, +27 cols
    [CG]   [DIAG] iter=3 posCols=27 newCols=27 effImprove=27 updated=0
    [CG] CG iter 4: obj=1927486.277708, maxRC=258482.230972, +24 cols
    [CG]   [DIAG] iter=4 posCols=24 newCols=24 effImprove=24 updated=0
    [CG] CG iter 5: obj=1965477.575200, maxRC=255988.259585, +25 cols
    [CG]   [DIAG] iter=5 posCols=25 newCols=25 effImprove=25 updated=0
    [CG] CG iter 6: obj=1999592.145057, maxRC=260499.510585, +22 cols
    [CG]   [DIAG] iter=6 posCols=22 newCols=22 effImprove=22 updated=0
    [CG] CG iter 7: obj=2071374.421298, maxRC=213733.750938, +20 cols
    [CG]   [DIAG] iter=7 posCols=20 newCols=20 effImprove=20 updated=0
    [CG] CG iter 8: obj=2094757.018458, maxRC=134925.666659, +16 cols
    [CG]   [DIAG] iter=8 posCols=16 newCols=16 effImprove=16 updated=0
    [CG] CG iter 9: obj=2150718.588973, maxRC=141162.655997, +12 cols
    [CG]   [DIAG] iter=9 posCols=12 newCols=11 effImprove=12 updated=1
    [CG] CG iter 10: obj=2198636.826707, maxRC=68273.100044, +19 cols
    [CG]   [DIAG] iter=10 posCols=19 newCols=19 effImprove=19 updated=0
    [CG] CG iter 11: obj=2242793.257493, maxRC=60279.147978, +8 cols
    [CG]   [DIAG] iter=11 posCols=8 newCols=8 effImprove=8 updated=0
    [CG] CG iter 12: obj=2242793.257493, maxRC=53280.965705, +7 cols
    [CG]   [DIAG] iter=12 posCols=7 newCols=7 effImprove=7 updated=0
    [CG] CG iter 13: obj=2242793.257493, maxRC=21428.136536, +5 cols
    [CG]   [DIAG] iter=13 posCols=5 newCols=5 effImprove=5 updated=0
    [CG] CG iter 14: obj=2242793.257493, maxRC=19979.093063, +4 cols
    [CG]   [DIAG] iter=14 posCols=4 newCols=4 effImprove=4 updated=0
    [CG] CG iter 15: obj=2242793.257493, maxRC=21807.485251, +5 cols
    [CG]   [DIAG] iter=15 posCols=5 newCols=5 effImprove=5 updated=0
    [CG] CG iter 16: obj=2242793.257493, maxRC=16026.092787, +3 cols
    [CG]   [DIAG] iter=16 posCols=3 newCols=3 effImprove=3 updated=0
    [CG] CG iter 17: obj=2242793.257493, maxRC=10099.807733, +4 cols
    [CG]   [DIAG] iter=17 posCols=4 newCols=4 effImprove=4 updated=0
    [CG] CG iter 18: obj=2242793.257493, maxRC=4914.973774, +3 cols
    [CG]   [DIAG] iter=18 posCols=3 newCols=3 effImprove=3 updated=0
    [CG] CG iter 19: obj=2242793.257493, maxRC=1046.247095, +2 cols
    [CG]   [DIAG] iter=19 posCols=2 newCols=2 effImprove=2 updated=0
    [CG] CG iter 20: obj=2242793.257493, maxRC=363.252500, +1 cols
    [CG]   [DIAG] iter=20 posCols=1 newCols=1 effImprove=1 updated=0
    [CG] 列生成收敛，共 21 轮迭代
    [CG] [CG-NODE] depth=0 exit=CERTIFIED certified=1 feasible=1 iters=21 generatedColsBeforeNode=0 newCols=263 posCandidates=264 duplicateCandidates=1 updatedCols=1 zeroObjImproveIters=10 objFirst=893662.925683 objLast=2242793.257493 objGain=1349130.331810 maxRC=1048323.212202 wallSec=0.174487 pricingSec=0.146217 cplexSolveSec=0.007953
      [BB] 根节点即为整数解，obj=2242793.257493
