    [CG] 列生成开始，初始列数=310
    [CG] CG iter 1: obj=945816.253703, maxRC=979446.016820, +30 cols
    [CG]   [DIAG] iter=1 posCols=30 newCols=30 effImprove=30 updated=0
    [CG] CG iter 2: obj=1583413.816466, maxRC=332586.093479, +30 cols
    [CG]   [DIAG] iter=2 posCols=30 newCols=30 effImprove=30 updated=0
    [CG] CG iter 3: obj=1853419.104382, maxRC=450958.635191, +30 cols
    [CG]   [DIAG] iter=3 posCols=30 newCols=30 effImprove=30 updated=0
    [CG] CG iter 4: obj=1902001.503376, maxRC=268745.313470, +27 cols
    [CG]   [DIAG] iter=4 posCols=27 newCols=26 effImprove=27 updated=1
    [CG] CG iter 5: obj=1997412.753980, maxRC=209175.926155, +27 cols
    [CG]   [DIAG] iter=5 posCols=27 newCols=27 effImprove=27 updated=0
    [CG] CG iter 6: obj=2056175.731504, maxRC=172329.788593, +21 cols
    [CG]   [DIAG] iter=6 posCols=21 newCols=21 effImprove=21 updated=0
    [CG] CG iter 7: obj=2168564.619414, maxRC=118803.490983, +15 cols
    [CG]   [DIAG] iter=7 posCols=15 newCols=15 effImprove=15 updated=0
    [CG] CG iter 8: obj=2175072.228158, maxRC=101462.281970, +17 cols
    [CG]   [DIAG] iter=8 posCols=17 newCols=17 effImprove=17 updated=0
    [CG] CG iter 9: obj=2191779.592892, maxRC=55470.946502, +11 cols
    [CG]   [DIAG] iter=9 posCols=11 newCols=11 effImprove=11 updated=0
    [CG] CG iter 10: obj=2228060.485938, maxRC=36074.538039, +6 cols
    [CG]   [DIAG] iter=10 posCols=6 newCols=6 effImprove=6 updated=0
    [CG] CG iter 11: obj=2234684.151708, maxRC=31398.854516, +3 cols
    [CG]   [DIAG] iter=11 posCols=3 newCols=3 effImprove=3 updated=0
    [CG] CG iter 12: obj=2234684.151708, maxRC=13818.077705, +3 cols
    [CG]   [DIAG] iter=12 posCols=3 newCols=3 effImprove=3 updated=0
    [CG] CG iter 13: obj=2234684.151708, maxRC=10745.696468, +3 cols
    [CG]   [DIAG] iter=13 posCols=3 newCols=2 effImprove=3 updated=1
    [CG] CG iter 14: obj=2245429.848176, maxRC=108.364142, +1 cols
    [CG]   [DIAG] iter=14 posCols=1 newCols=1 effImprove=1 updated=0
    [CG] CG iter 15: obj=2245429.848176, maxRC=85.740014, +1 cols
    [CG]   [DIAG] iter=15 posCols=1 newCols=1 effImprove=1 updated=0
    [CG] 列生成收敛，共 16 轮迭代
    [CG] [CG-NODE] depth=0 exit=CERTIFIED certified=1 feasible=1 iters=16 generatedColsBeforeNode=0 newCols=223 posCandidates=225 duplicateCandidates=2 updatedCols=2 zeroObjImproveIters=4 objFirst=945816.253703 objLast=2245429.848176 objGain=1299613.594472 maxRC=979446.016820 wallSec=0.114791 pricingSec=0.103849 cplexSolveSec=0.006552
      [BB] 根节点即为整数解，obj=2245429.848176
