    [CG] 列生成开始，初始列数=310
    [CG] CG iter 1: obj=462631.432287, maxRC=1143787.083066, +30 cols
    [CG]   [DIAG] iter=1 posCols=30 newCols=30 effImprove=30 updated=0
    [CG] CG iter 2: obj=1323259.515235, maxRC=330974.447208, +15 cols
    [CG]   [DIAG] iter=2 posCols=15 newCols=15 effImprove=15 updated=0
    [CG] CG iter 3: obj=1384769.509033, maxRC=513074.592438, +27 cols
    [CG]   [DIAG] iter=3 posCols=27 newCols=27 effImprove=27 updated=0
    [CG] CG iter 4: obj=1406944.090013, maxRC=469240.926168, +21 cols
    [CG]   [DIAG] iter=4 posCols=21 newCols=21 effImprove=21 updated=0
    [CG] CG iter 5: obj=1453146.330620, maxRC=462530.726299, +24 cols
    [CG]   [DIAG] iter=5 posCols=24 newCols=24 effImprove=24 updated=0
    [CG] CG iter 6: obj=1512785.041152, maxRC=341741.656636, +18 cols
    [CG]   [DIAG] iter=6 posCols=18 newCols=18 effImprove=18 updated=0
    [CG] CG iter 7: obj=1526800.714680, maxRC=282577.083171, +18 cols
    [CG]   [DIAG] iter=7 posCols=18 newCols=18 effImprove=18 updated=0
    [CG] CG iter 8: obj=1558362.511448, maxRC=304845.952541, +18 cols
    [CG]   [DIAG] iter=8 posCols=18 newCols=18 effImprove=18 updated=0
    [CG] CG iter 9: obj=1587666.781673, maxRC=133384.808771, +17 cols
    [CG]   [DIAG] iter=9 posCols=17 newCols=17 effImprove=17 updated=0
    [CG] CG iter 10: obj=1657963.869700, maxRC=228159.218551, +17 cols
    [CG]   [DIAG] iter=10 posCols=17 newCols=17 effImprove=17 updated=0
    [CG] CG iter 11: obj=1668270.388218, maxRC=235180.959859, +12 cols
    [CG]   [DIAG] iter=11 posCols=12 newCols=12 effImprove=12 updated=0
    [CG] CG iter 12: obj=1674733.187873, maxRC=131987.144156, +15 cols
    [CG]   [DIAG] iter=12 posCols=15 newCols=15 effImprove=15 updated=0
    [CG] CG iter 13: obj=1678718.982257, maxRC=78287.268974, +13 cols
    [CG]   [DIAG] iter=13 posCols=13 newCols=13 effImprove=13 updated=0
    [CG] CG iter 14: obj=1703536.752408, maxRC=202314.433965, +13 cols
    [CG]   [DIAG] iter=14 posCols=13 newCols=13 effImprove=13 updated=0
    [CG] CG iter 15: obj=1713681.418356, maxRC=105055.450210, +12 cols
    [CG]   [DIAG] iter=15 posCols=12 newCols=12 effImprove=12 updated=0
    [CG] CG iter 16: obj=1723873.743259, maxRC=93382.320068, +12 cols
    [CG]   [DIAG] iter=16 posCols=12 newCols=12 effImprove=12 updated=0
    [CG] CG iter 17: obj=1736979.422662, maxRC=64106.939812, +13 cols
    [CG]   [DIAG] iter=17 posCols=13 newCols=13 effImprove=13 updated=0
    [CG] CG iter 18: obj=1754437.852994, maxRC=36564.040101, +10 cols
    [CG]   [DIAG] iter=18 posCols=10 newCols=10 effImprove=10 updated=0
    [CG] CG iter 19: obj=1754437.852994, maxRC=39923.077082, +9 cols
    [CG]   [DIAG] iter=19 posCols=9 newCols=9 effImprove=9 updated=0
    [CG] CG iter 20: obj=1764594.577690, maxRC=47595.790253, +11 cols
    [CG]   [DIAG] iter=20 posCols=11 newCols=10 effImprove=11 updated=1
    [CG] CG iter 21: obj=1781565.174818, maxRC=28759.693111, +8 cols
    [CG]   [DIAG] iter=21 posCols=8 newCols=8 effImprove=8 updated=0
    [CG] CG iter 22: obj=1787422.478504, maxRC=14283.216914, +5 cols
    [CG]   [DIAG] iter=22 posCols=5 newCols=4 effImprove=5 updated=1
    [CG] CG iter 23: obj=1794762.868672, maxRC=6352.093475, +3 cols
    [CG]   [DIAG] iter=23 posCols=3 newCols=3 effImprove=3 updated=0
    [CG] CG iter 24: obj=1799783.063769, maxRC=7218.414247, +3 cols
    [CG]   [DIAG] iter=24 posCols=3 newCols=3 effImprove=3 updated=0
    [CG] CG iter 25: obj=1799783.063769, maxRC=329.045231, +2 cols
    [CG]   [DIAG] iter=25 posCols=2 newCols=2 effImprove=2 updated=0
    [CG] 列生成收敛，共 26 轮迭代
    [CG] [CG-NODE] depth=0 exit=CERTIFIED certified=1 feasible=1 iters=26 generatedColsBeforeNode=0 newCols=344 posCandidates=346 duplicateCandidates=2 updatedCols=2 zeroObjImproveIters=3 objFirst=462631.432287 objLast=1799783.063769 objGain=1337151.631482 maxRC=1143787.083066 wallSec=0.487247 pricingSec=0.469815 cplexSolveSec=0.011539
      [BB] 根节点即为整数解，obj=1799783.063769
