    [CG] 列生成开始，初始列数=310
    [CG] CG iter 1: obj=163655.008446, maxRC=424597.390079, +15 cols
    [CG]   [DIAG] iter=1 posCols=15 newCols=15 effImprove=15 updated=0
    [CG] CG iter 2: obj=512614.215473, maxRC=246862.644649, +15 cols
    [CG]   [DIAG] iter=2 posCols=15 newCols=15 effImprove=15 updated=0
    [CG] CG iter 3: obj=518861.259366, maxRC=248668.128705, +15 cols
    [CG]   [DIAG] iter=3 posCols=15 newCols=15 effImprove=15 updated=0
    [CG] CG iter 4: obj=641777.632942, maxRC=151525.712126, +12 cols
    [CG]   [DIAG] iter=4 posCols=12 newCols=12 effImprove=12 updated=0
    [CG] CG iter 5: obj=705864.447868, maxRC=237565.826174, +14 cols
    [CG]   [DIAG] iter=5 posCols=14 newCols=14 effImprove=14 updated=0
    [CG] CG iter 6: obj=757825.199407, maxRC=203089.876887, +13 cols
    [CG]   [DIAG] iter=6 posCols=13 newCols=13 effImprove=13 updated=0
    [CG] CG iter 7: obj=757825.199407, maxRC=166315.862068, +13 cols
    [CG]   [DIAG] iter=7 posCols=13 newCols=13 effImprove=13 updated=0
    [CG] CG iter 8: obj=763850.624013, maxRC=178669.202005, +12 cols
    [CG]   [DIAG] iter=8 posCols=12 newCols=12 effImprove=12 updated=0
    [CG] CG iter 9: obj=766617.639657, maxRC=200280.952396, +10 cols
    [CG]   [DIAG] iter=9 posCols=10 newCols=10 effImprove=10 updated=0
    [CG] CG iter 10: obj=778578.502310, maxRC=126065.999728, +12 cols
    [CG]   [DIAG] iter=10 posCols=12 newCols=12 effImprove=12 updated=0
    [CG] CG iter 11: obj=778578.502310, maxRC=125453.566305, +10 cols
    [CG]   [DIAG] iter=11 posCols=10 newCols=10 effImprove=10 updated=0
    [CG] CG iter 12: obj=778578.502310, maxRC=152124.815556, +11 cols
    [CG]   [DIAG] iter=12 posCols=11 newCols=11 effImprove=11 updated=0
    [CG] CG iter 13: obj=778578.502310, maxRC=95953.084658, +11 cols
    [CG]   [DIAG] iter=13 posCols=11 newCols=11 effImprove=11 updated=0
    [CG] CG iter 14: obj=778578.502310, maxRC=103555.961052, +13 cols
    [CG]   [DIAG] iter=14 posCols=13 newCols=13 effImprove=13 updated=0
    [CG] CG iter 15: obj=805691.292026, maxRC=150363.005238, +10 cols
    [CG]   [DIAG] iter=15 posCols=10 newCols=10 effImprove=10 updated=0
    [CG] CG iter 16: obj=805691.292026, maxRC=92410.980037, +10 cols
    [CG]   [DIAG] iter=16 posCols=10 newCols=10 effImprove=10 updated=0
    [CG] CG iter 17: obj=805691.292026, maxRC=98703.853202, +11 cols
    [CG]   [DIAG] iter=17 posCols=11 newCols=11 effImprove=11 updated=0
    [CG] CG iter 18: obj=805691.292026, maxRC=60810.500697, +10 cols
    [CG]   [DIAG] iter=18 posCols=10 newCols=10 effImprove=10 updated=0
    [CG] CG iter 19: obj=805691.292026, maxRC=49387.338424, +11 cols
    [CG]   [DIAG] iter=19 posCols=11 newCols=11 effImprove=11 updated=0
    [CG] CG iter 20: obj=805691.292026, maxRC=61398.314373, +11 cols
    [CG]   [DIAG] iter=20 posCols=11 newCols=11 effImprove=11 updated=0
    [CG] CG iter 21: obj=805691.292026, maxRC=38075.507467, +8 cols
    [CG]   [DIAG] iter=21 posCols=8 newCols=8 effImprove=8 updated=0
    [CG] CG iter 22: obj=806279.930071, maxRC=53184.433955, +10 cols
    [CG]   [DIAG] iter=22 posCols=10 newCols=10 effImprove=10 updated=0
    [CG] CG iter 23: obj=814909.092181, maxRC=18030.997048, +10 cols
    [CG]   [DIAG] iter=23 posCols=10 newCols=10 effImprove=10 updated=0
    [CG] CG iter 24: obj=828365.949489, maxRC=26594.961284, +8 cols
    [CG]   [DIAG] iter=24 posCols=8 newCols=8 effImprove=8 updated=0
    [CG] CG iter 25: obj=828365.949489, maxRC=5839.046491, +7 cols
    [CG]   [DIAG] iter=25 posCols=7 newCols=7 effImprove=7 updated=0
    [CG] CG iter 26: obj=828365.949489, maxRC=5553.369420, +4 cols
    [CG]   [DIAG] iter=26 posCols=4 newCols=3 effImprove=4 updated=1
    [CG] CG iter 27: obj=828365.949489, maxRC=5596.329226, +6 cols
    [CG]   [DIAG] iter=27 posCols=6 newCols=6 effImprove=6 updated=0
    [CG] CG iter 28: obj=828365.949489, maxRC=3005.232711, +4 cols
    [CG]   [DIAG] iter=28 posCols=4 newCols=4 effImprove=4 updated=0
    [CG] CG iter 29: obj=828365.949489, maxRC=492.806345, +2 cols
    [CG]   [DIAG] iter=29 posCols=2 newCols=2 effImprove=2 updated=0
    [CG] 列生成收敛，共 30 轮迭代
    [CG] [CG-NODE] depth=0 exit=CERTIFIED certified=1 feasible=1 iters=30 generatedColsBeforeNode=0 newCols=297 posCandidates=298 duplicateCandidates=1 updatedCols=1 zeroObjImproveIters=17 objFirst=163655.008446 objLast=828365.949489 objGain=664710.941043 maxRC=424597.390079 wallSec=1.707241 pricingSec=1.689443 cplexSolveSec=0.010975
      [BB] 根节点即为整数解，obj=828365.949489
