    [CG] 列生成开始，初始列数=310
    [CG] CG iter 1: obj=308943.240833, maxRC=511183.426945, +21 cols
    [CG]   [DIAG] iter=1 posCols=21 newCols=21 effImprove=21 updated=0
    [CG] CG iter 2: obj=671729.744918, maxRC=324169.781048, +21 cols
    [CG]   [DIAG] iter=2 posCols=21 newCols=21 effImprove=21 updated=0
    [CG] CG iter 3: obj=708675.950144, maxRC=338160.584756, +18 cols
    [CG]   [DIAG] iter=3 posCols=18 newCols=18 effImprove=18 updated=0
    [CG] CG iter 4: obj=708675.950144, maxRC=375527.163884, +21 cols
    [CG]   [DIAG] iter=4 posCols=21 newCols=21 effImprove=21 updated=0
    [CG] CG iter 5: obj=773020.571355, maxRC=261238.934054, +20 cols
    [CG]   [DIAG] iter=5 posCols=20 newCols=20 effImprove=20 updated=0
    [CG] CG iter 6: obj=851424.715173, maxRC=235433.041588, +16 cols
    [CG]   [DIAG] iter=6 posCols=16 newCols=16 effImprove=16 updated=0
    [CG] CG iter 7: obj=903614.951991, maxRC=209425.862767, +14 cols
    [CG]   [DIAG] iter=7 posCols=14 newCols=14 effImprove=14 updated=0
    [CG] CG iter 8: obj=954062.374203, maxRC=174252.435964, +17 cols
    [CG]   [DIAG] iter=8 posCols=17 newCols=17 effImprove=17 updated=0
    [CG] CG iter 9: obj=958717.537067, maxRC=192453.409835, +17 cols
    [CG]   [DIAG] iter=9 posCols=17 newCols=17 effImprove=17 updated=0
    [CG] CG iter 10: obj=958717.537067, maxRC=206640.039331, +10 cols
    [CG]   [DIAG] iter=10 posCols=10 newCols=10 effImprove=10 updated=0
    [CG] CG iter 11: obj=960844.736138, maxRC=70912.284233, +13 cols
    [CG]   [DIAG] iter=11 posCols=13 newCols=13 effImprove=13 updated=0
    [CG] CG iter 12: obj=996275.999056, maxRC=89589.798378, +12 cols
    [CG]   [DIAG] iter=12 posCols=12 newCols=12 effImprove=12 updated=0
    [CG] CG iter 13: obj=998437.954423, maxRC=66408.682156, +7 cols
    [CG]   [DIAG] iter=13 posCols=7 newCols=7 effImprove=7 updated=0
    [CG] CG iter 14: obj=998437.954423, maxRC=39295.495796, +8 cols
    [CG]   [DIAG] iter=14 posCols=8 newCols=8 effImprove=8 updated=0
    [CG] CG iter 15: obj=998437.954423, maxRC=40951.905342, +7 cols
    [CG]   [DIAG] iter=15 posCols=7 newCols=7 effImprove=7 updated=0
    [CG] CG iter 16: obj=998437.954423, maxRC=26319.047972, +7 cols
    [CG]   [DIAG] iter=16 posCols=7 newCols=7 effImprove=7 updated=0
    [CG] CG iter 17: obj=998437.954423, maxRC=28333.814796, +10 cols
    [CG]   [DIAG] iter=17 posCols=10 newCols=9 effImprove=10 updated=1
    [CG] CG iter 18: obj=998437.954423, maxRC=11329.750084, +7 cols
    [CG]   [DIAG] iter=18 posCols=7 newCols=6 effImprove=7 updated=1
    [CG] CG iter 19: obj=1007038.140397, maxRC=16676.273104, +8 cols
    [CG]   [DIAG] iter=19 posCols=8 newCols=8 effImprove=8 updated=0
    [CG] CG iter 20: obj=1008100.093800, maxRC=4653.271996, +4 cols
    [CG]   [DIAG] iter=20 posCols=4 newCols=4 effImprove=4 updated=0
    [CG] CG iter 21: obj=1009699.919765, maxRC=2412.607169, +1 cols
    [CG]   [DIAG] iter=21 posCols=1 newCols=1 effImprove=1 updated=0
    [CG] CG iter 22: obj=1009699.919765, maxRC=1240.758833, +1 cols
    [CG]   [DIAG] iter=22 posCols=1 newCols=1 effImprove=1 updated=0
    [CG] 列生成收敛，共 23 轮迭代
    [CG] [CG-NODE] depth=0 exit=CERTIFIED certified=1 feasible=1 iters=23 generatedColsBeforeNode=0 newCols=258 posCandidates=260 duplicateCandidates=2 updatedCols=2 zeroObjImproveIters=9 objFirst=308943.240833 objLast=1009699.919765 objGain=700756.678932 maxRC=511183.426945 wallSec=0.870496 pricingSec=0.857389 cplexSolveSec=0.007677
      [BB] 根节点即为整数解，obj=1009699.919765
