    [CG] 列生成开始，初始列数=310
    [CG] CG iter 1: obj=830319.794026, maxRC=951355.900380, +27 cols
    [CG]   [DIAG] iter=1 posCols=27 newCols=27 effImprove=27 updated=0
    [CG] CG iter 2: obj=1265754.611444, maxRC=336395.511475, +26 cols
    [CG]   [DIAG] iter=2 posCols=26 newCols=26 effImprove=26 updated=0
    [CG] CG iter 3: obj=1555039.758294, maxRC=345519.145978, +27 cols
    [CG]   [DIAG] iter=3 posCols=27 newCols=27 effImprove=27 updated=0
    [CG] CG iter 4: obj=1676880.166746, maxRC=164713.848718, +25 cols
    [CG]   [DIAG] iter=4 posCols=25 newCols=25 effImprove=25 updated=0
    [CG] CG iter 5: obj=1835925.595818, maxRC=177061.139055, +27 cols
    [CG]   [DIAG] iter=5 posCols=27 newCols=26 effImprove=27 updated=1
    [CG] CG iter 6: obj=1924259.758476, maxRC=152516.145832, +20 cols
    [CG]   [DIAG] iter=6 posCols=20 newCols=20 effImprove=20 updated=0
    [CG] CG iter 7: obj=1964225.988401, maxRC=108312.839559, +14 cols
    [CG]   [DIAG] iter=7 posCols=14 newCols=13 effImprove=14 updated=1
    [CG] CG iter 8: obj=1968932.018463, maxRC=53934.377617, +11 cols
    [CG]   [DIAG] iter=8 posCols=11 newCols=10 effImprove=11 updated=1
    [CG] CG iter 9: obj=2005343.296053, maxRC=22206.730748, +8 cols
    [CG]   [DIAG] iter=9 posCols=8 newCols=8 effImprove=8 updated=0
    [CG] CG iter 10: obj=2005343.296053, maxRC=19637.299095, +6 cols
    [CG]   [DIAG] iter=10 posCols=6 newCols=6 effImprove=6 updated=0
    [CG] CG iter 11: obj=2005343.296053, maxRC=12630.310150, +5 cols
    [CG]   [DIAG] iter=11 posCols=5 newCols=5 effImprove=5 updated=0
    [CG] CG iter 12: obj=2005343.296053, maxRC=11953.722717, +3 cols
    [CG]   [DIAG] iter=12 posCols=3 newCols=3 effImprove=3 updated=0
    [CG] CG iter 13: obj=2005343.296053, maxRC=2707.099564, +2 cols
    [CG]   [DIAG] iter=13 posCols=2 newCols=2 effImprove=2 updated=0
    [CG] CG iter 14: obj=2005343.296053, maxRC=564.347098, +1 cols
    [CG]   [DIAG] iter=14 posCols=1 newCols=1 effImprove=1 updated=0
    [CG] CG iter 15: obj=2005343.296053, maxRC=329.551624, +1 cols
    [CG]   [DIAG] iter=15 posCols=1 newCols=1 effImprove=1 updated=0
    [CG] CG iter 16: obj=2005343.296053, maxRC=158.265179, +1 cols
    [CG]   [DIAG] iter=16 posCols=1 newCols=1 effImprove=1 updated=0
    [CG] CG iter 17: obj=2005343.296053, maxRC=82.221828, +1 cols
    [CG]   [DIAG] iter=17 posCols=1 newCols=1 effImprove=1 updated=0
    [CG] 列生成收敛，共 18 轮迭代
    [CG] [CG-NODE] depth=0 exit=CERTIFIED certified=1 feasible=1 iters=18 generatedColsBeforeNode=0 newCols=202 posCandidates=205 duplicateCandidates=3 updatedCols=3 zeroObjImproveIters=9 objFirst=830319.794026 objLast=2005343.296053 objGain=1175023.502027 maxRC=951355.900380 wallSec=0.116316 pricingSec=0.105656 cplexSolveSec=0.006236
      [BB] 根节点即为整数解，obj=2005343.296053
