    [CG] 列生成开始，初始列数=310
    [CG] CG iter 1: obj=821318.200616, maxRC=945532.070447, +30 cols
    [CG]   [DIAG] iter=1 posCols=30 newCols=30 effImprove=30 updated=0
    [CG] CG iter 2: obj=1269914.063125, maxRC=346391.187092, +27 cols
    [CG]   [DIAG] iter=2 posCols=27 newCols=27 effImprove=27 updated=0
    [CG] CG iter 3: obj=1555836.433318, maxRC=307322.361101, +30 cols
    [CG]   [DIAG] iter=3 posCols=30 newCols=30 effImprove=30 updated=0
    [CG] CG iter 4: obj=1750411.131755, maxRC=254021.824453, +27 cols
    [CG]   [DIAG] iter=4 posCols=27 newCols=27 effImprove=27 updated=0
    [CG] CG iter 5: obj=1778337.282233, maxRC=165433.706208, +25 cols
    [CG]   [DIAG] iter=5 posCols=25 newCols=25 effImprove=25 updated=0
    [CG] CG iter 6: obj=1865054.737743, maxRC=138081.855884, +21 cols
    [CG]   [DIAG] iter=6 posCols=21 newCols=21 effImprove=21 updated=0
    [CG] CG iter 7: obj=1906361.886375, maxRC=100680.311460, +16 cols
    [CG]   [DIAG] iter=7 posCols=16 newCols=16 effImprove=16 updated=0
    [CG] CG iter 8: obj=1930703.146769, maxRC=99944.568221, +17 cols
    [CG]   [DIAG] iter=8 posCols=17 newCols=17 effImprove=17 updated=0
    [CG] CG iter 9: obj=1959401.217166, maxRC=151787.817528, +21 cols
    [CG]   [DIAG] iter=9 posCols=21 newCols=21 effImprove=21 updated=0
    [CG] CG iter 10: obj=1976767.079775, maxRC=30747.985087, +10 cols
    [CG]   [DIAG] iter=10 posCols=10 newCols=9 effImprove=10 updated=1
    [CG] CG iter 11: obj=1980296.598576, maxRC=22637.816733, +7 cols
    [CG]   [DIAG] iter=11 posCols=7 newCols=7 effImprove=7 updated=0
    [CG] CG iter 12: obj=1980296.598576, maxRC=41704.507153, +10 cols
    [CG]   [DIAG] iter=12 posCols=10 newCols=10 effImprove=10 updated=0
    [CG] CG iter 13: obj=1980296.598576, maxRC=23499.462045, +6 cols
    [CG]   [DIAG] iter=13 posCols=6 newCols=6 effImprove=6 updated=0
    [CG] CG iter 14: obj=1980296.598576, maxRC=13669.989907, +2 cols
    [CG]   [DIAG] iter=14 posCols=2 newCols=2 effImprove=2 updated=0
    [CG] CG iter 15: obj=1993966.588482, maxRC=10223.750275, +4 cols
    [CG]   [DIAG] iter=15 posCols=4 newCols=4 effImprove=4 updated=0
    [CG] CG iter 16: obj=1993966.588482, maxRC=8956.168239, +3 cols
    [CG]   [DIAG] iter=16 posCols=3 newCols=3 effImprove=3 updated=0
    [CG] CG iter 17: obj=1993966.588482, maxRC=6057.079327, +2 cols
    [CG]   [DIAG] iter=17 posCols=2 newCols=2 effImprove=2 updated=0
    [CG] CG iter 18: obj=1993966.588482, maxRC=2464.210448, +1 cols
    [CG]   [DIAG] iter=18 posCols=1 newCols=1 effImprove=1 updated=0
    [CG] CG iter 19: obj=1993966.588482, maxRC=58.238073, +1 cols
    [CG]   [DIAG] iter=19 posCols=1 newCols=1 effImprove=1 updated=0
    [CG] 列生成收敛，共 20 轮迭代
    [CG] [CG-NODE] depth=0 exit=CERTIFIED certified=1 feasible=1 iters=20 generatedColsBeforeNode=0 newCols=259 posCandidates=260 duplicateCandidates=1 updatedCols=1 zeroObjImproveIters=8 objFirst=821318.200616 objLast=1993966.588482 objGain=1172648.387866 maxRC=945532.070447 wallSec=0.110556 pricingSec=0.100538 cplexSolveSec=0.006736
      [BB] 根节点即为整数解，obj=1993966.588482
