    [CG] 列生成开始，初始列数=310
    [CG] CG iter 1: obj=865570.522740, maxRC=944164.825065, +30 cols
    [CG]   [DIAG] iter=1 posCols=30 newCols=30 effImprove=30 updated=0
    [CG] CG iter 2: obj=1284565.923185, maxRC=344836.729883, +29 cols
    [CG]   [DIAG] iter=2 posCols=29 newCols=29 effImprove=29 updated=0
    [CG] CG iter 3: obj=1639275.480359, maxRC=368272.449853, +30 cols
    [CG]   [DIAG] iter=3 posCols=30 newCols=30 effImprove=30 updated=0
    [CG] CG iter 4: obj=1730240.897343, maxRC=203522.482157, +24 cols
    [CG]   [DIAG] iter=4 posCols=24 newCols=24 effImprove=24 updated=0
    [CG] CG iter 5: obj=1842416.359601, maxRC=119424.210368, +24 cols
    [CG]   [DIAG] iter=5 posCols=24 newCols=24 effImprove=24 updated=0
    [CG] CG iter 6: obj=1922923.353013, maxRC=121974.208337, +20 cols
    [CG]   [DIAG] iter=6 posCols=20 newCols=19 effImprove=20 updated=1
    [CG] CG iter 7: obj=1999423.432767, maxRC=131742.181113, +20 cols
    [CG]   [DIAG] iter=7 posCols=20 newCols=20 effImprove=20 updated=0
    [CG] CG iter 8: obj=1999423.432767, maxRC=88723.314819, +22 cols
    [CG]   [DIAG] iter=8 posCols=22 newCols=21 effImprove=22 updated=1
    [CG] CG iter 9: obj=1999423.432767, maxRC=98083.973870, +13 cols
    [CG]   [DIAG] iter=9 posCols=13 newCols=12 effImprove=13 updated=1
    [CG] CG iter 10: obj=2002145.952800, maxRC=41130.092304, +11 cols
    [CG]   [DIAG] iter=10 posCols=11 newCols=11 effImprove=11 updated=0
    [CG] CG iter 11: obj=2002145.952800, maxRC=13585.216890, +5 cols
    [CG]   [DIAG] iter=11 posCols=5 newCols=5 effImprove=5 updated=0
    [CG] CG iter 12: obj=2002145.952800, maxRC=10922.809714, +4 cols
    [CG]   [DIAG] iter=12 posCols=4 newCols=4 effImprove=4 updated=0
    [CG] CG iter 13: obj=2002145.952800, maxRC=11832.839523, +5 cols
    [CG]   [DIAG] iter=13 posCols=5 newCols=5 effImprove=5 updated=0
    [CG] CG iter 14: obj=2002145.952800, maxRC=8754.010561, +2 cols
    [CG]   [DIAG] iter=14 posCols=2 newCols=2 effImprove=2 updated=0
    [CG] CG iter 15: obj=2010899.963360, maxRC=167.891901, +1 cols
    [CG]   [DIAG] iter=15 posCols=1 newCols=1 effImprove=1 updated=0
    [CG] CG iter 16: obj=2010899.963360, maxRC=179.572992, +1 cols
    [CG]   [DIAG] iter=16 posCols=1 newCols=1 effImprove=1 updated=0
    [CG] CG iter 17: obj=2010899.963360, maxRC=91.390617, +1 cols
    [CG]   [DIAG] iter=17 posCols=1 newCols=1 effImprove=1 updated=0
    [CG] 列生成收敛，共 18 轮迭代
    [CG] [CG-NODE] depth=0 exit=CERTIFIED certified=1 feasible=1 iters=18 generatedColsBeforeNode=0 newCols=239 posCandidates=242 duplicateCandidates=3 updatedCols=3 zeroObjImproveIters=9 objFirst=865570.522740 objLast=2010899.963360 objGain=1145329.440620 maxRC=944164.825065 wallSec=0.119749 pricingSec=0.108151 cplexSolveSec=0.006795
      [BB] 根节点即为整数解，obj=2010899.963360
