    [CG] 列生成开始，初始列数=310
    [CG] CG iter 1: obj=729485.973813, maxRC=956870.261773, +24 cols
    [CG]   [DIAG] iter=1 posCols=24 newCols=24 effImprove=24 updated=0
    [CG] CG iter 2: obj=1231782.065184, maxRC=311480.835953, +24 cols
    [CG]   [DIAG] iter=2 posCols=24 newCols=24 effImprove=24 updated=0
    [CG] CG iter 3: obj=1522429.894112, maxRC=496880.726132, +24 cols
    [CG]   [DIAG] iter=3 posCols=24 newCols=24 effImprove=24 updated=0
    [CG] CG iter 4: obj=1611490.022745, maxRC=246101.986173, +24 cols
    [CG]   [DIAG] iter=4 posCols=24 newCols=24 effImprove=24 updated=0
    [CG] CG iter 5: obj=1718206.588108, maxRC=232564.714397, +24 cols
    [CG]   [DIAG] iter=5 posCols=24 newCols=24 effImprove=24 updated=0
    [CG] CG iter 6: obj=1755738.438870, maxRC=143701.907713, +24 cols
    [CG]   [DIAG] iter=6 posCols=24 newCols=24 effImprove=24 updated=0
    [CG] CG iter 7: obj=1781347.636214, maxRC=128733.796807, +22 cols
    [CG]   [DIAG] iter=7 posCols=22 newCols=21 effImprove=22 updated=1
    [CG] CG iter 8: obj=1813196.235027, maxRC=77332.626218, +18 cols
    [CG]   [DIAG] iter=8 posCols=18 newCols=17 effImprove=18 updated=1
    [CG] CG iter 9: obj=1817591.680247, maxRC=142289.593323, +17 cols
    [CG]   [DIAG] iter=9 posCols=17 newCols=17 effImprove=17 updated=0
    [CG] CG iter 10: obj=1903270.498186, maxRC=57110.234997, +19 cols
    [CG]   [DIAG] iter=10 posCols=19 newCols=19 effImprove=19 updated=0
    [CG] CG iter 11: obj=1912091.748594, maxRC=46376.834472, +9 cols
    [CG]   [DIAG] iter=11 posCols=9 newCols=9 effImprove=9 updated=0
    [CG] CG iter 12: obj=1912091.748594, maxRC=42041.152214, +11 cols
    [CG]   [DIAG] iter=12 posCols=11 newCols=11 effImprove=11 updated=0
    [CG] CG iter 13: obj=1912091.748594, maxRC=15830.911081, +7 cols
    [CG]   [DIAG] iter=13 posCols=7 newCols=6 effImprove=7 updated=1
    [CG] CG iter 14: obj=1919544.036032, maxRC=26636.997200, +4 cols
    [CG]   [DIAG] iter=14 posCols=4 newCols=4 effImprove=4 updated=0
    [CG] CG iter 15: obj=1919544.036032, maxRC=60124.913894, +5 cols
    [CG]   [DIAG] iter=15 posCols=5 newCols=5 effImprove=5 updated=0
    [CG] CG iter 16: obj=1919544.036032, maxRC=31067.226692, +5 cols
    [CG]   [DIAG] iter=16 posCols=5 newCols=5 effImprove=5 updated=0
    [CG] CG iter 17: obj=1919544.036032, maxRC=14148.826156, +2 cols
    [CG]   [DIAG] iter=17 posCols=2 newCols=2 effImprove=2 updated=0
    [CG] CG iter 18: obj=1933692.862189, maxRC=17123.905121, +3 cols
    [CG]   [DIAG] iter=18 posCols=3 newCols=3 effImprove=3 updated=0
    [CG] CG iter 19: obj=1933692.862189, maxRC=5047.713197, +1 cols
    [CG]   [DIAG] iter=19 posCols=1 newCols=1 effImprove=1 updated=0
    [CG] CG iter 20: obj=1933692.862189, maxRC=2565.106558, +1 cols
    [CG]   [DIAG] iter=20 posCols=1 newCols=1 effImprove=1 updated=0
    [CG] CG iter 21: obj=1933692.862189, maxRC=1763.888475, +1 cols
    [CG]   [DIAG] iter=21 posCols=1 newCols=0 effImprove=1 updated=1
    [CG] CG iter 22: obj=1933692.862189, maxRC=749.755691, +1 cols
    [CG]   [DIAG] iter=22 posCols=1 newCols=0 effImprove=1 updated=1
    [CG] CG iter 23: obj=1933692.862189, maxRC=530.030963, +1 cols
    [CG]   [DIAG] iter=23 posCols=1 newCols=1 effImprove=1 updated=0
    [CG] 列生成收敛，共 24 轮迭代
    [CG] [CG-NODE] depth=0 exit=CERTIFIED certified=1 feasible=1 iters=24 generatedColsBeforeNode=0 newCols=266 posCandidates=271 duplicateCandidates=5 updatedCols=5 zeroObjImproveIters=11 objFirst=729485.973813 objLast=1933692.862189 objGain=1204206.888376 maxRC=956870.261773 wallSec=0.179754 pricingSec=0.165450 cplexSolveSec=0.008999
      [BB] 根节点即为整数解，obj=1933692.862189
