    [CG] 列生成开始，初始列数=310
    [CG] CG iter 1: obj=716182.791216, maxRC=1367828.234726, +30 cols
    [CG]   [DIAG] iter=1 posCols=30 newCols=30 effImprove=30 updated=0
    [CG] CG iter 2: obj=1581497.462589, maxRC=362870.209199, +15 cols
    [CG]   [DIAG] iter=2 posCols=15 newCols=15 effImprove=15 updated=0
    [CG] CG iter 3: obj=1741888.117092, maxRC=416786.482356, +25 cols
    [CG]   [DIAG] iter=3 posCols=25 newCols=25 effImprove=25 updated=0
    [CG] CG iter 4: obj=1779471.164941, maxRC=195304.182469, +19 cols
    [CG]   [DIAG] iter=4 posCols=19 newCols=19 effImprove=19 updated=0
    [CG] CG iter 5: obj=1780323.480374, maxRC=348084.328158, +12 cols
    [CG]   [DIAG] iter=5 posCols=12 newCols=12 effImprove=12 updated=0
    [CG] CG iter 6: obj=1784491.682304, maxRC=420943.675133, +15 cols
    [CG]   [DIAG] iter=6 posCols=15 newCols=15 effImprove=15 updated=0
    [CG] CG iter 7: obj=1803850.610867, maxRC=339117.569821, +14 cols
    [CG]   [DIAG] iter=7 posCols=14 newCols=14 effImprove=14 updated=0
    [CG] CG iter 8: obj=1803850.610867, maxRC=314800.156196, +8 cols
    [CG]   [DIAG] iter=8 posCols=8 newCols=7 effImprove=8 updated=1
    [CG] CG iter 9: obj=1805233.451660, maxRC=109691.304750, +11 cols
    [CG]   [DIAG] iter=9 posCols=11 newCols=11 effImprove=11 updated=0
    [CG] CG iter 10: obj=1834303.394423, maxRC=156049.377555, +8 cols
    [CG]   [DIAG] iter=10 posCols=8 newCols=8 effImprove=8 updated=0
    [CG] CG iter 11: obj=1846875.201303, maxRC=151645.850302, +6 cols
    [CG]   [DIAG] iter=11 posCols=6 newCols=6 effImprove=6 updated=0
    [CG] CG iter 12: obj=1852035.914511, maxRC=71343.204728, +6 cols
    [CG]   [DIAG] iter=12 posCols=6 newCols=6 effImprove=6 updated=0
    [CG] CG iter 13: obj=1852653.536247, maxRC=72270.842677, +6 cols
    [CG]   [DIAG] iter=13 posCols=6 newCols=6 effImprove=6 updated=0
    [CG] CG iter 14: obj=1873644.266996, maxRC=42427.763597, +6 cols
    [CG]   [DIAG] iter=14 posCols=6 newCols=6 effImprove=6 updated=0
    [CG] CG iter 15: obj=1874966.249989, maxRC=43122.576508, +6 cols
    [CG]   [DIAG] iter=15 posCols=6 newCols=6 effImprove=6 updated=0
    [CG] CG iter 16: obj=1877218.979435, maxRC=32508.390038, +6 cols
    [CG]   [DIAG] iter=16 posCols=6 newCols=6 effImprove=6 updated=0
    [CG] CG iter 17: obj=1887531.478942, maxRC=34223.804639, +6 cols
    [CG]   [DIAG] iter=17 posCols=6 newCols=6 effImprove=6 updated=0
    [CG] CG iter 18: obj=1887531.478942, maxRC=13032.480102, +5 cols
    [CG]   [DIAG] iter=18 posCols=5 newCols=5 effImprove=5 updated=0
    [CG] CG iter 19: obj=1893261.678282, maxRC=11565.483298, +5 cols
    [CG]   [DIAG] iter=19 posCols=5 newCols=5 effImprove=5 updated=0
    [CG] CG iter 20: obj=1893261.678282, maxRC=12233.576607, +3 cols
    [CG]   [DIAG] iter=20 posCols=3 newCols=3 effImprove=3 updated=0
    [CG] CG iter 21: obj=1893261.678282, maxRC=10813.084079, +3 cols
    [CG]   [DIAG] iter=21 posCols=3 newCols=3 effImprove=3 updated=0
    [CG] CG iter 22: obj=1893261.678282, maxRC=6815.849681, +1 cols
    [CG]   [DIAG] iter=22 posCols=1 newCols=1 effImprove=1 updated=0
    [CG] CG iter 23: obj=1893261.678282, maxRC=5987.908332, +1 cols
    [CG]   [DIAG] iter=23 posCols=1 newCols=0 effImprove=1 updated=1
    [CG] CG iter 24: obj=1896255.632448, maxRC=2909.411824, +2 cols
    [CG]   [DIAG] iter=24 posCols=2 newCols=2 effImprove=2 updated=0
    [CG] CG iter 25: obj=1896255.632448, maxRC=1722.355688, +1 cols
    [CG]   [DIAG] iter=25 posCols=1 newCols=0 effImprove=1 updated=1
    [CG] CG iter 26: obj=1896255.632448, maxRC=507.681544, +1 cols
    [CG]   [DIAG] iter=26 posCols=1 newCols=1 effImprove=1 updated=0
    [CG] 列生成收敛，共 27 轮迭代
    [CG] [CG-NODE] depth=0 exit=CERTIFIED certified=1 feasible=1 iters=27 generatedColsBeforeNode=0 newCols=218 posCandidates=221 duplicateCandidates=3 updatedCols=3 zeroObjImproveIters=9 objFirst=716182.791216 objLast=1896255.632448 objGain=1180072.841232 maxRC=1367828.234726 wallSec=0.254721 pricingSec=0.240334 cplexSolveSec=0.009252
      [BB] 分支定界开始，根节点LP obj=1896255.632448，最大节点数=10000
      [BB] 根节点启发式下界 LB=1750739.401879（上界=1896255.632448）
    [CG] [BB-DIAG] 分支 x_{dc=0,retailer=5}, 节点数=1
    [CG] 列生成开始，初始列数=490
    [CG] CG iter 28: obj=1884088.330968, maxRC=131761.009424, +25 cols
    [CG]   [DIAG] iter=28 posCols=25 newCols=25 effImprove=25 updated=0
    [CG] CG iter 29: obj=1884088.330968, maxRC=53462.604095, +12 cols
    [CG]   [DIAG] iter=29 posCols=12 newCols=11 effImprove=12 updated=1
    [CG] CG iter 30: obj=1884088.330968, maxRC=24075.738276, +8 cols
    [CG]   [DIAG] iter=30 posCols=8 newCols=8 effImprove=8 updated=0
    [CG] CG iter 31: obj=1895214.778434, maxRC=18182.619135, +6 cols
    [CG]   [DIAG] iter=31 posCols=6 newCols=6 effImprove=6 updated=0
    [CG] CG iter 32: obj=1895214.778434, maxRC=9236.813221, +7 cols
    [CG]   [DIAG] iter=32 posCols=7 newCols=7 effImprove=7 updated=0
    [CG] CG iter 33: obj=1895214.778434, maxRC=8771.323817, +4 cols
    [CG]   [DIAG] iter=33 posCols=4 newCols=4 effImprove=4 updated=0
    [CG] CG iter 34: obj=1895214.778434, maxRC=1525.225311, +2 cols
    [CG]   [DIAG] iter=34 posCols=2 newCols=2 effImprove=2 updated=0
    [CG] CG iter 35: obj=1895214.778434, maxRC=2475.772258, +2 cols
    [CG]   [DIAG] iter=35 posCols=2 newCols=2 effImprove=2 updated=0
    [CG] CG iter 36: obj=1895214.778434, maxRC=1358.892900, +2 cols
    [CG]   [DIAG] iter=36 posCols=2 newCols=2 effImprove=2 updated=0
    [CG] CG iter 37: obj=1895214.778434, maxRC=918.643633, +1 cols
    [CG]   [DIAG] iter=37 posCols=1 newCols=1 effImprove=1 updated=0
    [CG] CG iter 38: obj=1895214.778434, maxRC=514.856297, +1 cols
    [CG]   [DIAG] iter=38 posCols=1 newCols=1 effImprove=1 updated=0
    [CG] CG iter 39: obj=1895214.778434, maxRC=231.885543, +1 cols
    [CG]   [DIAG] iter=39 posCols=1 newCols=1 effImprove=1 updated=0
    [CG] 列生成收敛，共 40 轮迭代
    [CG] [CG-NODE] depth=1 exit=CERTIFIED certified=1 feasible=1 iters=13 generatedColsBeforeNode=218 newCols=70 posCandidates=71 duplicateCandidates=1 updatedCols=1 zeroObjImproveIters=11 objFirst=1884088.330968 objLast=1895214.778434 objGain=11126.447466 maxRC=131761.009424 wallSec=0.101455 pricingSec=0.095331 cplexSolveSec=0.004212
    [CG] 列生成开始，初始列数=477
    [CG] CG iter 41: obj=1870678.421926, maxRC=77246.596652, +13 cols
    [CG]   [DIAG] iter=41 posCols=13 newCols=13 effImprove=13 updated=0
    [CG] CG iter 42: obj=1872757.723621, maxRC=39212.409743, +7 cols
    [CG]   [DIAG] iter=42 posCols=7 newCols=7 effImprove=7 updated=0
    [CG] CG iter 43: obj=1872757.723621, maxRC=28919.484590, +5 cols
    [CG]   [DIAG] iter=43 posCols=5 newCols=5 effImprove=5 updated=0
    [CG] CG iter 44: obj=1872757.723621, maxRC=23345.401085, +5 cols
    [CG]   [DIAG] iter=44 posCols=5 newCols=5 effImprove=5 updated=0
    [CG] CG iter 45: obj=1872757.723621, maxRC=22387.374037, +6 cols
    [CG]   [DIAG] iter=45 posCols=6 newCols=6 effImprove=6 updated=0
    [CG] CG iter 46: obj=1872757.723621, maxRC=18966.476752, +6 cols
    [CG]   [DIAG] iter=46 posCols=6 newCols=6 effImprove=6 updated=0
    [CG] CG iter 47: obj=1872757.723621, maxRC=15449.035894, +6 cols
    [CG]   [DIAG] iter=47 posCols=6 newCols=6 effImprove=6 updated=0
    [CG] CG iter 48: obj=1875507.939554, maxRC=16637.660867, +6 cols
    [CG]   [DIAG] iter=48 posCols=6 newCols=6 effImprove=6 updated=0
    [CG] CG iter 49: obj=1875507.939554, maxRC=12901.159414, +4 cols
    [CG]   [DIAG] iter=49 posCols=4 newCols=4 effImprove=4 updated=0
    [CG] CG iter 50: obj=1875507.939554, maxRC=12494.661426, +1 cols
    [CG]   [DIAG] iter=50 posCols=1 newCols=1 effImprove=1 updated=0
    [CG] CG iter 51: obj=1888002.600980, maxRC=7339.433588, +3 cols
    [CG]   [DIAG] iter=51 posCols=3 newCols=3 effImprove=3 updated=0
    [CG] CG iter 52: obj=1888002.600980, maxRC=12698.292544, +4 cols
    [CG]   [DIAG] iter=52 posCols=4 newCols=4 effImprove=4 updated=0
    [CG] CG iter 53: obj=1888002.600980, maxRC=5053.844307, +4 cols
    [CG]   [DIAG] iter=53 posCols=4 newCols=4 effImprove=4 updated=0
    [CG] CG iter 54: obj=1888002.600980, maxRC=1087.772579, +1 cols
    [CG]   [DIAG] iter=54 posCols=1 newCols=1 effImprove=1 updated=0
    [CG] CG iter 55: obj=1888002.600980, maxRC=404.054033, +1 cols
    [CG]   [DIAG] iter=55 posCols=1 newCols=1 effImprove=1 updated=0
    [CG] 列生成收敛，共 56 轮迭代
    [CG] [CG-NODE] depth=1 exit=CERTIFIED certified=1 feasible=1 iters=16 generatedColsBeforeNode=288 newCols=72 posCandidates=72 duplicateCandidates=0 updatedCols=0 zeroObjImproveIters=12 objFirst=1870678.421926 objLast=1888002.600980 objGain=17324.179054 maxRC=77246.596652 wallSec=0.050430 pricingSec=0.043199 cplexSolveSec=0.005224
    [CG] [BB-INCUMBENT] selection=2 node=1 previous=1750739.401879 value=1888002.600980 active=1
    [CG] [BB-NODESEL] strategy=hybrid choice=dfs eligibleCount=1 active=1 gap=0.003820
    [CG] [BB-INCUMBENT] selection=3 node=1 previous=1888002.600980 value=1895214.778434 active=0
      [BB] 分支定界结束：处理 3 节点，剪枝 0，剩余活跃 0，整数解 3，状态=OPTIMAL，最好可行 obj=1895214.778434，gap=0.000000
