    [CG] 列生成开始，初始列数=310
    [CG] CG iter 1: obj=697033.105665, maxRC=1347186.164269, +30 cols
    [CG]   [DIAG] iter=1 posCols=30 newCols=30 effImprove=30 updated=0
    [CG] CG iter 2: obj=1578126.894037, maxRC=485979.658296, +20 cols
    [CG]   [DIAG] iter=2 posCols=20 newCols=20 effImprove=20 updated=0
    [CG] CG iter 3: obj=1787248.474781, maxRC=470903.037200, +19 cols
    [CG]   [DIAG] iter=3 posCols=19 newCols=19 effImprove=19 updated=0
    [CG] CG iter 4: obj=1842979.336910, maxRC=428092.376756, +13 cols
    [CG]   [DIAG] iter=4 posCols=13 newCols=13 effImprove=13 updated=0
    [CG] CG iter 5: obj=1842979.336910, maxRC=376990.358774, +9 cols
    [CG]   [DIAG] iter=5 posCols=9 newCols=9 effImprove=9 updated=0
    [CG] CG iter 6: obj=1842979.336910, maxRC=355178.889599, +10 cols
    [CG]   [DIAG] iter=6 posCols=10 newCols=10 effImprove=10 updated=0
    [CG] CG iter 7: obj=1842979.336910, maxRC=302390.603126, +6 cols
    [CG]   [DIAG] iter=7 posCols=6 newCols=6 effImprove=6 updated=0
    [CG] CG iter 8: obj=1842979.336910, maxRC=338407.349729, +7 cols
    [CG]   [DIAG] iter=8 posCols=7 newCols=7 effImprove=7 updated=0
    [CG] CG iter 9: obj=1842979.336910, maxRC=162257.175364, +6 cols
    [CG]   [DIAG] iter=9 posCols=6 newCols=6 effImprove=6 updated=0
    [CG] CG iter 10: obj=1842979.336910, maxRC=225621.706481, +6 cols
    [CG]   [DIAG] iter=10 posCols=6 newCols=6 effImprove=6 updated=0
    [CG] CG iter 11: obj=1842979.336910, maxRC=154530.702977, +9 cols
    [CG]   [DIAG] iter=11 posCols=9 newCols=9 effImprove=9 updated=0
    [CG] CG iter 12: obj=1842979.336910, maxRC=138572.886408, +6 cols
    [CG]   [DIAG] iter=12 posCols=6 newCols=6 effImprove=6 updated=0
    [CG] CG iter 13: obj=1842979.336910, maxRC=59432.179215, +12 cols
    [CG]   [DIAG] iter=13 posCols=12 newCols=12 effImprove=12 updated=0
    [CG] CG iter 14: obj=1842979.336910, maxRC=84272.094887, +7 cols
    [CG]   [DIAG] iter=14 posCols=7 newCols=7 effImprove=7 updated=0
    [CG] CG iter 15: obj=1842979.336910, maxRC=89669.104880, +6 cols
    [CG]   [DIAG] iter=15 posCols=6 newCols=6 effImprove=6 updated=0
    [CG] CG iter 16: obj=1842979.336910, maxRC=173567.038839, +6 cols
    [CG]   [DIAG] iter=16 posCols=6 newCols=6 effImprove=6 updated=0
    [CG] CG iter 17: obj=1849473.730329, maxRC=102219.388403, +9 cols
    [CG]   [DIAG] iter=17 posCols=9 newCols=9 effImprove=9 updated=0
    [CG] CG iter 18: obj=1849473.730329, maxRC=193693.768584, +8 cols
    [CG]   [DIAG] iter=18 posCols=8 newCols=8 effImprove=8 updated=0
    [CG] CG iter 19: obj=1856185.466671, maxRC=105459.827423, +6 cols
    [CG]   [DIAG] iter=19 posCols=6 newCols=6 effImprove=6 updated=0
    [CG] CG iter 20: obj=1856185.466671, maxRC=43390.965551, +6 cols
    [CG]   [DIAG] iter=20 posCols=6 newCols=6 effImprove=6 updated=0
    [CG] CG iter 21: obj=1857262.006837, maxRC=53094.036953, +6 cols
    [CG]   [DIAG] iter=21 posCols=6 newCols=6 effImprove=6 updated=0
    [CG] CG iter 22: obj=1862538.900656, maxRC=23227.040538, +6 cols
    [CG]   [DIAG] iter=22 posCols=6 newCols=6 effImprove=6 updated=0
    [CG] CG iter 23: obj=1867696.754542, maxRC=34304.169418, +6 cols
    [CG]   [DIAG] iter=23 posCols=6 newCols=6 effImprove=6 updated=0
    [CG] CG iter 24: obj=1870689.343937, maxRC=16483.773143, +6 cols
    [CG]   [DIAG] iter=24 posCols=6 newCols=6 effImprove=6 updated=0
    [CG] CG iter 25: obj=1874810.287222, maxRC=12100.987701, +5 cols
    [CG]   [DIAG] iter=25 posCols=5 newCols=5 effImprove=5 updated=0
    [CG] CG iter 26: obj=1876450.997256, maxRC=9896.548358, +4 cols
    [CG]   [DIAG] iter=26 posCols=4 newCols=4 effImprove=4 updated=0
    [CG] CG iter 27: obj=1876450.997256, maxRC=6868.206279, +4 cols
    [CG]   [DIAG] iter=27 posCols=4 newCols=4 effImprove=4 updated=0
    [CG] CG iter 28: obj=1878063.587546, maxRC=9272.661567, +4 cols
    [CG]   [DIAG] iter=28 posCols=4 newCols=4 effImprove=4 updated=0
    [CG] CG iter 29: obj=1878063.587546, maxRC=7579.807174, +4 cols
    [CG]   [DIAG] iter=29 posCols=4 newCols=4 effImprove=4 updated=0
    [CG] CG iter 30: obj=1878063.587546, maxRC=2989.323283, +2 cols
    [CG]   [DIAG] iter=30 posCols=2 newCols=2 effImprove=2 updated=0
    [CG] CG iter 31: obj=1878063.587546, maxRC=989.504212, +1 cols
    [CG]   [DIAG] iter=31 posCols=1 newCols=1 effImprove=1 updated=0
    [CG] 列生成收敛，共 32 轮迭代
    [CG] [CG-NODE] depth=0 exit=CERTIFIED certified=1 feasible=1 iters=32 generatedColsBeforeNode=0 newCols=249 posCandidates=249 duplicateCandidates=0 updatedCols=0 zeroObjImproveIters=19 objFirst=697033.105665 objLast=1878063.587546 objGain=1181030.481881 maxRC=1347186.164269 wallSec=0.262229 pricingSec=0.246209 cplexSolveSec=0.010466
      [BB] 根节点即为整数解，obj=1878063.587546
