    [CG] 列生成开始，初始列数=310
    [CG] CG iter 1: obj=730788.157796, maxRC=1366809.449729, +30 cols
    [CG]   [DIAG] iter=1 posCols=30 newCols=30 effImprove=30 updated=0
    [CG] CG iter 2: obj=1581391.219729, maxRC=289323.679195, +15 cols
    [CG]   [DIAG] iter=2 posCols=15 newCols=15 effImprove=15 updated=0
    [CG] CG iter 3: obj=1740754.053097, maxRC=728144.867589, +25 cols
    [CG]   [DIAG] iter=3 posCols=25 newCols=25 effImprove=25 updated=0
    [CG] CG iter 4: obj=1782893.203846, maxRC=504330.113846, +21 cols
    [CG]   [DIAG] iter=4 posCols=21 newCols=21 effImprove=21 updated=0
    [CG] CG iter 5: obj=1794334.741678, maxRC=398160.492233, +17 cols
    [CG]   [DIAG] iter=5 posCols=17 newCols=17 effImprove=17 updated=0
    [CG] CG iter 6: obj=1798918.347514, maxRC=117986.938544, +16 cols
    [CG]   [DIAG] iter=6 posCols=16 newCols=15 effImprove=16 updated=1
    [CG] CG iter 7: obj=1813881.568829, maxRC=194225.358867, +12 cols
    [CG]   [DIAG] iter=7 posCols=12 newCols=12 effImprove=12 updated=0
    [CG] CG iter 8: obj=1820362.029098, maxRC=172847.430217, +10 cols
    [CG]   [DIAG] iter=8 posCols=10 newCols=10 effImprove=10 updated=0
    [CG] CG iter 9: obj=1837607.402071, maxRC=102366.345381, +9 cols
    [CG]   [DIAG] iter=9 posCols=9 newCols=8 effImprove=9 updated=1
    [CG] CG iter 10: obj=1845572.128428, maxRC=99127.830131, +7 cols
    [CG]   [DIAG] iter=10 posCols=7 newCols=7 effImprove=7 updated=0
    [CG] CG iter 11: obj=1864732.241516, maxRC=189997.046073, +6 cols
    [CG]   [DIAG] iter=11 posCols=6 newCols=6 effImprove=6 updated=0
    [CG] CG iter 12: obj=1864732.241516, maxRC=128271.836988, +6 cols
    [CG]   [DIAG] iter=12 posCols=6 newCols=6 effImprove=6 updated=0
    [CG] CG iter 13: obj=1880084.001389, maxRC=106980.248660, +9 cols
    [CG]   [DIAG] iter=13 posCols=9 newCols=9 effImprove=9 updated=0
    [CG] CG iter 14: obj=1881163.362417, maxRC=64854.926463, +7 cols
    [CG]   [DIAG] iter=14 posCols=7 newCols=7 effImprove=7 updated=0
    [CG] CG iter 15: obj=1881163.362417, maxRC=44925.014085, +6 cols
    [CG]   [DIAG] iter=15 posCols=6 newCols=6 effImprove=6 updated=0
    [CG] CG iter 16: obj=1895001.596104, maxRC=42366.437514, +7 cols
    [CG]   [DIAG] iter=16 posCols=7 newCols=7 effImprove=7 updated=0
    [CG] CG iter 17: obj=1895001.596104, maxRC=36755.964850, +7 cols
    [CG]   [DIAG] iter=17 posCols=7 newCols=7 effImprove=7 updated=0
    [CG] CG iter 18: obj=1895001.596104, maxRC=30443.342241, +6 cols
    [CG]   [DIAG] iter=18 posCols=6 newCols=6 effImprove=6 updated=0
    [CG] CG iter 19: obj=1897444.568926, maxRC=16259.082975, +5 cols
    [CG]   [DIAG] iter=19 posCols=5 newCols=5 effImprove=5 updated=0
    [CG] CG iter 20: obj=1902845.052972, maxRC=12028.134169, +5 cols
    [CG]   [DIAG] iter=20 posCols=5 newCols=5 effImprove=5 updated=0
    [CG] CG iter 21: obj=1902845.052972, maxRC=10889.691085, +5 cols
    [CG]   [DIAG] iter=21 posCols=5 newCols=5 effImprove=5 updated=0
    [CG] CG iter 22: obj=1902845.052972, maxRC=4199.399980, +4 cols
    [CG]   [DIAG] iter=22 posCols=4 newCols=3 effImprove=4 updated=1
    [CG] CG iter 23: obj=1902845.052972, maxRC=2340.186466, +2 cols
    [CG]   [DIAG] iter=23 posCols=2 newCols=1 effImprove=2 updated=1
    [CG] CG iter 24: obj=1902845.052972, maxRC=1360.551227, +1 cols
    [CG]   [DIAG] iter=24 posCols=1 newCols=1 effImprove=1 updated=0
    [CG] CG iter 25: obj=1902845.052972, maxRC=1111.987344, +1 cols
    [CG]   [DIAG] iter=25 posCols=1 newCols=1 effImprove=1 updated=0
    [CG] CG iter 26: obj=1903957.040316, maxRC=470.992269, +1 cols
    [CG]   [DIAG] iter=26 posCols=1 newCols=1 effImprove=1 updated=0
    [CG] CG iter 27: obj=1903957.040316, maxRC=275.489707, +1 cols
    [CG]   [DIAG] iter=27 posCols=1 newCols=1 effImprove=1 updated=0
    [CG] CG iter 28: obj=1903957.040316, maxRC=172.809971, +1 cols
    [CG]   [DIAG] iter=28 posCols=1 newCols=1 effImprove=1 updated=0
    [CG] 列生成收敛，共 29 轮迭代
    [CG] [CG-NODE] depth=0 exit=CERTIFIED certified=1 feasible=1 iters=29 generatedColsBeforeNode=0 newCols=238 posCandidates=242 duplicateCandidates=4 updatedCols=4 zeroObjImproveIters=12 objFirst=730788.157796 objLast=1903957.040316 objGain=1173168.882520 maxRC=1366809.449729 wallSec=0.224134 pricingSec=0.208289 cplexSolveSec=0.010308
      [BB] 根节点即为整数解，obj=1903957.040316
