    [CG] 列生成开始，初始列数=310
    [CG] CG iter 1: obj=630589.246759, maxRC=1396644.703798, +30 cols
    [CG]   [DIAG] iter=1 posCols=30 newCols=30 effImprove=30 updated=0
    [CG] CG iter 2: obj=1581545.664094, maxRC=286180.267117, +11 cols
    [CG]   [DIAG] iter=2 posCols=11 newCols=11 effImprove=11 updated=0
    [CG] CG iter 3: obj=1646002.070179, maxRC=470696.500847, +21 cols
    [CG]   [DIAG] iter=3 posCols=21 newCols=21 effImprove=21 updated=0
    [CG] CG iter 4: obj=1649613.295959, maxRC=486292.884633, +22 cols
    [CG]   [DIAG] iter=4 posCols=22 newCols=22 effImprove=22 updated=0
    [CG] CG iter 5: obj=1670257.463567, maxRC=360727.433878, +19 cols
    [CG]   [DIAG] iter=5 posCols=19 newCols=19 effImprove=19 updated=0
    [CG] CG iter 6: obj=1693182.363124, maxRC=375576.412272, +13 cols
    [CG]   [DIAG] iter=6 posCols=13 newCols=12 effImprove=13 updated=1
    [CG] CG iter 7: obj=1727740.531103, maxRC=100112.387226, +9 cols
    [CG]   [DIAG] iter=7 posCols=9 newCols=9 effImprove=9 updated=0
    [CG] CG iter 8: obj=1748114.929255, maxRC=138296.465143, +13 cols
    [CG]   [DIAG] iter=8 posCols=13 newCols=13 effImprove=13 updated=0
    [CG] CG iter 9: obj=1758687.072021, maxRC=86838.529612, +14 cols
    [CG]   [DIAG] iter=9 posCols=14 newCols=14 effImprove=14 updated=0
    [CG] CG iter 10: obj=1796719.623863, maxRC=87017.963791, +11 cols
    [CG]   [DIAG] iter=10 posCols=11 newCols=11 effImprove=11 updated=0
    [CG] CG iter 11: obj=1796719.623863, maxRC=65823.513323, +8 cols
    [CG]   [DIAG] iter=11 posCols=8 newCols=8 effImprove=8 updated=0
    [CG] CG iter 12: obj=1796719.623863, maxRC=44292.188039, +6 cols
    [CG]   [DIAG] iter=12 posCols=6 newCols=6 effImprove=6 updated=0
    [CG] CG iter 13: obj=1796719.623863, maxRC=38944.499350, +7 cols
    [CG]   [DIAG] iter=13 posCols=7 newCols=7 effImprove=7 updated=0
    [CG] CG iter 14: obj=1800915.082891, maxRC=33115.702234, +7 cols
    [CG]   [DIAG] iter=14 posCols=7 newCols=7 effImprove=7 updated=0
    [CG] CG iter 15: obj=1800915.082891, maxRC=16140.004135, +4 cols
    [CG]   [DIAG] iter=15 posCols=4 newCols=4 effImprove=4 updated=0
    [CG] CG iter 16: obj=1817055.087026, maxRC=13991.868090, +5 cols
    [CG]   [DIAG] iter=16 posCols=5 newCols=5 effImprove=5 updated=0
    [CG] CG iter 17: obj=1817055.087026, maxRC=17361.796244, +4 cols
    [CG]   [DIAG] iter=17 posCols=4 newCols=4 effImprove=4 updated=0
    [CG] CG iter 18: obj=1817055.087026, maxRC=6534.834273, +2 cols
    [CG]   [DIAG] iter=18 posCols=2 newCols=2 effImprove=2 updated=0
    [CG] CG iter 19: obj=1817055.087026, maxRC=6395.623518, +1 cols
    [CG]   [DIAG] iter=19 posCols=1 newCols=1 effImprove=1 updated=0
    [CG] CG iter 20: obj=1817055.087026, maxRC=4466.526685, +1 cols
    [CG]   [DIAG] iter=20 posCols=1 newCols=0 effImprove=1 updated=1
    [CG] CG iter 21: obj=1817055.087026, maxRC=2533.555254, +1 cols
    [CG]   [DIAG] iter=21 posCols=1 newCols=1 effImprove=1 updated=0
    [CG] CG iter 22: obj=1819588.642281, maxRC=513.304883, +1 cols
    [CG]   [DIAG] iter=22 posCols=1 newCols=1 effImprove=1 updated=0
    [CG] CG iter 23: obj=1819588.642281, maxRC=457.932705, +1 cols
    [CG]   [DIAG] iter=23 posCols=1 newCols=1 effImprove=1 updated=0
    [CG] CG iter 24: obj=1819588.642281, maxRC=215.341311, +1 cols
    [CG]   [DIAG] iter=24 posCols=1 newCols=1 effImprove=1 updated=0
    [CG] CG iter 25: obj=1819588.642281, maxRC=83.499880, +1 cols
    [CG]   [DIAG] iter=25 posCols=1 newCols=1 effImprove=1 updated=0
    [CG] CG iter 26: obj=1819588.642281, maxRC=57.879708, +1 cols
    [CG]   [DIAG] iter=26 posCols=1 newCols=1 effImprove=1 updated=0
    [CG] 列生成收敛，共 27 轮迭代
    [CG] [CG-NODE] depth=0 exit=CERTIFIED certified=1 feasible=1 iters=27 generatedColsBeforeNode=0 newCols=212 posCandidates=214 duplicateCandidates=2 updatedCols=2 zeroObjImproveIters=14 objFirst=630589.246759 objLast=1819588.642281 objGain=1188999.395521 maxRC=1396644.703798 wallSec=0.341620 pricingSec=0.326530 cplexSolveSec=0.009807
      [BB] 根节点即为整数解，obj=1819588.642281
