    [CG] 列生成开始，初始列数=310
    [CG] CG iter 1: obj=692375.213670, maxRC=1369575.738665, +30 cols
    [CG]   [DIAG] iter=1 posCols=30 newCols=30 effImprove=30 updated=0
    [CG] CG iter 2: obj=1581545.664094, maxRC=285164.172798, +15 cols
    [CG]   [DIAG] iter=2 posCols=15 newCols=15 effImprove=15 updated=0
    [CG] CG iter 3: obj=1705223.320347, maxRC=754156.934658, +21 cols
    [CG]   [DIAG] iter=3 posCols=21 newCols=21 effImprove=21 updated=0
    [CG] CG iter 4: obj=1752258.615269, maxRC=491488.713699, +25 cols
    [CG]   [DIAG] iter=4 posCols=25 newCols=25 effImprove=25 updated=0
    [CG] CG iter 5: obj=1782547.713654, maxRC=384441.054980, +17 cols
    [CG]   [DIAG] iter=5 posCols=17 newCols=17 effImprove=17 updated=0
    [CG] CG iter 6: obj=1805269.409869, maxRC=305942.559928, +17 cols
    [CG]   [DIAG] iter=6 posCols=17 newCols=17 effImprove=17 updated=0
    [CG] CG iter 7: obj=1808174.940111, maxRC=306167.021658, +10 cols
    [CG]   [DIAG] iter=7 posCols=10 newCols=10 effImprove=10 updated=0
    [CG] CG iter 8: obj=1808174.940111, maxRC=269345.602124, +7 cols
    [CG]   [DIAG] iter=8 posCols=7 newCols=7 effImprove=7 updated=0
    [CG] CG iter 9: obj=1846821.140526, maxRC=208052.370077, +17 cols
    [CG]   [DIAG] iter=9 posCols=17 newCols=17 effImprove=17 updated=0
    [CG] CG iter 10: obj=1867003.347716, maxRC=95845.777021, +6 cols
    [CG]   [DIAG] iter=10 posCols=6 newCols=6 effImprove=6 updated=0
    [CG] CG iter 11: obj=1867003.347716, maxRC=58417.700280, +6 cols
    [CG]   [DIAG] iter=11 posCols=6 newCols=6 effImprove=6 updated=0
    [CG] CG iter 12: obj=1867003.347716, maxRC=61758.771521, +6 cols
    [CG]   [DIAG] iter=12 posCols=6 newCols=6 effImprove=6 updated=0
    [CG] CG iter 13: obj=1867003.347716, maxRC=97005.966168, +9 cols
    [CG]   [DIAG] iter=13 posCols=9 newCols=9 effImprove=9 updated=0
    [CG] CG iter 14: obj=1867003.347716, maxRC=46911.271440, +6 cols
    [CG]   [DIAG] iter=14 posCols=6 newCols=6 effImprove=6 updated=0
    [CG] CG iter 15: obj=1871986.122708, maxRC=41997.502195, +6 cols
    [CG]   [DIAG] iter=15 posCols=6 newCols=6 effImprove=6 updated=0
    [CG] CG iter 16: obj=1874128.860651, maxRC=39690.473777, +6 cols
    [CG]   [DIAG] iter=16 posCols=6 newCols=6 effImprove=6 updated=0
    [CG] CG iter 17: obj=1885048.789474, maxRC=21672.249420, +5 cols
    [CG]   [DIAG] iter=17 posCols=5 newCols=5 effImprove=5 updated=0
    [CG] CG iter 18: obj=1885930.361953, maxRC=14755.107258, +5 cols
    [CG]   [DIAG] iter=18 posCols=5 newCols=5 effImprove=5 updated=0
    [CG] CG iter 19: obj=1892602.947546, maxRC=9715.166823, +5 cols
    [CG]   [DIAG] iter=19 posCols=5 newCols=5 effImprove=5 updated=0
    [CG] CG iter 20: obj=1892602.947546, maxRC=6611.260968, +3 cols
    [CG]   [DIAG] iter=20 posCols=3 newCols=3 effImprove=3 updated=0
    [CG] CG iter 21: obj=1893022.831366, maxRC=5024.524600, +4 cols
    [CG]   [DIAG] iter=21 posCols=4 newCols=4 effImprove=4 updated=0
    [CG] CG iter 22: obj=1893022.831366, maxRC=1980.539178, +1 cols
    [CG]   [DIAG] iter=22 posCols=1 newCols=1 effImprove=1 updated=0
    [CG] CG iter 23: obj=1895003.370544, maxRC=288.744273, +1 cols
    [CG]   [DIAG] iter=23 posCols=1 newCols=1 effImprove=1 updated=0
    [CG] CG iter 24: obj=1895003.370544, maxRC=207.353065, +1 cols
    [CG]   [DIAG] iter=24 posCols=1 newCols=1 effImprove=1 updated=0
    [CG] CG iter 25: obj=1895003.370544, maxRC=103.728559, +1 cols
    [CG]   [DIAG] iter=25 posCols=1 newCols=1 effImprove=1 updated=0
    [CG] CG iter 26: obj=1895003.370544, maxRC=161.039754, +1 cols
    [CG]   [DIAG] iter=26 posCols=1 newCols=1 effImprove=1 updated=0
    [CG] CG iter 27: obj=1895003.370544, maxRC=149.043543, +1 cols
    [CG]   [DIAG] iter=27 posCols=1 newCols=1 effImprove=1 updated=0
    [CG] CG iter 28: obj=1895003.370544, maxRC=81.292752, +1 cols
    [CG]   [DIAG] iter=28 posCols=1 newCols=1 effImprove=1 updated=0
    [CG] 列生成收敛，共 29 轮迭代
    [CG] [CG-NODE] depth=0 exit=CERTIFIED certified=1 feasible=1 iters=29 generatedColsBeforeNode=0 newCols=233 posCandidates=233 duplicateCandidates=0 updatedCols=0 zeroObjImproveIters=13 objFirst=692375.213670 objLast=1895003.370544 objGain=1202628.156875 maxRC=1369575.738665 wallSec=0.224026 pricingSec=0.211764 cplexSolveSec=0.008656
      [BB] 根节点即为整数解，obj=1895003.370544
