    [CG] 列生成开始，初始列数=310
    [CG] CG iter 1: obj=735904.508597, maxRC=1316204.562178, +30 cols
    [CG]   [DIAG] iter=1 posCols=30 newCols=30 effImprove=30 updated=0
    [CG] CG iter 2: obj=1581545.664094, maxRC=506974.961244, +23 cols
    [CG]   [DIAG] iter=2 posCols=23 newCols=23 effImprove=23 updated=0
    [CG] CG iter 3: obj=1736733.349167, maxRC=614632.291146, +29 cols
    [CG]   [DIAG] iter=3 posCols=29 newCols=29 effImprove=29 updated=0
    [CG] CG iter 4: obj=1824023.809220, maxRC=461620.258964, +24 cols
    [CG]   [DIAG] iter=4 posCols=24 newCols=23 effImprove=24 updated=1
    [CG] CG iter 5: obj=1827648.825248, maxRC=491125.030584, +15 cols
    [CG]   [DIAG] iter=5 posCols=15 newCols=13 effImprove=15 updated=2
    [CG] CG iter 6: obj=1844701.515751, maxRC=470188.249267, +9 cols
    [CG]   [DIAG] iter=6 posCols=9 newCols=9 effImprove=9 updated=0
    [CG] CG iter 7: obj=1844701.515751, maxRC=414775.868418, +10 cols
    [CG]   [DIAG] iter=7 posCols=10 newCols=9 effImprove=10 updated=1
    [CG] CG iter 8: obj=1844701.515751, maxRC=397437.150469, +6 cols
    [CG]   [DIAG] iter=8 posCols=6 newCols=6 effImprove=6 updated=0
    [CG] CG iter 9: obj=1844701.515751, maxRC=330339.366074, +7 cols
    [CG]   [DIAG] iter=9 posCols=7 newCols=7 effImprove=7 updated=0
    [CG] CG iter 10: obj=1844701.515751, maxRC=344624.264431, +6 cols
    [CG]   [DIAG] iter=10 posCols=6 newCols=6 effImprove=6 updated=0
    [CG] CG iter 11: obj=1844701.515751, maxRC=294195.917465, +9 cols
    [CG]   [DIAG] iter=11 posCols=9 newCols=9 effImprove=9 updated=0
    [CG] CG iter 12: obj=1844701.515751, maxRC=329853.232688, +7 cols
    [CG]   [DIAG] iter=12 posCols=7 newCols=7 effImprove=7 updated=0
    [CG] CG iter 13: obj=1844701.515751, maxRC=316166.180769, +9 cols
    [CG]   [DIAG] iter=13 posCols=9 newCols=9 effImprove=9 updated=0
    [CG] CG iter 14: obj=1844701.515751, maxRC=317275.707584, +6 cols
    [CG]   [DIAG] iter=14 posCols=6 newCols=6 effImprove=6 updated=0
    [CG] CG iter 15: obj=1844701.515751, maxRC=257341.906528, +7 cols
    [CG]   [DIAG] iter=15 posCols=7 newCols=7 effImprove=7 updated=0
    [CG] CG iter 16: obj=1844701.515751, maxRC=207100.113926, +7 cols
    [CG]   [DIAG] iter=16 posCols=7 newCols=7 effImprove=7 updated=0
    [CG] CG iter 17: obj=1844701.515751, maxRC=127375.716329, +7 cols
    [CG]   [DIAG] iter=17 posCols=7 newCols=7 effImprove=7 updated=0
    [CG] CG iter 18: obj=1844701.515751, maxRC=119884.716550, +8 cols
    [CG]   [DIAG] iter=18 posCols=8 newCols=8 effImprove=8 updated=0
    [CG] CG iter 19: obj=1844701.515751, maxRC=81779.340682, +6 cols
    [CG]   [DIAG] iter=19 posCols=6 newCols=6 effImprove=6 updated=0
    [CG] CG iter 20: obj=1844701.515751, maxRC=115403.147246, +6 cols
    [CG]   [DIAG] iter=20 posCols=6 newCols=6 effImprove=6 updated=0
    [CG] CG iter 21: obj=1844701.515751, maxRC=73876.243596, +6 cols
    [CG]   [DIAG] iter=21 posCols=6 newCols=6 effImprove=6 updated=0
    [CG] CG iter 22: obj=1844701.515751, maxRC=81320.315404, +6 cols
    [CG]   [DIAG] iter=22 posCols=6 newCols=6 effImprove=6 updated=0
    [CG] CG iter 23: obj=1852539.353859, maxRC=61972.226276, +8 cols
    [CG]   [DIAG] iter=23 posCols=8 newCols=8 effImprove=8 updated=0
    [CG] CG iter 24: obj=1852539.353859, maxRC=65470.247809, +6 cols
    [CG]   [DIAG] iter=24 posCols=6 newCols=6 effImprove=6 updated=0
    [CG] CG iter 25: obj=1852539.353859, maxRC=36361.216180, +6 cols
    [CG]   [DIAG] iter=25 posCols=6 newCols=6 effImprove=6 updated=0
    [CG] CG iter 26: obj=1852539.353859, maxRC=48700.094133, +6 cols
    [CG]   [DIAG] iter=26 posCols=6 newCols=6 effImprove=6 updated=0
    [CG] CG iter 27: obj=1852539.353859, maxRC=17421.345723, +5 cols
    [CG]   [DIAG] iter=27 posCols=5 newCols=5 effImprove=5 updated=0
    [CG] CG iter 28: obj=1852539.353859, maxRC=39421.744025, +5 cols
    [CG]   [DIAG] iter=28 posCols=5 newCols=5 effImprove=5 updated=0
    [CG] CG iter 29: obj=1852539.353859, maxRC=23208.417009, +6 cols
    [CG]   [DIAG] iter=29 posCols=6 newCols=6 effImprove=6 updated=0
    [CG] CG iter 30: obj=1859819.066456, maxRC=12777.893241, +5 cols
    [CG]   [DIAG] iter=30 posCols=5 newCols=4 effImprove=5 updated=1
    [CG] CG iter 31: obj=1864086.609157, maxRC=4876.381034, +4 cols
    [CG]   [DIAG] iter=31 posCols=4 newCols=3 effImprove=4 updated=1
    [CG] CG iter 32: obj=1867276.061203, maxRC=9496.425460, +3 cols
    [CG]   [DIAG] iter=32 posCols=3 newCols=3 effImprove=3 updated=0
    [CG] CG iter 33: obj=1867276.061203, maxRC=11427.854866, +3 cols
    [CG]   [DIAG] iter=33 posCols=3 newCols=2 effImprove=3 updated=1
    [CG] CG iter 34: obj=1867276.061203, maxRC=2609.437031, +2 cols
    [CG]   [DIAG] iter=34 posCols=2 newCols=2 effImprove=2 updated=0
    [CG] CG iter 35: obj=1867276.061203, maxRC=3566.896930, +1 cols
    [CG]   [DIAG] iter=35 posCols=1 newCols=1 effImprove=1 updated=0
    [CG] CG iter 36: obj=1867276.061203, maxRC=1570.812973, +1 cols
    [CG]   [DIAG] iter=36 posCols=1 newCols=1 effImprove=1 updated=0
    [CG] CG iter 37: obj=1867276.061203, maxRC=1364.177609, +1 cols
    [CG]   [DIAG] iter=37 posCols=1 newCols=1 effImprove=1 updated=0
    [CG] CG iter 38: obj=1867276.061203, maxRC=694.158005, +1 cols
    [CG]   [DIAG] iter=38 posCols=1 newCols=1 effImprove=1 updated=0
    [CG] 列生成收敛，共 39 轮迭代
    [CG] [CG-NODE] depth=0 exit=CERTIFIED certified=1 feasible=1 iters=39 generatedColsBeforeNode=0 newCols=299 posCandidates=306 duplicateCandidates=7 updatedCols=7 zeroObjImproveIters=29 objFirst=735904.508597 objLast=1867276.061203 objGain=1131371.552606 maxRC=1316204.562178 wallSec=0.323447 pricingSec=0.302435 cplexSolveSec=0.014094
      [BB] 根节点即为整数解，obj=1867276.061203
