    [CG] 列生成开始，初始列数=310
    [CG] CG iter 1: obj=418902.790617, maxRC=1337101.742950, +27 cols
    [CG]   [DIAG] iter=1 posCols=27 newCols=27 effImprove=27 updated=0
    [CG] CG iter 2: obj=1499719.280877, maxRC=722698.647876, +18 cols
    [CG]   [DIAG] iter=2 posCols=18 newCols=18 effImprove=18 updated=0
    [CG] CG iter 3: obj=1534485.553647, maxRC=707081.078810, +21 cols
    [CG]   [DIAG] iter=3 posCols=21 newCols=21 effImprove=21 updated=0
    [CG] CG iter 4: obj=1549026.680390, maxRC=243197.180337, +20 cols
    [CG]   [DIAG] iter=4 posCols=20 newCols=20 effImprove=20 updated=0
    [CG] CG iter 5: obj=1549026.680390, maxRC=498354.864927, +20 cols
    [CG]   [DIAG] iter=5 posCols=20 newCols=20 effImprove=20 updated=0
    [CG] CG iter 6: obj=1549026.680390, maxRC=642305.211340, +19 cols
    [CG]   [DIAG] iter=6 posCols=19 newCols=19 effImprove=19 updated=0
    [CG] CG iter 7: obj=1549334.231053, maxRC=503958.206471, +18 cols
    [CG]   [DIAG] iter=7 posCols=18 newCols=18 effImprove=18 updated=0
    [CG] CG iter 8: obj=1549334.231053, maxRC=595879.548719, +18 cols
    [CG]   [DIAG] iter=8 posCols=18 newCols=18 effImprove=18 updated=0
    [CG] CG iter 9: obj=1556680.522879, maxRC=441188.675246, +19 cols
    [CG]   [DIAG] iter=9 posCols=19 newCols=19 effImprove=19 updated=0
    [CG] CG iter 10: obj=1570893.978558, maxRC=504373.945831, +18 cols
    [CG]   [DIAG] iter=10 posCols=18 newCols=18 effImprove=18 updated=0
    [CG] CG iter 11: obj=1570893.978558, maxRC=247319.149105, +18 cols
    [CG]   [DIAG] iter=11 posCols=18 newCols=18 effImprove=18 updated=0
    [CG] CG iter 12: obj=1570893.978558, maxRC=105919.363268, +18 cols
    [CG]   [DIAG] iter=12 posCols=18 newCols=18 effImprove=18 updated=0
    [CG] CG iter 13: obj=1620088.480977, maxRC=88687.755864, +18 cols
    [CG]   [DIAG] iter=13 posCols=18 newCols=18 effImprove=18 updated=0
    [CG] CG iter 14: obj=1620088.480977, maxRC=122109.796922, +16 cols
    [CG]   [DIAG] iter=14 posCols=16 newCols=16 effImprove=16 updated=0
    [CG] CG iter 15: obj=1620088.480977, maxRC=61968.038436, +15 cols
    [CG]   [DIAG] iter=15 posCols=15 newCols=15 effImprove=15 updated=0
    [CG] CG iter 16: obj=1620088.480977, maxRC=25164.015207, +14 cols
    [CG]   [DIAG] iter=16 posCols=14 newCols=14 effImprove=14 updated=0
    [CG] CG iter 17: obj=1620088.480977, maxRC=23447.894741, +11 cols
    [CG]   [DIAG] iter=17 posCols=11 newCols=11 effImprove=11 updated=0
    [CG] CG iter 18: obj=1620088.480977, maxRC=22311.213045, +13 cols
    [CG]   [DIAG] iter=18 posCols=13 newCols=13 effImprove=13 updated=0
    [CG] CG iter 19: obj=1620088.480977, maxRC=19611.282920, +10 cols
    [CG]   [DIAG] iter=19 posCols=10 newCols=10 effImprove=10 updated=0
    [CG] CG iter 20: obj=1620325.587025, maxRC=16309.852956, +7 cols
    [CG]   [DIAG] iter=20 posCols=7 newCols=7 effImprove=7 updated=0
    [CG] CG iter 21: obj=1620325.587025, maxRC=9252.885634, +3 cols
    [CG]   [DIAG] iter=21 posCols=3 newCols=3 effImprove=3 updated=0
    [CG] CG iter 22: obj=1629578.472659, maxRC=10215.365429, +5 cols
    [CG]   [DIAG] iter=22 posCols=5 newCols=5 effImprove=5 updated=0
    [CG] CG iter 23: obj=1629578.472659, maxRC=2878.372138, +1 cols
    [CG]   [DIAG] iter=23 posCols=1 newCols=1 effImprove=1 updated=0
    [CG] CG iter 24: obj=1629578.472659, maxRC=2563.847097, +1 cols
    [CG]   [DIAG] iter=24 posCols=1 newCols=1 effImprove=1 updated=0
    [CG] CG iter 25: obj=1629578.472659, maxRC=1876.758839, +1 cols
    [CG]   [DIAG] iter=25 posCols=1 newCols=1 effImprove=1 updated=0
    [CG] 列生成收敛，共 26 轮迭代
    [CG] [CG-NODE] depth=0 exit=CERTIFIED certified=1 feasible=1 iters=26 generatedColsBeforeNode=0 newCols=349 posCandidates=349 duplicateCandidates=0 updatedCols=0 zeroObjImproveIters=16 objFirst=418902.790617 objLast=1629578.472659 objGain=1210675.682043 maxRC=1337101.742950 wallSec=0.662253 pricingSec=0.627638 cplexSolveSec=0.010850
      [BB] 根节点即为整数解，obj=1629578.472659
