    [CG] 列生成开始，初始列数=310
    [CG] CG iter 1: obj=767561.288850, maxRC=1582649.644875, +24 cols
    [CG]   [DIAG] iter=1 posCols=24 newCols=24 effImprove=24 updated=0
    [CG] CG iter 2: obj=2068354.429490, maxRC=484605.432587, +19 cols
    [CG]   [DIAG] iter=2 posCols=19 newCols=19 effImprove=19 updated=0
    [CG] CG iter 3: obj=2081859.612902, maxRC=408288.625262, +18 cols
    [CG]   [DIAG] iter=3 posCols=18 newCols=18 effImprove=18 updated=0
    [CG] CG iter 4: obj=2086300.671940, maxRC=397627.778139, +17 cols
    [CG]   [DIAG] iter=4 posCols=17 newCols=17 effImprove=17 updated=0
    [CG] CG iter 5: obj=2092111.354559, maxRC=440666.693602, +20 cols
    [CG]   [DIAG] iter=5 posCols=20 newCols=20 effImprove=20 updated=0
    [CG] CG iter 6: obj=2092111.354559, maxRC=415900.173080, +19 cols
    [CG]   [DIAG] iter=6 posCols=19 newCols=19 effImprove=19 updated=0
    [CG] CG iter 7: obj=2092172.821988, maxRC=324368.465392, +17 cols
    [CG]   [DIAG] iter=7 posCols=17 newCols=17 effImprove=17 updated=0
    [CG] CG iter 8: obj=2156294.914799, maxRC=222246.003926, +14 cols
    [CG]   [DIAG] iter=8 posCols=14 newCols=14 effImprove=14 updated=0
    [CG] CG iter 9: obj=2230284.314365, maxRC=261043.745811, +18 cols
    [CG]   [DIAG] iter=9 posCols=18 newCols=18 effImprove=18 updated=0
    [CG] CG iter 10: obj=2242476.705675, maxRC=224494.463124, +14 cols
    [CG]   [DIAG] iter=10 posCols=14 newCols=14 effImprove=14 updated=0
    [CG] CG iter 11: obj=2265418.980856, maxRC=148311.234360, +14 cols
    [CG]   [DIAG] iter=11 posCols=14 newCols=13 effImprove=14 updated=1
    [CG] CG iter 12: obj=2299538.982837, maxRC=196705.184543, +13 cols
    [CG]   [DIAG] iter=12 posCols=13 newCols=12 effImprove=13 updated=1
    [CG] CG iter 13: obj=2314976.465781, maxRC=136055.056149, +12 cols
    [CG]   [DIAG] iter=13 posCols=12 newCols=12 effImprove=12 updated=0
    [CG] CG iter 14: obj=2318409.195802, maxRC=99764.375560, +12 cols
    [CG]   [DIAG] iter=14 posCols=12 newCols=12 effImprove=12 updated=0
    [CG] CG iter 15: obj=2335199.592291, maxRC=114499.487608, +12 cols
    [CG]   [DIAG] iter=15 posCols=12 newCols=12 effImprove=12 updated=0
    [CG] CG iter 16: obj=2351569.520726, maxRC=71753.916752, +11 cols
    [CG]   [DIAG] iter=16 posCols=11 newCols=11 effImprove=11 updated=0
    [CG] CG iter 17: obj=2362895.948394, maxRC=71202.059071, +11 cols
    [CG]   [DIAG] iter=17 posCols=11 newCols=10 effImprove=11 updated=1
    [CG] CG iter 18: obj=2368156.032336, maxRC=71391.123301, +9 cols
    [CG]   [DIAG] iter=18 posCols=9 newCols=9 effImprove=9 updated=0
    [CG] CG iter 19: obj=2372945.126175, maxRC=43505.852065, +10 cols
    [CG]   [DIAG] iter=19 posCols=10 newCols=10 effImprove=10 updated=0
    [CG] CG iter 20: obj=2378855.064737, maxRC=83766.176764, +9 cols
    [CG]   [DIAG] iter=20 posCols=9 newCols=9 effImprove=9 updated=0
    [CG] CG iter 21: obj=2381737.061386, maxRC=21860.405402, +9 cols
    [CG]   [DIAG] iter=21 posCols=9 newCols=9 effImprove=9 updated=0
    [CG] CG iter 22: obj=2388106.357294, maxRC=20108.276416, +9 cols
    [CG]   [DIAG] iter=22 posCols=9 newCols=9 effImprove=9 updated=0
    [CG] CG iter 23: obj=2390627.323018, maxRC=19071.979001, +8 cols
    [CG]   [DIAG] iter=23 posCols=8 newCols=8 effImprove=8 updated=0
    [CG] CG iter 24: obj=2391815.002246, maxRC=23755.079553, +9 cols
    [CG]   [DIAG] iter=24 posCols=9 newCols=9 effImprove=9 updated=0
    [CG] CG iter 25: obj=2394431.185392, maxRC=12307.166445, +10 cols
    [CG]   [DIAG] iter=25 posCols=10 newCols=10 effImprove=10 updated=0
    [CG] CG iter 26: obj=2394431.185392, maxRC=6426.827169, +7 cols
    [CG]   [DIAG] iter=26 posCols=7 newCols=7 effImprove=7 updated=0
    [CG] CG iter 27: obj=2394981.707988, maxRC=5357.164317, +5 cols
    [CG]   [DIAG] iter=27 posCols=5 newCols=5 effImprove=5 updated=0
    [CG] CG iter 28: obj=2397497.894949, maxRC=11659.173182, +5 cols
    [CG]   [DIAG] iter=28 posCols=5 newCols=5 effImprove=5 updated=0
    [CG] CG iter 29: obj=2397497.894949, maxRC=5481.769978, +7 cols
    [CG]   [DIAG] iter=29 posCols=7 newCols=7 effImprove=7 updated=0
    [CG] CG iter 30: obj=2397519.622851, maxRC=4123.290551, +4 cols
    [CG]   [DIAG] iter=30 posCols=4 newCols=4 effImprove=4 updated=0
    [CG] CG iter 31: obj=2398072.572756, maxRC=4907.717531, +5 cols
    [CG]   [DIAG] iter=31 posCols=5 newCols=5 effImprove=5 updated=0
    [CG] CG iter 32: obj=2398437.373720, maxRC=3538.132544, +2 cols
    [CG]   [DIAG] iter=32 posCols=2 newCols=2 effImprove=2 updated=0
    [CG] CG iter 33: obj=2399616.751235, maxRC=1201.829845, +2 cols
    [CG]   [DIAG] iter=33 posCols=2 newCols=2 effImprove=2 updated=0
    [CG] CG iter 34: obj=2399616.751235, maxRC=1470.111267, +1 cols
    [CG]   [DIAG] iter=34 posCols=1 newCols=1 effImprove=1 updated=0
    [CG] CG iter 35: obj=2399616.751235, maxRC=892.543841, +1 cols
    [CG]   [DIAG] iter=35 posCols=1 newCols=1 effImprove=1 updated=0
    [CG] CG iter 36: obj=2399616.751235, maxRC=656.333216, +1 cols
    [CG]   [DIAG] iter=36 posCols=1 newCols=1 effImprove=1 updated=0
    [CG] CG iter 37: obj=2400273.084451, maxRC=1396.333677, +1 cols
    [CG]   [DIAG] iter=37 posCols=1 newCols=1 effImprove=1 updated=0
    [CG] CG iter 38: obj=2400273.084451, maxRC=637.543769, +1 cols
    [CG]   [DIAG] iter=38 posCols=1 newCols=1 effImprove=1 updated=0
    [CG] CG iter 39: obj=2400273.084451, maxRC=1240.045230, +1 cols
    [CG]   [DIAG] iter=39 posCols=1 newCols=1 effImprove=1 updated=0
    [CG] CG iter 40: obj=2400273.084451, maxRC=837.470700, +1 cols
    [CG]   [DIAG] iter=40 posCols=1 newCols=1 effImprove=1 updated=0
    [CG] CG iter 41: obj=2400273.084451, maxRC=753.691916, +1 cols
    [CG]   [DIAG] iter=41 posCols=1 newCols=1 effImprove=1 updated=0
    [CG] CG iter 42: obj=2400273.084451, maxRC=499.848241, +1 cols
    [CG]   [DIAG] iter=42 posCols=1 newCols=1 effImprove=1 updated=0
    [CG] CG iter 43: obj=2400273.084451, maxRC=548.379763, +1 cols
    [CG]   [DIAG] iter=43 posCols=1 newCols=1 effImprove=1 updated=0
    [CG] CG iter 44: obj=2400273.084451, maxRC=298.837414, +1 cols
    [CG]   [DIAG] iter=44 posCols=1 newCols=1 effImprove=1 updated=0
    [CG] CG iter 45: obj=2400273.084451, maxRC=202.431128, +1 cols
    [CG]   [DIAG] iter=45 posCols=1 newCols=1 effImprove=1 updated=0
    [CG] CG iter 46: obj=2400273.084451, maxRC=67.780335, +1 cols
    [CG]   [DIAG] iter=46 posCols=1 newCols=1 effImprove=1 updated=0
    [CG] 列生成收敛，共 47 轮迭代
    [CG] [CG-NODE] depth=0 exit=CERTIFIED certified=1 feasible=1 iters=47 generatedColsBeforeNode=0 newCols=385 posCandidates=388 duplicateCandidates=3 updatedCols=3 zeroObjImproveIters=16 objFirst=767561.288850 objLast=2400273.084451 objGain=1632711.795601 maxRC=1582649.644875 wallSec=0.425644 pricingSec=0.382159 cplexSolveSec=0.019084
      [BB] 根节点即为整数解，obj=2400273.084451
