    [CG] 列生成开始，初始列数=310
    [CG] CG iter 1: obj=390250.477227, maxRC=1500939.831131, +21 cols
    [CG]   [DIAG] iter=1 posCols=21 newCols=21 effImprove=21 updated=0
    [CG] CG iter 2: obj=1695741.899643, maxRC=943800.426575, +18 cols
    [CG]   [DIAG] iter=2 posCols=18 newCols=18 effImprove=18 updated=0
    [CG] CG iter 3: obj=1712268.806865, maxRC=897102.476917, +18 cols
    [CG]   [DIAG] iter=3 posCols=18 newCols=18 effImprove=18 updated=0
    [CG] CG iter 4: obj=1712268.806865, maxRC=182144.540117, +18 cols
    [CG]   [DIAG] iter=4 posCols=18 newCols=18 effImprove=18 updated=0
    [CG] CG iter 5: obj=1712268.806865, maxRC=135727.649223, +18 cols
    [CG]   [DIAG] iter=5 posCols=18 newCols=18 effImprove=18 updated=0
    [CG] CG iter 6: obj=1750342.188840, maxRC=74938.713257, +15 cols
    [CG]   [DIAG] iter=6 posCols=15 newCols=15 effImprove=15 updated=0
    [CG] CG iter 7: obj=1753240.876378, maxRC=122554.451359, +15 cols
    [CG]   [DIAG] iter=7 posCols=15 newCols=15 effImprove=15 updated=0
    [CG] CG iter 8: obj=1753240.876378, maxRC=93688.769995, +13 cols
    [CG]   [DIAG] iter=8 posCols=13 newCols=12 effImprove=13 updated=1
    [CG] CG iter 9: obj=1783041.761748, maxRC=27857.041311, +10 cols
    [CG]   [DIAG] iter=9 posCols=10 newCols=10 effImprove=10 updated=0
    [CG] CG iter 10: obj=1783041.761748, maxRC=22880.878378, +7 cols
    [CG]   [DIAG] iter=10 posCols=7 newCols=7 effImprove=7 updated=0
    [CG] CG iter 11: obj=1783508.626464, maxRC=34236.087944, +7 cols
    [CG]   [DIAG] iter=11 posCols=7 newCols=7 effImprove=7 updated=0
    [CG] CG iter 12: obj=1784573.778440, maxRC=21421.868519, +9 cols
    [CG]   [DIAG] iter=12 posCols=9 newCols=9 effImprove=9 updated=0
    [CG] CG iter 13: obj=1793774.931425, maxRC=15850.764549, +8 cols
    [CG]   [DIAG] iter=13 posCols=8 newCols=7 effImprove=8 updated=1
    [CG] CG iter 14: obj=1804737.739667, maxRC=5966.125353, +6 cols
    [CG]   [DIAG] iter=14 posCols=6 newCols=6 effImprove=6 updated=0
    [CG] CG iter 15: obj=1804737.739667, maxRC=5484.009998, +4 cols
    [CG]   [DIAG] iter=15 posCols=4 newCols=3 effImprove=4 updated=1
    [CG] CG iter 16: obj=1804737.739667, maxRC=3213.100057, +3 cols
    [CG]   [DIAG] iter=16 posCols=3 newCols=3 effImprove=3 updated=0
    [CG] CG iter 17: obj=1804737.739667, maxRC=605.696731, +2 cols
    [CG]   [DIAG] iter=17 posCols=2 newCols=2 effImprove=2 updated=0
    [CG] 列生成收敛，共 18 轮迭代
    [CG] [CG-NODE] depth=0 exit=CERTIFIED certified=1 feasible=1 iters=18 generatedColsBeforeNode=0 newCols=189 posCandidates=192 duplicateCandidates=3 updatedCols=3 zeroObjImproveIters=8 objFirst=390250.477227 objLast=1804737.739667 objGain=1414487.262440 maxRC=1500939.831131 wallSec=0.749153 pricingSec=0.719217 cplexSolveSec=0.005956
      [BB] 根节点即为整数解，obj=1804737.739667
