    [CG] 列生成开始，初始列数=310
    [CG] CG iter 1: obj=500004.255024, maxRC=1599701.204106, +15 cols
    [CG]   [DIAG] iter=1 posCols=15 newCols=15 effImprove=15 updated=0
    [CG] CG iter 2: obj=2000062.466721, maxRC=1192659.766417, +15 cols
    [CG]   [DIAG] iter=2 posCols=15 newCols=15 effImprove=15 updated=0
    [CG] CG iter 3: obj=2000062.466721, maxRC=1122705.017864, +15 cols
    [CG]   [DIAG] iter=3 posCols=15 newCols=15 effImprove=15 updated=0
    [CG] CG iter 4: obj=2000062.466721, maxRC=899831.706123, +15 cols
    [CG]   [DIAG] iter=4 posCols=15 newCols=15 effImprove=15 updated=0
    [CG] CG iter 5: obj=2000062.466721, maxRC=810505.897455, +15 cols
    [CG]   [DIAG] iter=5 posCols=15 newCols=15 effImprove=15 updated=0
    [CG] CG iter 6: obj=2000062.466721, maxRC=759662.681391, +15 cols
    [CG]   [DIAG] iter=6 posCols=15 newCols=15 effImprove=15 updated=0
    [CG] CG iter 7: obj=2000062.466721, maxRC=815907.695689, +15 cols
    [CG]   [DIAG] iter=7 posCols=15 newCols=15 effImprove=15 updated=0
    [CG] CG iter 8: obj=2000062.466721, maxRC=826766.503549, +15 cols
    [CG]   [DIAG] iter=8 posCols=15 newCols=15 effImprove=15 updated=0
    [CG] CG iter 9: obj=2000062.466721, maxRC=801599.473972, +15 cols
    [CG]   [DIAG] iter=9 posCols=15 newCols=15 effImprove=15 updated=0
    [CG] CG iter 10: obj=2000062.466721, maxRC=680173.488161, +14 cols
    [CG]   [DIAG] iter=10 posCols=14 newCols=14 effImprove=14 updated=0
    [CG] CG iter 11: obj=2000062.466721, maxRC=663442.601867, +11 cols
    [CG]   [DIAG] iter=11 posCols=11 newCols=11 effImprove=11 updated=0
    [CG] CG iter 12: obj=2020175.787993, maxRC=553386.496357, +10 cols
    [CG]   [DIAG] iter=12 posCols=10 newCols=10 effImprove=10 updated=0
    [CG] CG iter 13: obj=2020175.787993, maxRC=427257.920601, +9 cols
    [CG]   [DIAG] iter=13 posCols=9 newCols=9 effImprove=9 updated=0
    [CG] CG iter 14: obj=2020175.787993, maxRC=590065.459505, +14 cols
    [CG]   [DIAG] iter=14 posCols=14 newCols=14 effImprove=14 updated=0
    [CG] CG iter 15: obj=2031799.648364, maxRC=383203.529951, +11 cols
    [CG]   [DIAG] iter=15 posCols=11 newCols=11 effImprove=11 updated=0
    [CG] CG iter 16: obj=2042931.002359, maxRC=334478.453116, +10 cols
    [CG]   [DIAG] iter=16 posCols=10 newCols=9 effImprove=10 updated=1
    [CG] CG iter 17: obj=2071592.058678, maxRC=301027.768719, +11 cols
    [CG]   [DIAG] iter=17 posCols=11 newCols=11 effImprove=11 updated=0
    [CG] CG iter 18: obj=2122280.985927, maxRC=232800.597970, +9 cols
    [CG]   [DIAG] iter=18 posCols=9 newCols=9 effImprove=9 updated=0
    [CG] CG iter 19: obj=2145652.214287, maxRC=220037.507599, +9 cols
    [CG]   [DIAG] iter=19 posCols=9 newCols=9 effImprove=9 updated=0
    [CG] CG iter 20: obj=2175238.970518, maxRC=201804.758043, +9 cols
    [CG]   [DIAG] iter=20 posCols=9 newCols=9 effImprove=9 updated=0
    [CG] CG iter 21: obj=2187919.380566, maxRC=164892.763679, +9 cols
    [CG]   [DIAG] iter=21 posCols=9 newCols=9 effImprove=9 updated=0
    [CG] CG iter 22: obj=2206054.798446, maxRC=189039.678188, +9 cols
    [CG]   [DIAG] iter=22 posCols=9 newCols=9 effImprove=9 updated=0
    [CG] CG iter 23: obj=2207249.495711, maxRC=172634.468424, +9 cols
    [CG]   [DIAG] iter=23 posCols=9 newCols=9 effImprove=9 updated=0
    [CG] CG iter 24: obj=2212571.912447, maxRC=202940.216995, +9 cols
    [CG]   [DIAG] iter=24 posCols=9 newCols=9 effImprove=9 updated=0
    [CG] CG iter 25: obj=2220226.705898, maxRC=122744.684194, +9 cols
    [CG]   [DIAG] iter=25 posCols=9 newCols=9 effImprove=9 updated=0
    [CG] CG iter 26: obj=2229314.960697, maxRC=85754.925841, +9 cols
    [CG]   [DIAG] iter=26 posCols=9 newCols=9 effImprove=9 updated=0
    [CG] CG iter 27: obj=2232154.886772, maxRC=71252.786797, +9 cols
    [CG]   [DIAG] iter=27 posCols=9 newCols=9 effImprove=9 updated=0
    [CG] CG iter 28: obj=2244913.158335, maxRC=81995.749560, +9 cols
    [CG]   [DIAG] iter=28 posCols=9 newCols=9 effImprove=9 updated=0
    [CG] CG iter 29: obj=2252335.434073, maxRC=55063.534358, +9 cols
    [CG]   [DIAG] iter=29 posCols=9 newCols=9 effImprove=9 updated=0
    [CG] CG iter 30: obj=2265739.974537, maxRC=77514.685072, +9 cols
    [CG]   [DIAG] iter=30 posCols=9 newCols=9 effImprove=9 updated=0
    [CG] CG iter 31: obj=2272183.952518, maxRC=56401.366600, +9 cols
    [CG]   [DIAG] iter=31 posCols=9 newCols=9 effImprove=9 updated=0
    [CG] CG iter 32: obj=2280877.729897, maxRC=82831.570783, +9 cols
    [CG]   [DIAG] iter=32 posCols=9 newCols=9 effImprove=9 updated=0
    [CG] CG iter 33: obj=2283100.136571, maxRC=60229.215668, +9 cols
    [CG]   [DIAG] iter=33 posCols=9 newCols=9 effImprove=9 updated=0
    [CG] CG iter 34: obj=2288150.909867, maxRC=52529.177635, +9 cols
    [CG]   [DIAG] iter=34 posCols=9 newCols=9 effImprove=9 updated=0
    [CG] CG iter 35: obj=2289945.514337, maxRC=41349.619730, +9 cols
    [CG]   [DIAG] iter=35 posCols=9 newCols=9 effImprove=9 updated=0
    [CG] CG iter 36: obj=2293841.781775, maxRC=38240.399211, +9 cols
    [CG]   [DIAG] iter=36 posCols=9 newCols=9 effImprove=9 updated=0
    [CG] CG iter 37: obj=2296148.623485, maxRC=31554.071419, +9 cols
    [CG]   [DIAG] iter=37 posCols=9 newCols=9 effImprove=9 updated=0
    [CG] CG iter 38: obj=2301202.182297, maxRC=34651.449898, +9 cols
    [CG]   [DIAG] iter=38 posCols=9 newCols=9 effImprove=9 updated=0
    [CG] CG iter 39: obj=2304197.081959, maxRC=32664.208420, +9 cols
    [CG]   [DIAG] iter=39 posCols=9 newCols=9 effImprove=9 updated=0
    [CG] CG iter 40: obj=2305570.063648, maxRC=27019.312234, +9 cols
    [CG]   [DIAG] iter=40 posCols=9 newCols=9 effImprove=9 updated=0
    [CG] CG iter 41: obj=2309208.667303, maxRC=29690.041195, +9 cols
    [CG]   [DIAG] iter=41 posCols=9 newCols=9 effImprove=9 updated=0
    [CG] CG iter 42: obj=2312636.877366, maxRC=22365.854689, +9 cols
    [CG]   [DIAG] iter=42 posCols=9 newCols=9 effImprove=9 updated=0
    [CG] CG iter 43: obj=2317329.966763, maxRC=20462.540986, +9 cols
    [CG]   [DIAG] iter=43 posCols=9 newCols=9 effImprove=9 updated=0
    [CG] CG iter 44: obj=2318747.251408, maxRC=19286.118562, +9 cols
    [CG]   [DIAG] iter=44 posCols=9 newCols=9 effImprove=9 updated=0
    [CG] CG iter 45: obj=2319614.206042, maxRC=25982.423799, +9 cols
    [CG]   [DIAG] iter=45 posCols=9 newCols=9 effImprove=9 updated=0
    [CG] CG iter 46: obj=2320836.371423, maxRC=18568.637360, +9 cols
    [CG]   [DIAG] iter=46 posCols=9 newCols=9 effImprove=9 updated=0
    [CG] CG iter 47: obj=2322849.808598, maxRC=15931.783275, +9 cols
    [CG]   [DIAG] iter=47 posCols=9 newCols=9 effImprove=9 updated=0
    [CG] CG iter 48: obj=2323236.899856, maxRC=11393.746579, +8 cols
    [CG]   [DIAG] iter=48 posCols=8 newCols=8 effImprove=8 updated=0
    [CG] CG iter 49: obj=2324322.231441, maxRC=10257.234550, +8 cols
    [CG]   [DIAG] iter=49 posCols=8 newCols=8 effImprove=8 updated=0
    [CG] CG iter 50: obj=2333055.387138, maxRC=20889.259979, +9 cols
    [CG]   [DIAG] iter=50 posCols=9 newCols=9 effImprove=9 updated=0
    [CG] CG iter 51: obj=2333055.387138, maxRC=21794.159551, +9 cols
    [CG]   [DIAG] iter=51 posCols=9 newCols=9 effImprove=9 updated=0
    [CG] CG iter 52: obj=2333055.387138, maxRC=14305.198817, +8 cols
    [CG]   [DIAG] iter=52 posCols=8 newCols=8 effImprove=8 updated=0
    [CG] CG iter 53: obj=2333055.387138, maxRC=13664.264024, +8 cols
    [CG]   [DIAG] iter=53 posCols=8 newCols=8 effImprove=8 updated=0
    [CG] CG iter 54: obj=2333055.387138, maxRC=11117.292586, +7 cols
    [CG]   [DIAG] iter=54 posCols=7 newCols=7 effImprove=7 updated=0
    [CG] CG iter 55: obj=2333055.387138, maxRC=9043.827952, +3 cols
    [CG]   [DIAG] iter=55 posCols=3 newCols=3 effImprove=3 updated=0
    [CG] CG iter 56: obj=2333055.387138, maxRC=12446.606158, +8 cols
    [CG]   [DIAG] iter=56 posCols=8 newCols=8 effImprove=8 updated=0
    [CG] CG iter 57: obj=2336707.697339, maxRC=17975.907351, +9 cols
    [CG]   [DIAG] iter=57 posCols=9 newCols=9 effImprove=9 updated=0
    [CG] CG iter 58: obj=2336707.697339, maxRC=10728.840825, +8 cols
    [CG]   [DIAG] iter=58 posCols=8 newCols=8 effImprove=8 updated=0
    [CG] CG iter 59: obj=2336707.697339, maxRC=12177.003864, +9 cols
    [CG]   [DIAG] iter=59 posCols=9 newCols=9 effImprove=9 updated=0
    [CG] CG iter 60: obj=2336707.697339, maxRC=8114.777782, +9 cols
    [CG]   [DIAG] iter=60 posCols=9 newCols=9 effImprove=9 updated=0
    [CG] CG iter 61: obj=2336707.697339, maxRC=5258.036108, +8 cols
    [CG]   [DIAG] iter=61 posCols=8 newCols=8 effImprove=8 updated=0
    [CG] CG iter 62: obj=2336707.697339, maxRC=4122.794511, +7 cols
    [CG]   [DIAG] iter=62 posCols=7 newCols=7 effImprove=7 updated=0
    [CG] CG iter 63: obj=2336707.697339, maxRC=4017.280775, +6 cols
    [CG]   [DIAG] iter=63 posCols=6 newCols=6 effImprove=6 updated=0
    [CG] CG iter 64: obj=2336707.697339, maxRC=2333.996474, +3 cols
    [CG]   [DIAG] iter=64 posCols=3 newCols=3 effImprove=3 updated=0
    [CG] CG iter 65: obj=2336707.697339, maxRC=1995.324288, +3 cols
    [CG]   [DIAG] iter=65 posCols=3 newCols=3 effImprove=3 updated=0
    [CG] CG iter 66: obj=2336707.697339, maxRC=626.014782, +3 cols
    [CG]   [DIAG] iter=66 posCols=3 newCols=3 effImprove=3 updated=0
    [CG] CG iter 67: obj=2336707.697339, maxRC=1072.446599, +3 cols
    [CG]   [DIAG] iter=67 posCols=3 newCols=3 effImprove=3 updated=0
    [CG] CG iter 68: obj=2336707.697339, maxRC=360.332961, +2 cols
    [CG]   [DIAG] iter=68 posCols=2 newCols=2 effImprove=2 updated=0
    [CG] 列生成收敛，共 69 轮迭代
    [CG] [CG-NODE] depth=0 exit=CERTIFIED certified=1 feasible=1 iters=69 generatedColsBeforeNode=0 newCols=632 posCandidates=633 duplicateCandidates=1 updatedCols=1 zeroObjImproveIters=29 objFirst=500004.255024 objLast=2336707.697339 objGain=1836703.442315 maxRC=1599701.204106 wallSec=1.083983 pricingSec=1.015994 cplexSolveSec=0.036139
      [BB] 根节点即为整数解，obj=2336707.697339
