    [CG] 列生成开始，初始列数=310
    [CG] CG iter 1: obj=531378.933199, maxRC=1555961.869842, +18 cols
    [CG]   [DIAG] iter=1 posCols=18 newCols=18 effImprove=18 updated=0
    [CG] CG iter 2: obj=1851347.539120, maxRC=463556.989691, +14 cols
    [CG]   [DIAG] iter=2 posCols=14 newCols=14 effImprove=14 updated=0
    [CG] CG iter 3: obj=1859195.073576, maxRC=579095.962777, +13 cols
    [CG]   [DIAG] iter=3 posCols=13 newCols=13 effImprove=13 updated=0
    [CG] CG iter 4: obj=1859195.073576, maxRC=499402.656114, +12 cols
    [CG]   [DIAG] iter=4 posCols=12 newCols=12 effImprove=12 updated=0
    [CG] CG iter 5: obj=1859195.073576, maxRC=449103.341531, +12 cols
    [CG]   [DIAG] iter=5 posCols=12 newCols=12 effImprove=12 updated=0
    [CG] CG iter 6: obj=1859195.073576, maxRC=510062.785791, +12 cols
    [CG]   [DIAG] iter=6 posCols=12 newCols=12 effImprove=12 updated=0
    [CG] CG iter 7: obj=1859195.073576, maxRC=388163.341321, +12 cols
    [CG]   [DIAG] iter=7 posCols=12 newCols=12 effImprove=12 updated=0
    [CG] CG iter 8: obj=1909300.034099, maxRC=662600.904583, +15 cols
    [CG]   [DIAG] iter=8 posCols=15 newCols=15 effImprove=15 updated=0
    [CG] CG iter 9: obj=1980027.659630, maxRC=270413.587875, +12 cols
    [CG]   [DIAG] iter=9 posCols=12 newCols=12 effImprove=12 updated=0
    [CG] CG iter 10: obj=2015255.900465, maxRC=188438.332178, +12 cols
    [CG]   [DIAG] iter=10 posCols=12 newCols=12 effImprove=12 updated=0
    [CG] CG iter 11: obj=2049929.472704, maxRC=192862.357342, +12 cols
    [CG]   [DIAG] iter=11 posCols=12 newCols=12 effImprove=12 updated=0
    [CG] CG iter 12: obj=2065731.552081, maxRC=182685.239292, +12 cols
    [CG]   [DIAG] iter=12 posCols=12 newCols=12 effImprove=12 updated=0
    [CG] CG iter 13: obj=2080424.997488, maxRC=185329.795222, +12 cols
    [CG]   [DIAG] iter=13 posCols=12 newCols=12 effImprove=12 updated=0
    [CG] CG iter 14: obj=2095985.527144, maxRC=148004.760776, +12 cols
    [CG]   [DIAG] iter=14 posCols=12 newCols=12 effImprove=12 updated=0
    [CG] CG iter 15: obj=2114320.881031, maxRC=116442.118780, +12 cols
    [CG]   [DIAG] iter=15 posCols=12 newCols=12 effImprove=12 updated=0
    [CG] CG iter 16: obj=2118496.416119, maxRC=97631.234439, +12 cols
    [CG]   [DIAG] iter=16 posCols=12 newCols=12 effImprove=12 updated=0
    [CG] CG iter 17: obj=2162320.913194, maxRC=173306.942862, +12 cols
    [CG]   [DIAG] iter=17 posCols=12 newCols=12 effImprove=12 updated=0
    [CG] CG iter 18: obj=2184561.813606, maxRC=124024.511417, +12 cols
    [CG]   [DIAG] iter=18 posCols=12 newCols=12 effImprove=12 updated=0
    [CG] CG iter 19: obj=2191402.947045, maxRC=88980.692375, +10 cols
    [CG]   [DIAG] iter=19 posCols=10 newCols=10 effImprove=10 updated=0
    [CG] CG iter 20: obj=2204578.751385, maxRC=74154.552003, +12 cols
    [CG]   [DIAG] iter=20 posCols=12 newCols=12 effImprove=12 updated=0
    [CG] CG iter 21: obj=2212397.217012, maxRC=63869.443249, +12 cols
    [CG]   [DIAG] iter=21 posCols=12 newCols=12 effImprove=12 updated=0
    [CG] CG iter 22: obj=2218028.796191, maxRC=47477.025893, +12 cols
    [CG]   [DIAG] iter=22 posCols=12 newCols=12 effImprove=12 updated=0
    [CG] CG iter 23: obj=2226839.206825, maxRC=79319.947921, +12 cols
    [CG]   [DIAG] iter=23 posCols=12 newCols=12 effImprove=12 updated=0
    [CG] CG iter 24: obj=2229061.299504, maxRC=34973.739346, +10 cols
    [CG]   [DIAG] iter=24 posCols=10 newCols=10 effImprove=10 updated=0
    [CG] CG iter 25: obj=2234827.910449, maxRC=65133.039687, +10 cols
    [CG]   [DIAG] iter=25 posCols=10 newCols=10 effImprove=10 updated=0
    [CG] CG iter 26: obj=2236359.830386, maxRC=25377.086986, +11 cols
    [CG]   [DIAG] iter=26 posCols=11 newCols=11 effImprove=11 updated=0
    [CG] CG iter 27: obj=2242494.519912, maxRC=40467.805588, +9 cols
    [CG]   [DIAG] iter=27 posCols=9 newCols=9 effImprove=9 updated=0
    [CG] CG iter 28: obj=2254504.996699, maxRC=56692.904704, +10 cols
    [CG]   [DIAG] iter=28 posCols=10 newCols=10 effImprove=10 updated=0
    [CG] CG iter 29: obj=2255956.155966, maxRC=31416.788589, +9 cols
    [CG]   [DIAG] iter=29 posCols=9 newCols=9 effImprove=9 updated=0
    [CG] CG iter 30: obj=2258192.981551, maxRC=28257.575745, +10 cols
    [CG]   [DIAG] iter=30 posCols=10 newCols=10 effImprove=10 updated=0
    [CG] CG iter 31: obj=2259040.042454, maxRC=24099.955864, +9 cols
    [CG]   [DIAG] iter=31 posCols=9 newCols=9 effImprove=9 updated=0
    [CG] CG iter 32: obj=2261922.667554, maxRC=22832.089367, +9 cols
    [CG]   [DIAG] iter=32 posCols=9 newCols=9 effImprove=9 updated=0
    [CG] CG iter 33: obj=2264794.210408, maxRC=28925.063531, +9 cols
    [CG]   [DIAG] iter=33 posCols=9 newCols=9 effImprove=9 updated=0
    [CG] CG iter 34: obj=2264794.210408, maxRC=15945.744838, +9 cols
    [CG]   [DIAG] iter=34 posCols=9 newCols=9 effImprove=9 updated=0
    [CG] CG iter 35: obj=2267113.082679, maxRC=13021.010870, +7 cols
    [CG]   [DIAG] iter=35 posCols=7 newCols=7 effImprove=7 updated=0
    [CG] CG iter 36: obj=2267113.082679, maxRC=12228.023559, +7 cols
    [CG]   [DIAG] iter=36 posCols=7 newCols=6 effImprove=7 updated=1
    [CG] CG iter 37: obj=2267113.082679, maxRC=10300.567197, +8 cols
    [CG]   [DIAG] iter=37 posCols=8 newCols=8 effImprove=8 updated=0
    [CG] CG iter 38: obj=2268843.755467, maxRC=7596.684613, +7 cols
    [CG]   [DIAG] iter=38 posCols=7 newCols=7 effImprove=7 updated=0
    [CG] CG iter 39: obj=2268843.755467, maxRC=9830.878864, +6 cols
    [CG]   [DIAG] iter=39 posCols=6 newCols=6 effImprove=6 updated=0
    [CG] CG iter 40: obj=2268843.755467, maxRC=5687.197025, +6 cols
    [CG]   [DIAG] iter=40 posCols=6 newCols=6 effImprove=6 updated=0
    [CG] CG iter 41: obj=2274530.952491, maxRC=7286.105235, +6 cols
    [CG]   [DIAG] iter=41 posCols=6 newCols=6 effImprove=6 updated=0
    [CG] CG iter 42: obj=2274530.952491, maxRC=8646.335847, +5 cols
    [CG]   [DIAG] iter=42 posCols=5 newCols=5 effImprove=5 updated=0
    [CG] CG iter 43: obj=2274530.952491, maxRC=6841.931983, +7 cols
    [CG]   [DIAG] iter=43 posCols=7 newCols=7 effImprove=7 updated=0
    [CG] CG iter 44: obj=2274530.952491, maxRC=1487.802121, +5 cols
    [CG]   [DIAG] iter=44 posCols=5 newCols=5 effImprove=5 updated=0
    [CG] CG iter 45: obj=2274530.952491, maxRC=1583.779392, +5 cols
    [CG]   [DIAG] iter=45 posCols=5 newCols=5 effImprove=5 updated=0
    [CG] CG iter 46: obj=2274530.952491, maxRC=553.732518, +5 cols
    [CG]   [DIAG] iter=46 posCols=5 newCols=5 effImprove=5 updated=0
    [CG] CG iter 47: obj=2274530.952491, maxRC=559.057471, +3 cols
    [CG]   [DIAG] iter=47 posCols=3 newCols=3 effImprove=3 updated=0
    [CG] CG iter 48: obj=2274530.952491, maxRC=91.602224, +1 cols
    [CG]   [DIAG] iter=48 posCols=1 newCols=1 effImprove=1 updated=0
    [CG] CG iter 49: obj=2274530.952491, maxRC=64.456039, +1 cols
    [CG]   [DIAG] iter=49 posCols=1 newCols=1 effImprove=1 updated=0
    [CG] 列生成收敛，共 50 轮迭代
    [CG] [CG-NODE] depth=0 exit=CERTIFIED certified=1 feasible=1 iters=50 generatedColsBeforeNode=0 newCols=469 posCandidates=470 duplicateCandidates=1 updatedCols=1 zeroObjImproveIters=18 objFirst=531378.933199 objLast=2274530.952491 objGain=1743152.019293 maxRC=1555961.869842 wallSec=0.684424 pricingSec=0.635231 cplexSolveSec=0.022744
      [BB] 根节点即为整数解，obj=2274530.952491
