    [CG] 列生成开始，初始列数=310
    [CG] CG iter 1: obj=757080.277468, maxRC=1574368.651992, +27 cols
    [CG]   [DIAG] iter=1 posCols=27 newCols=27 effImprove=27 updated=0
    [CG] CG iter 2: obj=2039195.439433, maxRC=500852.448886, +16 cols
    [CG]   [DIAG] iter=2 posCols=16 newCols=16 effImprove=16 updated=0
    [CG] CG iter 3: obj=2052001.209586, maxRC=470565.360553, +18 cols
    [CG]   [DIAG] iter=3 posCols=18 newCols=18 effImprove=18 updated=0
    [CG] CG iter 4: obj=2052001.209586, maxRC=452410.304304, +16 cols
    [CG]   [DIAG] iter=4 posCols=16 newCols=16 effImprove=16 updated=0
    [CG] CG iter 5: obj=2056040.911171, maxRC=412737.441119, +18 cols
    [CG]   [DIAG] iter=5 posCols=18 newCols=18 effImprove=18 updated=0
    [CG] CG iter 6: obj=2061873.508300, maxRC=438617.404881, +15 cols
    [CG]   [DIAG] iter=6 posCols=15 newCols=15 effImprove=15 updated=0
    [CG] CG iter 7: obj=2064959.228249, maxRC=391499.921826, +15 cols
    [CG]   [DIAG] iter=7 posCols=15 newCols=15 effImprove=15 updated=0
    [CG] CG iter 8: obj=2075922.215966, maxRC=345395.923573, +13 cols
    [CG]   [DIAG] iter=8 posCols=13 newCols=13 effImprove=13 updated=0
    [CG] CG iter 9: obj=2094680.460853, maxRC=272419.239743, +13 cols
    [CG]   [DIAG] iter=9 posCols=13 newCols=13 effImprove=13 updated=0
    [CG] CG iter 10: obj=2148456.253296, maxRC=282591.748287, +16 cols
    [CG]   [DIAG] iter=10 posCols=16 newCols=16 effImprove=16 updated=0
    [CG] CG iter 11: obj=2221648.005256, maxRC=290084.394527, +14 cols
    [CG]   [DIAG] iter=11 posCols=14 newCols=14 effImprove=14 updated=0
    [CG] CG iter 12: obj=2242719.109173, maxRC=143043.560940, +12 cols
    [CG]   [DIAG] iter=12 posCols=12 newCols=12 effImprove=12 updated=0
    [CG] CG iter 13: obj=2250751.846342, maxRC=175217.468796, +15 cols
    [CG]   [DIAG] iter=13 posCols=15 newCols=15 effImprove=15 updated=0
    [CG] CG iter 14: obj=2270679.039145, maxRC=128642.250324, +12 cols
    [CG]   [DIAG] iter=14 posCols=12 newCols=12 effImprove=12 updated=0
    [CG] CG iter 15: obj=2282198.724549, maxRC=175815.815961, +12 cols
    [CG]   [DIAG] iter=15 posCols=12 newCols=12 effImprove=12 updated=0
    [CG] CG iter 16: obj=2295370.057919, maxRC=99987.062652, +12 cols
    [CG]   [DIAG] iter=16 posCols=12 newCols=12 effImprove=12 updated=0
    [CG] CG iter 17: obj=2312066.196472, maxRC=122510.864722, +12 cols
    [CG]   [DIAG] iter=17 posCols=12 newCols=12 effImprove=12 updated=0
    [CG] CG iter 18: obj=2332930.800295, maxRC=96870.569626, +10 cols
    [CG]   [DIAG] iter=18 posCols=10 newCols=10 effImprove=10 updated=0
    [CG] CG iter 19: obj=2343930.976757, maxRC=105958.653974, +12 cols
    [CG]   [DIAG] iter=19 posCols=12 newCols=12 effImprove=12 updated=0
    [CG] CG iter 20: obj=2345722.145566, maxRC=82666.773290, +12 cols
    [CG]   [DIAG] iter=20 posCols=12 newCols=12 effImprove=12 updated=0
    [CG] CG iter 21: obj=2349720.994543, maxRC=61755.565219, +11 cols
    [CG]   [DIAG] iter=21 posCols=11 newCols=11 effImprove=11 updated=0
    [CG] CG iter 22: obj=2353291.468127, maxRC=72246.196150, +12 cols
    [CG]   [DIAG] iter=22 posCols=12 newCols=12 effImprove=12 updated=0
    [CG] CG iter 23: obj=2357147.917469, maxRC=61328.232223, +10 cols
    [CG]   [DIAG] iter=23 posCols=10 newCols=10 effImprove=10 updated=0
    [CG] CG iter 24: obj=2366068.449123, maxRC=32685.863781, +9 cols
    [CG]   [DIAG] iter=24 posCols=9 newCols=9 effImprove=9 updated=0
    [CG] CG iter 25: obj=2372340.811252, maxRC=37080.191032, +10 cols
    [CG]   [DIAG] iter=25 posCols=10 newCols=10 effImprove=10 updated=0
    [CG] CG iter 26: obj=2376368.787326, maxRC=20187.233083, +11 cols
    [CG]   [DIAG] iter=26 posCols=11 newCols=11 effImprove=11 updated=0
    [CG] CG iter 27: obj=2382535.010529, maxRC=23144.080059, +9 cols
    [CG]   [DIAG] iter=27 posCols=9 newCols=9 effImprove=9 updated=0
    [CG] CG iter 28: obj=2385266.972227, maxRC=22304.410093, +9 cols
    [CG]   [DIAG] iter=28 posCols=9 newCols=9 effImprove=9 updated=0
    [CG] CG iter 29: obj=2387292.546182, maxRC=8797.994477, +8 cols
    [CG]   [DIAG] iter=29 posCols=8 newCols=8 effImprove=8 updated=0
    [CG] CG iter 30: obj=2390722.249797, maxRC=10081.549381, +9 cols
    [CG]   [DIAG] iter=30 posCols=9 newCols=9 effImprove=9 updated=0
    [CG] CG iter 31: obj=2392560.678837, maxRC=10708.376200, +6 cols
    [CG]   [DIAG] iter=31 posCols=6 newCols=6 effImprove=6 updated=0
    [CG] CG iter 32: obj=2393004.398598, maxRC=5319.524455, +5 cols
    [CG]   [DIAG] iter=32 posCols=5 newCols=5 effImprove=5 updated=0
    [CG] CG iter 33: obj=2393264.159994, maxRC=5970.598946, +5 cols
    [CG]   [DIAG] iter=33 posCols=5 newCols=5 effImprove=5 updated=0
    [CG] CG iter 34: obj=2394251.698010, maxRC=2476.328688, +5 cols
    [CG]   [DIAG] iter=34 posCols=5 newCols=5 effImprove=5 updated=0
    [CG] CG iter 35: obj=2394251.698010, maxRC=2436.782331, +2 cols
    [CG]   [DIAG] iter=35 posCols=2 newCols=2 effImprove=2 updated=0
    [CG] CG iter 36: obj=2394806.779005, maxRC=4092.727416, +2 cols
    [CG]   [DIAG] iter=36 posCols=2 newCols=2 effImprove=2 updated=0
    [CG] CG iter 37: obj=2394806.779005, maxRC=3568.038382, +1 cols
    [CG]   [DIAG] iter=37 posCols=1 newCols=1 effImprove=1 updated=0
    [CG] CG iter 38: obj=2394806.779005, maxRC=2378.194588, +1 cols
    [CG]   [DIAG] iter=38 posCols=1 newCols=1 effImprove=1 updated=0
    [CG] CG iter 39: obj=2394806.779005, maxRC=3648.867235, +2 cols
    [CG]   [DIAG] iter=39 posCols=2 newCols=2 effImprove=2 updated=0
    [CG] CG iter 40: obj=2394806.779005, maxRC=877.320922, +1 cols
    [CG]   [DIAG] iter=40 posCols=1 newCols=1 effImprove=1 updated=0
    [CG] CG iter 41: obj=2394806.779005, maxRC=891.099347, +1 cols
    [CG]   [DIAG] iter=41 posCols=1 newCols=1 effImprove=1 updated=0
    [CG] CG iter 42: obj=2394806.779005, maxRC=233.866708, +1 cols
    [CG]   [DIAG] iter=42 posCols=1 newCols=1 effImprove=1 updated=0
    [CG] CG iter 43: obj=2394806.779005, maxRC=192.706684, +1 cols
    [CG]   [DIAG] iter=43 posCols=1 newCols=1 effImprove=1 updated=0
    [CG] CG iter 44: obj=2394806.779005, maxRC=73.224700, +1 cols
    [CG]   [DIAG] iter=44 posCols=1 newCols=1 effImprove=1 updated=0
    [CG] CG iter 45: obj=2394806.779005, maxRC=60.544172, +1 cols
    [CG]   [DIAG] iter=45 posCols=1 newCols=1 effImprove=1 updated=0
    [CG] 列生成收敛，共 46 轮迭代
    [CG] [CG-NODE] depth=0 exit=CERTIFIED certified=1 feasible=1 iters=46 generatedColsBeforeNode=0 newCols=423 posCandidates=423 duplicateCandidates=0 updatedCols=0 zeroObjImproveIters=12 objFirst=757080.277468 objLast=2394806.779005 objGain=1637726.501537 maxRC=1574368.651992 wallSec=0.384143 pricingSec=0.342569 cplexSolveSec=0.018755
      [BB] 分支定界开始，根节点LP obj=2394806.779005，最大节点数=10000
      [BB] 根节点启发式下界 LB=1573671.687034（上界=2394806.779005）
    [CG] [BB-DIAG] 分支 x_{dc=4,retailer=3}, 节点数=1
    [CG] 列生成开始，初始列数=661
    [CG] CG iter 47: obj=2389007.148322, maxRC=23749.636988, +11 cols
    [CG]   [DIAG] iter=47 posCols=11 newCols=11 effImprove=11 updated=0
    [CG] CG iter 48: obj=2389007.148322, maxRC=17719.070063, +10 cols
    [CG]   [DIAG] iter=48 posCols=10 newCols=10 effImprove=10 updated=0
    [CG] CG iter 49: obj=2389007.148322, maxRC=6282.920572, +8 cols
    [CG]   [DIAG] iter=49 posCols=8 newCols=8 effImprove=8 updated=0
    [CG] CG iter 50: obj=2389388.054922, maxRC=4224.498611, +3 cols
    [CG]   [DIAG] iter=50 posCols=3 newCols=3 effImprove=3 updated=0
    [CG] CG iter 51: obj=2389388.054922, maxRC=3957.110736, +4 cols
    [CG]   [DIAG] iter=51 posCols=4 newCols=4 effImprove=4 updated=0
    [CG] CG iter 52: obj=2389681.265531, maxRC=2985.302685, +2 cols
    [CG]   [DIAG] iter=52 posCols=2 newCols=2 effImprove=2 updated=0
    [CG] CG iter 53: obj=2389681.265531, maxRC=2328.129665, +2 cols
    [CG]   [DIAG] iter=53 posCols=2 newCols=2 effImprove=2 updated=0
    [CG] CG iter 54: obj=2390312.504840, maxRC=1901.402701, +5 cols
    [CG]   [DIAG] iter=54 posCols=5 newCols=5 effImprove=5 updated=0
    [CG] CG iter 55: obj=2390439.265020, maxRC=1802.638816, +1 cols
    [CG]   [DIAG] iter=55 posCols=1 newCols=1 effImprove=1 updated=0
    [CG] CG iter 56: obj=2390439.265020, maxRC=1488.814749, +1 cols
    [CG]   [DIAG] iter=56 posCols=1 newCols=1 effImprove=1 updated=0
    [CG] CG iter 57: obj=2390935.536603, maxRC=1570.662449, +2 cols
    [CG]   [DIAG] iter=57 posCols=2 newCols=2 effImprove=2 updated=0
    [CG] CG iter 58: obj=2390935.536603, maxRC=1083.389410, +2 cols
    [CG]   [DIAG] iter=58 posCols=2 newCols=2 effImprove=2 updated=0
    [CG] CG iter 59: obj=2390935.536603, maxRC=1386.211092, +2 cols
    [CG]   [DIAG] iter=59 posCols=2 newCols=2 effImprove=2 updated=0
    [CG] CG iter 60: obj=2390935.536603, maxRC=614.207090, +2 cols
    [CG]   [DIAG] iter=60 posCols=2 newCols=2 effImprove=2 updated=0
    [CG] CG iter 61: obj=2390935.536603, maxRC=363.792013, +1 cols
    [CG]   [DIAG] iter=61 posCols=1 newCols=1 effImprove=1 updated=0
    [CG] CG iter 62: obj=2390935.536603, maxRC=153.803977, +1 cols
    [CG]   [DIAG] iter=62 posCols=1 newCols=1 effImprove=1 updated=0
    [CG] CG iter 63: obj=2390935.536603, maxRC=69.812747, +1 cols
    [CG]   [DIAG] iter=63 posCols=1 newCols=1 effImprove=1 updated=0
    [CG] 列生成收敛，共 64 轮迭代
    [CG] [CG-NODE] depth=1 exit=CERTIFIED certified=1 feasible=1 iters=18 generatedColsBeforeNode=423 newCols=58 posCandidates=58 duplicateCandidates=0 updatedCols=0 zeroObjImproveIters=12 objFirst=2389007.148322 objLast=2390935.536603 objGain=1928.388281 maxRC=23749.636988 wallSec=0.063258 pricingSec=0.052954 cplexSolveSec=0.007586
    [CG] 列生成开始，初始列数=680
    [CG] CG iter 65: obj=2394251.698010, maxRC=27213.151714, +11 cols
    [CG]   [DIAG] iter=65 posCols=11 newCols=10 effImprove=11 updated=1
    [CG] CG iter 66: obj=2394251.698010, maxRC=20760.637546, +9 cols
    [CG]   [DIAG] iter=66 posCols=9 newCols=9 effImprove=9 updated=0
    [CG] CG iter 67: obj=2394251.698010, maxRC=16690.856735, +9 cols
    [CG]   [DIAG] iter=67 posCols=9 newCols=9 effImprove=9 updated=0
    [CG] CG iter 68: obj=2394251.698010, maxRC=6573.228376, +6 cols
    [CG]   [DIAG] iter=68 posCols=6 newCols=6 effImprove=6 updated=0
    [CG] CG iter 69: obj=2394251.698010, maxRC=2817.609203, +5 cols
    [CG]   [DIAG] iter=69 posCols=5 newCols=5 effImprove=5 updated=0
    [CG] CG iter 70: obj=2394251.698010, maxRC=5374.583606, +6 cols
    [CG]   [DIAG] iter=70 posCols=6 newCols=6 effImprove=6 updated=0
    [CG] CG iter 71: obj=2394251.698010, maxRC=6953.909014, +8 cols
    [CG]   [DIAG] iter=71 posCols=8 newCols=8 effImprove=8 updated=0
    [CG] CG iter 72: obj=2394251.698010, maxRC=1938.149383, +6 cols
    [CG]   [DIAG] iter=72 posCols=6 newCols=6 effImprove=6 updated=0
    [CG] CG iter 73: obj=2394251.698010, maxRC=619.683898, +1 cols
    [CG]   [DIAG] iter=73 posCols=1 newCols=1 effImprove=1 updated=0
    [CG] CG iter 74: obj=2394251.698010, maxRC=33.818702, +1 cols
    [CG]   [DIAG] iter=74 posCols=1 newCols=1 effImprove=1 updated=0
    [CG] 列生成收敛，共 75 轮迭代
    [CG] [CG-NODE] depth=1 exit=CERTIFIED certified=1 feasible=1 iters=11 generatedColsBeforeNode=481 newCols=61 posCandidates=62 duplicateCandidates=1 updatedCols=1 zeroObjImproveIters=10 objFirst=2394251.698010 objLast=2394251.698010 objGain=0.000000 maxRC=27213.151714 wallSec=0.038114 pricingSec=0.029789 cplexSolveSec=0.005786
    [CG] [BB-INCUMBENT] selection=2 node=1 previous=1573671.687034 value=2394251.698010 active=1
    [CG] [BB-NODESEL] strategy=hybrid choice=dfs eligibleCount=1 active=1 gap=0.000000
      [BB] 分支定界结束：处理 3 节点，剪枝 1，剩余活跃 0，整数解 2，状态=OPTIMAL，最好可行 obj=2394251.698010，gap=0.000000
