    [CG] 列生成开始，初始列数=310
    [CG] CG iter 1: obj=796876.957582, maxRC=1216148.074309, +30 cols
    [CG]   [DIAG] iter=1 posCols=30 newCols=30 effImprove=30 updated=0
    [CG] CG iter 2: obj=1579087.439297, maxRC=210250.110911, +28 cols
    [CG]   [DIAG] iter=2 posCols=28 newCols=28 effImprove=28 updated=0
    [CG] CG iter 3: obj=1770732.189247, maxRC=308705.639098, +30 cols
    [CG]   [DIAG] iter=3 posCols=30 newCols=30 effImprove=30 updated=0
    [CG] CG iter 4: obj=1909308.509434, maxRC=77522.080147, +23 cols
    [CG]   [DIAG] iter=4 posCols=23 newCols=23 effImprove=23 updated=0
    [CG] CG iter 5: obj=1939837.860501, maxRC=91322.797138, +21 cols
    [CG]   [DIAG] iter=5 posCols=21 newCols=20 effImprove=21 updated=1
    [CG] CG iter 6: obj=1967835.480226, maxRC=104645.732772, +19 cols
    [CG]   [DIAG] iter=6 posCols=19 newCols=19 effImprove=19 updated=0
    [CG] CG iter 7: obj=1996450.936203, maxRC=42165.662943, +14 cols
    [CG]   [DIAG] iter=7 posCols=14 newCols=14 effImprove=14 updated=0
    [CG] CG iter 8: obj=2012093.138708, maxRC=23474.806376, +10 cols
    [CG]   [DIAG] iter=8 posCols=10 newCols=10 effImprove=10 updated=0
    [CG] CG iter 9: obj=2014613.439683, maxRC=23554.053421, +11 cols
    [CG]   [DIAG] iter=9 posCols=11 newCols=11 effImprove=11 updated=0
    [CG] CG iter 10: obj=2022029.116160, maxRC=11533.433544, +6 cols
    [CG]   [DIAG] iter=10 posCols=6 newCols=6 effImprove=6 updated=0
    [CG] CG iter 11: obj=2026146.873227, maxRC=7721.605904, +3 cols
    [CG]   [DIAG] iter=11 posCols=3 newCols=3 effImprove=3 updated=0
    [CG] 列生成收敛，共 12 轮迭代
    [CG] [CG-NODE] depth=0 exit=CERTIFIED certified=1 feasible=1 iters=12 generatedColsBeforeNode=0 newCols=194 posCandidates=195 duplicateCandidates=1 updatedCols=1 zeroObjImproveIters=0 objFirst=796876.957582 objLast=2032490.734369 objGain=1235613.776787 maxRC=1216148.074309 wallSec=0.140881 pricingSec=0.131331 cplexSolveSec=0.005355
      [BB] 根节点即为整数解，obj=2032490.734369
