    [CG] 列生成开始，初始列数=310
    [CG] CG iter 1: obj=558545.507134, maxRC=817992.380250, +24 cols
    [CG]   [DIAG] iter=1 posCols=24 newCols=24 effImprove=24 updated=0
    [CG] CG iter 2: obj=1348109.709030, maxRC=719579.897235, +21 cols
    [CG]   [DIAG] iter=2 posCols=21 newCols=21 effImprove=21 updated=0
    [CG] CG iter 3: obj=1348109.709030, maxRC=626535.549567, +18 cols
    [CG]   [DIAG] iter=3 posCols=18 newCols=18 effImprove=18 updated=0
    [CG] CG iter 4: obj=1518198.978968, maxRC=545924.103125, +18 cols
    [CG]   [DIAG] iter=4 posCols=18 newCols=18 effImprove=18 updated=0
    [CG] CG iter 5: obj=1674605.638691, maxRC=522316.106217, +18 cols
    [CG]   [DIAG] iter=5 posCols=18 newCols=18 effImprove=18 updated=0
    [CG] CG iter 6: obj=1674605.638691, maxRC=534275.969869, +18 cols
    [CG]   [DIAG] iter=6 posCols=18 newCols=18 effImprove=18 updated=0
    [CG] CG iter 7: obj=1674605.638691, maxRC=440136.934376, +18 cols
    [CG]   [DIAG] iter=7 posCols=18 newCols=18 effImprove=18 updated=0
    [CG] CG iter 8: obj=1674605.638691, maxRC=428415.460774, +16 cols
    [CG]   [DIAG] iter=8 posCols=16 newCols=16 effImprove=16 updated=0
    [CG] CG iter 9: obj=1678478.982748, maxRC=351705.476352, +16 cols
    [CG]   [DIAG] iter=9 posCols=16 newCols=16 effImprove=16 updated=0
    [CG] CG iter 10: obj=1694119.986996, maxRC=169990.740584, +17 cols
    [CG]   [DIAG] iter=10 posCols=17 newCols=17 effImprove=17 updated=0
    [CG] CG iter 11: obj=1708306.568715, maxRC=203525.645807, +16 cols
    [CG]   [DIAG] iter=11 posCols=16 newCols=16 effImprove=16 updated=0
    [CG] CG iter 12: obj=1769119.849174, maxRC=135962.443617, +17 cols
    [CG]   [DIAG] iter=12 posCols=17 newCols=16 effImprove=17 updated=1
    [CG] CG iter 13: obj=1788310.356497, maxRC=164111.153586, +16 cols
    [CG]   [DIAG] iter=13 posCols=16 newCols=16 effImprove=16 updated=0
    [CG] CG iter 14: obj=1799996.870219, maxRC=147447.501398, +16 cols
    [CG]   [DIAG] iter=14 posCols=16 newCols=16 effImprove=16 updated=0
    [CG] CG iter 15: obj=1816107.861327, maxRC=71859.717763, +13 cols
    [CG]   [DIAG] iter=15 posCols=13 newCols=13 effImprove=13 updated=0
    [CG] CG iter 16: obj=1824655.971649, maxRC=57343.018741, +13 cols
    [CG]   [DIAG] iter=16 posCols=13 newCols=13 effImprove=13 updated=0
    [CG] CG iter 17: obj=1886702.640506, maxRC=100863.595372, +13 cols
    [CG]   [DIAG] iter=17 posCols=13 newCols=13 effImprove=13 updated=0
    [CG] CG iter 18: obj=1886702.640506, maxRC=49736.875208, +9 cols
    [CG]   [DIAG] iter=18 posCols=9 newCols=9 effImprove=9 updated=0
    [CG] CG iter 19: obj=1886702.640506, maxRC=34441.249526, +7 cols
    [CG]   [DIAG] iter=19 posCols=7 newCols=7 effImprove=7 updated=0
    [CG] CG iter 20: obj=1886702.640506, maxRC=24771.678857, +5 cols
    [CG]   [DIAG] iter=20 posCols=5 newCols=5 effImprove=5 updated=0
    [CG] CG iter 21: obj=1886702.640506, maxRC=13638.722262, +4 cols
    [CG]   [DIAG] iter=21 posCols=4 newCols=4 effImprove=4 updated=0
    [CG] CG iter 22: obj=1886702.640506, maxRC=14667.763426, +4 cols
    [CG]   [DIAG] iter=22 posCols=4 newCols=4 effImprove=4 updated=0
    [CG] CG iter 23: obj=1893185.038935, maxRC=14478.001502, +3 cols
    [CG]   [DIAG] iter=23 posCols=3 newCols=3 effImprove=3 updated=0
    [CG] CG iter 24: obj=1893185.038935, maxRC=3167.699340, +3 cols
    [CG]   [DIAG] iter=24 posCols=3 newCols=2 effImprove=3 updated=1
    [CG] CG iter 25: obj=1893185.038935, maxRC=2835.305934, +2 cols
    [CG]   [DIAG] iter=25 posCols=2 newCols=2 effImprove=2 updated=0
    [CG] 列生成收敛，共 26 轮迭代
    [CG] [CG-NODE] depth=0 exit=CERTIFIED certified=1 feasible=1 iters=26 generatedColsBeforeNode=0 newCols=323 posCandidates=325 duplicateCandidates=2 updatedCols=2 zeroObjImproveIters=12 objFirst=558545.507134 objLast=1893185.038935 objGain=1334639.531800 maxRC=817992.380250 wallSec=0.525772 pricingSec=0.509236 cplexSolveSec=0.010744
      [BB] 根节点即为整数解，obj=1893185.038935
