    [CG] 列生成开始，初始列数=310
    [CG] CG iter 1: obj=951776.049916, maxRC=995908.362803, +30 cols
    [CG]   [DIAG] iter=1 posCols=30 newCols=30 effImprove=30 updated=0
    [CG] CG iter 2: obj=1586546.594230, maxRC=325918.440624, +30 cols
    [CG]   [DIAG] iter=2 posCols=30 newCols=30 effImprove=30 updated=0
    [CG] CG iter 3: obj=1838532.064877, maxRC=467130.716905, +30 cols
    [CG]   [DIAG] iter=3 posCols=30 newCols=30 effImprove=30 updated=0
    [CG] CG iter 4: obj=1899971.737353, maxRC=339461.802751, +27 cols
    [CG]   [DIAG] iter=4 posCols=27 newCols=27 effImprove=27 updated=0
    [CG] CG iter 5: obj=1993780.403206, maxRC=247332.373155, +26 cols
    [CG]   [DIAG] iter=5 posCols=26 newCols=26 effImprove=26 updated=0
    [CG] CG iter 6: obj=2022193.832006, maxRC=182744.857521, +25 cols
    [CG]   [DIAG] iter=6 posCols=25 newCols=25 effImprove=25 updated=0
    [CG] CG iter 7: obj=2088140.522130, maxRC=251382.560219, +17 cols
    [CG]   [DIAG] iter=7 posCols=17 newCols=16 effImprove=17 updated=1
    [CG] CG iter 8: obj=2129644.211305, maxRC=121062.078157, +17 cols
    [CG]   [DIAG] iter=8 posCols=17 newCols=16 effImprove=17 updated=1
    [CG] CG iter 9: obj=2159270.659948, maxRC=113303.593228, +15 cols
    [CG]   [DIAG] iter=9 posCols=15 newCols=15 effImprove=15 updated=0
    [CG] CG iter 10: obj=2209435.251500, maxRC=121134.629162, +19 cols
    [CG]   [DIAG] iter=10 posCols=19 newCols=19 effImprove=19 updated=0
    [CG] CG iter 11: obj=2226680.262983, maxRC=73471.545504, +11 cols
    [CG]   [DIAG] iter=11 posCols=11 newCols=10 effImprove=11 updated=1
    [CG] CG iter 12: obj=2227719.201847, maxRC=26290.440347, +7 cols
    [CG]   [DIAG] iter=12 posCols=7 newCols=6 effImprove=7 updated=1
    [CG] CG iter 13: obj=2238623.060604, maxRC=20993.652970, +6 cols
    [CG]   [DIAG] iter=13 posCols=6 newCols=6 effImprove=6 updated=0
    [CG] CG iter 14: obj=2238623.060604, maxRC=9058.272491, +4 cols
    [CG]   [DIAG] iter=14 posCols=4 newCols=4 effImprove=4 updated=0
    [CG] CG iter 15: obj=2242383.741660, maxRC=6365.659049, +3 cols
    [CG]   [DIAG] iter=15 posCols=3 newCols=3 effImprove=3 updated=0
    [CG] CG iter 16: obj=2242383.741660, maxRC=6017.832245, +3 cols
    [CG]   [DIAG] iter=16 posCols=3 newCols=2 effImprove=3 updated=1
    [CG] CG iter 17: obj=2242383.741660, maxRC=225.565835, +1 cols
    [CG]   [DIAG] iter=17 posCols=1 newCols=1 effImprove=1 updated=0
    [CG] CG iter 18: obj=2242383.741660, maxRC=107.356610, +1 cols
    [CG]   [DIAG] iter=18 posCols=1 newCols=1 effImprove=1 updated=0
    [CG] 列生成收敛，共 19 轮迭代
    [CG] [CG-NODE] depth=0 exit=CERTIFIED certified=1 feasible=1 iters=19 generatedColsBeforeNode=0 newCols=267 posCandidates=272 duplicateCandidates=5 updatedCols=5 zeroObjImproveIters=5 objFirst=951776.049916 objLast=2242383.741660 objGain=1290607.691744 maxRC=995908.362803 wallSec=0.111809 pricingSec=0.099417 cplexSolveSec=0.007622
      [BB] 根节点即为整数解，obj=2242383.741660
