    [CG] 列生成开始，初始列数=310
    [CG] CG iter 1: obj=896603.271366, maxRC=1048579.106287, +30 cols
    [CG]   [DIAG] iter=1 posCols=30 newCols=30 effImprove=30 updated=0
    [CG] CG iter 2: obj=1567358.067201, maxRC=339494.870485, +27 cols
    [CG]   [DIAG] iter=2 posCols=27 newCols=27 effImprove=27 updated=0
    [CG] CG iter 3: obj=1811484.267974, maxRC=542658.151951, +27 cols
    [CG]   [DIAG] iter=3 posCols=27 newCols=27 effImprove=27 updated=0
    [CG] CG iter 4: obj=1877263.921362, maxRC=332782.185689, +27 cols
    [CG]   [DIAG] iter=4 posCols=27 newCols=27 effImprove=27 updated=0
    [CG] CG iter 5: obj=1941061.352628, maxRC=250318.063437, +25 cols
    [CG]   [DIAG] iter=5 posCols=25 newCols=24 effImprove=25 updated=1
    [CG] CG iter 6: obj=2020606.482049, maxRC=225750.944198, +23 cols
    [CG]   [DIAG] iter=6 posCols=23 newCols=23 effImprove=23 updated=0
    [CG] CG iter 7: obj=2054736.110151, maxRC=167340.512471, +19 cols
    [CG]   [DIAG] iter=7 posCols=19 newCols=19 effImprove=19 updated=0
    [CG] CG iter 8: obj=2136272.996695, maxRC=193398.150275, +14 cols
    [CG]   [DIAG] iter=8 posCols=14 newCols=13 effImprove=14 updated=1
    [CG] CG iter 9: obj=2142775.438103, maxRC=139923.585284, +13 cols
    [CG]   [DIAG] iter=9 posCols=13 newCols=11 effImprove=13 updated=2
    [CG] CG iter 10: obj=2157314.420710, maxRC=73561.369007, +16 cols
    [CG]   [DIAG] iter=10 posCols=16 newCols=16 effImprove=16 updated=0
    [CG] CG iter 11: obj=2192473.124435, maxRC=56843.982402, +11 cols
    [CG]   [DIAG] iter=11 posCols=11 newCols=9 effImprove=11 updated=2
    [CG] CG iter 12: obj=2192473.124435, maxRC=55491.198199, +10 cols
    [CG]   [DIAG] iter=12 posCols=10 newCols=10 effImprove=10 updated=0
    [CG] CG iter 13: obj=2201302.729978, maxRC=35044.829781, +6 cols
    [CG]   [DIAG] iter=13 posCols=6 newCols=6 effImprove=6 updated=0
    [CG] CG iter 14: obj=2236347.559759, maxRC=35728.770658, +5 cols
    [CG]   [DIAG] iter=14 posCols=5 newCols=5 effImprove=5 updated=0
    [CG] CG iter 15: obj=2236347.559759, maxRC=28632.828298, +4 cols
    [CG]   [DIAG] iter=15 posCols=4 newCols=4 effImprove=4 updated=0
    [CG] CG iter 16: obj=2236347.559759, maxRC=27364.467794, +3 cols
    [CG]   [DIAG] iter=16 posCols=3 newCols=3 effImprove=3 updated=0
    [CG] CG iter 17: obj=2236347.559759, maxRC=27764.570254, +5 cols
    [CG]   [DIAG] iter=17 posCols=5 newCols=5 effImprove=5 updated=0
    [CG] CG iter 18: obj=2236347.559759, maxRC=16927.036390, +2 cols
    [CG]   [DIAG] iter=18 posCols=2 newCols=2 effImprove=2 updated=0
    [CG] CG iter 19: obj=2236347.559759, maxRC=59.541598, +1 cols
    [CG]   [DIAG] iter=19 posCols=1 newCols=1 effImprove=1 updated=0
    [CG] 列生成收敛，共 20 轮迭代
    [CG] [CG-NODE] depth=0 exit=CERTIFIED certified=1 feasible=1 iters=20 generatedColsBeforeNode=0 newCols=262 posCandidates=268 duplicateCandidates=6 updatedCols=6 zeroObjImproveIters=7 objFirst=896603.271366 objLast=2236347.559759 objGain=1339744.288393 maxRC=1048579.106287 wallSec=0.150668 pricingSec=0.137557 cplexSolveSec=0.008014
      [BB] 根节点即为整数解，obj=2236347.559759
