    [CG] 列生成开始，初始列数=310
    [CG] CG iter 1: obj=953975.104469, maxRC=979742.492726, +30 cols
    [CG]   [DIAG] iter=1 posCols=30 newCols=30 effImprove=30 updated=0
    [CG] CG iter 2: obj=1554200.868547, maxRC=338065.011964, +30 cols
    [CG]   [DIAG] iter=2 posCols=30 newCols=30 effImprove=30 updated=0
    [CG] CG iter 3: obj=1831368.471003, maxRC=527488.329640, +30 cols
    [CG]   [DIAG] iter=3 posCols=30 newCols=30 effImprove=30 updated=0
    [CG] CG iter 4: obj=1884151.688073, maxRC=247931.892980, +28 cols
    [CG]   [DIAG] iter=4 posCols=28 newCols=28 effImprove=28 updated=0
    [CG] CG iter 5: obj=1984401.526870, maxRC=144338.725228, +29 cols
    [CG]   [DIAG] iter=5 posCols=29 newCols=26 effImprove=29 updated=3
    [CG] CG iter 6: obj=2051084.597829, maxRC=174458.808534, +21 cols
    [CG]   [DIAG] iter=6 posCols=21 newCols=21 effImprove=21 updated=0
    [CG] CG iter 7: obj=2157584.550022, maxRC=140440.188355, +17 cols
    [CG]   [DIAG] iter=7 posCols=17 newCols=16 effImprove=17 updated=1
    [CG] CG iter 8: obj=2168270.455043, maxRC=132067.259802, +14 cols
    [CG]   [DIAG] iter=8 posCols=14 newCols=14 effImprove=14 updated=0
    [CG] CG iter 9: obj=2183488.522655, maxRC=106022.108917, +11 cols
    [CG]   [DIAG] iter=9 posCols=11 newCols=11 effImprove=11 updated=0
    [CG] CG iter 10: obj=2189847.310831, maxRC=89508.701258, +11 cols
    [CG]   [DIAG] iter=10 posCols=11 newCols=10 effImprove=11 updated=1
    [CG] CG iter 11: obj=2195978.869761, maxRC=37782.822558, +8 cols
    [CG]   [DIAG] iter=11 posCols=8 newCols=8 effImprove=8 updated=0
    [CG] CG iter 12: obj=2229604.247554, maxRC=17533.182736, +3 cols
    [CG]   [DIAG] iter=12 posCols=3 newCols=3 effImprove=3 updated=0
    [CG] CG iter 13: obj=2233661.919816, maxRC=9256.151961, +2 cols
    [CG]   [DIAG] iter=13 posCols=2 newCols=2 effImprove=2 updated=0
    [CG] CG iter 14: obj=2233661.919816, maxRC=104.900620, +1 cols
    [CG]   [DIAG] iter=14 posCols=1 newCols=1 effImprove=1 updated=0
    [CG] 列生成收敛，共 15 轮迭代
    [CG] [CG-NODE] depth=0 exit=CERTIFIED certified=1 feasible=1 iters=15 generatedColsBeforeNode=0 newCols=230 posCandidates=235 duplicateCandidates=5 updatedCols=5 zeroObjImproveIters=2 objFirst=953975.104469 objLast=2233661.919816 objGain=1279686.815347 maxRC=979742.492726 wallSec=0.096185 pricingSec=0.088160 cplexSolveSec=0.005124
      [BB] 根节点即为整数解，obj=2233661.919816
