    [CG] 列生成开始，初始列数=310
    [CG] CG iter 1: obj=934603.350130, maxRC=979974.383045, +30 cols
    [CG]   [DIAG] iter=1 posCols=30 newCols=30 effImprove=30 updated=0
    [CG] CG iter 2: obj=1566276.330747, maxRC=332059.302150, +30 cols
    [CG]   [DIAG] iter=2 posCols=30 newCols=30 effImprove=30 updated=0
    [CG] CG iter 3: obj=1834456.372156, maxRC=432146.718193, +30 cols
    [CG]   [DIAG] iter=3 posCols=30 newCols=30 effImprove=30 updated=0
    [CG] CG iter 4: obj=1902325.679600, maxRC=359344.877603, +29 cols
    [CG]   [DIAG] iter=4 posCols=29 newCols=29 effImprove=29 updated=0
    [CG] CG iter 5: obj=1942408.489487, maxRC=162730.114417, +24 cols
    [CG]   [DIAG] iter=5 posCols=24 newCols=24 effImprove=24 updated=0
    [CG] CG iter 6: obj=2030412.084157, maxRC=155353.455607, +19 cols
    [CG]   [DIAG] iter=6 posCols=19 newCols=19 effImprove=19 updated=0
    [CG] CG iter 7: obj=2113544.741692, maxRC=174072.629099, +20 cols
    [CG]   [DIAG] iter=7 posCols=20 newCols=20 effImprove=20 updated=0
    [CG] CG iter 8: obj=2135835.843403, maxRC=128430.658047, +11 cols
    [CG]   [DIAG] iter=8 posCols=11 newCols=11 effImprove=11 updated=0
    [CG] CG iter 9: obj=2177289.856360, maxRC=121911.221918, +6 cols
    [CG]   [DIAG] iter=9 posCols=6 newCols=6 effImprove=6 updated=0
    [CG] CG iter 10: obj=2181265.251588, maxRC=136322.795555, +9 cols
    [CG]   [DIAG] iter=10 posCols=9 newCols=9 effImprove=9 updated=0
    [CG] CG iter 11: obj=2186993.439667, maxRC=30733.743126, +7 cols
    [CG]   [DIAG] iter=11 posCols=7 newCols=7 effImprove=7 updated=0
    [CG] CG iter 12: obj=2202360.311230, maxRC=37771.808980, +8 cols
    [CG]   [DIAG] iter=12 posCols=8 newCols=7 effImprove=8 updated=1
    [CG] CG iter 13: obj=2205673.110214, maxRC=39142.255355, +5 cols
    [CG]   [DIAG] iter=13 posCols=5 newCols=5 effImprove=5 updated=0
    [CG] CG iter 14: obj=2205673.110214, maxRC=14547.786316, +3 cols
    [CG]   [DIAG] iter=14 posCols=3 newCols=3 effImprove=3 updated=0
    [CG] CG iter 15: obj=2220220.896530, maxRC=7037.398426, +1 cols
    [CG]   [DIAG] iter=15 posCols=1 newCols=1 effImprove=1 updated=0
    [CG] CG iter 16: obj=2220220.896530, maxRC=5148.103975, +1 cols
    [CG]   [DIAG] iter=16 posCols=1 newCols=1 effImprove=1 updated=0
    [CG] CG iter 17: obj=2220220.896530, maxRC=101.618244, +1 cols
    [CG]   [DIAG] iter=17 posCols=1 newCols=1 effImprove=1 updated=0
    [CG] 列生成收敛，共 18 轮迭代
    [CG] [CG-NODE] depth=0 exit=CERTIFIED certified=1 feasible=1 iters=18 generatedColsBeforeNode=0 newCols=233 posCandidates=234 duplicateCandidates=1 updatedCols=1 zeroObjImproveIters=4 objFirst=934603.350130 objLast=2220220.896530 objGain=1285617.546400 maxRC=979974.383045 wallSec=0.114833 pricingSec=0.103961 cplexSolveSec=0.006754
      [BB] 根节点即为整数解，obj=2220220.896530
