    [CG] 列生成开始，初始列数=310
    [CG] CG iter 1: obj=896350.346345, maxRC=979694.021688, +30 cols
    [CG]   [DIAG] iter=1 posCols=30 newCols=30 effImprove=30 updated=0
    [CG] CG iter 2: obj=1502963.500972, maxRC=321992.889177, +30 cols
    [CG]   [DIAG] iter=2 posCols=30 newCols=30 effImprove=30 updated=0
    [CG] CG iter 3: obj=1848766.695906, maxRC=411259.685789, +30 cols
    [CG]   [DIAG] iter=3 posCols=30 newCols=30 effImprove=30 updated=0
    [CG] CG iter 4: obj=1924392.607649, maxRC=235501.465748, +25 cols
    [CG]   [DIAG] iter=4 posCols=25 newCols=25 effImprove=25 updated=0
    [CG] CG iter 5: obj=2003020.621585, maxRC=232229.670045, +21 cols
    [CG]   [DIAG] iter=5 posCols=21 newCols=20 effImprove=21 updated=1
    [CG] CG iter 6: obj=2021472.887847, maxRC=157979.447952, +17 cols
    [CG]   [DIAG] iter=6 posCols=17 newCols=17 effImprove=17 updated=0
    [CG] CG iter 7: obj=2105515.770503, maxRC=137396.965986, +18 cols
    [CG]   [DIAG] iter=7 posCols=18 newCols=17 effImprove=18 updated=1
    [CG] CG iter 8: obj=2167510.850366, maxRC=154702.366609, +10 cols
    [CG]   [DIAG] iter=8 posCols=10 newCols=10 effImprove=10 updated=0
    [CG] CG iter 9: obj=2167510.850366, maxRC=138321.664711, +9 cols
    [CG]   [DIAG] iter=9 posCols=9 newCols=9 effImprove=9 updated=0
    [CG] CG iter 10: obj=2171821.407079, maxRC=43356.160094, +9 cols
    [CG]   [DIAG] iter=10 posCols=9 newCols=9 effImprove=9 updated=0
    [CG] CG iter 11: obj=2189796.025017, maxRC=19343.830653, +6 cols
    [CG]   [DIAG] iter=11 posCols=6 newCols=6 effImprove=6 updated=0
    [CG] CG iter 12: obj=2189796.025017, maxRC=4828.414858, +4 cols
    [CG]   [DIAG] iter=12 posCols=4 newCols=3 effImprove=4 updated=1
    [CG] CG iter 13: obj=2189796.025017, maxRC=8208.557836, +2 cols
    [CG]   [DIAG] iter=13 posCols=2 newCols=1 effImprove=2 updated=1
    [CG] CG iter 14: obj=2189796.025017, maxRC=8153.377201, +1 cols
    [CG]   [DIAG] iter=14 posCols=1 newCols=1 effImprove=1 updated=0
    [CG] CG iter 15: obj=2197949.402217, maxRC=1161.117142, +1 cols
    [CG]   [DIAG] iter=15 posCols=1 newCols=1 effImprove=1 updated=0
    [CG] 列生成收敛，共 16 轮迭代
    [CG] [CG-NODE] depth=0 exit=CERTIFIED certified=1 feasible=1 iters=16 generatedColsBeforeNode=0 newCols=209 posCandidates=213 duplicateCandidates=4 updatedCols=4 zeroObjImproveIters=5 objFirst=896350.346345 objLast=2197949.402217 objGain=1301599.055872 maxRC=979694.021688 wallSec=0.090943 pricingSec=0.083187 cplexSolveSec=0.005074
      [BB] 根节点即为整数解，obj=2197949.402217
