    [CG] 列生成开始，初始列数=310
    [CG] CG iter 1: obj=599869.541160, maxRC=1055404.130490, +27 cols
    [CG]   [DIAG] iter=1 posCols=27 newCols=27 effImprove=27 updated=0
    [CG] CG iter 2: obj=1409956.786346, maxRC=595553.278814, +19 cols
    [CG]   [DIAG] iter=2 posCols=19 newCols=19 effImprove=19 updated=0
    [CG] CG iter 3: obj=1567705.077006, maxRC=553472.558143, +20 cols
    [CG]   [DIAG] iter=3 posCols=20 newCols=20 effImprove=20 updated=0
    [CG] CG iter 4: obj=1567705.077006, maxRC=544896.036935, +18 cols
    [CG]   [DIAG] iter=4 posCols=18 newCols=18 effImprove=18 updated=0
    [CG] CG iter 5: obj=1603075.821297, maxRC=466117.430237, +18 cols
    [CG]   [DIAG] iter=5 posCols=18 newCols=18 effImprove=18 updated=0
    [CG] CG iter 6: obj=1702934.989584, maxRC=391783.111476, +18 cols
    [CG]   [DIAG] iter=6 posCols=18 newCols=18 effImprove=18 updated=0
    [CG] CG iter 7: obj=1762673.046337, maxRC=300750.989543, +15 cols
    [CG]   [DIAG] iter=7 posCols=15 newCols=15 effImprove=15 updated=0
    [CG] CG iter 8: obj=1805010.924533, maxRC=266479.059205, +15 cols
    [CG]   [DIAG] iter=8 posCols=15 newCols=15 effImprove=15 updated=0
    [CG] CG iter 9: obj=1848468.596425, maxRC=308836.124103, +18 cols
    [CG]   [DIAG] iter=9 posCols=18 newCols=18 effImprove=18 updated=0
    [CG] CG iter 10: obj=1866295.145032, maxRC=210764.490609, +13 cols
    [CG]   [DIAG] iter=10 posCols=13 newCols=13 effImprove=13 updated=0
    [CG] CG iter 11: obj=1878650.612530, maxRC=229808.417992, +15 cols
    [CG]   [DIAG] iter=11 posCols=15 newCols=15 effImprove=15 updated=0
    [CG] CG iter 12: obj=1928923.589944, maxRC=183759.243036, +18 cols
    [CG]   [DIAG] iter=12 posCols=18 newCols=18 effImprove=18 updated=0
    [CG] CG iter 13: obj=1928941.776102, maxRC=191253.807105, +14 cols
    [CG]   [DIAG] iter=13 posCols=14 newCols=14 effImprove=14 updated=0
    [CG] CG iter 14: obj=1956255.909216, maxRC=151217.246707, +15 cols
    [CG]   [DIAG] iter=14 posCols=15 newCols=14 effImprove=15 updated=1
    [CG] CG iter 15: obj=1961143.179720, maxRC=110687.419448, +14 cols
    [CG]   [DIAG] iter=15 posCols=14 newCols=14 effImprove=14 updated=0
    [CG] CG iter 16: obj=1980749.317359, maxRC=106615.104644, +12 cols
    [CG]   [DIAG] iter=16 posCols=12 newCols=12 effImprove=12 updated=0
    [CG] CG iter 17: obj=2022571.137694, maxRC=96425.915450, +13 cols
    [CG]   [DIAG] iter=17 posCols=13 newCols=13 effImprove=13 updated=0
    [CG] CG iter 18: obj=2026341.885534, maxRC=71633.664267, +10 cols
    [CG]   [DIAG] iter=18 posCols=10 newCols=10 effImprove=10 updated=0
    [CG] CG iter 19: obj=2056520.638379, maxRC=72487.487379, +9 cols
    [CG]   [DIAG] iter=19 posCols=9 newCols=8 effImprove=9 updated=1
    [CG] CG iter 20: obj=2068928.108408, maxRC=64261.337374, +12 cols
    [CG]   [DIAG] iter=20 posCols=12 newCols=12 effImprove=12 updated=0
    [CG] CG iter 21: obj=2073075.908811, maxRC=68451.351986, +11 cols
    [CG]   [DIAG] iter=21 posCols=11 newCols=11 effImprove=11 updated=0
    [CG] CG iter 22: obj=2074660.358496, maxRC=41305.248159, +10 cols
    [CG]   [DIAG] iter=22 posCols=10 newCols=10 effImprove=10 updated=0
    [CG] CG iter 23: obj=2091419.850808, maxRC=41580.335860, +7 cols
    [CG]   [DIAG] iter=23 posCols=7 newCols=7 effImprove=7 updated=0
    [CG] CG iter 24: obj=2091419.850808, maxRC=44529.964692, +7 cols
    [CG]   [DIAG] iter=24 posCols=7 newCols=7 effImprove=7 updated=0
    [CG] CG iter 25: obj=2091419.850808, maxRC=45386.104301, +7 cols
    [CG]   [DIAG] iter=25 posCols=7 newCols=7 effImprove=7 updated=0
    [CG] CG iter 26: obj=2091419.850808, maxRC=21263.233985, +7 cols
    [CG]   [DIAG] iter=26 posCols=7 newCols=7 effImprove=7 updated=0
    [CG] CG iter 27: obj=2112683.084793, maxRC=21731.766864, +6 cols
    [CG]   [DIAG] iter=27 posCols=6 newCols=6 effImprove=6 updated=0
    [CG] CG iter 28: obj=2112683.084793, maxRC=7236.917814, +4 cols
    [CG]   [DIAG] iter=28 posCols=4 newCols=4 effImprove=4 updated=0
    [CG] CG iter 29: obj=2112683.084793, maxRC=7183.044166, +4 cols
    [CG]   [DIAG] iter=29 posCols=4 newCols=4 effImprove=4 updated=0
    [CG] CG iter 30: obj=2112683.084793, maxRC=3530.222587, +2 cols
    [CG]   [DIAG] iter=30 posCols=2 newCols=2 effImprove=2 updated=0
    [CG] CG iter 31: obj=2112683.084793, maxRC=547.240657, +1 cols
    [CG]   [DIAG] iter=31 posCols=1 newCols=1 effImprove=1 updated=0
    [CG] CG iter 32: obj=2112683.084793, maxRC=479.845782, +1 cols
    [CG]   [DIAG] iter=32 posCols=1 newCols=1 effImprove=1 updated=0
    [CG] 列生成收敛，共 33 轮迭代
    [CG] [CG-NODE] depth=0 exit=CERTIFIED certified=1 feasible=1 iters=33 generatedColsBeforeNode=0 newCols=378 posCandidates=380 duplicateCandidates=2 updatedCols=2 zeroObjImproveIters=10 objFirst=599869.541160 objLast=2112683.084793 objGain=1512813.543634 maxRC=1055404.130490 wallSec=0.437449 pricingSec=0.415995 cplexSolveSec=0.014688
      [BB] 根节点即为整数解，obj=2112683.084793
