    [CG] 列生成开始，初始列数=310
    [CG] CG iter 1: obj=952588.357354, maxRC=1314067.647219, +30 cols
    [CG]   [DIAG] iter=1 posCols=30 newCols=30 effImprove=30 updated=0
    [CG] CG iter 2: obj=1747953.233268, maxRC=270216.453116, +25 cols
    [CG]   [DIAG] iter=2 posCols=25 newCols=25 effImprove=25 updated=0
    [CG] CG iter 3: obj=1892962.153878, maxRC=479707.853307, +24 cols
    [CG]   [DIAG] iter=3 posCols=24 newCols=24 effImprove=24 updated=0
    [CG] CG iter 4: obj=1976153.772120, maxRC=286148.259221, +24 cols
    [CG]   [DIAG] iter=4 posCols=24 newCols=24 effImprove=24 updated=0
    [CG] CG iter 5: obj=2041943.521007, maxRC=231095.798968, +26 cols
    [CG]   [DIAG] iter=5 posCols=26 newCols=26 effImprove=26 updated=0
    [CG] CG iter 6: obj=2051559.622063, maxRC=178767.341588, +23 cols
    [CG]   [DIAG] iter=6 posCols=23 newCols=22 effImprove=23 updated=1
    [CG] CG iter 7: obj=2084933.486733, maxRC=129879.115933, +21 cols
    [CG]   [DIAG] iter=7 posCols=21 newCols=21 effImprove=21 updated=0
    [CG] CG iter 8: obj=2115391.569687, maxRC=107917.416248, +21 cols
    [CG]   [DIAG] iter=8 posCols=21 newCols=21 effImprove=21 updated=0
    [CG] CG iter 9: obj=2140028.641985, maxRC=83340.270907, +17 cols
    [CG]   [DIAG] iter=9 posCols=17 newCols=17 effImprove=17 updated=0
    [CG] CG iter 10: obj=2162452.823719, maxRC=60679.189404, +16 cols
    [CG]   [DIAG] iter=10 posCols=16 newCols=16 effImprove=16 updated=0
    [CG] CG iter 11: obj=2189060.176137, maxRC=57379.922173, +18 cols
    [CG]   [DIAG] iter=11 posCols=18 newCols=18 effImprove=18 updated=0
    [CG] CG iter 12: obj=2198433.636952, maxRC=31287.528573, +16 cols
    [CG]   [DIAG] iter=12 posCols=16 newCols=16 effImprove=16 updated=0
    [CG] CG iter 13: obj=2235004.541617, maxRC=51464.081698, +17 cols
    [CG]   [DIAG] iter=13 posCols=17 newCols=17 effImprove=17 updated=0
    [CG] CG iter 14: obj=2235004.541617, maxRC=27427.582451, +16 cols
    [CG]   [DIAG] iter=14 posCols=16 newCols=16 effImprove=16 updated=0
    [CG] CG iter 15: obj=2237339.120230, maxRC=29233.021196, +11 cols
    [CG]   [DIAG] iter=15 posCols=11 newCols=11 effImprove=11 updated=0
    [CG] CG iter 16: obj=2237339.120230, maxRC=21461.584214, +7 cols
    [CG]   [DIAG] iter=16 posCols=7 newCols=7 effImprove=7 updated=0
    [CG] CG iter 17: obj=2239143.305385, maxRC=12040.253758, +7 cols
    [CG]   [DIAG] iter=17 posCols=7 newCols=6 effImprove=7 updated=1
    [CG] CG iter 18: obj=2252160.253352, maxRC=5937.297345, +2 cols
    [CG]   [DIAG] iter=18 posCols=2 newCols=2 effImprove=2 updated=0
    [CG] CG iter 19: obj=2252160.253352, maxRC=999.425166, +2 cols
    [CG]   [DIAG] iter=19 posCols=2 newCols=2 effImprove=2 updated=0
    [CG] CG iter 20: obj=2252160.253352, maxRC=387.272301, +1 cols
    [CG]   [DIAG] iter=20 posCols=1 newCols=1 effImprove=1 updated=0
    [CG] 列生成收敛，共 21 轮迭代
    [CG] [CG-NODE] depth=0 exit=CERTIFIED certified=1 feasible=1 iters=21 generatedColsBeforeNode=0 newCols=322 posCandidates=324 duplicateCandidates=2 updatedCols=2 zeroObjImproveIters=5 objFirst=952588.357354 objLast=2252160.253352 objGain=1299571.895998 maxRC=1314067.647219 wallSec=0.168521 pricingSec=0.155115 cplexSolveSec=0.009356
      [BB] 根节点即为整数解，obj=2252160.253352
