    [CG] 列生成开始，初始列数=310
    [CG] CG iter 1: obj=946081.798188, maxRC=1363263.757649, +30 cols
    [CG]   [DIAG] iter=1 posCols=30 newCols=30 effImprove=30 updated=0
    [CG] CG iter 2: obj=1807574.704196, maxRC=258229.019267, +26 cols
    [CG]   [DIAG] iter=2 posCols=26 newCols=26 effImprove=26 updated=0
    [CG] CG iter 3: obj=1925300.640364, maxRC=620760.074433, +27 cols
    [CG]   [DIAG] iter=3 posCols=27 newCols=27 effImprove=27 updated=0
    [CG] CG iter 4: obj=2025936.706124, maxRC=278745.010047, +24 cols
    [CG]   [DIAG] iter=4 posCols=24 newCols=24 effImprove=24 updated=0
    [CG] CG iter 5: obj=2047250.926902, maxRC=360138.070444, +26 cols
    [CG]   [DIAG] iter=5 posCols=26 newCols=26 effImprove=26 updated=0
    [CG] CG iter 6: obj=2091764.056572, maxRC=166186.999034, +24 cols
    [CG]   [DIAG] iter=6 posCols=24 newCols=24 effImprove=24 updated=0
    [CG] CG iter 7: obj=2135831.721733, maxRC=123103.441202, +21 cols
    [CG]   [DIAG] iter=7 posCols=21 newCols=21 effImprove=21 updated=0
    [CG] CG iter 8: obj=2171080.673670, maxRC=88167.229771, +18 cols
    [CG]   [DIAG] iter=8 posCols=18 newCols=18 effImprove=18 updated=0
    [CG] CG iter 9: obj=2220753.483610, maxRC=85057.433312, +19 cols
    [CG]   [DIAG] iter=9 posCols=19 newCols=19 effImprove=19 updated=0
    [CG] CG iter 10: obj=2230788.801854, maxRC=102938.284241, +18 cols
    [CG]   [DIAG] iter=10 posCols=18 newCols=18 effImprove=18 updated=0
    [CG] CG iter 11: obj=2234807.895046, maxRC=42398.313316, +16 cols
    [CG]   [DIAG] iter=11 posCols=16 newCols=16 effImprove=16 updated=0
    [CG] CG iter 12: obj=2252847.533664, maxRC=62915.437993, +14 cols
    [CG]   [DIAG] iter=12 posCols=14 newCols=14 effImprove=14 updated=0
    [CG] CG iter 13: obj=2262969.961022, maxRC=31069.088786, +12 cols
    [CG]   [DIAG] iter=13 posCols=12 newCols=12 effImprove=12 updated=0
    [CG] CG iter 14: obj=2279252.294125, maxRC=20537.754111, +11 cols
    [CG]   [DIAG] iter=14 posCols=11 newCols=10 effImprove=11 updated=1
    [CG] CG iter 15: obj=2283169.759165, maxRC=16090.012324, +11 cols
    [CG]   [DIAG] iter=15 posCols=11 newCols=11 effImprove=11 updated=0
    [CG] CG iter 16: obj=2284033.579033, maxRC=11549.657904, +10 cols
    [CG]   [DIAG] iter=16 posCols=10 newCols=10 effImprove=10 updated=0
    [CG] CG iter 17: obj=2292610.929434, maxRC=10523.876431, +6 cols
    [CG]   [DIAG] iter=17 posCols=6 newCols=6 effImprove=6 updated=0
    [CG] CG iter 18: obj=2301206.129702, maxRC=1698.860640, +2 cols
    [CG]   [DIAG] iter=18 posCols=2 newCols=2 effImprove=2 updated=0
    [CG] CG iter 19: obj=2301206.129702, maxRC=942.288623, +2 cols
    [CG]   [DIAG] iter=19 posCols=2 newCols=2 effImprove=2 updated=0
    [CG] 列生成收敛，共 20 轮迭代
    [CG] [CG-NODE] depth=0 exit=CERTIFIED certified=1 feasible=1 iters=20 generatedColsBeforeNode=0 newCols=316 posCandidates=317 duplicateCandidates=1 updatedCols=1 zeroObjImproveIters=1 objFirst=946081.798188 objLast=2302148.418324 objGain=1356066.620136 maxRC=1363263.757649 wallSec=0.238088 pricingSec=0.201301 cplexSolveSec=0.012527
      [BB] 根节点即为整数解，obj=2302148.418324
