    [CG] 列生成开始，初始列数=310
    [CG] CG iter 1: obj=949957.388213, maxRC=1371695.992083, +30 cols
    [CG]   [DIAG] iter=1 posCols=30 newCols=30 effImprove=30 updated=0
    [CG] CG iter 2: obj=1789978.211047, maxRC=266700.034039, +22 cols
    [CG]   [DIAG] iter=2 posCols=22 newCols=22 effImprove=22 updated=0
    [CG] CG iter 3: obj=1917581.393045, maxRC=547143.051152, +24 cols
    [CG]   [DIAG] iter=3 posCols=24 newCols=24 effImprove=24 updated=0
    [CG] CG iter 4: obj=1986343.637968, maxRC=305883.484562, +21 cols
    [CG]   [DIAG] iter=4 posCols=21 newCols=21 effImprove=21 updated=0
    [CG] CG iter 5: obj=2070526.048153, maxRC=269143.799903, +25 cols
    [CG]   [DIAG] iter=5 posCols=25 newCols=25 effImprove=25 updated=0
    [CG] CG iter 6: obj=2084786.802950, maxRC=124138.991703, +21 cols
    [CG]   [DIAG] iter=6 posCols=21 newCols=21 effImprove=21 updated=0
    [CG] CG iter 7: obj=2118211.119330, maxRC=131087.133663, +19 cols
    [CG]   [DIAG] iter=7 posCols=19 newCols=19 effImprove=19 updated=0
    [CG] CG iter 8: obj=2172742.403281, maxRC=108705.636091, +20 cols
    [CG]   [DIAG] iter=8 posCols=20 newCols=20 effImprove=20 updated=0
    [CG] CG iter 9: obj=2185142.425388, maxRC=101531.240701, +16 cols
    [CG]   [DIAG] iter=9 posCols=16 newCols=16 effImprove=16 updated=0
    [CG] CG iter 10: obj=2215486.290676, maxRC=59522.973784, +15 cols
    [CG]   [DIAG] iter=10 posCols=15 newCols=15 effImprove=15 updated=0
    [CG] CG iter 11: obj=2224588.397161, maxRC=59819.280604, +16 cols
    [CG]   [DIAG] iter=11 posCols=16 newCols=16 effImprove=16 updated=0
    [CG] CG iter 12: obj=2239529.888812, maxRC=45408.590737, +17 cols
    [CG]   [DIAG] iter=12 posCols=17 newCols=17 effImprove=17 updated=0
    [CG] CG iter 13: obj=2240267.903947, maxRC=23147.156861, +14 cols
    [CG]   [DIAG] iter=13 posCols=14 newCols=14 effImprove=14 updated=0
    [CG] CG iter 14: obj=2250477.847973, maxRC=25244.492494, +13 cols
    [CG]   [DIAG] iter=14 posCols=13 newCols=12 effImprove=13 updated=1
    [CG] CG iter 15: obj=2259051.250497, maxRC=9018.319765, +9 cols
    [CG]   [DIAG] iter=15 posCols=9 newCols=8 effImprove=9 updated=1
    [CG] CG iter 16: obj=2268069.570262, maxRC=4736.814277, +4 cols
    [CG]   [DIAG] iter=16 posCols=4 newCols=4 effImprove=4 updated=0
    [CG] CG iter 17: obj=2268069.570262, maxRC=482.712506, +1 cols
    [CG]   [DIAG] iter=17 posCols=1 newCols=1 effImprove=1 updated=0
    [CG] 列生成收敛，共 18 轮迭代
    [CG] [CG-NODE] depth=0 exit=CERTIFIED certified=1 feasible=1 iters=18 generatedColsBeforeNode=0 newCols=285 posCandidates=287 duplicateCandidates=2 updatedCols=2 zeroObjImproveIters=2 objFirst=949957.388213 objLast=2268069.570262 objGain=1318112.182049 maxRC=1371695.992083 wallSec=0.178997 pricingSec=0.165980 cplexSolveSec=0.008237
      [BB] 根节点即为整数解，obj=2268069.570262
