    [CG] 列生成开始，初始列数=310
    [CG] CG iter 1: obj=1011416.568711, maxRC=1029032.210952, +30 cols
    [CG]   [DIAG] iter=1 posCols=30 newCols=30 effImprove=30 updated=0
    [CG] CG iter 2: obj=1647924.074095, maxRC=301725.712228, +30 cols
    [CG]   [DIAG] iter=2 posCols=30 newCols=30 effImprove=30 updated=0
    [CG] CG iter 3: obj=1833077.107523, maxRC=361572.268508, +30 cols
    [CG]   [DIAG] iter=3 posCols=30 newCols=30 effImprove=30 updated=0
    [CG] CG iter 4: obj=1909588.341415, maxRC=227911.205209, +30 cols
    [CG]   [DIAG] iter=4 posCols=30 newCols=30 effImprove=30 updated=0
    [CG] CG iter 5: obj=2005024.999126, maxRC=100396.238039, +30 cols
    [CG]   [DIAG] iter=5 posCols=30 newCols=30 effImprove=30 updated=0
    [CG] CG iter 6: obj=2100016.460093, maxRC=102580.637112, +28 cols
    [CG]   [DIAG] iter=6 posCols=28 newCols=28 effImprove=28 updated=0
    [CG] CG iter 7: obj=2162934.396240, maxRC=74175.521101, +26 cols
    [CG]   [DIAG] iter=7 posCols=26 newCols=25 effImprove=26 updated=1
    [CG] CG iter 8: obj=2211145.615752, maxRC=99903.214195, +27 cols
    [CG]   [DIAG] iter=8 posCols=27 newCols=27 effImprove=27 updated=0
    [CG] CG iter 9: obj=2211145.615752, maxRC=134550.781552, +26 cols
    [CG]   [DIAG] iter=9 posCols=26 newCols=26 effImprove=26 updated=0
    [CG] CG iter 10: obj=2211145.615752, maxRC=52853.068259, +23 cols
    [CG]   [DIAG] iter=10 posCols=23 newCols=23 effImprove=23 updated=0
    [CG] CG iter 11: obj=2214043.302654, maxRC=43640.262440, +24 cols
    [CG]   [DIAG] iter=11 posCols=24 newCols=24 effImprove=24 updated=0
    [CG] CG iter 12: obj=2243095.895162, maxRC=25198.509891, +19 cols
    [CG]   [DIAG] iter=12 posCols=19 newCols=19 effImprove=19 updated=0
    [CG] CG iter 13: obj=2252898.772103, maxRC=12912.233440, +17 cols
    [CG]   [DIAG] iter=13 posCols=17 newCols=17 effImprove=17 updated=0
    [CG] CG iter 14: obj=2262001.180987, maxRC=12628.771065, +11 cols
    [CG]   [DIAG] iter=14 posCols=11 newCols=11 effImprove=11 updated=0
    [CG] CG iter 15: obj=2273978.451738, maxRC=20018.879025, +10 cols
    [CG]   [DIAG] iter=15 posCols=10 newCols=10 effImprove=10 updated=0
    [CG] CG iter 16: obj=2274222.727852, maxRC=10443.574939, +5 cols
    [CG]   [DIAG] iter=16 posCols=5 newCols=5 effImprove=5 updated=0
    [CG] CG iter 17: obj=2274222.727852, maxRC=1354.674874, +2 cols
    [CG]   [DIAG] iter=17 posCols=2 newCols=2 effImprove=2 updated=0
    [CG] CG iter 18: obj=2274222.727852, maxRC=394.211893, +1 cols
    [CG]   [DIAG] iter=18 posCols=1 newCols=1 effImprove=1 updated=0
    [CG] CG iter 19: obj=2274222.727852, maxRC=701.681028, +1 cols
    [CG]   [DIAG] iter=19 posCols=1 newCols=1 effImprove=1 updated=0
    [CG] CG iter 20: obj=2274222.727852, maxRC=160.254533, +1 cols
    [CG]   [DIAG] iter=20 posCols=1 newCols=1 effImprove=1 updated=0
    [CG] CG iter 21: obj=2274222.727852, maxRC=134.305657, +1 cols
    [CG]   [DIAG] iter=21 posCols=1 newCols=1 effImprove=1 updated=0
    [CG] 列生成收敛，共 22 轮迭代
    [CG] [CG-NODE] depth=0 exit=CERTIFIED certified=1 feasible=1 iters=22 generatedColsBeforeNode=0 newCols=371 posCandidates=372 duplicateCandidates=1 updatedCols=1 zeroObjImproveIters=8 objFirst=1011416.568711 objLast=2274222.727852 objGain=1262806.159141 maxRC=1029032.210952 wallSec=0.197529 pricingSec=0.184726 cplexSolveSec=0.008849
      [BB] 根节点即为整数解，obj=2274222.727852
