    [CG] 列生成开始，初始列数=310
    [CG] CG iter 1: obj=960394.495108, maxRC=1371758.718043, +30 cols
    [CG]   [DIAG] iter=1 posCols=30 newCols=30 effImprove=30 updated=0
    [CG] CG iter 2: obj=1798827.080698, maxRC=275733.593650, +22 cols
    [CG]   [DIAG] iter=2 posCols=22 newCols=22 effImprove=22 updated=0
    [CG] CG iter 3: obj=1921215.357508, maxRC=387811.481970, +24 cols
    [CG]   [DIAG] iter=3 posCols=24 newCols=24 effImprove=24 updated=0
    [CG] CG iter 4: obj=1991269.441735, maxRC=320230.180443, +24 cols
    [CG]   [DIAG] iter=4 posCols=24 newCols=24 effImprove=24 updated=0
    [CG] CG iter 5: obj=2031072.815196, maxRC=244166.203319, +22 cols
    [CG]   [DIAG] iter=5 posCols=22 newCols=22 effImprove=22 updated=0
    [CG] CG iter 6: obj=2084616.597594, maxRC=145740.385571, +23 cols
    [CG]   [DIAG] iter=6 posCols=23 newCols=23 effImprove=23 updated=0
    [CG] CG iter 7: obj=2125001.451008, maxRC=129297.292301, +21 cols
    [CG]   [DIAG] iter=7 posCols=21 newCols=21 effImprove=21 updated=0
    [CG] CG iter 8: obj=2177628.930814, maxRC=92875.569710, +19 cols
    [CG]   [DIAG] iter=8 posCols=19 newCols=19 effImprove=19 updated=0
    [CG] CG iter 9: obj=2182027.818986, maxRC=86933.753420, +18 cols
    [CG]   [DIAG] iter=9 posCols=18 newCols=18 effImprove=18 updated=0
    [CG] CG iter 10: obj=2207519.795673, maxRC=47430.944095, +16 cols
    [CG]   [DIAG] iter=10 posCols=16 newCols=16 effImprove=16 updated=0
    [CG] CG iter 11: obj=2226107.404197, maxRC=92832.311798, +19 cols
    [CG]   [DIAG] iter=11 posCols=19 newCols=19 effImprove=19 updated=0
    [CG] CG iter 12: obj=2238363.778888, maxRC=27124.964803, +17 cols
    [CG]   [DIAG] iter=12 posCols=17 newCols=17 effImprove=17 updated=0
    [CG] CG iter 13: obj=2251800.130299, maxRC=34005.819286, +16 cols
    [CG]   [DIAG] iter=13 posCols=16 newCols=16 effImprove=16 updated=0
    [CG] CG iter 14: obj=2254715.817421, maxRC=26179.668655, +15 cols
    [CG]   [DIAG] iter=14 posCols=15 newCols=15 effImprove=15 updated=0
    [CG] CG iter 15: obj=2274633.001523, maxRC=17127.158511, +12 cols
    [CG]   [DIAG] iter=15 posCols=12 newCols=12 effImprove=12 updated=0
    [CG] CG iter 16: obj=2278838.611985, maxRC=9574.813678, +10 cols
    [CG]   [DIAG] iter=16 posCols=10 newCols=8 effImprove=10 updated=2
    [CG] CG iter 17: obj=2278838.611985, maxRC=4914.964047, +5 cols
    [CG]   [DIAG] iter=17 posCols=5 newCols=5 effImprove=5 updated=0
    [CG] CG iter 18: obj=2281866.063030, maxRC=2965.738845, +2 cols
    [CG]   [DIAG] iter=18 posCols=2 newCols=2 effImprove=2 updated=0
    [CG] 列生成收敛，共 19 轮迭代
    [CG] [CG-NODE] depth=0 exit=CERTIFIED certified=1 feasible=1 iters=19 generatedColsBeforeNode=0 newCols=313 posCandidates=315 duplicateCandidates=2 updatedCols=2 zeroObjImproveIters=1 objFirst=960394.495108 objLast=2284831.801875 objGain=1324437.306767 maxRC=1371758.718043 wallSec=0.186517 pricingSec=0.171324 cplexSolveSec=0.009825
      [BB] 根节点即为整数解，obj=2284831.801875
