    [CG] 列生成开始，初始列数=310
    [CG] CG iter 1: obj=869809.612268, maxRC=945285.496845, +30 cols
    [CG]   [DIAG] iter=1 posCols=30 newCols=30 effImprove=30 updated=0
    [CG] CG iter 2: obj=1527980.784644, maxRC=492051.182025, +28 cols
    [CG]   [DIAG] iter=2 posCols=28 newCols=28 effImprove=28 updated=0
    [CG] CG iter 3: obj=1551236.654857, maxRC=416806.545491, +27 cols
    [CG]   [DIAG] iter=3 posCols=27 newCols=27 effImprove=27 updated=0
    [CG] CG iter 4: obj=1659466.473506, maxRC=365538.505647, +27 cols
    [CG]   [DIAG] iter=4 posCols=27 newCols=27 effImprove=27 updated=0
    [CG] CG iter 5: obj=1752302.736632, maxRC=205096.353147, +24 cols
    [CG]   [DIAG] iter=5 posCols=24 newCols=24 effImprove=24 updated=0
    [CG] CG iter 6: obj=1906174.732806, maxRC=152178.635118, +19 cols
    [CG]   [DIAG] iter=6 posCols=19 newCols=19 effImprove=19 updated=0
    [CG] CG iter 7: obj=1930449.201001, maxRC=164363.215734, +18 cols
    [CG]   [DIAG] iter=7 posCols=18 newCols=18 effImprove=18 updated=0
    [CG] CG iter 8: obj=1958528.228316, maxRC=93249.473520, +14 cols
    [CG]   [DIAG] iter=8 posCols=14 newCols=14 effImprove=14 updated=0
    [CG] CG iter 9: obj=1964917.597355, maxRC=55422.981601, +12 cols
    [CG]   [DIAG] iter=9 posCols=12 newCols=12 effImprove=12 updated=0
    [CG] CG iter 10: obj=1993704.306366, maxRC=199464.143033, +25 cols
    [CG]   [DIAG] iter=10 posCols=25 newCols=25 effImprove=25 updated=0
    [CG] CG iter 11: obj=2013151.965536, maxRC=70369.822879, +17 cols
    [CG]   [DIAG] iter=11 posCols=17 newCols=16 effImprove=17 updated=1
    [CG] CG iter 12: obj=2038400.516113, maxRC=63143.748786, +13 cols
    [CG]   [DIAG] iter=12 posCols=13 newCols=13 effImprove=13 updated=0
    [CG] CG iter 13: obj=2039060.132386, maxRC=52975.223924, +11 cols
    [CG]   [DIAG] iter=13 posCols=11 newCols=11 effImprove=11 updated=0
    [CG] CG iter 14: obj=2041991.959261, maxRC=27753.621257, +11 cols
    [CG]   [DIAG] iter=14 posCols=11 newCols=11 effImprove=11 updated=0
    [CG] CG iter 15: obj=2050323.022537, maxRC=20254.273475, +8 cols
    [CG]   [DIAG] iter=15 posCols=8 newCols=8 effImprove=8 updated=0
    [CG] CG iter 16: obj=2058859.496422, maxRC=9359.444762, +3 cols
    [CG]   [DIAG] iter=16 posCols=3 newCols=3 effImprove=3 updated=0
    [CG] CG iter 17: obj=2058859.496422, maxRC=4488.642235, +2 cols
    [CG]   [DIAG] iter=17 posCols=2 newCols=2 effImprove=2 updated=0
    [CG] CG iter 18: obj=2063348.138657, maxRC=2233.210429, +1 cols
    [CG]   [DIAG] iter=18 posCols=1 newCols=1 effImprove=1 updated=0
    [CG] 列生成收敛，共 19 轮迭代
    [CG] [CG-NODE] depth=0 exit=CERTIFIED certified=1 feasible=1 iters=19 generatedColsBeforeNode=0 newCols=289 posCandidates=290 duplicateCandidates=1 updatedCols=1 zeroObjImproveIters=2 objFirst=869809.612268 objLast=2063348.138657 objGain=1193538.526389 maxRC=945285.496845 wallSec=0.152377 pricingSec=0.138753 cplexSolveSec=0.008655
      [BB] 根节点即为整数解，obj=2063348.138657
