    [CG] 列生成开始，初始列数=310
    [CG] CG iter 1: obj=914782.331052, maxRC=1309186.041830, +30 cols
    [CG]   [DIAG] iter=1 posCols=30 newCols=30 effImprove=30 updated=0
    [CG] CG iter 2: obj=1716304.758054, maxRC=269733.077953, +21 cols
    [CG]   [DIAG] iter=2 posCols=21 newCols=21 effImprove=21 updated=0
    [CG] CG iter 3: obj=1828114.299868, maxRC=525603.143319, +22 cols
    [CG]   [DIAG] iter=3 posCols=22 newCols=22 effImprove=22 updated=0
    [CG] CG iter 4: obj=1938605.265124, maxRC=431694.362659, +22 cols
    [CG]   [DIAG] iter=4 posCols=22 newCols=22 effImprove=22 updated=0
    [CG] CG iter 5: obj=1996586.724283, maxRC=232872.758011, +21 cols
    [CG]   [DIAG] iter=5 posCols=21 newCols=21 effImprove=21 updated=0
    [CG] CG iter 6: obj=2021447.165837, maxRC=150015.693012, +20 cols
    [CG]   [DIAG] iter=6 posCols=20 newCols=20 effImprove=20 updated=0
    [CG] CG iter 7: obj=2034477.074442, maxRC=108167.407426, +18 cols
    [CG]   [DIAG] iter=7 posCols=18 newCols=18 effImprove=18 updated=0
    [CG] CG iter 8: obj=2087571.005086, maxRC=111507.122080, +19 cols
    [CG]   [DIAG] iter=8 posCols=19 newCols=19 effImprove=19 updated=0
    [CG] CG iter 9: obj=2106185.751263, maxRC=117453.045822, +18 cols
    [CG]   [DIAG] iter=9 posCols=18 newCols=18 effImprove=18 updated=0
    [CG] CG iter 10: obj=2123428.370016, maxRC=65113.677486, +18 cols
    [CG]   [DIAG] iter=10 posCols=18 newCols=18 effImprove=18 updated=0
    [CG] CG iter 11: obj=2143547.801221, maxRC=64878.171304, +16 cols
    [CG]   [DIAG] iter=11 posCols=16 newCols=16 effImprove=16 updated=0
    [CG] CG iter 12: obj=2157647.917232, maxRC=48306.688069, +12 cols
    [CG]   [DIAG] iter=12 posCols=12 newCols=12 effImprove=12 updated=0
    [CG] CG iter 13: obj=2162878.397877, maxRC=37015.192802, +14 cols
    [CG]   [DIAG] iter=13 posCols=14 newCols=13 effImprove=14 updated=1
    [CG] CG iter 14: obj=2185640.510992, maxRC=6924.294779, +13 cols
    [CG]   [DIAG] iter=14 posCols=13 newCols=13 effImprove=13 updated=0
    [CG] CG iter 15: obj=2192869.912294, maxRC=5016.253034, +5 cols
    [CG]   [DIAG] iter=15 posCols=5 newCols=5 effImprove=5 updated=0
    [CG] CG iter 16: obj=2192869.912294, maxRC=1126.871889, +1 cols
    [CG]   [DIAG] iter=16 posCols=1 newCols=1 effImprove=1 updated=0
    [CG] 列生成收敛，共 17 轮迭代
    [CG] [CG-NODE] depth=0 exit=CERTIFIED certified=1 feasible=1 iters=17 generatedColsBeforeNode=0 newCols=269 posCandidates=270 duplicateCandidates=1 updatedCols=1 zeroObjImproveIters=2 objFirst=914782.331052 objLast=2192869.912294 objGain=1278087.581242 maxRC=1309186.041830 wallSec=0.162510 pricingSec=0.150254 cplexSolveSec=0.007758
      [BB] 根节点即为整数解，obj=2192869.912294
