    [CG] 列生成开始，初始列数=310
    [CG] CG iter 1: obj=934097.277445, maxRC=1319194.710015, +30 cols
    [CG]   [DIAG] iter=1 posCols=30 newCols=30 effImprove=30 updated=0
    [CG] CG iter 2: obj=1742162.258294, maxRC=268057.232173, +22 cols
    [CG]   [DIAG] iter=2 posCols=22 newCols=22 effImprove=22 updated=0
    [CG] CG iter 3: obj=1916629.277966, maxRC=456028.702862, +24 cols
    [CG]   [DIAG] iter=3 posCols=24 newCols=24 effImprove=24 updated=0
    [CG] CG iter 4: obj=2064844.114705, maxRC=219241.065758, +21 cols
    [CG]   [DIAG] iter=4 posCols=21 newCols=21 effImprove=21 updated=0
    [CG] CG iter 5: obj=2064844.114705, maxRC=183011.174936, +21 cols
    [CG]   [DIAG] iter=5 posCols=21 newCols=21 effImprove=21 updated=0
    [CG] CG iter 6: obj=2094231.301023, maxRC=170786.375049, +18 cols
    [CG]   [DIAG] iter=6 posCols=18 newCols=18 effImprove=18 updated=0
    [CG] CG iter 7: obj=2112348.307081, maxRC=165099.283680, +20 cols
    [CG]   [DIAG] iter=7 posCols=20 newCols=20 effImprove=20 updated=0
    [CG] CG iter 8: obj=2135917.973166, maxRC=100584.135140, +20 cols
    [CG]   [DIAG] iter=8 posCols=20 newCols=20 effImprove=20 updated=0
    [CG] CG iter 9: obj=2158848.135194, maxRC=78931.968644, +17 cols
    [CG]   [DIAG] iter=9 posCols=17 newCols=17 effImprove=17 updated=0
    [CG] CG iter 10: obj=2202368.994451, maxRC=85028.769880, +19 cols
    [CG]   [DIAG] iter=10 posCols=19 newCols=19 effImprove=19 updated=0
    [CG] CG iter 11: obj=2213771.023337, maxRC=51720.862648, +13 cols
    [CG]   [DIAG] iter=11 posCols=13 newCols=13 effImprove=13 updated=0
    [CG] CG iter 12: obj=2229338.305587, maxRC=16686.175203, +16 cols
    [CG]   [DIAG] iter=12 posCols=16 newCols=15 effImprove=16 updated=1
    [CG] CG iter 13: obj=2244475.488613, maxRC=13509.469899, +14 cols
    [CG]   [DIAG] iter=13 posCols=14 newCols=13 effImprove=14 updated=1
    [CG] CG iter 14: obj=2244475.488613, maxRC=8230.082558, +9 cols
    [CG]   [DIAG] iter=14 posCols=9 newCols=9 effImprove=9 updated=0
    [CG] CG iter 15: obj=2248564.463918, maxRC=7252.412754, +6 cols
    [CG]   [DIAG] iter=15 posCols=6 newCols=6 effImprove=6 updated=0
    [CG] CG iter 16: obj=2255816.876672, maxRC=1134.996233, +2 cols
    [CG]   [DIAG] iter=16 posCols=2 newCols=2 effImprove=2 updated=0
    [CG] 列生成收敛，共 17 轮迭代
    [CG] [CG-NODE] depth=0 exit=CERTIFIED certified=1 feasible=1 iters=17 generatedColsBeforeNode=0 newCols=270 posCandidates=272 duplicateCandidates=2 updatedCols=2 zeroObjImproveIters=3 objFirst=934097.277445 objLast=2255816.876672 objGain=1321719.599227 maxRC=1319194.710015 wallSec=0.160552 pricingSec=0.147283 cplexSolveSec=0.008601
      [BB] 根节点即为整数解，obj=2255816.876672
