    [CG] 列生成开始，初始列数=310
    [CG] CG iter 1: obj=953371.421009, maxRC=1195427.428627, +30 cols
    [CG]   [DIAG] iter=1 posCols=30 newCols=30 effImprove=30 updated=0
    [CG] CG iter 2: obj=1656161.267145, maxRC=273878.524008, +27 cols
    [CG]   [DIAG] iter=2 posCols=27 newCols=27 effImprove=27 updated=0
    [CG] CG iter 3: obj=1753433.794864, maxRC=516408.784379, +30 cols
    [CG]   [DIAG] iter=3 posCols=30 newCols=30 effImprove=30 updated=0
    [CG] CG iter 4: obj=1911626.410834, maxRC=290966.320688, +29 cols
    [CG]   [DIAG] iter=4 posCols=29 newCols=29 effImprove=29 updated=0
    [CG] CG iter 5: obj=1960608.810497, maxRC=174617.498576, +26 cols
    [CG]   [DIAG] iter=5 posCols=26 newCols=24 effImprove=26 updated=2
    [CG] CG iter 6: obj=2033839.391456, maxRC=168550.011491, +19 cols
    [CG]   [DIAG] iter=6 posCols=19 newCols=19 effImprove=19 updated=0
    [CG] CG iter 7: obj=2093758.540411, maxRC=106745.563256, +20 cols
    [CG]   [DIAG] iter=7 posCols=20 newCols=20 effImprove=20 updated=0
    [CG] CG iter 8: obj=2123546.098277, maxRC=139057.626709, +20 cols
    [CG]   [DIAG] iter=8 posCols=20 newCols=20 effImprove=20 updated=0
    [CG] CG iter 9: obj=2131804.725247, maxRC=50776.528347, +16 cols
    [CG]   [DIAG] iter=9 posCols=16 newCols=14 effImprove=16 updated=2
    [CG] CG iter 10: obj=2183753.889369, maxRC=91593.814961, +18 cols
    [CG]   [DIAG] iter=10 posCols=18 newCols=17 effImprove=18 updated=1
    [CG] CG iter 11: obj=2183753.889369, maxRC=36029.329187, +11 cols
    [CG]   [DIAG] iter=11 posCols=11 newCols=11 effImprove=11 updated=0
    [CG] CG iter 12: obj=2184566.177532, maxRC=37863.626398, +12 cols
    [CG]   [DIAG] iter=12 posCols=12 newCols=12 effImprove=12 updated=0
    [CG] CG iter 13: obj=2184566.177532, maxRC=23820.308251, +11 cols
    [CG]   [DIAG] iter=13 posCols=11 newCols=11 effImprove=11 updated=0
    [CG] CG iter 14: obj=2206714.307462, maxRC=29254.699441, +13 cols
    [CG]   [DIAG] iter=14 posCols=13 newCols=13 effImprove=13 updated=0
    [CG] CG iter 15: obj=2213346.361466, maxRC=11543.172778, +5 cols
    [CG]   [DIAG] iter=15 posCols=5 newCols=5 effImprove=5 updated=0
    [CG] CG iter 16: obj=2220198.794635, maxRC=6815.019349, +7 cols
    [CG]   [DIAG] iter=16 posCols=7 newCols=6 effImprove=7 updated=1
    [CG] CG iter 17: obj=2220198.794635, maxRC=5180.161562, +4 cols
    [CG]   [DIAG] iter=17 posCols=4 newCols=3 effImprove=4 updated=1
    [CG] 列生成收敛，共 18 轮迭代
    [CG] [CG-NODE] depth=0 exit=CERTIFIED certified=1 feasible=1 iters=18 generatedColsBeforeNode=0 newCols=291 posCandidates=298 duplicateCandidates=7 updatedCols=7 zeroObjImproveIters=4 objFirst=953371.421009 objLast=2220198.794635 objGain=1266827.373626 maxRC=1195427.428627 wallSec=0.179751 pricingSec=0.166016 cplexSolveSec=0.008758
      [BB] 根节点即为整数解，obj=2220198.794635
