    [CG] 列生成开始，初始列数=310
    [CG] CG iter 1: obj=950730.296948, maxRC=1370883.541876, +30 cols
    [CG]   [DIAG] iter=1 posCols=30 newCols=30 effImprove=30 updated=0
    [CG] CG iter 2: obj=1786968.481578, maxRC=261792.976760, +25 cols
    [CG]   [DIAG] iter=2 posCols=25 newCols=25 effImprove=25 updated=0
    [CG] CG iter 3: obj=1860447.692213, maxRC=519051.742762, +28 cols
    [CG]   [DIAG] iter=3 posCols=28 newCols=28 effImprove=28 updated=0
    [CG] CG iter 4: obj=1962321.286462, maxRC=324324.315850, +24 cols
    [CG]   [DIAG] iter=4 posCols=24 newCols=24 effImprove=24 updated=0
    [CG] CG iter 5: obj=2029059.728798, maxRC=192160.262302, +23 cols
    [CG]   [DIAG] iter=5 posCols=23 newCols=23 effImprove=23 updated=0
    [CG] CG iter 6: obj=2105405.557101, maxRC=165492.272718, +20 cols
    [CG]   [DIAG] iter=6 posCols=20 newCols=20 effImprove=20 updated=0
    [CG] CG iter 7: obj=2120950.629553, maxRC=92350.779484, +17 cols
    [CG]   [DIAG] iter=7 posCols=17 newCols=17 effImprove=17 updated=0
    [CG] CG iter 8: obj=2158599.204263, maxRC=106744.025450, +18 cols
    [CG]   [DIAG] iter=8 posCols=18 newCols=18 effImprove=18 updated=0
    [CG] CG iter 9: obj=2170943.944088, maxRC=39070.729668, +15 cols
    [CG]   [DIAG] iter=9 posCols=15 newCols=15 effImprove=15 updated=0
    [CG] CG iter 10: obj=2198970.031314, maxRC=35983.173177, +17 cols
    [CG]   [DIAG] iter=10 posCols=17 newCols=17 effImprove=17 updated=0
    [CG] CG iter 11: obj=2216016.196031, maxRC=39044.820010, +14 cols
    [CG]   [DIAG] iter=11 posCols=14 newCols=14 effImprove=14 updated=0
    [CG] CG iter 12: obj=2247407.054353, maxRC=23444.233548, +17 cols
    [CG]   [DIAG] iter=12 posCols=17 newCols=17 effImprove=17 updated=0
    [CG] CG iter 13: obj=2247407.054353, maxRC=15168.340720, +11 cols
    [CG]   [DIAG] iter=13 posCols=11 newCols=11 effImprove=11 updated=0
    [CG] CG iter 14: obj=2256535.867057, maxRC=12186.349765, +8 cols
    [CG]   [DIAG] iter=14 posCols=8 newCols=8 effImprove=8 updated=0
    [CG] CG iter 15: obj=2256535.867057, maxRC=11402.733096, +9 cols
    [CG]   [DIAG] iter=15 posCols=9 newCols=8 effImprove=9 updated=1
    [CG] CG iter 16: obj=2256535.867057, maxRC=16969.689363, +6 cols
    [CG]   [DIAG] iter=16 posCols=6 newCols=6 effImprove=6 updated=0
    [CG] CG iter 17: obj=2256535.867057, maxRC=7978.018085, +7 cols
    [CG]   [DIAG] iter=17 posCols=7 newCols=7 effImprove=7 updated=0
    [CG] CG iter 18: obj=2256535.867057, maxRC=9723.359037, +5 cols
    [CG]   [DIAG] iter=18 posCols=5 newCols=5 effImprove=5 updated=0
    [CG] CG iter 19: obj=2256535.867057, maxRC=2032.381706, +3 cols
    [CG]   [DIAG] iter=19 posCols=3 newCols=2 effImprove=3 updated=1
    [CG] CG iter 20: obj=2256535.867057, maxRC=973.669479, +1 cols
    [CG]   [DIAG] iter=20 posCols=1 newCols=1 effImprove=1 updated=0
    [CG] CG iter 21: obj=2256535.867057, maxRC=726.492445, +1 cols
    [CG]   [DIAG] iter=21 posCols=1 newCols=1 effImprove=1 updated=0
    [CG] 列生成收敛，共 22 轮迭代
    [CG] [CG-NODE] depth=0 exit=CERTIFIED certified=1 feasible=1 iters=22 generatedColsBeforeNode=0 newCols=297 posCandidates=299 duplicateCandidates=2 updatedCols=2 zeroObjImproveIters=9 objFirst=950730.296948 objLast=2256535.867057 objGain=1305805.570109 maxRC=1370883.541876 wallSec=0.164283 pricingSec=0.151478 cplexSolveSec=0.008933
      [BB] 根节点即为整数解，obj=2256535.867057
