    [CG] 列生成开始，初始列数=310
    [CG] CG iter 1: obj=939531.068941, maxRC=1317131.296542, +30 cols
    [CG]   [DIAG] iter=1 posCols=30 newCols=30 effImprove=30 updated=0
    [CG] CG iter 2: obj=1738831.506409, maxRC=302068.114223, +23 cols
    [CG]   [DIAG] iter=2 posCols=23 newCols=23 effImprove=23 updated=0
    [CG] CG iter 3: obj=1809940.875374, maxRC=472963.209728, +27 cols
    [CG]   [DIAG] iter=3 posCols=27 newCols=27 effImprove=27 updated=0
    [CG] CG iter 4: obj=1980133.529163, maxRC=256566.836353, +22 cols
    [CG]   [DIAG] iter=4 posCols=22 newCols=22 effImprove=22 updated=0
    [CG] CG iter 5: obj=1980133.529163, maxRC=181140.232615, +18 cols
    [CG]   [DIAG] iter=5 posCols=18 newCols=18 effImprove=18 updated=0
    [CG] CG iter 6: obj=1980133.529163, maxRC=293903.031292, +21 cols
    [CG]   [DIAG] iter=6 posCols=21 newCols=21 effImprove=21 updated=0
    [CG] CG iter 7: obj=2043571.792255, maxRC=167831.057707, +20 cols
    [CG]   [DIAG] iter=7 posCols=20 newCols=20 effImprove=20 updated=0
    [CG] CG iter 8: obj=2068359.573290, maxRC=134413.858609, +19 cols
    [CG]   [DIAG] iter=8 posCols=19 newCols=18 effImprove=19 updated=1
    [CG] CG iter 9: obj=2122450.850628, maxRC=130536.347570, +18 cols
    [CG]   [DIAG] iter=9 posCols=18 newCols=18 effImprove=18 updated=0
    [CG] CG iter 10: obj=2122450.850628, maxRC=109649.183775, +18 cols
    [CG]   [DIAG] iter=10 posCols=18 newCols=18 effImprove=18 updated=0
    [CG] CG iter 11: obj=2130513.051146, maxRC=88659.737185, +13 cols
    [CG]   [DIAG] iter=11 posCols=13 newCols=13 effImprove=13 updated=0
    [CG] CG iter 12: obj=2161302.778927, maxRC=68169.301102, +18 cols
    [CG]   [DIAG] iter=12 posCols=18 newCols=18 effImprove=18 updated=0
    [CG] CG iter 13: obj=2181412.738629, maxRC=46084.238227, +16 cols
    [CG]   [DIAG] iter=13 posCols=16 newCols=16 effImprove=16 updated=0
    [CG] CG iter 14: obj=2194267.543695, maxRC=31013.304760, +13 cols
    [CG]   [DIAG] iter=14 posCols=13 newCols=12 effImprove=13 updated=1
    [CG] CG iter 15: obj=2209647.991864, maxRC=18647.009121, +14 cols
    [CG]   [DIAG] iter=15 posCols=14 newCols=13 effImprove=14 updated=1
    [CG] CG iter 16: obj=2213525.778405, maxRC=22251.735085, +11 cols
    [CG]   [DIAG] iter=16 posCols=11 newCols=11 effImprove=11 updated=0
    [CG] CG iter 17: obj=2214512.140862, maxRC=11834.798573, +9 cols
    [CG]   [DIAG] iter=17 posCols=9 newCols=9 effImprove=9 updated=0
    [CG] CG iter 18: obj=2223169.808079, maxRC=8441.544191, +7 cols
    [CG]   [DIAG] iter=18 posCols=7 newCols=7 effImprove=7 updated=0
    [CG] CG iter 19: obj=2229608.308231, maxRC=6331.805036, +7 cols
    [CG]   [DIAG] iter=19 posCols=7 newCols=7 effImprove=7 updated=0
    [CG] CG iter 20: obj=2229608.308231, maxRC=420.644093, +2 cols
    [CG]   [DIAG] iter=20 posCols=2 newCols=2 effImprove=2 updated=0
    [CG] 列生成收敛，共 21 轮迭代
    [CG] [CG-NODE] depth=0 exit=CERTIFIED certified=1 feasible=1 iters=21 generatedColsBeforeNode=0 newCols=323 posCandidates=326 duplicateCandidates=3 updatedCols=3 zeroObjImproveIters=5 objFirst=939531.068941 objLast=2229608.308231 objGain=1290077.239290 maxRC=1317131.296542 wallSec=0.209629 pricingSec=0.177239 cplexSolveSec=0.010416
      [BB] 根节点即为整数解，obj=2229608.308231
