    [CG] 列生成开始，初始列数=310
    [CG] CG iter 1: obj=784207.188630, maxRC=979426.910720, +27 cols
    [CG]   [DIAG] iter=1 posCols=27 newCols=27 effImprove=27 updated=0
    [CG] CG iter 2: obj=1384996.548975, maxRC=240214.257547, +26 cols
    [CG]   [DIAG] iter=2 posCols=26 newCols=26 effImprove=26 updated=0
    [CG] CG iter 3: obj=1549628.554528, maxRC=394602.688921, +27 cols
    [CG]   [DIAG] iter=3 posCols=27 newCols=27 effImprove=27 updated=0
    [CG] CG iter 4: obj=1632841.925079, maxRC=292499.035820, +24 cols
    [CG]   [DIAG] iter=4 posCols=24 newCols=24 effImprove=24 updated=0
    [CG] CG iter 5: obj=1677278.795366, maxRC=103754.885944, +21 cols
    [CG]   [DIAG] iter=5 posCols=21 newCols=21 effImprove=21 updated=0
    [CG] CG iter 6: obj=1740116.621195, maxRC=144784.460855, +22 cols
    [CG]   [DIAG] iter=6 posCols=22 newCols=22 effImprove=22 updated=0
    [CG] CG iter 7: obj=1805604.572048, maxRC=73748.921594, +17 cols
    [CG]   [DIAG] iter=7 posCols=17 newCols=15 effImprove=17 updated=2
    [CG] CG iter 8: obj=1833271.938319, maxRC=43978.103566, +17 cols
    [CG]   [DIAG] iter=8 posCols=17 newCols=17 effImprove=17 updated=0
    [CG] CG iter 9: obj=1849832.699817, maxRC=29926.686885, +13 cols
    [CG]   [DIAG] iter=9 posCols=13 newCols=13 effImprove=13 updated=0
    [CG] CG iter 10: obj=1881899.957739, maxRC=8053.359152, +8 cols
    [CG]   [DIAG] iter=10 posCols=8 newCols=8 effImprove=8 updated=0
    [CG] CG iter 11: obj=1881899.957739, maxRC=5166.661570, +7 cols
    [CG]   [DIAG] iter=11 posCols=7 newCols=7 effImprove=7 updated=0
    [CG] CG iter 12: obj=1881899.957739, maxRC=909.018954, +1 cols
    [CG]   [DIAG] iter=12 posCols=1 newCols=1 effImprove=1 updated=0
    [CG] 列生成收敛，共 13 轮迭代
    [CG] [CG-NODE] depth=0 exit=CERTIFIED certified=1 feasible=1 iters=13 generatedColsBeforeNode=0 newCols=208 posCandidates=210 duplicateCandidates=2 updatedCols=2 zeroObjImproveIters=3 objFirst=784207.188630 objLast=1881899.957739 objGain=1097692.769109 maxRC=979426.910720 wallSec=0.118212 pricingSec=0.093497 cplexSolveSec=0.005289
      [BB] 根节点即为整数解，obj=1881899.957739
