    [CG] 列生成开始，初始列数=310
    [CG] CG iter 1: obj=761065.162690, maxRC=976469.099257, +30 cols
    [CG]   [DIAG] iter=1 posCols=30 newCols=30 effImprove=30 updated=0
    [CG] CG iter 2: obj=1392398.089700, maxRC=236127.534552, +24 cols
    [CG]   [DIAG] iter=2 posCols=24 newCols=24 effImprove=24 updated=0
    [CG] CG iter 3: obj=1563640.901514, maxRC=391760.451172, +19 cols
    [CG]   [DIAG] iter=3 posCols=19 newCols=19 effImprove=19 updated=0
    [CG] CG iter 4: obj=1668651.661185, maxRC=259891.054588, +23 cols
    [CG]   [DIAG] iter=4 posCols=23 newCols=23 effImprove=23 updated=0
    [CG] CG iter 5: obj=1708056.900643, maxRC=106476.365052, +18 cols
    [CG]   [DIAG] iter=5 posCols=18 newCols=17 effImprove=18 updated=1
    [CG] CG iter 6: obj=1775245.051516, maxRC=117502.675822, +18 cols
    [CG]   [DIAG] iter=6 posCols=18 newCols=18 effImprove=18 updated=0
    [CG] CG iter 7: obj=1793706.910021, maxRC=105512.041622, +18 cols
    [CG]   [DIAG] iter=7 posCols=18 newCols=18 effImprove=18 updated=0
    [CG] CG iter 8: obj=1816698.118505, maxRC=13642.929951, +14 cols
    [CG]   [DIAG] iter=8 posCols=14 newCols=14 effImprove=14 updated=0
    [CG] CG iter 9: obj=1837349.273201, maxRC=2988.410461, +6 cols
    [CG]   [DIAG] iter=9 posCols=6 newCols=6 effImprove=6 updated=0
    [CG] CG iter 10: obj=1837349.273201, maxRC=416.778436, +1 cols
    [CG]   [DIAG] iter=10 posCols=1 newCols=1 effImprove=1 updated=0
    [CG] 列生成收敛，共 11 轮迭代
    [CG] [CG-NODE] depth=0 exit=CERTIFIED certified=1 feasible=1 iters=11 generatedColsBeforeNode=0 newCols=170 posCandidates=171 duplicateCandidates=1 updatedCols=1 zeroObjImproveIters=2 objFirst=761065.162690 objLast=1837349.273201 objGain=1076284.110511 maxRC=976469.099257 wallSec=0.108917 pricingSec=0.100685 cplexSolveSec=0.004561
      [BB] 根节点即为整数解，obj=1837349.273201
