    [CG] 列生成开始，初始列数=310
    [CG] CG iter 1: obj=826165.030273, maxRC=1010066.655626, +30 cols
    [CG]   [DIAG] iter=1 posCols=30 newCols=30 effImprove=30 updated=0
    [CG] CG iter 2: obj=1400811.563482, maxRC=245547.739580, +27 cols
    [CG]   [DIAG] iter=2 posCols=27 newCols=27 effImprove=27 updated=0
    [CG] CG iter 3: obj=1564804.290824, maxRC=335540.814150, +24 cols
    [CG]   [DIAG] iter=3 posCols=24 newCols=24 effImprove=24 updated=0
    [CG] CG iter 4: obj=1668156.472766, maxRC=250490.758608, +23 cols
    [CG]   [DIAG] iter=4 posCols=23 newCols=23 effImprove=23 updated=0
    [CG] CG iter 5: obj=1747003.379083, maxRC=104387.848879, +23 cols
    [CG]   [DIAG] iter=5 posCols=23 newCols=22 effImprove=23 updated=1
    [CG] CG iter 6: obj=1813774.617852, maxRC=117234.465319, +16 cols
    [CG]   [DIAG] iter=6 posCols=16 newCols=16 effImprove=16 updated=0
    [CG] CG iter 7: obj=1817009.825683, maxRC=63552.260282, +10 cols
    [CG]   [DIAG] iter=7 posCols=10 newCols=10 effImprove=10 updated=0
    [CG] CG iter 8: obj=1852647.342692, maxRC=47541.359450, +9 cols
    [CG]   [DIAG] iter=8 posCols=9 newCols=9 effImprove=9 updated=0
    [CG] CG iter 9: obj=1852647.342692, maxRC=60372.332321, +6 cols
    [CG]   [DIAG] iter=9 posCols=6 newCols=6 effImprove=6 updated=0
    [CG] CG iter 10: obj=1852647.342692, maxRC=30284.611626, +6 cols
    [CG]   [DIAG] iter=10 posCols=6 newCols=6 effImprove=6 updated=0
    [CG] CG iter 11: obj=1852647.342692, maxRC=25078.586460, +8 cols
    [CG]   [DIAG] iter=11 posCols=8 newCols=8 effImprove=8 updated=0
    [CG] CG iter 12: obj=1861149.811968, maxRC=8713.761412, +4 cols
    [CG]   [DIAG] iter=12 posCols=4 newCols=4 effImprove=4 updated=0
    [CG] 列生成收敛，共 13 轮迭代
    [CG] [CG-NODE] depth=0 exit=CERTIFIED certified=1 feasible=1 iters=13 generatedColsBeforeNode=0 newCols=185 posCandidates=186 duplicateCandidates=1 updatedCols=1 zeroObjImproveIters=3 objFirst=826165.030273 objLast=1868814.697176 objGain=1042649.666904 maxRC=1010066.655626 wallSec=0.103236 pricingSec=0.093992 cplexSolveSec=0.005377
      [BB] 根节点即为整数解，obj=1868814.697176
