    [CG] 列生成开始，初始列数=310
    [CG] CG iter 1: obj=811753.414457, maxRC=1015896.923527, +30 cols
    [CG]   [DIAG] iter=1 posCols=30 newCols=30 effImprove=30 updated=0
    [CG] CG iter 2: obj=1414050.611373, maxRC=235461.598889, +24 cols
    [CG]   [DIAG] iter=2 posCols=24 newCols=24 effImprove=24 updated=0
    [CG] CG iter 3: obj=1585221.606769, maxRC=388456.397760, +18 cols
    [CG]   [DIAG] iter=3 posCols=18 newCols=18 effImprove=18 updated=0
    [CG] CG iter 4: obj=1698034.707803, maxRC=146361.618593, +23 cols
    [CG]   [DIAG] iter=4 posCols=23 newCols=23 effImprove=23 updated=0
    [CG] CG iter 5: obj=1766335.751832, maxRC=136736.951126, +21 cols
    [CG]   [DIAG] iter=5 posCols=21 newCols=21 effImprove=21 updated=0
    [CG] CG iter 6: obj=1792537.801562, maxRC=117985.595776, +15 cols
    [CG]   [DIAG] iter=6 posCols=15 newCols=15 effImprove=15 updated=0
    [CG] CG iter 7: obj=1855196.594089, maxRC=31257.130723, +16 cols
    [CG]   [DIAG] iter=7 posCols=16 newCols=16 effImprove=16 updated=0
    [CG] CG iter 8: obj=1865401.063310, maxRC=37560.929261, +12 cols
    [CG]   [DIAG] iter=8 posCols=12 newCols=12 effImprove=12 updated=0
    [CG] CG iter 9: obj=1878059.994407, maxRC=12877.480882, +7 cols
    [CG]   [DIAG] iter=9 posCols=7 newCols=7 effImprove=7 updated=0
    [CG] CG iter 10: obj=1890937.475288, maxRC=3410.296979, +4 cols
    [CG]   [DIAG] iter=10 posCols=4 newCols=4 effImprove=4 updated=0
    [CG] CG iter 11: obj=1890937.475288, maxRC=627.710343, +1 cols
    [CG]   [DIAG] iter=11 posCols=1 newCols=1 effImprove=1 updated=0
    [CG] 列生成收敛，共 12 轮迭代
    [CG] [CG-NODE] depth=0 exit=CERTIFIED certified=1 feasible=1 iters=12 generatedColsBeforeNode=0 newCols=171 posCandidates=171 duplicateCandidates=0 updatedCols=0 zeroObjImproveIters=2 objFirst=811753.414457 objLast=1890937.475288 objGain=1079184.060831 maxRC=1015896.923527 wallSec=0.086649 pricingSec=0.080536 cplexSolveSec=0.003927
      [BB] 根节点即为整数解，obj=1890937.475288
