    [CG] 列生成开始，初始列数=310
    [CG] CG iter 1: obj=783585.132900, maxRC=979353.517697, +30 cols
    [CG]   [DIAG] iter=1 posCols=30 newCols=30 effImprove=30 updated=0
    [CG] CG iter 2: obj=1371258.707761, maxRC=237266.536846, +25 cols
    [CG]   [DIAG] iter=2 posCols=25 newCols=25 effImprove=25 updated=0
    [CG] CG iter 3: obj=1537229.757086, maxRC=356076.659974, +20 cols
    [CG]   [DIAG] iter=3 posCols=20 newCols=20 effImprove=20 updated=0
    [CG] CG iter 4: obj=1662515.167180, maxRC=203541.727321, +24 cols
    [CG]   [DIAG] iter=4 posCols=24 newCols=24 effImprove=24 updated=0
    [CG] CG iter 5: obj=1739804.471374, maxRC=109871.017770, +22 cols
    [CG]   [DIAG] iter=5 posCols=22 newCols=22 effImprove=22 updated=0
    [CG] CG iter 6: obj=1748900.797854, maxRC=122791.222057, +19 cols
    [CG]   [DIAG] iter=6 posCols=19 newCols=19 effImprove=19 updated=0
    [CG] CG iter 7: obj=1783461.213183, maxRC=80279.450595, +16 cols
    [CG]   [DIAG] iter=7 posCols=16 newCols=16 effImprove=16 updated=0
    [CG] CG iter 8: obj=1788835.254382, maxRC=53474.385296, +14 cols
    [CG]   [DIAG] iter=8 posCols=14 newCols=14 effImprove=14 updated=0
    [CG] CG iter 9: obj=1800147.355351, maxRC=61449.180997, +13 cols
    [CG]   [DIAG] iter=9 posCols=13 newCols=13 effImprove=13 updated=0
    [CG] CG iter 10: obj=1829429.055857, maxRC=16265.367605, +13 cols
    [CG]   [DIAG] iter=10 posCols=13 newCols=13 effImprove=13 updated=0
    [CG] CG iter 11: obj=1829429.055857, maxRC=10909.447235, +1 cols
    [CG]   [DIAG] iter=11 posCols=1 newCols=1 effImprove=1 updated=0
    [CG] CG iter 12: obj=1829429.055857, maxRC=7123.655959, +5 cols
    [CG]   [DIAG] iter=12 posCols=5 newCols=5 effImprove=5 updated=0
    [CG] 列生成收敛，共 13 轮迭代
    [CG] [CG-NODE] depth=0 exit=CERTIFIED certified=1 feasible=1 iters=13 generatedColsBeforeNode=0 newCols=202 posCandidates=202 duplicateCandidates=0 updatedCols=0 zeroObjImproveIters=2 objFirst=783585.132900 objLast=1835283.013451 objGain=1051697.880551 maxRC=979353.517697 wallSec=0.098648 pricingSec=0.089048 cplexSolveSec=0.005686
      [BB] 根节点即为整数解，obj=1835283.013451
