    [CG] 列生成开始，初始列数=310
    [CG] CG iter 1: obj=848505.389004, maxRC=980319.155682, +30 cols
    [CG]   [DIAG] iter=1 posCols=30 newCols=30 effImprove=30 updated=0
    [CG] CG iter 2: obj=1396496.857551, maxRC=242728.504008, +27 cols
    [CG]   [DIAG] iter=2 posCols=27 newCols=27 effImprove=27 updated=0
    [CG] CG iter 3: obj=1590327.188416, maxRC=412910.859847, +24 cols
    [CG]   [DIAG] iter=3 posCols=24 newCols=24 effImprove=24 updated=0
    [CG] CG iter 4: obj=1656096.356481, maxRC=250394.212372, +29 cols
    [CG]   [DIAG] iter=4 posCols=29 newCols=29 effImprove=29 updated=0
    [CG] CG iter 5: obj=1761791.905465, maxRC=125066.052638, +22 cols
    [CG]   [DIAG] iter=5 posCols=22 newCols=21 effImprove=22 updated=1
    [CG] CG iter 6: obj=1857689.396189, maxRC=87999.519911, +19 cols
    [CG]   [DIAG] iter=6 posCols=19 newCols=19 effImprove=19 updated=0
    [CG] CG iter 7: obj=1864286.785968, maxRC=30352.695352, +11 cols
    [CG]   [DIAG] iter=7 posCols=11 newCols=11 effImprove=11 updated=0
    [CG] CG iter 8: obj=1890898.647922, maxRC=16846.107447, +7 cols
    [CG]   [DIAG] iter=8 posCols=7 newCols=7 effImprove=7 updated=0
    [CG] CG iter 9: obj=1895672.750670, maxRC=15973.581987, +5 cols
    [CG]   [DIAG] iter=9 posCols=5 newCols=5 effImprove=5 updated=0
    [CG] CG iter 10: obj=1895672.750670, maxRC=4521.457631, +4 cols
    [CG]   [DIAG] iter=10 posCols=4 newCols=4 effImprove=4 updated=0
    [CG] CG iter 11: obj=1895672.750670, maxRC=3175.150315, +1 cols
    [CG]   [DIAG] iter=11 posCols=1 newCols=1 effImprove=1 updated=0
    [CG] 列生成收敛，共 12 轮迭代
    [CG] [CG-NODE] depth=0 exit=CERTIFIED certified=1 feasible=1 iters=12 generatedColsBeforeNode=0 newCols=178 posCandidates=179 duplicateCandidates=1 updatedCols=1 zeroObjImproveIters=3 objFirst=848505.389004 objLast=1895672.750670 objGain=1047167.361667 maxRC=980319.155682 wallSec=0.075557 pricingSec=0.069132 cplexSolveSec=0.004133
      [BB] 根节点即为整数解，obj=1895672.750670
