    [CG] 列生成开始，初始列数=310
    [CG] CG iter 1: obj=826773.787738, maxRC=985499.181068, +30 cols
    [CG]   [DIAG] iter=1 posCols=30 newCols=30 effImprove=30 updated=0
    [CG] CG iter 2: obj=1386468.531990, maxRC=245187.150411, +27 cols
    [CG]   [DIAG] iter=2 posCols=27 newCols=27 effImprove=27 updated=0
    [CG] CG iter 3: obj=1584333.419615, maxRC=287096.111953, +26 cols
    [CG]   [DIAG] iter=3 posCols=26 newCols=26 effImprove=26 updated=0
    [CG] CG iter 4: obj=1703678.887637, maxRC=175514.170310, +26 cols
    [CG]   [DIAG] iter=4 posCols=26 newCols=26 effImprove=26 updated=0
    [CG] CG iter 5: obj=1743947.399698, maxRC=176906.729352, +22 cols
    [CG]   [DIAG] iter=5 posCols=22 newCols=22 effImprove=22 updated=0
    [CG] CG iter 6: obj=1773760.084595, maxRC=72903.038355, +20 cols
    [CG]   [DIAG] iter=6 posCols=20 newCols=20 effImprove=20 updated=0
    [CG] CG iter 7: obj=1829445.541045, maxRC=50553.176123, +17 cols
    [CG]   [DIAG] iter=7 posCols=17 newCols=16 effImprove=17 updated=1
    [CG] CG iter 8: obj=1830927.431803, maxRC=44861.942752, +8 cols
    [CG]   [DIAG] iter=8 posCols=8 newCols=8 effImprove=8 updated=0
    [CG] CG iter 9: obj=1875789.374555, maxRC=24877.402394, +4 cols
    [CG]   [DIAG] iter=9 posCols=4 newCols=4 effImprove=4 updated=0
    [CG] CG iter 10: obj=1875789.374555, maxRC=264.086938, +2 cols
    [CG]   [DIAG] iter=10 posCols=2 newCols=1 effImprove=2 updated=1
    [CG] 列生成收敛，共 11 轮迭代
    [CG] [CG-NODE] depth=0 exit=CERTIFIED certified=1 feasible=1 iters=11 generatedColsBeforeNode=0 newCols=180 posCandidates=182 duplicateCandidates=2 updatedCols=2 zeroObjImproveIters=1 objFirst=826773.787738 objLast=1875928.125369 objGain=1049154.337630 maxRC=985499.181068 wallSec=0.097867 pricingSec=0.089076 cplexSolveSec=0.004964
      [BB] 根节点即为整数解，obj=1875928.125369
