    [CG] 列生成开始，初始列数=310
    [CG] CG iter 1: obj=856166.797604, maxRC=1003960.619494, +30 cols
    [CG]   [DIAG] iter=1 posCols=30 newCols=30 effImprove=30 updated=0
    [CG] CG iter 2: obj=1423859.931444, maxRC=241356.297074, +27 cols
    [CG]   [DIAG] iter=2 posCols=27 newCols=27 effImprove=27 updated=0
    [CG] CG iter 3: obj=1615708.736870, maxRC=372351.534534, +24 cols
    [CG]   [DIAG] iter=3 posCols=24 newCols=24 effImprove=24 updated=0
    [CG] CG iter 4: obj=1719923.877034, maxRC=160993.889847, +24 cols
    [CG]   [DIAG] iter=4 posCols=24 newCols=24 effImprove=24 updated=0
    [CG] CG iter 5: obj=1795352.136127, maxRC=164423.826306, +21 cols
    [CG]   [DIAG] iter=5 posCols=21 newCols=21 effImprove=21 updated=0
    [CG] CG iter 6: obj=1840640.532743, maxRC=131808.856662, +21 cols
    [CG]   [DIAG] iter=6 posCols=21 newCols=21 effImprove=21 updated=0
    [CG] CG iter 7: obj=1866266.170596, maxRC=83615.832310, +17 cols
    [CG]   [DIAG] iter=7 posCols=17 newCols=17 effImprove=17 updated=0
    [CG] CG iter 8: obj=1876062.683385, maxRC=51668.414655, +11 cols
    [CG]   [DIAG] iter=8 posCols=11 newCols=11 effImprove=11 updated=0
    [CG] CG iter 9: obj=1896372.847938, maxRC=15872.861589, +10 cols
    [CG]   [DIAG] iter=9 posCols=10 newCols=9 effImprove=10 updated=1
    [CG] CG iter 10: obj=1915574.928328, maxRC=9357.120173, +3 cols
    [CG]   [DIAG] iter=10 posCols=3 newCols=3 effImprove=3 updated=0
    [CG] 列生成收敛，共 11 轮迭代
    [CG] [CG-NODE] depth=0 exit=CERTIFIED certified=1 feasible=1 iters=11 generatedColsBeforeNode=0 newCols=187 posCandidates=188 duplicateCandidates=1 updatedCols=1 zeroObjImproveIters=0 objFirst=856166.797604 objLast=1916919.376957 objGain=1060752.579353 maxRC=1003960.619494 wallSec=0.081868 pricingSec=0.074672 cplexSolveSec=0.004416
      [BB] 根节点即为整数解，obj=1916919.376957
