    [CG] 列生成开始，初始列数=310
    [CG] CG iter 1: obj=833888.545012, maxRC=1007314.722292, +30 cols
    [CG]   [DIAG] iter=1 posCols=30 newCols=30 effImprove=30 updated=0
    [CG] CG iter 2: obj=1414550.621958, maxRC=236691.822244, +27 cols
    [CG]   [DIAG] iter=2 posCols=27 newCols=27 effImprove=27 updated=0
    [CG] CG iter 3: obj=1594141.096123, maxRC=385279.120541, +25 cols
    [CG]   [DIAG] iter=3 posCols=25 newCols=25 effImprove=25 updated=0
    [CG] CG iter 4: obj=1716736.881591, maxRC=253219.928223, +22 cols
    [CG]   [DIAG] iter=4 posCols=22 newCols=22 effImprove=22 updated=0
    [CG] CG iter 5: obj=1745137.061819, maxRC=119621.054756, +21 cols
    [CG]   [DIAG] iter=5 posCols=21 newCols=21 effImprove=21 updated=0
    [CG] CG iter 6: obj=1806757.387555, maxRC=90869.851224, +18 cols
    [CG]   [DIAG] iter=6 posCols=18 newCols=18 effImprove=18 updated=0
    [CG] CG iter 7: obj=1836275.273672, maxRC=36183.991914, +18 cols
    [CG]   [DIAG] iter=7 posCols=18 newCols=18 effImprove=18 updated=0
    [CG] CG iter 8: obj=1858380.482663, maxRC=24981.509768, +8 cols
    [CG]   [DIAG] iter=8 posCols=8 newCols=7 effImprove=8 updated=1
    [CG] CG iter 9: obj=1876293.916116, maxRC=19372.131152, +8 cols
    [CG]   [DIAG] iter=9 posCols=8 newCols=8 effImprove=8 updated=0
    [CG] CG iter 10: obj=1884447.182070, maxRC=5187.531939, +3 cols
    [CG]   [DIAG] iter=10 posCols=3 newCols=3 effImprove=3 updated=0
    [CG] CG iter 11: obj=1886201.219008, maxRC=5060.215206, +2 cols
    [CG]   [DIAG] iter=11 posCols=2 newCols=2 effImprove=2 updated=0
    [CG] CG iter 12: obj=1889507.397276, maxRC=4334.120608, +1 cols
    [CG]   [DIAG] iter=12 posCols=1 newCols=1 effImprove=1 updated=0
    [CG] 列生成收敛，共 13 轮迭代
    [CG] [CG-NODE] depth=0 exit=CERTIFIED certified=1 feasible=1 iters=13 generatedColsBeforeNode=0 newCols=182 posCandidates=183 duplicateCandidates=1 updatedCols=1 zeroObjImproveIters=1 objFirst=833888.545012 objLast=1889507.397276 objGain=1055618.852264 maxRC=1007314.722292 wallSec=0.099365 pricingSec=0.090352 cplexSolveSec=0.005142
      [BB] 根节点即为整数解，obj=1889507.397276
