    [CG] 列生成开始，初始列数=310
    [CG] CG iter 1: obj=830981.015057, maxRC=982116.487380, +30 cols
    [CG]   [DIAG] iter=1 posCols=30 newCols=30 effImprove=30 updated=0
    [CG] CG iter 2: obj=1390984.541799, maxRC=245099.464165, +27 cols
    [CG]   [DIAG] iter=2 posCols=27 newCols=27 effImprove=27 updated=0
    [CG] CG iter 3: obj=1560354.073479, maxRC=401713.015319, +25 cols
    [CG]   [DIAG] iter=3 posCols=25 newCols=25 effImprove=25 updated=0
    [CG] CG iter 4: obj=1691745.749149, maxRC=123446.912524, +23 cols
    [CG]   [DIAG] iter=4 posCols=23 newCols=23 effImprove=23 updated=0
    [CG] CG iter 5: obj=1781567.438772, maxRC=74503.994731, +22 cols
    [CG]   [DIAG] iter=5 posCols=22 newCols=22 effImprove=22 updated=0
    [CG] CG iter 6: obj=1812261.929860, maxRC=92852.461054, +12 cols
    [CG]   [DIAG] iter=6 posCols=12 newCols=12 effImprove=12 updated=0
    [CG] CG iter 7: obj=1829765.668393, maxRC=49718.365404, +11 cols
    [CG]   [DIAG] iter=7 posCols=11 newCols=11 effImprove=11 updated=0
    [CG] CG iter 8: obj=1879484.033797, maxRC=6510.779191, +6 cols
    [CG]   [DIAG] iter=8 posCols=6 newCols=5 effImprove=6 updated=1
    [CG] CG iter 9: obj=1879484.033797, maxRC=4120.381540, +5 cols
    [CG]   [DIAG] iter=9 posCols=5 newCols=5 effImprove=5 updated=0
    [CG] 列生成收敛，共 10 轮迭代
    [CG] [CG-NODE] depth=0 exit=CERTIFIED certified=1 feasible=1 iters=10 generatedColsBeforeNode=0 newCols=160 posCandidates=161 duplicateCandidates=1 updatedCols=1 zeroObjImproveIters=2 objFirst=830981.015057 objLast=1879484.033797 objGain=1048503.018740 maxRC=982116.487380 wallSec=0.081246 pricingSec=0.073262 cplexSolveSec=0.004410
      [BB] 根节点即为整数解，obj=1879484.033797
