    [CG] 列生成开始，初始列数=310
    [CG] CG iter 1: obj=663171.767647, maxRC=1007564.939134, +27 cols
    [CG]   [DIAG] iter=1 posCols=27 newCols=27 effImprove=27 updated=0
    [CG] CG iter 2: obj=1354643.582827, maxRC=236751.198071, +19 cols
    [CG]   [DIAG] iter=2 posCols=19 newCols=19 effImprove=19 updated=0
    [CG] CG iter 3: obj=1536409.398527, maxRC=373211.759429, +18 cols
    [CG]   [DIAG] iter=3 posCols=18 newCols=18 effImprove=18 updated=0
    [CG] CG iter 4: obj=1610236.818291, maxRC=366619.661479, +21 cols
    [CG]   [DIAG] iter=4 posCols=21 newCols=21 effImprove=21 updated=0
    [CG] CG iter 5: obj=1659248.222314, maxRC=168209.606083, +19 cols
    [CG]   [DIAG] iter=5 posCols=19 newCols=19 effImprove=19 updated=0
    [CG] CG iter 6: obj=1671951.527008, maxRC=152393.651858, +17 cols
    [CG]   [DIAG] iter=6 posCols=17 newCols=17 effImprove=17 updated=0
    [CG] CG iter 7: obj=1718224.192601, maxRC=105820.026749, +14 cols
    [CG]   [DIAG] iter=7 posCols=14 newCols=14 effImprove=14 updated=0
    [CG] CG iter 8: obj=1749596.769484, maxRC=128882.395701, +17 cols
    [CG]   [DIAG] iter=8 posCols=17 newCols=17 effImprove=17 updated=0
    [CG] CG iter 9: obj=1763118.948168, maxRC=77071.841372, +16 cols
    [CG]   [DIAG] iter=9 posCols=16 newCols=16 effImprove=16 updated=0
    [CG] CG iter 10: obj=1790668.597828, maxRC=44607.710148, +15 cols
    [CG]   [DIAG] iter=10 posCols=15 newCols=15 effImprove=15 updated=0
    [CG] CG iter 11: obj=1790668.597828, maxRC=20412.548360, +11 cols
    [CG]   [DIAG] iter=11 posCols=11 newCols=11 effImprove=11 updated=0
    [CG] CG iter 12: obj=1811081.146188, maxRC=6910.898344, +7 cols
    [CG]   [DIAG] iter=12 posCols=7 newCols=4 effImprove=7 updated=3
    [CG] CG iter 13: obj=1811081.146188, maxRC=6624.533983, +1 cols
    [CG]   [DIAG] iter=13 posCols=1 newCols=1 effImprove=1 updated=0
    [CG] CG iter 14: obj=1811081.146188, maxRC=6054.816482, +2 cols
    [CG]   [DIAG] iter=14 posCols=2 newCols=1 effImprove=2 updated=1
    [CG] 列生成收敛，共 15 轮迭代
    [CG] [CG-NODE] depth=0 exit=CERTIFIED certified=1 feasible=1 iters=15 generatedColsBeforeNode=0 newCols=200 posCandidates=204 duplicateCandidates=4 updatedCols=4 zeroObjImproveIters=4 objFirst=663171.767647 objLast=1811081.146188 objGain=1147909.378541 maxRC=1007564.939134 wallSec=0.148914 pricingSec=0.138516 cplexSolveSec=0.006170
      [BB] 根节点即为整数解，obj=1811081.146188
