    [CG] 列生成开始，初始列数=310
    [CG] CG iter 1: obj=809954.863691, maxRC=992732.652786, +30 cols
    [CG]   [DIAG] iter=1 posCols=30 newCols=30 effImprove=30 updated=0
    [CG] CG iter 2: obj=1374663.940612, maxRC=238744.917208, +27 cols
    [CG]   [DIAG] iter=2 posCols=27 newCols=27 effImprove=27 updated=0
    [CG] CG iter 3: obj=1532728.090485, maxRC=415639.013290, +24 cols
    [CG]   [DIAG] iter=3 posCols=24 newCols=24 effImprove=24 updated=0
    [CG] CG iter 4: obj=1658319.494806, maxRC=173125.374728, +23 cols
    [CG]   [DIAG] iter=4 posCols=23 newCols=23 effImprove=23 updated=0
    [CG] CG iter 5: obj=1704940.184020, maxRC=146805.597545, +25 cols
    [CG]   [DIAG] iter=5 posCols=25 newCols=25 effImprove=25 updated=0
    [CG] CG iter 6: obj=1767265.611414, maxRC=79196.466540, +18 cols
    [CG]   [DIAG] iter=6 posCols=18 newCols=18 effImprove=18 updated=0
    [CG] CG iter 7: obj=1785094.400673, maxRC=55063.622144, +14 cols
    [CG]   [DIAG] iter=7 posCols=14 newCols=14 effImprove=14 updated=0
    [CG] CG iter 8: obj=1843124.076601, maxRC=36796.846820, +13 cols
    [CG]   [DIAG] iter=8 posCols=13 newCols=12 effImprove=13 updated=1
    [CG] CG iter 9: obj=1843124.076601, maxRC=13867.080881, +8 cols
    [CG]   [DIAG] iter=9 posCols=8 newCols=7 effImprove=8 updated=1
    [CG] CG iter 10: obj=1843124.076601, maxRC=6189.871994, +4 cols
    [CG]   [DIAG] iter=10 posCols=4 newCols=4 effImprove=4 updated=0
    [CG] CG iter 11: obj=1849313.948594, maxRC=141.111741, +1 cols
    [CG]   [DIAG] iter=11 posCols=1 newCols=1 effImprove=1 updated=0
    [CG] 列生成收敛，共 12 轮迭代
    [CG] [CG-NODE] depth=0 exit=CERTIFIED certified=1 feasible=1 iters=12 generatedColsBeforeNode=0 newCols=185 posCandidates=187 duplicateCandidates=2 updatedCols=2 zeroObjImproveIters=3 objFirst=809954.863691 objLast=1849313.948594 objGain=1039359.084903 maxRC=992732.652786 wallSec=0.097647 pricingSec=0.090244 cplexSolveSec=0.004528
      [BB] 根节点即为整数解，obj=1849313.948594
