    [CG] 列生成开始，初始列数=310
    [CG] CG iter 1: obj=853619.469545, maxRC=981609.832736, +30 cols
    [CG]   [DIAG] iter=1 posCols=30 newCols=30 effImprove=30 updated=0
    [CG] CG iter 2: obj=1402089.250801, maxRC=243580.244534, +27 cols
    [CG]   [DIAG] iter=2 posCols=27 newCols=27 effImprove=27 updated=0
    [CG] CG iter 3: obj=1597059.341283, maxRC=377056.429179, +24 cols
    [CG]   [DIAG] iter=3 posCols=24 newCols=24 effImprove=24 updated=0
    [CG] CG iter 4: obj=1688416.057541, maxRC=250953.872113, +27 cols
    [CG]   [DIAG] iter=4 posCols=27 newCols=27 effImprove=27 updated=0
    [CG] CG iter 5: obj=1767922.248203, maxRC=142724.871399, +20 cols
    [CG]   [DIAG] iter=5 posCols=20 newCols=20 effImprove=20 updated=0
    [CG] CG iter 6: obj=1803868.320604, maxRC=114671.951067, +19 cols
    [CG]   [DIAG] iter=6 posCols=19 newCols=19 effImprove=19 updated=0
    [CG] CG iter 7: obj=1870814.158603, maxRC=81461.800729, +14 cols
    [CG]   [DIAG] iter=7 posCols=14 newCols=14 effImprove=14 updated=0
    [CG] CG iter 8: obj=1870814.158603, maxRC=71281.896005, +15 cols
    [CG]   [DIAG] iter=8 posCols=15 newCols=14 effImprove=15 updated=1
    [CG] CG iter 9: obj=1874825.302042, maxRC=30679.440432, +9 cols
    [CG]   [DIAG] iter=9 posCols=9 newCols=9 effImprove=9 updated=0
    [CG] CG iter 10: obj=1901763.909076, maxRC=12376.774339, +3 cols
    [CG]   [DIAG] iter=10 posCols=3 newCols=3 effImprove=3 updated=0
    [CG] CG iter 11: obj=1901763.909076, maxRC=1407.195147, +3 cols
    [CG]   [DIAG] iter=11 posCols=3 newCols=3 effImprove=3 updated=0
    [CG] 列生成收敛，共 12 轮迭代
    [CG] [CG-NODE] depth=0 exit=CERTIFIED certified=1 feasible=1 iters=12 generatedColsBeforeNode=0 newCols=190 posCandidates=191 duplicateCandidates=1 updatedCols=1 zeroObjImproveIters=3 objFirst=853619.469545 objLast=1901763.909076 objGain=1048144.439531 maxRC=981609.832736 wallSec=0.084439 pricingSec=0.076868 cplexSolveSec=0.004562
      [BB] 根节点即为整数解，obj=1901763.909076
