    [CG] 列生成开始，初始列数=310
    [CG] CG iter 1: obj=382277.593233, maxRC=873679.689896, +18 cols
    [CG]   [DIAG] iter=1 posCols=18 newCols=18 effImprove=18 updated=0
    [CG] CG iter 2: obj=1085972.883468, maxRC=541970.071906, +18 cols
    [CG]   [DIAG] iter=2 posCols=18 newCols=18 effImprove=18 updated=0
    [CG] CG iter 3: obj=1109909.423191, maxRC=509446.915098, +18 cols
    [CG]   [DIAG] iter=3 posCols=18 newCols=18 effImprove=18 updated=0
    [CG] CG iter 4: obj=1145830.080839, maxRC=338322.050007, +18 cols
    [CG]   [DIAG] iter=4 posCols=18 newCols=18 effImprove=18 updated=0
    [CG] CG iter 5: obj=1158236.008178, maxRC=249401.293242, +16 cols
    [CG]   [DIAG] iter=5 posCols=16 newCols=16 effImprove=16 updated=0
    [CG] CG iter 6: obj=1164073.604165, maxRC=377613.556706, +15 cols
    [CG]   [DIAG] iter=6 posCols=15 newCols=15 effImprove=15 updated=0
    [CG] CG iter 7: obj=1164073.604165, maxRC=329350.250166, +16 cols
    [CG]   [DIAG] iter=7 posCols=16 newCols=16 effImprove=16 updated=0
    [CG] CG iter 8: obj=1179751.678917, maxRC=223017.370555, +16 cols
    [CG]   [DIAG] iter=8 posCols=16 newCols=16 effImprove=16 updated=0
    [CG] CG iter 9: obj=1202549.400069, maxRC=167377.525937, +16 cols
    [CG]   [DIAG] iter=9 posCols=16 newCols=16 effImprove=16 updated=0
    [CG] CG iter 10: obj=1225064.049863, maxRC=136463.651311, +17 cols
    [CG]   [DIAG] iter=10 posCols=17 newCols=16 effImprove=17 updated=1
    [CG] CG iter 11: obj=1252038.300912, maxRC=139687.332401, +16 cols
    [CG]   [DIAG] iter=11 posCols=16 newCols=16 effImprove=16 updated=0
    [CG] CG iter 12: obj=1258035.716144, maxRC=90639.556780, +14 cols
    [CG]   [DIAG] iter=12 posCols=14 newCols=14 effImprove=14 updated=0
    [CG] CG iter 13: obj=1282273.077561, maxRC=80882.596281, +13 cols
    [CG]   [DIAG] iter=13 posCols=13 newCols=12 effImprove=13 updated=1
    [CG] CG iter 14: obj=1292455.926684, maxRC=63947.759493, +11 cols
    [CG]   [DIAG] iter=14 posCols=11 newCols=10 effImprove=11 updated=1
    [CG] CG iter 15: obj=1306836.482268, maxRC=54857.116740, +13 cols
    [CG]   [DIAG] iter=15 posCols=13 newCols=13 effImprove=13 updated=0
    [CG] CG iter 16: obj=1325860.360738, maxRC=33336.973965, +9 cols
    [CG]   [DIAG] iter=16 posCols=9 newCols=9 effImprove=9 updated=0
    [CG] CG iter 17: obj=1325860.360738, maxRC=45221.780369, +7 cols
    [CG]   [DIAG] iter=17 posCols=7 newCols=7 effImprove=7 updated=0
    [CG] CG iter 18: obj=1333020.218472, maxRC=33339.108622, +9 cols
    [CG]   [DIAG] iter=18 posCols=9 newCols=9 effImprove=9 updated=0
    [CG] CG iter 19: obj=1337176.025726, maxRC=16198.072445, +7 cols
    [CG]   [DIAG] iter=19 posCols=7 newCols=7 effImprove=7 updated=0
    [CG] CG iter 20: obj=1337176.025726, maxRC=11392.905744, +5 cols
    [CG]   [DIAG] iter=20 posCols=5 newCols=5 effImprove=5 updated=0
    [CG] CG iter 21: obj=1337176.025726, maxRC=34031.497395, +7 cols
    [CG]   [DIAG] iter=21 posCols=7 newCols=7 effImprove=7 updated=0
    [CG] CG iter 22: obj=1337951.606875, maxRC=10689.080074, +4 cols
    [CG]   [DIAG] iter=22 posCols=4 newCols=3 effImprove=4 updated=1
    [CG] CG iter 23: obj=1343036.604587, maxRC=4987.521691, +4 cols
    [CG]   [DIAG] iter=23 posCols=4 newCols=4 effImprove=4 updated=0
    [CG] CG iter 24: obj=1343036.604587, maxRC=3884.633090, +2 cols
    [CG]   [DIAG] iter=24 posCols=2 newCols=2 effImprove=2 updated=0
    [CG] CG iter 25: obj=1344007.762859, maxRC=1921.079321, +2 cols
    [CG]   [DIAG] iter=25 posCols=2 newCols=2 effImprove=2 updated=0
    [CG] CG iter 26: obj=1344648.122633, maxRC=934.563179, +3 cols
    [CG]   [DIAG] iter=26 posCols=3 newCols=3 effImprove=3 updated=0
    [CG] CG iter 27: obj=1345304.954623, maxRC=243.556644, +1 cols
    [CG]   [DIAG] iter=27 posCols=1 newCols=1 effImprove=1 updated=0
    [CG] 列生成收敛，共 28 轮迭代
    [CG] [CG-NODE] depth=0 exit=CERTIFIED certified=1 feasible=1 iters=28 generatedColsBeforeNode=0 newCols=291 posCandidates=295 duplicateCandidates=4 updatedCols=4 zeroObjImproveIters=6 objFirst=382277.593233 objLast=1345304.954623 objGain=963027.361390 maxRC=873679.689896 wallSec=0.693365 pricingSec=0.679328 cplexSolveSec=0.009342
      [BB] 根节点即为整数解，obj=1345304.954623
