    [CG] 列生成开始，初始列数=310
    [CG] CG iter 1: obj=799429.002252, maxRC=867548.943102, +30 cols
    [CG]   [DIAG] iter=1 posCols=30 newCols=30 effImprove=30 updated=0
    [CG] CG iter 2: obj=1270612.368111, maxRC=243587.088858, +27 cols
    [CG]   [DIAG] iter=2 posCols=27 newCols=27 effImprove=27 updated=0
    [CG] CG iter 3: obj=1467906.326243, maxRC=373169.438521, +27 cols
    [CG]   [DIAG] iter=3 posCols=27 newCols=27 effImprove=27 updated=0
    [CG] CG iter 4: obj=1641702.258187, maxRC=223688.690698, +30 cols
    [CG]   [DIAG] iter=4 posCols=30 newCols=30 effImprove=30 updated=0
    [CG] CG iter 5: obj=1641702.258187, maxRC=123870.158497, +22 cols
    [CG]   [DIAG] iter=5 posCols=22 newCols=22 effImprove=22 updated=0
    [CG] CG iter 6: obj=1669086.889945, maxRC=93584.509511, +22 cols
    [CG]   [DIAG] iter=6 posCols=22 newCols=22 effImprove=22 updated=0
    [CG] CG iter 7: obj=1699499.107271, maxRC=52678.434607, +21 cols
    [CG]   [DIAG] iter=7 posCols=21 newCols=19 effImprove=21 updated=2
    [CG] CG iter 8: obj=1715732.066788, maxRC=58419.399903, +14 cols
    [CG]   [DIAG] iter=8 posCols=14 newCols=13 effImprove=14 updated=1
    [CG] CG iter 9: obj=1739758.285406, maxRC=29220.793439, +13 cols
    [CG]   [DIAG] iter=9 posCols=13 newCols=13 effImprove=13 updated=0
    [CG] CG iter 10: obj=1747151.895099, maxRC=45181.006954, +10 cols
    [CG]   [DIAG] iter=10 posCols=10 newCols=9 effImprove=10 updated=1
    [CG] CG iter 11: obj=1765460.585139, maxRC=8644.357741, +9 cols
    [CG]   [DIAG] iter=11 posCols=9 newCols=8 effImprove=9 updated=1
    [CG] CG iter 12: obj=1769412.870016, maxRC=2241.535663, +2 cols
    [CG]   [DIAG] iter=12 posCols=2 newCols=1 effImprove=2 updated=1
    [CG] 列生成收敛，共 13 轮迭代
    [CG] [CG-NODE] depth=0 exit=CERTIFIED certified=1 feasible=1 iters=13 generatedColsBeforeNode=0 newCols=221 posCandidates=227 duplicateCandidates=6 updatedCols=6 zeroObjImproveIters=2 objFirst=799429.002252 objLast=1769412.870016 objGain=969983.867764 maxRC=867548.943102 wallSec=0.128663 pricingSec=0.119766 cplexSolveSec=0.005119
      [BB] 根节点即为整数解，obj=1769412.870016
