    [CG] 列生成开始，初始列数=310
    [CG] CG iter 1: obj=794814.734866, maxRC=2033049.667979, +30 cols
    [CG]   [DIAG] iter=1 posCols=30 newCols=30 effImprove=30 updated=0
    [CG] CG iter 2: obj=2177866.786983, maxRC=316714.448325, +19 cols
    [CG]   [DIAG] iter=2 posCols=19 newCols=19 effImprove=19 updated=0
    [CG] CG iter 3: obj=2212344.467497, maxRC=568513.277564, +22 cols
    [CG]   [DIAG] iter=3 posCols=22 newCols=22 effImprove=22 updated=0
    [CG] CG iter 4: obj=2212344.467497, maxRC=511058.822558, +21 cols
    [CG]   [DIAG] iter=4 posCols=21 newCols=21 effImprove=21 updated=0
    [CG] CG iter 5: obj=2212344.467497, maxRC=464134.830064, +22 cols
    [CG]   [DIAG] iter=5 posCols=22 newCols=22 effImprove=22 updated=0
    [CG] CG iter 6: obj=2277608.482243, maxRC=476604.788069, +20 cols
    [CG]   [DIAG] iter=6 posCols=20 newCols=20 effImprove=20 updated=0
    [CG] CG iter 7: obj=2302797.877549, maxRC=330648.124821, +13 cols
    [CG]   [DIAG] iter=7 posCols=13 newCols=13 effImprove=13 updated=0
    [CG] CG iter 8: obj=2314873.427272, maxRC=401114.998091, +18 cols
    [CG]   [DIAG] iter=8 posCols=18 newCols=18 effImprove=18 updated=0
    [CG] CG iter 9: obj=2333532.453815, maxRC=146885.265970, +15 cols
    [CG]   [DIAG] iter=9 posCols=15 newCols=15 effImprove=15 updated=0
    [CG] CG iter 10: obj=2353665.501909, maxRC=200361.756418, +14 cols
    [CG]   [DIAG] iter=10 posCols=14 newCols=13 effImprove=14 updated=1
    [CG] CG iter 11: obj=2363557.998345, maxRC=160846.294091, +12 cols
    [CG]   [DIAG] iter=11 posCols=12 newCols=12 effImprove=12 updated=0
    [CG] CG iter 12: obj=2368078.225410, maxRC=124577.524522, +11 cols
    [CG]   [DIAG] iter=12 posCols=11 newCols=11 effImprove=11 updated=0
    [CG] CG iter 13: obj=2378657.479646, maxRC=55092.124687, +12 cols
    [CG]   [DIAG] iter=13 posCols=12 newCols=12 effImprove=12 updated=0
    [CG] CG iter 14: obj=2388169.700199, maxRC=68452.493553, +11 cols
    [CG]   [DIAG] iter=14 posCols=11 newCols=11 effImprove=11 updated=0
    [CG] CG iter 15: obj=2405228.644671, maxRC=42276.576248, +9 cols
    [CG]   [DIAG] iter=15 posCols=9 newCols=9 effImprove=9 updated=0
    [CG] CG iter 16: obj=2416393.982672, maxRC=37602.933424, +9 cols
    [CG]   [DIAG] iter=16 posCols=9 newCols=9 effImprove=9 updated=0
    [CG] CG iter 17: obj=2416393.982672, maxRC=50198.630326, +10 cols
    [CG]   [DIAG] iter=17 posCols=10 newCols=8 effImprove=10 updated=2
    [CG] CG iter 18: obj=2417232.273458, maxRC=26618.415910, +9 cols
    [CG]   [DIAG] iter=18 posCols=9 newCols=9 effImprove=9 updated=0
    [CG] CG iter 19: obj=2417232.273458, maxRC=29403.776618, +8 cols
    [CG]   [DIAG] iter=19 posCols=8 newCols=7 effImprove=8 updated=1
    [CG] CG iter 20: obj=2419655.402668, maxRC=19200.371403, +9 cols
    [CG]   [DIAG] iter=20 posCols=9 newCols=9 effImprove=9 updated=0
    [CG] CG iter 21: obj=2434971.934796, maxRC=21137.433013, +5 cols
    [CG]   [DIAG] iter=21 posCols=5 newCols=5 effImprove=5 updated=0
    [CG] CG iter 22: obj=2434971.934796, maxRC=6909.723377, +5 cols
    [CG]   [DIAG] iter=22 posCols=5 newCols=5 effImprove=5 updated=0
    [CG] CG iter 23: obj=2434971.934796, maxRC=3052.821855, +3 cols
    [CG]   [DIAG] iter=23 posCols=3 newCols=3 effImprove=3 updated=0
    [CG] CG iter 24: obj=2438024.756651, maxRC=2166.995690, +3 cols
    [CG]   [DIAG] iter=24 posCols=3 newCols=3 effImprove=3 updated=0
    [CG] CG iter 25: obj=2438024.756651, maxRC=455.090726, +1 cols
    [CG]   [DIAG] iter=25 posCols=1 newCols=1 effImprove=1 updated=0
    [CG] CG iter 26: obj=2438024.756651, maxRC=259.393996, +1 cols
    [CG]   [DIAG] iter=26 posCols=1 newCols=1 effImprove=1 updated=0
    [CG] 列生成收敛，共 27 轮迭代
    [CG] [CG-NODE] depth=0 exit=CERTIFIED certified=1 feasible=1 iters=27 generatedColsBeforeNode=0 newCols=308 posCandidates=312 duplicateCandidates=4 updatedCols=4 zeroObjImproveIters=9 objFirst=794814.734866 objLast=2438024.756651 objGain=1643210.021785 maxRC=2033049.667979 wallSec=0.286529 pricingSec=0.272529 cplexSolveSec=0.009612
      [BB] 根节点即为整数解，obj=2438024.756651
