    [CG] 列生成开始，初始列数=310
    [CG] CG iter 1: obj=821705.980617, maxRC=957259.709744, +30 cols
    [CG]   [DIAG] iter=1 posCols=30 newCols=30 effImprove=30 updated=0
    [CG] CG iter 2: obj=1363604.588929, maxRC=250228.238806, +26 cols
    [CG]   [DIAG] iter=2 posCols=26 newCols=26 effImprove=26 updated=0
    [CG] CG iter 3: obj=1550051.048964, maxRC=361059.780553, +24 cols
    [CG]   [DIAG] iter=3 posCols=24 newCols=24 effImprove=24 updated=0
    [CG] CG iter 4: obj=1622474.626099, maxRC=265240.421627, +27 cols
    [CG]   [DIAG] iter=4 posCols=27 newCols=27 effImprove=27 updated=0
    [CG] CG iter 5: obj=1700220.175863, maxRC=112334.627923, +22 cols
    [CG]   [DIAG] iter=5 posCols=22 newCols=21 effImprove=22 updated=1
    [CG] CG iter 6: obj=1729741.203692, maxRC=116445.632133, +22 cols
    [CG]   [DIAG] iter=6 posCols=22 newCols=21 effImprove=22 updated=1
    [CG] CG iter 7: obj=1837818.129436, maxRC=44601.621103, +15 cols
    [CG]   [DIAG] iter=7 posCols=15 newCols=14 effImprove=15 updated=1
    [CG] CG iter 8: obj=1847814.363967, maxRC=67848.050502, +12 cols
    [CG]   [DIAG] iter=8 posCols=12 newCols=12 effImprove=12 updated=0
    [CG] CG iter 9: obj=1847814.363967, maxRC=20139.085104, +8 cols
    [CG]   [DIAG] iter=9 posCols=8 newCols=8 effImprove=8 updated=0
    [CG] CG iter 10: obj=1857942.564064, maxRC=9017.301754, +8 cols
    [CG]   [DIAG] iter=10 posCols=8 newCols=8 effImprove=8 updated=0
    [CG] CG iter 11: obj=1861423.391303, maxRC=2910.876415, +1 cols
    [CG]   [DIAG] iter=11 posCols=1 newCols=1 effImprove=1 updated=0
    [CG] 列生成收敛，共 12 轮迭代
    [CG] [CG-NODE] depth=0 exit=CERTIFIED certified=1 feasible=1 iters=12 generatedColsBeforeNode=0 newCols=192 posCandidates=195 duplicateCandidates=3 updatedCols=3 zeroObjImproveIters=2 objFirst=821705.980617 objLast=1861423.391303 objGain=1039717.410686 maxRC=957259.709744 wallSec=0.099848 pricingSec=0.089415 cplexSolveSec=0.006069
      [BB] 根节点即为整数解，obj=1861423.391303
