    [CG] 列生成开始，初始列数=310
    [CG] CG iter 1: obj=728566.795567, maxRC=979724.778437, +27 cols
    [CG]   [DIAG] iter=1 posCols=27 newCols=27 effImprove=27 updated=0
    [CG] CG iter 2: obj=1355666.716210, maxRC=236123.676032, +23 cols
    [CG]   [DIAG] iter=2 posCols=23 newCols=23 effImprove=23 updated=0
    [CG] CG iter 3: obj=1521163.833977, maxRC=403114.221491, +22 cols
    [CG]   [DIAG] iter=3 posCols=22 newCols=22 effImprove=22 updated=0
    [CG] CG iter 4: obj=1575991.880561, maxRC=314893.041547, +25 cols
    [CG]   [DIAG] iter=4 posCols=25 newCols=25 effImprove=25 updated=0
    [CG] CG iter 5: obj=1620111.145445, maxRC=166494.373684, +20 cols
    [CG]   [DIAG] iter=5 posCols=20 newCols=20 effImprove=20 updated=0
    [CG] CG iter 6: obj=1653037.095224, maxRC=156514.389457, +20 cols
    [CG]   [DIAG] iter=6 posCols=20 newCols=20 effImprove=20 updated=0
    [CG] CG iter 7: obj=1706232.095123, maxRC=138646.456070, +18 cols
    [CG]   [DIAG] iter=7 posCols=18 newCols=18 effImprove=18 updated=0
    [CG] CG iter 8: obj=1735627.393256, maxRC=73090.064534, +18 cols
    [CG]   [DIAG] iter=8 posCols=18 newCols=18 effImprove=18 updated=0
    [CG] CG iter 9: obj=1767209.462526, maxRC=29598.319573, +16 cols
    [CG]   [DIAG] iter=9 posCols=16 newCols=15 effImprove=16 updated=1
    [CG] CG iter 10: obj=1816467.348928, maxRC=13836.751408, +14 cols
    [CG]   [DIAG] iter=10 posCols=14 newCols=13 effImprove=14 updated=1
    [CG] CG iter 11: obj=1816467.348928, maxRC=5636.580156, +7 cols
    [CG]   [DIAG] iter=11 posCols=7 newCols=7 effImprove=7 updated=0
    [CG] CG iter 12: obj=1818480.704996, maxRC=8422.424325, +6 cols
    [CG]   [DIAG] iter=12 posCols=6 newCols=6 effImprove=6 updated=0
    [CG] CG iter 13: obj=1818480.704996, maxRC=2299.334933, +3 cols
    [CG]   [DIAG] iter=13 posCols=3 newCols=3 effImprove=3 updated=0
    [CG] CG iter 14: obj=1818480.704996, maxRC=173.439830, +1 cols
    [CG]   [DIAG] iter=14 posCols=1 newCols=1 effImprove=1 updated=0
    [CG] 列生成收敛，共 15 轮迭代
    [CG] [CG-NODE] depth=0 exit=CERTIFIED certified=1 feasible=1 iters=15 generatedColsBeforeNode=0 newCols=218 posCandidates=220 duplicateCandidates=2 updatedCols=2 zeroObjImproveIters=4 objFirst=728566.795567 objLast=1818480.704996 objGain=1089913.909429 maxRC=979724.778437 wallSec=0.102263 pricingSec=0.091734 cplexSolveSec=0.006296
      [BB] 根节点即为整数解，obj=1818480.704996
