    [CG] 列生成开始，初始列数=310
    [CG] CG iter 1: obj=935986.935875, maxRC=1698111.410411, +30 cols
    [CG]   [DIAG] iter=1 posCols=30 newCols=30 effImprove=30 updated=0
    [CG] CG iter 2: obj=2001384.924666, maxRC=245041.388114, +30 cols
    [CG]   [DIAG] iter=2 posCols=30 newCols=30 effImprove=30 updated=0
    [CG] CG iter 3: obj=2147508.163421, maxRC=537197.918918, +30 cols
    [CG]   [DIAG] iter=3 posCols=30 newCols=30 effImprove=30 updated=0
    [CG] CG iter 4: obj=2207402.840712, maxRC=292187.521332, +28 cols
    [CG]   [DIAG] iter=4 posCols=28 newCols=28 effImprove=28 updated=0
    [CG] CG iter 5: obj=2255730.043339, maxRC=198430.764158, +23 cols
    [CG]   [DIAG] iter=5 posCols=23 newCols=23 effImprove=23 updated=0
    [CG] CG iter 6: obj=2298507.355140, maxRC=115838.344849, +23 cols
    [CG]   [DIAG] iter=6 posCols=23 newCols=23 effImprove=23 updated=0
    [CG] CG iter 7: obj=2361591.807093, maxRC=108814.602788, +23 cols
    [CG]   [DIAG] iter=7 posCols=23 newCols=23 effImprove=23 updated=0
    [CG] CG iter 8: obj=2408343.042614, maxRC=87679.127229, +23 cols
    [CG]   [DIAG] iter=8 posCols=23 newCols=23 effImprove=23 updated=0
    [CG] CG iter 9: obj=2463350.014490, maxRC=94025.221019, +18 cols
    [CG]   [DIAG] iter=9 posCols=18 newCols=18 effImprove=18 updated=0
    [CG] CG iter 10: obj=2474082.841403, maxRC=47583.706736, +18 cols
    [CG]   [DIAG] iter=10 posCols=18 newCols=18 effImprove=18 updated=0
    [CG] CG iter 11: obj=2486859.731797, maxRC=50408.625128, +15 cols
    [CG]   [DIAG] iter=11 posCols=15 newCols=13 effImprove=15 updated=2
    [CG] CG iter 12: obj=2501341.670526, maxRC=27779.638849, +17 cols
    [CG]   [DIAG] iter=12 posCols=17 newCols=17 effImprove=17 updated=0
    [CG] CG iter 13: obj=2515270.237569, maxRC=14893.138679, +12 cols
    [CG]   [DIAG] iter=13 posCols=12 newCols=12 effImprove=12 updated=0
    [CG] CG iter 14: obj=2534850.702685, maxRC=16827.943551, +9 cols
    [CG]   [DIAG] iter=14 posCols=9 newCols=9 effImprove=9 updated=0
    [CG] CG iter 15: obj=2534850.702685, maxRC=11031.330793, +4 cols
    [CG]   [DIAG] iter=15 posCols=4 newCols=4 effImprove=4 updated=0
    [CG] CG iter 16: obj=2545882.033478, maxRC=7853.592566, +3 cols
    [CG]   [DIAG] iter=16 posCols=3 newCols=3 effImprove=3 updated=0
    [CG] 列生成收敛，共 17 轮迭代
    [CG] [CG-NODE] depth=0 exit=CERTIFIED certified=1 feasible=1 iters=17 generatedColsBeforeNode=0 newCols=304 posCandidates=306 duplicateCandidates=2 updatedCols=2 zeroObjImproveIters=2 objFirst=935986.935875 objLast=2545882.033478 objGain=1609895.097603 maxRC=1698111.410411 wallSec=0.239898 pricingSec=0.228205 cplexSolveSec=0.008195
      [BB] 根节点即为整数解，obj=2545882.033478
