    [CG] 列生成开始，初始列数=310
    [CG] CG iter 1: obj=930272.612631, maxRC=1720983.718716, +30 cols
    [CG]   [DIAG] iter=1 posCols=30 newCols=30 effImprove=30 updated=0
    [CG] CG iter 2: obj=2019513.282021, maxRC=238987.393157, +26 cols
    [CG]   [DIAG] iter=2 posCols=26 newCols=26 effImprove=26 updated=0
    [CG] CG iter 3: obj=2160958.028443, maxRC=471920.815883, +30 cols
    [CG]   [DIAG] iter=3 posCols=30 newCols=30 effImprove=30 updated=0
    [CG] CG iter 4: obj=2181921.618175, maxRC=488816.252832, +30 cols
    [CG]   [DIAG] iter=4 posCols=30 newCols=30 effImprove=30 updated=0
    [CG] CG iter 5: obj=2216906.470147, maxRC=223308.121491, +28 cols
    [CG]   [DIAG] iter=5 posCols=28 newCols=28 effImprove=28 updated=0
    [CG] CG iter 6: obj=2307715.184352, maxRC=116355.602713, +24 cols
    [CG]   [DIAG] iter=6 posCols=24 newCols=24 effImprove=24 updated=0
    [CG] CG iter 7: obj=2355916.035485, maxRC=111906.693531, +21 cols
    [CG]   [DIAG] iter=7 posCols=21 newCols=21 effImprove=21 updated=0
    [CG] CG iter 8: obj=2397049.065922, maxRC=84998.644336, +19 cols
    [CG]   [DIAG] iter=8 posCols=19 newCols=19 effImprove=19 updated=0
    [CG] CG iter 9: obj=2436841.898567, maxRC=92646.886372, +19 cols
    [CG]   [DIAG] iter=9 posCols=19 newCols=19 effImprove=19 updated=0
    [CG] CG iter 10: obj=2457721.336260, maxRC=45170.910931, +19 cols
    [CG]   [DIAG] iter=10 posCols=19 newCols=18 effImprove=19 updated=1
    [CG] CG iter 11: obj=2484652.625676, maxRC=27243.409136, +15 cols
    [CG]   [DIAG] iter=11 posCols=15 newCols=15 effImprove=15 updated=0
    [CG] CG iter 12: obj=2526750.526853, maxRC=10947.759408, +12 cols
    [CG]   [DIAG] iter=12 posCols=12 newCols=12 effImprove=12 updated=0
    [CG] CG iter 13: obj=2526750.526853, maxRC=7029.275283, +5 cols
    [CG]   [DIAG] iter=13 posCols=5 newCols=5 effImprove=5 updated=0
    [CG] CG iter 14: obj=2527518.802231, maxRC=5577.823023, +2 cols
    [CG]   [DIAG] iter=14 posCols=2 newCols=2 effImprove=2 updated=0
    [CG] CG iter 15: obj=2527518.802231, maxRC=610.079882, +1 cols
    [CG]   [DIAG] iter=15 posCols=1 newCols=1 effImprove=1 updated=0
    [CG] 列生成收敛，共 16 轮迭代
    [CG] [CG-NODE] depth=0 exit=CERTIFIED certified=1 feasible=1 iters=16 generatedColsBeforeNode=0 newCols=280 posCandidates=281 duplicateCandidates=1 updatedCols=1 zeroObjImproveIters=3 objFirst=930272.612631 objLast=2527518.802231 objGain=1597246.189600 maxRC=1720983.718716 wallSec=0.246953 pricingSec=0.233969 cplexSolveSec=0.008276
      [BB] 根节点即为整数解，obj=2527518.802231
