    [CG] 列生成开始，初始列数=310
    [CG] CG iter 1: obj=921819.641016, maxRC=1782761.098247, +30 cols
    [CG]   [DIAG] iter=1 posCols=30 newCols=30 effImprove=30 updated=0
    [CG] CG iter 2: obj=2066252.782784, maxRC=229377.195851, +27 cols
    [CG]   [DIAG] iter=2 posCols=27 newCols=27 effImprove=27 updated=0
    [CG] CG iter 3: obj=2192413.564084, maxRC=497029.561927, +30 cols
    [CG]   [DIAG] iter=3 posCols=30 newCols=30 effImprove=30 updated=0
    [CG] CG iter 4: obj=2288895.955933, maxRC=280636.510056, +27 cols
    [CG]   [DIAG] iter=4 posCols=27 newCols=27 effImprove=27 updated=0
    [CG] CG iter 5: obj=2380484.687490, maxRC=153249.832465, +26 cols
    [CG]   [DIAG] iter=5 posCols=26 newCols=26 effImprove=26 updated=0
    [CG] CG iter 6: obj=2380484.687490, maxRC=144087.632545, +25 cols
    [CG]   [DIAG] iter=6 posCols=25 newCols=25 effImprove=25 updated=0
    [CG] CG iter 7: obj=2392457.220377, maxRC=122127.401158, +23 cols
    [CG]   [DIAG] iter=7 posCols=23 newCols=22 effImprove=23 updated=1
    [CG] CG iter 8: obj=2434378.374020, maxRC=111345.611925, +22 cols
    [CG]   [DIAG] iter=8 posCols=22 newCols=22 effImprove=22 updated=0
    [CG] CG iter 9: obj=2484267.007637, maxRC=82557.643491, +20 cols
    [CG]   [DIAG] iter=9 posCols=20 newCols=20 effImprove=20 updated=0
    [CG] CG iter 10: obj=2501611.362368, maxRC=64703.390719, +20 cols
    [CG]   [DIAG] iter=10 posCols=20 newCols=20 effImprove=20 updated=0
    [CG] CG iter 11: obj=2514133.319993, maxRC=75355.721480, +18 cols
    [CG]   [DIAG] iter=11 posCols=18 newCols=18 effImprove=18 updated=0
    [CG] CG iter 12: obj=2517811.506565, maxRC=53791.480594, +18 cols
    [CG]   [DIAG] iter=12 posCols=18 newCols=18 effImprove=18 updated=0
    [CG] CG iter 13: obj=2523454.880028, maxRC=41039.808908, +14 cols
    [CG]   [DIAG] iter=13 posCols=14 newCols=14 effImprove=14 updated=0
    [CG] CG iter 14: obj=2541828.264574, maxRC=53608.329017, +20 cols
    [CG]   [DIAG] iter=14 posCols=20 newCols=19 effImprove=20 updated=1
    [CG] CG iter 15: obj=2560023.328774, maxRC=25339.419500, +11 cols
    [CG]   [DIAG] iter=15 posCols=11 newCols=11 effImprove=11 updated=0
    [CG] CG iter 16: obj=2565652.286269, maxRC=24381.104045, +8 cols
    [CG]   [DIAG] iter=16 posCols=8 newCols=8 effImprove=8 updated=0
    [CG] CG iter 17: obj=2566848.627200, maxRC=15509.723038, +7 cols
    [CG]   [DIAG] iter=17 posCols=7 newCols=7 effImprove=7 updated=0
    [CG] CG iter 18: obj=2580257.022337, maxRC=7903.582600, +4 cols
    [CG]   [DIAG] iter=18 posCols=4 newCols=4 effImprove=4 updated=0
    [CG] CG iter 19: obj=2580257.022337, maxRC=4812.080994, +3 cols
    [CG]   [DIAG] iter=19 posCols=3 newCols=3 effImprove=3 updated=0
    [CG] CG iter 20: obj=2580257.022337, maxRC=2578.434567, +3 cols
    [CG]   [DIAG] iter=20 posCols=3 newCols=3 effImprove=3 updated=0
    [CG] CG iter 21: obj=2580257.022337, maxRC=417.363833, +2 cols
    [CG]   [DIAG] iter=21 posCols=2 newCols=2 effImprove=2 updated=0
    [CG] 列生成收敛，共 22 轮迭代
    [CG] [CG-NODE] depth=0 exit=CERTIFIED certified=1 feasible=1 iters=22 generatedColsBeforeNode=0 newCols=356 posCandidates=358 duplicateCandidates=2 updatedCols=2 zeroObjImproveIters=5 objFirst=921819.641016 objLast=2580257.022337 objGain=1658437.381321 maxRC=1782761.098247 wallSec=0.282404 pricingSec=0.266547 cplexSolveSec=0.010198
      [BB] 根节点即为整数解，obj=2580257.022337
