    [CG] 列生成开始，初始列数=310
    [CG] CG iter 1: obj=914823.139113, maxRC=1428388.170159, +30 cols
    [CG]   [DIAG] iter=1 posCols=30 newCols=30 effImprove=30 updated=0
    [CG] CG iter 2: obj=1802232.997697, maxRC=258262.259186, +24 cols
    [CG]   [DIAG] iter=2 posCols=24 newCols=24 effImprove=24 updated=0
    [CG] CG iter 3: obj=1940817.246067, maxRC=453907.438581, +30 cols
    [CG]   [DIAG] iter=3 posCols=30 newCols=30 effImprove=30 updated=0
    [CG] CG iter 4: obj=2064577.070533, maxRC=168701.574305, +25 cols
    [CG]   [DIAG] iter=4 posCols=25 newCols=25 effImprove=25 updated=0
    [CG] CG iter 5: obj=2141700.203588, maxRC=142611.111588, +25 cols
    [CG]   [DIAG] iter=5 posCols=25 newCols=25 effImprove=25 updated=0
    [CG] CG iter 6: obj=2238866.112656, maxRC=125372.918243, +22 cols
    [CG]   [DIAG] iter=6 posCols=22 newCols=22 effImprove=22 updated=0
    [CG] CG iter 7: obj=2295364.347729, maxRC=83043.417738, +21 cols
    [CG]   [DIAG] iter=7 posCols=21 newCols=21 effImprove=21 updated=0
    [CG] CG iter 8: obj=2320329.852807, maxRC=66249.633575, +21 cols
    [CG]   [DIAG] iter=8 posCols=21 newCols=21 effImprove=21 updated=0
    [CG] CG iter 9: obj=2386579.486382, maxRC=39022.127534, +16 cols
    [CG]   [DIAG] iter=9 posCols=16 newCols=16 effImprove=16 updated=0
    [CG] CG iter 10: obj=2408796.772722, maxRC=41542.224338, +15 cols
    [CG]   [DIAG] iter=10 posCols=15 newCols=15 effImprove=15 updated=0
    [CG] CG iter 11: obj=2408796.772722, maxRC=44407.941705, +18 cols
    [CG]   [DIAG] iter=11 posCols=18 newCols=18 effImprove=18 updated=0
    [CG] CG iter 12: obj=2408796.772722, maxRC=23655.894211, +12 cols
    [CG]   [DIAG] iter=12 posCols=12 newCols=12 effImprove=12 updated=0
    [CG] CG iter 13: obj=2418722.791709, maxRC=15484.272288, +11 cols
    [CG]   [DIAG] iter=13 posCols=11 newCols=10 effImprove=11 updated=1
    [CG] CG iter 14: obj=2419845.785300, maxRC=9074.064535, +7 cols
    [CG]   [DIAG] iter=14 posCols=7 newCols=7 effImprove=7 updated=0
    [CG] CG iter 15: obj=2424112.980279, maxRC=5708.377819, +5 cols
    [CG]   [DIAG] iter=15 posCols=5 newCols=4 effImprove=5 updated=1
    [CG] CG iter 16: obj=2428206.058706, maxRC=6241.661977, +3 cols
    [CG]   [DIAG] iter=16 posCols=3 newCols=3 effImprove=3 updated=0
    [CG] CG iter 17: obj=2428206.058706, maxRC=2712.307933, +2 cols
    [CG]   [DIAG] iter=17 posCols=2 newCols=2 effImprove=2 updated=0
    [CG] 列生成收敛，共 18 轮迭代
    [CG] [CG-NODE] depth=0 exit=CERTIFIED certified=1 feasible=1 iters=18 generatedColsBeforeNode=0 newCols=285 posCandidates=287 duplicateCandidates=2 updatedCols=2 zeroObjImproveIters=4 objFirst=914823.139113 objLast=2428206.058706 objGain=1513382.919593 maxRC=1428388.170159 wallSec=0.179669 pricingSec=0.166401 cplexSolveSec=0.008479
      [BB] 根节点即为整数解，obj=2428206.058706
