    [CG] 列生成开始，初始列数=310
    [CG] CG iter 1: obj=920828.064518, maxRC=1783025.921752, +30 cols
    [CG]   [DIAG] iter=1 posCols=30 newCols=30 effImprove=30 updated=0
    [CG] CG iter 2: obj=2065147.478034, maxRC=233575.108331, +30 cols
    [CG]   [DIAG] iter=2 posCols=30 newCols=30 effImprove=30 updated=0
    [CG] CG iter 3: obj=2226189.642385, maxRC=519713.645164, +30 cols
    [CG]   [DIAG] iter=3 posCols=30 newCols=30 effImprove=30 updated=0
    [CG] CG iter 4: obj=2297740.067024, maxRC=178695.472904, +30 cols
    [CG]   [DIAG] iter=4 posCols=30 newCols=30 effImprove=30 updated=0
    [CG] CG iter 5: obj=2343747.521304, maxRC=140986.411901, +25 cols
    [CG]   [DIAG] iter=5 posCols=25 newCols=25 effImprove=25 updated=0
    [CG] CG iter 6: obj=2412709.181130, maxRC=91277.701313, +25 cols
    [CG]   [DIAG] iter=6 posCols=25 newCols=25 effImprove=25 updated=0
    [CG] CG iter 7: obj=2436784.258338, maxRC=101905.248942, +24 cols
    [CG]   [DIAG] iter=7 posCols=24 newCols=24 effImprove=24 updated=0
    [CG] CG iter 8: obj=2472447.068351, maxRC=68025.593000, +19 cols
    [CG]   [DIAG] iter=8 posCols=19 newCols=19 effImprove=19 updated=0
    [CG] CG iter 9: obj=2514608.747125, maxRC=53933.792051, +18 cols
    [CG]   [DIAG] iter=9 posCols=18 newCols=18 effImprove=18 updated=0
    [CG] CG iter 10: obj=2535738.300663, maxRC=47139.562859, +19 cols
    [CG]   [DIAG] iter=10 posCols=19 newCols=19 effImprove=19 updated=0
    [CG] CG iter 11: obj=2549752.031407, maxRC=40444.166715, +21 cols
    [CG]   [DIAG] iter=11 posCols=21 newCols=20 effImprove=21 updated=1
    [CG] CG iter 12: obj=2560692.154577, maxRC=32230.112430, +15 cols
    [CG]   [DIAG] iter=12 posCols=15 newCols=14 effImprove=15 updated=1
    [CG] CG iter 13: obj=2567483.868525, maxRC=11638.840908, +9 cols
    [CG]   [DIAG] iter=13 posCols=9 newCols=9 effImprove=9 updated=0
    [CG] CG iter 14: obj=2567483.868525, maxRC=19895.619543, +10 cols
    [CG]   [DIAG] iter=14 posCols=10 newCols=10 effImprove=10 updated=0
    [CG] CG iter 15: obj=2567483.868525, maxRC=8909.822914, +8 cols
    [CG]   [DIAG] iter=15 posCols=8 newCols=7 effImprove=8 updated=1
    [CG] CG iter 16: obj=2567483.868525, maxRC=3838.641908, +8 cols
    [CG]   [DIAG] iter=16 posCols=8 newCols=8 effImprove=8 updated=0
    [CG] CG iter 17: obj=2567483.868525, maxRC=6594.034142, +7 cols
    [CG]   [DIAG] iter=17 posCols=7 newCols=7 effImprove=7 updated=0
    [CG] CG iter 18: obj=2567483.868525, maxRC=318.640401, +1 cols
    [CG]   [DIAG] iter=18 posCols=1 newCols=1 effImprove=1 updated=0
    [CG] 列生成收敛，共 19 轮迭代
    [CG] [CG-NODE] depth=0 exit=CERTIFIED certified=1 feasible=1 iters=19 generatedColsBeforeNode=0 newCols=326 posCandidates=329 duplicateCandidates=3 updatedCols=3 zeroObjImproveIters=6 objFirst=920828.064518 objLast=2567483.868525 objGain=1646655.804006 maxRC=1783025.921752 wallSec=0.244101 pricingSec=0.231990 cplexSolveSec=0.008211
      [BB] 根节点即为整数解，obj=2567483.868525
