    [CG] 列生成开始，初始列数=310
    [CG] CG iter 1: obj=851666.809141, maxRC=2085073.662397, +30 cols
    [CG]   [DIAG] iter=1 posCols=30 newCols=30 effImprove=30 updated=0
    [CG] CG iter 2: obj=2246650.519288, maxRC=513901.550596, +21 cols
    [CG]   [DIAG] iter=2 posCols=21 newCols=21 effImprove=21 updated=0
    [CG] CG iter 3: obj=2287151.626339, maxRC=224313.319284, +20 cols
    [CG]   [DIAG] iter=3 posCols=20 newCols=20 effImprove=20 updated=0
    [CG] CG iter 4: obj=2287151.626339, maxRC=175807.909747, +16 cols
    [CG]   [DIAG] iter=4 posCols=16 newCols=15 effImprove=16 updated=1
    [CG] CG iter 5: obj=2287151.626339, maxRC=265809.500235, +10 cols
    [CG]   [DIAG] iter=5 posCols=10 newCols=10 effImprove=10 updated=0
    [CG] CG iter 6: obj=2325010.464229, maxRC=98010.656466, +12 cols
    [CG]   [DIAG] iter=6 posCols=12 newCols=12 effImprove=12 updated=0
    [CG] CG iter 7: obj=2342984.798007, maxRC=74294.530711, +9 cols
    [CG]   [DIAG] iter=7 posCols=9 newCols=9 effImprove=9 updated=0
    [CG] CG iter 8: obj=2361353.033527, maxRC=60644.063767, +9 cols
    [CG]   [DIAG] iter=8 posCols=9 newCols=9 effImprove=9 updated=0
    [CG] CG iter 9: obj=2370630.887473, maxRC=48507.604162, +9 cols
    [CG]   [DIAG] iter=9 posCols=9 newCols=9 effImprove=9 updated=0
    [CG] CG iter 10: obj=2396283.821376, maxRC=20212.241143, +7 cols
    [CG]   [DIAG] iter=10 posCols=7 newCols=7 effImprove=7 updated=0
    [CG] CG iter 11: obj=2398564.123220, maxRC=17943.737789, +4 cols
    [CG]   [DIAG] iter=11 posCols=4 newCols=4 effImprove=4 updated=0
    [CG] CG iter 12: obj=2398564.123220, maxRC=15724.736732, +5 cols
    [CG]   [DIAG] iter=12 posCols=5 newCols=5 effImprove=5 updated=0
    [CG] CG iter 13: obj=2398564.123220, maxRC=11836.228572, +3 cols
    [CG]   [DIAG] iter=13 posCols=3 newCols=3 effImprove=3 updated=0
    [CG] CG iter 14: obj=2398564.123220, maxRC=7716.720462, +4 cols
    [CG]   [DIAG] iter=14 posCols=4 newCols=3 effImprove=4 updated=1
    [CG] CG iter 15: obj=2398564.123220, maxRC=3637.095037, +3 cols
    [CG]   [DIAG] iter=15 posCols=3 newCols=2 effImprove=3 updated=1
    [CG] CG iter 16: obj=2402201.218258, maxRC=1904.213749, +4 cols
    [CG]   [DIAG] iter=16 posCols=4 newCols=4 effImprove=4 updated=0
    [CG] 列生成收敛，共 17 轮迭代
    [CG] [CG-NODE] depth=0 exit=CERTIFIED certified=1 feasible=1 iters=17 generatedColsBeforeNode=0 newCols=163 posCandidates=166 duplicateCandidates=3 updatedCols=3 zeroObjImproveIters=7 objFirst=851666.809141 objLast=2402201.218258 objGain=1550534.409116 maxRC=2085073.662397 wallSec=0.190765 pricingSec=0.179693 cplexSolveSec=0.006290
      [BB] 根节点即为整数解，obj=2402201.218258
