    [CG] 列生成开始，初始列数=310
    [CG] CG iter 1: obj=685188.874642, maxRC=1431706.706335, +29 cols
    [CG]   [DIAG] iter=1 posCols=29 newCols=29 effImprove=29 updated=0
    [CG] CG iter 2: obj=1612977.339785, maxRC=373703.078278, +20 cols
    [CG]   [DIAG] iter=2 posCols=20 newCols=20 effImprove=20 updated=0
    [CG] CG iter 3: obj=1663792.002552, maxRC=524043.284296, +22 cols
    [CG]   [DIAG] iter=3 posCols=22 newCols=22 effImprove=22 updated=0
    [CG] CG iter 4: obj=1711301.489558, maxRC=541801.619104, +22 cols
    [CG]   [DIAG] iter=4 posCols=22 newCols=22 effImprove=22 updated=0
    [CG] CG iter 5: obj=1722582.746723, maxRC=507735.929171, +18 cols
    [CG]   [DIAG] iter=5 posCols=18 newCols=17 effImprove=18 updated=1
    [CG] CG iter 6: obj=1789984.915763, maxRC=362445.483937, +12 cols
    [CG]   [DIAG] iter=6 posCols=12 newCols=12 effImprove=12 updated=0
    [CG] CG iter 7: obj=1848946.290533, maxRC=285995.109576, +17 cols
    [CG]   [DIAG] iter=7 posCols=17 newCols=17 effImprove=17 updated=0
    [CG] CG iter 8: obj=1848946.290533, maxRC=207512.274023, +10 cols
    [CG]   [DIAG] iter=8 posCols=10 newCols=10 effImprove=10 updated=0
    [CG] CG iter 9: obj=1852031.951126, maxRC=171473.448426, +9 cols
    [CG]   [DIAG] iter=9 posCols=9 newCols=9 effImprove=9 updated=0
    [CG] CG iter 10: obj=1895106.846078, maxRC=251233.272064, +9 cols
    [CG]   [DIAG] iter=10 posCols=9 newCols=9 effImprove=9 updated=0
    [CG] CG iter 11: obj=1910455.860405, maxRC=126671.452601, +9 cols
    [CG]   [DIAG] iter=11 posCols=9 newCols=9 effImprove=9 updated=0
    [CG] CG iter 12: obj=1965710.763411, maxRC=64218.771640, +9 cols
    [CG]   [DIAG] iter=12 posCols=9 newCols=9 effImprove=9 updated=0
    [CG] CG iter 13: obj=1965710.763411, maxRC=50110.578914, +9 cols
    [CG]   [DIAG] iter=13 posCols=9 newCols=9 effImprove=9 updated=0
    [CG] CG iter 14: obj=1965710.763411, maxRC=23242.163618, +9 cols
    [CG]   [DIAG] iter=14 posCols=9 newCols=8 effImprove=9 updated=1
    [CG] CG iter 15: obj=1986636.341759, maxRC=67936.344051, +9 cols
    [CG]   [DIAG] iter=15 posCols=9 newCols=9 effImprove=9 updated=0
    [CG] CG iter 16: obj=1986636.341759, maxRC=33053.090515, +9 cols
    [CG]   [DIAG] iter=16 posCols=9 newCols=9 effImprove=9 updated=0
    [CG] CG iter 17: obj=1986636.341759, maxRC=13879.130899, +8 cols
    [CG]   [DIAG] iter=17 posCols=8 newCols=8 effImprove=8 updated=0
    [CG] CG iter 18: obj=1991888.615926, maxRC=20583.698665, +5 cols
    [CG]   [DIAG] iter=18 posCols=5 newCols=5 effImprove=5 updated=0
    [CG] CG iter 19: obj=1991888.615926, maxRC=14717.524459, +4 cols
    [CG]   [DIAG] iter=19 posCols=4 newCols=4 effImprove=4 updated=0
    [CG] CG iter 20: obj=2006606.140384, maxRC=5648.214367, +6 cols
    [CG]   [DIAG] iter=20 posCols=6 newCols=5 effImprove=6 updated=1
    [CG] CG iter 21: obj=2006606.140384, maxRC=4230.479164, +3 cols
    [CG]   [DIAG] iter=21 posCols=3 newCols=3 effImprove=3 updated=0
    [CG] CG iter 22: obj=2006606.140384, maxRC=1074.562737, +1 cols
    [CG]   [DIAG] iter=22 posCols=1 newCols=0 effImprove=1 updated=1
    [CG] CG iter 23: obj=2006606.140384, maxRC=85.501728, +1 cols
    [CG]   [DIAG] iter=23 posCols=1 newCols=1 effImprove=1 updated=0
    [CG] 列生成收敛，共 24 轮迭代
    [CG] [CG-NODE] depth=0 exit=CERTIFIED certified=1 feasible=1 iters=24 generatedColsBeforeNode=0 newCols=246 posCandidates=250 duplicateCandidates=4 updatedCols=4 zeroObjImproveIters=10 objFirst=685188.874642 objLast=2006606.140384 objGain=1321417.265742 maxRC=1431706.706335 wallSec=0.175873 pricingSec=0.142050 cplexSolveSec=0.009366
      [BB] 根节点即为整数解，obj=2006606.140384
