    [CG] 列生成开始，初始列数=310
    [CG] CG iter 1: obj=529341.532518, maxRC=1453023.659459, +23 cols
    [CG]   [DIAG] iter=1 posCols=23 newCols=23 effImprove=23 updated=0
    [CG] CG iter 2: obj=1612388.348381, maxRC=390006.940078, +15 cols
    [CG]   [DIAG] iter=2 posCols=15 newCols=15 effImprove=15 updated=0
    [CG] CG iter 3: obj=1615514.915805, maxRC=419061.851856, +16 cols
    [CG]   [DIAG] iter=3 posCols=16 newCols=16 effImprove=16 updated=0
    [CG] CG iter 4: obj=1641397.732485, maxRC=583968.218606, +13 cols
    [CG]   [DIAG] iter=4 posCols=13 newCols=13 effImprove=13 updated=0
    [CG] CG iter 5: obj=1655541.520912, maxRC=607066.323635, +19 cols
    [CG]   [DIAG] iter=5 posCols=19 newCols=19 effImprove=19 updated=0
    [CG] CG iter 6: obj=1666392.583631, maxRC=450634.808003, +14 cols
    [CG]   [DIAG] iter=6 posCols=14 newCols=14 effImprove=14 updated=0
    [CG] CG iter 7: obj=1750420.226626, maxRC=398002.696446, +8 cols
    [CG]   [DIAG] iter=7 posCols=8 newCols=8 effImprove=8 updated=0
    [CG] CG iter 8: obj=1791569.086131, maxRC=493485.523808, +7 cols
    [CG]   [DIAG] iter=8 posCols=7 newCols=7 effImprove=7 updated=0
    [CG] CG iter 9: obj=1791569.086131, maxRC=409926.805836, +9 cols
    [CG]   [DIAG] iter=9 posCols=9 newCols=9 effImprove=9 updated=0
    [CG] CG iter 10: obj=1791569.086131, maxRC=550646.432655, +7 cols
    [CG]   [DIAG] iter=10 posCols=7 newCols=7 effImprove=7 updated=0
    [CG] CG iter 11: obj=1805772.324313, maxRC=225152.497338, +9 cols
    [CG]   [DIAG] iter=11 posCols=9 newCols=9 effImprove=9 updated=0
    [CG] CG iter 12: obj=1832583.803629, maxRC=132747.757733, +8 cols
    [CG]   [DIAG] iter=12 posCols=8 newCols=8 effImprove=8 updated=0
    [CG] CG iter 13: obj=1845411.443370, maxRC=187671.814178, +6 cols
    [CG]   [DIAG] iter=13 posCols=6 newCols=6 effImprove=6 updated=0
    [CG] CG iter 14: obj=1846998.158132, maxRC=74375.959477, +6 cols
    [CG]   [DIAG] iter=14 posCols=6 newCols=6 effImprove=6 updated=0
    [CG] CG iter 15: obj=1852790.612315, maxRC=93686.439479, +6 cols
    [CG]   [DIAG] iter=15 posCols=6 newCols=6 effImprove=6 updated=0
    [CG] CG iter 16: obj=1858074.225339, maxRC=80619.899857, +6 cols
    [CG]   [DIAG] iter=16 posCols=6 newCols=6 effImprove=6 updated=0
    [CG] CG iter 17: obj=1863134.127801, maxRC=78579.133330, +6 cols
    [CG]   [DIAG] iter=17 posCols=6 newCols=6 effImprove=6 updated=0
    [CG] CG iter 18: obj=1871422.802146, maxRC=47672.527670, +6 cols
    [CG]   [DIAG] iter=18 posCols=6 newCols=6 effImprove=6 updated=0
    [CG] CG iter 19: obj=1876572.519050, maxRC=60581.671859, +6 cols
    [CG]   [DIAG] iter=19 posCols=6 newCols=6 effImprove=6 updated=0
    [CG] CG iter 20: obj=1880277.052390, maxRC=50206.612216, +6 cols
    [CG]   [DIAG] iter=20 posCols=6 newCols=6 effImprove=6 updated=0
    [CG] CG iter 21: obj=1883002.064567, maxRC=31827.609194, +4 cols
    [CG]   [DIAG] iter=21 posCols=4 newCols=4 effImprove=4 updated=0
    [CG] CG iter 22: obj=1890958.594990, maxRC=27086.503063, +4 cols
    [CG]   [DIAG] iter=22 posCols=4 newCols=4 effImprove=4 updated=0
    [CG] CG iter 23: obj=1899449.049050, maxRC=33149.658064, +4 cols
    [CG]   [DIAG] iter=23 posCols=4 newCols=4 effImprove=4 updated=0
    [CG] CG iter 24: obj=1901905.389965, maxRC=43725.706902, +5 cols
    [CG]   [DIAG] iter=24 posCols=5 newCols=5 effImprove=5 updated=0
    [CG] CG iter 25: obj=1908150.614122, maxRC=18736.053308, +4 cols
    [CG]   [DIAG] iter=25 posCols=4 newCols=4 effImprove=4 updated=0
    [CG] CG iter 26: obj=1916200.217795, maxRC=20689.239040, +4 cols
    [CG]   [DIAG] iter=26 posCols=4 newCols=4 effImprove=4 updated=0
    [CG] CG iter 27: obj=1916200.217795, maxRC=10068.937449, +4 cols
    [CG]   [DIAG] iter=27 posCols=4 newCols=4 effImprove=4 updated=0
    [CG] CG iter 28: obj=1916200.217795, maxRC=7104.403080, +4 cols
    [CG]   [DIAG] iter=28 posCols=4 newCols=4 effImprove=4 updated=0
    [CG] CG iter 29: obj=1916200.217795, maxRC=2799.623331, +3 cols
    [CG]   [DIAG] iter=29 posCols=3 newCols=3 effImprove=3 updated=0
    [CG] CG iter 30: obj=1916200.217795, maxRC=1058.113779, +3 cols
    [CG]   [DIAG] iter=30 posCols=3 newCols=3 effImprove=3 updated=0
    [CG] CG iter 31: obj=1917258.331574, maxRC=39.769678, +1 cols
    [CG]   [DIAG] iter=31 posCols=1 newCols=1 effImprove=1 updated=0
    [CG] 列生成收敛，共 32 轮迭代
    [CG] [CG-NODE] depth=0 exit=CERTIFIED certified=1 feasible=1 iters=32 generatedColsBeforeNode=0 newCols=236 posCandidates=236 duplicateCandidates=0 updatedCols=0 zeroObjImproveIters=7 objFirst=529341.532518 objLast=1917258.331574 objGain=1387916.799056 maxRC=1453023.659459 wallSec=0.286770 pricingSec=0.270674 cplexSolveSec=0.010945
      [BB] 根节点即为整数解，obj=1917258.331574
