    [CG] 列生成开始，初始列数=310
    [CG] CG iter 1: obj=1200961.854407, maxRC=1378231.553079, +30 cols
    [CG]   [DIAG] iter=1 posCols=30 newCols=30 effImprove=30 updated=0
    [CG] CG iter 2: obj=1926772.309603, maxRC=311970.514923, +29 cols
    [CG]   [DIAG] iter=2 posCols=29 newCols=29 effImprove=29 updated=0
    [CG] CG iter 3: obj=2370929.558666, maxRC=230874.246655, +29 cols
    [CG]   [DIAG] iter=3 posCols=29 newCols=29 effImprove=29 updated=0
    [CG] CG iter 4: obj=2392901.050395, maxRC=183261.827084, +29 cols
    [CG]   [DIAG] iter=4 posCols=29 newCols=29 effImprove=29 updated=0
    [CG] CG iter 5: obj=2453859.528278, maxRC=185015.296700, +27 cols
    [CG]   [DIAG] iter=5 posCols=27 newCols=27 effImprove=27 updated=0
    [CG] CG iter 6: obj=2505905.292142, maxRC=76290.947791, +25 cols
    [CG]   [DIAG] iter=6 posCols=25 newCols=25 effImprove=25 updated=0
    [CG] CG iter 7: obj=2556400.685800, maxRC=80525.311176, +22 cols
    [CG]   [DIAG] iter=7 posCols=22 newCols=21 effImprove=22 updated=1
    [CG] CG iter 8: obj=2594573.070727, maxRC=55291.043542, +18 cols
    [CG]   [DIAG] iter=8 posCols=18 newCols=18 effImprove=18 updated=0
    [CG] CG iter 9: obj=2642085.967431, maxRC=26733.245532, +17 cols
    [CG]   [DIAG] iter=9 posCols=17 newCols=17 effImprove=17 updated=0
    [CG] CG iter 10: obj=2650799.146299, maxRC=18201.037423, +18 cols
    [CG]   [DIAG] iter=10 posCols=18 newCols=18 effImprove=18 updated=0
    [CG] CG iter 11: obj=2656239.979897, maxRC=12693.498766, +12 cols
    [CG]   [DIAG] iter=11 posCols=12 newCols=12 effImprove=12 updated=0
    [CG] CG iter 12: obj=2672763.520950, maxRC=6625.805612, +6 cols
    [CG]   [DIAG] iter=12 posCols=6 newCols=5 effImprove=6 updated=1
    [CG] CG iter 13: obj=2672763.520950, maxRC=6553.120908, +7 cols
    [CG]   [DIAG] iter=13 posCols=7 newCols=7 effImprove=7 updated=0
    [CG] CG iter 14: obj=2672763.520950, maxRC=793.419689, +1 cols
    [CG]   [DIAG] iter=14 posCols=1 newCols=1 effImprove=1 updated=0
    [CG] 列生成收敛，共 15 轮迭代
    [CG] [CG-NODE] depth=0 exit=CERTIFIED certified=1 feasible=1 iters=15 generatedColsBeforeNode=0 newCols=268 posCandidates=270 duplicateCandidates=2 updatedCols=2 zeroObjImproveIters=3 objFirst=1200961.854407 objLast=2672763.520950 objGain=1471801.666543 maxRC=1378231.553079 wallSec=0.174338 pricingSec=0.146261 cplexSolveSec=0.006653
      [BB] 根节点即为整数解，obj=2672763.520950
