    [CG] 列生成开始，初始列数=310
    [CG] CG iter 1: obj=1240103.382604, maxRC=1447641.384453, +30 cols
    [CG]   [DIAG] iter=1 posCols=30 newCols=30 effImprove=30 updated=0
    [CG] CG iter 2: obj=1997089.974361, maxRC=335724.297413, +30 cols
    [CG]   [DIAG] iter=2 posCols=30 newCols=30 effImprove=30 updated=0
    [CG] CG iter 3: obj=2337870.559554, maxRC=319344.668233, +30 cols
    [CG]   [DIAG] iter=3 posCols=30 newCols=30 effImprove=30 updated=0
    [CG] CG iter 4: obj=2381588.163476, maxRC=223834.994419, +30 cols
    [CG]   [DIAG] iter=4 posCols=30 newCols=30 effImprove=30 updated=0
    [CG] CG iter 5: obj=2484281.959245, maxRC=117569.182320, +27 cols
    [CG]   [DIAG] iter=5 posCols=27 newCols=27 effImprove=27 updated=0
    [CG] CG iter 6: obj=2569180.874579, maxRC=112849.864162, +27 cols
    [CG]   [DIAG] iter=6 posCols=27 newCols=27 effImprove=27 updated=0
    [CG] CG iter 7: obj=2635776.038728, maxRC=94653.050392, +24 cols
    [CG]   [DIAG] iter=7 posCols=24 newCols=24 effImprove=24 updated=0
    [CG] CG iter 8: obj=2690902.886794, maxRC=54553.213380, +22 cols
    [CG]   [DIAG] iter=8 posCols=22 newCols=21 effImprove=22 updated=1
    [CG] CG iter 9: obj=2699901.492234, maxRC=36232.677032, +13 cols
    [CG]   [DIAG] iter=9 posCols=13 newCols=13 effImprove=13 updated=0
    [CG] CG iter 10: obj=2741570.638991, maxRC=42828.840079, +12 cols
    [CG]   [DIAG] iter=10 posCols=12 newCols=12 effImprove=12 updated=0
    [CG] CG iter 11: obj=2742674.992482, maxRC=12979.381900, +11 cols
    [CG]   [DIAG] iter=11 posCols=11 newCols=10 effImprove=11 updated=1
    [CG] CG iter 12: obj=2750314.521533, maxRC=3256.169023, +4 cols
    [CG]   [DIAG] iter=12 posCols=4 newCols=3 effImprove=4 updated=1
    [CG] CG iter 13: obj=2750314.521533, maxRC=2202.250690, +3 cols
    [CG]   [DIAG] iter=13 posCols=3 newCols=3 effImprove=3 updated=0
    [CG] 列生成收敛，共 14 轮迭代
    [CG] [CG-NODE] depth=0 exit=CERTIFIED certified=1 feasible=1 iters=14 generatedColsBeforeNode=0 newCols=260 posCandidates=263 duplicateCandidates=3 updatedCols=3 zeroObjImproveIters=1 objFirst=1240103.382604 objLast=2752516.772223 objGain=1512413.389619 maxRC=1447641.384453 wallSec=0.168354 pricingSec=0.156895 cplexSolveSec=0.006731
      [BB] 根节点即为整数解，obj=2752516.772223
