    [CG] 列生成开始，初始列数=310
    [CG] CG iter 1: obj=1188937.269734, maxRC=1455560.356970, +30 cols
    [CG]   [DIAG] iter=1 posCols=30 newCols=30 effImprove=30 updated=0
    [CG] CG iter 2: obj=1916045.213494, maxRC=388857.143400, +27 cols
    [CG]   [DIAG] iter=2 posCols=27 newCols=27 effImprove=27 updated=0
    [CG] CG iter 3: obj=2136720.579448, maxRC=559677.884941, +29 cols
    [CG]   [DIAG] iter=3 posCols=29 newCols=29 effImprove=29 updated=0
    [CG] CG iter 4: obj=2281072.424463, maxRC=199077.926142, +24 cols
    [CG]   [DIAG] iter=4 posCols=24 newCols=24 effImprove=24 updated=0
    [CG] CG iter 5: obj=2421942.536257, maxRC=217523.660648, +27 cols
    [CG]   [DIAG] iter=5 posCols=27 newCols=27 effImprove=27 updated=0
    [CG] CG iter 6: obj=2505854.679599, maxRC=115554.378371, +21 cols
    [CG]   [DIAG] iter=6 posCols=21 newCols=21 effImprove=21 updated=0
    [CG] CG iter 7: obj=2531497.815406, maxRC=118061.743493, +21 cols
    [CG]   [DIAG] iter=7 posCols=21 newCols=21 effImprove=21 updated=0
    [CG] CG iter 8: obj=2576415.632736, maxRC=67071.567475, +20 cols
    [CG]   [DIAG] iter=8 posCols=20 newCols=20 effImprove=20 updated=0
    [CG] CG iter 9: obj=2609627.467059, maxRC=57015.207367, +19 cols
    [CG]   [DIAG] iter=9 posCols=19 newCols=18 effImprove=19 updated=1
    [CG] CG iter 10: obj=2638508.611016, maxRC=42700.632936, +19 cols
    [CG]   [DIAG] iter=10 posCols=19 newCols=19 effImprove=19 updated=0
    [CG] CG iter 11: obj=2676490.822416, maxRC=27644.991408, +16 cols
    [CG]   [DIAG] iter=11 posCols=16 newCols=16 effImprove=16 updated=0
    [CG] CG iter 12: obj=2676490.822416, maxRC=27414.520538, +12 cols
    [CG]   [DIAG] iter=12 posCols=12 newCols=12 effImprove=12 updated=0
    [CG] CG iter 13: obj=2677926.304279, maxRC=16090.715453, +10 cols
    [CG]   [DIAG] iter=13 posCols=10 newCols=10 effImprove=10 updated=0
    [CG] CG iter 14: obj=2677926.304279, maxRC=6629.508244, +8 cols
    [CG]   [DIAG] iter=14 posCols=8 newCols=8 effImprove=8 updated=0
    [CG] CG iter 15: obj=2677926.304279, maxRC=2994.929255, +3 cols
    [CG]   [DIAG] iter=15 posCols=3 newCols=3 effImprove=3 updated=0
    [CG] CG iter 16: obj=2679423.768907, maxRC=1363.364068, +3 cols
    [CG]   [DIAG] iter=16 posCols=3 newCols=3 effImprove=3 updated=0
    [CG] CG iter 17: obj=2679423.768907, maxRC=543.528195, +1 cols
    [CG]   [DIAG] iter=17 posCols=1 newCols=1 effImprove=1 updated=0
    [CG] 列生成收敛，共 18 轮迭代
    [CG] [CG-NODE] depth=0 exit=CERTIFIED certified=1 feasible=1 iters=18 generatedColsBeforeNode=0 newCols=289 posCandidates=290 duplicateCandidates=1 updatedCols=1 zeroObjImproveIters=5 objFirst=1188937.269734 objLast=2679423.768907 objGain=1490486.499173 maxRC=1455560.356970 wallSec=0.171234 pricingSec=0.159161 cplexSolveSec=0.008040
      [BB] 分支定界开始，根节点LP obj=2679423.768907，最大节点数=10000
      [BB] 根节点启发式下界 LB=2626469.297025（上界=2679423.768907）
    [CG] [BB-DIAG] 分支 x_{dc=0,retailer=14}, 节点数=1
    [CG] 列生成开始，初始列数=565
    [CG] CG iter 19: obj=2677926.304279, maxRC=188689.570193, +25 cols
    [CG]   [DIAG] iter=19 posCols=25 newCols=25 effImprove=25 updated=0
    [CG] CG iter 20: obj=2677926.304279, maxRC=64798.021933, +18 cols
    [CG]   [DIAG] iter=20 posCols=18 newCols=18 effImprove=18 updated=0
    [CG] CG iter 21: obj=2677926.304279, maxRC=24150.293171, +10 cols
    [CG]   [DIAG] iter=21 posCols=10 newCols=10 effImprove=10 updated=0
    [CG] CG iter 22: obj=2677926.304279, maxRC=9473.355158, +6 cols
    [CG]   [DIAG] iter=22 posCols=6 newCols=6 effImprove=6 updated=0
    [CG] CG iter 23: obj=2677926.304279, maxRC=3793.343258, +3 cols
    [CG]   [DIAG] iter=23 posCols=3 newCols=3 effImprove=3 updated=0
    [CG] 列生成收敛，共 24 轮迭代
    [CG] [CG-NODE] depth=1 exit=CERTIFIED certified=1 feasible=1 iters=6 generatedColsBeforeNode=289 newCols=62 posCandidates=62 duplicateCandidates=0 updatedCols=0 zeroObjImproveIters=5 objFirst=2677926.304279 objLast=2677926.304279 objGain=0.000000 maxRC=188689.570193 wallSec=0.017566 pricingSec=0.012718 cplexSolveSec=0.003342
    [CG] 列生成开始，初始列数=557
    [CG] CG iter 25: obj=2677165.602131, maxRC=36007.105768, +23 cols
    [CG]   [DIAG] iter=25 posCols=23 newCols=23 effImprove=23 updated=0
    [CG] CG iter 26: obj=2677165.602131, maxRC=11440.867393, +12 cols
    [CG]   [DIAG] iter=26 posCols=12 newCols=11 effImprove=12 updated=1
    [CG] CG iter 27: obj=2677277.358589, maxRC=7205.008850, +5 cols
    [CG]   [DIAG] iter=27 posCols=5 newCols=5 effImprove=5 updated=0
    [CG] CG iter 28: obj=2677277.358589, maxRC=5620.806204, +3 cols
    [CG]   [DIAG] iter=28 posCols=3 newCols=3 effImprove=3 updated=0
    [CG] CG iter 29: obj=2677277.358589, maxRC=5166.514276, +4 cols
    [CG]   [DIAG] iter=29 posCols=4 newCols=4 effImprove=4 updated=0
    [CG] CG iter 30: obj=2678494.629810, maxRC=1331.391707, +2 cols
    [CG]   [DIAG] iter=30 posCols=2 newCols=2 effImprove=2 updated=0
    [CG] CG iter 31: obj=2678551.690053, maxRC=1157.890793, +1 cols
    [CG]   [DIAG] iter=31 posCols=1 newCols=1 effImprove=1 updated=0
    [CG] CG iter 32: obj=2678551.690053, maxRC=126.564232, +1 cols
    [CG]   [DIAG] iter=32 posCols=1 newCols=1 effImprove=1 updated=0
    [CG] 列生成收敛，共 33 轮迭代
    [CG] [CG-NODE] depth=1 exit=CERTIFIED certified=1 feasible=1 iters=9 generatedColsBeforeNode=351 newCols=50 posCandidates=51 duplicateCandidates=1 updatedCols=1 zeroObjImproveIters=5 objFirst=2677165.602131 objLast=2678551.690053 objGain=1386.087922 maxRC=36007.105768 wallSec=0.018945 pricingSec=0.013571 cplexSolveSec=0.003796
    [CG] [BB-DIAG] 分支 x_{dc=4,retailer=1}, 节点数=2
    [CG] 列生成开始，初始列数=597
    [CG] CG iter 34: obj=2676490.822416, maxRC=15240.607599, +17 cols
    [CG]   [DIAG] iter=34 posCols=17 newCols=17 effImprove=17 updated=0
    [CG] CG iter 35: obj=2676490.822416, maxRC=10238.424316, +10 cols
    [CG]   [DIAG] iter=35 posCols=10 newCols=10 effImprove=10 updated=0
    [CG] CG iter 36: obj=2676490.822416, maxRC=4398.649184, +4 cols
    [CG]   [DIAG] iter=36 posCols=4 newCols=4 effImprove=4 updated=0
    [CG] CG iter 37: obj=2676490.822416, maxRC=1346.033620, +2 cols
    [CG]   [DIAG] iter=37 posCols=2 newCols=2 effImprove=2 updated=0
    [CG] CG iter 38: obj=2676490.822416, maxRC=179.893096, +1 cols
    [CG]   [DIAG] iter=38 posCols=1 newCols=1 effImprove=1 updated=0
    [CG] CG iter 39: obj=2676490.822416, maxRC=96.154867, +1 cols
    [CG]   [DIAG] iter=39 posCols=1 newCols=1 effImprove=1 updated=0
    [CG] 列生成收敛，共 40 轮迭代
    [CG] [CG-NODE] depth=2 exit=CERTIFIED certified=1 feasible=1 iters=7 generatedColsBeforeNode=401 newCols=35 posCandidates=35 duplicateCandidates=0 updatedCols=0 zeroObjImproveIters=6 objFirst=2676490.822416 objLast=2676490.822416 objGain=-0.000000 maxRC=15240.607599 wallSec=0.013915 pricingSec=0.009111 cplexSolveSec=0.003383
    [CG] 列生成开始，初始列数=550
    [CG] CG iter 41: obj=2669151.326235, maxRC=31271.900717, +13 cols
    [CG]   [DIAG] iter=41 posCols=13 newCols=12 effImprove=13 updated=1
    [CG] CG iter 42: obj=2674411.251453, maxRC=22950.516106, +7 cols
    [CG]   [DIAG] iter=42 posCols=7 newCols=7 effImprove=7 updated=0
    [CG] CG iter 43: obj=2674411.251453, maxRC=2969.626168, +4 cols
    [CG]   [DIAG] iter=43 posCols=4 newCols=4 effImprove=4 updated=0
    [CG] CG iter 44: obj=2674411.251453, maxRC=2443.681667, +3 cols
    [CG]   [DIAG] iter=44 posCols=3 newCols=3 effImprove=3 updated=0
    [CG] 列生成收敛，共 45 轮迭代
    [CG] [CG-NODE] depth=2 exit=CERTIFIED certified=1 feasible=1 iters=5 generatedColsBeforeNode=436 newCols=26 posCandidates=27 duplicateCandidates=1 updatedCols=1 zeroObjImproveIters=3 objFirst=2669151.326235 objLast=2674411.251453 objGain=5259.925218 maxRC=31271.900717 wallSec=0.009200 pricingSec=0.005160 cplexSolveSec=0.002748
    [CG] [BB-INCUMBENT] selection=3 node=2 previous=2626469.297025 value=2674411.251453 active=2
    [CG] [BB-NODESEL] strategy=hybrid choice=dfs eligibleCount=1 active=2 gap=0.001314
    [CG] [BB-INCUMBENT] selection=4 node=2 previous=2674411.251453 value=2676490.822416 active=1
    [CG] [BB-INCUMBENT] selection=5 node=2 previous=2676490.822416 value=2677926.304279 active=0
      [BB] 分支定界结束：处理 5 节点，剪枝 0，剩余活跃 0，整数解 4，状态=OPTIMAL，最好可行 obj=2677926.304279，gap=0.000000
