    [CG] 列生成开始，初始列数=310
    [CG] CG iter 1: obj=1244098.504431, maxRC=1447588.525961, +30 cols
    [CG]   [DIAG] iter=1 posCols=30 newCols=30 effImprove=30 updated=0
    [CG] CG iter 2: obj=2018904.030595, maxRC=314882.834684, +28 cols
    [CG]   [DIAG] iter=2 posCols=28 newCols=28 effImprove=28 updated=0
    [CG] CG iter 3: obj=2254718.338399, maxRC=464487.239659, +30 cols
    [CG]   [DIAG] iter=3 posCols=30 newCols=30 effImprove=30 updated=0
    [CG] CG iter 4: obj=2379192.638915, maxRC=252388.161675, +28 cols
    [CG]   [DIAG] iter=4 posCols=28 newCols=28 effImprove=28 updated=0
    [CG] CG iter 5: obj=2462732.363343, maxRC=199157.430596, +27 cols
    [CG]   [DIAG] iter=5 posCols=27 newCols=27 effImprove=27 updated=0
    [CG] CG iter 6: obj=2633202.259019, maxRC=130100.411875, +27 cols
    [CG]   [DIAG] iter=6 posCols=27 newCols=27 effImprove=27 updated=0
    [CG] CG iter 7: obj=2686259.457325, maxRC=62395.863791, +25 cols
    [CG]   [DIAG] iter=7 posCols=25 newCols=25 effImprove=25 updated=0
    [CG] CG iter 8: obj=2720769.820916, maxRC=65056.313958, +23 cols
    [CG]   [DIAG] iter=8 posCols=23 newCols=23 effImprove=23 updated=0
    [CG] CG iter 9: obj=2757412.880088, maxRC=42145.871371, +17 cols
    [CG]   [DIAG] iter=9 posCols=17 newCols=17 effImprove=17 updated=0
    [CG] CG iter 10: obj=2797097.936301, maxRC=48845.491754, +21 cols
    [CG]   [DIAG] iter=10 posCols=21 newCols=21 effImprove=21 updated=0
    [CG] CG iter 11: obj=2813682.623847, maxRC=35389.597199, +19 cols
    [CG]   [DIAG] iter=11 posCols=19 newCols=19 effImprove=19 updated=0
    [CG] CG iter 12: obj=2813682.623847, maxRC=13580.658364, +11 cols
    [CG]   [DIAG] iter=12 posCols=11 newCols=10 effImprove=11 updated=1
    [CG] CG iter 13: obj=2823402.277120, maxRC=17656.168100, +7 cols
    [CG]   [DIAG] iter=13 posCols=7 newCols=6 effImprove=7 updated=1
    [CG] CG iter 14: obj=2823402.277120, maxRC=5064.483060, +3 cols
    [CG]   [DIAG] iter=14 posCols=3 newCols=3 effImprove=3 updated=0
    [CG] CG iter 15: obj=2823402.277120, maxRC=3017.669694, +3 cols
    [CG]   [DIAG] iter=15 posCols=3 newCols=2 effImprove=3 updated=1
    [CG] CG iter 16: obj=2823402.277120, maxRC=341.064967, +1 cols
    [CG]   [DIAG] iter=16 posCols=1 newCols=1 effImprove=1 updated=0
    [CG] 列生成收敛，共 17 轮迭代
    [CG] [CG-NODE] depth=0 exit=CERTIFIED certified=1 feasible=1 iters=17 generatedColsBeforeNode=0 newCols=297 posCandidates=300 duplicateCandidates=3 updatedCols=3 zeroObjImproveIters=5 objFirst=1244098.504431 objLast=2823402.277120 objGain=1579303.772688 maxRC=1447588.525961 wallSec=0.198343 pricingSec=0.186958 cplexSolveSec=0.007381
      [BB] 根节点即为整数解，obj=2823402.277120
