    [CG] 列生成开始，初始列数=310
    [CG] CG iter 1: obj=1247197.051244, maxRC=1432056.664742, +30 cols
    [CG]   [DIAG] iter=1 posCols=30 newCols=30 effImprove=30 updated=0
    [CG] CG iter 2: obj=2020690.677209, maxRC=306232.807059, +28 cols
    [CG]   [DIAG] iter=2 posCols=28 newCols=28 effImprove=28 updated=0
    [CG] CG iter 3: obj=2363506.874103, maxRC=402233.231149, +30 cols
    [CG]   [DIAG] iter=3 posCols=30 newCols=30 effImprove=30 updated=0
    [CG] CG iter 4: obj=2383072.605291, maxRC=337102.232752, +30 cols
    [CG]   [DIAG] iter=4 posCols=30 newCols=30 effImprove=30 updated=0
    [CG] CG iter 5: obj=2472891.342930, maxRC=151327.248488, +27 cols
    [CG]   [DIAG] iter=5 posCols=27 newCols=27 effImprove=27 updated=0
    [CG] CG iter 6: obj=2576953.825113, maxRC=97028.267145, +26 cols
    [CG]   [DIAG] iter=6 posCols=26 newCols=26 effImprove=26 updated=0
    [CG] CG iter 7: obj=2626239.573877, maxRC=146785.748688, +26 cols
    [CG]   [DIAG] iter=7 posCols=26 newCols=26 effImprove=26 updated=0
    [CG] CG iter 8: obj=2696013.958116, maxRC=112586.150476, +25 cols
    [CG]   [DIAG] iter=8 posCols=25 newCols=25 effImprove=25 updated=0
    [CG] CG iter 9: obj=2707631.580728, maxRC=62178.700638, +24 cols
    [CG]   [DIAG] iter=9 posCols=24 newCols=24 effImprove=24 updated=0
    [CG] CG iter 10: obj=2743595.244442, maxRC=71267.284447, +23 cols
    [CG]   [DIAG] iter=10 posCols=23 newCols=23 effImprove=23 updated=0
    [CG] CG iter 11: obj=2784299.123479, maxRC=39047.354811, +19 cols
    [CG]   [DIAG] iter=11 posCols=19 newCols=18 effImprove=19 updated=1
    [CG] CG iter 12: obj=2793432.309422, maxRC=27354.830988, +21 cols
    [CG]   [DIAG] iter=12 posCols=21 newCols=21 effImprove=21 updated=0
    [CG] CG iter 13: obj=2812599.863673, maxRC=21028.447464, +16 cols
    [CG]   [DIAG] iter=13 posCols=16 newCols=16 effImprove=16 updated=0
    [CG] CG iter 14: obj=2822438.347457, maxRC=13885.611216, +10 cols
    [CG]   [DIAG] iter=14 posCols=10 newCols=10 effImprove=10 updated=0
    [CG] CG iter 15: obj=2826474.103294, maxRC=14511.111988, +7 cols
    [CG]   [DIAG] iter=15 posCols=7 newCols=6 effImprove=7 updated=1
    [CG] CG iter 16: obj=2829175.234011, maxRC=248.547975, +1 cols
    [CG]   [DIAG] iter=16 posCols=1 newCols=1 effImprove=1 updated=0
    [CG] 列生成收敛，共 17 轮迭代
    [CG] [CG-NODE] depth=0 exit=CERTIFIED certified=1 feasible=1 iters=17 generatedColsBeforeNode=0 newCols=341 posCandidates=343 duplicateCandidates=2 updatedCols=2 zeroObjImproveIters=1 objFirst=1247197.051244 objLast=2829175.234011 objGain=1581978.182767 maxRC=1432056.664742 wallSec=0.221229 pricingSec=0.206652 cplexSolveSec=0.009180
      [BB] 根节点即为整数解，obj=2829175.234011
