    [CG] 列生成开始，初始列数=310
    [CG] CG iter 1: obj=1239265.505203, maxRC=1447565.487409, +30 cols
    [CG]   [DIAG] iter=1 posCols=30 newCols=30 effImprove=30 updated=0
    [CG] CG iter 2: obj=1985413.181321, maxRC=407443.700375, +29 cols
    [CG]   [DIAG] iter=2 posCols=29 newCols=29 effImprove=29 updated=0
    [CG] CG iter 3: obj=2105498.598904, maxRC=406552.315919, +30 cols
    [CG]   [DIAG] iter=3 posCols=30 newCols=30 effImprove=30 updated=0
    [CG] CG iter 4: obj=2366042.973133, maxRC=373073.048320, +30 cols
    [CG]   [DIAG] iter=4 posCols=30 newCols=30 effImprove=30 updated=0
    [CG] CG iter 5: obj=2439247.658327, maxRC=154433.915319, +27 cols
    [CG]   [DIAG] iter=5 posCols=27 newCols=27 effImprove=27 updated=0
    [CG] CG iter 6: obj=2521239.451203, maxRC=202697.173012, +27 cols
    [CG]   [DIAG] iter=6 posCols=27 newCols=27 effImprove=27 updated=0
    [CG] CG iter 7: obj=2638913.017363, maxRC=103872.463634, +25 cols
    [CG]   [DIAG] iter=7 posCols=25 newCols=25 effImprove=25 updated=0
    [CG] CG iter 8: obj=2697026.660340, maxRC=73009.630733, +25 cols
    [CG]   [DIAG] iter=8 posCols=25 newCols=25 effImprove=25 updated=0
    [CG] CG iter 9: obj=2733484.789582, maxRC=60537.347923, +24 cols
    [CG]   [DIAG] iter=9 posCols=24 newCols=24 effImprove=24 updated=0
    [CG] CG iter 10: obj=2773818.998004, maxRC=27622.170249, +21 cols
    [CG]   [DIAG] iter=10 posCols=21 newCols=21 effImprove=21 updated=0
    [CG] CG iter 11: obj=2773818.998004, maxRC=16074.580331, +16 cols
    [CG]   [DIAG] iter=11 posCols=16 newCols=15 effImprove=16 updated=1
    [CG] CG iter 12: obj=2788395.236834, maxRC=16557.818540, +18 cols
    [CG]   [DIAG] iter=12 posCols=18 newCols=17 effImprove=18 updated=1
    [CG] CG iter 13: obj=2808384.501761, maxRC=10500.345103, +11 cols
    [CG]   [DIAG] iter=13 posCols=11 newCols=11 effImprove=11 updated=0
    [CG] CG iter 14: obj=2808384.501761, maxRC=16366.478749, +3 cols
    [CG]   [DIAG] iter=14 posCols=3 newCols=3 effImprove=3 updated=0
    [CG] CG iter 15: obj=2808384.501761, maxRC=2950.438856, +2 cols
    [CG]   [DIAG] iter=15 posCols=2 newCols=2 effImprove=2 updated=0
    [CG] CG iter 16: obj=2808384.501761, maxRC=255.931412, +1 cols
    [CG]   [DIAG] iter=16 posCols=1 newCols=1 effImprove=1 updated=0
    [CG] 列生成收敛，共 17 轮迭代
    [CG] [CG-NODE] depth=0 exit=CERTIFIED certified=1 feasible=1 iters=17 generatedColsBeforeNode=0 newCols=317 posCandidates=319 duplicateCandidates=2 updatedCols=2 zeroObjImproveIters=5 objFirst=1239265.505203 objLast=2808384.501761 objGain=1569118.996557 maxRC=1447565.487409 wallSec=0.197146 pricingSec=0.185083 cplexSolveSec=0.007796
      [BB] 根节点即为整数解，obj=2808384.501761
