    [CG] 列生成开始，初始列数=310
    [CG] CG iter 1: obj=1213159.065442, maxRC=1455366.174852, +30 cols
    [CG]   [DIAG] iter=1 posCols=30 newCols=30 effImprove=30 updated=0
    [CG] CG iter 2: obj=1970877.404805, maxRC=402290.420569, +27 cols
    [CG]   [DIAG] iter=2 posCols=27 newCols=27 effImprove=27 updated=0
    [CG] CG iter 3: obj=2091383.894846, maxRC=437118.170350, +28 cols
    [CG]   [DIAG] iter=3 posCols=28 newCols=28 effImprove=28 updated=0
    [CG] CG iter 4: obj=2384142.917232, maxRC=235055.467776, +25 cols
    [CG]   [DIAG] iter=4 posCols=25 newCols=24 effImprove=25 updated=1
    [CG] CG iter 5: obj=2402451.811690, maxRC=227564.177080, +26 cols
    [CG]   [DIAG] iter=5 posCols=26 newCols=26 effImprove=26 updated=0
    [CG] CG iter 6: obj=2466177.569653, maxRC=208424.828325, +26 cols
    [CG]   [DIAG] iter=6 posCols=26 newCols=26 effImprove=26 updated=0
    [CG] CG iter 7: obj=2539209.859454, maxRC=197337.508494, +26 cols
    [CG]   [DIAG] iter=7 posCols=26 newCols=25 effImprove=26 updated=1
    [CG] CG iter 8: obj=2568409.957588, maxRC=96727.792324, +24 cols
    [CG]   [DIAG] iter=8 posCols=24 newCols=24 effImprove=24 updated=0
    [CG] CG iter 9: obj=2640460.072908, maxRC=102580.375241, +24 cols
    [CG]   [DIAG] iter=9 posCols=24 newCols=24 effImprove=24 updated=0
    [CG] CG iter 10: obj=2671575.507929, maxRC=53516.195915, +22 cols
    [CG]   [DIAG] iter=10 posCols=22 newCols=22 effImprove=22 updated=0
    [CG] CG iter 11: obj=2717229.015732, maxRC=68080.426745, +24 cols
    [CG]   [DIAG] iter=11 posCols=24 newCols=24 effImprove=24 updated=0
    [CG] CG iter 12: obj=2735342.587885, maxRC=29826.662763, +22 cols
    [CG]   [DIAG] iter=12 posCols=22 newCols=22 effImprove=22 updated=0
    [CG] CG iter 13: obj=2754036.673129, maxRC=21147.245830, +17 cols
    [CG]   [DIAG] iter=13 posCols=17 newCols=16 effImprove=17 updated=1
    [CG] CG iter 14: obj=2761019.686379, maxRC=10262.651685, +9 cols
    [CG]   [DIAG] iter=14 posCols=9 newCols=6 effImprove=9 updated=3
    [CG] CG iter 15: obj=2763450.792791, maxRC=5662.498094, +4 cols
    [CG]   [DIAG] iter=15 posCols=4 newCols=4 effImprove=4 updated=0
    [CG] 列生成收敛，共 16 轮迭代
    [CG] [CG-NODE] depth=0 exit=CERTIFIED certified=1 feasible=1 iters=16 generatedColsBeforeNode=0 newCols=328 posCandidates=334 duplicateCandidates=6 updatedCols=6 zeroObjImproveIters=0 objFirst=1213159.065442 objLast=2764792.245186 objGain=1551633.179744 maxRC=1455366.174852 wallSec=0.197828 pricingSec=0.187107 cplexSolveSec=0.006982
      [BB] 根节点即为整数解，obj=2764792.245186
