    [CG] 列生成开始，初始列数=310
    [CG] CG iter 1: obj=1194310.958568, maxRC=1229309.863934, +30 cols
    [CG]   [DIAG] iter=1 posCols=30 newCols=30 effImprove=30 updated=0
    [CG] CG iter 2: obj=1847539.928887, maxRC=317355.076064, +30 cols
    [CG]   [DIAG] iter=2 posCols=30 newCols=30 effImprove=30 updated=0
    [CG] CG iter 3: obj=2245109.655436, maxRC=278519.010274, +30 cols
    [CG]   [DIAG] iter=3 posCols=30 newCols=30 effImprove=30 updated=0
    [CG] CG iter 4: obj=2245109.655436, maxRC=252507.632859, +29 cols
    [CG]   [DIAG] iter=4 posCols=29 newCols=29 effImprove=29 updated=0
    [CG] CG iter 5: obj=2307521.334216, maxRC=111708.553423, +29 cols
    [CG]   [DIAG] iter=5 posCols=29 newCols=29 effImprove=29 updated=0
    [CG] CG iter 6: obj=2365690.596652, maxRC=60600.918579, +24 cols
    [CG]   [DIAG] iter=6 posCols=24 newCols=24 effImprove=24 updated=0
    [CG] CG iter 7: obj=2410463.086781, maxRC=92683.670352, +28 cols
    [CG]   [DIAG] iter=7 posCols=28 newCols=28 effImprove=28 updated=0
    [CG] CG iter 8: obj=2525119.896493, maxRC=58316.284940, +21 cols
    [CG]   [DIAG] iter=8 posCols=21 newCols=21 effImprove=21 updated=0
    [CG] CG iter 9: obj=2539100.937519, maxRC=62534.209427, +14 cols
    [CG]   [DIAG] iter=9 posCols=14 newCols=14 effImprove=14 updated=0
    [CG] CG iter 10: obj=2539100.937519, maxRC=59672.323960, +18 cols
    [CG]   [DIAG] iter=10 posCols=18 newCols=18 effImprove=18 updated=0
    [CG] CG iter 11: obj=2539100.937519, maxRC=38624.845536, +11 cols
    [CG]   [DIAG] iter=11 posCols=11 newCols=11 effImprove=11 updated=0
    [CG] CG iter 12: obj=2539706.576045, maxRC=11246.618542, +7 cols
    [CG]   [DIAG] iter=12 posCols=7 newCols=7 effImprove=7 updated=0
    [CG] CG iter 13: obj=2548311.153932, maxRC=791.675870, +3 cols
    [CG]   [DIAG] iter=13 posCols=3 newCols=3 effImprove=3 updated=0
    [CG] CG iter 14: obj=2548311.153932, maxRC=294.657362, +1 cols
    [CG]   [DIAG] iter=14 posCols=1 newCols=1 effImprove=1 updated=0
    [CG] 列生成收敛，共 15 轮迭代
    [CG] [CG-NODE] depth=0 exit=CERTIFIED certified=1 feasible=1 iters=15 generatedColsBeforeNode=0 newCols=275 posCandidates=275 duplicateCandidates=0 updatedCols=0 zeroObjImproveIters=5 objFirst=1194310.958568 objLast=2548311.153932 objGain=1354000.195364 maxRC=1229309.863934 wallSec=0.138916 pricingSec=0.129313 cplexSolveSec=0.005598
      [BB] 根节点即为整数解，obj=2548311.153932
