    [CG] 列生成开始，初始列数=310
    [CG] CG iter 1: obj=1242276.515530, maxRC=1447579.179146, +30 cols
    [CG]   [DIAG] iter=1 posCols=30 newCols=30 effImprove=30 updated=0
    [CG] CG iter 2: obj=2005260.748874, maxRC=353118.177728, +29 cols
    [CG]   [DIAG] iter=2 posCols=29 newCols=29 effImprove=29 updated=0
    [CG] CG iter 3: obj=2253567.755507, maxRC=454948.571508, +30 cols
    [CG]   [DIAG] iter=3 posCols=30 newCols=30 effImprove=30 updated=0
    [CG] CG iter 4: obj=2387366.967963, maxRC=213748.125952, +28 cols
    [CG]   [DIAG] iter=4 posCols=28 newCols=28 effImprove=28 updated=0
    [CG] CG iter 5: obj=2484636.562656, maxRC=151287.715122, +27 cols
    [CG]   [DIAG] iter=5 posCols=27 newCols=27 effImprove=27 updated=0
    [CG] CG iter 6: obj=2599568.847794, maxRC=111694.910449, +25 cols
    [CG]   [DIAG] iter=6 posCols=25 newCols=25 effImprove=25 updated=0
    [CG] CG iter 7: obj=2675987.993307, maxRC=111200.593078, +25 cols
    [CG]   [DIAG] iter=7 posCols=25 newCols=25 effImprove=25 updated=0
    [CG] CG iter 8: obj=2708325.852940, maxRC=82692.722476, +24 cols
    [CG]   [DIAG] iter=8 posCols=24 newCols=24 effImprove=24 updated=0
    [CG] CG iter 9: obj=2732874.283224, maxRC=52268.413341, +22 cols
    [CG]   [DIAG] iter=9 posCols=22 newCols=22 effImprove=22 updated=0
    [CG] CG iter 10: obj=2784426.162989, maxRC=53369.926804, +21 cols
    [CG]   [DIAG] iter=10 posCols=21 newCols=20 effImprove=21 updated=1
    [CG] CG iter 11: obj=2785050.602938, maxRC=32413.852572, +18 cols
    [CG]   [DIAG] iter=11 posCols=18 newCols=17 effImprove=18 updated=1
    [CG] CG iter 12: obj=2798330.369364, maxRC=14373.242602, +14 cols
    [CG]   [DIAG] iter=12 posCols=14 newCols=13 effImprove=14 updated=1
    [CG] CG iter 13: obj=2805337.764793, maxRC=16946.899621, +12 cols
    [CG]   [DIAG] iter=13 posCols=12 newCols=11 effImprove=12 updated=1
    [CG] CG iter 14: obj=2818915.114980, maxRC=1465.741586, +3 cols
    [CG]   [DIAG] iter=14 posCols=3 newCols=2 effImprove=3 updated=1
    [CG] 列生成收敛，共 15 轮迭代
    [CG] [CG-NODE] depth=0 exit=CERTIFIED certified=1 feasible=1 iters=15 generatedColsBeforeNode=0 newCols=303 posCandidates=308 duplicateCandidates=5 updatedCols=5 zeroObjImproveIters=1 objFirst=1242276.515530 objLast=2818915.114980 objGain=1576638.599450 maxRC=1447579.179146 wallSec=0.195943 pricingSec=0.183085 cplexSolveSec=0.007748
      [BB] 根节点即为整数解，obj=2818915.114980
