    [CG] 列生成开始，初始列数=310
    [CG] CG iter 1: obj=957216.159851, maxRC=1408627.229687, +30 cols
    [CG]   [DIAG] iter=1 posCols=30 newCols=30 effImprove=30 updated=0
    [CG] CG iter 2: obj=1723750.210283, maxRC=470095.496122, +25 cols
    [CG]   [DIAG] iter=2 posCols=25 newCols=25 effImprove=25 updated=0
    [CG] CG iter 3: obj=1932908.950705, maxRC=487626.749079, +30 cols
    [CG]   [DIAG] iter=3 posCols=30 newCols=30 effImprove=30 updated=0
    [CG] CG iter 4: obj=2055975.174367, maxRC=436476.963238, +30 cols
    [CG]   [DIAG] iter=4 posCols=30 newCols=30 effImprove=30 updated=0
    [CG] CG iter 5: obj=2133721.852852, maxRC=241881.182257, +28 cols
    [CG]   [DIAG] iter=5 posCols=28 newCols=27 effImprove=28 updated=1
    [CG] CG iter 6: obj=2181051.393210, maxRC=137174.852173, +24 cols
    [CG]   [DIAG] iter=6 posCols=24 newCols=24 effImprove=24 updated=0
    [CG] CG iter 7: obj=2268525.488603, maxRC=124196.303585, +25 cols
    [CG]   [DIAG] iter=7 posCols=25 newCols=24 effImprove=25 updated=1
    [CG] CG iter 8: obj=2318829.105556, maxRC=70817.992318, +15 cols
    [CG]   [DIAG] iter=8 posCols=15 newCols=15 effImprove=15 updated=0
    [CG] CG iter 9: obj=2387614.184071, maxRC=53796.014719, +16 cols
    [CG]   [DIAG] iter=9 posCols=16 newCols=16 effImprove=16 updated=0
    [CG] CG iter 10: obj=2403783.424969, maxRC=28041.699699, +13 cols
    [CG]   [DIAG] iter=10 posCols=13 newCols=13 effImprove=13 updated=0
    [CG] CG iter 11: obj=2403783.424969, maxRC=46177.256655, +9 cols
    [CG]   [DIAG] iter=11 posCols=9 newCols=9 effImprove=9 updated=0
    [CG] CG iter 12: obj=2413523.867109, maxRC=23518.606146, +5 cols
    [CG]   [DIAG] iter=12 posCols=5 newCols=5 effImprove=5 updated=0
    [CG] CG iter 13: obj=2438602.884544, maxRC=10366.186326, +6 cols
    [CG]   [DIAG] iter=13 posCols=6 newCols=6 effImprove=6 updated=0
    [CG] CG iter 14: obj=2445769.326366, maxRC=3518.113960, +4 cols
    [CG]   [DIAG] iter=14 posCols=4 newCols=4 effImprove=4 updated=0
    [CG] 列生成收敛，共 15 轮迭代
    [CG] [CG-NODE] depth=0 exit=CERTIFIED certified=1 feasible=1 iters=15 generatedColsBeforeNode=0 newCols=258 posCandidates=260 duplicateCandidates=2 updatedCols=2 zeroObjImproveIters=2 objFirst=957216.159851 objLast=2445769.326366 objGain=1488553.166514 maxRC=1408627.229687 wallSec=0.199975 pricingSec=0.188524 cplexSolveSec=0.006817
      [BB] 根节点即为整数解，obj=2445769.326366
