    [CG] 列生成开始，初始列数=310
    [CG] CG iter 1: obj=937695.224336, maxRC=1320128.710111, +30 cols
    [CG]   [DIAG] iter=1 posCols=30 newCols=30 effImprove=30 updated=0
    [CG] CG iter 2: obj=1720658.019045, maxRC=348052.909318, +29 cols
    [CG]   [DIAG] iter=2 posCols=29 newCols=29 effImprove=29 updated=0
    [CG] CG iter 3: obj=2050053.179865, maxRC=435211.838251, +30 cols
    [CG]   [DIAG] iter=3 posCols=30 newCols=30 effImprove=30 updated=0
    [CG] CG iter 4: obj=2117433.826636, maxRC=219624.028498, +27 cols
    [CG]   [DIAG] iter=4 posCols=27 newCols=27 effImprove=27 updated=0
    [CG] CG iter 5: obj=2187238.228960, maxRC=214197.574879, +23 cols
    [CG]   [DIAG] iter=5 posCols=23 newCols=23 effImprove=23 updated=0
    [CG] CG iter 6: obj=2242439.021189, maxRC=184518.870172, +25 cols
    [CG]   [DIAG] iter=6 posCols=25 newCols=25 effImprove=25 updated=0
    [CG] CG iter 7: obj=2242439.021189, maxRC=78562.949949, +17 cols
    [CG]   [DIAG] iter=7 posCols=17 newCols=16 effImprove=17 updated=1
    [CG] CG iter 8: obj=2311450.681115, maxRC=92674.979747, +19 cols
    [CG]   [DIAG] iter=8 posCols=19 newCols=19 effImprove=19 updated=0
    [CG] CG iter 9: obj=2339737.200110, maxRC=56750.540481, +15 cols
    [CG]   [DIAG] iter=9 posCols=15 newCols=15 effImprove=15 updated=0
    [CG] CG iter 10: obj=2375460.185748, maxRC=28918.710037, +14 cols
    [CG]   [DIAG] iter=10 posCols=14 newCols=14 effImprove=14 updated=0
    [CG] CG iter 11: obj=2395802.449704, maxRC=27147.919861, +8 cols
    [CG]   [DIAG] iter=11 posCols=8 newCols=8 effImprove=8 updated=0
    [CG] CG iter 12: obj=2395802.449704, maxRC=23711.480189, +6 cols
    [CG]   [DIAG] iter=12 posCols=6 newCols=6 effImprove=6 updated=0
    [CG] CG iter 13: obj=2395802.449704, maxRC=8470.456087, +7 cols
    [CG]   [DIAG] iter=13 posCols=7 newCols=7 effImprove=7 updated=0
    [CG] CG iter 14: obj=2395802.449704, maxRC=6939.062566, +4 cols
    [CG]   [DIAG] iter=14 posCols=4 newCols=4 effImprove=4 updated=0
    [CG] CG iter 15: obj=2398569.673156, maxRC=1775.449267, +3 cols
    [CG]   [DIAG] iter=15 posCols=3 newCols=2 effImprove=3 updated=1
    [CG] CG iter 16: obj=2398569.673156, maxRC=297.314689, +1 cols
    [CG]   [DIAG] iter=16 posCols=1 newCols=1 effImprove=1 updated=0
    [CG] 列生成收敛，共 17 轮迭代
    [CG] [CG-NODE] depth=0 exit=CERTIFIED certified=1 feasible=1 iters=17 generatedColsBeforeNode=0 newCols=256 posCandidates=258 duplicateCandidates=2 updatedCols=2 zeroObjImproveIters=6 objFirst=937695.224336 objLast=2398569.673156 objGain=1460874.448820 maxRC=1320128.710111 wallSec=0.208380 pricingSec=0.196558 cplexSolveSec=0.007182
      [BB] 根节点即为整数解，obj=2398569.673156
