    [CG] 列生成开始，初始列数=310
    [CG] CG iter 1: obj=958512.497021, maxRC=1409252.021552, +30 cols
    [CG]   [DIAG] iter=1 posCols=30 newCols=30 effImprove=30 updated=0
    [CG] CG iter 2: obj=1729026.077332, maxRC=471294.720028, +27 cols
    [CG]   [DIAG] iter=2 posCols=27 newCols=27 effImprove=27 updated=0
    [CG] CG iter 3: obj=2008034.449321, maxRC=581125.605929, +30 cols
    [CG]   [DIAG] iter=3 posCols=30 newCols=30 effImprove=30 updated=0
    [CG] CG iter 4: obj=2101263.455690, maxRC=312337.405333, +29 cols
    [CG]   [DIAG] iter=4 posCols=29 newCols=29 effImprove=29 updated=0
    [CG] CG iter 5: obj=2192528.080467, maxRC=135692.544719, +18 cols
    [CG]   [DIAG] iter=5 posCols=18 newCols=18 effImprove=18 updated=0
    [CG] CG iter 6: obj=2285957.557602, maxRC=192803.450513, +18 cols
    [CG]   [DIAG] iter=6 posCols=18 newCols=18 effImprove=18 updated=0
    [CG] CG iter 7: obj=2339484.930439, maxRC=180205.746972, +15 cols
    [CG]   [DIAG] iter=7 posCols=15 newCols=14 effImprove=15 updated=1
    [CG] CG iter 8: obj=2365300.975251, maxRC=132081.306562, +15 cols
    [CG]   [DIAG] iter=8 posCols=15 newCols=15 effImprove=15 updated=0
    [CG] CG iter 9: obj=2411770.881288, maxRC=120912.599348, +10 cols
    [CG]   [DIAG] iter=9 posCols=10 newCols=10 effImprove=10 updated=0
    [CG] CG iter 10: obj=2411770.881288, maxRC=111173.472501, +8 cols
    [CG]   [DIAG] iter=10 posCols=8 newCols=8 effImprove=8 updated=0
    [CG] CG iter 11: obj=2411770.881288, maxRC=37687.114146, +10 cols
    [CG]   [DIAG] iter=11 posCols=10 newCols=10 effImprove=10 updated=0
    [CG] CG iter 12: obj=2411770.881288, maxRC=18552.157121, +7 cols
    [CG]   [DIAG] iter=12 posCols=7 newCols=7 effImprove=7 updated=0
    [CG] CG iter 13: obj=2430323.038409, maxRC=16310.920057, +6 cols
    [CG]   [DIAG] iter=13 posCols=6 newCols=6 effImprove=6 updated=0
    [CG] CG iter 14: obj=2430323.038409, maxRC=7623.225305, +3 cols
    [CG]   [DIAG] iter=14 posCols=3 newCols=3 effImprove=3 updated=0
    [CG] CG iter 15: obj=2430323.038409, maxRC=6713.252855, +1 cols
    [CG]   [DIAG] iter=15 posCols=1 newCols=1 effImprove=1 updated=0
    [CG] CG iter 16: obj=2430323.038409, maxRC=2777.981639, +2 cols
    [CG]   [DIAG] iter=16 posCols=2 newCols=2 effImprove=2 updated=0
    [CG] CG iter 17: obj=2430323.038409, maxRC=890.068056, +1 cols
    [CG]   [DIAG] iter=17 posCols=1 newCols=1 effImprove=1 updated=0
    [CG] CG iter 18: obj=2430323.038409, maxRC=785.330477, +1 cols
    [CG]   [DIAG] iter=18 posCols=1 newCols=1 effImprove=1 updated=0
    [CG] 列生成收敛，共 19 轮迭代
    [CG] [CG-NODE] depth=0 exit=CERTIFIED certified=1 feasible=1 iters=19 generatedColsBeforeNode=0 newCols=230 posCandidates=231 duplicateCandidates=1 updatedCols=1 zeroObjImproveIters=9 objFirst=958512.497021 objLast=2430323.038409 objGain=1471810.541388 maxRC=1409252.021552 wallSec=0.172578 pricingSec=0.162558 cplexSolveSec=0.006604
      [BB] 根节点即为整数解，obj=2430323.038409
