    [CG] 列生成开始，初始列数=310
    [CG] CG iter 1: obj=754987.132025, maxRC=1067626.137458, +30 cols
    [CG]   [DIAG] iter=1 posCols=30 newCols=30 effImprove=30 updated=0
    [CG] CG iter 2: obj=1458131.313669, maxRC=238777.867247, +26 cols
    [CG]   [DIAG] iter=2 posCols=26 newCols=26 effImprove=26 updated=0
    [CG] CG iter 3: obj=1617380.738765, maxRC=326231.843110, +29 cols
    [CG]   [DIAG] iter=3 posCols=29 newCols=29 effImprove=29 updated=0
    [CG] CG iter 4: obj=1716876.923002, maxRC=161038.342930, +23 cols
    [CG]   [DIAG] iter=4 posCols=23 newCols=22 effImprove=23 updated=1
    [CG] CG iter 5: obj=1794273.954574, maxRC=142274.662088, +22 cols
    [CG]   [DIAG] iter=5 posCols=22 newCols=22 effImprove=22 updated=0
    [CG] CG iter 6: obj=1845578.872121, maxRC=115006.674357, +22 cols
    [CG]   [DIAG] iter=6 posCols=22 newCols=22 effImprove=22 updated=0
    [CG] CG iter 7: obj=1874977.507968, maxRC=90392.460274, +19 cols
    [CG]   [DIAG] iter=7 posCols=19 newCols=19 effImprove=19 updated=0
    [CG] CG iter 8: obj=1930658.251944, maxRC=98561.924184, +19 cols
    [CG]   [DIAG] iter=8 posCols=19 newCols=19 effImprove=19 updated=0
    [CG] CG iter 9: obj=1936097.418688, maxRC=109695.342929, +19 cols
    [CG]   [DIAG] iter=9 posCols=19 newCols=19 effImprove=19 updated=0
    [CG] CG iter 10: obj=1964420.531676, maxRC=80561.135175, +16 cols
    [CG]   [DIAG] iter=10 posCols=16 newCols=16 effImprove=16 updated=0
    [CG] CG iter 11: obj=1972853.775457, maxRC=32039.883511, +17 cols
    [CG]   [DIAG] iter=11 posCols=17 newCols=17 effImprove=17 updated=0
    [CG] CG iter 12: obj=1979633.397990, maxRC=26373.609435, +17 cols
    [CG]   [DIAG] iter=12 posCols=17 newCols=17 effImprove=17 updated=0
    [CG] CG iter 13: obj=2015270.578768, maxRC=38882.585103, +16 cols
    [CG]   [DIAG] iter=13 posCols=16 newCols=16 effImprove=16 updated=0
    [CG] CG iter 14: obj=2015270.578768, maxRC=20026.361801, +17 cols
    [CG]   [DIAG] iter=14 posCols=17 newCols=17 effImprove=17 updated=0
    [CG] CG iter 15: obj=2015270.578768, maxRC=12871.076130, +11 cols
    [CG]   [DIAG] iter=15 posCols=11 newCols=9 effImprove=11 updated=2
    [CG] CG iter 16: obj=2015270.578768, maxRC=4854.162457, +8 cols
    [CG]   [DIAG] iter=16 posCols=8 newCols=8 effImprove=8 updated=0
    [CG] CG iter 17: obj=2015270.578768, maxRC=6559.766876, +7 cols
    [CG]   [DIAG] iter=17 posCols=7 newCols=7 effImprove=7 updated=0
    [CG] CG iter 18: obj=2015270.578768, maxRC=1428.183221, +5 cols
    [CG]   [DIAG] iter=18 posCols=5 newCols=5 effImprove=5 updated=0
    [CG] CG iter 19: obj=2015270.578768, maxRC=229.371824, +1 cols
    [CG]   [DIAG] iter=19 posCols=1 newCols=1 effImprove=1 updated=0
    [CG] 列生成收敛，共 20 轮迭代
    [CG] [CG-NODE] depth=0 exit=CERTIFIED certified=1 feasible=1 iters=20 generatedColsBeforeNode=0 newCols=321 posCandidates=324 duplicateCandidates=3 updatedCols=3 zeroObjImproveIters=7 objFirst=754987.132025 objLast=2015270.578768 objGain=1260283.446743 maxRC=1067626.137458 wallSec=0.248727 pricingSec=0.215360 cplexSolveSec=0.009149
      [BB] 根节点即为整数解，obj=2015270.578768
