    [CG] 列生成开始，初始列数=310
    [CG] CG iter 1: obj=750051.749202, maxRC=1063912.358552, +29 cols
    [CG]   [DIAG] iter=1 posCols=29 newCols=29 effImprove=29 updated=0
    [CG] CG iter 2: obj=1459509.070533, maxRC=223839.721793, +27 cols
    [CG]   [DIAG] iter=2 posCols=27 newCols=27 effImprove=27 updated=0
    [CG] CG iter 3: obj=1525382.265301, maxRC=350929.666776, +27 cols
    [CG]   [DIAG] iter=3 posCols=27 newCols=27 effImprove=27 updated=0
    [CG] CG iter 4: obj=1675357.760865, maxRC=212888.516904, +26 cols
    [CG]   [DIAG] iter=4 posCols=26 newCols=26 effImprove=26 updated=0
    [CG] CG iter 5: obj=1725922.041540, maxRC=140905.189533, +25 cols
    [CG]   [DIAG] iter=5 posCols=25 newCols=25 effImprove=25 updated=0
    [CG] CG iter 6: obj=1778535.921000, maxRC=104264.567626, +19 cols
    [CG]   [DIAG] iter=6 posCols=19 newCols=19 effImprove=19 updated=0
    [CG] CG iter 7: obj=1854114.561376, maxRC=92813.188649, +23 cols
    [CG]   [DIAG] iter=7 posCols=23 newCols=23 effImprove=23 updated=0
    [CG] CG iter 8: obj=1878080.111360, maxRC=58866.534220, +17 cols
    [CG]   [DIAG] iter=8 posCols=17 newCols=17 effImprove=17 updated=0
    [CG] CG iter 9: obj=1918031.080505, maxRC=65834.327291, +17 cols
    [CG]   [DIAG] iter=9 posCols=17 newCols=17 effImprove=17 updated=0
    [CG] CG iter 10: obj=1931758.981172, maxRC=59031.220510, +18 cols
    [CG]   [DIAG] iter=10 posCols=18 newCols=18 effImprove=18 updated=0
    [CG] CG iter 11: obj=1944296.880739, maxRC=22512.083346, +16 cols
    [CG]   [DIAG] iter=11 posCols=16 newCols=15 effImprove=16 updated=1
    [CG] CG iter 12: obj=1955552.922412, maxRC=16601.372924, +8 cols
    [CG]   [DIAG] iter=12 posCols=8 newCols=7 effImprove=8 updated=1
    [CG] CG iter 13: obj=1968489.241299, maxRC=13000.033930, +5 cols
    [CG]   [DIAG] iter=13 posCols=5 newCols=5 effImprove=5 updated=0
    [CG] CG iter 14: obj=1968489.241299, maxRC=3746.452450, +2 cols
    [CG]   [DIAG] iter=14 posCols=2 newCols=1 effImprove=2 updated=1
    [CG] 列生成收敛，共 15 轮迭代
    [CG] [CG-NODE] depth=0 exit=CERTIFIED certified=1 feasible=1 iters=15 generatedColsBeforeNode=0 newCols=256 posCandidates=259 duplicateCandidates=3 updatedCols=3 zeroObjImproveIters=1 objFirst=750051.749202 objLast=1970676.170156 objGain=1220624.420954 maxRC=1063912.358552 wallSec=0.188936 pricingSec=0.177493 cplexSolveSec=0.006945
      [BB] 根节点即为整数解，obj=1970676.170156
