    [CG] 列生成开始，初始列数=310
    [CG] CG iter 1: obj=750623.620591, maxRC=1043628.875115, +30 cols
    [CG]   [DIAG] iter=1 posCols=30 newCols=30 effImprove=30 updated=0
    [CG] CG iter 2: obj=1439831.332209, maxRC=303712.219517, +28 cols
    [CG]   [DIAG] iter=2 posCols=28 newCols=28 effImprove=28 updated=0
    [CG] CG iter 3: obj=1494780.872535, maxRC=352900.168851, +27 cols
    [CG]   [DIAG] iter=3 posCols=27 newCols=27 effImprove=27 updated=0
    [CG] CG iter 4: obj=1686833.254444, maxRC=222077.130029, +26 cols
    [CG]   [DIAG] iter=4 posCols=26 newCols=26 effImprove=26 updated=0
    [CG] CG iter 5: obj=1758861.894231, maxRC=157225.017356, +22 cols
    [CG]   [DIAG] iter=5 posCols=22 newCols=22 effImprove=22 updated=0
    [CG] CG iter 6: obj=1825872.067127, maxRC=113943.633875, +21 cols
    [CG]   [DIAG] iter=6 posCols=21 newCols=21 effImprove=21 updated=0
    [CG] CG iter 7: obj=1861686.133393, maxRC=108389.909041, +21 cols
    [CG]   [DIAG] iter=7 posCols=21 newCols=21 effImprove=21 updated=0
    [CG] CG iter 8: obj=1902636.386277, maxRC=85846.039443, +21 cols
    [CG]   [DIAG] iter=8 posCols=21 newCols=21 effImprove=21 updated=0
    [CG] CG iter 9: obj=1960300.932179, maxRC=87135.968031, +21 cols
    [CG]   [DIAG] iter=9 posCols=21 newCols=21 effImprove=21 updated=0
    [CG] CG iter 10: obj=1980871.057423, maxRC=78069.210096, +21 cols
    [CG]   [DIAG] iter=10 posCols=21 newCols=20 effImprove=21 updated=1
    [CG] CG iter 11: obj=1987010.383421, maxRC=30446.543926, +18 cols
    [CG]   [DIAG] iter=11 posCols=18 newCols=17 effImprove=18 updated=1
    [CG] CG iter 12: obj=2000013.030739, maxRC=28363.957720, +14 cols
    [CG]   [DIAG] iter=12 posCols=14 newCols=13 effImprove=14 updated=1
    [CG] CG iter 13: obj=2005378.879974, maxRC=25300.504130, +17 cols
    [CG]   [DIAG] iter=13 posCols=17 newCols=17 effImprove=17 updated=0
    [CG] CG iter 14: obj=2022050.022924, maxRC=8983.719937, +10 cols
    [CG]   [DIAG] iter=14 posCols=10 newCols=10 effImprove=10 updated=0
    [CG] CG iter 15: obj=2027311.573372, maxRC=10347.258170, +13 cols
    [CG]   [DIAG] iter=15 posCols=13 newCols=13 effImprove=13 updated=0
    [CG] CG iter 16: obj=2036540.540588, maxRC=10619.925200, +8 cols
    [CG]   [DIAG] iter=16 posCols=8 newCols=8 effImprove=8 updated=0
    [CG] CG iter 17: obj=2036540.540588, maxRC=4854.199840, +1 cols
    [CG]   [DIAG] iter=17 posCols=1 newCols=1 effImprove=1 updated=0
    [CG] CG iter 18: obj=2036540.540588, maxRC=3158.757632, +3 cols
    [CG]   [DIAG] iter=18 posCols=3 newCols=3 effImprove=3 updated=0
    [CG] 列生成收敛，共 19 轮迭代
    [CG] [CG-NODE] depth=0 exit=CERTIFIED certified=1 feasible=1 iters=19 generatedColsBeforeNode=0 newCols=319 posCandidates=322 duplicateCandidates=3 updatedCols=3 zeroObjImproveIters=3 objFirst=750623.620591 objLast=2036540.540588 objGain=1285916.919997 maxRC=1043628.875115 wallSec=0.275987 pricingSec=0.237824 cplexSolveSec=0.008455
      [BB] 根节点即为整数解，obj=2036540.540588
