    [CG] 列生成开始，初始列数=310
    [CG] CG iter 1: obj=738055.933777, maxRC=871861.026987, +28 cols
    [CG]   [DIAG] iter=1 posCols=28 newCols=28 effImprove=28 updated=0
    [CG] CG iter 2: obj=1312701.581384, maxRC=340973.632576, +27 cols
    [CG]   [DIAG] iter=2 posCols=27 newCols=27 effImprove=27 updated=0
    [CG] CG iter 3: obj=1424106.033578, maxRC=346695.550705, +27 cols
    [CG]   [DIAG] iter=3 posCols=27 newCols=27 effImprove=27 updated=0
    [CG] CG iter 4: obj=1429300.228052, maxRC=298832.886773, +27 cols
    [CG]   [DIAG] iter=4 posCols=27 newCols=27 effImprove=27 updated=0
    [CG] CG iter 5: obj=1509600.534429, maxRC=165637.729006, +25 cols
    [CG]   [DIAG] iter=5 posCols=25 newCols=25 effImprove=25 updated=0
    [CG] CG iter 6: obj=1639723.309987, maxRC=122535.911849, +23 cols
    [CG]   [DIAG] iter=6 posCols=23 newCols=23 effImprove=23 updated=0
    [CG] CG iter 7: obj=1675374.696374, maxRC=86280.643658, +23 cols
    [CG]   [DIAG] iter=7 posCols=23 newCols=23 effImprove=23 updated=0
    [CG] CG iter 8: obj=1701697.737645, maxRC=58398.235983, +23 cols
    [CG]   [DIAG] iter=8 posCols=23 newCols=23 effImprove=23 updated=0
    [CG] CG iter 9: obj=1725517.531738, maxRC=47435.817626, +16 cols
    [CG]   [DIAG] iter=9 posCols=16 newCols=16 effImprove=16 updated=0
    [CG] CG iter 10: obj=1737721.444319, maxRC=30285.835827, +16 cols
    [CG]   [DIAG] iter=10 posCols=16 newCols=16 effImprove=16 updated=0
    [CG] CG iter 11: obj=1771378.439591, maxRC=14268.622250, +10 cols
    [CG]   [DIAG] iter=11 posCols=10 newCols=8 effImprove=10 updated=2
    [CG] CG iter 12: obj=1771378.439591, maxRC=8100.374842, +7 cols
    [CG]   [DIAG] iter=12 posCols=7 newCols=7 effImprove=7 updated=0
    [CG] CG iter 13: obj=1771378.439591, maxRC=6216.272515, +4 cols
    [CG]   [DIAG] iter=13 posCols=4 newCols=3 effImprove=4 updated=1
    [CG] CG iter 14: obj=1774564.952660, maxRC=2414.490144, +4 cols
    [CG]   [DIAG] iter=14 posCols=4 newCols=4 effImprove=4 updated=0
    [CG] CG iter 15: obj=1776141.191610, maxRC=246.434469, +1 cols
    [CG]   [DIAG] iter=15 posCols=1 newCols=1 effImprove=1 updated=0
    [CG] 列生成收敛，共 16 轮迭代
    [CG] [CG-NODE] depth=0 exit=CERTIFIED certified=1 feasible=1 iters=16 generatedColsBeforeNode=0 newCols=258 posCandidates=261 duplicateCandidates=3 updatedCols=3 zeroObjImproveIters=3 objFirst=738055.933777 objLast=1776141.191610 objGain=1038085.257834 maxRC=871861.026987 wallSec=0.168194 pricingSec=0.156989 cplexSolveSec=0.006827
      [BB] 根节点即为整数解，obj=1776141.191610
