    [CG] 列生成开始，初始列数=310
    [CG] CG iter 1: obj=748577.138505, maxRC=1028354.730826, +29 cols
    [CG]   [DIAG] iter=1 posCols=29 newCols=29 effImprove=29 updated=0
    [CG] CG iter 2: obj=1437106.965550, maxRC=391084.164606, +27 cols
    [CG]   [DIAG] iter=2 posCols=27 newCols=27 effImprove=27 updated=0
    [CG] CG iter 3: obj=1479200.214615, maxRC=412604.773597, +27 cols
    [CG]   [DIAG] iter=3 posCols=27 newCols=27 effImprove=27 updated=0
    [CG] CG iter 4: obj=1479330.586348, maxRC=367455.346901, +27 cols
    [CG]   [DIAG] iter=4 posCols=27 newCols=27 effImprove=27 updated=0
    [CG] CG iter 5: obj=1607482.480850, maxRC=206761.516300, +25 cols
    [CG]   [DIAG] iter=5 posCols=25 newCols=25 effImprove=25 updated=0
    [CG] CG iter 6: obj=1695366.962924, maxRC=163370.173404, +24 cols
    [CG]   [DIAG] iter=6 posCols=24 newCols=24 effImprove=24 updated=0
    [CG] CG iter 7: obj=1793338.480449, maxRC=98201.800955, +24 cols
    [CG]   [DIAG] iter=7 posCols=24 newCols=24 effImprove=24 updated=0
    [CG] CG iter 8: obj=1848481.221265, maxRC=128596.570138, +22 cols
    [CG]   [DIAG] iter=8 posCols=22 newCols=22 effImprove=22 updated=0
    [CG] CG iter 9: obj=1866521.131875, maxRC=78686.975014, +23 cols
    [CG]   [DIAG] iter=9 posCols=23 newCols=23 effImprove=23 updated=0
    [CG] CG iter 10: obj=1901385.860796, maxRC=91034.246673, +22 cols
    [CG]   [DIAG] iter=10 posCols=22 newCols=22 effImprove=22 updated=0
    [CG] CG iter 11: obj=1929520.674809, maxRC=67146.344402, +22 cols
    [CG]   [DIAG] iter=11 posCols=22 newCols=22 effImprove=22 updated=0
    [CG] CG iter 12: obj=1967744.992713, maxRC=64140.557505, +23 cols
    [CG]   [DIAG] iter=12 posCols=23 newCols=23 effImprove=23 updated=0
    [CG] CG iter 13: obj=1990889.134431, maxRC=29953.835631, +18 cols
    [CG]   [DIAG] iter=13 posCols=18 newCols=18 effImprove=18 updated=0
    [CG] CG iter 14: obj=1990889.134431, maxRC=41729.131681, +16 cols
    [CG]   [DIAG] iter=14 posCols=16 newCols=16 effImprove=16 updated=0
    [CG] CG iter 15: obj=1990889.134431, maxRC=20493.369175, +11 cols
    [CG]   [DIAG] iter=15 posCols=11 newCols=10 effImprove=11 updated=1
    [CG] CG iter 16: obj=2006073.106942, maxRC=15453.882800, +5 cols
    [CG]   [DIAG] iter=16 posCols=5 newCols=5 effImprove=5 updated=0
    [CG] CG iter 17: obj=2018017.089215, maxRC=19188.146146, +6 cols
    [CG]   [DIAG] iter=17 posCols=6 newCols=6 effImprove=6 updated=0
    [CG] CG iter 18: obj=2018017.089215, maxRC=5513.707657, +4 cols
    [CG]   [DIAG] iter=18 posCols=4 newCols=4 effImprove=4 updated=0
    [CG] CG iter 19: obj=2018017.089215, maxRC=4848.116543, +1 cols
    [CG]   [DIAG] iter=19 posCols=1 newCols=1 effImprove=1 updated=0
    [CG] 列生成收敛，共 20 轮迭代
    [CG] [CG-NODE] depth=0 exit=CERTIFIED certified=1 feasible=1 iters=20 generatedColsBeforeNode=0 newCols=355 posCandidates=356 duplicateCandidates=1 updatedCols=1 zeroObjImproveIters=5 objFirst=748577.138505 objLast=2018017.089215 objGain=1269439.950710 maxRC=1028354.730826 wallSec=0.269833 pricingSec=0.256936 cplexSolveSec=0.008315
      [BB] 根节点即为整数解，obj=2018017.089215
