    [CG] 列生成开始，初始列数=310
    [CG] CG iter 1: obj=741839.337813, maxRC=954132.345017, +30 cols
    [CG]   [DIAG] iter=1 posCols=30 newCols=30 effImprove=30 updated=0
    [CG] CG iter 2: obj=1324014.368969, maxRC=339318.945566, +29 cols
    [CG]   [DIAG] iter=2 posCols=29 newCols=29 effImprove=29 updated=0
    [CG] CG iter 3: obj=1434756.199685, maxRC=247331.790950, +28 cols
    [CG]   [DIAG] iter=3 posCols=28 newCols=28 effImprove=28 updated=0
    [CG] CG iter 4: obj=1602674.572855, maxRC=218819.465360, +26 cols
    [CG]   [DIAG] iter=4 posCols=26 newCols=26 effImprove=26 updated=0
    [CG] CG iter 5: obj=1656110.256549, maxRC=171015.297916, +23 cols
    [CG]   [DIAG] iter=5 posCols=23 newCols=23 effImprove=23 updated=0
    [CG] CG iter 6: obj=1705691.583919, maxRC=190134.467199, +21 cols
    [CG]   [DIAG] iter=6 posCols=21 newCols=20 effImprove=21 updated=1
    [CG] CG iter 7: obj=1749287.608114, maxRC=122974.213854, +17 cols
    [CG]   [DIAG] iter=7 posCols=17 newCols=17 effImprove=17 updated=0
    [CG] CG iter 8: obj=1774536.322609, maxRC=94707.355819, +15 cols
    [CG]   [DIAG] iter=8 posCols=15 newCols=14 effImprove=15 updated=1
    [CG] CG iter 9: obj=1782546.514471, maxRC=48366.148407, +12 cols
    [CG]   [DIAG] iter=9 posCols=12 newCols=9 effImprove=12 updated=3
    [CG] CG iter 10: obj=1834685.465000, maxRC=71768.758527, +8 cols
    [CG]   [DIAG] iter=10 posCols=8 newCols=8 effImprove=8 updated=0
    [CG] CG iter 11: obj=1834685.465000, maxRC=54549.114291, +6 cols
    [CG]   [DIAG] iter=11 posCols=6 newCols=6 effImprove=6 updated=0
    [CG] CG iter 12: obj=1834685.465000, maxRC=17210.705243, +4 cols
    [CG]   [DIAG] iter=12 posCols=4 newCols=4 effImprove=4 updated=0
    [CG] CG iter 13: obj=1846473.498599, maxRC=31942.992529, +6 cols
    [CG]   [DIAG] iter=13 posCols=6 newCols=6 effImprove=6 updated=0
    [CG] CG iter 14: obj=1846473.498599, maxRC=20840.074721, +5 cols
    [CG]   [DIAG] iter=14 posCols=5 newCols=5 effImprove=5 updated=0
    [CG] CG iter 15: obj=1846473.498599, maxRC=16620.297116, +4 cols
    [CG]   [DIAG] iter=15 posCols=4 newCols=4 effImprove=4 updated=0
    [CG] CG iter 16: obj=1846473.498599, maxRC=12203.013163, +4 cols
    [CG]   [DIAG] iter=16 posCols=4 newCols=4 effImprove=4 updated=0
    [CG] CG iter 17: obj=1846473.498599, maxRC=7034.775554, +3 cols
    [CG]   [DIAG] iter=17 posCols=3 newCols=3 effImprove=3 updated=0
    [CG] CG iter 18: obj=1846473.498599, maxRC=6939.383416, +2 cols
    [CG]   [DIAG] iter=18 posCols=2 newCols=2 effImprove=2 updated=0
    [CG] CG iter 19: obj=1846473.498599, maxRC=2286.803818, +3 cols
    [CG]   [DIAG] iter=19 posCols=3 newCols=3 effImprove=3 updated=0
    [CG] 列生成收敛，共 20 轮迭代
    [CG] [CG-NODE] depth=0 exit=CERTIFIED certified=1 feasible=1 iters=20 generatedColsBeforeNode=0 newCols=241 posCandidates=246 duplicateCandidates=5 updatedCols=5 zeroObjImproveIters=9 objFirst=741839.337813 objLast=1846473.498599 objGain=1104634.160786 maxRC=954132.345017 wallSec=0.161647 pricingSec=0.149255 cplexSolveSec=0.007375
      [BB] 根节点即为整数解，obj=1846473.498599
