    [CG] 列生成开始，初始列数=310
    [CG] CG iter 1: obj=748418.097783, maxRC=892024.943300, +30 cols
    [CG]   [DIAG] iter=1 posCols=30 newCols=30 effImprove=30 updated=0
    [CG] CG iter 2: obj=1387579.130995, maxRC=465264.199137, +30 cols
    [CG]   [DIAG] iter=2 posCols=30 newCols=30 effImprove=30 updated=0
    [CG] CG iter 3: obj=1455185.268150, maxRC=351302.140715, +30 cols
    [CG]   [DIAG] iter=3 posCols=30 newCols=30 effImprove=30 updated=0
    [CG] CG iter 4: obj=1510285.316206, maxRC=233905.095461, +28 cols
    [CG]   [DIAG] iter=4 posCols=28 newCols=28 effImprove=28 updated=0
    [CG] CG iter 5: obj=1602801.740748, maxRC=182728.968389, +29 cols
    [CG]   [DIAG] iter=5 posCols=29 newCols=29 effImprove=29 updated=0
    [CG] CG iter 6: obj=1692136.849042, maxRC=94455.720093, +25 cols
    [CG]   [DIAG] iter=6 posCols=25 newCols=24 effImprove=25 updated=1
    [CG] CG iter 7: obj=1798872.997609, maxRC=97346.975144, +21 cols
    [CG]   [DIAG] iter=7 posCols=21 newCols=21 effImprove=21 updated=0
    [CG] CG iter 8: obj=1825874.023556, maxRC=51956.847972, +21 cols
    [CG]   [DIAG] iter=8 posCols=21 newCols=21 effImprove=21 updated=0
    [CG] CG iter 9: obj=1843977.162628, maxRC=64739.626808, +20 cols
    [CG]   [DIAG] iter=9 posCols=20 newCols=20 effImprove=20 updated=0
    [CG] CG iter 10: obj=1868620.842158, maxRC=36483.623702, +19 cols
    [CG]   [DIAG] iter=10 posCols=19 newCols=19 effImprove=19 updated=0
    [CG] CG iter 11: obj=1888872.250480, maxRC=25446.404822, +18 cols
    [CG]   [DIAG] iter=11 posCols=18 newCols=18 effImprove=18 updated=0
    [CG] CG iter 12: obj=1905187.077953, maxRC=21500.780116, +18 cols
    [CG]   [DIAG] iter=12 posCols=18 newCols=17 effImprove=18 updated=1
    [CG] CG iter 13: obj=1905187.077953, maxRC=11386.407578, +10 cols
    [CG]   [DIAG] iter=13 posCols=10 newCols=9 effImprove=10 updated=1
    [CG] CG iter 14: obj=1916354.179858, maxRC=9585.365333, +7 cols
    [CG]   [DIAG] iter=14 posCols=7 newCols=7 effImprove=7 updated=0
    [CG] CG iter 15: obj=1919611.965329, maxRC=15078.480623, +5 cols
    [CG]   [DIAG] iter=15 posCols=5 newCols=4 effImprove=5 updated=1
    [CG] CG iter 16: obj=1919611.965329, maxRC=3810.103016, +2 cols
    [CG]   [DIAG] iter=16 posCols=2 newCols=2 effImprove=2 updated=0
    [CG] CG iter 17: obj=1919611.965329, maxRC=3449.830917, +1 cols
    [CG]   [DIAG] iter=17 posCols=1 newCols=1 effImprove=1 updated=0
    [CG] CG iter 18: obj=1919611.965329, maxRC=2865.985786, +1 cols
    [CG]   [DIAG] iter=18 posCols=1 newCols=1 effImprove=1 updated=0
    [CG] CG iter 19: obj=1919611.965329, maxRC=380.767918, +1 cols
    [CG]   [DIAG] iter=19 posCols=1 newCols=1 effImprove=1 updated=0
    [CG] 列生成收敛，共 20 轮迭代
    [CG] [CG-NODE] depth=0 exit=CERTIFIED certified=1 feasible=1 iters=20 generatedColsBeforeNode=0 newCols=312 posCandidates=316 duplicateCandidates=4 updatedCols=4 zeroObjImproveIters=6 objFirst=748418.097783 objLast=1919611.965329 objGain=1171193.867546 maxRC=892024.943300 wallSec=0.229180 pricingSec=0.215480 cplexSolveSec=0.008598
      [BB] 根节点即为整数解，obj=1919611.965329
