    [CG] 列生成开始，初始列数=310
    [CG] CG iter 1: obj=693510.928820, maxRC=1076453.988000, +29 cols
    [CG]   [DIAG] iter=1 posCols=29 newCols=29 effImprove=29 updated=0
    [CG] CG iter 2: obj=1416024.320465, maxRC=256180.872878, +27 cols
    [CG]   [DIAG] iter=2 posCols=27 newCols=27 effImprove=27 updated=0
    [CG] CG iter 3: obj=1484979.945130, maxRC=319540.857058, +27 cols
    [CG]   [DIAG] iter=3 posCols=27 newCols=27 effImprove=27 updated=0
    [CG] CG iter 4: obj=1661476.125660, maxRC=264753.350050, +26 cols
    [CG]   [DIAG] iter=4 posCols=26 newCols=26 effImprove=26 updated=0
    [CG] CG iter 5: obj=1687327.092745, maxRC=170275.850751, +24 cols
    [CG]   [DIAG] iter=5 posCols=24 newCols=24 effImprove=24 updated=0
    [CG] CG iter 6: obj=1743151.920150, maxRC=153755.247325, +24 cols
    [CG]   [DIAG] iter=6 posCols=24 newCols=24 effImprove=24 updated=0
    [CG] CG iter 7: obj=1804075.071808, maxRC=99024.884836, +18 cols
    [CG]   [DIAG] iter=7 posCols=18 newCols=18 effImprove=18 updated=0
    [CG] CG iter 8: obj=1837453.517180, maxRC=111000.844700, +21 cols
    [CG]   [DIAG] iter=8 posCols=21 newCols=21 effImprove=21 updated=0
    [CG] CG iter 9: obj=1915782.306812, maxRC=107954.217473, +16 cols
    [CG]   [DIAG] iter=9 posCols=16 newCols=16 effImprove=16 updated=0
    [CG] CG iter 10: obj=1930633.779390, maxRC=101349.584242, +15 cols
    [CG]   [DIAG] iter=10 posCols=15 newCols=15 effImprove=15 updated=0
    [CG] CG iter 11: obj=1950710.531614, maxRC=55368.749869, +12 cols
    [CG]   [DIAG] iter=11 posCols=12 newCols=12 effImprove=12 updated=0
    [CG] CG iter 12: obj=1953995.704921, maxRC=47822.704652, +9 cols
    [CG]   [DIAG] iter=12 posCols=9 newCols=9 effImprove=9 updated=0
    [CG] CG iter 13: obj=1954297.690195, maxRC=73382.756552, +13 cols
    [CG]   [DIAG] iter=13 posCols=13 newCols=13 effImprove=13 updated=0
    [CG] CG iter 14: obj=1954297.690195, maxRC=32021.444518, +12 cols
    [CG]   [DIAG] iter=14 posCols=12 newCols=12 effImprove=12 updated=0
    [CG] CG iter 15: obj=1954297.690195, maxRC=20838.997563, +10 cols
    [CG]   [DIAG] iter=15 posCols=10 newCols=10 effImprove=10 updated=0
    [CG] CG iter 16: obj=1956271.900513, maxRC=13051.287534, +9 cols
    [CG]   [DIAG] iter=16 posCols=9 newCols=9 effImprove=9 updated=0
    [CG] CG iter 17: obj=1970970.262051, maxRC=30013.987078, +10 cols
    [CG]   [DIAG] iter=17 posCols=10 newCols=10 effImprove=10 updated=0
    [CG] CG iter 18: obj=1970970.262051, maxRC=14921.918526, +7 cols
    [CG]   [DIAG] iter=18 posCols=7 newCols=6 effImprove=7 updated=1
    [CG] CG iter 19: obj=1970970.262051, maxRC=7267.872448, +4 cols
    [CG]   [DIAG] iter=19 posCols=4 newCols=4 effImprove=4 updated=0
    [CG] CG iter 20: obj=1973442.811755, maxRC=3888.761972, +4 cols
    [CG]   [DIAG] iter=20 posCols=4 newCols=4 effImprove=4 updated=0
    [CG] CG iter 21: obj=1973442.811755, maxRC=1740.504544, +3 cols
    [CG]   [DIAG] iter=21 posCols=3 newCols=3 effImprove=3 updated=0
    [CG] CG iter 22: obj=1973442.811755, maxRC=1587.911094, +1 cols
    [CG]   [DIAG] iter=22 posCols=1 newCols=1 effImprove=1 updated=0
    [CG] CG iter 23: obj=1973442.811755, maxRC=773.254171, +1 cols
    [CG]   [DIAG] iter=23 posCols=1 newCols=1 effImprove=1 updated=0
    [CG] CG iter 24: obj=1973442.811755, maxRC=33.123972, +1 cols
    [CG]   [DIAG] iter=24 posCols=1 newCols=1 effImprove=1 updated=0
    [CG] 列生成收敛，共 25 轮迭代
    [CG] [CG-NODE] depth=0 exit=CERTIFIED certified=1 feasible=1 iters=25 generatedColsBeforeNode=0 newCols=322 posCandidates=323 duplicateCandidates=1 updatedCols=1 zeroObjImproveIters=9 objFirst=693510.928820 objLast=1973442.811755 objGain=1279931.882936 maxRC=1076453.988000 wallSec=0.233513 pricingSec=0.217456 cplexSolveSec=0.010616
      [BB] 根节点即为整数解，obj=1973442.811755
