    [CG] 列生成开始，初始列数=310
    [CG] CG iter 1: obj=687584.304708, maxRC=1094142.118081, +28 cols
    [CG]   [DIAG] iter=1 posCols=28 newCols=28 effImprove=28 updated=0
    [CG] CG iter 2: obj=1398998.595476, maxRC=258735.801056, +24 cols
    [CG]   [DIAG] iter=2 posCols=24 newCols=24 effImprove=24 updated=0
    [CG] CG iter 3: obj=1446798.543635, maxRC=386299.304250, +27 cols
    [CG]   [DIAG] iter=3 posCols=27 newCols=27 effImprove=27 updated=0
    [CG] CG iter 4: obj=1570371.159545, maxRC=246986.928190, +27 cols
    [CG]   [DIAG] iter=4 posCols=27 newCols=27 effImprove=27 updated=0
    [CG] CG iter 5: obj=1666056.226465, maxRC=198178.258916, +24 cols
    [CG]   [DIAG] iter=5 posCols=24 newCols=24 effImprove=24 updated=0
    [CG] CG iter 6: obj=1786906.942842, maxRC=135528.428571, +24 cols
    [CG]   [DIAG] iter=6 posCols=24 newCols=24 effImprove=24 updated=0
    [CG] CG iter 7: obj=1817135.109606, maxRC=108214.562835, +21 cols
    [CG]   [DIAG] iter=7 posCols=21 newCols=21 effImprove=21 updated=0
    [CG] CG iter 8: obj=1826243.494304, maxRC=110372.027259, +23 cols
    [CG]   [DIAG] iter=8 posCols=23 newCols=23 effImprove=23 updated=0
    [CG] CG iter 9: obj=1889496.890863, maxRC=86894.568951, +19 cols
    [CG]   [DIAG] iter=9 posCols=19 newCols=17 effImprove=19 updated=2
    [CG] CG iter 10: obj=1899428.747763, maxRC=75377.011433, +20 cols
    [CG]   [DIAG] iter=10 posCols=20 newCols=20 effImprove=20 updated=0
    [CG] CG iter 11: obj=1911136.613836, maxRC=68627.331360, +17 cols
    [CG]   [DIAG] iter=11 posCols=17 newCols=17 effImprove=17 updated=0
    [CG] CG iter 12: obj=1944137.418879, maxRC=87713.279646, +17 cols
    [CG]   [DIAG] iter=12 posCols=17 newCols=16 effImprove=17 updated=1
    [CG] CG iter 13: obj=1944137.418879, maxRC=39043.945062, +14 cols
    [CG]   [DIAG] iter=13 posCols=14 newCols=14 effImprove=14 updated=0
    [CG] CG iter 14: obj=1959535.306804, maxRC=64482.992866, +14 cols
    [CG]   [DIAG] iter=14 posCols=14 newCols=14 effImprove=14 updated=0
    [CG] CG iter 15: obj=1959535.306804, maxRC=42395.280752, +9 cols
    [CG]   [DIAG] iter=15 posCols=9 newCols=9 effImprove=9 updated=0
    [CG] CG iter 16: obj=1959535.306804, maxRC=35233.524496, +9 cols
    [CG]   [DIAG] iter=16 posCols=9 newCols=9 effImprove=9 updated=0
    [CG] CG iter 17: obj=1959535.306804, maxRC=39798.589872, +11 cols
    [CG]   [DIAG] iter=17 posCols=11 newCols=11 effImprove=11 updated=0
    [CG] CG iter 18: obj=1963912.309242, maxRC=15963.766169, +6 cols
    [CG]   [DIAG] iter=18 posCols=6 newCols=6 effImprove=6 updated=0
    [CG] CG iter 19: obj=1964373.075730, maxRC=11416.068148, +4 cols
    [CG]   [DIAG] iter=19 posCols=4 newCols=4 effImprove=4 updated=0
    [CG] CG iter 20: obj=1975328.377390, maxRC=23072.970814, +2 cols
    [CG]   [DIAG] iter=20 posCols=2 newCols=2 effImprove=2 updated=0
    [CG] CG iter 21: obj=1975328.377390, maxRC=6421.924225, +3 cols
    [CG]   [DIAG] iter=21 posCols=3 newCols=3 effImprove=3 updated=0
    [CG] CG iter 22: obj=1975328.377390, maxRC=2627.847709, +1 cols
    [CG]   [DIAG] iter=22 posCols=1 newCols=1 effImprove=1 updated=0
    [CG] CG iter 23: obj=1975328.377390, maxRC=1499.442276, +1 cols
    [CG]   [DIAG] iter=23 posCols=1 newCols=1 effImprove=1 updated=0
    [CG] CG iter 24: obj=1975328.377390, maxRC=2772.356350, +1 cols
    [CG]   [DIAG] iter=24 posCols=1 newCols=1 effImprove=1 updated=0
    [CG] CG iter 25: obj=1975328.377390, maxRC=2710.773374, +1 cols
    [CG]   [DIAG] iter=25 posCols=1 newCols=1 effImprove=1 updated=0
    [CG] CG iter 26: obj=1975328.377390, maxRC=1175.729865, +1 cols
    [CG]   [DIAG] iter=26 posCols=1 newCols=1 effImprove=1 updated=0
    [CG] CG iter 27: obj=1975328.377390, maxRC=822.062158, +1 cols
    [CG]   [DIAG] iter=27 posCols=1 newCols=1 effImprove=1 updated=0
    [CG] CG iter 28: obj=1975328.377390, maxRC=496.379956, +1 cols
    [CG]   [DIAG] iter=28 posCols=1 newCols=1 effImprove=1 updated=0
    [CG] 列生成收敛，共 29 轮迭代
    [CG] [CG-NODE] depth=0 exit=CERTIFIED certified=1 feasible=1 iters=29 generatedColsBeforeNode=0 newCols=347 posCandidates=350 duplicateCandidates=3 updatedCols=3 zeroObjImproveIters=13 objFirst=687584.304708 objLast=1975328.377390 objGain=1287744.072682 maxRC=1094142.118081 wallSec=0.259041 pricingSec=0.243445 cplexSolveSec=0.011064
      [BB] 根节点即为整数解，obj=1975328.377390
