    [CG] 列生成开始，初始列数=310
    [CG] CG iter 1: obj=696069.994753, maxRC=898798.453072, +30 cols
    [CG]   [DIAG] iter=1 posCols=30 newCols=30 effImprove=30 updated=0
    [CG] CG iter 2: obj=1348259.109226, maxRC=369640.963230, +30 cols
    [CG]   [DIAG] iter=2 posCols=30 newCols=30 effImprove=30 updated=0
    [CG] CG iter 3: obj=1366212.021336, maxRC=378834.451081, +30 cols
    [CG]   [DIAG] iter=3 posCols=30 newCols=30 effImprove=30 updated=0
    [CG] CG iter 4: obj=1462827.474663, maxRC=190145.202363, +27 cols
    [CG]   [DIAG] iter=4 posCols=27 newCols=27 effImprove=27 updated=0
    [CG] CG iter 5: obj=1542641.494113, maxRC=141757.939547, +24 cols
    [CG]   [DIAG] iter=5 posCols=24 newCols=24 effImprove=24 updated=0
    [CG] CG iter 6: obj=1658187.253408, maxRC=154581.921136, +23 cols
    [CG]   [DIAG] iter=6 posCols=23 newCols=22 effImprove=23 updated=1
    [CG] CG iter 7: obj=1714099.947836, maxRC=129467.605207, +24 cols
    [CG]   [DIAG] iter=7 posCols=24 newCols=24 effImprove=24 updated=0
    [CG] CG iter 8: obj=1740806.557102, maxRC=74898.587919, +18 cols
    [CG]   [DIAG] iter=8 posCols=18 newCols=17 effImprove=18 updated=1
    [CG] CG iter 9: obj=1791866.272932, maxRC=81668.062026, +19 cols
    [CG]   [DIAG] iter=9 posCols=19 newCols=19 effImprove=19 updated=0
    [CG] CG iter 10: obj=1819309.174158, maxRC=40638.118961, +19 cols
    [CG]   [DIAG] iter=10 posCols=19 newCols=19 effImprove=19 updated=0
    [CG] CG iter 11: obj=1832331.160456, maxRC=37891.137987, +19 cols
    [CG]   [DIAG] iter=11 posCols=19 newCols=19 effImprove=19 updated=0
    [CG] CG iter 12: obj=1848742.452832, maxRC=31951.537754, +16 cols
    [CG]   [DIAG] iter=12 posCols=16 newCols=16 effImprove=16 updated=0
    [CG] CG iter 13: obj=1855647.456382, maxRC=14573.541380, +11 cols
    [CG]   [DIAG] iter=13 posCols=11 newCols=11 effImprove=11 updated=0
    [CG] CG iter 14: obj=1861641.578906, maxRC=20528.564740, +14 cols
    [CG]   [DIAG] iter=14 posCols=14 newCols=14 effImprove=14 updated=0
    [CG] CG iter 15: obj=1870360.636827, maxRC=10705.815209, +8 cols
    [CG]   [DIAG] iter=15 posCols=8 newCols=8 effImprove=8 updated=0
    [CG] CG iter 16: obj=1871939.357908, maxRC=10034.122928, +4 cols
    [CG]   [DIAG] iter=16 posCols=4 newCols=4 effImprove=4 updated=0
    [CG] CG iter 17: obj=1877968.485659, maxRC=8390.068509, +7 cols
    [CG]   [DIAG] iter=17 posCols=7 newCols=6 effImprove=7 updated=1
    [CG] CG iter 18: obj=1885362.934514, maxRC=5013.784778, +2 cols
    [CG]   [DIAG] iter=18 posCols=2 newCols=2 effImprove=2 updated=0
    [CG] CG iter 19: obj=1885362.934514, maxRC=87.207473, +1 cols
    [CG]   [DIAG] iter=19 posCols=1 newCols=1 effImprove=1 updated=0
    [CG] 列生成收敛，共 20 轮迭代
    [CG] [CG-NODE] depth=0 exit=CERTIFIED certified=1 feasible=1 iters=20 generatedColsBeforeNode=0 newCols=323 posCandidates=326 duplicateCandidates=3 updatedCols=3 zeroObjImproveIters=2 objFirst=696069.994753 objLast=1885362.934514 objGain=1189292.939760 maxRC=898798.453072 wallSec=0.218958 pricingSec=0.205070 cplexSolveSec=0.008818
      [BB] 根节点即为整数解，obj=1885362.934514
