    [CG] 列生成开始，初始列数=310
    [CG] CG iter 1: obj=680399.833825, maxRC=1070630.750452, +29 cols
    [CG]   [DIAG] iter=1 posCols=29 newCols=29 effImprove=29 updated=0
    [CG] CG iter 2: obj=1403966.122027, maxRC=236039.714265, +27 cols
    [CG]   [DIAG] iter=2 posCols=27 newCols=27 effImprove=27 updated=0
    [CG] CG iter 3: obj=1629545.368812, maxRC=449961.501166, +27 cols
    [CG]   [DIAG] iter=3 posCols=27 newCols=27 effImprove=27 updated=0
    [CG] CG iter 4: obj=1659098.909087, maxRC=224075.893840, +27 cols
    [CG]   [DIAG] iter=4 posCols=27 newCols=26 effImprove=27 updated=1
    [CG] CG iter 5: obj=1743791.688247, maxRC=146236.919083, +24 cols
    [CG]   [DIAG] iter=5 posCols=24 newCols=24 effImprove=24 updated=0
    [CG] CG iter 6: obj=1775102.288333, maxRC=94439.446972, +24 cols
    [CG]   [DIAG] iter=6 posCols=24 newCols=24 effImprove=24 updated=0
    [CG] CG iter 7: obj=1850642.667367, maxRC=111329.827762, +24 cols
    [CG]   [DIAG] iter=7 posCols=24 newCols=24 effImprove=24 updated=0
    [CG] CG iter 8: obj=1888214.044310, maxRC=73580.336957, +23 cols
    [CG]   [DIAG] iter=8 posCols=23 newCols=23 effImprove=23 updated=0
    [CG] CG iter 9: obj=1902708.248893, maxRC=41565.158804, +21 cols
    [CG]   [DIAG] iter=9 posCols=21 newCols=21 effImprove=21 updated=0
    [CG] CG iter 10: obj=1925879.573881, maxRC=50356.883769, +19 cols
    [CG]   [DIAG] iter=10 posCols=19 newCols=19 effImprove=19 updated=0
    [CG] CG iter 11: obj=1942748.328604, maxRC=33296.873281, +24 cols
    [CG]   [DIAG] iter=11 posCols=24 newCols=24 effImprove=24 updated=0
    [CG] CG iter 12: obj=1942748.328604, maxRC=25837.647366, +15 cols
    [CG]   [DIAG] iter=12 posCols=15 newCols=14 effImprove=15 updated=1
    [CG] CG iter 13: obj=1968585.975971, maxRC=7558.773346, +8 cols
    [CG]   [DIAG] iter=13 posCols=8 newCols=8 effImprove=8 updated=0
    [CG] CG iter 14: obj=1968585.975971, maxRC=2109.551690, +3 cols
    [CG]   [DIAG] iter=14 posCols=3 newCols=3 effImprove=3 updated=0
    [CG] CG iter 15: obj=1968585.975971, maxRC=857.540406, +1 cols
    [CG]   [DIAG] iter=15 posCols=1 newCols=1 effImprove=1 updated=0
    [CG] 列生成收敛，共 16 轮迭代
    [CG] [CG-NODE] depth=0 exit=CERTIFIED certified=1 feasible=1 iters=16 generatedColsBeforeNode=0 newCols=294 posCandidates=296 duplicateCandidates=2 updatedCols=2 zeroObjImproveIters=4 objFirst=680399.833825 objLast=1968585.975971 objGain=1288186.142145 maxRC=1070630.750452 wallSec=0.235963 pricingSec=0.207765 cplexSolveSec=0.007026
      [BB] 根节点即为整数解，obj=1968585.975971
