    [CG] 列生成开始，初始列数=310
    [CG] CG iter 1: obj=683301.376488, maxRC=1042055.147208, +30 cols
    [CG]   [DIAG] iter=1 posCols=30 newCols=30 effImprove=30 updated=0
    [CG] CG iter 2: obj=1383205.942470, maxRC=375745.854598, +28 cols
    [CG]   [DIAG] iter=2 posCols=28 newCols=28 effImprove=28 updated=0
    [CG] CG iter 3: obj=1406170.977818, maxRC=416313.804753, +27 cols
    [CG]   [DIAG] iter=3 posCols=27 newCols=27 effImprove=27 updated=0
    [CG] CG iter 4: obj=1458713.005162, maxRC=264654.789454, +27 cols
    [CG]   [DIAG] iter=4 posCols=27 newCols=27 effImprove=27 updated=0
    [CG] CG iter 5: obj=1616920.941727, maxRC=195806.404035, +27 cols
    [CG]   [DIAG] iter=5 posCols=27 newCols=27 effImprove=27 updated=0
    [CG] CG iter 6: obj=1696701.452729, maxRC=136720.915322, +23 cols
    [CG]   [DIAG] iter=6 posCols=23 newCols=23 effImprove=23 updated=0
    [CG] CG iter 7: obj=1723520.073481, maxRC=142624.617601, +22 cols
    [CG]   [DIAG] iter=7 posCols=22 newCols=22 effImprove=22 updated=0
    [CG] CG iter 8: obj=1771781.160186, maxRC=101995.398617, +22 cols
    [CG]   [DIAG] iter=8 posCols=22 newCols=22 effImprove=22 updated=0
    [CG] CG iter 9: obj=1824246.260934, maxRC=108241.692585, +21 cols
    [CG]   [DIAG] iter=9 posCols=21 newCols=21 effImprove=21 updated=0
    [CG] CG iter 10: obj=1875039.212121, maxRC=77109.578555, +22 cols
    [CG]   [DIAG] iter=10 posCols=22 newCols=22 effImprove=22 updated=0
    [CG] CG iter 11: obj=1897521.316572, maxRC=57953.754114, +18 cols
    [CG]   [DIAG] iter=11 posCols=18 newCols=18 effImprove=18 updated=0
    [CG] CG iter 12: obj=1923799.611692, maxRC=47911.771389, +21 cols
    [CG]   [DIAG] iter=12 posCols=21 newCols=21 effImprove=21 updated=0
    [CG] CG iter 13: obj=1927363.900960, maxRC=40348.454960, +15 cols
    [CG]   [DIAG] iter=13 posCols=15 newCols=15 effImprove=15 updated=0
    [CG] CG iter 14: obj=1940522.607072, maxRC=17704.052696, +13 cols
    [CG]   [DIAG] iter=14 posCols=13 newCols=13 effImprove=13 updated=0
    [CG] CG iter 15: obj=1946436.536060, maxRC=24758.192677, +11 cols
    [CG]   [DIAG] iter=15 posCols=11 newCols=11 effImprove=11 updated=0
    [CG] CG iter 16: obj=1946436.536060, maxRC=9380.853848, +6 cols
    [CG]   [DIAG] iter=16 posCols=6 newCols=6 effImprove=6 updated=0
    [CG] CG iter 17: obj=1949431.750801, maxRC=8070.027491, +4 cols
    [CG]   [DIAG] iter=17 posCols=4 newCols=4 effImprove=4 updated=0
    [CG] CG iter 18: obj=1953684.479812, maxRC=6778.950259, +6 cols
    [CG]   [DIAG] iter=18 posCols=6 newCols=6 effImprove=6 updated=0
    [CG] CG iter 19: obj=1953684.479812, maxRC=5999.950956, +3 cols
    [CG]   [DIAG] iter=19 posCols=3 newCols=3 effImprove=3 updated=0
    [CG] CG iter 20: obj=1953684.479812, maxRC=624.687930, +2 cols
    [CG]   [DIAG] iter=20 posCols=2 newCols=2 effImprove=2 updated=0
    [CG] 列生成收敛，共 21 轮迭代
    [CG] [CG-NODE] depth=0 exit=CERTIFIED certified=1 feasible=1 iters=21 generatedColsBeforeNode=0 newCols=348 posCandidates=348 duplicateCandidates=0 updatedCols=0 zeroObjImproveIters=3 objFirst=683301.376488 objLast=1953862.034354 objGain=1270560.657866 maxRC=1042055.147208 wallSec=0.271974 pricingSec=0.258916 cplexSolveSec=0.009102
      [BB] 分支定界开始，根节点LP obj=1953862.034354，最大节点数=10000
      [BB] 根节点启发式下界 LB=1777671.263156（上界=1953862.034354）
    [CG] [BB-DIAG] 分支 x_{dc=2,retailer=2}, 节点数=1
    [CG] 列生成开始，初始列数=647
    [CG] CG iter 22: obj=1949415.517721, maxRC=19848.597439, +18 cols
    [CG]   [DIAG] iter=22 posCols=18 newCols=18 effImprove=18 updated=0
    [CG] CG iter 23: obj=1949415.517721, maxRC=7838.416262, +7 cols
    [CG]   [DIAG] iter=23 posCols=7 newCols=7 effImprove=7 updated=0
    [CG] CG iter 24: obj=1949415.517721, maxRC=2200.527056, +3 cols
    [CG]   [DIAG] iter=24 posCols=3 newCols=3 effImprove=3 updated=0
    [CG] CG iter 25: obj=1949415.517721, maxRC=652.102500, +2 cols
    [CG]   [DIAG] iter=25 posCols=2 newCols=2 effImprove=2 updated=0
    [CG] 列生成收敛，共 26 轮迭代
    [CG] [CG-NODE] depth=1 exit=CERTIFIED certified=1 feasible=1 iters=5 generatedColsBeforeNode=348 newCols=30 posCandidates=30 duplicateCandidates=0 updatedCols=0 zeroObjImproveIters=4 objFirst=1949415.517721 objLast=1949415.517721 objGain=0.000000 maxRC=19848.597439 wallSec=0.029196 pricingSec=0.024086 cplexSolveSec=0.003578
    [CG] 列生成开始，初始列数=600
    [CG] CG iter 27: obj=1948039.637939, maxRC=40902.672931, +17 cols
    [CG]   [DIAG] iter=27 posCols=17 newCols=17 effImprove=17 updated=0
    [CG] CG iter 28: obj=1948039.637939, maxRC=10408.577381, +7 cols
    [CG]   [DIAG] iter=28 posCols=7 newCols=7 effImprove=7 updated=0
    [CG] CG iter 29: obj=1950262.320850, maxRC=6811.679046, +4 cols
    [CG]   [DIAG] iter=29 posCols=4 newCols=4 effImprove=4 updated=0
    [CG] CG iter 30: obj=1950262.320850, maxRC=2336.106676, +2 cols
    [CG]   [DIAG] iter=30 posCols=2 newCols=2 effImprove=2 updated=0
    [CG] 列生成收敛，共 31 轮迭代
    [CG] [CG-NODE] depth=1 exit=CERTIFIED certified=1 feasible=1 iters=5 generatedColsBeforeNode=378 newCols=30 posCandidates=30 duplicateCandidates=0 updatedCols=0 zeroObjImproveIters=3 objFirst=1948039.637939 objLast=1950262.320850 objGain=2222.682912 maxRC=40902.672931 wallSec=0.028778 pricingSec=0.024066 cplexSolveSec=0.003258
    [CG] [BB-INCUMBENT] selection=2 node=1 previous=1777671.263156 value=1950262.320850 active=1
    [CG] [BB-NODESEL] strategy=hybrid choice=dfs eligibleCount=1 active=1 gap=0.000000
      [BB] 分支定界结束：处理 3 节点，剪枝 1，剩余活跃 0，整数解 2，状态=OPTIMAL，最好可行 obj=1950262.320850，gap=0.000000
