    [CG] 列生成开始，初始列数=310
    [CG] CG iter 1: obj=696789.019677, maxRC=1045348.810340, +29 cols
    [CG]   [DIAG] iter=1 posCols=29 newCols=29 effImprove=29 updated=0
    [CG] CG iter 2: obj=1397258.968622, maxRC=236908.731510, +27 cols
    [CG]   [DIAG] iter=2 posCols=27 newCols=27 effImprove=27 updated=0
    [CG] CG iter 3: obj=1615395.082273, maxRC=473489.074271, +27 cols
    [CG]   [DIAG] iter=3 posCols=27 newCols=27 effImprove=27 updated=0
    [CG] CG iter 4: obj=1648303.140385, maxRC=240749.965817, +26 cols
    [CG]   [DIAG] iter=4 posCols=26 newCols=25 effImprove=26 updated=1
    [CG] CG iter 5: obj=1683486.188738, maxRC=180940.440675, +24 cols
    [CG]   [DIAG] iter=5 posCols=24 newCols=24 effImprove=24 updated=0
    [CG] CG iter 6: obj=1749877.415113, maxRC=157121.999405, +24 cols
    [CG]   [DIAG] iter=6 posCols=24 newCols=24 effImprove=24 updated=0
    [CG] CG iter 7: obj=1778052.564342, maxRC=113706.180926, +21 cols
    [CG]   [DIAG] iter=7 posCols=21 newCols=21 effImprove=21 updated=0
    [CG] CG iter 8: obj=1836609.553042, maxRC=65767.989961, +16 cols
    [CG]   [DIAG] iter=8 posCols=16 newCols=16 effImprove=16 updated=0
    [CG] CG iter 9: obj=1858552.889457, maxRC=53924.040465, +16 cols
    [CG]   [DIAG] iter=9 posCols=16 newCols=16 effImprove=16 updated=0
    [CG] CG iter 10: obj=1897214.084628, maxRC=60697.143320, +16 cols
    [CG]   [DIAG] iter=10 posCols=16 newCols=16 effImprove=16 updated=0
    [CG] CG iter 11: obj=1915381.385448, maxRC=70013.926919, +13 cols
    [CG]   [DIAG] iter=11 posCols=13 newCols=13 effImprove=13 updated=0
    [CG] CG iter 12: obj=1945334.088808, maxRC=65828.666682, +13 cols
    [CG]   [DIAG] iter=12 posCols=13 newCols=12 effImprove=13 updated=1
    [CG] CG iter 13: obj=1945334.088808, maxRC=39137.907513, +11 cols
    [CG]   [DIAG] iter=13 posCols=11 newCols=11 effImprove=11 updated=0
    [CG] CG iter 14: obj=1945334.088808, maxRC=39226.806882, +9 cols
    [CG]   [DIAG] iter=14 posCols=9 newCols=9 effImprove=9 updated=0
    [CG] CG iter 15: obj=1945334.088808, maxRC=43387.991269, +10 cols
    [CG]   [DIAG] iter=15 posCols=10 newCols=10 effImprove=10 updated=0
    [CG] CG iter 16: obj=1945334.088808, maxRC=22371.848860, +8 cols
    [CG]   [DIAG] iter=16 posCols=8 newCols=8 effImprove=8 updated=0
    [CG] CG iter 17: obj=1956374.767131, maxRC=15204.540936, +10 cols
    [CG]   [DIAG] iter=17 posCols=10 newCols=10 effImprove=10 updated=0
    [CG] CG iter 18: obj=1956374.767131, maxRC=32155.279943, +9 cols
    [CG]   [DIAG] iter=18 posCols=9 newCols=9 effImprove=9 updated=0
    [CG] CG iter 19: obj=1956374.767131, maxRC=8245.356169, +4 cols
    [CG]   [DIAG] iter=19 posCols=4 newCols=4 effImprove=4 updated=0
    [CG] CG iter 20: obj=1960645.758441, maxRC=5526.471589, +3 cols
    [CG]   [DIAG] iter=20 posCols=3 newCols=3 effImprove=3 updated=0
    [CG] CG iter 21: obj=1960645.758441, maxRC=3731.238898, +1 cols
    [CG]   [DIAG] iter=21 posCols=1 newCols=1 effImprove=1 updated=0
    [CG] CG iter 22: obj=1964376.997339, maxRC=647.345621, +1 cols
    [CG]   [DIAG] iter=22 posCols=1 newCols=1 effImprove=1 updated=0
    [CG] 列生成收敛，共 23 轮迭代
    [CG] [CG-NODE] depth=0 exit=CERTIFIED certified=1 feasible=1 iters=23 generatedColsBeforeNode=0 newCols=316 posCandidates=318 duplicateCandidates=2 updatedCols=2 zeroObjImproveIters=8 objFirst=696789.019677 objLast=1964376.997339 objGain=1267587.977662 maxRC=1045348.810340 wallSec=0.207493 pricingSec=0.194306 cplexSolveSec=0.009158
      [BB] 根节点即为整数解，obj=1964376.997339
