    [CG] 列生成开始，初始列数=310
    [CG] CG iter 1: obj=704770.400795, maxRC=772492.891000, +28 cols
    [CG]   [DIAG] iter=1 posCols=28 newCols=28 effImprove=28 updated=0
    [CG] CG iter 2: obj=1172897.042103, maxRC=290043.241308, +27 cols
    [CG]   [DIAG] iter=2 posCols=27 newCols=27 effImprove=27 updated=0
    [CG] CG iter 3: obj=1385564.191889, maxRC=252057.279101, +27 cols
    [CG]   [DIAG] iter=3 posCols=27 newCols=27 effImprove=27 updated=0
    [CG] CG iter 4: obj=1464039.544688, maxRC=205004.897801, +27 cols
    [CG]   [DIAG] iter=4 posCols=27 newCols=27 effImprove=27 updated=0
    [CG] CG iter 5: obj=1524188.311363, maxRC=152996.119265, +24 cols
    [CG]   [DIAG] iter=5 posCols=24 newCols=24 effImprove=24 updated=0
    [CG] CG iter 6: obj=1566330.795710, maxRC=135286.353188, +26 cols
    [CG]   [DIAG] iter=6 posCols=26 newCols=26 effImprove=26 updated=0
    [CG] CG iter 7: obj=1632294.366354, maxRC=111610.702376, +19 cols
    [CG]   [DIAG] iter=7 posCols=19 newCols=16 effImprove=19 updated=3
    [CG] CG iter 8: obj=1643067.025469, maxRC=97306.870214, +19 cols
    [CG]   [DIAG] iter=8 posCols=19 newCols=19 effImprove=19 updated=0
    [CG] CG iter 9: obj=1657742.450232, maxRC=69114.585106, +13 cols
    [CG]   [DIAG] iter=9 posCols=13 newCols=13 effImprove=13 updated=0
    [CG] CG iter 10: obj=1666138.064400, maxRC=38988.478050, +12 cols
    [CG]   [DIAG] iter=10 posCols=12 newCols=12 effImprove=12 updated=0
    [CG] CG iter 11: obj=1666544.270707, maxRC=48760.202895, +7 cols
    [CG]   [DIAG] iter=11 posCols=7 newCols=6 effImprove=7 updated=1
    [CG] CG iter 12: obj=1667451.802407, maxRC=21535.006967, +4 cols
    [CG]   [DIAG] iter=12 posCols=4 newCols=4 effImprove=4 updated=0
    [CG] CG iter 13: obj=1678646.191431, maxRC=25524.365900, +7 cols
    [CG]   [DIAG] iter=13 posCols=7 newCols=7 effImprove=7 updated=0
    [CG] CG iter 14: obj=1678646.191431, maxRC=15760.266868, +5 cols
    [CG]   [DIAG] iter=14 posCols=5 newCols=5 effImprove=5 updated=0
    [CG] CG iter 15: obj=1691234.923633, maxRC=2748.566449, +3 cols
    [CG]   [DIAG] iter=15 posCols=3 newCols=3 effImprove=3 updated=0
    [CG] CG iter 16: obj=1691340.732508, maxRC=2260.895963, +1 cols
    [CG]   [DIAG] iter=16 posCols=1 newCols=1 effImprove=1 updated=0
    [CG] CG iter 17: obj=1691340.732508, maxRC=2005.351081, +1 cols
    [CG]   [DIAG] iter=17 posCols=1 newCols=1 effImprove=1 updated=0
    [CG] 列生成收敛，共 18 轮迭代
    [CG] [CG-NODE] depth=0 exit=CERTIFIED certified=1 feasible=1 iters=18 generatedColsBeforeNode=0 newCols=246 posCandidates=250 duplicateCandidates=4 updatedCols=4 zeroObjImproveIters=3 objFirst=704770.400795 objLast=1691340.732508 objGain=986570.331712 maxRC=772492.891000 wallSec=0.124725 pricingSec=0.115790 cplexSolveSec=0.005866
      [BB] 分支定界开始，根节点LP obj=1691340.732508，最大节点数=10000
      [BB] 根节点启发式下界 LB=1479733.707826（上界=1691340.732508）
    [CG] [BB-DIAG] 分支 x_{dc=5,retailer=7}, 节点数=1
    [CG] 列生成开始，初始列数=534
    [CG] CG iter 19: obj=1691338.647082, maxRC=42939.807089, +20 cols
    [CG]   [DIAG] iter=19 posCols=20 newCols=20 effImprove=20 updated=0
    [CG] CG iter 20: obj=1691338.647082, maxRC=12549.887094, +5 cols
    [CG]   [DIAG] iter=20 posCols=5 newCols=5 effImprove=5 updated=0
    [CG] CG iter 21: obj=1691338.647082, maxRC=395.268991, +1 cols
    [CG]   [DIAG] iter=21 posCols=1 newCols=1 effImprove=1 updated=0
    [CG] CG iter 22: obj=1691338.647082, maxRC=293.205567, +1 cols
    [CG]   [DIAG] iter=22 posCols=1 newCols=1 effImprove=1 updated=0
    [CG] 列生成收敛，共 23 轮迭代
    [CG] [CG-NODE] depth=1 exit=CERTIFIED certified=1 feasible=1 iters=5 generatedColsBeforeNode=246 newCols=27 posCandidates=27 duplicateCandidates=0 updatedCols=0 zeroObjImproveIters=4 objFirst=1691338.647082 objLast=1691338.647082 objGain=-0.000000 maxRC=42939.807089 wallSec=0.018172 pricingSec=0.014921 cplexSolveSec=0.002123
    [CG] 列生成开始，初始列数=522
    [CG] CG iter 24: obj=1691028.593642, maxRC=54326.243220, +21 cols
    [CG]   [DIAG] iter=24 posCols=21 newCols=21 effImprove=21 updated=0
    [CG] CG iter 25: obj=1691028.593642, maxRC=25686.331136, +12 cols
    [CG]   [DIAG] iter=25 posCols=12 newCols=12 effImprove=12 updated=0
    [CG] CG iter 26: obj=1691028.593642, maxRC=10822.878990, +3 cols
    [CG]   [DIAG] iter=26 posCols=3 newCols=3 effImprove=3 updated=0
    [CG] CG iter 27: obj=1691028.593642, maxRC=946.101471, +1 cols
    [CG]   [DIAG] iter=27 posCols=1 newCols=1 effImprove=1 updated=0
    [CG] 列生成收敛，共 28 轮迭代
    [CG] [CG-NODE] depth=1 exit=CERTIFIED certified=1 feasible=1 iters=5 generatedColsBeforeNode=273 newCols=37 posCandidates=37 duplicateCandidates=0 updatedCols=0 zeroObjImproveIters=4 objFirst=1691028.593642 objLast=1691028.593642 objGain=0.000000 maxRC=54326.243220 wallSec=0.018217 pricingSec=0.014789 cplexSolveSec=0.002300
    [CG] [BB-INCUMBENT] selection=2 node=1 previous=1479733.707826 value=1691028.593642 active=1
    [CG] [BB-NODESEL] strategy=hybrid choice=dfs eligibleCount=1 active=1 gap=0.000183
    [CG] [BB-INCUMBENT] selection=3 node=1 previous=1691028.593642 value=1691338.647082 active=0
      [BB] 分支定界结束：处理 3 节点，剪枝 0，剩余活跃 0，整数解 3，状态=OPTIMAL，最好可行 obj=1691338.647082，gap=0.000000
