    [CG] 列生成开始，初始列数=310
    [CG] CG iter 1: obj=695160.935685, maxRC=1075602.477653, +30 cols
    [CG]   [DIAG] iter=1 posCols=30 newCols=30 effImprove=30 updated=0
    [CG] CG iter 2: obj=1416289.407154, maxRC=249643.574437, +27 cols
    [CG]   [DIAG] iter=2 posCols=27 newCols=27 effImprove=27 updated=0
    [CG] CG iter 3: obj=1465693.045586, maxRC=317715.251451, +28 cols
    [CG]   [DIAG] iter=3 posCols=28 newCols=28 effImprove=28 updated=0
    [CG] CG iter 4: obj=1649218.466303, maxRC=259002.076932, +26 cols
    [CG]   [DIAG] iter=4 posCols=26 newCols=26 effImprove=26 updated=0
    [CG] CG iter 5: obj=1656366.140520, maxRC=205639.716912, +25 cols
    [CG]   [DIAG] iter=5 posCols=25 newCols=25 effImprove=25 updated=0
    [CG] CG iter 6: obj=1748698.184978, maxRC=97342.432840, +21 cols
    [CG]   [DIAG] iter=6 posCols=21 newCols=21 effImprove=21 updated=0
    [CG] CG iter 7: obj=1811029.824561, maxRC=108082.264096, +21 cols
    [CG]   [DIAG] iter=7 posCols=21 newCols=21 effImprove=21 updated=0
    [CG] CG iter 8: obj=1861491.649937, maxRC=91360.819314, +20 cols
    [CG]   [DIAG] iter=8 posCols=20 newCols=20 effImprove=20 updated=0
    [CG] CG iter 9: obj=1893219.607726, maxRC=100154.558128, +21 cols
    [CG]   [DIAG] iter=9 posCols=21 newCols=21 effImprove=21 updated=0
    [CG] CG iter 10: obj=1906554.965354, maxRC=47790.792504, +17 cols
    [CG]   [DIAG] iter=10 posCols=17 newCols=17 effImprove=17 updated=0
    [CG] CG iter 11: obj=1920761.291160, maxRC=45118.836912, +17 cols
    [CG]   [DIAG] iter=11 posCols=17 newCols=17 effImprove=17 updated=0
    [CG] CG iter 12: obj=1926779.145317, maxRC=28195.553525, +18 cols
    [CG]   [DIAG] iter=12 posCols=18 newCols=18 effImprove=18 updated=0
    [CG] CG iter 13: obj=1931313.256076, maxRC=26218.447608, +16 cols
    [CG]   [DIAG] iter=13 posCols=16 newCols=15 effImprove=16 updated=1
    [CG] CG iter 14: obj=1943785.844560, maxRC=24995.024990, +13 cols
    [CG]   [DIAG] iter=14 posCols=13 newCols=13 effImprove=13 updated=0
    [CG] CG iter 15: obj=1952471.389636, maxRC=13740.251504, +6 cols
    [CG]   [DIAG] iter=15 posCols=6 newCols=6 effImprove=6 updated=0
    [CG] CG iter 16: obj=1955843.207163, maxRC=12452.942027, +8 cols
    [CG]   [DIAG] iter=16 posCols=8 newCols=8 effImprove=8 updated=0
    [CG] CG iter 17: obj=1955843.207163, maxRC=14886.875421, +6 cols
    [CG]   [DIAG] iter=17 posCols=6 newCols=6 effImprove=6 updated=0
    [CG] CG iter 18: obj=1955843.207163, maxRC=9225.615341, +4 cols
    [CG]   [DIAG] iter=18 posCols=4 newCols=4 effImprove=4 updated=0
    [CG] CG iter 19: obj=1956031.099736, maxRC=2357.988511, +3 cols
    [CG]   [DIAG] iter=19 posCols=3 newCols=3 effImprove=3 updated=0
    [CG] 列生成收敛，共 20 轮迭代
    [CG] [CG-NODE] depth=0 exit=CERTIFIED certified=1 feasible=1 iters=20 generatedColsBeforeNode=0 newCols=326 posCandidates=327 duplicateCandidates=1 updatedCols=1 zeroObjImproveIters=3 objFirst=695160.935685 objLast=1956031.099736 objGain=1260870.164051 maxRC=1075602.477653 wallSec=0.238090 pricingSec=0.223115 cplexSolveSec=0.009520
      [BB] 分支定界开始，根节点LP obj=1956031.099736，最大节点数=10000
      [BB] 根节点启发式下界 LB=1752216.788013（上界=1956031.099736）
    [CG] [BB-DIAG] 分支 x_{dc=0,retailer=17}, 节点数=1
    [CG] 列生成开始，初始列数=620
    [CG] CG iter 21: obj=1954362.835808, maxRC=30280.543910, +15 cols
    [CG]   [DIAG] iter=21 posCols=15 newCols=15 effImprove=15 updated=0
    [CG] CG iter 22: obj=1954362.835808, maxRC=8586.020947, +6 cols
    [CG]   [DIAG] iter=22 posCols=6 newCols=6 effImprove=6 updated=0
    [CG] CG iter 23: obj=1954362.835808, maxRC=992.130191, +2 cols
    [CG]   [DIAG] iter=23 posCols=2 newCols=2 effImprove=2 updated=0
    [CG] CG iter 24: obj=1954362.835808, maxRC=280.273248, +1 cols
    [CG]   [DIAG] iter=24 posCols=1 newCols=1 effImprove=1 updated=0
    [CG] 列生成收敛，共 25 轮迭代
    [CG] [CG-NODE] depth=1 exit=CERTIFIED certified=1 feasible=1 iters=5 generatedColsBeforeNode=326 newCols=24 posCandidates=24 duplicateCandidates=0 updatedCols=0 zeroObjImproveIters=4 objFirst=1954362.835808 objLast=1954362.835808 objGain=0.000000 maxRC=30280.543910 wallSec=0.031878 pricingSec=0.027456 cplexSolveSec=0.002961
    [CG] 列生成开始，初始列数=565
    [CG] CG iter 26: obj=1954278.201279, maxRC=61167.770892, +13 cols
    [CG]   [DIAG] iter=26 posCols=13 newCols=13 effImprove=13 updated=0
    [CG] CG iter 27: obj=1955644.836053, maxRC=10831.954137, +7 cols
    [CG]   [DIAG] iter=27 posCols=7 newCols=7 effImprove=7 updated=0
    [CG] CG iter 28: obj=1955644.836053, maxRC=4879.212418, +6 cols
    [CG]   [DIAG] iter=28 posCols=6 newCols=6 effImprove=6 updated=0
    [CG] CG iter 29: obj=1955644.836053, maxRC=1901.914043, +4 cols
    [CG]   [DIAG] iter=29 posCols=4 newCols=4 effImprove=4 updated=0
    [CG] CG iter 30: obj=1955644.836053, maxRC=189.547957, +1 cols
    [CG]   [DIAG] iter=30 posCols=1 newCols=1 effImprove=1 updated=0
    [CG] 列生成收敛，共 31 轮迭代
    [CG] [CG-NODE] depth=1 exit=CERTIFIED certified=1 feasible=1 iters=6 generatedColsBeforeNode=350 newCols=31 posCandidates=31 duplicateCandidates=0 updatedCols=0 zeroObjImproveIters=4 objFirst=1954278.201279 objLast=1955644.836053 objGain=1366.634773 maxRC=61167.770892 wallSec=0.030503 pricingSec=0.025873 cplexSolveSec=0.003224
    [CG] [BB-INCUMBENT] selection=2 node=1 previous=1752216.788013 value=1955644.836053 active=1
    [CG] [BB-NODESEL] strategy=hybrid choice=dfs eligibleCount=1 active=1 gap=0.000000
      [BB] 分支定界结束：处理 3 节点，剪枝 1，剩余活跃 0，整数解 2，状态=OPTIMAL，最好可行 obj=1955644.836053，gap=0.000000
