    [CG] 列生成开始，初始列数=310
    [CG] CG iter 1: obj=1122804.976141, maxRC=1655175.756003, +30 cols
    [CG]   [DIAG] iter=1 posCols=30 newCols=30 effImprove=30 updated=0
    [CG] CG iter 2: obj=2095693.686251, maxRC=418737.785908, +30 cols
    [CG]   [DIAG] iter=2 posCols=30 newCols=30 effImprove=30 updated=0
    [CG] CG iter 3: obj=2312937.415765, maxRC=518667.980015, +30 cols
    [CG]   [DIAG] iter=3 posCols=30 newCols=30 effImprove=30 updated=0
    [CG] CG iter 4: obj=2444305.520081, maxRC=195693.843614, +30 cols
    [CG]   [DIAG] iter=4 posCols=30 newCols=29 effImprove=30 updated=1
    [CG] CG iter 5: obj=2516742.355784, maxRC=239654.889149, +30 cols
    [CG]   [DIAG] iter=5 posCols=30 newCols=30 effImprove=30 updated=0
    [CG] CG iter 6: obj=2533742.194636, maxRC=196644.962393, +26 cols
    [CG]   [DIAG] iter=6 posCols=26 newCols=26 effImprove=26 updated=0
    [CG] CG iter 7: obj=2632221.957173, maxRC=124662.489616, +21 cols
    [CG]   [DIAG] iter=7 posCols=21 newCols=21 effImprove=21 updated=0
    [CG] CG iter 8: obj=2741580.224064, maxRC=73721.242418, +13 cols
    [CG]   [DIAG] iter=8 posCols=13 newCols=13 effImprove=13 updated=0
    [CG] CG iter 9: obj=2741580.224064, maxRC=80397.066755, +16 cols
    [CG]   [DIAG] iter=9 posCols=16 newCols=16 effImprove=16 updated=0
    [CG] CG iter 10: obj=2776161.511078, maxRC=94984.974737, +16 cols
    [CG]   [DIAG] iter=10 posCols=16 newCols=16 effImprove=16 updated=0
    [CG] CG iter 11: obj=2831049.893485, maxRC=68764.069815, +10 cols
    [CG]   [DIAG] iter=11 posCols=10 newCols=10 effImprove=10 updated=0
    [CG] CG iter 12: obj=2831049.893485, maxRC=70621.532433, +7 cols
    [CG]   [DIAG] iter=12 posCols=7 newCols=7 effImprove=7 updated=0
    [CG] CG iter 13: obj=2831049.893485, maxRC=43869.644907, +7 cols
    [CG]   [DIAG] iter=13 posCols=7 newCols=7 effImprove=7 updated=0
    [CG] CG iter 14: obj=2831049.893485, maxRC=40423.003734, +7 cols
    [CG]   [DIAG] iter=14 posCols=7 newCols=7 effImprove=7 updated=0
    [CG] CG iter 15: obj=2831049.893485, maxRC=31711.923047, +6 cols
    [CG]   [DIAG] iter=15 posCols=6 newCols=5 effImprove=6 updated=1
    [CG] CG iter 16: obj=2831049.893485, maxRC=14794.602119, +5 cols
    [CG]   [DIAG] iter=16 posCols=5 newCols=5 effImprove=5 updated=0
    [CG] CG iter 17: obj=2831049.893485, maxRC=11826.158267, +6 cols
    [CG]   [DIAG] iter=17 posCols=6 newCols=6 effImprove=6 updated=0
    [CG] CG iter 18: obj=2837513.680762, maxRC=11240.276137, +3 cols
    [CG]   [DIAG] iter=18 posCols=3 newCols=3 effImprove=3 updated=0
    [CG] CG iter 19: obj=2837513.680762, maxRC=3490.966680, +2 cols
    [CG]   [DIAG] iter=19 posCols=2 newCols=2 effImprove=2 updated=0
    [CG] CG iter 20: obj=2837513.680762, maxRC=1584.883441, +2 cols
    [CG]   [DIAG] iter=20 posCols=2 newCols=2 effImprove=2 updated=0
    [CG] CG iter 21: obj=2837513.680762, maxRC=1823.780304, +1 cols
    [CG]   [DIAG] iter=21 posCols=1 newCols=1 effImprove=1 updated=0
    [CG] CG iter 22: obj=2837513.680762, maxRC=371.284529, +1 cols
    [CG]   [DIAG] iter=22 posCols=1 newCols=1 effImprove=1 updated=0
    [CG] CG iter 23: obj=2837513.680762, maxRC=270.323336, +1 cols
    [CG]   [DIAG] iter=23 posCols=1 newCols=1 effImprove=1 updated=0
    [CG] 列生成收敛，共 24 轮迭代
    [CG] [CG-NODE] depth=0 exit=CERTIFIED certified=1 feasible=1 iters=24 generatedColsBeforeNode=0 newCols=298 posCandidates=300 duplicateCandidates=2 updatedCols=2 zeroObjImproveIters=13 objFirst=1122804.976141 objLast=2837513.680762 objGain=1714708.704621 maxRC=1655175.756003 wallSec=0.234852 pricingSec=0.196882 cplexSolveSec=0.010590
      [BB] 根节点即为整数解，obj=2837513.680762
