    [CG] 列生成开始，初始列数=310
    [CG] CG iter 1: obj=1092290.249026, maxRC=1698965.581458, +30 cols
    [CG]   [DIAG] iter=1 posCols=30 newCols=30 effImprove=30 updated=0
    [CG] CG iter 2: obj=2119537.132246, maxRC=368223.246581, +26 cols
    [CG]   [DIAG] iter=2 posCols=26 newCols=26 effImprove=26 updated=0
    [CG] CG iter 3: obj=2429901.948865, maxRC=679559.926649, +30 cols
    [CG]   [DIAG] iter=3 posCols=30 newCols=30 effImprove=30 updated=0
    [CG] CG iter 4: obj=2485711.671358, maxRC=370043.033292, +27 cols
    [CG]   [DIAG] iter=4 posCols=27 newCols=27 effImprove=27 updated=0
    [CG] CG iter 5: obj=2499844.076805, maxRC=260090.427900, +28 cols
    [CG]   [DIAG] iter=5 posCols=28 newCols=28 effImprove=28 updated=0
    [CG] CG iter 6: obj=2549528.068008, maxRC=166698.608586, +23 cols
    [CG]   [DIAG] iter=6 posCols=23 newCols=23 effImprove=23 updated=0
    [CG] CG iter 7: obj=2594920.578187, maxRC=154554.284158, +20 cols
    [CG]   [DIAG] iter=7 posCols=20 newCols=20 effImprove=20 updated=0
    [CG] CG iter 8: obj=2665719.103932, maxRC=139712.926648, +18 cols
    [CG]   [DIAG] iter=8 posCols=18 newCols=18 effImprove=18 updated=0
    [CG] CG iter 9: obj=2727553.242535, maxRC=152190.203603, +22 cols
    [CG]   [DIAG] iter=9 posCols=22 newCols=22 effImprove=22 updated=0
    [CG] CG iter 10: obj=2763138.711028, maxRC=127205.465575, +18 cols
    [CG]   [DIAG] iter=10 posCols=18 newCols=18 effImprove=18 updated=0
    [CG] CG iter 11: obj=2769036.271303, maxRC=89284.229646, +17 cols
    [CG]   [DIAG] iter=11 posCols=17 newCols=16 effImprove=17 updated=1
    [CG] CG iter 12: obj=2775689.358781, maxRC=86497.182343, +14 cols
    [CG]   [DIAG] iter=12 posCols=14 newCols=14 effImprove=14 updated=0
    [CG] CG iter 13: obj=2784172.516093, maxRC=34041.604632, +14 cols
    [CG]   [DIAG] iter=13 posCols=14 newCols=14 effImprove=14 updated=0
    [CG] CG iter 14: obj=2806661.515720, maxRC=75334.929675, +15 cols
    [CG]   [DIAG] iter=14 posCols=15 newCols=15 effImprove=15 updated=0
    [CG] CG iter 15: obj=2823682.235506, maxRC=36318.825810, +15 cols
    [CG]   [DIAG] iter=15 posCols=15 newCols=14 effImprove=15 updated=1
    [CG] CG iter 16: obj=2825686.680248, maxRC=33084.583167, +10 cols
    [CG]   [DIAG] iter=16 posCols=10 newCols=10 effImprove=10 updated=0
    [CG] CG iter 17: obj=2843890.470715, maxRC=22139.724302, +12 cols
    [CG]   [DIAG] iter=17 posCols=12 newCols=12 effImprove=12 updated=0
    [CG] CG iter 18: obj=2851394.156864, maxRC=22901.790732, +11 cols
    [CG]   [DIAG] iter=18 posCols=11 newCols=10 effImprove=11 updated=1
    [CG] CG iter 19: obj=2859028.087108, maxRC=6942.345823, +5 cols
    [CG]   [DIAG] iter=19 posCols=5 newCols=4 effImprove=5 updated=1
    [CG] CG iter 20: obj=2865970.432931, maxRC=2526.820160, +5 cols
    [CG]   [DIAG] iter=20 posCols=5 newCols=5 effImprove=5 updated=0
    [CG] CG iter 21: obj=2865970.432931, maxRC=1569.545358, +2 cols
    [CG]   [DIAG] iter=21 posCols=2 newCols=2 effImprove=2 updated=0
    [CG] CG iter 22: obj=2865970.432931, maxRC=598.053048, +1 cols
    [CG]   [DIAG] iter=22 posCols=1 newCols=1 effImprove=1 updated=0
    [CG] 列生成收敛，共 23 轮迭代
    [CG] [CG-NODE] depth=0 exit=CERTIFIED certified=1 feasible=1 iters=23 generatedColsBeforeNode=0 newCols=359 posCandidates=363 duplicateCandidates=4 updatedCols=4 zeroObjImproveIters=3 objFirst=1092290.249026 objLast=2865970.432931 objGain=1773680.183905 maxRC=1698965.581458 wallSec=0.249827 pricingSec=0.216890 cplexSolveSec=0.011518
      [BB] 根节点即为整数解，obj=2865970.432931
