    [CG] 列生成开始，初始列数=310
    [CG] CG iter 1: obj=1109781.205086, maxRC=1656301.599013, +30 cols
    [CG]   [DIAG] iter=1 posCols=30 newCols=30 effImprove=30 updated=0
    [CG] CG iter 2: obj=2090683.631037, maxRC=411746.737184, +27 cols
    [CG]   [DIAG] iter=2 posCols=27 newCols=27 effImprove=27 updated=0
    [CG] CG iter 3: obj=2304787.138134, maxRC=585618.695590, +30 cols
    [CG]   [DIAG] iter=3 posCols=30 newCols=30 effImprove=30 updated=0
    [CG] CG iter 4: obj=2397031.624068, maxRC=378803.037984, +30 cols
    [CG]   [DIAG] iter=4 posCols=30 newCols=30 effImprove=30 updated=0
    [CG] CG iter 5: obj=2459915.387200, maxRC=287098.862830, +29 cols
    [CG]   [DIAG] iter=5 posCols=29 newCols=29 effImprove=29 updated=0
    [CG] CG iter 6: obj=2485803.746743, maxRC=147185.741531, +26 cols
    [CG]   [DIAG] iter=6 posCols=26 newCols=26 effImprove=26 updated=0
    [CG] CG iter 7: obj=2559302.127791, maxRC=120300.237972, +21 cols
    [CG]   [DIAG] iter=7 posCols=21 newCols=21 effImprove=21 updated=0
    [CG] CG iter 8: obj=2605668.782784, maxRC=108993.700660, +21 cols
    [CG]   [DIAG] iter=8 posCols=21 newCols=21 effImprove=21 updated=0
    [CG] CG iter 9: obj=2705170.077009, maxRC=105195.417188, +20 cols
    [CG]   [DIAG] iter=9 posCols=20 newCols=20 effImprove=20 updated=0
    [CG] CG iter 10: obj=2734635.543531, maxRC=115492.221928, +18 cols
    [CG]   [DIAG] iter=10 posCols=18 newCols=18 effImprove=18 updated=0
    [CG] CG iter 11: obj=2776312.905737, maxRC=57554.822201, +13 cols
    [CG]   [DIAG] iter=11 posCols=13 newCols=13 effImprove=13 updated=0
    [CG] CG iter 12: obj=2804514.072573, maxRC=19372.383924, +9 cols
    [CG]   [DIAG] iter=12 posCols=9 newCols=9 effImprove=9 updated=0
    [CG] CG iter 13: obj=2821243.165705, maxRC=34045.149723, +10 cols
    [CG]   [DIAG] iter=13 posCols=10 newCols=10 effImprove=10 updated=0
    [CG] CG iter 14: obj=2821243.165705, maxRC=7248.820541, +4 cols
    [CG]   [DIAG] iter=14 posCols=4 newCols=4 effImprove=4 updated=0
    [CG] CG iter 15: obj=2821243.165705, maxRC=9157.592461, +4 cols
    [CG]   [DIAG] iter=15 posCols=4 newCols=4 effImprove=4 updated=0
    [CG] CG iter 16: obj=2821243.165705, maxRC=870.024881, +1 cols
    [CG]   [DIAG] iter=16 posCols=1 newCols=1 effImprove=1 updated=0
    [CG] CG iter 17: obj=2821243.165705, maxRC=150.621610, +1 cols
    [CG]   [DIAG] iter=17 posCols=1 newCols=1 effImprove=1 updated=0
    [CG] 列生成收敛，共 18 轮迭代
    [CG] [CG-NODE] depth=0 exit=CERTIFIED certified=1 feasible=1 iters=18 generatedColsBeforeNode=0 newCols=294 posCandidates=294 duplicateCandidates=0 updatedCols=0 zeroObjImproveIters=5 objFirst=1109781.205086 objLast=2821243.165705 objGain=1711461.960619 maxRC=1656301.599013 wallSec=0.210411 pricingSec=0.197556 cplexSolveSec=0.008185
      [BB] 根节点即为整数解，obj=2821243.165705
