    [CG] 列生成开始，初始列数=310
    [CG] CG iter 1: obj=1119194.681794, maxRC=1654159.679011, +30 cols
    [CG]   [DIAG] iter=1 posCols=30 newCols=30 effImprove=30 updated=0
    [CG] CG iter 2: obj=2093173.213262, maxRC=414502.745493, +29 cols
    [CG]   [DIAG] iter=2 posCols=29 newCols=29 effImprove=29 updated=0
    [CG] CG iter 3: obj=2379707.168134, maxRC=677418.313059, +30 cols
    [CG]   [DIAG] iter=3 posCols=30 newCols=30 effImprove=30 updated=0
    [CG] CG iter 4: obj=2438136.967221, maxRC=457589.462085, +30 cols
    [CG]   [DIAG] iter=4 posCols=30 newCols=30 effImprove=30 updated=0
    [CG] CG iter 5: obj=2468685.678044, maxRC=363008.792950, +30 cols
    [CG]   [DIAG] iter=5 posCols=30 newCols=30 effImprove=30 updated=0
    [CG] CG iter 6: obj=2481357.456276, maxRC=225604.581851, +30 cols
    [CG]   [DIAG] iter=6 posCols=30 newCols=30 effImprove=30 updated=0
    [CG] CG iter 7: obj=2531926.618864, maxRC=203610.090601, +29 cols
    [CG]   [DIAG] iter=7 posCols=29 newCols=29 effImprove=29 updated=0
    [CG] CG iter 8: obj=2585759.071674, maxRC=151837.690674, +21 cols
    [CG]   [DIAG] iter=8 posCols=21 newCols=21 effImprove=21 updated=0
    [CG] CG iter 9: obj=2646676.053119, maxRC=129704.684622, +22 cols
    [CG]   [DIAG] iter=9 posCols=22 newCols=22 effImprove=22 updated=0
    [CG] CG iter 10: obj=2706700.818240, maxRC=99236.406042, +19 cols
    [CG]   [DIAG] iter=10 posCols=19 newCols=19 effImprove=19 updated=0
    [CG] CG iter 11: obj=2728878.014047, maxRC=90340.920168, +17 cols
    [CG]   [DIAG] iter=11 posCols=17 newCols=17 effImprove=17 updated=0
    [CG] CG iter 12: obj=2762213.146005, maxRC=82784.423652, +16 cols
    [CG]   [DIAG] iter=12 posCols=16 newCols=16 effImprove=16 updated=0
    [CG] CG iter 13: obj=2786042.523796, maxRC=63675.451241, +12 cols
    [CG]   [DIAG] iter=13 posCols=12 newCols=12 effImprove=12 updated=0
    [CG] CG iter 14: obj=2812887.762934, maxRC=94865.053708, +14 cols
    [CG]   [DIAG] iter=14 posCols=14 newCols=14 effImprove=14 updated=0
    [CG] CG iter 15: obj=2813167.993486, maxRC=55316.958924, +14 cols
    [CG]   [DIAG] iter=15 posCols=14 newCols=14 effImprove=14 updated=0
    [CG] CG iter 16: obj=2828174.042563, maxRC=37433.234504, +12 cols
    [CG]   [DIAG] iter=16 posCols=12 newCols=10 effImprove=12 updated=2
    [CG] CG iter 17: obj=2842857.240787, maxRC=17696.259071, +8 cols
    [CG]   [DIAG] iter=17 posCols=8 newCols=7 effImprove=8 updated=1
    [CG] CG iter 18: obj=2842857.240787, maxRC=11584.745604, +3 cols
    [CG]   [DIAG] iter=18 posCols=3 newCols=3 effImprove=3 updated=0
    [CG] CG iter 19: obj=2842857.240787, maxRC=5445.494919, +3 cols
    [CG]   [DIAG] iter=19 posCols=3 newCols=3 effImprove=3 updated=0
    [CG] CG iter 20: obj=2842857.240787, maxRC=2533.912645, +2 cols
    [CG]   [DIAG] iter=20 posCols=2 newCols=2 effImprove=2 updated=0
    [CG] CG iter 21: obj=2845391.153431, maxRC=998.269142, +2 cols
    [CG]   [DIAG] iter=21 posCols=2 newCols=2 effImprove=2 updated=0
    [CG] CG iter 22: obj=2845391.153431, maxRC=119.198882, +1 cols
    [CG]   [DIAG] iter=22 posCols=1 newCols=1 effImprove=1 updated=0
    [CG] CG iter 23: obj=2845391.153431, maxRC=231.195941, +1 cols
    [CG]   [DIAG] iter=23 posCols=1 newCols=1 effImprove=1 updated=0
    [CG] 列生成收敛，共 24 轮迭代
    [CG] [CG-NODE] depth=0 exit=CERTIFIED certified=1 feasible=1 iters=24 generatedColsBeforeNode=0 newCols=372 posCandidates=375 duplicateCandidates=3 updatedCols=3 zeroObjImproveIters=6 objFirst=1119194.681794 objLast=2845391.153431 objGain=1726196.471637 maxRC=1654159.679011 wallSec=0.266196 pricingSec=0.247896 cplexSolveSec=0.012038
      [BB] 根节点即为整数解，obj=2845391.153431
