    [CG] 列生成开始，初始列数=310
    [CG] CG iter 1: obj=1081310.665778, maxRC=1638796.460979, +30 cols
    [CG]   [DIAG] iter=1 posCols=30 newCols=30 effImprove=30 updated=0
    [CG] CG iter 2: obj=2065235.218227, maxRC=393628.272576, +28 cols
    [CG]   [DIAG] iter=2 posCols=28 newCols=28 effImprove=28 updated=0
    [CG] CG iter 3: obj=2315867.260130, maxRC=511879.486461, +29 cols
    [CG]   [DIAG] iter=3 posCols=29 newCols=29 effImprove=29 updated=0
    [CG] CG iter 4: obj=2421055.526361, maxRC=229925.357620, +26 cols
    [CG]   [DIAG] iter=4 posCols=26 newCols=26 effImprove=26 updated=0
    [CG] CG iter 5: obj=2458278.904656, maxRC=228301.509266, +17 cols
    [CG]   [DIAG] iter=5 posCols=17 newCols=17 effImprove=17 updated=0
    [CG] CG iter 6: obj=2544216.753692, maxRC=174854.942534, +21 cols
    [CG]   [DIAG] iter=6 posCols=21 newCols=21 effImprove=21 updated=0
    [CG] CG iter 7: obj=2593237.477569, maxRC=183174.274228, +16 cols
    [CG]   [DIAG] iter=7 posCols=16 newCols=16 effImprove=16 updated=0
    [CG] CG iter 8: obj=2701731.324247, maxRC=132318.026679, +21 cols
    [CG]   [DIAG] iter=8 posCols=21 newCols=21 effImprove=21 updated=0
    [CG] CG iter 9: obj=2738502.796152, maxRC=71411.192748, +12 cols
    [CG]   [DIAG] iter=9 posCols=12 newCols=12 effImprove=12 updated=0
    [CG] CG iter 10: obj=2787084.217274, maxRC=68925.808949, +10 cols
    [CG]   [DIAG] iter=10 posCols=10 newCols=10 effImprove=10 updated=0
    [CG] CG iter 11: obj=2787084.217274, maxRC=127352.306725, +10 cols
    [CG]   [DIAG] iter=11 posCols=10 newCols=10 effImprove=10 updated=0
    [CG] CG iter 12: obj=2793927.726478, maxRC=41660.138027, +9 cols
    [CG]   [DIAG] iter=12 posCols=9 newCols=9 effImprove=9 updated=0
    [CG] CG iter 13: obj=2793927.726478, maxRC=34284.090540, +9 cols
    [CG]   [DIAG] iter=13 posCols=9 newCols=9 effImprove=9 updated=0
    [CG] CG iter 14: obj=2793927.726478, maxRC=33448.780840, +9 cols
    [CG]   [DIAG] iter=14 posCols=9 newCols=9 effImprove=9 updated=0
    [CG] CG iter 15: obj=2793927.726478, maxRC=18291.367086, +9 cols
    [CG]   [DIAG] iter=15 posCols=9 newCols=9 effImprove=9 updated=0
    [CG] CG iter 16: obj=2793927.726478, maxRC=9455.528880, +8 cols
    [CG]   [DIAG] iter=16 posCols=8 newCols=8 effImprove=8 updated=0
    [CG] CG iter 17: obj=2796161.259893, maxRC=11424.085347, +2 cols
    [CG]   [DIAG] iter=17 posCols=2 newCols=2 effImprove=2 updated=0
    [CG] CG iter 18: obj=2796161.259893, maxRC=4634.882156, +2 cols
    [CG]   [DIAG] iter=18 posCols=2 newCols=2 effImprove=2 updated=0
    [CG] CG iter 19: obj=2800796.142049, maxRC=2163.186078, +2 cols
    [CG]   [DIAG] iter=19 posCols=2 newCols=2 effImprove=2 updated=0
    [CG] CG iter 20: obj=2800796.142049, maxRC=1344.697581, +1 cols
    [CG]   [DIAG] iter=20 posCols=1 newCols=1 effImprove=1 updated=0
    [CG] CG iter 21: obj=2800796.142049, maxRC=967.872680, +1 cols
    [CG]   [DIAG] iter=21 posCols=1 newCols=1 effImprove=1 updated=0
    [CG] CG iter 22: obj=2800796.142049, maxRC=751.472460, +1 cols
    [CG]   [DIAG] iter=22 posCols=1 newCols=1 effImprove=1 updated=0
    [CG] CG iter 23: obj=2800796.142049, maxRC=515.483950, +1 cols
    [CG]   [DIAG] iter=23 posCols=1 newCols=1 effImprove=1 updated=0
    [CG] CG iter 24: obj=2800796.142049, maxRC=278.756659, +1 cols
    [CG]   [DIAG] iter=24 posCols=1 newCols=1 effImprove=1 updated=0
    [CG] CG iter 25: obj=2800796.142049, maxRC=200.608014, +1 cols
    [CG]   [DIAG] iter=25 posCols=1 newCols=1 effImprove=1 updated=0
    [CG] 列生成收敛，共 26 轮迭代
    [CG] [CG-NODE] depth=0 exit=CERTIFIED certified=1 feasible=1 iters=26 generatedColsBeforeNode=0 newCols=276 posCandidates=276 duplicateCandidates=0 updatedCols=0 zeroObjImproveIters=13 objFirst=1081310.665778 objLast=2800796.142049 objGain=1719485.476271 maxRC=1638796.460979 wallSec=0.199890 pricingSec=0.184852 cplexSolveSec=0.010064
      [BB] 根节点即为整数解，obj=2800796.142049
