    [CG] 列生成开始，初始列数=310
    [CG] CG iter 1: obj=1114106.580560, maxRC=1654653.035110, +30 cols
    [CG]   [DIAG] iter=1 posCols=30 newCols=30 effImprove=30 updated=0
    [CG] CG iter 2: obj=2093987.979830, maxRC=388382.022050, +30 cols
    [CG]   [DIAG] iter=2 posCols=30 newCols=30 effImprove=30 updated=0
    [CG] CG iter 3: obj=2396208.633273, maxRC=561978.910148, +30 cols
    [CG]   [DIAG] iter=3 posCols=30 newCols=30 effImprove=30 updated=0
    [CG] CG iter 4: obj=2443721.860824, maxRC=432217.979970, +30 cols
    [CG]   [DIAG] iter=4 posCols=30 newCols=30 effImprove=30 updated=0
    [CG] CG iter 5: obj=2489924.168291, maxRC=234800.678135, +28 cols
    [CG]   [DIAG] iter=5 posCols=28 newCols=28 effImprove=28 updated=0
    [CG] CG iter 6: obj=2526411.837987, maxRC=171981.213371, +30 cols
    [CG]   [DIAG] iter=6 posCols=30 newCols=30 effImprove=30 updated=0
    [CG] CG iter 7: obj=2600465.591108, maxRC=140707.873043, +23 cols
    [CG]   [DIAG] iter=7 posCols=23 newCols=23 effImprove=23 updated=0
    [CG] CG iter 8: obj=2723193.709630, maxRC=120275.732454, +16 cols
    [CG]   [DIAG] iter=8 posCols=16 newCols=16 effImprove=16 updated=0
    [CG] CG iter 9: obj=2798753.808811, maxRC=88607.697668, +18 cols
    [CG]   [DIAG] iter=9 posCols=18 newCols=18 effImprove=18 updated=0
    [CG] CG iter 10: obj=2798753.808811, maxRC=36174.745219, +13 cols
    [CG]   [DIAG] iter=10 posCols=13 newCols=12 effImprove=13 updated=1
    [CG] CG iter 11: obj=2812422.385150, maxRC=31523.350577, +10 cols
    [CG]   [DIAG] iter=11 posCols=10 newCols=10 effImprove=10 updated=0
    [CG] CG iter 12: obj=2812422.385150, maxRC=52497.788089, +10 cols
    [CG]   [DIAG] iter=12 posCols=10 newCols=10 effImprove=10 updated=0
    [CG] CG iter 13: obj=2812422.385150, maxRC=16052.468961, +7 cols
    [CG]   [DIAG] iter=13 posCols=7 newCols=6 effImprove=7 updated=1
    [CG] CG iter 14: obj=2812422.385150, maxRC=11543.943994, +7 cols
    [CG]   [DIAG] iter=14 posCols=7 newCols=7 effImprove=7 updated=0
    [CG] CG iter 15: obj=2812422.385150, maxRC=5108.619250, +6 cols
    [CG]   [DIAG] iter=15 posCols=6 newCols=6 effImprove=6 updated=0
    [CG] CG iter 16: obj=2815125.047829, maxRC=2329.084656, +2 cols
    [CG]   [DIAG] iter=16 posCols=2 newCols=2 effImprove=2 updated=0
    [CG] CG iter 17: obj=2815125.047829, maxRC=2072.171459, +2 cols
    [CG]   [DIAG] iter=17 posCols=2 newCols=2 effImprove=2 updated=0
    [CG] CG iter 18: obj=2815125.047829, maxRC=275.377835, +1 cols
    [CG]   [DIAG] iter=18 posCols=1 newCols=1 effImprove=1 updated=0
    [CG] CG iter 19: obj=2815125.047829, maxRC=194.463342, +1 cols
    [CG]   [DIAG] iter=19 posCols=1 newCols=1 effImprove=1 updated=0
    [CG] 列生成收敛，共 20 轮迭代
    [CG] [CG-NODE] depth=0 exit=CERTIFIED certified=1 feasible=1 iters=20 generatedColsBeforeNode=0 newCols=292 posCandidates=294 duplicateCandidates=2 updatedCols=2 zeroObjImproveIters=9 objFirst=1114106.580560 objLast=2815125.047829 objGain=1701018.467269 maxRC=1654653.035110 wallSec=0.195510 pricingSec=0.182952 cplexSolveSec=0.008368
      [BB] 根节点即为整数解，obj=2815125.047829
