    [CG] 列生成开始，初始列数=310
    [CG] CG iter 1: obj=801212.947856, maxRC=1363218.510063, +30 cols
    [CG]   [DIAG] iter=1 posCols=30 newCols=30 effImprove=30 updated=0
    [CG] CG iter 2: obj=1686715.943609, maxRC=270848.238110, +27 cols
    [CG]   [DIAG] iter=2 posCols=27 newCols=27 effImprove=27 updated=0
    [CG] CG iter 3: obj=1841025.221881, maxRC=562182.967637, +30 cols
    [CG]   [DIAG] iter=3 posCols=30 newCols=30 effImprove=30 updated=0
    [CG] CG iter 4: obj=1942548.716417, maxRC=281968.901341, +30 cols
    [CG]   [DIAG] iter=4 posCols=30 newCols=30 effImprove=30 updated=0
    [CG] CG iter 5: obj=1993884.139074, maxRC=203896.024165, +30 cols
    [CG]   [DIAG] iter=5 posCols=30 newCols=30 effImprove=30 updated=0
    [CG] CG iter 6: obj=2038987.414732, maxRC=117659.433675, +27 cols
    [CG]   [DIAG] iter=6 posCols=27 newCols=27 effImprove=27 updated=0
    [CG] CG iter 7: obj=2098557.016181, maxRC=117010.141449, +23 cols
    [CG]   [DIAG] iter=7 posCols=23 newCols=23 effImprove=23 updated=0
    [CG] CG iter 8: obj=2159078.088613, maxRC=157366.115552, +26 cols
    [CG]   [DIAG] iter=8 posCols=26 newCols=26 effImprove=26 updated=0
    [CG] CG iter 9: obj=2171866.063700, maxRC=95520.958910, +21 cols
    [CG]   [DIAG] iter=9 posCols=21 newCols=21 effImprove=21 updated=0
    [CG] CG iter 10: obj=2182487.105313, maxRC=87197.374882, +23 cols
    [CG]   [DIAG] iter=10 posCols=23 newCols=23 effImprove=23 updated=0
    [CG] CG iter 11: obj=2196975.173936, maxRC=89400.144752, +16 cols
    [CG]   [DIAG] iter=11 posCols=16 newCols=16 effImprove=16 updated=0
    [CG] CG iter 12: obj=2222120.031967, maxRC=41216.408739, +19 cols
    [CG]   [DIAG] iter=12 posCols=19 newCols=18 effImprove=19 updated=1
    [CG] CG iter 13: obj=2257948.753960, maxRC=37079.527124, +15 cols
    [CG]   [DIAG] iter=13 posCols=15 newCols=14 effImprove=15 updated=1
    [CG] CG iter 14: obj=2258201.720390, maxRC=17171.024855, +9 cols
    [CG]   [DIAG] iter=14 posCols=9 newCols=9 effImprove=9 updated=0
    [CG] CG iter 15: obj=2287157.745990, maxRC=3547.863595, +3 cols
    [CG]   [DIAG] iter=15 posCols=3 newCols=3 effImprove=3 updated=0
    [CG] CG iter 16: obj=2287157.745990, maxRC=1874.614326, +1 cols
    [CG]   [DIAG] iter=16 posCols=1 newCols=1 effImprove=1 updated=0
    [CG] CG iter 17: obj=2287157.745990, maxRC=618.454018, +1 cols
    [CG]   [DIAG] iter=17 posCols=1 newCols=1 effImprove=1 updated=0
    [CG] CG iter 18: obj=2287157.745990, maxRC=254.888781, +1 cols
    [CG]   [DIAG] iter=18 posCols=1 newCols=1 effImprove=1 updated=0
    [CG] 列生成收敛，共 19 轮迭代
    [CG] [CG-NODE] depth=0 exit=CERTIFIED certified=1 feasible=1 iters=19 generatedColsBeforeNode=0 newCols=330 posCandidates=332 duplicateCandidates=2 updatedCols=2 zeroObjImproveIters=4 objFirst=801212.947856 objLast=2287157.745990 objGain=1485944.798135 maxRC=1363218.510063 wallSec=0.230424 pricingSec=0.217458 cplexSolveSec=0.008588
      [BB] 根节点即为整数解，obj=2287157.745990
