    [CG] 列生成开始，初始列数=310
    [CG] CG iter 1: obj=840627.679972, maxRC=2056656.055954, +30 cols
    [CG]   [DIAG] iter=1 posCols=30 newCols=30 effImprove=30 updated=0
    [CG] CG iter 2: obj=2306303.765834, maxRC=535220.842470, +24 cols
    [CG]   [DIAG] iter=2 posCols=24 newCols=24 effImprove=24 updated=0
    [CG] CG iter 3: obj=2415576.212176, maxRC=515483.971923, +24 cols
    [CG]   [DIAG] iter=3 posCols=24 newCols=24 effImprove=24 updated=0
    [CG] CG iter 4: obj=2425101.420894, maxRC=437323.598170, +24 cols
    [CG]   [DIAG] iter=4 posCols=24 newCols=24 effImprove=24 updated=0
    [CG] CG iter 5: obj=2441501.648654, maxRC=488816.199387, +24 cols
    [CG]   [DIAG] iter=5 posCols=24 newCols=24 effImprove=24 updated=0
    [CG] CG iter 6: obj=2449536.304267, maxRC=401699.876785, +21 cols
    [CG]   [DIAG] iter=6 posCols=21 newCols=21 effImprove=21 updated=0
    [CG] CG iter 7: obj=2454069.427629, maxRC=316366.898480, +18 cols
    [CG]   [DIAG] iter=7 posCols=18 newCols=17 effImprove=18 updated=1
    [CG] CG iter 8: obj=2466538.755474, maxRC=396664.827009, +19 cols
    [CG]   [DIAG] iter=8 posCols=19 newCols=19 effImprove=19 updated=0
    [CG] CG iter 9: obj=2501638.647939, maxRC=300099.945521, +18 cols
    [CG]   [DIAG] iter=9 posCols=18 newCols=18 effImprove=18 updated=0
    [CG] CG iter 10: obj=2546701.172892, maxRC=209308.016706, +17 cols
    [CG]   [DIAG] iter=10 posCols=17 newCols=17 effImprove=17 updated=0
    [CG] CG iter 11: obj=2709491.619336, maxRC=272819.819650, +13 cols
    [CG]   [DIAG] iter=11 posCols=13 newCols=13 effImprove=13 updated=0
    [CG] CG iter 12: obj=2709491.619336, maxRC=232702.007803, +12 cols
    [CG]   [DIAG] iter=12 posCols=12 newCols=12 effImprove=12 updated=0
    [CG] CG iter 13: obj=2709491.619336, maxRC=187136.310389, +12 cols
    [CG]   [DIAG] iter=13 posCols=12 newCols=12 effImprove=12 updated=0
    [CG] CG iter 14: obj=2709491.619336, maxRC=225878.132015, +12 cols
    [CG]   [DIAG] iter=14 posCols=12 newCols=12 effImprove=12 updated=0
    [CG] CG iter 15: obj=2709491.619336, maxRC=195197.982432, +12 cols
    [CG]   [DIAG] iter=15 posCols=12 newCols=12 effImprove=12 updated=0
    [CG] CG iter 16: obj=2709491.619336, maxRC=143939.238988, +12 cols
    [CG]   [DIAG] iter=16 posCols=12 newCols=12 effImprove=12 updated=0
    [CG] CG iter 17: obj=2709491.619336, maxRC=159764.318924, +12 cols
    [CG]   [DIAG] iter=17 posCols=12 newCols=12 effImprove=12 updated=0
    [CG] CG iter 18: obj=2709491.619336, maxRC=151920.008895, +13 cols
    [CG]   [DIAG] iter=18 posCols=13 newCols=13 effImprove=13 updated=0
    [CG] CG iter 19: obj=2709491.619336, maxRC=101311.114714, +12 cols
    [CG]   [DIAG] iter=19 posCols=12 newCols=12 effImprove=12 updated=0
    [CG] CG iter 20: obj=2709491.619336, maxRC=82607.033017, +14 cols
    [CG]   [DIAG] iter=20 posCols=14 newCols=14 effImprove=14 updated=0
    [CG] CG iter 21: obj=2709491.619336, maxRC=67191.408415, +12 cols
    [CG]   [DIAG] iter=21 posCols=12 newCols=12 effImprove=12 updated=0
    [CG] CG iter 22: obj=2710492.492840, maxRC=75526.962926, +12 cols
    [CG]   [DIAG] iter=22 posCols=12 newCols=12 effImprove=12 updated=0
    [CG] CG iter 23: obj=2716050.866529, maxRC=66232.054187, +12 cols
    [CG]   [DIAG] iter=23 posCols=12 newCols=12 effImprove=12 updated=0
    [CG] CG iter 24: obj=2722455.108945, maxRC=64870.780946, +12 cols
    [CG]   [DIAG] iter=24 posCols=12 newCols=12 effImprove=12 updated=0
    [CG] CG iter 25: obj=2722455.108945, maxRC=66197.603986, +12 cols
    [CG]   [DIAG] iter=25 posCols=12 newCols=12 effImprove=12 updated=0
    [CG] CG iter 26: obj=2722455.108945, maxRC=69563.121531, +12 cols
    [CG]   [DIAG] iter=26 posCols=12 newCols=12 effImprove=12 updated=0
    [CG] CG iter 27: obj=2724259.069888, maxRC=40840.630755, +12 cols
    [CG]   [DIAG] iter=27 posCols=12 newCols=12 effImprove=12 updated=0
    [CG] CG iter 28: obj=2724259.069888, maxRC=57518.411976, +12 cols
    [CG]   [DIAG] iter=28 posCols=12 newCols=12 effImprove=12 updated=0
    [CG] CG iter 29: obj=2732353.027495, maxRC=27224.637964, +7 cols
    [CG]   [DIAG] iter=29 posCols=7 newCols=7 effImprove=7 updated=0
    [CG] CG iter 30: obj=2732353.027495, maxRC=26591.552575, +8 cols
    [CG]   [DIAG] iter=30 posCols=8 newCols=8 effImprove=8 updated=0
    [CG] CG iter 31: obj=2732353.027495, maxRC=36720.187848, +7 cols
    [CG]   [DIAG] iter=31 posCols=7 newCols=7 effImprove=7 updated=0
    [CG] CG iter 32: obj=2734468.000640, maxRC=19725.470541, +10 cols
    [CG]   [DIAG] iter=32 posCols=10 newCols=10 effImprove=10 updated=0
    [CG] CG iter 33: obj=2734468.000640, maxRC=26394.738410, +7 cols
    [CG]   [DIAG] iter=33 posCols=7 newCols=7 effImprove=7 updated=0
    [CG] CG iter 34: obj=2734468.000640, maxRC=25453.703149, +9 cols
    [CG]   [DIAG] iter=34 posCols=9 newCols=9 effImprove=9 updated=0
    [CG] CG iter 35: obj=2734468.000640, maxRC=16493.257859, +8 cols
    [CG]   [DIAG] iter=35 posCols=8 newCols=8 effImprove=8 updated=0
    [CG] CG iter 36: obj=2734468.000640, maxRC=16599.305314, +9 cols
    [CG]   [DIAG] iter=36 posCols=9 newCols=9 effImprove=9 updated=0
    [CG] CG iter 37: obj=2734468.000640, maxRC=23610.062411, +10 cols
    [CG]   [DIAG] iter=37 posCols=10 newCols=10 effImprove=10 updated=0
    [CG] CG iter 38: obj=2734468.000640, maxRC=12434.914340, +9 cols
    [CG]   [DIAG] iter=38 posCols=9 newCols=9 effImprove=9 updated=0
    [CG] CG iter 39: obj=2734468.000640, maxRC=21444.560596, +7 cols
    [CG]   [DIAG] iter=39 posCols=7 newCols=7 effImprove=7 updated=0
    [CG] CG iter 40: obj=2734468.000640, maxRC=21056.550983, +7 cols
    [CG]   [DIAG] iter=40 posCols=7 newCols=7 effImprove=7 updated=0
    [CG] CG iter 41: obj=2734468.000640, maxRC=13146.901351, +6 cols
    [CG]   [DIAG] iter=41 posCols=6 newCols=6 effImprove=6 updated=0
    [CG] CG iter 42: obj=2734468.000640, maxRC=8270.550541, +7 cols
    [CG]   [DIAG] iter=42 posCols=7 newCols=7 effImprove=7 updated=0
    [CG] CG iter 43: obj=2734468.000640, maxRC=5114.114712, +5 cols
    [CG]   [DIAG] iter=43 posCols=5 newCols=5 effImprove=5 updated=0
    [CG] CG iter 44: obj=2736241.088268, maxRC=3353.405125, +5 cols
    [CG]   [DIAG] iter=44 posCols=5 newCols=5 effImprove=5 updated=0
    [CG] CG iter 45: obj=2736241.088268, maxRC=3253.548688, +5 cols
    [CG]   [DIAG] iter=45 posCols=5 newCols=5 effImprove=5 updated=0
    [CG] CG iter 46: obj=2736241.088268, maxRC=559.779672, +4 cols
    [CG]   [DIAG] iter=46 posCols=4 newCols=4 effImprove=4 updated=0
    [CG] CG iter 47: obj=2736241.088268, maxRC=835.142103, +2 cols
    [CG]   [DIAG] iter=47 posCols=2 newCols=2 effImprove=2 updated=0
    [CG] CG iter 48: obj=2736241.088268, maxRC=829.635210, +2 cols
    [CG]   [DIAG] iter=48 posCols=2 newCols=2 effImprove=2 updated=0
    [CG] CG iter 49: obj=2736241.088268, maxRC=288.035095, +1 cols
    [CG]   [DIAG] iter=49 posCols=1 newCols=1 effImprove=1 updated=0
    [CG] CG iter 50: obj=2736241.088268, maxRC=404.098356, +1 cols
    [CG]   [DIAG] iter=50 posCols=1 newCols=1 effImprove=1 updated=0
    [CG] CG iter 51: obj=2736241.088268, maxRC=223.511498, +1 cols
    [CG]   [DIAG] iter=51 posCols=1 newCols=1 effImprove=1 updated=0
    [CG] CG iter 52: obj=2736241.088268, maxRC=308.982847, +1 cols
    [CG]   [DIAG] iter=52 posCols=1 newCols=1 effImprove=1 updated=0
    [CG] CG iter 53: obj=2736241.088268, maxRC=93.396808, +1 cols
    [CG]   [DIAG] iter=53 posCols=1 newCols=1 effImprove=1 updated=0
    [CG] 列生成收敛，共 54 轮迭代
    [CG] [CG-NODE] depth=0 exit=CERTIFIED certified=1 feasible=1 iters=54 generatedColsBeforeNode=0 newCols=577 posCandidates=578 duplicateCandidates=1 updatedCols=1 zeroObjImproveIters=36 objFirst=840627.679972 objLast=2736241.088268 objGain=1895613.408297 maxRC=2056656.055954 wallSec=0.720739 pricingSec=0.665730 cplexSolveSec=0.027259
      [BB] 根节点即为整数解，obj=2736241.088268
