    [CG] 列生成开始，初始列数=310
    [CG] CG iter 1: obj=832219.297805, maxRC=2061693.994339, +30 cols
    [CG]   [DIAG] iter=1 posCols=30 newCols=30 effImprove=30 updated=0
    [CG] CG iter 2: obj=2292159.684105, maxRC=423827.389231, +15 cols
    [CG]   [DIAG] iter=2 posCols=15 newCols=15 effImprove=15 updated=0
    [CG] CG iter 3: obj=2345995.856886, maxRC=707590.332051, +21 cols
    [CG]   [DIAG] iter=3 posCols=21 newCols=21 effImprove=21 updated=0
    [CG] CG iter 4: obj=2392290.800854, maxRC=606379.724768, +20 cols
    [CG]   [DIAG] iter=4 posCols=20 newCols=20 effImprove=20 updated=0
    [CG] CG iter 5: obj=2431057.503321, maxRC=372098.827300, +18 cols
    [CG]   [DIAG] iter=5 posCols=18 newCols=18 effImprove=18 updated=0
    [CG] CG iter 6: obj=2448410.667847, maxRC=401057.377378, +18 cols
    [CG]   [DIAG] iter=6 posCols=18 newCols=18 effImprove=18 updated=0
    [CG] CG iter 7: obj=2450601.729548, maxRC=358664.576114, +17 cols
    [CG]   [DIAG] iter=7 posCols=17 newCols=17 effImprove=17 updated=0
    [CG] CG iter 8: obj=2465581.507071, maxRC=379285.443687, +16 cols
    [CG]   [DIAG] iter=8 posCols=16 newCols=16 effImprove=16 updated=0
    [CG] CG iter 9: obj=2486947.458430, maxRC=271020.751019, +16 cols
    [CG]   [DIAG] iter=9 posCols=16 newCols=15 effImprove=16 updated=1
    [CG] CG iter 10: obj=2563287.652099, maxRC=209518.199481, +12 cols
    [CG]   [DIAG] iter=10 posCols=12 newCols=12 effImprove=12 updated=0
    [CG] CG iter 11: obj=2585831.925235, maxRC=226421.781634, +12 cols
    [CG]   [DIAG] iter=11 posCols=12 newCols=12 effImprove=12 updated=0
    [CG] CG iter 12: obj=2616763.761650, maxRC=213441.023282, +13 cols
    [CG]   [DIAG] iter=12 posCols=13 newCols=13 effImprove=13 updated=0
    [CG] CG iter 13: obj=2645313.881815, maxRC=214689.101106, +12 cols
    [CG]   [DIAG] iter=13 posCols=12 newCols=12 effImprove=12 updated=0
    [CG] CG iter 14: obj=2660308.596890, maxRC=122026.206537, +12 cols
    [CG]   [DIAG] iter=14 posCols=12 newCols=12 effImprove=12 updated=0
    [CG] CG iter 15: obj=2662826.028203, maxRC=122212.468725, +12 cols
    [CG]   [DIAG] iter=15 posCols=12 newCols=12 effImprove=12 updated=0
    [CG] CG iter 16: obj=2676017.678570, maxRC=98564.977395, +13 cols
    [CG]   [DIAG] iter=16 posCols=13 newCols=13 effImprove=13 updated=0
    [CG] CG iter 17: obj=2677743.586518, maxRC=170207.545682, +12 cols
    [CG]   [DIAG] iter=17 posCols=12 newCols=12 effImprove=12 updated=0
    [CG] CG iter 18: obj=2704740.477764, maxRC=173677.922321, +10 cols
    [CG]   [DIAG] iter=18 posCols=10 newCols=10 effImprove=10 updated=0
    [CG] CG iter 19: obj=2704740.477764, maxRC=85511.840944, +10 cols
    [CG]   [DIAG] iter=19 posCols=10 newCols=10 effImprove=10 updated=0
    [CG] CG iter 20: obj=2704740.477764, maxRC=136161.502953, +10 cols
    [CG]   [DIAG] iter=20 posCols=10 newCols=10 effImprove=10 updated=0
    [CG] CG iter 21: obj=2704740.477764, maxRC=112570.703320, +9 cols
    [CG]   [DIAG] iter=21 posCols=9 newCols=9 effImprove=9 updated=0
    [CG] CG iter 22: obj=2704740.477764, maxRC=81867.648061, +9 cols
    [CG]   [DIAG] iter=22 posCols=9 newCols=9 effImprove=9 updated=0
    [CG] CG iter 23: obj=2704740.477764, maxRC=41251.855109, +9 cols
    [CG]   [DIAG] iter=23 posCols=9 newCols=9 effImprove=9 updated=0
    [CG] CG iter 24: obj=2704740.477764, maxRC=40165.850187, +10 cols
    [CG]   [DIAG] iter=24 posCols=10 newCols=10 effImprove=10 updated=0
    [CG] CG iter 25: obj=2704740.477764, maxRC=37578.486050, +9 cols
    [CG]   [DIAG] iter=25 posCols=9 newCols=9 effImprove=9 updated=0
    [CG] CG iter 26: obj=2729185.542347, maxRC=41291.576806, +9 cols
    [CG]   [DIAG] iter=26 posCols=9 newCols=9 effImprove=9 updated=0
    [CG] CG iter 27: obj=2729185.542347, maxRC=31469.794642, +9 cols
    [CG]   [DIAG] iter=27 posCols=9 newCols=9 effImprove=9 updated=0
    [CG] CG iter 28: obj=2729185.542347, maxRC=36614.419576, +9 cols
    [CG]   [DIAG] iter=28 posCols=9 newCols=9 effImprove=9 updated=0
    [CG] CG iter 29: obj=2729185.542347, maxRC=25189.740038, +6 cols
    [CG]   [DIAG] iter=29 posCols=6 newCols=6 effImprove=6 updated=0
    [CG] CG iter 30: obj=2729185.542347, maxRC=27692.678220, +9 cols
    [CG]   [DIAG] iter=30 posCols=9 newCols=9 effImprove=9 updated=0
    [CG] CG iter 31: obj=2729185.542347, maxRC=52770.242497, +10 cols
    [CG]   [DIAG] iter=31 posCols=10 newCols=10 effImprove=10 updated=0
    [CG] CG iter 32: obj=2729185.542347, maxRC=23591.164588, +9 cols
    [CG]   [DIAG] iter=32 posCols=9 newCols=9 effImprove=9 updated=0
    [CG] CG iter 33: obj=2729185.542347, maxRC=34643.754026, +10 cols
    [CG]   [DIAG] iter=33 posCols=10 newCols=10 effImprove=10 updated=0
    [CG] CG iter 34: obj=2738701.975240, maxRC=23640.836529, +9 cols
    [CG]   [DIAG] iter=34 posCols=9 newCols=9 effImprove=9 updated=0
    [CG] CG iter 35: obj=2738701.975240, maxRC=17063.697429, +8 cols
    [CG]   [DIAG] iter=35 posCols=8 newCols=8 effImprove=8 updated=0
    [CG] CG iter 36: obj=2738701.975240, maxRC=12346.406108, +6 cols
    [CG]   [DIAG] iter=36 posCols=6 newCols=6 effImprove=6 updated=0
    [CG] CG iter 37: obj=2738701.975240, maxRC=10164.320105, +7 cols
    [CG]   [DIAG] iter=37 posCols=7 newCols=7 effImprove=7 updated=0
    [CG] CG iter 38: obj=2738701.975240, maxRC=6944.702026, +6 cols
    [CG]   [DIAG] iter=38 posCols=6 newCols=6 effImprove=6 updated=0
    [CG] CG iter 39: obj=2738701.975240, maxRC=6275.280957, +6 cols
    [CG]   [DIAG] iter=39 posCols=6 newCols=6 effImprove=6 updated=0
    [CG] CG iter 40: obj=2738701.975240, maxRC=3990.506139, +4 cols
    [CG]   [DIAG] iter=40 posCols=4 newCols=4 effImprove=4 updated=0
    [CG] CG iter 41: obj=2738701.975240, maxRC=3049.062380, +4 cols
    [CG]   [DIAG] iter=41 posCols=4 newCols=4 effImprove=4 updated=0
    [CG] CG iter 42: obj=2738701.975240, maxRC=2516.253695, +4 cols
    [CG]   [DIAG] iter=42 posCols=4 newCols=4 effImprove=4 updated=0
    [CG] CG iter 43: obj=2738701.975240, maxRC=1140.578963, +4 cols
    [CG]   [DIAG] iter=43 posCols=4 newCols=4 effImprove=4 updated=0
    [CG] CG iter 44: obj=2738701.975240, maxRC=977.199936, +4 cols
    [CG]   [DIAG] iter=44 posCols=4 newCols=4 effImprove=4 updated=0
    [CG] CG iter 45: obj=2738701.975240, maxRC=848.227084, +4 cols
    [CG]   [DIAG] iter=45 posCols=4 newCols=3 effImprove=4 updated=1
    [CG] CG iter 46: obj=2738701.975240, maxRC=844.410099, +4 cols
    [CG]   [DIAG] iter=46 posCols=4 newCols=4 effImprove=4 updated=0
    [CG] CG iter 47: obj=2738701.975240, maxRC=455.941480, +2 cols
    [CG]   [DIAG] iter=47 posCols=2 newCols=2 effImprove=2 updated=0
    [CG] CG iter 48: obj=2738701.975240, maxRC=330.910071, +2 cols
    [CG]   [DIAG] iter=48 posCols=2 newCols=2 effImprove=2 updated=0
    [CG] CG iter 49: obj=2738701.975240, maxRC=12.016771, +1 cols
    [CG]   [DIAG] iter=49 posCols=1 newCols=1 effImprove=1 updated=0
    [CG] 列生成收敛，共 50 轮迭代
    [CG] [CG-NODE] depth=0 exit=CERTIFIED certified=1 feasible=1 iters=50 generatedColsBeforeNode=0 newCols=489 posCandidates=491 duplicateCandidates=2 updatedCols=2 zeroObjImproveIters=30 objFirst=832219.297805 objLast=2738701.975240 objGain=1906482.677435 maxRC=2061693.994339 wallSec=0.642271 pricingSec=0.590984 cplexSolveSec=0.024533
      [BB] 根节点即为整数解，obj=2738701.975240
