    [CG] 列生成开始，初始列数=310
    [CG] CG iter 1: obj=836996.961392, maxRC=2071191.960079, +30 cols
    [CG]   [DIAG] iter=1 posCols=30 newCols=30 effImprove=30 updated=0
    [CG] CG iter 2: obj=2318329.381493, maxRC=472631.155495, +19 cols
    [CG]   [DIAG] iter=2 posCols=19 newCols=19 effImprove=19 updated=0
    [CG] CG iter 3: obj=2329779.798311, maxRC=602524.241513, +21 cols
    [CG]   [DIAG] iter=3 posCols=21 newCols=21 effImprove=21 updated=0
    [CG] CG iter 4: obj=2337938.721185, maxRC=556004.102956, +22 cols
    [CG]   [DIAG] iter=4 posCols=22 newCols=22 effImprove=22 updated=0
    [CG] CG iter 5: obj=2421258.435937, maxRC=469970.514891, +18 cols
    [CG]   [DIAG] iter=5 posCols=18 newCols=18 effImprove=18 updated=0
    [CG] CG iter 6: obj=2435131.755765, maxRC=388355.750019, +17 cols
    [CG]   [DIAG] iter=6 posCols=17 newCols=17 effImprove=17 updated=0
    [CG] CG iter 7: obj=2470320.762480, maxRC=300218.723842, +15 cols
    [CG]   [DIAG] iter=7 posCols=15 newCols=15 effImprove=15 updated=0
    [CG] CG iter 8: obj=2528632.640508, maxRC=259220.896460, +15 cols
    [CG]   [DIAG] iter=8 posCols=15 newCols=15 effImprove=15 updated=0
    [CG] CG iter 9: obj=2566230.842063, maxRC=232881.715949, +15 cols
    [CG]   [DIAG] iter=9 posCols=15 newCols=15 effImprove=15 updated=0
    [CG] CG iter 10: obj=2633880.177539, maxRC=189704.968138, +15 cols
    [CG]   [DIAG] iter=10 posCols=15 newCols=15 effImprove=15 updated=0
    [CG] CG iter 11: obj=2638341.000151, maxRC=183597.157422, +12 cols
    [CG]   [DIAG] iter=11 posCols=12 newCols=12 effImprove=12 updated=0
    [CG] CG iter 12: obj=2638341.000151, maxRC=143618.593054, +13 cols
    [CG]   [DIAG] iter=12 posCols=13 newCols=13 effImprove=13 updated=0
    [CG] CG iter 13: obj=2660460.666530, maxRC=146983.007325, +11 cols
    [CG]   [DIAG] iter=13 posCols=11 newCols=11 effImprove=11 updated=0
    [CG] CG iter 14: obj=2660460.666530, maxRC=98098.149968, +10 cols
    [CG]   [DIAG] iter=14 posCols=10 newCols=9 effImprove=10 updated=1
    [CG] CG iter 15: obj=2663284.080571, maxRC=164094.740214, +10 cols
    [CG]   [DIAG] iter=15 posCols=10 newCols=9 effImprove=10 updated=1
    [CG] CG iter 16: obj=2674081.863502, maxRC=207157.178747, +15 cols
    [CG]   [DIAG] iter=16 posCols=15 newCols=15 effImprove=15 updated=0
    [CG] CG iter 17: obj=2681006.172382, maxRC=120374.131276, +12 cols
    [CG]   [DIAG] iter=17 posCols=12 newCols=12 effImprove=12 updated=0
    [CG] CG iter 18: obj=2683319.734799, maxRC=72981.856238, +12 cols
    [CG]   [DIAG] iter=18 posCols=12 newCols=12 effImprove=12 updated=0
    [CG] CG iter 19: obj=2691286.743962, maxRC=92575.109455, +10 cols
    [CG]   [DIAG] iter=19 posCols=10 newCols=10 effImprove=10 updated=0
    [CG] CG iter 20: obj=2694832.950882, maxRC=55110.451216, +9 cols
    [CG]   [DIAG] iter=20 posCols=9 newCols=9 effImprove=9 updated=0
    [CG] CG iter 21: obj=2699614.834756, maxRC=35329.964282, +9 cols
    [CG]   [DIAG] iter=21 posCols=9 newCols=9 effImprove=9 updated=0
    [CG] CG iter 22: obj=2705047.693908, maxRC=75164.240935, +9 cols
    [CG]   [DIAG] iter=22 posCols=9 newCols=9 effImprove=9 updated=0
    [CG] CG iter 23: obj=2713794.160214, maxRC=46195.268810, +11 cols
    [CG]   [DIAG] iter=23 posCols=11 newCols=11 effImprove=11 updated=0
    [CG] CG iter 24: obj=2716627.440787, maxRC=33964.109823, +9 cols
    [CG]   [DIAG] iter=24 posCols=9 newCols=9 effImprove=9 updated=0
    [CG] CG iter 25: obj=2726587.647177, maxRC=29727.312314, +9 cols
    [CG]   [DIAG] iter=25 posCols=9 newCols=9 effImprove=9 updated=0
    [CG] CG iter 26: obj=2728700.163945, maxRC=47650.629138, +8 cols
    [CG]   [DIAG] iter=26 posCols=8 newCols=8 effImprove=8 updated=0
    [CG] CG iter 27: obj=2738140.559345, maxRC=22535.066874, +8 cols
    [CG]   [DIAG] iter=27 posCols=8 newCols=8 effImprove=8 updated=0
    [CG] CG iter 28: obj=2738140.559345, maxRC=25054.906337, +9 cols
    [CG]   [DIAG] iter=28 posCols=9 newCols=9 effImprove=9 updated=0
    [CG] CG iter 29: obj=2738140.559345, maxRC=29923.779683, +9 cols
    [CG]   [DIAG] iter=29 posCols=9 newCols=9 effImprove=9 updated=0
    [CG] CG iter 30: obj=2738140.559345, maxRC=23275.610589, +9 cols
    [CG]   [DIAG] iter=30 posCols=9 newCols=9 effImprove=9 updated=0
    [CG] CG iter 31: obj=2738140.559345, maxRC=17324.871398, +7 cols
    [CG]   [DIAG] iter=31 posCols=7 newCols=7 effImprove=7 updated=0
    [CG] CG iter 32: obj=2738140.559345, maxRC=15575.630962, +6 cols
    [CG]   [DIAG] iter=32 posCols=6 newCols=6 effImprove=6 updated=0
    [CG] CG iter 33: obj=2738140.559345, maxRC=20938.952377, +7 cols
    [CG]   [DIAG] iter=33 posCols=7 newCols=7 effImprove=7 updated=0
    [CG] CG iter 34: obj=2738140.559345, maxRC=14141.419671, +7 cols
    [CG]   [DIAG] iter=34 posCols=7 newCols=7 effImprove=7 updated=0
    [CG] CG iter 35: obj=2738140.559345, maxRC=13501.154693, +7 cols
    [CG]   [DIAG] iter=35 posCols=7 newCols=7 effImprove=7 updated=0
    [CG] CG iter 36: obj=2738140.559345, maxRC=7964.348281, +7 cols
    [CG]   [DIAG] iter=36 posCols=7 newCols=7 effImprove=7 updated=0
    [CG] CG iter 37: obj=2738140.559345, maxRC=8329.876912, +5 cols
    [CG]   [DIAG] iter=37 posCols=5 newCols=5 effImprove=5 updated=0
    [CG] CG iter 38: obj=2741921.462727, maxRC=12069.464458, +6 cols
    [CG]   [DIAG] iter=38 posCols=6 newCols=6 effImprove=6 updated=0
    [CG] CG iter 39: obj=2741921.462727, maxRC=6460.959016, +5 cols
    [CG]   [DIAG] iter=39 posCols=5 newCols=5 effImprove=5 updated=0
    [CG] CG iter 40: obj=2741921.462727, maxRC=4954.036153, +4 cols
    [CG]   [DIAG] iter=40 posCols=4 newCols=4 effImprove=4 updated=0
    [CG] CG iter 41: obj=2741921.462727, maxRC=3066.362597, +5 cols
    [CG]   [DIAG] iter=41 posCols=5 newCols=5 effImprove=5 updated=0
    [CG] CG iter 42: obj=2741921.462727, maxRC=1259.311377, +3 cols
    [CG]   [DIAG] iter=42 posCols=3 newCols=3 effImprove=3 updated=0
    [CG] CG iter 43: obj=2741921.462727, maxRC=717.851978, +4 cols
    [CG]   [DIAG] iter=43 posCols=4 newCols=4 effImprove=4 updated=0
    [CG] CG iter 44: obj=2741921.462727, maxRC=289.847375, +5 cols
    [CG]   [DIAG] iter=44 posCols=5 newCols=5 effImprove=5 updated=0
    [CG] CG iter 45: obj=2741921.462727, maxRC=175.190808, +1 cols
    [CG]   [DIAG] iter=45 posCols=1 newCols=1 effImprove=1 updated=0
    [CG] CG iter 46: obj=2741921.462727, maxRC=144.980191, +1 cols
    [CG]   [DIAG] iter=46 posCols=1 newCols=1 effImprove=1 updated=0
    [CG] 列生成收敛，共 47 轮迭代
    [CG] [CG-NODE] depth=0 exit=CERTIFIED certified=1 feasible=1 iters=47 generatedColsBeforeNode=0 newCols=469 posCandidates=471 duplicateCandidates=2 updatedCols=2 zeroObjImproveIters=21 objFirst=836996.961392 objLast=2741921.462727 objGain=1904924.501335 maxRC=2071191.960079 wallSec=0.616522 pricingSec=0.564034 cplexSolveSec=0.022218
      [BB] 根节点即为整数解，obj=2741921.462727
