    [CG] 列生成开始，初始列数=310
    [CG] CG iter 1: obj=846058.319607, maxRC=1977688.488388, +28 cols
    [CG]   [DIAG] iter=1 posCols=28 newCols=28 effImprove=28 updated=0
    [CG] CG iter 2: obj=2304161.474946, maxRC=699781.437569, +24 cols
    [CG]   [DIAG] iter=2 posCols=24 newCols=24 effImprove=24 updated=0
    [CG] CG iter 3: obj=2309392.812212, maxRC=539257.758682, +24 cols
    [CG]   [DIAG] iter=3 posCols=24 newCols=24 effImprove=24 updated=0
    [CG] CG iter 4: obj=2379551.460812, maxRC=465606.326475, +24 cols
    [CG]   [DIAG] iter=4 posCols=24 newCols=24 effImprove=24 updated=0
    [CG] CG iter 5: obj=2381492.185592, maxRC=367104.291756, +17 cols
    [CG]   [DIAG] iter=5 posCols=17 newCols=17 effImprove=17 updated=0
    [CG] CG iter 6: obj=2382845.644017, maxRC=409175.714509, +19 cols
    [CG]   [DIAG] iter=6 posCols=19 newCols=18 effImprove=19 updated=1
    [CG] CG iter 7: obj=2430638.649676, maxRC=343282.971172, +18 cols
    [CG]   [DIAG] iter=7 posCols=18 newCols=18 effImprove=18 updated=0
    [CG] CG iter 8: obj=2472247.016364, maxRC=295329.196269, +15 cols
    [CG]   [DIAG] iter=8 posCols=15 newCols=15 effImprove=15 updated=0
    [CG] CG iter 9: obj=2497269.749233, maxRC=283808.556754, +15 cols
    [CG]   [DIAG] iter=9 posCols=15 newCols=15 effImprove=15 updated=0
    [CG] CG iter 10: obj=2510816.118957, maxRC=233310.540089, +13 cols
    [CG]   [DIAG] iter=10 posCols=13 newCols=13 effImprove=13 updated=0
    [CG] CG iter 11: obj=2540047.829391, maxRC=204625.606212, +14 cols
    [CG]   [DIAG] iter=11 posCols=14 newCols=14 effImprove=14 updated=0
    [CG] CG iter 12: obj=2626857.378410, maxRC=168800.722100, +12 cols
    [CG]   [DIAG] iter=12 posCols=12 newCols=12 effImprove=12 updated=0
    [CG] CG iter 13: obj=2626857.378410, maxRC=152952.771786, +12 cols
    [CG]   [DIAG] iter=13 posCols=12 newCols=12 effImprove=12 updated=0
    [CG] CG iter 14: obj=2626857.378410, maxRC=153923.641801, +12 cols
    [CG]   [DIAG] iter=14 posCols=12 newCols=12 effImprove=12 updated=0
    [CG] CG iter 15: obj=2626857.378410, maxRC=178497.745610, +12 cols
    [CG]   [DIAG] iter=15 posCols=12 newCols=12 effImprove=12 updated=0
    [CG] CG iter 16: obj=2626857.378410, maxRC=174841.328325, +13 cols
    [CG]   [DIAG] iter=16 posCols=13 newCols=13 effImprove=13 updated=0
    [CG] CG iter 17: obj=2627127.895787, maxRC=112786.241200, +12 cols
    [CG]   [DIAG] iter=17 posCols=12 newCols=12 effImprove=12 updated=0
    [CG] CG iter 18: obj=2642938.671041, maxRC=74606.001602, +12 cols
    [CG]   [DIAG] iter=18 posCols=12 newCols=12 effImprove=12 updated=0
    [CG] CG iter 19: obj=2648448.001883, maxRC=52457.282866, +12 cols
    [CG]   [DIAG] iter=19 posCols=12 newCols=12 effImprove=12 updated=0
    [CG] CG iter 20: obj=2657430.988357, maxRC=72743.395270, +12 cols
    [CG]   [DIAG] iter=20 posCols=12 newCols=12 effImprove=12 updated=0
    [CG] CG iter 21: obj=2657933.162022, maxRC=77463.650148, +12 cols
    [CG]   [DIAG] iter=21 posCols=12 newCols=12 effImprove=12 updated=0
    [CG] CG iter 22: obj=2662684.463412, maxRC=55274.255661, +10 cols
    [CG]   [DIAG] iter=22 posCols=10 newCols=9 effImprove=10 updated=1
    [CG] CG iter 23: obj=2662793.163334, maxRC=27799.721946, +9 cols
    [CG]   [DIAG] iter=23 posCols=9 newCols=9 effImprove=9 updated=0
    [CG] CG iter 24: obj=2671530.529836, maxRC=51350.251435, +10 cols
    [CG]   [DIAG] iter=24 posCols=10 newCols=10 effImprove=10 updated=0
    [CG] CG iter 25: obj=2675060.463434, maxRC=45351.312412, +9 cols
    [CG]   [DIAG] iter=25 posCols=9 newCols=9 effImprove=9 updated=0
    [CG] CG iter 26: obj=2677198.701635, maxRC=47605.813118, +10 cols
    [CG]   [DIAG] iter=26 posCols=10 newCols=10 effImprove=10 updated=0
    [CG] CG iter 27: obj=2677198.701635, maxRC=25192.018634, +9 cols
    [CG]   [DIAG] iter=27 posCols=9 newCols=9 effImprove=9 updated=0
    [CG] CG iter 28: obj=2692077.782671, maxRC=58487.448400, +10 cols
    [CG]   [DIAG] iter=28 posCols=10 newCols=10 effImprove=10 updated=0
    [CG] CG iter 29: obj=2692767.271079, maxRC=15756.076695, +9 cols
    [CG]   [DIAG] iter=29 posCols=9 newCols=9 effImprove=9 updated=0
    [CG] CG iter 30: obj=2698387.465370, maxRC=32792.133863, +9 cols
    [CG]   [DIAG] iter=30 posCols=9 newCols=9 effImprove=9 updated=0
    [CG] CG iter 31: obj=2698387.465370, maxRC=17688.410277, +9 cols
    [CG]   [DIAG] iter=31 posCols=9 newCols=9 effImprove=9 updated=0
    [CG] CG iter 32: obj=2698387.465370, maxRC=13035.713059, +9 cols
    [CG]   [DIAG] iter=32 posCols=9 newCols=9 effImprove=9 updated=0
    [CG] CG iter 33: obj=2699320.341544, maxRC=15377.648273, +9 cols
    [CG]   [DIAG] iter=33 posCols=9 newCols=9 effImprove=9 updated=0
    [CG] CG iter 34: obj=2699414.386941, maxRC=18529.521757, +8 cols
    [CG]   [DIAG] iter=34 posCols=8 newCols=8 effImprove=8 updated=0
    [CG] CG iter 35: obj=2699808.282823, maxRC=13211.705970, +8 cols
    [CG]   [DIAG] iter=35 posCols=8 newCols=8 effImprove=8 updated=0
    [CG] CG iter 36: obj=2700377.812167, maxRC=16400.251185, +9 cols
    [CG]   [DIAG] iter=36 posCols=9 newCols=9 effImprove=9 updated=0
    [CG] CG iter 37: obj=2700377.812167, maxRC=10943.378503, +5 cols
    [CG]   [DIAG] iter=37 posCols=5 newCols=5 effImprove=5 updated=0
    [CG] CG iter 38: obj=2703113.656792, maxRC=3171.988670, +6 cols
    [CG]   [DIAG] iter=38 posCols=6 newCols=6 effImprove=6 updated=0
    [CG] CG iter 39: obj=2703113.656792, maxRC=3094.973528, +3 cols
    [CG]   [DIAG] iter=39 posCols=3 newCols=3 effImprove=3 updated=0
    [CG] CG iter 40: obj=2703113.656792, maxRC=2694.736937, +2 cols
    [CG]   [DIAG] iter=40 posCols=2 newCols=2 effImprove=2 updated=0
    [CG] CG iter 41: obj=2705808.393729, maxRC=392.832715, +2 cols
    [CG]   [DIAG] iter=41 posCols=2 newCols=2 effImprove=2 updated=0
    [CG] CG iter 42: obj=2705808.393729, maxRC=201.408172, +1 cols
    [CG]   [DIAG] iter=42 posCols=1 newCols=1 effImprove=1 updated=0
    [CG] CG iter 43: obj=2705808.393729, maxRC=167.528325, +1 cols
    [CG]   [DIAG] iter=43 posCols=1 newCols=1 effImprove=1 updated=0
    [CG] 列生成收敛，共 44 轮迭代
    [CG] [CG-NODE] depth=0 exit=CERTIFIED certified=1 feasible=1 iters=44 generatedColsBeforeNode=0 newCols=487 posCandidates=489 duplicateCandidates=2 updatedCols=2 zeroObjImproveIters=13 objFirst=846058.319607 objLast=2705808.393729 objGain=1859750.074122 maxRC=1977688.488388 wallSec=0.506812 pricingSec=0.459087 cplexSolveSec=0.020392
      [BB] 根节点即为整数解，obj=2705808.393729
