    [CG] 列生成开始，初始列数=310
    [CG] CG iter 1: obj=874283.791687, maxRC=2033048.051423, +30 cols
    [CG]   [DIAG] iter=1 posCols=30 newCols=30 effImprove=30 updated=0
    [CG] CG iter 2: obj=2300398.472015, maxRC=445853.606422, +23 cols
    [CG]   [DIAG] iter=2 posCols=23 newCols=23 effImprove=23 updated=0
    [CG] CG iter 3: obj=2384152.160820, maxRC=727440.028236, +24 cols
    [CG]   [DIAG] iter=3 posCols=24 newCols=24 effImprove=24 updated=0
    [CG] CG iter 4: obj=2412198.432650, maxRC=655030.009192, +26 cols
    [CG]   [DIAG] iter=4 posCols=26 newCols=26 effImprove=26 updated=0
    [CG] CG iter 5: obj=2419466.779362, maxRC=579700.536847, +24 cols
    [CG]   [DIAG] iter=5 posCols=24 newCols=24 effImprove=24 updated=0
    [CG] CG iter 6: obj=2429899.899769, maxRC=451700.091609, +22 cols
    [CG]   [DIAG] iter=6 posCols=22 newCols=22 effImprove=22 updated=0
    [CG] CG iter 7: obj=2439370.613572, maxRC=320562.164736, +19 cols
    [CG]   [DIAG] iter=7 posCols=19 newCols=19 effImprove=19 updated=0
    [CG] CG iter 8: obj=2460085.747908, maxRC=300541.605178, +19 cols
    [CG]   [DIAG] iter=8 posCols=19 newCols=19 effImprove=19 updated=0
    [CG] CG iter 9: obj=2494992.075119, maxRC=164028.759905, +20 cols
    [CG]   [DIAG] iter=9 posCols=20 newCols=20 effImprove=20 updated=0
    [CG] CG iter 10: obj=2644169.678009, maxRC=157600.128089, +15 cols
    [CG]   [DIAG] iter=10 posCols=15 newCols=15 effImprove=15 updated=0
    [CG] CG iter 11: obj=2644169.678009, maxRC=61009.566078, +12 cols
    [CG]   [DIAG] iter=11 posCols=12 newCols=12 effImprove=12 updated=0
    [CG] CG iter 12: obj=2650505.352987, maxRC=65186.778528, +10 cols
    [CG]   [DIAG] iter=12 posCols=10 newCols=10 effImprove=10 updated=0
    [CG] CG iter 13: obj=2650505.352987, maxRC=62647.034246, +10 cols
    [CG]   [DIAG] iter=13 posCols=10 newCols=10 effImprove=10 updated=0
    [CG] CG iter 14: obj=2650505.352987, maxRC=59536.513954, +9 cols
    [CG]   [DIAG] iter=14 posCols=9 newCols=9 effImprove=9 updated=0
    [CG] CG iter 15: obj=2650505.352987, maxRC=65788.318421, +10 cols
    [CG]   [DIAG] iter=15 posCols=10 newCols=10 effImprove=10 updated=0
    [CG] CG iter 16: obj=2650505.352987, maxRC=64654.631200, +9 cols
    [CG]   [DIAG] iter=16 posCols=9 newCols=9 effImprove=9 updated=0
    [CG] CG iter 17: obj=2650505.352987, maxRC=119037.421731, +12 cols
    [CG]   [DIAG] iter=17 posCols=12 newCols=12 effImprove=12 updated=0
    [CG] CG iter 18: obj=2652934.541852, maxRC=101006.468668, +12 cols
    [CG]   [DIAG] iter=18 posCols=12 newCols=12 effImprove=12 updated=0
    [CG] CG iter 19: obj=2652934.541852, maxRC=66137.357140, +11 cols
    [CG]   [DIAG] iter=19 posCols=11 newCols=11 effImprove=11 updated=0
    [CG] CG iter 20: obj=2666006.816572, maxRC=52473.243788, +9 cols
    [CG]   [DIAG] iter=20 posCols=9 newCols=9 effImprove=9 updated=0
    [CG] CG iter 21: obj=2666006.816572, maxRC=82910.374984, +11 cols
    [CG]   [DIAG] iter=21 posCols=11 newCols=11 effImprove=11 updated=0
    [CG] CG iter 22: obj=2666006.816572, maxRC=72389.744134, +9 cols
    [CG]   [DIAG] iter=22 posCols=9 newCols=9 effImprove=9 updated=0
    [CG] CG iter 23: obj=2666006.816572, maxRC=21175.328451, +9 cols
    [CG]   [DIAG] iter=23 posCols=9 newCols=9 effImprove=9 updated=0
    [CG] CG iter 24: obj=2666006.816572, maxRC=26558.705245, +7 cols
    [CG]   [DIAG] iter=24 posCols=7 newCols=7 effImprove=7 updated=0
    [CG] CG iter 25: obj=2666006.816572, maxRC=14571.118938, +7 cols
    [CG]   [DIAG] iter=25 posCols=7 newCols=7 effImprove=7 updated=0
    [CG] CG iter 26: obj=2666006.816572, maxRC=14636.164064, +7 cols
    [CG]   [DIAG] iter=26 posCols=7 newCols=7 effImprove=7 updated=0
    [CG] CG iter 27: obj=2666006.816572, maxRC=22078.694438, +9 cols
    [CG]   [DIAG] iter=27 posCols=9 newCols=9 effImprove=9 updated=0
    [CG] CG iter 28: obj=2666006.816572, maxRC=17606.956369, +8 cols
    [CG]   [DIAG] iter=28 posCols=8 newCols=8 effImprove=8 updated=0
    [CG] CG iter 29: obj=2666006.816572, maxRC=11569.013131, +8 cols
    [CG]   [DIAG] iter=29 posCols=8 newCols=8 effImprove=8 updated=0
    [CG] CG iter 30: obj=2671128.777686, maxRC=13575.724405, +7 cols
    [CG]   [DIAG] iter=30 posCols=7 newCols=7 effImprove=7 updated=0
    [CG] CG iter 31: obj=2671128.777686, maxRC=7893.542248, +8 cols
    [CG]   [DIAG] iter=31 posCols=8 newCols=8 effImprove=8 updated=0
    [CG] CG iter 32: obj=2671128.777686, maxRC=6795.024292, +6 cols
    [CG]   [DIAG] iter=32 posCols=6 newCols=6 effImprove=6 updated=0
    [CG] CG iter 33: obj=2671305.338843, maxRC=7776.829257, +6 cols
    [CG]   [DIAG] iter=33 posCols=6 newCols=6 effImprove=6 updated=0
    [CG] CG iter 34: obj=2671305.338843, maxRC=2351.777579, +6 cols
    [CG]   [DIAG] iter=34 posCols=6 newCols=6 effImprove=6 updated=0
    [CG] CG iter 35: obj=2671968.546733, maxRC=2270.709523, +5 cols
    [CG]   [DIAG] iter=35 posCols=5 newCols=5 effImprove=5 updated=0
    [CG] CG iter 36: obj=2671968.546733, maxRC=1083.715344, +5 cols
    [CG]   [DIAG] iter=36 posCols=5 newCols=5 effImprove=5 updated=0
    [CG] CG iter 37: obj=2671968.546733, maxRC=758.213650, +2 cols
    [CG]   [DIAG] iter=37 posCols=2 newCols=2 effImprove=2 updated=0
    [CG] CG iter 38: obj=2671968.546733, maxRC=344.508829, +1 cols
    [CG]   [DIAG] iter=38 posCols=1 newCols=1 effImprove=1 updated=0
    [CG] CG iter 39: obj=2671968.546733, maxRC=254.717268, +1 cols
    [CG]   [DIAG] iter=39 posCols=1 newCols=1 effImprove=1 updated=0
    [CG] CG iter 40: obj=2671968.546733, maxRC=113.236779, +1 cols
    [CG]   [DIAG] iter=40 posCols=1 newCols=1 effImprove=1 updated=0
    [CG] CG iter 41: obj=2671968.546733, maxRC=56.061646, +1 cols
    [CG]   [DIAG] iter=41 posCols=1 newCols=1 effImprove=1 updated=0
    [CG] 列生成收敛，共 42 轮迭代
    [CG] [CG-NODE] depth=0 exit=CERTIFIED certified=1 feasible=1 iters=42 generatedColsBeforeNode=0 newCols=450 posCandidates=450 duplicateCandidates=0 updatedCols=0 zeroObjImproveIters=26 objFirst=874283.791687 objLast=2671968.546733 objGain=1797684.755046 maxRC=2033048.051423 wallSec=0.450300 pricingSec=0.422715 cplexSolveSec=0.019367
      [BB] 根节点即为整数解，obj=2671968.546733
