    [CG] 列生成开始，初始列数=310
    [CG] CG iter 1: obj=828961.825708, maxRC=2024386.302725, +30 cols
    [CG]   [DIAG] iter=1 posCols=30 newCols=30 effImprove=30 updated=0
    [CG] CG iter 2: obj=2272371.328903, maxRC=488674.069975, +21 cols
    [CG]   [DIAG] iter=2 posCols=21 newCols=21 effImprove=21 updated=0
    [CG] CG iter 3: obj=2294896.766990, maxRC=601189.164625, +23 cols
    [CG]   [DIAG] iter=3 posCols=23 newCols=23 effImprove=23 updated=0
    [CG] CG iter 4: obj=2321533.760598, maxRC=670270.283393, +22 cols
    [CG]   [DIAG] iter=4 posCols=22 newCols=22 effImprove=22 updated=0
    [CG] CG iter 5: obj=2345086.140461, maxRC=536043.110642, +21 cols
    [CG]   [DIAG] iter=5 posCols=21 newCols=21 effImprove=21 updated=0
    [CG] CG iter 6: obj=2376980.557695, maxRC=461733.324677, +21 cols
    [CG]   [DIAG] iter=6 posCols=21 newCols=21 effImprove=21 updated=0
    [CG] CG iter 7: obj=2412954.252414, maxRC=341087.822098, +18 cols
    [CG]   [DIAG] iter=7 posCols=18 newCols=18 effImprove=18 updated=0
    [CG] CG iter 8: obj=2434004.854849, maxRC=313254.680291, +20 cols
    [CG]   [DIAG] iter=8 posCols=20 newCols=20 effImprove=20 updated=0
    [CG] CG iter 9: obj=2497370.039488, maxRC=257450.935616, +21 cols
    [CG]   [DIAG] iter=9 posCols=21 newCols=21 effImprove=21 updated=0
    [CG] CG iter 10: obj=2543799.012351, maxRC=183158.201818, +13 cols
    [CG]   [DIAG] iter=10 posCols=13 newCols=13 effImprove=13 updated=0
    [CG] CG iter 11: obj=2602710.140292, maxRC=149638.260114, +14 cols
    [CG]   [DIAG] iter=11 posCols=14 newCols=14 effImprove=14 updated=0
    [CG] CG iter 12: obj=2642680.512489, maxRC=224785.331163, +14 cols
    [CG]   [DIAG] iter=12 posCols=14 newCols=13 effImprove=14 updated=1
    [CG] CG iter 13: obj=2649661.081039, maxRC=148941.416255, +12 cols
    [CG]   [DIAG] iter=13 posCols=12 newCols=12 effImprove=12 updated=0
    [CG] CG iter 14: obj=2658781.947997, maxRC=181802.624252, +12 cols
    [CG]   [DIAG] iter=14 posCols=12 newCols=12 effImprove=12 updated=0
    [CG] CG iter 15: obj=2666308.416904, maxRC=113840.759551, +12 cols
    [CG]   [DIAG] iter=15 posCols=12 newCols=12 effImprove=12 updated=0
    [CG] CG iter 16: obj=2697490.561195, maxRC=112919.300247, +12 cols
    [CG]   [DIAG] iter=16 posCols=12 newCols=12 effImprove=12 updated=0
    [CG] CG iter 17: obj=2697490.561195, maxRC=89168.086402, +12 cols
    [CG]   [DIAG] iter=17 posCols=12 newCols=12 effImprove=12 updated=0
    [CG] CG iter 18: obj=2697490.561195, maxRC=99840.768436, +12 cols
    [CG]   [DIAG] iter=18 posCols=12 newCols=12 effImprove=12 updated=0
    [CG] CG iter 19: obj=2709276.219655, maxRC=64084.096958, +12 cols
    [CG]   [DIAG] iter=19 posCols=12 newCols=12 effImprove=12 updated=0
    [CG] CG iter 20: obj=2709276.219655, maxRC=96291.359097, +10 cols
    [CG]   [DIAG] iter=20 posCols=10 newCols=10 effImprove=10 updated=0
    [CG] CG iter 21: obj=2709276.219655, maxRC=110688.438807, +12 cols
    [CG]   [DIAG] iter=21 posCols=12 newCols=12 effImprove=12 updated=0
    [CG] CG iter 22: obj=2709276.219655, maxRC=137520.217333, +12 cols
    [CG]   [DIAG] iter=22 posCols=12 newCols=12 effImprove=12 updated=0
    [CG] CG iter 23: obj=2709276.219655, maxRC=101414.015819, +12 cols
    [CG]   [DIAG] iter=23 posCols=12 newCols=12 effImprove=12 updated=0
    [CG] CG iter 24: obj=2709276.219655, maxRC=86641.369132, +12 cols
    [CG]   [DIAG] iter=24 posCols=12 newCols=12 effImprove=12 updated=0
    [CG] CG iter 25: obj=2709276.219655, maxRC=53699.225316, +9 cols
    [CG]   [DIAG] iter=25 posCols=9 newCols=9 effImprove=9 updated=0
    [CG] CG iter 26: obj=2709276.219655, maxRC=74995.348093, +11 cols
    [CG]   [DIAG] iter=26 posCols=11 newCols=11 effImprove=11 updated=0
    [CG] CG iter 27: obj=2709276.219655, maxRC=76222.343189, +10 cols
    [CG]   [DIAG] iter=27 posCols=10 newCols=10 effImprove=10 updated=0
    [CG] CG iter 28: obj=2709276.219655, maxRC=60418.731609, +10 cols
    [CG]   [DIAG] iter=28 posCols=10 newCols=10 effImprove=10 updated=0
    [CG] CG iter 29: obj=2709276.219655, maxRC=96292.210767, +12 cols
    [CG]   [DIAG] iter=29 posCols=12 newCols=12 effImprove=12 updated=0
    [CG] CG iter 30: obj=2709276.219655, maxRC=53634.092196, +10 cols
    [CG]   [DIAG] iter=30 posCols=10 newCols=10 effImprove=10 updated=0
    [CG] CG iter 31: obj=2709276.219655, maxRC=44056.914946, +9 cols
    [CG]   [DIAG] iter=31 posCols=9 newCols=9 effImprove=9 updated=0
    [CG] CG iter 32: obj=2709276.219655, maxRC=32744.677220, +9 cols
    [CG]   [DIAG] iter=32 posCols=9 newCols=9 effImprove=9 updated=0
    [CG] CG iter 33: obj=2709276.219655, maxRC=44813.019615, +9 cols
    [CG]   [DIAG] iter=33 posCols=9 newCols=9 effImprove=9 updated=0
    [CG] CG iter 34: obj=2710248.033930, maxRC=37209.836137, +10 cols
    [CG]   [DIAG] iter=34 posCols=10 newCols=10 effImprove=10 updated=0
    [CG] CG iter 35: obj=2712610.865927, maxRC=17136.011282, +9 cols
    [CG]   [DIAG] iter=35 posCols=9 newCols=9 effImprove=9 updated=0
    [CG] CG iter 36: obj=2722084.434272, maxRC=18817.139612, +9 cols
    [CG]   [DIAG] iter=36 posCols=9 newCols=9 effImprove=9 updated=0
    [CG] CG iter 37: obj=2722398.504921, maxRC=20567.165533, +9 cols
    [CG]   [DIAG] iter=37 posCols=9 newCols=9 effImprove=9 updated=0
    [CG] CG iter 38: obj=2722751.081316, maxRC=14700.467737, +9 cols
    [CG]   [DIAG] iter=38 posCols=9 newCols=9 effImprove=9 updated=0
    [CG] CG iter 39: obj=2723414.885141, maxRC=14387.481811, +7 cols
    [CG]   [DIAG] iter=39 posCols=7 newCols=7 effImprove=7 updated=0
    [CG] CG iter 40: obj=2725520.150762, maxRC=12217.393544, +7 cols
    [CG]   [DIAG] iter=40 posCols=7 newCols=7 effImprove=7 updated=0
    [CG] CG iter 41: obj=2728807.122189, maxRC=14185.753332, +9 cols
    [CG]   [DIAG] iter=41 posCols=9 newCols=9 effImprove=9 updated=0
    [CG] CG iter 42: obj=2728807.122189, maxRC=14726.801282, +7 cols
    [CG]   [DIAG] iter=42 posCols=7 newCols=7 effImprove=7 updated=0
    [CG] CG iter 43: obj=2732904.382705, maxRC=6846.478138, +7 cols
    [CG]   [DIAG] iter=43 posCols=7 newCols=7 effImprove=7 updated=0
    [CG] CG iter 44: obj=2732904.382705, maxRC=6196.945841, +7 cols
    [CG]   [DIAG] iter=44 posCols=7 newCols=7 effImprove=7 updated=0
    [CG] CG iter 45: obj=2732904.382705, maxRC=4671.622662, +7 cols
    [CG]   [DIAG] iter=45 posCols=7 newCols=7 effImprove=7 updated=0
    [CG] CG iter 46: obj=2732904.382705, maxRC=1694.605328, +5 cols
    [CG]   [DIAG] iter=46 posCols=5 newCols=5 effImprove=5 updated=0
    [CG] CG iter 47: obj=2732904.382705, maxRC=2083.809421, +7 cols
    [CG]   [DIAG] iter=47 posCols=7 newCols=7 effImprove=7 updated=0
    [CG] CG iter 48: obj=2732904.382705, maxRC=941.368654, +6 cols
    [CG]   [DIAG] iter=48 posCols=6 newCols=6 effImprove=6 updated=0
    [CG] CG iter 49: obj=2732904.382705, maxRC=827.395268, +3 cols
    [CG]   [DIAG] iter=49 posCols=3 newCols=3 effImprove=3 updated=0
    [CG] CG iter 50: obj=2732904.382705, maxRC=456.429988, +2 cols
    [CG]   [DIAG] iter=50 posCols=2 newCols=2 effImprove=2 updated=0
    [CG] CG iter 51: obj=2732904.382705, maxRC=142.816056, +1 cols
    [CG]   [DIAG] iter=51 posCols=1 newCols=1 effImprove=1 updated=0
    [CG] CG iter 52: obj=2732904.382705, maxRC=101.167783, +1 cols
    [CG]   [DIAG] iter=52 posCols=1 newCols=1 effImprove=1 updated=0
    [CG] 列生成收敛，共 53 轮迭代
    [CG] [CG-NODE] depth=0 exit=CERTIFIED certified=1 feasible=1 iters=53 generatedColsBeforeNode=0 newCols=590 posCandidates=591 duplicateCandidates=1 updatedCols=1 zeroObjImproveIters=27 objFirst=828961.825708 objLast=2732904.382705 objGain=1903942.556996 maxRC=2024386.302725 wallSec=0.648885 pricingSec=0.596685 cplexSolveSec=0.024874
      [BB] 根节点即为整数解，obj=2732904.382705
