    [CG] 列生成开始，初始列数=310
    [CG] CG iter 1: obj=815184.432561, maxRC=2024708.907367, +30 cols
    [CG]   [DIAG] iter=1 posCols=30 newCols=30 effImprove=30 updated=0
    [CG] CG iter 2: obj=2269145.169647, maxRC=587622.465455, +21 cols
    [CG]   [DIAG] iter=2 posCols=21 newCols=21 effImprove=21 updated=0
    [CG] CG iter 3: obj=2358667.787968, maxRC=818903.968227, +23 cols
    [CG]   [DIAG] iter=3 posCols=23 newCols=23 effImprove=23 updated=0
    [CG] CG iter 4: obj=2358667.787968, maxRC=702031.192980, +22 cols
    [CG]   [DIAG] iter=4 posCols=22 newCols=22 effImprove=22 updated=0
    [CG] CG iter 5: obj=2411360.954234, maxRC=563003.529384, +21 cols
    [CG]   [DIAG] iter=5 posCols=21 newCols=21 effImprove=21 updated=0
    [CG] CG iter 6: obj=2411360.954234, maxRC=420031.027803, +18 cols
    [CG]   [DIAG] iter=6 posCols=18 newCols=18 effImprove=18 updated=0
    [CG] CG iter 7: obj=2414846.127291, maxRC=407178.542848, +18 cols
    [CG]   [DIAG] iter=7 posCols=18 newCols=18 effImprove=18 updated=0
    [CG] CG iter 8: obj=2424860.308968, maxRC=440365.219311, +17 cols
    [CG]   [DIAG] iter=8 posCols=17 newCols=17 effImprove=17 updated=0
    [CG] CG iter 9: obj=2426561.338211, maxRC=375934.752372, +16 cols
    [CG]   [DIAG] iter=9 posCols=16 newCols=16 effImprove=16 updated=0
    [CG] CG iter 10: obj=2475447.980098, maxRC=296957.836085, +15 cols
    [CG]   [DIAG] iter=10 posCols=15 newCols=15 effImprove=15 updated=0
    [CG] CG iter 11: obj=2521853.082312, maxRC=244570.609571, +14 cols
    [CG]   [DIAG] iter=11 posCols=14 newCols=14 effImprove=14 updated=0
    [CG] CG iter 12: obj=2556849.183106, maxRC=197962.866585, +13 cols
    [CG]   [DIAG] iter=12 posCols=13 newCols=13 effImprove=13 updated=0
    [CG] CG iter 13: obj=2622341.133520, maxRC=213744.430865, +14 cols
    [CG]   [DIAG] iter=13 posCols=14 newCols=14 effImprove=14 updated=0
    [CG] CG iter 14: obj=2637129.324989, maxRC=147592.706723, +12 cols
    [CG]   [DIAG] iter=14 posCols=12 newCols=12 effImprove=12 updated=0
    [CG] CG iter 15: obj=2643998.617572, maxRC=133190.088920, +12 cols
    [CG]   [DIAG] iter=15 posCols=12 newCols=12 effImprove=12 updated=0
    [CG] CG iter 16: obj=2645675.267136, maxRC=151179.829474, +12 cols
    [CG]   [DIAG] iter=16 posCols=12 newCols=12 effImprove=12 updated=0
    [CG] CG iter 17: obj=2683218.071071, maxRC=160827.611751, +12 cols
    [CG]   [DIAG] iter=17 posCols=12 newCols=12 effImprove=12 updated=0
    [CG] CG iter 18: obj=2683218.071071, maxRC=129756.495197, +12 cols
    [CG]   [DIAG] iter=18 posCols=12 newCols=12 effImprove=12 updated=0
    [CG] CG iter 19: obj=2683218.071071, maxRC=122033.826362, +12 cols
    [CG]   [DIAG] iter=19 posCols=12 newCols=12 effImprove=12 updated=0
    [CG] CG iter 20: obj=2683218.071071, maxRC=153926.464408, +12 cols
    [CG]   [DIAG] iter=20 posCols=12 newCols=12 effImprove=12 updated=0
    [CG] CG iter 21: obj=2683218.071071, maxRC=102369.831205, +12 cols
    [CG]   [DIAG] iter=21 posCols=12 newCols=12 effImprove=12 updated=0
    [CG] CG iter 22: obj=2683218.071071, maxRC=91531.260210, +11 cols
    [CG]   [DIAG] iter=22 posCols=11 newCols=11 effImprove=11 updated=0
    [CG] CG iter 23: obj=2686902.358799, maxRC=47516.922324, +12 cols
    [CG]   [DIAG] iter=23 posCols=12 newCols=12 effImprove=12 updated=0
    [CG] CG iter 24: obj=2695809.859668, maxRC=49576.865045, +10 cols
    [CG]   [DIAG] iter=24 posCols=10 newCols=10 effImprove=10 updated=0
    [CG] CG iter 25: obj=2699472.209182, maxRC=56160.656753, +11 cols
    [CG]   [DIAG] iter=25 posCols=11 newCols=11 effImprove=11 updated=0
    [CG] CG iter 26: obj=2700661.709286, maxRC=42881.195163, +9 cols
    [CG]   [DIAG] iter=26 posCols=9 newCols=9 effImprove=9 updated=0
    [CG] CG iter 27: obj=2701836.468586, maxRC=32976.496094, +9 cols
    [CG]   [DIAG] iter=27 posCols=9 newCols=9 effImprove=9 updated=0
    [CG] CG iter 28: obj=2703767.163912, maxRC=52803.120877, +9 cols
    [CG]   [DIAG] iter=28 posCols=9 newCols=9 effImprove=9 updated=0
    [CG] CG iter 29: obj=2705553.309859, maxRC=28163.285134, +9 cols
    [CG]   [DIAG] iter=29 posCols=9 newCols=9 effImprove=9 updated=0
    [CG] CG iter 30: obj=2708530.090941, maxRC=47253.070147, +10 cols
    [CG]   [DIAG] iter=30 posCols=10 newCols=10 effImprove=10 updated=0
    [CG] CG iter 31: obj=2709398.706277, maxRC=25137.189123, +9 cols
    [CG]   [DIAG] iter=31 posCols=9 newCols=9 effImprove=9 updated=0
    [CG] CG iter 32: obj=2711636.486666, maxRC=21849.990440, +9 cols
    [CG]   [DIAG] iter=32 posCols=9 newCols=9 effImprove=9 updated=0
    [CG] CG iter 33: obj=2714327.861720, maxRC=23485.071566, +9 cols
    [CG]   [DIAG] iter=33 posCols=9 newCols=9 effImprove=9 updated=0
    [CG] CG iter 34: obj=2716250.381960, maxRC=14653.088756, +8 cols
    [CG]   [DIAG] iter=34 posCols=8 newCols=8 effImprove=8 updated=0
    [CG] CG iter 35: obj=2717498.427640, maxRC=13759.596130, +7 cols
    [CG]   [DIAG] iter=35 posCols=7 newCols=7 effImprove=7 updated=0
    [CG] CG iter 36: obj=2719587.631200, maxRC=10544.752609, +7 cols
    [CG]   [DIAG] iter=36 posCols=7 newCols=7 effImprove=7 updated=0
    [CG] CG iter 37: obj=2722778.561143, maxRC=13769.429431, +7 cols
    [CG]   [DIAG] iter=37 posCols=7 newCols=7 effImprove=7 updated=0
    [CG] CG iter 38: obj=2723253.369054, maxRC=10231.748345, +7 cols
    [CG]   [DIAG] iter=38 posCols=7 newCols=7 effImprove=7 updated=0
    [CG] CG iter 39: obj=2723993.711452, maxRC=6672.622516, +7 cols
    [CG]   [DIAG] iter=39 posCols=7 newCols=7 effImprove=7 updated=0
    [CG] CG iter 40: obj=2726383.008878, maxRC=5413.007235, +7 cols
    [CG]   [DIAG] iter=40 posCols=7 newCols=7 effImprove=7 updated=0
    [CG] CG iter 41: obj=2726554.211217, maxRC=7325.754838, +7 cols
    [CG]   [DIAG] iter=41 posCols=7 newCols=7 effImprove=7 updated=0
    [CG] CG iter 42: obj=2726554.211217, maxRC=3274.383906, +6 cols
    [CG]   [DIAG] iter=42 posCols=6 newCols=6 effImprove=6 updated=0
    [CG] CG iter 43: obj=2729498.022634, maxRC=5599.556536, +4 cols
    [CG]   [DIAG] iter=43 posCols=4 newCols=4 effImprove=4 updated=0
    [CG] CG iter 44: obj=2729498.022634, maxRC=4354.540642, +4 cols
    [CG]   [DIAG] iter=44 posCols=4 newCols=4 effImprove=4 updated=0
    [CG] CG iter 45: obj=2729498.022634, maxRC=4106.304822, +5 cols
    [CG]   [DIAG] iter=45 posCols=5 newCols=5 effImprove=5 updated=0
    [CG] CG iter 46: obj=2729498.022634, maxRC=3901.756281, +4 cols
    [CG]   [DIAG] iter=46 posCols=4 newCols=4 effImprove=4 updated=0
    [CG] CG iter 47: obj=2729498.022634, maxRC=2111.241535, +4 cols
    [CG]   [DIAG] iter=47 posCols=4 newCols=4 effImprove=4 updated=0
    [CG] CG iter 48: obj=2729498.022634, maxRC=2039.457471, +3 cols
    [CG]   [DIAG] iter=48 posCols=3 newCols=3 effImprove=3 updated=0
    [CG] CG iter 49: obj=2729498.022634, maxRC=1243.126082, +2 cols
    [CG]   [DIAG] iter=49 posCols=2 newCols=2 effImprove=2 updated=0
    [CG] CG iter 50: obj=2729498.022634, maxRC=1620.456113, +2 cols
    [CG]   [DIAG] iter=50 posCols=2 newCols=2 effImprove=2 updated=0
    [CG] CG iter 51: obj=2729498.022634, maxRC=1377.248155, +1 cols
    [CG]   [DIAG] iter=51 posCols=1 newCols=1 effImprove=1 updated=0
    [CG] CG iter 52: obj=2729498.022634, maxRC=865.297605, +1 cols
    [CG]   [DIAG] iter=52 posCols=1 newCols=1 effImprove=1 updated=0
    [CG] CG iter 53: obj=2729498.022634, maxRC=660.441312, +1 cols
    [CG]   [DIAG] iter=53 posCols=1 newCols=1 effImprove=1 updated=0
    [CG] CG iter 54: obj=2729498.022634, maxRC=143.841763, +1 cols
    [CG]   [DIAG] iter=54 posCols=1 newCols=1 effImprove=1 updated=0
    [CG] 列生成收敛，共 55 轮迭代
    [CG] [CG-NODE] depth=0 exit=CERTIFIED certified=1 feasible=1 iters=55 generatedColsBeforeNode=0 newCols=550 posCandidates=550 duplicateCandidates=0 updatedCols=0 zeroObjImproveIters=20 objFirst=815184.432561 objLast=2729498.022634 objGain=1914313.590074 maxRC=2024708.907367 wallSec=0.673035 pricingSec=0.639540 cplexSolveSec=0.025788
      [BB] 根节点即为整数解，obj=2729498.022634
