    [CG] 列生成开始，初始列数=310
    [CG] CG iter 1: obj=1117061.565659, maxRC=1530562.089821, +30 cols
    [CG]   [DIAG] iter=1 posCols=30 newCols=30 effImprove=30 updated=0
    [CG] CG iter 2: obj=2116569.927556, maxRC=267789.617794, +30 cols
    [CG]   [DIAG] iter=2 posCols=30 newCols=30 effImprove=30 updated=0
    [CG] CG iter 3: obj=2311829.549853, maxRC=243616.991249, +30 cols
    [CG]   [DIAG] iter=3 posCols=30 newCols=30 effImprove=30 updated=0
    [CG] CG iter 4: obj=2345797.728679, maxRC=209468.806663, +27 cols
    [CG]   [DIAG] iter=4 posCols=27 newCols=27 effImprove=27 updated=0
    [CG] CG iter 5: obj=2409110.499628, maxRC=134585.641457, +25 cols
    [CG]   [DIAG] iter=5 posCols=25 newCols=25 effImprove=25 updated=0
    [CG] CG iter 6: obj=2480184.938351, maxRC=135153.358681, +28 cols
    [CG]   [DIAG] iter=6 posCols=28 newCols=28 effImprove=28 updated=0
    [CG] CG iter 7: obj=2537331.486382, maxRC=101691.161188, +26 cols
    [CG]   [DIAG] iter=7 posCols=26 newCols=25 effImprove=26 updated=1
    [CG] CG iter 8: obj=2552007.887914, maxRC=62312.346630, +24 cols
    [CG]   [DIAG] iter=8 posCols=24 newCols=24 effImprove=24 updated=0
    [CG] CG iter 9: obj=2597767.992285, maxRC=42102.932897, +21 cols
    [CG]   [DIAG] iter=9 posCols=21 newCols=21 effImprove=21 updated=0
    [CG] CG iter 10: obj=2620421.285184, maxRC=31174.355292, +19 cols
    [CG]   [DIAG] iter=10 posCols=19 newCols=19 effImprove=19 updated=0
    [CG] CG iter 11: obj=2657250.446764, maxRC=20857.164348, +16 cols
    [CG]   [DIAG] iter=11 posCols=16 newCols=15 effImprove=16 updated=1
    [CG] CG iter 12: obj=2664893.795221, maxRC=12534.660216, +10 cols
    [CG]   [DIAG] iter=12 posCols=10 newCols=10 effImprove=10 updated=0
    [CG] CG iter 13: obj=2673895.277381, maxRC=4854.642235, +8 cols
    [CG]   [DIAG] iter=13 posCols=8 newCols=7 effImprove=8 updated=1
    [CG] CG iter 14: obj=2673895.277381, maxRC=1298.805952, +2 cols
    [CG]   [DIAG] iter=14 posCols=2 newCols=2 effImprove=2 updated=0
    [CG] 列生成收敛，共 15 轮迭代
    [CG] [CG-NODE] depth=0 exit=CERTIFIED certified=1 feasible=1 iters=15 generatedColsBeforeNode=0 newCols=293 posCandidates=296 duplicateCandidates=3 updatedCols=3 zeroObjImproveIters=1 objFirst=1117061.565659 objLast=2674140.960239 objGain=1557079.394579 maxRC=1530562.089821 wallSec=0.216027 pricingSec=0.184988 cplexSolveSec=0.007840
      [BB] 根节点即为整数解，obj=2674140.960239
