    [CG] 列生成开始，初始列数=310
    [CG] CG iter 1: obj=983968.368043, maxRC=1361454.258362, +30 cols
    [CG]   [DIAG] iter=1 posCols=30 newCols=30 effImprove=30 updated=0
    [CG] CG iter 2: obj=1857180.124968, maxRC=252918.834793, +28 cols
    [CG]   [DIAG] iter=2 posCols=28 newCols=28 effImprove=28 updated=0
    [CG] CG iter 3: obj=2035232.314541, maxRC=394726.946876, +27 cols
    [CG]   [DIAG] iter=3 posCols=27 newCols=27 effImprove=27 updated=0
    [CG] CG iter 4: obj=2090329.163599, maxRC=172911.215696, +26 cols
    [CG]   [DIAG] iter=4 posCols=26 newCols=26 effImprove=26 updated=0
    [CG] CG iter 5: obj=2157533.578920, maxRC=167281.526829, +21 cols
    [CG]   [DIAG] iter=5 posCols=21 newCols=21 effImprove=21 updated=0
    [CG] CG iter 6: obj=2206630.370245, maxRC=117415.129346, +21 cols
    [CG]   [DIAG] iter=6 posCols=21 newCols=21 effImprove=21 updated=0
    [CG] CG iter 7: obj=2271257.135564, maxRC=85198.675217, +18 cols
    [CG]   [DIAG] iter=7 posCols=18 newCols=18 effImprove=18 updated=0
    [CG] CG iter 8: obj=2285638.612363, maxRC=68533.899655, +14 cols
    [CG]   [DIAG] iter=8 posCols=14 newCols=14 effImprove=14 updated=0
    [CG] CG iter 9: obj=2292706.874590, maxRC=30501.282364, +8 cols
    [CG]   [DIAG] iter=9 posCols=8 newCols=8 effImprove=8 updated=0
    [CG] CG iter 10: obj=2303729.619162, maxRC=12089.805981, +3 cols
    [CG]   [DIAG] iter=10 posCols=3 newCols=3 effImprove=3 updated=0
    [CG] CG iter 11: obj=2306338.373963, maxRC=7084.297050, +1 cols
    [CG]   [DIAG] iter=11 posCols=1 newCols=1 effImprove=1 updated=0
    [CG] CG iter 12: obj=2313422.671012, maxRC=1600.618901, +1 cols
    [CG]   [DIAG] iter=12 posCols=1 newCols=1 effImprove=1 updated=0
    [CG] 列生成收敛，共 13 轮迭代
    [CG] [CG-NODE] depth=0 exit=CERTIFIED certified=1 feasible=1 iters=13 generatedColsBeforeNode=0 newCols=198 posCandidates=198 duplicateCandidates=0 updatedCols=0 zeroObjImproveIters=1 objFirst=983968.368043 objLast=2313422.671012 objGain=1329454.302970 maxRC=1361454.258362 wallSec=0.124164 pricingSec=0.113799 cplexSolveSec=0.006396
      [BB] 根节点即为整数解，obj=2313422.671012
