    [CG] 列生成开始，初始列数=310
    [CG] CG iter 1: obj=1130029.799338, maxRC=1565268.997072, +30 cols
    [CG]   [DIAG] iter=1 posCols=30 newCols=30 effImprove=30 updated=0
    [CG] CG iter 2: obj=2161515.521947, maxRC=261464.645688, +30 cols
    [CG]   [DIAG] iter=2 posCols=30 newCols=30 effImprove=30 updated=0
    [CG] CG iter 3: obj=2311594.577132, maxRC=415162.334230, +29 cols
    [CG]   [DIAG] iter=3 posCols=29 newCols=29 effImprove=29 updated=0
    [CG] CG iter 4: obj=2373068.274635, maxRC=231282.959401, +28 cols
    [CG]   [DIAG] iter=4 posCols=28 newCols=28 effImprove=28 updated=0
    [CG] CG iter 5: obj=2436408.857902, maxRC=106494.858339, +26 cols
    [CG]   [DIAG] iter=5 posCols=26 newCols=26 effImprove=26 updated=0
    [CG] CG iter 6: obj=2544814.017821, maxRC=95421.594560, +25 cols
    [CG]   [DIAG] iter=6 posCols=25 newCols=25 effImprove=25 updated=0
    [CG] CG iter 7: obj=2608999.498279, maxRC=78437.407602, +23 cols
    [CG]   [DIAG] iter=7 posCols=23 newCols=23 effImprove=23 updated=0
    [CG] CG iter 8: obj=2631014.858387, maxRC=54954.019323, +20 cols
    [CG]   [DIAG] iter=8 posCols=20 newCols=20 effImprove=20 updated=0
    [CG] CG iter 9: obj=2686204.401918, maxRC=44643.831299, +22 cols
    [CG]   [DIAG] iter=9 posCols=22 newCols=22 effImprove=22 updated=0
    [CG] CG iter 10: obj=2692359.668613, maxRC=36018.804051, +24 cols
    [CG]   [DIAG] iter=10 posCols=24 newCols=24 effImprove=24 updated=0
    [CG] CG iter 11: obj=2698004.001758, maxRC=11654.613356, +17 cols
    [CG]   [DIAG] iter=11 posCols=17 newCols=15 effImprove=17 updated=2
    [CG] CG iter 12: obj=2711671.999024, maxRC=6476.349161, +12 cols
    [CG]   [DIAG] iter=12 posCols=12 newCols=12 effImprove=12 updated=0
    [CG] CG iter 13: obj=2720112.403068, maxRC=3482.482136, +8 cols
    [CG]   [DIAG] iter=13 posCols=8 newCols=8 effImprove=8 updated=0
    [CG] 列生成收敛，共 14 轮迭代
    [CG] [CG-NODE] depth=0 exit=CERTIFIED certified=1 feasible=1 iters=14 generatedColsBeforeNode=0 newCols=292 posCandidates=294 duplicateCandidates=2 updatedCols=2 zeroObjImproveIters=1 objFirst=1130029.799338 objLast=2720112.403068 objGain=1590082.603730 maxRC=1565268.997072 wallSec=0.171953 pricingSec=0.161280 cplexSolveSec=0.006859
      [BB] 根节点即为整数解，obj=2720112.403068
