    [CG] 列生成开始，初始列数=310
    [CG] CG iter 1: obj=991366.337776, maxRC=1216681.601044, +30 cols
    [CG]   [DIAG] iter=1 posCols=30 newCols=30 effImprove=30 updated=0
    [CG] CG iter 2: obj=1741412.234008, maxRC=243378.110949, +30 cols
    [CG]   [DIAG] iter=2 posCols=30 newCols=30 effImprove=30 updated=0
    [CG] CG iter 3: obj=1946747.166285, maxRC=320927.204976, +30 cols
    [CG]   [DIAG] iter=3 posCols=30 newCols=30 effImprove=30 updated=0
    [CG] CG iter 4: obj=2051472.126264, maxRC=262237.446591, +28 cols
    [CG]   [DIAG] iter=4 posCols=28 newCols=28 effImprove=28 updated=0
    [CG] CG iter 5: obj=2155188.925178, maxRC=167030.849744, +30 cols
    [CG]   [DIAG] iter=5 posCols=30 newCols=29 effImprove=30 updated=1
    [CG] CG iter 6: obj=2200545.870151, maxRC=78630.543215, +22 cols
    [CG]   [DIAG] iter=6 posCols=22 newCols=22 effImprove=22 updated=0
    [CG] CG iter 7: obj=2260722.312483, maxRC=75553.238137, +23 cols
    [CG]   [DIAG] iter=7 posCols=23 newCols=22 effImprove=23 updated=1
    [CG] CG iter 8: obj=2304957.480138, maxRC=82407.554744, +18 cols
    [CG]   [DIAG] iter=8 posCols=18 newCols=18 effImprove=18 updated=0
    [CG] CG iter 9: obj=2304957.480138, maxRC=97638.737067, +12 cols
    [CG]   [DIAG] iter=9 posCols=12 newCols=11 effImprove=12 updated=1
    [CG] CG iter 10: obj=2316496.132651, maxRC=83228.035705, +13 cols
    [CG]   [DIAG] iter=10 posCols=13 newCols=13 effImprove=13 updated=0
    [CG] CG iter 11: obj=2317116.837735, maxRC=40775.159282, +11 cols
    [CG]   [DIAG] iter=11 posCols=11 newCols=10 effImprove=11 updated=1
    [CG] CG iter 12: obj=2325582.495248, maxRC=26585.200555, +10 cols
    [CG]   [DIAG] iter=12 posCols=10 newCols=9 effImprove=10 updated=1
    [CG] CG iter 13: obj=2331359.441072, maxRC=31070.092090, +4 cols
    [CG]   [DIAG] iter=13 posCols=4 newCols=4 effImprove=4 updated=0
    [CG] CG iter 14: obj=2331710.807922, maxRC=17725.609923, +4 cols
    [CG]   [DIAG] iter=14 posCols=4 newCols=4 effImprove=4 updated=0
    [CG] CG iter 15: obj=2333224.289622, maxRC=15712.305911, +3 cols
    [CG]   [DIAG] iter=15 posCols=3 newCols=3 effImprove=3 updated=0
    [CG] CG iter 16: obj=2347511.002236, maxRC=5448.377056, +3 cols
    [CG]   [DIAG] iter=16 posCols=3 newCols=3 effImprove=3 updated=0
    [CG] CG iter 17: obj=2347511.002236, maxRC=1814.257746, +2 cols
    [CG]   [DIAG] iter=17 posCols=2 newCols=2 effImprove=2 updated=0
    [CG] 列生成收敛，共 18 轮迭代
    [CG] [CG-NODE] depth=0 exit=CERTIFIED certified=1 feasible=1 iters=18 generatedColsBeforeNode=0 newCols=268 posCandidates=273 duplicateCandidates=5 updatedCols=5 zeroObjImproveIters=3 objFirst=991366.337776 objLast=2347511.002236 objGain=1356144.664460 maxRC=1216681.601044 wallSec=0.138262 pricingSec=0.127849 cplexSolveSec=0.006912
      [BB] 根节点即为整数解，obj=2347511.002236
