    [CG] 列生成开始，初始列数=310
    [CG] CG iter 1: obj=1045639.551492, maxRC=1504305.818233, +30 cols
    [CG]   [DIAG] iter=1 posCols=30 newCols=30 effImprove=30 updated=0
    [CG] CG iter 2: obj=2052813.282174, maxRC=266885.017620, +27 cols
    [CG]   [DIAG] iter=2 posCols=27 newCols=27 effImprove=27 updated=0
    [CG] CG iter 3: obj=2175355.727908, maxRC=285818.892197, +27 cols
    [CG]   [DIAG] iter=3 posCols=27 newCols=27 effImprove=27 updated=0
    [CG] CG iter 4: obj=2245944.935885, maxRC=246240.690320, +26 cols
    [CG]   [DIAG] iter=4 posCols=26 newCols=26 effImprove=26 updated=0
    [CG] CG iter 5: obj=2306427.997417, maxRC=158437.470507, +23 cols
    [CG]   [DIAG] iter=5 posCols=23 newCols=22 effImprove=23 updated=1
    [CG] CG iter 6: obj=2364890.842638, maxRC=127949.513199, +20 cols
    [CG]   [DIAG] iter=6 posCols=20 newCols=19 effImprove=20 updated=1
    [CG] CG iter 7: obj=2371105.825744, maxRC=90356.750499, +18 cols
    [CG]   [DIAG] iter=7 posCols=18 newCols=18 effImprove=18 updated=0
    [CG] CG iter 8: obj=2440556.649309, maxRC=46541.215982, +21 cols
    [CG]   [DIAG] iter=8 posCols=21 newCols=21 effImprove=21 updated=0
    [CG] CG iter 9: obj=2483059.145156, maxRC=21697.561774, +15 cols
    [CG]   [DIAG] iter=9 posCols=15 newCols=15 effImprove=15 updated=0
    [CG] CG iter 10: obj=2495795.945317, maxRC=34936.468570, +13 cols
    [CG]   [DIAG] iter=10 posCols=13 newCols=13 effImprove=13 updated=0
    [CG] CG iter 11: obj=2508590.391063, maxRC=15999.524164, +8 cols
    [CG]   [DIAG] iter=11 posCols=8 newCols=8 effImprove=8 updated=0
    [CG] CG iter 12: obj=2508590.391063, maxRC=1528.584525, +6 cols
    [CG]   [DIAG] iter=12 posCols=6 newCols=4 effImprove=6 updated=2
    [CG] CG iter 13: obj=2511171.409388, maxRC=260.215036, +1 cols
    [CG]   [DIAG] iter=13 posCols=1 newCols=1 effImprove=1 updated=0
    [CG] 列生成收敛，共 14 轮迭代
    [CG] [CG-NODE] depth=0 exit=CERTIFIED certified=1 feasible=1 iters=14 generatedColsBeforeNode=0 newCols=231 posCandidates=235 duplicateCandidates=4 updatedCols=4 zeroObjImproveIters=2 objFirst=1045639.551492 objLast=2511171.409388 objGain=1465531.857896 maxRC=1504305.818233 wallSec=0.132492 pricingSec=0.123400 cplexSolveSec=0.005809
      [BB] 根节点即为整数解，obj=2511171.409388
