    [CG] 列生成开始，初始列数=310
    [CG] CG iter 1: obj=1100827.113195, maxRC=1532686.557600, +30 cols
    [CG]   [DIAG] iter=1 posCols=30 newCols=30 effImprove=30 updated=0
    [CG] CG iter 2: obj=2098096.372240, maxRC=269703.576231, +29 cols
    [CG]   [DIAG] iter=2 posCols=29 newCols=29 effImprove=29 updated=0
    [CG] CG iter 3: obj=2200118.621976, maxRC=334741.614744, +27 cols
    [CG]   [DIAG] iter=3 posCols=27 newCols=27 effImprove=27 updated=0
    [CG] CG iter 4: obj=2277044.532816, maxRC=249679.868274, +27 cols
    [CG]   [DIAG] iter=4 posCols=27 newCols=27 effImprove=27 updated=0
    [CG] CG iter 5: obj=2370254.808680, maxRC=156622.523880, +26 cols
    [CG]   [DIAG] iter=5 posCols=26 newCols=26 effImprove=26 updated=0
    [CG] CG iter 6: obj=2467218.536436, maxRC=100742.505829, +25 cols
    [CG]   [DIAG] iter=6 posCols=25 newCols=25 effImprove=25 updated=0
    [CG] CG iter 7: obj=2530635.273326, maxRC=92880.391145, +25 cols
    [CG]   [DIAG] iter=7 posCols=25 newCols=25 effImprove=25 updated=0
    [CG] CG iter 8: obj=2596564.184824, maxRC=59629.480704, +24 cols
    [CG]   [DIAG] iter=8 posCols=24 newCols=24 effImprove=24 updated=0
    [CG] CG iter 9: obj=2619525.411602, maxRC=64298.790226, +25 cols
    [CG]   [DIAG] iter=9 posCols=25 newCols=25 effImprove=25 updated=0
    [CG] CG iter 10: obj=2639672.593947, maxRC=24852.437206, +18 cols
    [CG]   [DIAG] iter=10 posCols=18 newCols=17 effImprove=18 updated=1
    [CG] CG iter 11: obj=2653644.100869, maxRC=13538.715913, +11 cols
    [CG]   [DIAG] iter=11 posCols=11 newCols=11 effImprove=11 updated=0
    [CG] CG iter 12: obj=2661356.578927, maxRC=8576.113125, +11 cols
    [CG]   [DIAG] iter=12 posCols=11 newCols=11 effImprove=11 updated=0
    [CG] CG iter 13: obj=2665512.988381, maxRC=4507.832502, +4 cols
    [CG]   [DIAG] iter=13 posCols=4 newCols=4 effImprove=4 updated=0
    [CG] CG iter 14: obj=2667888.376650, maxRC=537.599196, +1 cols
    [CG]   [DIAG] iter=14 posCols=1 newCols=1 effImprove=1 updated=0
    [CG] 列生成收敛，共 15 轮迭代
    [CG] [CG-NODE] depth=0 exit=CERTIFIED certified=1 feasible=1 iters=15 generatedColsBeforeNode=0 newCols=282 posCandidates=283 duplicateCandidates=1 updatedCols=1 zeroObjImproveIters=1 objFirst=1100827.113195 objLast=2667888.376650 objGain=1567061.263455 maxRC=1532686.557600 wallSec=0.183036 pricingSec=0.171138 cplexSolveSec=0.007331
      [BB] 根节点即为整数解，obj=2667888.376650
