    [CG] 列生成开始，初始列数=310
    [CG] CG iter 1: obj=1090127.834125, maxRC=1525987.555295, +30 cols
    [CG]   [DIAG] iter=1 posCols=30 newCols=30 effImprove=30 updated=0
    [CG] CG iter 2: obj=2081234.504854, maxRC=269192.742527, +29 cols
    [CG]   [DIAG] iter=2 posCols=29 newCols=29 effImprove=29 updated=0
    [CG] CG iter 3: obj=2245287.120584, maxRC=443673.302902, +28 cols
    [CG]   [DIAG] iter=3 posCols=28 newCols=28 effImprove=28 updated=0
    [CG] CG iter 4: obj=2266311.458920, maxRC=389418.462830, +27 cols
    [CG]   [DIAG] iter=4 posCols=27 newCols=27 effImprove=27 updated=0
    [CG] CG iter 5: obj=2308003.150002, maxRC=199312.264328, +27 cols
    [CG]   [DIAG] iter=5 posCols=27 newCols=27 effImprove=27 updated=0
    [CG] CG iter 6: obj=2416695.630452, maxRC=158021.740312, +27 cols
    [CG]   [DIAG] iter=6 posCols=27 newCols=27 effImprove=27 updated=0
    [CG] CG iter 7: obj=2495254.856050, maxRC=75014.645132, +25 cols
    [CG]   [DIAG] iter=7 posCols=25 newCols=25 effImprove=25 updated=0
    [CG] CG iter 8: obj=2598125.215536, maxRC=99586.279600, +23 cols
    [CG]   [DIAG] iter=8 posCols=23 newCols=23 effImprove=23 updated=0
    [CG] CG iter 9: obj=2598125.215536, maxRC=63790.291617, +19 cols
    [CG]   [DIAG] iter=9 posCols=19 newCols=18 effImprove=19 updated=1
    [CG] CG iter 10: obj=2608624.179869, maxRC=38436.993123, +19 cols
    [CG]   [DIAG] iter=10 posCols=19 newCols=18 effImprove=19 updated=1
    [CG] CG iter 11: obj=2613879.309835, maxRC=13681.276384, +14 cols
    [CG]   [DIAG] iter=11 posCols=14 newCols=13 effImprove=14 updated=1
    [CG] CG iter 12: obj=2615200.737438, maxRC=9116.503585, +12 cols
    [CG]   [DIAG] iter=12 posCols=12 newCols=12 effImprove=12 updated=0
    [CG] CG iter 13: obj=2631208.693192, maxRC=2199.114968, +2 cols
    [CG]   [DIAG] iter=13 posCols=2 newCols=2 effImprove=2 updated=0
    [CG] CG iter 14: obj=2631208.693192, maxRC=987.943719, +2 cols
    [CG]   [DIAG] iter=14 posCols=2 newCols=2 effImprove=2 updated=0
    [CG] 列生成收敛，共 15 轮迭代
    [CG] [CG-NODE] depth=0 exit=CERTIFIED certified=1 feasible=1 iters=15 generatedColsBeforeNode=0 newCols=281 posCandidates=284 duplicateCandidates=3 updatedCols=3 zeroObjImproveIters=3 objFirst=1090127.834125 objLast=2631208.693192 objGain=1541080.859067 maxRC=1525987.555295 wallSec=0.212140 pricingSec=0.197839 cplexSolveSec=0.008913
      [BB] 根节点即为整数解，obj=2631208.693192
