    [CG] 列生成开始，初始列数=310
    [CG] CG iter 1: obj=1093709.707639, maxRC=1566334.131995, +30 cols
    [CG]   [DIAG] iter=1 posCols=30 newCols=30 effImprove=30 updated=0
    [CG] CG iter 2: obj=2132106.129960, maxRC=269542.208498, +29 cols
    [CG]   [DIAG] iter=2 posCols=29 newCols=29 effImprove=29 updated=0
    [CG] CG iter 3: obj=2315077.972090, maxRC=408278.830216, +27 cols
    [CG]   [DIAG] iter=3 posCols=27 newCols=27 effImprove=27 updated=0
    [CG] CG iter 4: obj=2343158.713083, maxRC=282869.157638, +27 cols
    [CG]   [DIAG] iter=4 posCols=27 newCols=27 effImprove=27 updated=0
    [CG] CG iter 5: obj=2380561.965080, maxRC=177071.026129, +27 cols
    [CG]   [DIAG] iter=5 posCols=27 newCols=27 effImprove=27 updated=0
    [CG] CG iter 6: obj=2453297.134277, maxRC=204131.001421, +25 cols
    [CG]   [DIAG] iter=6 posCols=25 newCols=25 effImprove=25 updated=0
    [CG] CG iter 7: obj=2499998.207118, maxRC=153417.163902, +27 cols
    [CG]   [DIAG] iter=7 posCols=27 newCols=27 effImprove=27 updated=0
    [CG] CG iter 8: obj=2542321.393208, maxRC=72872.991247, +22 cols
    [CG]   [DIAG] iter=8 posCols=22 newCols=22 effImprove=22 updated=0
    [CG] CG iter 9: obj=2572090.661512, maxRC=94869.552994, +24 cols
    [CG]   [DIAG] iter=9 posCols=24 newCols=23 effImprove=24 updated=1
    [CG] CG iter 10: obj=2612506.183959, maxRC=36986.430325, +21 cols
    [CG]   [DIAG] iter=10 posCols=21 newCols=21 effImprove=21 updated=0
    [CG] CG iter 11: obj=2647567.564204, maxRC=45938.403713, +14 cols
    [CG]   [DIAG] iter=11 posCols=14 newCols=14 effImprove=14 updated=0
    [CG] CG iter 12: obj=2661785.221669, maxRC=6894.259628, +11 cols
    [CG]   [DIAG] iter=12 posCols=11 newCols=11 effImprove=11 updated=0
    [CG] CG iter 13: obj=2669589.672742, maxRC=3227.231470, +3 cols
    [CG]   [DIAG] iter=13 posCols=3 newCols=3 effImprove=3 updated=0
    [CG] CG iter 14: obj=2671339.882597, maxRC=1596.139826, +4 cols
    [CG]   [DIAG] iter=14 posCols=4 newCols=4 effImprove=4 updated=0
    [CG] 列生成收敛，共 15 轮迭代
    [CG] [CG-NODE] depth=0 exit=CERTIFIED certified=1 feasible=1 iters=15 generatedColsBeforeNode=0 newCols=290 posCandidates=291 duplicateCandidates=1 updatedCols=1 zeroObjImproveIters=1 objFirst=1093709.707639 objLast=2671339.882597 objGain=1577630.174958 maxRC=1566334.131995 wallSec=0.211928 pricingSec=0.180014 cplexSolveSec=0.006951
      [BB] 根节点即为整数解，obj=2671339.882597
