    [CG] 列生成开始，初始列数=310
    [CG] CG iter 1: obj=1065147.742240, maxRC=1498923.759498, +30 cols
    [CG]   [DIAG] iter=1 posCols=30 newCols=30 effImprove=30 updated=0
    [CG] CG iter 2: obj=2062013.255228, maxRC=263008.946386, +29 cols
    [CG]   [DIAG] iter=2 posCols=29 newCols=29 effImprove=29 updated=0
    [CG] CG iter 3: obj=2279029.195988, maxRC=427687.160291, +27 cols
    [CG]   [DIAG] iter=3 posCols=27 newCols=27 effImprove=27 updated=0
    [CG] CG iter 4: obj=2315652.789954, maxRC=211846.397185, +27 cols
    [CG]   [DIAG] iter=4 posCols=27 newCols=27 effImprove=27 updated=0
    [CG] CG iter 5: obj=2370161.822376, maxRC=166992.654512, +22 cols
    [CG]   [DIAG] iter=5 posCols=22 newCols=22 effImprove=22 updated=0
    [CG] CG iter 6: obj=2427086.412006, maxRC=159574.537585, +28 cols
    [CG]   [DIAG] iter=6 posCols=28 newCols=28 effImprove=28 updated=0
    [CG] CG iter 7: obj=2501890.523354, maxRC=96665.109980, +24 cols
    [CG]   [DIAG] iter=7 posCols=24 newCols=24 effImprove=24 updated=0
    [CG] CG iter 8: obj=2521431.827834, maxRC=76292.130039, +22 cols
    [CG]   [DIAG] iter=8 posCols=22 newCols=22 effImprove=22 updated=0
    [CG] CG iter 9: obj=2536052.155842, maxRC=68022.059431, +21 cols
    [CG]   [DIAG] iter=9 posCols=21 newCols=21 effImprove=21 updated=0
    [CG] CG iter 10: obj=2563018.817613, maxRC=71834.202448, +20 cols
    [CG]   [DIAG] iter=10 posCols=20 newCols=20 effImprove=20 updated=0
    [CG] CG iter 11: obj=2583950.630495, maxRC=21557.737148, +15 cols
    [CG]   [DIAG] iter=11 posCols=15 newCols=15 effImprove=15 updated=0
    [CG] CG iter 12: obj=2602251.933911, maxRC=20567.156394, +13 cols
    [CG]   [DIAG] iter=12 posCols=13 newCols=13 effImprove=13 updated=0
    [CG] CG iter 13: obj=2603605.507949, maxRC=13453.295023, +10 cols
    [CG]   [DIAG] iter=13 posCols=10 newCols=10 effImprove=10 updated=0
    [CG] CG iter 14: obj=2617058.802972, maxRC=2807.452385, +3 cols
    [CG]   [DIAG] iter=14 posCols=3 newCols=2 effImprove=3 updated=1
    [CG] CG iter 15: obj=2617058.802972, maxRC=2248.437119, +2 cols
    [CG]   [DIAG] iter=15 posCols=2 newCols=2 effImprove=2 updated=0
    [CG] CG iter 16: obj=2619307.240090, maxRC=785.514147, +1 cols
    [CG]   [DIAG] iter=16 posCols=1 newCols=1 effImprove=1 updated=0
    [CG] 列生成收敛，共 17 轮迭代
    [CG] [CG-NODE] depth=0 exit=CERTIFIED certified=1 feasible=1 iters=17 generatedColsBeforeNode=0 newCols=293 posCandidates=294 duplicateCandidates=1 updatedCols=1 zeroObjImproveIters=2 objFirst=1065147.742240 objLast=2619307.240090 objGain=1554159.497850 maxRC=1498923.759498 wallSec=0.178047 pricingSec=0.165721 cplexSolveSec=0.007796
      [BB] 根节点即为整数解，obj=2619307.240090
