    [CG] 列生成开始，初始列数=310
    [CG] CG iter 1: obj=1101605.745886, maxRC=1564733.648813, +30 cols
    [CG]   [DIAG] iter=1 posCols=30 newCols=30 effImprove=30 updated=0
    [CG] CG iter 2: obj=2133699.873042, maxRC=268428.447106, +29 cols
    [CG]   [DIAG] iter=2 posCols=29 newCols=29 effImprove=29 updated=0
    [CG] CG iter 3: obj=2277036.194273, maxRC=469400.230442, +27 cols
    [CG]   [DIAG] iter=3 posCols=27 newCols=27 effImprove=27 updated=0
    [CG] CG iter 4: obj=2327097.077374, maxRC=175828.794470, +27 cols
    [CG]   [DIAG] iter=4 posCols=27 newCols=27 effImprove=27 updated=0
    [CG] CG iter 5: obj=2434200.893378, maxRC=146006.518282, +27 cols
    [CG]   [DIAG] iter=5 posCols=27 newCols=27 effImprove=27 updated=0
    [CG] CG iter 6: obj=2501592.040274, maxRC=79652.035625, +24 cols
    [CG]   [DIAG] iter=6 posCols=24 newCols=24 effImprove=24 updated=0
    [CG] CG iter 7: obj=2585166.696610, maxRC=64631.488588, +24 cols
    [CG]   [DIAG] iter=7 posCols=24 newCols=24 effImprove=24 updated=0
    [CG] CG iter 8: obj=2618256.489587, maxRC=117462.687069, +24 cols
    [CG]   [DIAG] iter=8 posCols=24 newCols=24 effImprove=24 updated=0
    [CG] CG iter 9: obj=2644358.619148, maxRC=46165.140349, +23 cols
    [CG]   [DIAG] iter=9 posCols=23 newCols=22 effImprove=23 updated=1
    [CG] CG iter 10: obj=2662291.465310, maxRC=18457.553785, +17 cols
    [CG]   [DIAG] iter=10 posCols=17 newCols=16 effImprove=17 updated=1
    [CG] CG iter 11: obj=2662291.465310, maxRC=11664.452967, +12 cols
    [CG]   [DIAG] iter=11 posCols=12 newCols=10 effImprove=12 updated=2
    [CG] CG iter 12: obj=2667801.715355, maxRC=9392.362612, +9 cols
    [CG]   [DIAG] iter=12 posCols=9 newCols=9 effImprove=9 updated=0
    [CG] CG iter 13: obj=2669457.527861, maxRC=6365.331664, +6 cols
    [CG]   [DIAG] iter=13 posCols=6 newCols=6 effImprove=6 updated=0
    [CG] 列生成收敛，共 14 轮迭代
    [CG] [CG-NODE] depth=0 exit=CERTIFIED certified=1 feasible=1 iters=14 generatedColsBeforeNode=0 newCols=275 posCandidates=279 duplicateCandidates=4 updatedCols=4 zeroObjImproveIters=1 objFirst=1101605.745886 objLast=2675822.859525 objGain=1574217.113639 maxRC=1564733.648813 wallSec=0.166032 pricingSec=0.157594 cplexSolveSec=0.005538
      [BB] 根节点即为整数解，obj=2675822.859525
