    [CG] 列生成开始，初始列数=310
    [CG] CG iter 1: obj=1115028.735075, maxRC=1548712.514904, +30 cols
    [CG]   [DIAG] iter=1 posCols=30 newCols=30 effImprove=30 updated=0
    [CG] CG iter 2: obj=2133207.896580, maxRC=259114.805777, +30 cols
    [CG]   [DIAG] iter=2 posCols=30 newCols=30 effImprove=30 updated=0
    [CG] CG iter 3: obj=2383694.299034, maxRC=300404.835613, +27 cols
    [CG]   [DIAG] iter=3 posCols=27 newCols=27 effImprove=27 updated=0
    [CG] CG iter 4: obj=2388558.793962, maxRC=233309.017861, +27 cols
    [CG]   [DIAG] iter=4 posCols=27 newCols=27 effImprove=27 updated=0
    [CG] CG iter 5: obj=2413946.074456, maxRC=178270.203036, +27 cols
    [CG]   [DIAG] iter=5 posCols=27 newCols=27 effImprove=27 updated=0
    [CG] CG iter 6: obj=2455580.322435, maxRC=151078.821480, +27 cols
    [CG]   [DIAG] iter=6 posCols=27 newCols=26 effImprove=27 updated=1
    [CG] CG iter 7: obj=2590252.363297, maxRC=120603.519587, +28 cols
    [CG]   [DIAG] iter=7 posCols=28 newCols=28 effImprove=28 updated=0
    [CG] CG iter 8: obj=2600030.738035, maxRC=82980.797276, +24 cols
    [CG]   [DIAG] iter=8 posCols=24 newCols=24 effImprove=24 updated=0
    [CG] CG iter 9: obj=2630988.530453, maxRC=62785.884587, +24 cols
    [CG]   [DIAG] iter=9 posCols=24 newCols=24 effImprove=24 updated=0
    [CG] CG iter 10: obj=2672798.044992, maxRC=34145.566970, +21 cols
    [CG]   [DIAG] iter=10 posCols=21 newCols=20 effImprove=21 updated=1
    [CG] CG iter 11: obj=2682037.254499, maxRC=16811.295529, +19 cols
    [CG]   [DIAG] iter=11 posCols=19 newCols=19 effImprove=19 updated=0
    [CG] CG iter 12: obj=2687503.858171, maxRC=14138.050385, +11 cols
    [CG]   [DIAG] iter=12 posCols=11 newCols=10 effImprove=11 updated=1
    [CG] CG iter 13: obj=2701641.908556, maxRC=5027.357258, +10 cols
    [CG]   [DIAG] iter=13 posCols=10 newCols=10 effImprove=10 updated=0
    [CG] CG iter 14: obj=2705876.221272, maxRC=4797.391171, +4 cols
    [CG]   [DIAG] iter=14 posCols=4 newCols=4 effImprove=4 updated=0
    [CG] 列生成收敛，共 15 轮迭代
    [CG] [CG-NODE] depth=0 exit=CERTIFIED certified=1 feasible=1 iters=15 generatedColsBeforeNode=0 newCols=306 posCandidates=309 duplicateCandidates=3 updatedCols=3 zeroObjImproveIters=1 objFirst=1115028.735075 objLast=2705876.221272 objGain=1590847.486197 maxRC=1548712.514904 wallSec=0.197110 pricingSec=0.184145 cplexSolveSec=0.008021
      [BB] 根节点即为整数解，obj=2705876.221272
