    [CG] 列生成开始，初始列数=310
    [CG] CG iter 1: obj=980876.258009, maxRC=1177848.481401, +30 cols
    [CG]   [DIAG] iter=1 posCols=30 newCols=30 effImprove=30 updated=0
    [CG] CG iter 2: obj=1692895.281750, maxRC=242423.206235, +28 cols
    [CG]   [DIAG] iter=2 posCols=28 newCols=28 effImprove=28 updated=0
    [CG] CG iter 3: obj=1853973.048392, maxRC=331680.519082, +29 cols
    [CG]   [DIAG] iter=3 posCols=29 newCols=29 effImprove=29 updated=0
    [CG] CG iter 4: obj=1964938.116018, maxRC=115887.295945, +28 cols
    [CG]   [DIAG] iter=4 posCols=28 newCols=28 effImprove=28 updated=0
    [CG] CG iter 5: obj=2104268.836311, maxRC=122149.053186, +27 cols
    [CG]   [DIAG] iter=5 posCols=27 newCols=26 effImprove=27 updated=1
    [CG] CG iter 6: obj=2128998.535131, maxRC=83074.360087, +25 cols
    [CG]   [DIAG] iter=6 posCols=25 newCols=25 effImprove=25 updated=0
    [CG] CG iter 7: obj=2164120.513385, maxRC=50129.399959, +19 cols
    [CG]   [DIAG] iter=7 posCols=19 newCols=19 effImprove=19 updated=0
    [CG] CG iter 8: obj=2182833.438315, maxRC=41363.702760, +19 cols
    [CG]   [DIAG] iter=8 posCols=19 newCols=19 effImprove=19 updated=0
    [CG] CG iter 9: obj=2194087.246226, maxRC=29658.840807, +10 cols
    [CG]   [DIAG] iter=9 posCols=10 newCols=10 effImprove=10 updated=0
    [CG] CG iter 10: obj=2200105.649274, maxRC=19237.392852, +9 cols
    [CG]   [DIAG] iter=10 posCols=9 newCols=9 effImprove=9 updated=0
    [CG] CG iter 11: obj=2213567.172928, maxRC=25228.771656, +5 cols
    [CG]   [DIAG] iter=11 posCols=5 newCols=5 effImprove=5 updated=0
    [CG] CG iter 12: obj=2221976.763480, maxRC=6674.353800, +5 cols
    [CG]   [DIAG] iter=12 posCols=5 newCols=4 effImprove=5 updated=1
    [CG] CG iter 13: obj=2222316.960357, maxRC=115.462739, +1 cols
    [CG]   [DIAG] iter=13 posCols=1 newCols=1 effImprove=1 updated=0
    [CG] 列生成收敛，共 14 轮迭代
    [CG] [CG-NODE] depth=0 exit=CERTIFIED certified=1 feasible=1 iters=14 generatedColsBeforeNode=0 newCols=233 posCandidates=235 duplicateCandidates=2 updatedCols=2 zeroObjImproveIters=1 objFirst=980876.258009 objLast=2222316.960357 objGain=1241440.702349 maxRC=1177848.481401 wallSec=0.130485 pricingSec=0.119516 cplexSolveSec=0.006599
      [BB] 根节点即为整数解，obj=2222316.960357
