    [CG] 列生成开始，初始列数=310
    [CG] CG iter 1: obj=1108361.172127, maxRC=1569816.978097, +30 cols
    [CG]   [DIAG] iter=1 posCols=30 newCols=30 effImprove=30 updated=0
    [CG] CG iter 2: obj=2144092.577165, maxRC=250822.443277, +30 cols
    [CG]   [DIAG] iter=2 posCols=30 newCols=30 effImprove=30 updated=0
    [CG] CG iter 3: obj=2275287.808520, maxRC=440384.542940, +29 cols
    [CG]   [DIAG] iter=3 posCols=29 newCols=29 effImprove=29 updated=0
    [CG] CG iter 4: obj=2324519.305814, maxRC=264975.839056, +27 cols
    [CG]   [DIAG] iter=4 posCols=27 newCols=27 effImprove=27 updated=0
    [CG] CG iter 5: obj=2455028.151563, maxRC=192488.243491, +27 cols
    [CG]   [DIAG] iter=5 posCols=27 newCols=27 effImprove=27 updated=0
    [CG] CG iter 6: obj=2487987.703319, maxRC=121004.743666, +27 cols
    [CG]   [DIAG] iter=6 posCols=27 newCols=27 effImprove=27 updated=0
    [CG] CG iter 7: obj=2538465.993496, maxRC=136106.404356, +26 cols
    [CG]   [DIAG] iter=7 posCols=26 newCols=26 effImprove=26 updated=0
    [CG] CG iter 8: obj=2550800.393854, maxRC=82938.059458, +27 cols
    [CG]   [DIAG] iter=8 posCols=27 newCols=27 effImprove=27 updated=0
    [CG] CG iter 9: obj=2594715.418355, maxRC=71797.048867, +22 cols
    [CG]   [DIAG] iter=9 posCols=22 newCols=22 effImprove=22 updated=0
    [CG] CG iter 10: obj=2609587.298187, maxRC=67666.107281, +21 cols
    [CG]   [DIAG] iter=10 posCols=21 newCols=21 effImprove=21 updated=0
    [CG] CG iter 11: obj=2642963.867089, maxRC=28583.998615, +17 cols
    [CG]   [DIAG] iter=11 posCols=17 newCols=17 effImprove=17 updated=0
    [CG] CG iter 12: obj=2668283.892079, maxRC=25152.257068, +17 cols
    [CG]   [DIAG] iter=12 posCols=17 newCols=17 effImprove=17 updated=0
    [CG] CG iter 13: obj=2668283.892079, maxRC=9205.406475, +13 cols
    [CG]   [DIAG] iter=13 posCols=13 newCols=13 effImprove=13 updated=0
    [CG] CG iter 14: obj=2668593.820523, maxRC=7861.367005, +8 cols
    [CG]   [DIAG] iter=14 posCols=8 newCols=8 effImprove=8 updated=0
    [CG] CG iter 15: obj=2676455.187528, maxRC=4733.321238, +7 cols
    [CG]   [DIAG] iter=15 posCols=7 newCols=7 effImprove=7 updated=0
    [CG] 列生成收敛，共 16 轮迭代
    [CG] [CG-NODE] depth=0 exit=CERTIFIED certified=1 feasible=1 iters=16 generatedColsBeforeNode=0 newCols=328 posCandidates=328 duplicateCandidates=0 updatedCols=0 zeroObjImproveIters=2 objFirst=1108361.172127 objLast=2676455.187528 objGain=1568094.015402 maxRC=1569816.978097 wallSec=0.195716 pricingSec=0.183773 cplexSolveSec=0.008111
      [BB] 根节点即为整数解，obj=2676455.187528
