    [CG] 列生成开始，初始列数=310
    [CG] CG iter 1: obj=1124938.252671, maxRC=1566313.907631, +30 cols
    [CG]   [DIAG] iter=1 posCols=30 newCols=30 effImprove=30 updated=0
    [CG] CG iter 2: obj=2152757.160885, maxRC=265929.923766, +30 cols
    [CG]   [DIAG] iter=2 posCols=30 newCols=30 effImprove=30 updated=0
    [CG] CG iter 3: obj=2337499.003591, maxRC=275573.109821, +28 cols
    [CG]   [DIAG] iter=3 posCols=28 newCols=28 effImprove=28 updated=0
    [CG] CG iter 4: obj=2385318.634993, maxRC=275301.860646, +28 cols
    [CG]   [DIAG] iter=4 posCols=28 newCols=28 effImprove=28 updated=0
    [CG] CG iter 5: obj=2459721.218194, maxRC=124159.198073, +27 cols
    [CG]   [DIAG] iter=5 posCols=27 newCols=27 effImprove=27 updated=0
    [CG] CG iter 6: obj=2539396.615842, maxRC=140179.955325, +26 cols
    [CG]   [DIAG] iter=6 posCols=26 newCols=26 effImprove=26 updated=0
    [CG] CG iter 7: obj=2579158.549735, maxRC=90136.714043, +21 cols
    [CG]   [DIAG] iter=7 posCols=21 newCols=21 effImprove=21 updated=0
    [CG] CG iter 8: obj=2659406.559680, maxRC=40960.214563, +22 cols
    [CG]   [DIAG] iter=8 posCols=22 newCols=22 effImprove=22 updated=0
    [CG] CG iter 9: obj=2659406.559680, maxRC=42779.165237, +23 cols
    [CG]   [DIAG] iter=9 posCols=23 newCols=22 effImprove=23 updated=1
    [CG] CG iter 10: obj=2666130.475223, maxRC=29520.980054, +18 cols
    [CG]   [DIAG] iter=10 posCols=18 newCols=18 effImprove=18 updated=0
    [CG] CG iter 11: obj=2681443.650176, maxRC=14928.152683, +13 cols
    [CG]   [DIAG] iter=11 posCols=13 newCols=13 effImprove=13 updated=0
    [CG] CG iter 12: obj=2681617.245907, maxRC=11717.878979, +9 cols
    [CG]   [DIAG] iter=12 posCols=9 newCols=9 effImprove=9 updated=0
    [CG] CG iter 13: obj=2693335.124886, maxRC=1175.807244, +1 cols
    [CG]   [DIAG] iter=13 posCols=1 newCols=1 effImprove=1 updated=0
    [CG] 列生成收敛，共 14 轮迭代
    [CG] [CG-NODE] depth=0 exit=CERTIFIED certified=1 feasible=1 iters=14 generatedColsBeforeNode=0 newCols=275 posCandidates=276 duplicateCandidates=1 updatedCols=1 zeroObjImproveIters=2 objFirst=1124938.252671 objLast=2693335.124886 objGain=1568396.872214 maxRC=1566313.907631 wallSec=0.185772 pricingSec=0.174190 cplexSolveSec=0.007027
      [BB] 根节点即为整数解，obj=2693335.124886
