    [CG] 列生成开始，初始列数=310
    [CG] CG iter 1: obj=1095848.548929, maxRC=1524272.403748, +30 cols
    [CG]   [DIAG] iter=1 posCols=30 newCols=30 effImprove=30 updated=0
    [CG] CG iter 2: obj=2102920.914505, maxRC=260224.085029, +29 cols
    [CG]   [DIAG] iter=2 posCols=29 newCols=29 effImprove=29 updated=0
    [CG] CG iter 3: obj=2356083.467262, maxRC=244173.459148, +27 cols
    [CG]   [DIAG] iter=3 posCols=27 newCols=27 effImprove=27 updated=0
    [CG] CG iter 4: obj=2389639.141288, maxRC=182964.787145, +26 cols
    [CG]   [DIAG] iter=4 posCols=26 newCols=26 effImprove=26 updated=0
    [CG] CG iter 5: obj=2438249.668474, maxRC=145299.998167, +25 cols
    [CG]   [DIAG] iter=5 posCols=25 newCols=24 effImprove=25 updated=1
    [CG] CG iter 6: obj=2543788.567685, maxRC=69051.429854, +27 cols
    [CG]   [DIAG] iter=6 posCols=27 newCols=27 effImprove=27 updated=0
    [CG] CG iter 7: obj=2559694.064723, maxRC=116370.143784, +26 cols
    [CG]   [DIAG] iter=7 posCols=26 newCols=26 effImprove=26 updated=0
    [CG] CG iter 8: obj=2599103.118308, maxRC=35127.062471, +20 cols
    [CG]   [DIAG] iter=8 posCols=20 newCols=20 effImprove=20 updated=0
    [CG] CG iter 9: obj=2625507.056386, maxRC=65384.404655, +17 cols
    [CG]   [DIAG] iter=9 posCols=17 newCols=17 effImprove=17 updated=0
    [CG] CG iter 10: obj=2656785.135944, maxRC=18535.744297, +15 cols
    [CG]   [DIAG] iter=10 posCols=15 newCols=15 effImprove=15 updated=0
    [CG] CG iter 11: obj=2674922.377736, maxRC=13045.384687, +7 cols
    [CG]   [DIAG] iter=11 posCols=7 newCols=7 effImprove=7 updated=0
    [CG] CG iter 12: obj=2674922.377736, maxRC=5973.141434, +4 cols
    [CG]   [DIAG] iter=12 posCols=4 newCols=4 effImprove=4 updated=0
    [CG] 列生成收敛，共 13 轮迭代
    [CG] [CG-NODE] depth=0 exit=CERTIFIED certified=1 feasible=1 iters=13 generatedColsBeforeNode=0 newCols=252 posCandidates=253 duplicateCandidates=1 updatedCols=1 zeroObjImproveIters=2 objFirst=1095848.548929 objLast=2674922.377736 objGain=1579073.828807 maxRC=1524272.403748 wallSec=0.156638 pricingSec=0.146063 cplexSolveSec=0.006457
      [BB] 根节点即为整数解，obj=2674922.377736
