    [CG] 列生成开始，初始列数=310
    [CG] CG iter 1: obj=1123192.963705, maxRC=1530640.288626, +30 cols
    [CG]   [DIAG] iter=1 posCols=30 newCols=30 effImprove=30 updated=0
    [CG] CG iter 2: obj=2122970.784106, maxRC=265904.262924, +30 cols
    [CG]   [DIAG] iter=2 posCols=30 newCols=30 effImprove=30 updated=0
    [CG] CG iter 3: obj=2372467.240056, maxRC=236539.202689, +30 cols
    [CG]   [DIAG] iter=3 posCols=30 newCols=30 effImprove=30 updated=0
    [CG] CG iter 4: obj=2396924.877758, maxRC=234903.532313, +27 cols
    [CG]   [DIAG] iter=4 posCols=27 newCols=27 effImprove=27 updated=0
    [CG] CG iter 5: obj=2415066.743845, maxRC=142106.063951, +27 cols
    [CG]   [DIAG] iter=5 posCols=27 newCols=27 effImprove=27 updated=0
    [CG] CG iter 6: obj=2551758.818550, maxRC=68284.974473, +25 cols
    [CG]   [DIAG] iter=6 posCols=25 newCols=24 effImprove=25 updated=1
    [CG] CG iter 7: obj=2562003.422192, maxRC=92286.338811, +24 cols
    [CG]   [DIAG] iter=7 posCols=24 newCols=24 effImprove=24 updated=0
    [CG] CG iter 8: obj=2627366.947511, maxRC=57561.995249, +22 cols
    [CG]   [DIAG] iter=8 posCols=22 newCols=21 effImprove=22 updated=1
    [CG] CG iter 9: obj=2655536.305333, maxRC=26740.567494, +21 cols
    [CG]   [DIAG] iter=9 posCols=21 newCols=21 effImprove=21 updated=0
    [CG] CG iter 10: obj=2674228.609517, maxRC=21217.276521, +18 cols
    [CG]   [DIAG] iter=10 posCols=18 newCols=18 effImprove=18 updated=0
    [CG] CG iter 11: obj=2680503.155207, maxRC=12109.659945, +16 cols
    [CG]   [DIAG] iter=11 posCols=16 newCols=15 effImprove=16 updated=1
    [CG] CG iter 12: obj=2689847.760611, maxRC=7225.933408, +7 cols
    [CG]   [DIAG] iter=12 posCols=7 newCols=7 effImprove=7 updated=0
    [CG] CG iter 13: obj=2695606.453467, maxRC=2236.679301, +3 cols
    [CG]   [DIAG] iter=13 posCols=3 newCols=3 effImprove=3 updated=0
    [CG] CG iter 14: obj=2695606.453467, maxRC=1831.427034, +3 cols
    [CG]   [DIAG] iter=14 posCols=3 newCols=3 effImprove=3 updated=0
    [CG] 列生成收敛，共 15 轮迭代
    [CG] [CG-NODE] depth=0 exit=CERTIFIED certified=1 feasible=1 iters=15 generatedColsBeforeNode=0 newCols=280 posCandidates=283 duplicateCandidates=3 updatedCols=3 zeroObjImproveIters=2 objFirst=1123192.963705 objLast=2695606.453467 objGain=1572413.489762 maxRC=1530640.288626 wallSec=0.195779 pricingSec=0.182776 cplexSolveSec=0.007779
      [BB] 根节点即为整数解，obj=2695606.453467
