    [CG] 列生成开始，初始列数=310
    [CG] CG iter 1: obj=1116215.410458, maxRC=1492195.470789, +30 cols
    [CG]   [DIAG] iter=1 posCols=30 newCols=30 effImprove=30 updated=0
    [CG] CG iter 2: obj=2082466.224074, maxRC=261758.493990, +30 cols
    [CG]   [DIAG] iter=2 posCols=30 newCols=30 effImprove=30 updated=0
    [CG] CG iter 3: obj=2213131.618663, maxRC=413248.848238, +29 cols
    [CG]   [DIAG] iter=3 posCols=29 newCols=29 effImprove=29 updated=0
    [CG] CG iter 4: obj=2303136.407208, maxRC=213576.108065, +28 cols
    [CG]   [DIAG] iter=4 posCols=28 newCols=28 effImprove=28 updated=0
    [CG] CG iter 5: obj=2424490.644055, maxRC=89788.307890, +27 cols
    [CG]   [DIAG] iter=5 posCols=27 newCols=27 effImprove=27 updated=0
    [CG] CG iter 6: obj=2524028.389781, maxRC=128752.536400, +27 cols
    [CG]   [DIAG] iter=6 posCols=27 newCols=27 effImprove=27 updated=0
    [CG] CG iter 7: obj=2602828.413762, maxRC=42336.869962, +23 cols
    [CG]   [DIAG] iter=7 posCols=23 newCols=23 effImprove=23 updated=0
    [CG] CG iter 8: obj=2633209.011546, maxRC=74270.561734, +23 cols
    [CG]   [DIAG] iter=8 posCols=23 newCols=23 effImprove=23 updated=0
    [CG] CG iter 9: obj=2641592.073353, maxRC=29069.731696, +23 cols
    [CG]   [DIAG] iter=9 posCols=23 newCols=22 effImprove=23 updated=1
    [CG] CG iter 10: obj=2672155.132133, maxRC=18822.626420, +17 cols
    [CG]   [DIAG] iter=10 posCols=17 newCols=17 effImprove=17 updated=0
    [CG] CG iter 11: obj=2683476.150107, maxRC=22212.249757, +17 cols
    [CG]   [DIAG] iter=11 posCols=17 newCols=17 effImprove=17 updated=0
    [CG] CG iter 12: obj=2690462.280197, maxRC=16738.127562, +8 cols
    [CG]   [DIAG] iter=12 posCols=8 newCols=8 effImprove=8 updated=0
    [CG] CG iter 13: obj=2698518.846076, maxRC=7629.093867, +14 cols
    [CG]   [DIAG] iter=13 posCols=14 newCols=14 effImprove=14 updated=0
    [CG] CG iter 14: obj=2706147.939943, maxRC=4681.520254, +8 cols
    [CG]   [DIAG] iter=14 posCols=8 newCols=7 effImprove=8 updated=1
    [CG] CG iter 15: obj=2707437.155176, maxRC=1423.691174, +2 cols
    [CG]   [DIAG] iter=15 posCols=2 newCols=2 effImprove=2 updated=0
    [CG] 列生成收敛，共 16 轮迭代
    [CG] [CG-NODE] depth=0 exit=CERTIFIED certified=1 feasible=1 iters=16 generatedColsBeforeNode=0 newCols=304 posCandidates=306 duplicateCandidates=2 updatedCols=2 zeroObjImproveIters=1 objFirst=1116215.410458 objLast=2707437.155176 objGain=1591221.744718 maxRC=1492195.470789 wallSec=0.181995 pricingSec=0.171156 cplexSolveSec=0.007360
      [BB] 根节点即为整数解，obj=2707437.155176
