    [CG] 列生成开始，初始列数=310
    [CG] CG iter 1: obj=862506.557056, maxRC=1066634.497365, +30 cols
    [CG]   [DIAG] iter=1 posCols=30 newCols=30 effImprove=30 updated=0
    [CG] CG iter 2: obj=1551225.850132, maxRC=224688.854993, +28 cols
    [CG]   [DIAG] iter=2 posCols=28 newCols=28 effImprove=28 updated=0
    [CG] CG iter 3: obj=1720691.046834, maxRC=332410.485013, +30 cols
    [CG]   [DIAG] iter=3 posCols=30 newCols=30 effImprove=30 updated=0
    [CG] CG iter 4: obj=1866960.734072, maxRC=187332.733599, +25 cols
    [CG]   [DIAG] iter=4 posCols=25 newCols=24 effImprove=25 updated=1
    [CG] CG iter 5: obj=1965986.783467, maxRC=100316.170379, +23 cols
    [CG]   [DIAG] iter=5 posCols=23 newCols=23 effImprove=23 updated=0
    [CG] CG iter 6: obj=2006759.776855, maxRC=127746.023924, +24 cols
    [CG]   [DIAG] iter=6 posCols=24 newCols=24 effImprove=24 updated=0
    [CG] CG iter 7: obj=2051363.268248, maxRC=40917.868369, +21 cols
    [CG]   [DIAG] iter=7 posCols=21 newCols=21 effImprove=21 updated=0
    [CG] CG iter 8: obj=2102528.742233, maxRC=46123.246942, +21 cols
    [CG]   [DIAG] iter=8 posCols=21 newCols=21 effImprove=21 updated=0
    [CG] CG iter 9: obj=2148815.709084, maxRC=31749.982190, +17 cols
    [CG]   [DIAG] iter=9 posCols=17 newCols=17 effImprove=17 updated=0
    [CG] CG iter 10: obj=2148815.709084, maxRC=20426.318734, +14 cols
    [CG]   [DIAG] iter=10 posCols=14 newCols=14 effImprove=14 updated=0
    [CG] CG iter 11: obj=2163165.203381, maxRC=18144.501140, +13 cols
    [CG]   [DIAG] iter=11 posCols=13 newCols=13 effImprove=13 updated=0
    [CG] CG iter 12: obj=2163462.362765, maxRC=23274.347077, +13 cols
    [CG]   [DIAG] iter=12 posCols=13 newCols=13 effImprove=13 updated=0
    [CG] CG iter 13: obj=2164437.013284, maxRC=16540.640454, +10 cols
    [CG]   [DIAG] iter=13 posCols=10 newCols=10 effImprove=10 updated=0
    [CG] CG iter 14: obj=2164437.013284, maxRC=8379.815505, +5 cols
    [CG]   [DIAG] iter=14 posCols=5 newCols=4 effImprove=5 updated=1
    [CG] CG iter 15: obj=2164437.013284, maxRC=1064.676849, +4 cols
    [CG]   [DIAG] iter=15 posCols=4 newCols=4 effImprove=4 updated=0
    [CG] CG iter 16: obj=2165397.232560, maxRC=239.817039, +1 cols
    [CG]   [DIAG] iter=16 posCols=1 newCols=1 effImprove=1 updated=0
    [CG] 列生成收敛，共 17 轮迭代
    [CG] [CG-NODE] depth=0 exit=CERTIFIED certified=1 feasible=1 iters=17 generatedColsBeforeNode=0 newCols=277 posCandidates=279 duplicateCandidates=2 updatedCols=2 zeroObjImproveIters=4 objFirst=862506.557056 objLast=2165397.232560 objGain=1302890.675504 maxRC=1066634.497365 wallSec=0.195849 pricingSec=0.182456 cplexSolveSec=0.008183
      [BB] 分支定界开始，根节点LP obj=2165397.232560，最大节点数=10000
      [BB] 根节点启发式下界 LB=1811953.991113（上界=2165397.232560）
    [CG] [BB-DIAG] 分支 x_{dc=1,retailer=15}, 节点数=1
    [CG] 列生成开始，初始列数=577
    [CG] CG iter 18: obj=2163269.498506, maxRC=65424.161553, +25 cols
    [CG]   [DIAG] iter=18 posCols=25 newCols=25 effImprove=25 updated=0
    [CG] CG iter 19: obj=2163269.498506, maxRC=29397.784838, +20 cols
    [CG]   [DIAG] iter=19 posCols=20 newCols=20 effImprove=20 updated=0
    [CG] CG iter 20: obj=2163269.498506, maxRC=7639.000267, +10 cols
    [CG]   [DIAG] iter=20 posCols=10 newCols=10 effImprove=10 updated=0
    [CG] CG iter 21: obj=2163269.498506, maxRC=4380.643876, +8 cols
    [CG]   [DIAG] iter=21 posCols=8 newCols=8 effImprove=8 updated=0
    [CG] CG iter 22: obj=2163269.498506, maxRC=520.201232, +2 cols
    [CG]   [DIAG] iter=22 posCols=2 newCols=2 effImprove=2 updated=0
    [CG] CG iter 23: obj=2163269.498506, maxRC=374.853112, +1 cols
    [CG]   [DIAG] iter=23 posCols=1 newCols=1 effImprove=1 updated=0
    [CG] 列生成收敛，共 24 轮迭代
    [CG] [CG-NODE] depth=1 exit=CERTIFIED certified=1 feasible=1 iters=7 generatedColsBeforeNode=277 newCols=66 posCandidates=66 duplicateCandidates=0 updatedCols=0 zeroObjImproveIters=6 objFirst=2163269.498506 objLast=2163269.498506 objGain=0.000000 maxRC=65424.161553 wallSec=0.027117 pricingSec=0.021720 cplexSolveSec=0.003760
    [CG] 列生成开始，初始列数=557
    [CG] CG iter 25: obj=2164250.035558, maxRC=37874.952428, +22 cols
    [CG]   [DIAG] iter=25 posCols=22 newCols=22 effImprove=22 updated=0
    [CG] CG iter 26: obj=2164250.035558, maxRC=26851.140463, +13 cols
    [CG]   [DIAG] iter=26 posCols=13 newCols=13 effImprove=13 updated=0
    [CG] CG iter 27: obj=2164250.035558, maxRC=2557.511325, +5 cols
    [CG]   [DIAG] iter=27 posCols=5 newCols=5 effImprove=5 updated=0
    [CG] CG iter 28: obj=2164250.035558, maxRC=786.597437, +2 cols
    [CG]   [DIAG] iter=28 posCols=2 newCols=2 effImprove=2 updated=0
    [CG] CG iter 29: obj=2164250.035558, maxRC=320.907578, +1 cols
    [CG]   [DIAG] iter=29 posCols=1 newCols=1 effImprove=1 updated=0
    [CG] 列生成收敛，共 30 轮迭代
    [CG] [CG-NODE] depth=1 exit=CERTIFIED certified=1 feasible=1 iters=6 generatedColsBeforeNode=343 newCols=43 posCandidates=43 duplicateCandidates=0 updatedCols=0 zeroObjImproveIters=5 objFirst=2164250.035558 objLast=2164250.035558 objGain=0.000000 maxRC=37874.952428 wallSec=0.018695 pricingSec=0.013618 cplexSolveSec=0.003646
    [CG] [BB-INCUMBENT] selection=2 node=1 previous=1811953.991113 value=2164250.035558 active=1
    [CG] [BB-NODESEL] strategy=hybrid choice=dfs eligibleCount=1 active=1 gap=0.000000
      [BB] 分支定界结束：处理 3 节点，剪枝 1，剩余活跃 0，整数解 2，状态=OPTIMAL，最好可行 obj=2164250.035558，gap=0.000000
