    [CG] 列生成开始，初始列数=310
    [CG] CG iter 1: obj=866384.500760, maxRC=1131892.185051, +30 cols
    [CG]   [DIAG] iter=1 posCols=30 newCols=30 effImprove=30 updated=0
    [CG] CG iter 2: obj=1575449.561567, maxRC=238606.656137, +27 cols
    [CG]   [DIAG] iter=2 posCols=27 newCols=27 effImprove=27 updated=0
    [CG] CG iter 3: obj=1738013.341416, maxRC=384660.565067, +30 cols
    [CG]   [DIAG] iter=3 posCols=30 newCols=30 effImprove=30 updated=0
    [CG] CG iter 4: obj=1874347.330672, maxRC=203843.606423, +26 cols
    [CG]   [DIAG] iter=4 posCols=26 newCols=26 effImprove=26 updated=0
    [CG] CG iter 5: obj=1945220.852722, maxRC=166235.966764, +26 cols
    [CG]   [DIAG] iter=5 posCols=26 newCols=26 effImprove=26 updated=0
    [CG] CG iter 6: obj=2008310.006819, maxRC=79094.281049, +22 cols
    [CG]   [DIAG] iter=6 posCols=22 newCols=22 effImprove=22 updated=0
    [CG] CG iter 7: obj=2064075.614388, maxRC=84144.309887, +22 cols
    [CG]   [DIAG] iter=7 posCols=22 newCols=22 effImprove=22 updated=0
    [CG] CG iter 8: obj=2096850.327292, maxRC=71149.650867, +21 cols
    [CG]   [DIAG] iter=8 posCols=21 newCols=21 effImprove=21 updated=0
    [CG] CG iter 9: obj=2150909.299254, maxRC=58641.357885, +21 cols
    [CG]   [DIAG] iter=9 posCols=21 newCols=21 effImprove=21 updated=0
    [CG] CG iter 10: obj=2168901.331588, maxRC=35873.235913, +20 cols
    [CG]   [DIAG] iter=10 posCols=20 newCols=20 effImprove=20 updated=0
    [CG] CG iter 11: obj=2174893.377768, maxRC=23199.854391, +15 cols
    [CG]   [DIAG] iter=11 posCols=15 newCols=14 effImprove=15 updated=1
    [CG] CG iter 12: obj=2185092.570670, maxRC=18205.122555, +14 cols
    [CG]   [DIAG] iter=12 posCols=14 newCols=14 effImprove=14 updated=0
    [CG] CG iter 13: obj=2187194.707288, maxRC=10610.855070, +10 cols
    [CG]   [DIAG] iter=13 posCols=10 newCols=10 effImprove=10 updated=0
    [CG] CG iter 14: obj=2188439.002598, maxRC=6941.103818, +7 cols
    [CG]   [DIAG] iter=14 posCols=7 newCols=7 effImprove=7 updated=0
    [CG] CG iter 15: obj=2190867.631019, maxRC=5839.362978, +4 cols
    [CG]   [DIAG] iter=15 posCols=4 newCols=4 effImprove=4 updated=0
    [CG] CG iter 16: obj=2192021.859961, maxRC=5210.658497, +4 cols
    [CG]   [DIAG] iter=16 posCols=4 newCols=4 effImprove=4 updated=0
    [CG] CG iter 17: obj=2192162.962543, maxRC=3176.203068, +3 cols
    [CG]   [DIAG] iter=17 posCols=3 newCols=2 effImprove=3 updated=1
    [CG] CG iter 18: obj=2193395.192976, maxRC=1033.467995, +4 cols
    [CG]   [DIAG] iter=18 posCols=4 newCols=4 effImprove=4 updated=0
    [CG] 列生成收敛，共 19 轮迭代
    [CG] [CG-NODE] depth=0 exit=CERTIFIED certified=1 feasible=1 iters=19 generatedColsBeforeNode=0 newCols=304 posCandidates=306 duplicateCandidates=2 updatedCols=2 zeroObjImproveIters=0 objFirst=866384.500760 objLast=2193698.327300 objGain=1327313.826540 maxRC=1131892.185051 wallSec=0.222536 pricingSec=0.208841 cplexSolveSec=0.008832
      [BB] 分支定界开始，根节点LP obj=2193698.327300，最大节点数=10000
      [BB] 根节点启发式下界 LB=1845800.968786（上界=2193698.327300）
    [CG] [BB-DIAG] 分支 x_{dc=0,retailer=0}, 节点数=1
    [CG] 列生成开始，初始列数=592
    [CG] CG iter 20: obj=2193516.865741, maxRC=31723.691625, +17 cols
    [CG]   [DIAG] iter=20 posCols=17 newCols=17 effImprove=17 updated=0
    [CG] CG iter 21: obj=2193516.865741, maxRC=19175.012405, +10 cols
    [CG]   [DIAG] iter=21 posCols=10 newCols=10 effImprove=10 updated=0
    [CG] 列生成收敛，共 22 轮迭代
    [CG] [CG-NODE] depth=1 exit=CERTIFIED certified=1 feasible=1 iters=3 generatedColsBeforeNode=304 newCols=27 posCandidates=27 duplicateCandidates=0 updatedCols=0 zeroObjImproveIters=2 objFirst=2193516.865741 objLast=2193516.865741 objGain=0.000000 maxRC=31723.691625 wallSec=0.012286 pricingSec=0.008462 cplexSolveSec=0.002668
    [CG] 列生成开始，初始列数=562
    [CG] CG iter 23: obj=2190312.985635, maxRC=27209.018922, +22 cols
    [CG]   [DIAG] iter=23 posCols=22 newCols=22 effImprove=22 updated=0
    [CG] CG iter 24: obj=2190312.985635, maxRC=4236.098009, +6 cols
    [CG]   [DIAG] iter=24 posCols=6 newCols=6 effImprove=6 updated=0
    [CG] CG iter 25: obj=2190312.985635, maxRC=3336.119524, +1 cols
    [CG]   [DIAG] iter=25 posCols=1 newCols=1 effImprove=1 updated=0
    [CG] 列生成收敛，共 26 轮迭代
    [CG] [CG-NODE] depth=1 exit=CERTIFIED certified=1 feasible=1 iters=4 generatedColsBeforeNode=331 newCols=29 posCandidates=29 duplicateCandidates=0 updatedCols=0 zeroObjImproveIters=3 objFirst=2190312.985635 objLast=2190312.985635 objGain=0.000000 maxRC=27209.018922 wallSec=0.013418 pricingSec=0.009419 cplexSolveSec=0.002883
    [CG] [BB-DIAG] 分支 x_{dc=0,retailer=5}, 节点数=2
    [CG] 列生成开始，初始列数=576
    [CG] CG iter 27: obj=2188142.456003, maxRC=6674.415012, +9 cols
    [CG]   [DIAG] iter=27 posCols=9 newCols=9 effImprove=9 updated=0
    [CG] CG iter 28: obj=2188142.456003, maxRC=2357.599053, +2 cols
    [CG]   [DIAG] iter=28 posCols=2 newCols=2 effImprove=2 updated=0
    [CG] 列生成收敛，共 29 轮迭代
    [CG] [CG-NODE] depth=2 exit=CERTIFIED certified=1 feasible=1 iters=3 generatedColsBeforeNode=360 newCols=11 posCandidates=11 duplicateCandidates=0 updatedCols=0 zeroObjImproveIters=1 objFirst=2188142.456003 objLast=2188579.905267 objGain=437.449263 maxRC=6674.415012 wallSec=0.010823 pricingSec=0.006963 cplexSolveSec=0.002771
    [CG] 列生成开始，初始列数=582
    [CG] CG iter 30: obj=2181715.940351, maxRC=11095.575145, +12 cols
    [CG]   [DIAG] iter=30 posCols=12 newCols=12 effImprove=12 updated=0
    [CG] CG iter 31: obj=2184266.035821, maxRC=3276.187410, +3 cols
    [CG]   [DIAG] iter=31 posCols=3 newCols=2 effImprove=3 updated=1
    [CG] CG iter 32: obj=2184829.988578, maxRC=1637.664989, +1 cols
    [CG]   [DIAG] iter=32 posCols=1 newCols=1 effImprove=1 updated=0
    [CG] 列生成收敛，共 33 轮迭代
    [CG] [CG-NODE] depth=2 exit=CERTIFIED certified=1 feasible=1 iters=4 generatedColsBeforeNode=371 newCols=15 posCandidates=16 duplicateCandidates=1 updatedCols=1 zeroObjImproveIters=0 objFirst=2181715.940351 objLast=2185084.868315 objGain=3368.927964 maxRC=11095.575145 wallSec=0.012624 pricingSec=0.008215 cplexSolveSec=0.003290
    [CG] [BB-DIAG] 分支 x_{dc=0,retailer=18}, 节点数=3
    [CG] 列生成开始，初始列数=585
    [CG] CG iter 34: obj=2184657.591144, maxRC=4826.364029, +11 cols
    [CG]   [DIAG] iter=34 posCols=11 newCols=11 effImprove=11 updated=0
    [CG] CG iter 35: obj=2184657.591144, maxRC=1871.495836, +1 cols
    [CG]   [DIAG] iter=35 posCols=1 newCols=0 effImprove=1 updated=1
    [CG] 列生成收敛，共 36 轮迭代
    [CG] [CG-NODE] depth=3 exit=CERTIFIED certified=1 feasible=1 iters=3 generatedColsBeforeNode=386 newCols=11 posCandidates=12 duplicateCandidates=1 updatedCols=1 zeroObjImproveIters=2 objFirst=2184657.591144 objLast=2184657.591144 objGain=0.000000 maxRC=4826.364029 wallSec=0.010425 pricingSec=0.006752 cplexSolveSec=0.002479
    [CG] 列生成开始，初始列数=589
    [CG] CG iter 37: obj=2183182.293570, maxRC=53479.660684, +19 cols
    [CG]   [DIAG] iter=37 posCols=19 newCols=19 effImprove=19 updated=0
    [CG] CG iter 38: obj=2183182.293570, maxRC=12337.024112, +11 cols
    [CG]   [DIAG] iter=38 posCols=11 newCols=11 effImprove=11 updated=0
    [CG] CG iter 39: obj=2183182.293570, maxRC=1755.988519, +5 cols
    [CG]   [DIAG] iter=39 posCols=5 newCols=5 effImprove=5 updated=0
    [CG] CG iter 40: obj=2183182.293570, maxRC=1286.171397, +2 cols
    [CG]   [DIAG] iter=40 posCols=2 newCols=2 effImprove=2 updated=0
    [CG] 列生成收敛，共 41 轮迭代
    [CG] [CG-NODE] depth=3 exit=CERTIFIED certified=1 feasible=1 iters=5 generatedColsBeforeNode=397 newCols=37 posCandidates=37 duplicateCandidates=0 updatedCols=0 zeroObjImproveIters=4 objFirst=2183182.293570 objLast=2183182.293570 objGain=0.000000 maxRC=53479.660684 wallSec=0.015154 pricingSec=0.010312 cplexSolveSec=0.003589
    [CG] [BB-DIAG] 分支 x_{dc=0,retailer=27}, 节点数=4
    [CG] 列生成开始，初始列数=615
    [CG] CG iter 42: obj=2182237.214430, maxRC=46159.583417, +12 cols
    [CG]   [DIAG] iter=42 posCols=12 newCols=12 effImprove=12 updated=0
    [CG] CG iter 43: obj=2182237.214430, maxRC=25605.388410, +8 cols
    [CG]   [DIAG] iter=43 posCols=8 newCols=8 effImprove=8 updated=0
    [CG] CG iter 44: obj=2182237.214430, maxRC=17685.413658, +7 cols
    [CG]   [DIAG] iter=44 posCols=7 newCols=7 effImprove=7 updated=0
    [CG] CG iter 45: obj=2182237.214430, maxRC=5809.641302, +4 cols
    [CG]   [DIAG] iter=45 posCols=4 newCols=4 effImprove=4 updated=0
    [CG] CG iter 46: obj=2182237.214430, maxRC=849.719916, +1 cols
    [CG]   [DIAG] iter=46 posCols=1 newCols=1 effImprove=1 updated=0
    [CG] 列生成收敛，共 47 轮迭代
    [CG] [CG-NODE] depth=4 exit=CERTIFIED certified=1 feasible=1 iters=6 generatedColsBeforeNode=434 newCols=32 posCandidates=32 duplicateCandidates=0 updatedCols=0 zeroObjImproveIters=5 objFirst=2182237.214430 objLast=2182237.214430 objGain=0.000000 maxRC=46159.583417 wallSec=0.016660 pricingSec=0.012093 cplexSolveSec=0.003209
    [CG] 列生成开始，初始列数=622
    [CG] CG iter 48: obj=2182927.413833, maxRC=38912.677639, +12 cols
    [CG]   [DIAG] iter=48 posCols=12 newCols=12 effImprove=12 updated=0
    [CG] CG iter 49: obj=2182927.413833, maxRC=13808.052033, +7 cols
    [CG]   [DIAG] iter=49 posCols=7 newCols=7 effImprove=7 updated=0
    [CG] CG iter 50: obj=2182927.413833, maxRC=98.456176, +1 cols
    [CG]   [DIAG] iter=50 posCols=1 newCols=1 effImprove=1 updated=0
    [CG] 列生成收敛，共 51 轮迭代
    [CG] [CG-NODE] depth=4 exit=CERTIFIED certified=1 feasible=1 iters=4 generatedColsBeforeNode=466 newCols=20 posCandidates=20 duplicateCandidates=0 updatedCols=0 zeroObjImproveIters=3 objFirst=2182927.413833 objLast=2182927.413833 objGain=0.000000 maxRC=38912.677639 wallSec=0.012366 pricingSec=0.008222 cplexSolveSec=0.003000
    [CG] [BB-DIAG] 分支 x_{dc=1,retailer=15}, 节点数=5
    [CG] 列生成开始，初始列数=627
    [CG] CG iter 52: obj=2181727.454956, maxRC=40242.501334, +22 cols
    [CG]   [DIAG] iter=52 posCols=22 newCols=22 effImprove=22 updated=0
    [CG] CG iter 53: obj=2181727.454956, maxRC=15463.030157, +7 cols
    [CG]   [DIAG] iter=53 posCols=7 newCols=6 effImprove=7 updated=1
    [CG] CG iter 54: obj=2181727.454956, maxRC=9885.609115, +1 cols
    [CG]   [DIAG] iter=54 posCols=1 newCols=1 effImprove=1 updated=0
    [CG] 列生成收敛，共 55 轮迭代
    [CG] [CG-NODE] depth=5 exit=CERTIFIED certified=1 feasible=1 iters=4 generatedColsBeforeNode=486 newCols=29 posCandidates=30 duplicateCandidates=1 updatedCols=1 zeroObjImproveIters=3 objFirst=2181727.454956 objLast=2181727.454956 objGain=0.000000 maxRC=40242.501334 wallSec=0.014247 pricingSec=0.009981 cplexSolveSec=0.002980
    [CG] 列生成开始，初始列数=612
    [CG] CG iter 56: obj=2180852.441654, maxRC=63214.143952, +24 cols
    [CG]   [DIAG] iter=56 posCols=24 newCols=24 effImprove=24 updated=0
    [CG] CG iter 57: obj=2180852.441654, maxRC=21280.212021, +11 cols
    [CG]   [DIAG] iter=57 posCols=11 newCols=11 effImprove=11 updated=0
    [CG] CG iter 58: obj=2180852.441654, maxRC=3597.047465, +3 cols
    [CG]   [DIAG] iter=58 posCols=3 newCols=3 effImprove=3 updated=0
    [CG] CG iter 59: obj=2180852.441654, maxRC=266.781925, +1 cols
    [CG]   [DIAG] iter=59 posCols=1 newCols=1 effImprove=1 updated=0
    [CG] 列生成收敛，共 60 轮迭代
    [CG] [CG-NODE] depth=5 exit=CERTIFIED certified=1 feasible=1 iters=5 generatedColsBeforeNode=515 newCols=39 posCandidates=39 duplicateCandidates=0 updatedCols=0 zeroObjImproveIters=4 objFirst=2180852.441654 objLast=2180852.441654 objGain=0.000000 maxRC=63214.143952 wallSec=0.016236 pricingSec=0.011544 cplexSolveSec=0.003332
    [CG] [BB-INCUMBENT] selection=6 node=5 previous=1845800.968786 value=2180852.441654 active=5
    [CG] [BB-NODESEL] strategy=hybrid choice=dfs eligibleCount=1 active=5 gap=0.005807
    [CG] [BB-INCUMBENT] selection=7 node=5 previous=2180852.441654 value=2181727.454956 active=4
    [CG] [BB-INCUMBENT] selection=8 node=5 previous=2181727.454956 value=2182237.214430 active=3
    [CG] [BB-INCUMBENT] selection=9 node=5 previous=2182237.214430 value=2184657.591144 active=2
    [CG] [BB-NODESEL] strategy=hybrid choice=best_bound eligibleCount=4 active=2 gap=0.004055
    [CG] [BB-DIAG] 分支 x_{dc=0,retailer=3}, 节点数=6
    [CG] 列生成开始，初始列数=613
    [CG] CG iter 61: obj=2192624.737398, maxRC=8269.128683, +11 cols
    [CG]   [DIAG] iter=61 posCols=11 newCols=11 effImprove=11 updated=0
    [CG] CG iter 62: obj=2192624.737398, maxRC=1871.694901, +1 cols
    [CG]   [DIAG] iter=62 posCols=1 newCols=1 effImprove=1 updated=0
    [CG] 列生成收敛，共 63 轮迭代
    [CG] [CG-NODE] depth=2 exit=CERTIFIED certified=1 feasible=1 iters=3 generatedColsBeforeNode=554 newCols=12 posCandidates=12 duplicateCandidates=0 updatedCols=0 zeroObjImproveIters=2 objFirst=2192624.737398 objLast=2192624.737398 objGain=0.000000 maxRC=8269.128683 wallSec=0.012752 pricingSec=0.009019 cplexSolveSec=0.002668
    [CG] 列生成开始，初始列数=571
    [CG] CG iter 64: obj=2192021.859961, maxRC=109512.631784, +23 cols
    [CG]   [DIAG] iter=64 posCols=23 newCols=23 effImprove=23 updated=0
    [CG] CG iter 65: obj=2192021.859961, maxRC=72459.570782, +12 cols
    [CG]   [DIAG] iter=65 posCols=12 newCols=12 effImprove=12 updated=0
    [CG] CG iter 66: obj=2192021.859961, maxRC=30185.297673, +10 cols
    [CG]   [DIAG] iter=66 posCols=10 newCols=10 effImprove=10 updated=0
    [CG] CG iter 67: obj=2192021.859961, maxRC=12806.124843, +7 cols
    [CG]   [DIAG] iter=67 posCols=7 newCols=7 effImprove=7 updated=0
    [CG] CG iter 68: obj=2192021.859961, maxRC=3539.641645, +3 cols
    [CG]   [DIAG] iter=68 posCols=3 newCols=3 effImprove=3 updated=0
    [CG] CG iter 69: obj=2192021.859961, maxRC=456.978508, +1 cols
    [CG]   [DIAG] iter=69 posCols=1 newCols=1 effImprove=1 updated=0
    [CG] 列生成收敛，共 70 轮迭代
    [CG] [CG-NODE] depth=2 exit=CERTIFIED certified=1 feasible=1 iters=7 generatedColsBeforeNode=566 newCols=56 posCandidates=56 duplicateCandidates=0 updatedCols=0 zeroObjImproveIters=6 objFirst=2192021.859961 objLast=2192021.859961 objGain=0.000000 maxRC=109512.631784 wallSec=0.022728 pricingSec=0.017506 cplexSolveSec=0.003802
    [CG] [BB-DIAG] 分支 x_{dc=1,retailer=15}, 节点数=7
    [CG] 列生成开始，初始列数=611
    [CG] CG iter 71: obj=2189419.966697, maxRC=57570.463847, +24 cols
    [CG]   [DIAG] iter=71 posCols=24 newCols=24 effImprove=24 updated=0
    [CG] CG iter 72: obj=2189419.966697, maxRC=7121.726130, +14 cols
    [CG]   [DIAG] iter=72 posCols=14 newCols=13 effImprove=14 updated=1
    [CG] CG iter 73: obj=2189419.966697, maxRC=4755.709639, +3 cols
    [CG]   [DIAG] iter=73 posCols=3 newCols=3 effImprove=3 updated=0
    [CG] CG iter 74: obj=2189419.966697, maxRC=76.685924, +1 cols
    [CG]   [DIAG] iter=74 posCols=1 newCols=1 effImprove=1 updated=0
    [CG] 列生成收敛，共 75 轮迭代
    [CG] [CG-NODE] depth=3 exit=CERTIFIED certified=1 feasible=1 iters=5 generatedColsBeforeNode=622 newCols=41 posCandidates=42 duplicateCandidates=1 updatedCols=1 zeroObjImproveIters=3 objFirst=2189419.966697 objLast=2189496.652620 objGain=76.685924 maxRC=57570.463847 wallSec=0.020862 pricingSec=0.016119 cplexSolveSec=0.003258
    [CG] 列生成开始，初始列数=597
    [CG] CG iter 76: obj=2191348.822169, maxRC=20930.116723, +11 cols
    [CG]   [DIAG] iter=76 posCols=11 newCols=10 effImprove=11 updated=1
    [CG] CG iter 77: obj=2191348.822169, maxRC=8229.829056, +6 cols
    [CG]   [DIAG] iter=77 posCols=6 newCols=6 effImprove=6 updated=0
    [CG] 列生成收敛，共 78 轮迭代
    [CG] [CG-NODE] depth=3 exit=CERTIFIED certified=1 feasible=1 iters=3 generatedColsBeforeNode=663 newCols=16 posCandidates=17 duplicateCandidates=1 updatedCols=1 zeroObjImproveIters=2 objFirst=2191348.822169 objLast=2191348.822169 objGain=0.000000 maxRC=20930.116723 wallSec=0.012599 pricingSec=0.008850 cplexSolveSec=0.002555
    [CG] [BB-INCUMBENT] selection=12 node=7 previous=2184657.591144 value=2191348.822169 active=3
    [CG] [BB-NODESEL] strategy=hybrid choice=best_bound eligibleCount=8 active=2 gap=0.000582
    [CG] [BB-DIAG] 分支 x_{dc=0,retailer=5}, 节点数=8
    [CG] 列生成开始，初始列数=614
    [CG] CG iter 79: obj=2192284.258457, maxRC=8850.157314, +10 cols
    [CG]   [DIAG] iter=79 posCols=10 newCols=10 effImprove=10 updated=0
    [CG] CG iter 80: obj=2192284.258457, maxRC=4532.275077, +7 cols
    [CG]   [DIAG] iter=80 posCols=7 newCols=7 effImprove=7 updated=0
    [CG] CG iter 81: obj=2192284.258457, maxRC=1506.638962, +2 cols
    [CG]   [DIAG] iter=81 posCols=2 newCols=2 effImprove=2 updated=0
    [CG] CG iter 82: obj=2192284.258457, maxRC=984.275628, +1 cols
    [CG]   [DIAG] iter=82 posCols=1 newCols=1 effImprove=1 updated=0
    [CG] CG iter 83: obj=2192284.258457, maxRC=563.848979, +1 cols
    [CG]   [DIAG] iter=83 posCols=1 newCols=1 effImprove=1 updated=0
    [CG] CG iter 84: obj=2192284.258457, maxRC=390.821481, +1 cols
    [CG]   [DIAG] iter=84 posCols=1 newCols=1 effImprove=1 updated=0
    [CG] 列生成收敛，共 85 轮迭代
    [CG] [CG-NODE] depth=3 exit=CERTIFIED certified=1 feasible=1 iters=7 generatedColsBeforeNode=679 newCols=22 posCandidates=22 duplicateCandidates=0 updatedCols=0 zeroObjImproveIters=6 objFirst=2192284.258457 objLast=2192284.258457 objGain=0.000000 maxRC=8850.157314 wallSec=0.022516 pricingSec=0.017623 cplexSolveSec=0.003481
    [CG] 列生成开始，初始列数=585
    [CG] CG iter 86: obj=2190237.603274, maxRC=12476.708000, +8 cols
    [CG]   [DIAG] iter=86 posCols=8 newCols=8 effImprove=8 updated=0
    [CG] CG iter 87: obj=2190237.603274, maxRC=9185.826106, +3 cols
    [CG]   [DIAG] iter=87 posCols=3 newCols=3 effImprove=3 updated=0
    [CG] CG iter 88: obj=2190237.603274, maxRC=394.094780, +1 cols
    [CG]   [DIAG] iter=88 posCols=1 newCols=1 effImprove=1 updated=0
    [CG] 列生成收敛，共 89 轮迭代
    [CG] [CG-NODE] depth=3 exit=CERTIFIED certified=1 feasible=1 iters=4 generatedColsBeforeNode=701 newCols=12 posCandidates=12 duplicateCandidates=0 updatedCols=0 zeroObjImproveIters=3 objFirst=2190237.603274 objLast=2190237.603274 objGain=0.000000 maxRC=12476.708000 wallSec=0.015253 pricingSec=0.011390 cplexSolveSec=0.002799
    [CG] [BB-INCUMBENT] selection=15 node=8 previous=2191348.822169 value=2192284.258457 active=1
      [BB] 分支定界结束：处理 17 节点，剪枝 3，剩余活跃 0，整数解 7，状态=OPTIMAL，最好可行 obj=2192284.258457，gap=0.000000
