    [CG] 列生成开始，初始列数=310
    [CG] CG iter 1: obj=857787.200752, maxRC=1134020.865418, +30 cols
    [CG]   [DIAG] iter=1 posCols=30 newCols=30 effImprove=30 updated=0
    [CG] CG iter 2: obj=1570458.091938, maxRC=233666.803791, +29 cols
    [CG]   [DIAG] iter=2 posCols=29 newCols=29 effImprove=29 updated=0
    [CG] CG iter 3: obj=1748299.213642, maxRC=467611.033206, +30 cols
    [CG]   [DIAG] iter=3 posCols=30 newCols=30 effImprove=30 updated=0
    [CG] CG iter 4: obj=1821196.271346, maxRC=227893.502836, +30 cols
    [CG]   [DIAG] iter=4 posCols=30 newCols=30 effImprove=30 updated=0
    [CG] CG iter 5: obj=1943575.698659, maxRC=130821.305381, +26 cols
    [CG]   [DIAG] iter=5 posCols=26 newCols=26 effImprove=26 updated=0
    [CG] CG iter 6: obj=1983648.818514, maxRC=120991.402683, +22 cols
    [CG]   [DIAG] iter=6 posCols=22 newCols=21 effImprove=22 updated=1
    [CG] CG iter 7: obj=2013290.472682, maxRC=80017.398517, +21 cols
    [CG]   [DIAG] iter=7 posCols=21 newCols=21 effImprove=21 updated=0
    [CG] CG iter 8: obj=2061044.187735, maxRC=48049.276172, +21 cols
    [CG]   [DIAG] iter=8 posCols=21 newCols=20 effImprove=21 updated=1
    [CG] CG iter 9: obj=2096766.942243, maxRC=51702.947211, +20 cols
    [CG]   [DIAG] iter=9 posCols=20 newCols=20 effImprove=20 updated=0
    [CG] CG iter 10: obj=2117902.840405, maxRC=39677.832116, +17 cols
    [CG]   [DIAG] iter=10 posCols=17 newCols=16 effImprove=17 updated=1
    [CG] CG iter 11: obj=2140410.485770, maxRC=42638.668107, +21 cols
    [CG]   [DIAG] iter=11 posCols=21 newCols=21 effImprove=21 updated=0
    [CG] CG iter 12: obj=2140410.485770, maxRC=28709.699326, +16 cols
    [CG]   [DIAG] iter=12 posCols=16 newCols=15 effImprove=16 updated=1
    [CG] CG iter 13: obj=2146689.834973, maxRC=19290.377263, +15 cols
    [CG]   [DIAG] iter=13 posCols=15 newCols=15 effImprove=15 updated=0
    [CG] CG iter 14: obj=2150378.178937, maxRC=21529.873180, +6 cols
    [CG]   [DIAG] iter=14 posCols=6 newCols=6 effImprove=6 updated=0
    [CG] CG iter 15: obj=2160489.851264, maxRC=15030.615694, +7 cols
    [CG]   [DIAG] iter=15 posCols=7 newCols=7 effImprove=7 updated=0
    [CG] CG iter 16: obj=2160489.851264, maxRC=6630.908215, +2 cols
    [CG]   [DIAG] iter=16 posCols=2 newCols=2 effImprove=2 updated=0
    [CG] CG iter 17: obj=2161996.138301, maxRC=1750.562129, +4 cols
    [CG]   [DIAG] iter=17 posCols=4 newCols=4 effImprove=4 updated=0
    [CG] CG iter 18: obj=2161996.138301, maxRC=1393.447360, +1 cols
    [CG]   [DIAG] iter=18 posCols=1 newCols=1 effImprove=1 updated=0
    [CG] 列生成收敛，共 19 轮迭代
    [CG] [CG-NODE] depth=0 exit=CERTIFIED certified=1 feasible=1 iters=19 generatedColsBeforeNode=0 newCols=314 posCandidates=318 duplicateCandidates=4 updatedCols=4 zeroObjImproveIters=3 objFirst=857787.200752 objLast=2162692.861981 objGain=1304905.661229 maxRC=1134020.865418 wallSec=0.197163 pricingSec=0.183079 cplexSolveSec=0.009099
      [BB] 分支定界开始，根节点LP obj=2162692.861981，最大节点数=10000
      [BB] 根节点启发式下界 LB=1804705.337499（上界=2162692.861981）
    [CG] [BB-DIAG] 分支 x_{dc=1,retailer=15}, 节点数=1
    [CG] 列生成开始，初始列数=609
    [CG] CG iter 20: obj=2160133.324115, maxRC=41721.512827, +23 cols
    [CG]   [DIAG] iter=20 posCols=23 newCols=23 effImprove=23 updated=0
    [CG] CG iter 21: obj=2160133.324115, maxRC=27049.266285, +19 cols
    [CG]   [DIAG] iter=21 posCols=19 newCols=19 effImprove=19 updated=0
    [CG] CG iter 22: obj=2160133.324115, maxRC=6023.643875, +10 cols
    [CG]   [DIAG] iter=22 posCols=10 newCols=10 effImprove=10 updated=0
    [CG] CG iter 23: obj=2160133.324115, maxRC=3368.469665, +1 cols
    [CG]   [DIAG] iter=23 posCols=1 newCols=1 effImprove=1 updated=0
    [CG] CG iter 24: obj=2160133.324115, maxRC=361.832733, +2 cols
    [CG]   [DIAG] iter=24 posCols=2 newCols=2 effImprove=2 updated=0
    [CG] 列生成收敛，共 25 轮迭代
    [CG] [CG-NODE] depth=1 exit=CERTIFIED certified=1 feasible=1 iters=6 generatedColsBeforeNode=314 newCols=55 posCandidates=55 duplicateCandidates=0 updatedCols=0 zeroObjImproveIters=5 objFirst=2160133.324115 objLast=2160133.324115 objGain=0.000000 maxRC=41721.512827 wallSec=0.023055 pricingSec=0.018175 cplexSolveSec=0.003309
    [CG] 列生成开始，初始列数=594
    [CG] CG iter 26: obj=2161996.138301, maxRC=9243.542209, +12 cols
    [CG]   [DIAG] iter=26 posCols=12 newCols=12 effImprove=12 updated=0
    [CG] CG iter 27: obj=2161996.138301, maxRC=11331.808525, +12 cols
    [CG]   [DIAG] iter=27 posCols=12 newCols=11 effImprove=12 updated=1
    [CG] CG iter 28: obj=2161996.138301, maxRC=5411.572800, +3 cols
    [CG]   [DIAG] iter=28 posCols=3 newCols=3 effImprove=3 updated=0
    [CG] CG iter 29: obj=2161996.138301, maxRC=272.472142, +1 cols
    [CG]   [DIAG] iter=29 posCols=1 newCols=1 effImprove=1 updated=0
    [CG] 列生成收敛，共 30 轮迭代
    [CG] [CG-NODE] depth=1 exit=CERTIFIED certified=1 feasible=1 iters=5 generatedColsBeforeNode=369 newCols=27 posCandidates=28 duplicateCandidates=1 updatedCols=1 zeroObjImproveIters=4 objFirst=2161996.138301 objLast=2161996.138301 objGain=0.000000 maxRC=11331.808525 wallSec=0.017299 pricingSec=0.012714 cplexSolveSec=0.003263
    [CG] [BB-INCUMBENT] selection=2 node=1 previous=1804705.337499 value=2161996.138301 active=1
    [CG] [BB-NODESEL] strategy=hybrid choice=dfs eligibleCount=1 active=1 gap=0.000000
      [BB] 分支定界结束：处理 3 节点，剪枝 1，剩余活跃 0，整数解 2，状态=OPTIMAL，最好可行 obj=2161996.138301，gap=0.000000
