    [CG] 列生成开始，初始列数=310
    [CG] CG iter 1: obj=810266.299409, maxRC=819730.874609, +30 cols
    [CG]   [DIAG] iter=1 posCols=30 newCols=30 effImprove=30 updated=0
    [CG] CG iter 2: obj=1340851.700126, maxRC=282649.648153, +30 cols
    [CG]   [DIAG] iter=2 posCols=30 newCols=30 effImprove=30 updated=0
    [CG] CG iter 3: obj=1427723.436805, maxRC=481338.571575, +30 cols
    [CG]   [DIAG] iter=3 posCols=30 newCols=30 effImprove=30 updated=0
    [CG] CG iter 4: obj=1533729.192852, maxRC=246176.730915, +30 cols
    [CG]   [DIAG] iter=4 posCols=30 newCols=30 effImprove=30 updated=0
    [CG] CG iter 5: obj=1647403.578609, maxRC=164539.304757, +25 cols
    [CG]   [DIAG] iter=5 posCols=25 newCols=25 effImprove=25 updated=0
    [CG] CG iter 6: obj=1769495.959669, maxRC=106017.304267, +25 cols
    [CG]   [DIAG] iter=6 posCols=25 newCols=25 effImprove=25 updated=0
    [CG] CG iter 7: obj=1811727.705158, maxRC=97819.781553, +22 cols
    [CG]   [DIAG] iter=7 posCols=22 newCols=22 effImprove=22 updated=0
    [CG] CG iter 8: obj=1876411.371600, maxRC=74855.701062, +21 cols
    [CG]   [DIAG] iter=8 posCols=21 newCols=21 effImprove=21 updated=0
    [CG] CG iter 9: obj=1894200.792382, maxRC=49990.883392, +18 cols
    [CG]   [DIAG] iter=9 posCols=18 newCols=17 effImprove=18 updated=1
    [CG] CG iter 10: obj=1906793.671491, maxRC=26772.451552, +15 cols
    [CG]   [DIAG] iter=10 posCols=15 newCols=15 effImprove=15 updated=0
    [CG] CG iter 11: obj=1909466.992256, maxRC=28850.392816, +12 cols
    [CG]   [DIAG] iter=11 posCols=12 newCols=11 effImprove=12 updated=1
    [CG] CG iter 12: obj=1927988.290045, maxRC=13075.670420, +10 cols
    [CG]   [DIAG] iter=12 posCols=10 newCols=10 effImprove=10 updated=0
    [CG] CG iter 13: obj=1936772.835114, maxRC=6477.930087, +2 cols
    [CG]   [DIAG] iter=13 posCols=2 newCols=2 effImprove=2 updated=0
    [CG] CG iter 14: obj=1943250.765200, maxRC=3941.299512, +1 cols
    [CG]   [DIAG] iter=14 posCols=1 newCols=1 effImprove=1 updated=0
    [CG] 列生成收敛，共 15 轮迭代
    [CG] [CG-NODE] depth=0 exit=CERTIFIED certified=1 feasible=1 iters=15 generatedColsBeforeNode=0 newCols=269 posCandidates=271 duplicateCandidates=2 updatedCols=2 zeroObjImproveIters=1 objFirst=810266.299409 objLast=1943250.765200 objGain=1132984.465792 maxRC=819730.874609 wallSec=0.156320 pricingSec=0.147200 cplexSolveSec=0.005854
      [BB] 根节点即为整数解，obj=1943250.765200
