    [CG] 列生成开始，初始列数=310
    [CG] CG iter 1: obj=873941.507396, maxRC=1090675.490030, +30 cols
    [CG]   [DIAG] iter=1 posCols=30 newCols=30 effImprove=30 updated=0
    [CG] CG iter 2: obj=1551297.401388, maxRC=251376.346166, +30 cols
    [CG]   [DIAG] iter=2 posCols=30 newCols=30 effImprove=30 updated=0
    [CG] CG iter 3: obj=1737570.734117, maxRC=345140.006706, +30 cols
    [CG]   [DIAG] iter=3 posCols=30 newCols=30 effImprove=30 updated=0
    [CG] CG iter 4: obj=1840363.023699, maxRC=163796.841301, +28 cols
    [CG]   [DIAG] iter=4 posCols=28 newCols=27 effImprove=28 updated=1
    [CG] CG iter 5: obj=1969706.814132, maxRC=150417.021916, +25 cols
    [CG]   [DIAG] iter=5 posCols=25 newCols=25 effImprove=25 updated=0
    [CG] CG iter 6: obj=2016498.715095, maxRC=89830.794465, +24 cols
    [CG]   [DIAG] iter=6 posCols=24 newCols=24 effImprove=24 updated=0
    [CG] CG iter 7: obj=2069495.695009, maxRC=61087.419256, +24 cols
    [CG]   [DIAG] iter=7 posCols=24 newCols=24 effImprove=24 updated=0
    [CG] CG iter 8: obj=2106130.039148, maxRC=60318.341969, +25 cols
    [CG]   [DIAG] iter=8 posCols=25 newCols=25 effImprove=25 updated=0
    [CG] CG iter 9: obj=2149957.531798, maxRC=36827.474499, +23 cols
    [CG]   [DIAG] iter=9 posCols=23 newCols=23 effImprove=23 updated=0
    [CG] CG iter 10: obj=2160855.243176, maxRC=26396.762036, +19 cols
    [CG]   [DIAG] iter=10 posCols=19 newCols=19 effImprove=19 updated=0
    [CG] CG iter 11: obj=2173897.078100, maxRC=16873.813000, +15 cols
    [CG]   [DIAG] iter=11 posCols=15 newCols=13 effImprove=15 updated=2
    [CG] CG iter 12: obj=2190145.557191, maxRC=8977.025857, +10 cols
    [CG]   [DIAG] iter=12 posCols=10 newCols=9 effImprove=10 updated=1
    [CG] CG iter 13: obj=2190145.557191, maxRC=9262.348420, +8 cols
    [CG]   [DIAG] iter=13 posCols=8 newCols=8 effImprove=8 updated=0
    [CG] CG iter 14: obj=2190145.557191, maxRC=7103.010214, +5 cols
    [CG]   [DIAG] iter=14 posCols=5 newCols=5 effImprove=5 updated=0
    [CG] CG iter 15: obj=2190145.557191, maxRC=7453.321330, +3 cols
    [CG]   [DIAG] iter=15 posCols=3 newCols=3 effImprove=3 updated=0
    [CG] CG iter 16: obj=2191913.594425, maxRC=565.870220, +2 cols
    [CG]   [DIAG] iter=16 posCols=2 newCols=2 effImprove=2 updated=0
    [CG] 列生成收敛，共 17 轮迭代
    [CG] [CG-NODE] depth=0 exit=CERTIFIED certified=1 feasible=1 iters=17 generatedColsBeforeNode=0 newCols=297 posCandidates=301 duplicateCandidates=4 updatedCols=4 zeroObjImproveIters=4 objFirst=873941.507396 objLast=2191913.594425 objGain=1317972.087028 maxRC=1090675.490030 wallSec=0.194728 pricingSec=0.184266 cplexSolveSec=0.007029
      [BB] 根节点即为整数解，obj=2191913.594425
