    [CG] 列生成开始，初始列数=310
    [CG] CG iter 1: obj=871334.274534, maxRC=1130422.535534, +30 cols
    [CG]   [DIAG] iter=1 posCols=30 newCols=30 effImprove=30 updated=0
    [CG] CG iter 2: obj=1582913.032312, maxRC=224256.827264, +29 cols
    [CG]   [DIAG] iter=2 posCols=29 newCols=29 effImprove=29 updated=0
    [CG] CG iter 3: obj=1681053.428410, maxRC=474202.775396, +30 cols
    [CG]   [DIAG] iter=3 posCols=30 newCols=30 effImprove=30 updated=0
    [CG] CG iter 4: obj=1849910.006372, maxRC=196746.439477, +29 cols
    [CG]   [DIAG] iter=4 posCols=29 newCols=29 effImprove=29 updated=0
    [CG] CG iter 5: obj=1962980.528198, maxRC=164329.636937, +25 cols
    [CG]   [DIAG] iter=5 posCols=25 newCols=24 effImprove=25 updated=1
    [CG] CG iter 6: obj=2011541.136708, maxRC=89893.887231, +24 cols
    [CG]   [DIAG] iter=6 posCols=24 newCols=24 effImprove=24 updated=0
    [CG] CG iter 7: obj=2047033.535475, maxRC=98717.703397, +24 cols
    [CG]   [DIAG] iter=7 posCols=24 newCols=24 effImprove=24 updated=0
    [CG] CG iter 8: obj=2068724.683380, maxRC=49841.289949, +24 cols
    [CG]   [DIAG] iter=8 posCols=24 newCols=24 effImprove=24 updated=0
    [CG] CG iter 9: obj=2120484.365007, maxRC=38041.781319, +23 cols
    [CG]   [DIAG] iter=9 posCols=23 newCols=23 effImprove=23 updated=0
    [CG] CG iter 10: obj=2181222.350126, maxRC=26049.143003, +20 cols
    [CG]   [DIAG] iter=10 posCols=20 newCols=19 effImprove=20 updated=1
    [CG] CG iter 11: obj=2197528.775982, maxRC=21075.475368, +11 cols
    [CG]   [DIAG] iter=11 posCols=11 newCols=11 effImprove=11 updated=0
    [CG] CG iter 12: obj=2202629.297632, maxRC=35108.367937, +10 cols
    [CG]   [DIAG] iter=12 posCols=10 newCols=10 effImprove=10 updated=0
    [CG] CG iter 13: obj=2202629.297632, maxRC=13941.271796, +7 cols
    [CG]   [DIAG] iter=13 posCols=7 newCols=6 effImprove=7 updated=1
    [CG] CG iter 14: obj=2202629.297632, maxRC=7565.070292, +6 cols
    [CG]   [DIAG] iter=14 posCols=6 newCols=6 effImprove=6 updated=0
    [CG] CG iter 15: obj=2202629.297632, maxRC=2855.146405, +2 cols
    [CG]   [DIAG] iter=15 posCols=2 newCols=2 effImprove=2 updated=0
    [CG] 列生成收敛，共 16 轮迭代
    [CG] [CG-NODE] depth=0 exit=CERTIFIED certified=1 feasible=1 iters=16 generatedColsBeforeNode=0 newCols=291 posCandidates=294 duplicateCandidates=3 updatedCols=3 zeroObjImproveIters=4 objFirst=871334.274534 objLast=2202629.297632 objGain=1331295.023098 maxRC=1130422.535534 wallSec=0.204224 pricingSec=0.191840 cplexSolveSec=0.007700
      [BB] 根节点即为整数解，obj=2202629.297632
