    [CG] 列生成开始，初始列数=310
    [CG] CG iter 1: obj=879749.584220, maxRC=1123976.671374, +30 cols
    [CG]   [DIAG] iter=1 posCols=30 newCols=30 effImprove=30 updated=0
    [CG] CG iter 2: obj=1582695.513122, maxRC=222853.187585, +29 cols
    [CG]   [DIAG] iter=2 posCols=29 newCols=29 effImprove=29 updated=0
    [CG] CG iter 3: obj=1671703.801345, maxRC=440347.505401, +30 cols
    [CG]   [DIAG] iter=3 posCols=30 newCols=30 effImprove=30 updated=0
    [CG] CG iter 4: obj=1823030.633597, maxRC=230485.316663, +28 cols
    [CG]   [DIAG] iter=4 posCols=28 newCols=28 effImprove=28 updated=0
    [CG] CG iter 5: obj=1975141.798975, maxRC=138645.132623, +24 cols
    [CG]   [DIAG] iter=5 posCols=24 newCols=24 effImprove=24 updated=0
    [CG] CG iter 6: obj=2019002.860629, maxRC=79612.100391, +25 cols
    [CG]   [DIAG] iter=6 posCols=25 newCols=24 effImprove=25 updated=1
    [CG] CG iter 7: obj=2072374.801811, maxRC=68356.922760, +24 cols
    [CG]   [DIAG] iter=7 posCols=24 newCols=24 effImprove=24 updated=0
    [CG] CG iter 8: obj=2148689.847836, maxRC=56141.945234, +24 cols
    [CG]   [DIAG] iter=8 posCols=24 newCols=24 effImprove=24 updated=0
    [CG] CG iter 9: obj=2167643.306614, maxRC=30250.050201, +22 cols
    [CG]   [DIAG] iter=9 posCols=22 newCols=22 effImprove=22 updated=0
    [CG] CG iter 10: obj=2182156.353207, maxRC=30866.828347, +18 cols
    [CG]   [DIAG] iter=10 posCols=18 newCols=18 effImprove=18 updated=0
    [CG] CG iter 11: obj=2192070.668909, maxRC=27267.428515, +13 cols
    [CG]   [DIAG] iter=11 posCols=13 newCols=12 effImprove=13 updated=1
    [CG] CG iter 12: obj=2214243.943754, maxRC=18478.007711, +13 cols
    [CG]   [DIAG] iter=12 posCols=13 newCols=12 effImprove=13 updated=1
    [CG] CG iter 13: obj=2214643.817479, maxRC=13267.385600, +9 cols
    [CG]   [DIAG] iter=13 posCols=9 newCols=9 effImprove=9 updated=0
    [CG] CG iter 14: obj=2216931.849366, maxRC=6686.926804, +9 cols
    [CG]   [DIAG] iter=14 posCols=9 newCols=9 effImprove=9 updated=0
    [CG] CG iter 15: obj=2222549.339429, maxRC=9224.017069, +4 cols
    [CG]   [DIAG] iter=15 posCols=4 newCols=4 effImprove=4 updated=0
    [CG] CG iter 16: obj=2222549.339429, maxRC=4194.759244, +3 cols
    [CG]   [DIAG] iter=16 posCols=3 newCols=3 effImprove=3 updated=0
    [CG] CG iter 17: obj=2222549.339429, maxRC=1495.241606, +1 cols
    [CG]   [DIAG] iter=17 posCols=1 newCols=1 effImprove=1 updated=0
    [CG] CG iter 18: obj=2222549.339429, maxRC=1341.474395, +1 cols
    [CG]   [DIAG] iter=18 posCols=1 newCols=1 effImprove=1 updated=0
    [CG] 列生成收敛，共 19 轮迭代
    [CG] [CG-NODE] depth=0 exit=CERTIFIED certified=1 feasible=1 iters=19 generatedColsBeforeNode=0 newCols=304 posCandidates=307 duplicateCandidates=3 updatedCols=3 zeroObjImproveIters=4 objFirst=879749.584220 objLast=2222549.339429 objGain=1342799.755209 maxRC=1123976.671374 wallSec=0.239086 pricingSec=0.226490 cplexSolveSec=0.008469
      [BB] 根节点即为整数解，obj=2222549.339429
