    [CG] 列生成开始，初始列数=310
    [CG] CG iter 1: obj=875876.749287, maxRC=1123626.507982, +30 cols
    [CG]   [DIAG] iter=1 posCols=30 newCols=30 effImprove=30 updated=0
    [CG] CG iter 2: obj=1579332.427037, maxRC=224430.893815, +29 cols
    [CG]   [DIAG] iter=2 posCols=29 newCols=29 effImprove=29 updated=0
    [CG] CG iter 3: obj=1763096.602436, maxRC=369567.404680, +30 cols
    [CG]   [DIAG] iter=3 posCols=30 newCols=30 effImprove=30 updated=0
    [CG] CG iter 4: obj=1875063.799678, maxRC=183583.687272, +25 cols
    [CG]   [DIAG] iter=4 posCols=25 newCols=25 effImprove=25 updated=0
    [CG] CG iter 5: obj=1973647.370659, maxRC=136076.524327, +25 cols
    [CG]   [DIAG] iter=5 posCols=25 newCols=25 effImprove=25 updated=0
    [CG] CG iter 6: obj=2016209.650224, maxRC=91454.845025, +24 cols
    [CG]   [DIAG] iter=6 posCols=24 newCols=24 effImprove=24 updated=0
    [CG] CG iter 7: obj=2045620.395548, maxRC=64129.834642, +24 cols
    [CG]   [DIAG] iter=7 posCols=24 newCols=24 effImprove=24 updated=0
    [CG] CG iter 8: obj=2107736.463235, maxRC=55218.165222, +24 cols
    [CG]   [DIAG] iter=8 posCols=24 newCols=24 effImprove=24 updated=0
    [CG] CG iter 9: obj=2155218.120262, maxRC=50069.630449, +20 cols
    [CG]   [DIAG] iter=9 posCols=20 newCols=20 effImprove=20 updated=0
    [CG] CG iter 10: obj=2174784.156953, maxRC=33854.504240, +24 cols
    [CG]   [DIAG] iter=10 posCols=24 newCols=24 effImprove=24 updated=0
    [CG] CG iter 11: obj=2186139.112190, maxRC=15697.936140, +16 cols
    [CG]   [DIAG] iter=11 posCols=16 newCols=15 effImprove=16 updated=1
    [CG] CG iter 12: obj=2199277.973864, maxRC=10354.334999, +10 cols
    [CG]   [DIAG] iter=12 posCols=10 newCols=10 effImprove=10 updated=0
    [CG] CG iter 13: obj=2205400.967777, maxRC=5069.741152, +11 cols
    [CG]   [DIAG] iter=13 posCols=11 newCols=11 effImprove=11 updated=0
    [CG] CG iter 14: obj=2210051.500209, maxRC=1544.133427, +6 cols
    [CG]   [DIAG] iter=14 posCols=6 newCols=6 effImprove=6 updated=0
    [CG] CG iter 15: obj=2210635.898394, maxRC=420.555061, +2 cols
    [CG]   [DIAG] iter=15 posCols=2 newCols=2 effImprove=2 updated=0
    [CG] 列生成收敛，共 16 轮迭代
    [CG] [CG-NODE] depth=0 exit=CERTIFIED certified=1 feasible=1 iters=16 generatedColsBeforeNode=0 newCols=299 posCandidates=300 duplicateCandidates=1 updatedCols=1 zeroObjImproveIters=1 objFirst=875876.749287 objLast=2210635.898394 objGain=1334759.149107 maxRC=1123626.507982 wallSec=0.234681 pricingSec=0.202110 cplexSolveSec=0.008699
      [BB] 根节点即为整数解，obj=2210635.898394
