    [CG] 列生成开始，初始列数=310
    [CG] CG iter 1: obj=794212.506303, maxRC=1145510.760966, +30 cols
    [CG]   [DIAG] iter=1 posCols=30 newCols=30 effImprove=30 updated=0
    [CG] CG iter 2: obj=1415594.526589, maxRC=347827.525375, +29 cols
    [CG]   [DIAG] iter=2 posCols=29 newCols=29 effImprove=29 updated=0
    [CG] CG iter 3: obj=1588847.554815, maxRC=452434.512235, +30 cols
    [CG]   [DIAG] iter=3 posCols=30 newCols=30 effImprove=30 updated=0
    [CG] CG iter 4: obj=1846748.182558, maxRC=285672.284298, +30 cols
    [CG]   [DIAG] iter=4 posCols=30 newCols=30 effImprove=30 updated=0
    [CG] CG iter 5: obj=1898233.197805, maxRC=161032.435071, +26 cols
    [CG]   [DIAG] iter=5 posCols=26 newCols=26 effImprove=26 updated=0
    [CG] CG iter 6: obj=1918422.993477, maxRC=155590.928199, +18 cols
    [CG]   [DIAG] iter=6 posCols=18 newCols=18 effImprove=18 updated=0
    [CG] CG iter 7: obj=1972334.258779, maxRC=260105.494685, +27 cols
    [CG]   [DIAG] iter=7 posCols=27 newCols=27 effImprove=27 updated=0
    [CG] CG iter 8: obj=2029184.680767, maxRC=188503.177477, +25 cols
    [CG]   [DIAG] iter=8 posCols=25 newCols=25 effImprove=25 updated=0
    [CG] CG iter 9: obj=2029184.680767, maxRC=108128.530397, +17 cols
    [CG]   [DIAG] iter=9 posCols=17 newCols=17 effImprove=17 updated=0
    [CG] CG iter 10: obj=2029184.680767, maxRC=83735.930817, +14 cols
    [CG]   [DIAG] iter=10 posCols=14 newCols=14 effImprove=14 updated=0
    [CG] CG iter 11: obj=2044983.178919, maxRC=111141.418013, +14 cols
    [CG]   [DIAG] iter=11 posCols=14 newCols=14 effImprove=14 updated=0
    [CG] CG iter 12: obj=2053219.111117, maxRC=54972.526332, +10 cols
    [CG]   [DIAG] iter=12 posCols=10 newCols=10 effImprove=10 updated=0
    [CG] CG iter 13: obj=2088626.884634, maxRC=69313.790802, +7 cols
    [CG]   [DIAG] iter=13 posCols=7 newCols=7 effImprove=7 updated=0
    [CG] CG iter 14: obj=2088626.884634, maxRC=36724.022689, +7 cols
    [CG]   [DIAG] iter=14 posCols=7 newCols=7 effImprove=7 updated=0
    [CG] CG iter 15: obj=2088626.884634, maxRC=26912.147946, +5 cols
    [CG]   [DIAG] iter=15 posCols=5 newCols=5 effImprove=5 updated=0
    [CG] CG iter 16: obj=2088626.884634, maxRC=32465.561930, +5 cols
    [CG]   [DIAG] iter=16 posCols=5 newCols=5 effImprove=5 updated=0
    [CG] CG iter 17: obj=2088626.884634, maxRC=20752.215649, +4 cols
    [CG]   [DIAG] iter=17 posCols=4 newCols=4 effImprove=4 updated=0
    [CG] CG iter 18: obj=2088626.884634, maxRC=22808.458436, +5 cols
    [CG]   [DIAG] iter=18 posCols=5 newCols=5 effImprove=5 updated=0
    [CG] CG iter 19: obj=2088626.884634, maxRC=17334.016708, +4 cols
    [CG]   [DIAG] iter=19 posCols=4 newCols=4 effImprove=4 updated=0
    [CG] CG iter 20: obj=2105618.775379, maxRC=2111.981995, +2 cols
    [CG]   [DIAG] iter=20 posCols=2 newCols=2 effImprove=2 updated=0
    [CG] CG iter 21: obj=2105618.775379, maxRC=3328.984607, +1 cols
    [CG]   [DIAG] iter=21 posCols=1 newCols=0 effImprove=1 updated=1
    [CG] CG iter 22: obj=2105618.775379, maxRC=1197.233453, +1 cols
    [CG]   [DIAG] iter=22 posCols=1 newCols=1 effImprove=1 updated=0
    [CG] CG iter 23: obj=2105618.775379, maxRC=1257.022655, +1 cols
    [CG]   [DIAG] iter=23 posCols=1 newCols=0 effImprove=1 updated=1
    [CG] CG iter 24: obj=2105618.775379, maxRC=796.380218, +1 cols
    [CG]   [DIAG] iter=24 posCols=1 newCols=1 effImprove=1 updated=0
    [CG] 列生成收敛，共 25 轮迭代
    [CG] [CG-NODE] depth=0 exit=CERTIFIED certified=1 feasible=1 iters=25 generatedColsBeforeNode=0 newCols=311 posCandidates=313 duplicateCandidates=2 updatedCols=2 zeroObjImproveIters=13 objFirst=794212.506303 objLast=2105618.775379 objGain=1311406.269077 maxRC=1145510.760966 wallSec=0.234247 pricingSec=0.203078 cplexSolveSec=0.009293
      [BB] 根节点即为整数解，obj=2105618.775379
