    [CG] 列生成开始，初始列数=310
    [CG] CG iter 1: obj=760402.460224, maxRC=1245851.820593, +30 cols
    [CG]   [DIAG] iter=1 posCols=30 newCols=30 effImprove=30 updated=0
    [CG] CG iter 2: obj=1429554.685206, maxRC=332984.567550, +30 cols
    [CG]   [DIAG] iter=2 posCols=30 newCols=30 effImprove=30 updated=0
    [CG] CG iter 3: obj=1559556.180131, maxRC=410566.126213, +30 cols
    [CG]   [DIAG] iter=3 posCols=30 newCols=30 effImprove=30 updated=0
    [CG] CG iter 4: obj=1699743.352583, maxRC=457307.641181, +30 cols
    [CG]   [DIAG] iter=4 posCols=30 newCols=30 effImprove=30 updated=0
    [CG] CG iter 5: obj=1750494.888681, maxRC=198547.422850, +26 cols
    [CG]   [DIAG] iter=5 posCols=26 newCols=26 effImprove=26 updated=0
    [CG] CG iter 6: obj=1793537.198030, maxRC=266466.069874, +30 cols
    [CG]   [DIAG] iter=6 posCols=30 newCols=30 effImprove=30 updated=0
    [CG] CG iter 7: obj=1819242.348502, maxRC=134400.801583, +24 cols
    [CG]   [DIAG] iter=7 posCols=24 newCols=24 effImprove=24 updated=0
    [CG] CG iter 8: obj=1852045.517521, maxRC=126626.550532, +26 cols
    [CG]   [DIAG] iter=8 posCols=26 newCols=26 effImprove=26 updated=0
    [CG] CG iter 9: obj=1944155.781185, maxRC=138682.617265, +26 cols
    [CG]   [DIAG] iter=9 posCols=26 newCols=26 effImprove=26 updated=0
    [CG] CG iter 10: obj=1978887.063409, maxRC=164013.304159, +21 cols
    [CG]   [DIAG] iter=10 posCols=21 newCols=20 effImprove=21 updated=1
    [CG] CG iter 11: obj=1994956.541230, maxRC=105339.627871, +21 cols
    [CG]   [DIAG] iter=11 posCols=21 newCols=21 effImprove=21 updated=0
    [CG] CG iter 12: obj=1999868.150206, maxRC=83979.690190, +15 cols
    [CG]   [DIAG] iter=12 posCols=15 newCols=14 effImprove=15 updated=1
    [CG] CG iter 13: obj=2013501.378993, maxRC=75419.083477, +11 cols
    [CG]   [DIAG] iter=13 posCols=11 newCols=11 effImprove=11 updated=0
    [CG] CG iter 14: obj=2088920.462469, maxRC=64792.456172, +10 cols
    [CG]   [DIAG] iter=14 posCols=10 newCols=10 effImprove=10 updated=0
    [CG] CG iter 15: obj=2088920.462469, maxRC=45297.331796, +6 cols
    [CG]   [DIAG] iter=15 posCols=6 newCols=6 effImprove=6 updated=0
    [CG] CG iter 16: obj=2088920.462469, maxRC=36470.192418, +11 cols
    [CG]   [DIAG] iter=16 posCols=11 newCols=11 effImprove=11 updated=0
    [CG] CG iter 17: obj=2088920.462469, maxRC=22793.115246, +5 cols
    [CG]   [DIAG] iter=17 posCols=5 newCols=5 effImprove=5 updated=0
    [CG] CG iter 18: obj=2088920.462469, maxRC=19763.536473, +3 cols
    [CG]   [DIAG] iter=18 posCols=3 newCols=3 effImprove=3 updated=0
    [CG] CG iter 19: obj=2088920.462469, maxRC=17381.689931, +3 cols
    [CG]   [DIAG] iter=19 posCols=3 newCols=3 effImprove=3 updated=0
    [CG] CG iter 20: obj=2088920.462469, maxRC=6925.061948, +3 cols
    [CG]   [DIAG] iter=20 posCols=3 newCols=3 effImprove=3 updated=0
    [CG] CG iter 21: obj=2088920.462469, maxRC=5537.765934, +3 cols
    [CG]   [DIAG] iter=21 posCols=3 newCols=3 effImprove=3 updated=0
    [CG] CG iter 22: obj=2088920.462469, maxRC=3106.352949, +3 cols
    [CG]   [DIAG] iter=22 posCols=3 newCols=3 effImprove=3 updated=0
    [CG] CG iter 23: obj=2088920.462469, maxRC=2060.513937, +2 cols
    [CG]   [DIAG] iter=23 posCols=2 newCols=2 effImprove=2 updated=0
    [CG] CG iter 24: obj=2090754.812230, maxRC=897.055048, +2 cols
    [CG]   [DIAG] iter=24 posCols=2 newCols=2 effImprove=2 updated=0
    [CG] CG iter 25: obj=2090754.812230, maxRC=546.943430, +2 cols
    [CG]   [DIAG] iter=25 posCols=2 newCols=2 effImprove=2 updated=0
    [CG] CG iter 26: obj=2090754.812230, maxRC=243.441875, +2 cols
    [CG]   [DIAG] iter=26 posCols=2 newCols=2 effImprove=2 updated=0
    [CG] 列生成收敛，共 27 轮迭代
    [CG] [CG-NODE] depth=0 exit=CERTIFIED certified=1 feasible=1 iters=27 generatedColsBeforeNode=0 newCols=373 posCandidates=375 duplicateCandidates=2 updatedCols=2 zeroObjImproveIters=12 objFirst=760402.460224 objLast=2090754.812230 objGain=1330352.352006 maxRC=1245851.820593 wallSec=0.300028 pricingSec=0.284340 cplexSolveSec=0.010524
      [BB] 根节点即为整数解，obj=2090754.812230
