    [CG] 列生成开始，初始列数=310
    [CG] CG iter 1: obj=728745.275437, maxRC=817405.848439, +30 cols
    [CG]   [DIAG] iter=1 posCols=30 newCols=30 effImprove=30 updated=0
    [CG] CG iter 2: obj=1122174.264482, maxRC=322349.028525, +26 cols
    [CG]   [DIAG] iter=2 posCols=26 newCols=26 effImprove=26 updated=0
    [CG] CG iter 3: obj=1264409.748239, maxRC=441016.448008, +27 cols
    [CG]   [DIAG] iter=3 posCols=27 newCols=27 effImprove=27 updated=0
    [CG] CG iter 4: obj=1357560.445163, maxRC=296682.869723, +25 cols
    [CG]   [DIAG] iter=4 posCols=25 newCols=25 effImprove=25 updated=0
    [CG] CG iter 5: obj=1395091.770710, maxRC=188199.066724, +20 cols
    [CG]   [DIAG] iter=5 posCols=20 newCols=20 effImprove=20 updated=0
    [CG] CG iter 6: obj=1468421.605141, maxRC=165773.044754, +19 cols
    [CG]   [DIAG] iter=6 posCols=19 newCols=19 effImprove=19 updated=0
    [CG] CG iter 7: obj=1525042.058295, maxRC=166398.797236, +18 cols
    [CG]   [DIAG] iter=7 posCols=18 newCols=18 effImprove=18 updated=0
    [CG] CG iter 8: obj=1540485.246534, maxRC=40667.539387, +15 cols
    [CG]   [DIAG] iter=8 posCols=15 newCols=15 effImprove=15 updated=0
    [CG] CG iter 9: obj=1595955.035987, maxRC=23652.538176, +16 cols
    [CG]   [DIAG] iter=9 posCols=16 newCols=16 effImprove=16 updated=0
    [CG] CG iter 10: obj=1598545.680051, maxRC=11457.983310, +10 cols
    [CG]   [DIAG] iter=10 posCols=10 newCols=10 effImprove=10 updated=0
    [CG] CG iter 11: obj=1598545.680051, maxRC=9855.825879, +9 cols
    [CG]   [DIAG] iter=11 posCols=9 newCols=9 effImprove=9 updated=0
    [CG] CG iter 12: obj=1598545.680051, maxRC=7991.770880, +8 cols
    [CG]   [DIAG] iter=12 posCols=8 newCols=8 effImprove=8 updated=0
    [CG] CG iter 13: obj=1601216.091843, maxRC=3607.194255, +2 cols
    [CG]   [DIAG] iter=13 posCols=2 newCols=2 effImprove=2 updated=0
    [CG] CG iter 14: obj=1601724.586967, maxRC=1336.841774, +2 cols
    [CG]   [DIAG] iter=14 posCols=2 newCols=2 effImprove=2 updated=0
    [CG] CG iter 15: obj=1601724.586967, maxRC=553.893810, +1 cols
    [CG]   [DIAG] iter=15 posCols=1 newCols=1 effImprove=1 updated=0
    [CG] 列生成收敛，共 16 轮迭代
    [CG] [CG-NODE] depth=0 exit=CERTIFIED certified=1 feasible=1 iters=16 generatedColsBeforeNode=0 newCols=228 posCandidates=228 duplicateCandidates=0 updatedCols=0 zeroObjImproveIters=4 objFirst=728745.275437 objLast=1601724.586967 objGain=872979.311530 maxRC=817405.848439 wallSec=0.102599 pricingSec=0.092186 cplexSolveSec=0.006303
      [BB] 分支定界开始，根节点LP obj=1601724.586967，最大节点数=10000
      [BB] 根节点启发式下界 LB=1526807.609306（上界=1601724.586967）
    [CG] [BB-DIAG] 分支 x_{dc=5,retailer=27}, 节点数=1
    [CG] 列生成开始，初始列数=520
    [CG] CG iter 17: obj=1597064.524361, maxRC=127441.525468, +19 cols
    [CG]   [DIAG] iter=17 posCols=19 newCols=19 effImprove=19 updated=0
    [CG] CG iter 18: obj=1597064.524361, maxRC=16185.176632, +8 cols
    [CG]   [DIAG] iter=18 posCols=8 newCols=8 effImprove=8 updated=0
    [CG] CG iter 19: obj=1597064.524361, maxRC=7715.263203, +6 cols
    [CG]   [DIAG] iter=19 posCols=6 newCols=6 effImprove=6 updated=0
    [CG] CG iter 20: obj=1597064.524361, maxRC=5457.622871, +2 cols
    [CG]   [DIAG] iter=20 posCols=2 newCols=2 effImprove=2 updated=0
    [CG] CG iter 21: obj=1597064.524361, maxRC=870.804657, +2 cols
    [CG]   [DIAG] iter=21 posCols=2 newCols=2 effImprove=2 updated=0
    [CG] 列生成收敛，共 22 轮迭代
    [CG] [CG-NODE] depth=1 exit=CERTIFIED certified=1 feasible=1 iters=6 generatedColsBeforeNode=228 newCols=37 posCandidates=37 duplicateCandidates=0 updatedCols=0 zeroObjImproveIters=4 objFirst=1597064.524361 objLast=1597935.329018 objGain=870.804657 maxRC=127441.525468 wallSec=0.018869 pricingSec=0.015059 cplexSolveSec=0.002504
    [CG] 列生成开始，初始列数=493
    [CG] CG iter 23: obj=1601216.091843, maxRC=148063.504307, +25 cols
    [CG]   [DIAG] iter=23 posCols=25 newCols=25 effImprove=25 updated=0
    [CG] CG iter 24: obj=1601216.091843, maxRC=25697.954026, +14 cols
    [CG]   [DIAG] iter=24 posCols=14 newCols=14 effImprove=14 updated=0
    [CG] CG iter 25: obj=1601216.091843, maxRC=23202.182458, +8 cols
    [CG]   [DIAG] iter=25 posCols=8 newCols=8 effImprove=8 updated=0
    [CG] CG iter 26: obj=1601216.091843, maxRC=7300.608092, +6 cols
    [CG]   [DIAG] iter=26 posCols=6 newCols=6 effImprove=6 updated=0
    [CG] CG iter 27: obj=1601216.091843, maxRC=2441.835949, +3 cols
    [CG]   [DIAG] iter=27 posCols=3 newCols=3 effImprove=3 updated=0
    [CG] CG iter 28: obj=1601216.091843, maxRC=800.199826, +3 cols
    [CG]   [DIAG] iter=28 posCols=3 newCols=3 effImprove=3 updated=0
    [CG] 列生成收敛，共 29 轮迭代
    [CG] [CG-NODE] depth=1 exit=CERTIFIED certified=1 feasible=1 iters=7 generatedColsBeforeNode=265 newCols=59 posCandidates=59 duplicateCandidates=0 updatedCols=0 zeroObjImproveIters=6 objFirst=1601216.091843 objLast=1601216.091843 objGain=0.000000 maxRC=148063.504307 wallSec=0.016100 pricingSec=0.012255 cplexSolveSec=0.002507
    [CG] [BB-INCUMBENT] selection=2 node=1 previous=1526807.609306 value=1601216.091843 active=1
    [CG] [BB-NODESEL] strategy=hybrid choice=dfs eligibleCount=1 active=1 gap=0.000000
      [BB] 分支定界结束：处理 3 节点，剪枝 1，剩余活跃 0，整数解 2，状态=OPTIMAL，最好可行 obj=1601216.091843，gap=0.000000
