    [CG] 列生成开始，初始列数=310
    [CG] CG iter 1: obj=746559.228954, maxRC=836832.895976, +30 cols
    [CG]   [DIAG] iter=1 posCols=30 newCols=30 effImprove=30 updated=0
    [CG] CG iter 2: obj=1145038.185785, maxRC=324883.561151, +26 cols
    [CG]   [DIAG] iter=2 posCols=26 newCols=26 effImprove=26 updated=0
    [CG] CG iter 3: obj=1386911.975787, maxRC=398515.811298, +22 cols
    [CG]   [DIAG] iter=3 posCols=22 newCols=22 effImprove=22 updated=0
    [CG] CG iter 4: obj=1420371.486019, maxRC=262460.113388, +21 cols
    [CG]   [DIAG] iter=4 posCols=21 newCols=21 effImprove=21 updated=0
    [CG] CG iter 5: obj=1475798.239104, maxRC=181058.876500, +20 cols
    [CG]   [DIAG] iter=5 posCols=20 newCols=20 effImprove=20 updated=0
    [CG] CG iter 6: obj=1532134.959980, maxRC=144637.832050, +17 cols
    [CG]   [DIAG] iter=6 posCols=17 newCols=17 effImprove=17 updated=0
    [CG] CG iter 7: obj=1554772.240220, maxRC=57548.791627, +16 cols
    [CG]   [DIAG] iter=7 posCols=16 newCols=16 effImprove=16 updated=0
    [CG] CG iter 8: obj=1582350.332777, maxRC=28686.924532, +16 cols
    [CG]   [DIAG] iter=8 posCols=16 newCols=16 effImprove=16 updated=0
    [CG] CG iter 9: obj=1609603.157301, maxRC=31508.469155, +14 cols
    [CG]   [DIAG] iter=9 posCols=14 newCols=14 effImprove=14 updated=0
    [CG] CG iter 10: obj=1609603.157301, maxRC=25101.245208, +15 cols
    [CG]   [DIAG] iter=10 posCols=15 newCols=15 effImprove=15 updated=0
    [CG] CG iter 11: obj=1628933.616905, maxRC=25962.007636, +11 cols
    [CG]   [DIAG] iter=11 posCols=11 newCols=11 effImprove=11 updated=0
    [CG] CG iter 12: obj=1628933.616905, maxRC=4314.942068, +7 cols
    [CG]   [DIAG] iter=12 posCols=7 newCols=6 effImprove=7 updated=1
    [CG] CG iter 13: obj=1628933.616905, maxRC=5075.846531, +3 cols
    [CG]   [DIAG] iter=13 posCols=3 newCols=3 effImprove=3 updated=0
    [CG] 列生成收敛，共 14 轮迭代
    [CG] [CG-NODE] depth=0 exit=CERTIFIED certified=1 feasible=1 iters=14 generatedColsBeforeNode=0 newCols=217 posCandidates=218 duplicateCandidates=1 updatedCols=1 zeroObjImproveIters=4 objFirst=746559.228954 objLast=1628933.616905 objGain=882374.387951 maxRC=836832.895976 wallSec=0.074268 pricingSec=0.067202 cplexSolveSec=0.004461
      [BB] 根节点即为整数解，obj=1628933.616905
