    [CG] 列生成开始，初始列数=310
    [CG] CG iter 1: obj=810800.735320, maxRC=1101643.835869, +30 cols
    [CG]   [DIAG] iter=1 posCols=30 newCols=30 effImprove=30 updated=0
    [CG] CG iter 2: obj=1486984.763113, maxRC=245910.910009, +28 cols
    [CG]   [DIAG] iter=2 posCols=28 newCols=28 effImprove=28 updated=0
    [CG] CG iter 3: obj=1668640.620892, maxRC=274036.194742, +26 cols
    [CG]   [DIAG] iter=3 posCols=26 newCols=26 effImprove=26 updated=0
    [CG] CG iter 4: obj=1733516.829219, maxRC=257137.643539, +24 cols
    [CG]   [DIAG] iter=4 posCols=24 newCols=24 effImprove=24 updated=0
    [CG] CG iter 5: obj=1832174.795538, maxRC=152459.430681, +24 cols
    [CG]   [DIAG] iter=5 posCols=24 newCols=24 effImprove=24 updated=0
    [CG] CG iter 6: obj=1854383.394000, maxRC=86639.440291, +19 cols
    [CG]   [DIAG] iter=6 posCols=19 newCols=19 effImprove=19 updated=0
    [CG] CG iter 7: obj=1912414.838247, maxRC=119517.556274, +20 cols
    [CG]   [DIAG] iter=7 posCols=20 newCols=20 effImprove=20 updated=0
    [CG] CG iter 8: obj=1984061.392668, maxRC=67126.632299, +19 cols
    [CG]   [DIAG] iter=8 posCols=19 newCols=19 effImprove=19 updated=0
    [CG] CG iter 9: obj=1994061.296811, maxRC=20008.649529, +17 cols
    [CG]   [DIAG] iter=9 posCols=17 newCols=14 effImprove=17 updated=3
    [CG] CG iter 10: obj=1994061.296811, maxRC=15797.057167, +3 cols
    [CG]   [DIAG] iter=10 posCols=3 newCols=3 effImprove=3 updated=0
    [CG] CG iter 11: obj=2000825.506632, maxRC=3296.584104, +5 cols
    [CG]   [DIAG] iter=11 posCols=5 newCols=5 effImprove=5 updated=0
    [CG] CG iter 12: obj=2000825.506632, maxRC=5170.953657, +6 cols
    [CG]   [DIAG] iter=12 posCols=6 newCols=6 effImprove=6 updated=0
    [CG] 列生成收敛，共 13 轮迭代
    [CG] [CG-NODE] depth=0 exit=CERTIFIED certified=1 feasible=1 iters=13 generatedColsBeforeNode=0 newCols=218 posCandidates=221 duplicateCandidates=3 updatedCols=3 zeroObjImproveIters=3 objFirst=810800.735320 objLast=2000825.506632 objGain=1190024.771312 maxRC=1101643.835869 wallSec=0.133688 pricingSec=0.124883 cplexSolveSec=0.005481
      [BB] 根节点即为整数解，obj=2000825.506632
