    [CG] 列生成开始，初始列数=310
    [CG] CG iter 1: obj=874419.566652, maxRC=1431645.439095, +30 cols
    [CG]   [DIAG] iter=1 posCols=30 newCols=30 effImprove=30 updated=0
    [CG] CG iter 2: obj=1838616.766821, maxRC=256997.746284, +28 cols
    [CG]   [DIAG] iter=2 posCols=28 newCols=28 effImprove=28 updated=0
    [CG] CG iter 3: obj=1942182.611542, maxRC=228900.881502, +29 cols
    [CG]   [DIAG] iter=3 posCols=29 newCols=29 effImprove=29 updated=0
    [CG] CG iter 4: obj=2066775.094695, maxRC=214560.859553, +25 cols
    [CG]   [DIAG] iter=4 posCols=25 newCols=25 effImprove=25 updated=0
    [CG] CG iter 5: obj=2104060.828825, maxRC=114315.281188, +26 cols
    [CG]   [DIAG] iter=5 posCols=26 newCols=26 effImprove=26 updated=0
    [CG] CG iter 6: obj=2148530.431702, maxRC=77527.989516, +25 cols
    [CG]   [DIAG] iter=6 posCols=25 newCols=25 effImprove=25 updated=0
    [CG] CG iter 7: obj=2184691.611313, maxRC=73647.883353, +22 cols
    [CG]   [DIAG] iter=7 posCols=22 newCols=21 effImprove=22 updated=1
    [CG] CG iter 8: obj=2224098.334270, maxRC=54821.682411, +18 cols
    [CG]   [DIAG] iter=8 posCols=18 newCols=18 effImprove=18 updated=0
    [CG] CG iter 9: obj=2232423.885274, maxRC=38882.002402, +15 cols
    [CG]   [DIAG] iter=9 posCols=15 newCols=15 effImprove=15 updated=0
    [CG] CG iter 10: obj=2243007.526087, maxRC=22281.061368, +9 cols
    [CG]   [DIAG] iter=10 posCols=9 newCols=8 effImprove=9 updated=1
    [CG] CG iter 11: obj=2265288.587455, maxRC=8073.358148, +5 cols
    [CG]   [DIAG] iter=11 posCols=5 newCols=5 effImprove=5 updated=0
    [CG] CG iter 12: obj=2265288.587455, maxRC=2073.447600, +1 cols
    [CG]   [DIAG] iter=12 posCols=1 newCols=1 effImprove=1 updated=0
    [CG] CG iter 13: obj=2267362.035055, maxRC=1157.971388, +1 cols
    [CG]   [DIAG] iter=13 posCols=1 newCols=1 effImprove=1 updated=0
    [CG] 列生成收敛，共 14 轮迭代
    [CG] [CG-NODE] depth=0 exit=CERTIFIED certified=1 feasible=1 iters=14 generatedColsBeforeNode=0 newCols=232 posCandidates=234 duplicateCandidates=2 updatedCols=2 zeroObjImproveIters=2 objFirst=874419.566652 objLast=2267362.035055 objGain=1392942.468403 maxRC=1431645.439095 wallSec=0.178531 pricingSec=0.168088 cplexSolveSec=0.006090
      [BB] 根节点即为整数解，obj=2267362.035055
