    [CG] 列生成开始，初始列数=310
    [CG] CG iter 1: obj=882964.040217, maxRC=1430424.825426, +30 cols
    [CG]   [DIAG] iter=1 posCols=30 newCols=30 effImprove=30 updated=0
    [CG] CG iter 2: obj=1852939.635265, maxRC=257439.804160, +27 cols
    [CG]   [DIAG] iter=2 posCols=27 newCols=27 effImprove=27 updated=0
    [CG] CG iter 3: obj=1970122.082508, maxRC=316046.499602, +28 cols
    [CG]   [DIAG] iter=3 posCols=28 newCols=28 effImprove=28 updated=0
    [CG] CG iter 4: obj=2007715.339206, maxRC=207729.209927, +25 cols
    [CG]   [DIAG] iter=4 posCols=25 newCols=25 effImprove=25 updated=0
    [CG] CG iter 5: obj=2127562.350173, maxRC=116987.501527, +24 cols
    [CG]   [DIAG] iter=5 posCols=24 newCols=24 effImprove=24 updated=0
    [CG] CG iter 6: obj=2159125.460552, maxRC=100057.782351, +23 cols
    [CG]   [DIAG] iter=6 posCols=23 newCols=23 effImprove=23 updated=0
    [CG] CG iter 7: obj=2204071.143380, maxRC=77950.022996, +23 cols
    [CG]   [DIAG] iter=7 posCols=23 newCols=23 effImprove=23 updated=0
    [CG] CG iter 8: obj=2243366.366096, maxRC=82324.476603, +24 cols
    [CG]   [DIAG] iter=8 posCols=24 newCols=22 effImprove=24 updated=2
    [CG] CG iter 9: obj=2252435.063885, maxRC=16794.214923, +15 cols
    [CG]   [DIAG] iter=9 posCols=15 newCols=14 effImprove=15 updated=1
    [CG] CG iter 10: obj=2272017.759381, maxRC=5402.885049, +14 cols
    [CG]   [DIAG] iter=10 posCols=14 newCols=13 effImprove=14 updated=1
    [CG] CG iter 11: obj=2277420.644430, maxRC=2768.344902, +3 cols
    [CG]   [DIAG] iter=11 posCols=3 newCols=2 effImprove=3 updated=1
    [CG] 列生成收敛，共 12 轮迭代
    [CG] [CG-NODE] depth=0 exit=CERTIFIED certified=1 feasible=1 iters=12 generatedColsBeforeNode=0 newCols=231 posCandidates=236 duplicateCandidates=5 updatedCols=5 zeroObjImproveIters=1 objFirst=882964.040217 objLast=2277420.644430 objGain=1394456.604212 maxRC=1430424.825426 wallSec=0.185423 pricingSec=0.175273 cplexSolveSec=0.005879
      [BB] 根节点即为整数解，obj=2277420.644430
