    [CG] 列生成开始，初始列数=310
    [CG] CG iter 1: obj=880576.688788, maxRC=1440345.023097, +30 cols
    [CG]   [DIAG] iter=1 posCols=30 newCols=30 effImprove=30 updated=0
    [CG] CG iter 2: obj=1838073.717489, maxRC=235471.019033, +28 cols
    [CG]   [DIAG] iter=2 posCols=28 newCols=28 effImprove=28 updated=0
    [CG] CG iter 3: obj=1970605.763116, maxRC=260991.160486, +29 cols
    [CG]   [DIAG] iter=3 posCols=29 newCols=29 effImprove=29 updated=0
    [CG] CG iter 4: obj=2042433.226592, maxRC=247422.449505, +27 cols
    [CG]   [DIAG] iter=4 posCols=27 newCols=27 effImprove=27 updated=0
    [CG] CG iter 5: obj=2097863.103426, maxRC=121469.106928, +25 cols
    [CG]   [DIAG] iter=5 posCols=25 newCols=25 effImprove=25 updated=0
    [CG] CG iter 6: obj=2104562.049679, maxRC=125244.825598, +22 cols
    [CG]   [DIAG] iter=6 posCols=22 newCols=21 effImprove=22 updated=1
    [CG] CG iter 7: obj=2165454.909058, maxRC=74067.041254, +17 cols
    [CG]   [DIAG] iter=7 posCols=17 newCols=17 effImprove=17 updated=0
    [CG] CG iter 8: obj=2197646.515564, maxRC=86424.647190, +19 cols
    [CG]   [DIAG] iter=8 posCols=19 newCols=19 effImprove=19 updated=0
    [CG] CG iter 9: obj=2229521.720952, maxRC=67933.525130, +14 cols
    [CG]   [DIAG] iter=9 posCols=14 newCols=14 effImprove=14 updated=0
    [CG] CG iter 10: obj=2229521.720952, maxRC=26045.263239, +9 cols
    [CG]   [DIAG] iter=10 posCols=9 newCols=8 effImprove=9 updated=1
    [CG] CG iter 11: obj=2234893.771133, maxRC=32667.903640, +8 cols
    [CG]   [DIAG] iter=11 posCols=8 newCols=7 effImprove=8 updated=1
    [CG] CG iter 12: obj=2247018.895191, maxRC=13921.084082, +5 cols
    [CG]   [DIAG] iter=12 posCols=5 newCols=5 effImprove=5 updated=0
    [CG] CG iter 13: obj=2247018.895191, maxRC=10366.139697, +3 cols
    [CG]   [DIAG] iter=13 posCols=3 newCols=3 effImprove=3 updated=0
    [CG] CG iter 14: obj=2257385.034888, maxRC=2993.227122, +1 cols
    [CG]   [DIAG] iter=14 posCols=1 newCols=1 effImprove=1 updated=0
    [CG] CG iter 15: obj=2257385.034888, maxRC=2172.507719, +1 cols
    [CG]   [DIAG] iter=15 posCols=1 newCols=1 effImprove=1 updated=0
    [CG] CG iter 16: obj=2257385.034888, maxRC=3309.684759, +2 cols
    [CG]   [DIAG] iter=16 posCols=2 newCols=1 effImprove=2 updated=1
    [CG] 列生成收敛，共 17 轮迭代
    [CG] [CG-NODE] depth=0 exit=CERTIFIED certified=1 feasible=1 iters=17 generatedColsBeforeNode=0 newCols=236 posCandidates=240 duplicateCandidates=4 updatedCols=4 zeroObjImproveIters=5 objFirst=880576.688788 objLast=2257385.034888 objGain=1376808.346100 maxRC=1440345.023097 wallSec=0.158755 pricingSec=0.150149 cplexSolveSec=0.005620
      [BB] 根节点即为整数解，obj=2257385.034888
