    [CG] 列生成开始，初始列数=310
    [CG] CG iter 1: obj=695953.209390, maxRC=783149.609110, +30 cols
    [CG]   [DIAG] iter=1 posCols=30 newCols=30 effImprove=30 updated=0
    [CG] CG iter 2: obj=1065273.917192, maxRC=277666.590461, +21 cols
    [CG]   [DIAG] iter=2 posCols=21 newCols=21 effImprove=21 updated=0
    [CG] CG iter 3: obj=1300429.293866, maxRC=239171.509570, +19 cols
    [CG]   [DIAG] iter=3 posCols=19 newCols=19 effImprove=19 updated=0
    [CG] CG iter 4: obj=1312409.953388, maxRC=189817.051638, +18 cols
    [CG]   [DIAG] iter=4 posCols=18 newCols=18 effImprove=18 updated=0
    [CG] CG iter 5: obj=1356143.193138, maxRC=96197.440430, +17 cols
    [CG]   [DIAG] iter=5 posCols=17 newCols=17 effImprove=17 updated=0
    [CG] CG iter 6: obj=1426929.358469, maxRC=101714.763672, +18 cols
    [CG]   [DIAG] iter=6 posCols=18 newCols=18 effImprove=18 updated=0
    [CG] CG iter 7: obj=1456431.644375, maxRC=76539.415735, +15 cols
    [CG]   [DIAG] iter=7 posCols=15 newCols=15 effImprove=15 updated=0
    [CG] CG iter 8: obj=1470133.236158, maxRC=40345.514677, +14 cols
    [CG]   [DIAG] iter=8 posCols=14 newCols=14 effImprove=14 updated=0
    [CG] CG iter 9: obj=1470720.431948, maxRC=26605.411551, +9 cols
    [CG]   [DIAG] iter=9 posCols=9 newCols=9 effImprove=9 updated=0
    [CG] CG iter 10: obj=1474100.084555, maxRC=16815.873338, +10 cols
    [CG]   [DIAG] iter=10 posCols=10 newCols=10 effImprove=10 updated=0
    [CG] CG iter 11: obj=1480647.300429, maxRC=6682.996392, +6 cols
    [CG]   [DIAG] iter=11 posCols=6 newCols=6 effImprove=6 updated=0
    [CG] CG iter 12: obj=1483272.242643, maxRC=2296.618392, +4 cols
    [CG]   [DIAG] iter=12 posCols=4 newCols=4 effImprove=4 updated=0
    [CG] CG iter 13: obj=1483511.951634, maxRC=3668.579826, +3 cols
    [CG]   [DIAG] iter=13 posCols=3 newCols=3 effImprove=3 updated=0
    [CG] CG iter 14: obj=1483511.951634, maxRC=1418.059544, +1 cols
    [CG]   [DIAG] iter=14 posCols=1 newCols=1 effImprove=1 updated=0
    [CG] CG iter 15: obj=1483511.951634, maxRC=751.503928, +1 cols
    [CG]   [DIAG] iter=15 posCols=1 newCols=1 effImprove=1 updated=0
    [CG] CG iter 16: obj=1483511.951634, maxRC=457.849638, +1 cols
    [CG]   [DIAG] iter=16 posCols=1 newCols=1 effImprove=1 updated=0
    [CG] CG iter 17: obj=1483524.807463, maxRC=277.665889, +1 cols
    [CG]   [DIAG] iter=17 posCols=1 newCols=1 effImprove=1 updated=0
    [CG] 列生成收敛，共 18 轮迭代
    [CG] [CG-NODE] depth=0 exit=CERTIFIED certified=1 feasible=1 iters=18 generatedColsBeforeNode=0 newCols=188 posCandidates=188 duplicateCandidates=0 updatedCols=0 zeroObjImproveIters=4 objFirst=695953.209390 objLast=1483524.807463 objGain=787571.598073 maxRC=783149.609110 wallSec=0.109594 pricingSec=0.099017 cplexSolveSec=0.006267
      [BB] 根节点即为整数解，obj=1483524.807463
