    [CG] 列生成开始，初始列数=310
    [CG] CG iter 1: obj=741025.369266, maxRC=766426.314573, +30 cols
    [CG]   [DIAG] iter=1 posCols=30 newCols=30 effImprove=30 updated=0
    [CG] CG iter 2: obj=1087656.261561, maxRC=314529.063716, +23 cols
    [CG]   [DIAG] iter=2 posCols=23 newCols=23 effImprove=23 updated=0
    [CG] CG iter 3: obj=1391694.910676, maxRC=271256.078244, +22 cols
    [CG]   [DIAG] iter=3 posCols=22 newCols=22 effImprove=22 updated=0
    [CG] CG iter 4: obj=1411437.883374, maxRC=162699.856229, +18 cols
    [CG]   [DIAG] iter=4 posCols=18 newCols=18 effImprove=18 updated=0
    [CG] CG iter 5: obj=1465386.371491, maxRC=192587.198207, +17 cols
    [CG]   [DIAG] iter=5 posCols=17 newCols=17 effImprove=17 updated=0
    [CG] CG iter 6: obj=1523129.025331, maxRC=59498.038342, +17 cols
    [CG]   [DIAG] iter=6 posCols=17 newCols=17 effImprove=17 updated=0
    [CG] CG iter 7: obj=1523129.025331, maxRC=32851.520381, +16 cols
    [CG]   [DIAG] iter=7 posCols=16 newCols=16 effImprove=16 updated=0
    [CG] CG iter 8: obj=1535415.800937, maxRC=35438.823941, +13 cols
    [CG]   [DIAG] iter=8 posCols=13 newCols=13 effImprove=13 updated=0
    [CG] CG iter 9: obj=1562467.959784, maxRC=15818.599871, +12 cols
    [CG]   [DIAG] iter=9 posCols=12 newCols=12 effImprove=12 updated=0
    [CG] CG iter 10: obj=1562467.959784, maxRC=12984.008511, +5 cols
    [CG]   [DIAG] iter=10 posCols=5 newCols=5 effImprove=5 updated=0
    [CG] CG iter 11: obj=1562912.704431, maxRC=4326.338565, +4 cols
    [CG]   [DIAG] iter=11 posCols=4 newCols=3 effImprove=4 updated=1
    [CG] CG iter 12: obj=1567239.042996, maxRC=1712.229761, +5 cols
    [CG]   [DIAG] iter=12 posCols=5 newCols=5 effImprove=5 updated=0
    [CG] CG iter 13: obj=1567239.042996, maxRC=416.164871, +1 cols
    [CG]   [DIAG] iter=13 posCols=1 newCols=1 effImprove=1 updated=0
    [CG] CG iter 14: obj=1567655.207867, maxRC=465.071275, +1 cols
    [CG]   [DIAG] iter=14 posCols=1 newCols=1 effImprove=1 updated=0
    [CG] CG iter 15: obj=1567655.207867, maxRC=100.001276, +1 cols
    [CG]   [DIAG] iter=15 posCols=1 newCols=1 effImprove=1 updated=0
    [CG] 列生成收敛，共 16 轮迭代
    [CG] [CG-NODE] depth=0 exit=CERTIFIED certified=1 feasible=1 iters=16 generatedColsBeforeNode=0 newCols=184 posCandidates=185 duplicateCandidates=1 updatedCols=1 zeroObjImproveIters=5 objFirst=741025.369266 objLast=1567655.207867 objGain=826629.838601 maxRC=766426.314573 wallSec=0.061386 pricingSec=0.053515 cplexSolveSec=0.004698
      [BB] 根节点即为整数解，obj=1567655.207867
