    [CG] 列生成开始，初始列数=310
    [CG] CG iter 1: obj=185793.695079, maxRC=412637.481783, +21 cols
    [CG]   [DIAG] iter=1 posCols=21 newCols=21 effImprove=21 updated=0
    [CG] CG iter 2: obj=620699.416948, maxRC=230708.353652, +18 cols
    [CG]   [DIAG] iter=2 posCols=18 newCols=18 effImprove=18 updated=0
    [CG] CG iter 3: obj=620699.416948, maxRC=253735.928615, +15 cols
    [CG]   [DIAG] iter=3 posCols=15 newCols=15 effImprove=15 updated=0
    [CG] CG iter 4: obj=794848.147028, maxRC=164004.644896, +15 cols
    [CG]   [DIAG] iter=4 posCols=15 newCols=15 effImprove=15 updated=0
    [CG] CG iter 5: obj=809717.028406, maxRC=130134.804493, +13 cols
    [CG]   [DIAG] iter=5 posCols=13 newCols=13 effImprove=13 updated=0
    [CG] CG iter 6: obj=809717.028406, maxRC=121641.299308, +9 cols
    [CG]   [DIAG] iter=6 posCols=9 newCols=9 effImprove=9 updated=0
    [CG] CG iter 7: obj=810389.052165, maxRC=97320.869205, +9 cols
    [CG]   [DIAG] iter=7 posCols=9 newCols=9 effImprove=9 updated=0
    [CG] CG iter 8: obj=812690.959322, maxRC=69471.889168, +7 cols
    [CG]   [DIAG] iter=8 posCols=7 newCols=7 effImprove=7 updated=0
    [CG] CG iter 9: obj=812955.849148, maxRC=66981.851897, +8 cols
    [CG]   [DIAG] iter=9 posCols=8 newCols=8 effImprove=8 updated=0
    [CG] CG iter 10: obj=822739.796622, maxRC=34257.504119, +7 cols
    [CG]   [DIAG] iter=10 posCols=7 newCols=7 effImprove=7 updated=0
    [CG] CG iter 11: obj=835119.244700, maxRC=35793.834828, +7 cols
    [CG]   [DIAG] iter=11 posCols=7 newCols=7 effImprove=7 updated=0
    [CG] CG iter 12: obj=835119.244700, maxRC=18693.121254, +5 cols
    [CG]   [DIAG] iter=12 posCols=5 newCols=5 effImprove=5 updated=0
    [CG] CG iter 13: obj=835119.244700, maxRC=10303.940821, +3 cols
    [CG]   [DIAG] iter=13 posCols=3 newCols=3 effImprove=3 updated=0
    [CG] CG iter 14: obj=835119.244700, maxRC=7880.419411, +2 cols
    [CG]   [DIAG] iter=14 posCols=2 newCols=2 effImprove=2 updated=0
    [CG] CG iter 15: obj=835119.244700, maxRC=8277.358531, +3 cols
    [CG]   [DIAG] iter=15 posCols=3 newCols=3 effImprove=3 updated=0
    [CG] CG iter 16: obj=835119.244700, maxRC=7263.538684, +2 cols
    [CG]   [DIAG] iter=16 posCols=2 newCols=2 effImprove=2 updated=0
    [CG] CG iter 17: obj=842382.783384, maxRC=8179.680450, +2 cols
    [CG]   [DIAG] iter=17 posCols=2 newCols=2 effImprove=2 updated=0
    [CG] CG iter 18: obj=842382.783384, maxRC=3416.991987, +1 cols
    [CG]   [DIAG] iter=18 posCols=1 newCols=1 effImprove=1 updated=0
    [CG] CG iter 19: obj=842382.783384, maxRC=1861.783684, +1 cols
    [CG]   [DIAG] iter=19 posCols=1 newCols=1 effImprove=1 updated=0
    [CG] CG iter 20: obj=842382.783384, maxRC=1602.229009, +1 cols
    [CG]   [DIAG] iter=20 posCols=1 newCols=1 effImprove=1 updated=0
    [CG] CG iter 21: obj=842382.783384, maxRC=878.087422, +1 cols
    [CG]   [DIAG] iter=21 posCols=1 newCols=1 effImprove=1 updated=0
    [CG] CG iter 22: obj=842382.783384, maxRC=582.151527, +1 cols
    [CG]   [DIAG] iter=22 posCols=1 newCols=1 effImprove=1 updated=0
    [CG] 列生成收敛，共 23 轮迭代
    [CG] [CG-NODE] depth=0 exit=CERTIFIED certified=1 feasible=1 iters=23 generatedColsBeforeNode=0 newCols=151 posCandidates=151 duplicateCandidates=0 updatedCols=0 zeroObjImproveIters=13 objFirst=185793.695079 objLast=842382.783384 objGain=656589.088305 maxRC=412637.481783 wallSec=0.629349 pricingSec=0.618694 cplexSolveSec=0.006143
      [BB] 根节点即为整数解，obj=842382.783384
