    [CG] 列生成开始，初始列数=310
    [CG] CG iter 1: obj=741225.254264, maxRC=763624.029229, +30 cols
    [CG]   [DIAG] iter=1 posCols=30 newCols=30 effImprove=30 updated=0
    [CG] CG iter 2: obj=1087047.924974, maxRC=310207.467164, +23 cols
    [CG]   [DIAG] iter=2 posCols=23 newCols=23 effImprove=23 updated=0
    [CG] CG iter 3: obj=1355118.001879, maxRC=387799.978060, +21 cols
    [CG]   [DIAG] iter=3 posCols=21 newCols=21 effImprove=21 updated=0
    [CG] CG iter 4: obj=1400447.529631, maxRC=184598.081529, +19 cols
    [CG]   [DIAG] iter=4 posCols=19 newCols=19 effImprove=19 updated=0
    [CG] CG iter 5: obj=1476668.881242, maxRC=203556.239813, +18 cols
    [CG]   [DIAG] iter=5 posCols=18 newCols=18 effImprove=18 updated=0
    [CG] CG iter 6: obj=1476668.881242, maxRC=107085.046275, +17 cols
    [CG]   [DIAG] iter=6 posCols=17 newCols=17 effImprove=17 updated=0
    [CG] CG iter 7: obj=1530321.077637, maxRC=126901.105293, +15 cols
    [CG]   [DIAG] iter=7 posCols=15 newCols=15 effImprove=15 updated=0
    [CG] CG iter 8: obj=1551015.297277, maxRC=30424.835338, +13 cols
    [CG]   [DIAG] iter=8 posCols=13 newCols=13 effImprove=13 updated=0
    [CG] CG iter 9: obj=1551788.301052, maxRC=13938.022225, +10 cols
    [CG]   [DIAG] iter=9 posCols=10 newCols=10 effImprove=10 updated=0
    [CG] CG iter 10: obj=1556099.070782, maxRC=9370.111920, +8 cols
    [CG]   [DIAG] iter=10 posCols=8 newCols=8 effImprove=8 updated=0
    [CG] CG iter 11: obj=1566461.522215, maxRC=1791.109480, +4 cols
    [CG]   [DIAG] iter=11 posCols=4 newCols=4 effImprove=4 updated=0
    [CG] CG iter 12: obj=1566461.522215, maxRC=882.278015, +1 cols
    [CG]   [DIAG] iter=12 posCols=1 newCols=1 effImprove=1 updated=0
    [CG] CG iter 13: obj=1566461.522215, maxRC=430.768621, +1 cols
    [CG]   [DIAG] iter=13 posCols=1 newCols=1 effImprove=1 updated=0
    [CG] 列生成收敛，共 14 轮迭代
    [CG] [CG-NODE] depth=0 exit=CERTIFIED certified=1 feasible=1 iters=14 generatedColsBeforeNode=0 newCols=180 posCandidates=180 duplicateCandidates=0 updatedCols=0 zeroObjImproveIters=3 objFirst=741225.254264 objLast=1566892.290836 objGain=825667.036573 maxRC=763624.029229 wallSec=0.063196 pricingSec=0.054077 cplexSolveSec=0.005313
      [BB] 根节点即为整数解，obj=1566892.290836
