    [CG] 列生成开始，初始列数=310
    [CG] CG iter 1: obj=623107.324286, maxRC=399361.925549, +28 cols
    [CG]   [DIAG] iter=1 posCols=28 newCols=28 effImprove=28 updated=0
    [CG] CG iter 2: obj=931677.180877, maxRC=205037.787139, +25 cols
    [CG]   [DIAG] iter=2 posCols=25 newCols=25 effImprove=25 updated=0
    [CG] CG iter 3: obj=1030246.041666, maxRC=140957.375348, +24 cols
    [CG]   [DIAG] iter=3 posCols=24 newCols=24 effImprove=24 updated=0
    [CG] CG iter 4: obj=1158893.225627, maxRC=90512.781729, +24 cols
    [CG]   [DIAG] iter=4 posCols=24 newCols=24 effImprove=24 updated=0
    [CG] CG iter 5: obj=1198019.848781, maxRC=75848.328526, +23 cols
    [CG]   [DIAG] iter=5 posCols=23 newCols=22 effImprove=23 updated=1
    [CG] CG iter 6: obj=1238125.904981, maxRC=65142.827246, +23 cols
    [CG]   [DIAG] iter=6 posCols=23 newCols=22 effImprove=23 updated=1
    [CG] CG iter 7: obj=1278452.806312, maxRC=30639.009511, +17 cols
    [CG]   [DIAG] iter=7 posCols=17 newCols=17 effImprove=17 updated=0
    [CG] CG iter 8: obj=1296751.906516, maxRC=32333.507780, +14 cols
    [CG]   [DIAG] iter=8 posCols=14 newCols=12 effImprove=14 updated=2
    [CG] CG iter 9: obj=1309243.307557, maxRC=10819.162537, +10 cols
    [CG]   [DIAG] iter=9 posCols=10 newCols=10 effImprove=10 updated=0
    [CG] CG iter 10: obj=1315879.144983, maxRC=7374.068409, +6 cols
    [CG]   [DIAG] iter=10 posCols=6 newCols=5 effImprove=6 updated=1
    [CG] CG iter 11: obj=1317482.888106, maxRC=3236.941414, +5 cols
    [CG]   [DIAG] iter=11 posCols=5 newCols=5 effImprove=5 updated=0
    [CG] CG iter 12: obj=1317482.888106, maxRC=3065.869303, +1 cols
    [CG]   [DIAG] iter=12 posCols=1 newCols=1 effImprove=1 updated=0
    [CG] 列生成收敛，共 13 轮迭代
    [CG] [CG-NODE] depth=0 exit=CERTIFIED certified=1 feasible=1 iters=13 generatedColsBeforeNode=0 newCols=195 posCandidates=200 duplicateCandidates=5 updatedCols=5 zeroObjImproveIters=2 objFirst=623107.324286 objLast=1317482.888106 objGain=694375.563820 maxRC=399361.925549 wallSec=0.082078 pricingSec=0.070584 cplexSolveSec=0.006901
      [BB] 根节点即为整数解，obj=1317482.888106
