    [CG] 列生成开始，初始列数=310
    [CG] CG iter 1: obj=596204.264484, maxRC=400122.020470, +28 cols
    [CG]   [DIAG] iter=1 posCols=28 newCols=28 effImprove=28 updated=0
    [CG] CG iter 2: obj=906052.051635, maxRC=192761.640803, +25 cols
    [CG]   [DIAG] iter=2 posCols=25 newCols=25 effImprove=25 updated=0
    [CG] CG iter 3: obj=1007474.745796, maxRC=160761.774571, +21 cols
    [CG]   [DIAG] iter=3 posCols=21 newCols=21 effImprove=21 updated=0
    [CG] CG iter 4: obj=1066790.741375, maxRC=112421.531411, +22 cols
    [CG]   [DIAG] iter=4 posCols=22 newCols=22 effImprove=22 updated=0
    [CG] CG iter 5: obj=1241622.969654, maxRC=72901.634107, +22 cols
    [CG]   [DIAG] iter=5 posCols=22 newCols=22 effImprove=22 updated=0
    [CG] CG iter 6: obj=1243269.138198, maxRC=65676.124514, +20 cols
    [CG]   [DIAG] iter=6 posCols=20 newCols=20 effImprove=20 updated=0
    [CG] CG iter 7: obj=1266275.863683, maxRC=43575.862417, +18 cols
    [CG]   [DIAG] iter=7 posCols=18 newCols=18 effImprove=18 updated=0
    [CG] CG iter 8: obj=1279077.177575, maxRC=17656.920193, +13 cols
    [CG]   [DIAG] iter=8 posCols=13 newCols=13 effImprove=13 updated=0
    [CG] CG iter 9: obj=1292932.598309, maxRC=16845.515153, +14 cols
    [CG]   [DIAG] iter=9 posCols=14 newCols=12 effImprove=14 updated=2
    [CG] CG iter 10: obj=1303837.443622, maxRC=8588.307436, +4 cols
    [CG]   [DIAG] iter=10 posCols=4 newCols=2 effImprove=4 updated=2
    [CG] CG iter 11: obj=1308272.116363, maxRC=611.272615, +3 cols
    [CG]   [DIAG] iter=11 posCols=3 newCols=2 effImprove=3 updated=1
    [CG] CG iter 12: obj=1308272.116363, maxRC=121.431301, +1 cols
    [CG]   [DIAG] iter=12 posCols=1 newCols=1 effImprove=1 updated=0
    [CG] 列生成收敛，共 13 轮迭代
    [CG] [CG-NODE] depth=0 exit=CERTIFIED certified=1 feasible=1 iters=13 generatedColsBeforeNode=0 newCols=186 posCandidates=191 duplicateCandidates=5 updatedCols=5 zeroObjImproveIters=2 objFirst=596204.264484 objLast=1308272.116363 objGain=712067.851879 maxRC=400122.020470 wallSec=0.076498 pricingSec=0.067033 cplexSolveSec=0.005357
      [BB] 根节点即为整数解，obj=1308272.116363
