    [CG] 列生成开始，初始列数=310
    [CG] CG iter 1: obj=948315.130676, maxRC=1072944.718532, +30 cols
    [CG]   [DIAG] iter=1 posCols=30 newCols=30 effImprove=30 updated=0
    [CG] CG iter 2: obj=1639576.260342, maxRC=414123.100092, +30 cols
    [CG]   [DIAG] iter=2 posCols=30 newCols=30 effImprove=30 updated=0
    [CG] CG iter 3: obj=1854640.459574, maxRC=506655.717345, +30 cols
    [CG]   [DIAG] iter=3 posCols=30 newCols=30 effImprove=30 updated=0
    [CG] CG iter 4: obj=1904069.219395, maxRC=294139.994897, +29 cols
    [CG]   [DIAG] iter=4 posCols=29 newCols=29 effImprove=29 updated=0
    [CG] CG iter 5: obj=1968533.661501, maxRC=171790.232923, +26 cols
    [CG]   [DIAG] iter=5 posCols=26 newCols=26 effImprove=26 updated=0
    [CG] CG iter 6: obj=2038025.042956, maxRC=180923.257601, +27 cols
    [CG]   [DIAG] iter=6 posCols=27 newCols=27 effImprove=27 updated=0
    [CG] CG iter 7: obj=2119816.203244, maxRC=184031.534210, +20 cols
    [CG]   [DIAG] iter=7 posCols=20 newCols=19 effImprove=20 updated=1
    [CG] CG iter 8: obj=2175070.804334, maxRC=125484.626142, +15 cols
    [CG]   [DIAG] iter=8 posCols=15 newCols=14 effImprove=15 updated=1
    [CG] CG iter 9: obj=2231279.182891, maxRC=137689.570523, +11 cols
    [CG]   [DIAG] iter=9 posCols=11 newCols=11 effImprove=11 updated=0
    [CG] CG iter 10: obj=2239834.806389, maxRC=80743.049036, +17 cols
    [CG]   [DIAG] iter=10 posCols=17 newCols=17 effImprove=17 updated=0
    [CG] CG iter 11: obj=2249097.824146, maxRC=33756.347214, +11 cols
    [CG]   [DIAG] iter=11 posCols=11 newCols=10 effImprove=11 updated=1
    [CG] CG iter 12: obj=2291638.895461, maxRC=30913.088499, +7 cols
    [CG]   [DIAG] iter=12 posCols=7 newCols=7 effImprove=7 updated=0
    [CG] CG iter 13: obj=2291638.895461, maxRC=4082.660774, +2 cols
    [CG]   [DIAG] iter=13 posCols=2 newCols=2 effImprove=2 updated=0
    [CG] CG iter 14: obj=2291638.895461, maxRC=66.447405, +1 cols
    [CG]   [DIAG] iter=14 posCols=1 newCols=1 effImprove=1 updated=0
    [CG] 列生成收敛，共 15 轮迭代
    [CG] [CG-NODE] depth=0 exit=CERTIFIED certified=1 feasible=1 iters=15 generatedColsBeforeNode=0 newCols=253 posCandidates=256 duplicateCandidates=3 updatedCols=3 zeroObjImproveIters=3 objFirst=948315.130676 objLast=2291638.895461 objGain=1343323.764785 maxRC=1072944.718532 wallSec=0.126136 pricingSec=0.117457 cplexSolveSec=0.005526
      [BB] 根节点即为整数解，obj=2291638.895461
