    [CG] 列生成开始，初始列数=310
    [CG] CG iter 1: obj=892216.401838, maxRC=1132043.038885, +30 cols
    [CG]   [DIAG] iter=1 posCols=30 newCols=30 effImprove=30 updated=0
    [CG] CG iter 2: obj=1642502.722953, maxRC=369485.446962, +30 cols
    [CG]   [DIAG] iter=2 posCols=30 newCols=30 effImprove=30 updated=0
    [CG] CG iter 3: obj=1785907.439804, maxRC=505445.232440, +30 cols
    [CG]   [DIAG] iter=3 posCols=30 newCols=30 effImprove=30 updated=0
    [CG] CG iter 4: obj=1928189.264983, maxRC=268121.850487, +29 cols
    [CG]   [DIAG] iter=4 posCols=29 newCols=29 effImprove=29 updated=0
    [CG] CG iter 5: obj=2007548.854976, maxRC=200585.790282, +27 cols
    [CG]   [DIAG] iter=5 posCols=27 newCols=27 effImprove=27 updated=0
    [CG] CG iter 6: obj=2041817.527881, maxRC=165489.412695, +19 cols
    [CG]   [DIAG] iter=6 posCols=19 newCols=19 effImprove=19 updated=0
    [CG] CG iter 7: obj=2127004.890319, maxRC=130967.414786, +18 cols
    [CG]   [DIAG] iter=7 posCols=18 newCols=17 effImprove=18 updated=1
    [CG] CG iter 8: obj=2222382.021950, maxRC=231408.173082, +22 cols
    [CG]   [DIAG] iter=8 posCols=22 newCols=22 effImprove=22 updated=0
    [CG] CG iter 9: obj=2249778.083773, maxRC=90246.163395, +13 cols
    [CG]   [DIAG] iter=9 posCols=13 newCols=12 effImprove=13 updated=1
    [CG] CG iter 10: obj=2260239.968941, maxRC=82562.010376, +12 cols
    [CG]   [DIAG] iter=10 posCols=12 newCols=11 effImprove=12 updated=1
    [CG] CG iter 11: obj=2260239.968941, maxRC=74634.055139, +13 cols
    [CG]   [DIAG] iter=11 posCols=13 newCols=12 effImprove=13 updated=1
    [CG] CG iter 12: obj=2284676.827185, maxRC=49567.048065, +5 cols
    [CG]   [DIAG] iter=12 posCols=5 newCols=4 effImprove=5 updated=1
    [CG] CG iter 13: obj=2290373.606978, maxRC=26139.255722, +4 cols
    [CG]   [DIAG] iter=13 posCols=4 newCols=4 effImprove=4 updated=0
    [CG] CG iter 14: obj=2290373.606978, maxRC=37519.296033, +3 cols
    [CG]   [DIAG] iter=14 posCols=3 newCols=3 effImprove=3 updated=0
    [CG] CG iter 15: obj=2290373.606978, maxRC=20765.539556, +3 cols
    [CG]   [DIAG] iter=15 posCols=3 newCols=3 effImprove=3 updated=0
    [CG] CG iter 16: obj=2290373.606978, maxRC=19738.975989, +3 cols
    [CG]   [DIAG] iter=16 posCols=3 newCols=3 effImprove=3 updated=0
    [CG] CG iter 17: obj=2290373.606978, maxRC=13716.173749, +3 cols
    [CG]   [DIAG] iter=17 posCols=3 newCols=3 effImprove=3 updated=0
    [CG] CG iter 18: obj=2290373.606978, maxRC=5495.971848, +3 cols
    [CG]   [DIAG] iter=18 posCols=3 newCols=3 effImprove=3 updated=0
    [CG] CG iter 19: obj=2290373.606978, maxRC=3902.404126, +3 cols
    [CG]   [DIAG] iter=19 posCols=3 newCols=3 effImprove=3 updated=0
    [CG] CG iter 20: obj=2292669.163498, maxRC=2025.992446, +2 cols
    [CG]   [DIAG] iter=20 posCols=2 newCols=2 effImprove=2 updated=0
    [CG] CG iter 21: obj=2292669.163498, maxRC=1635.271993, +1 cols
    [CG]   [DIAG] iter=21 posCols=1 newCols=1 effImprove=1 updated=0
    [CG] CG iter 22: obj=2292669.163498, maxRC=688.318986, +1 cols
    [CG]   [DIAG] iter=22 posCols=1 newCols=1 effImprove=1 updated=0
    [CG] CG iter 23: obj=2292669.163498, maxRC=878.180390, +1 cols
    [CG]   [DIAG] iter=23 posCols=1 newCols=1 effImprove=1 updated=0
    [CG] CG iter 24: obj=2292669.163498, maxRC=270.440462, +1 cols
    [CG]   [DIAG] iter=24 posCols=1 newCols=1 effImprove=1 updated=0
    [CG] 列生成收敛，共 25 轮迭代
    [CG] [CG-NODE] depth=0 exit=CERTIFIED certified=1 feasible=1 iters=25 generatedColsBeforeNode=0 newCols=271 posCandidates=276 duplicateCandidates=5 updatedCols=5 zeroObjImproveIters=12 objFirst=892216.401838 objLast=2292669.163498 objGain=1400452.761661 maxRC=1132043.038885 wallSec=0.170555 pricingSec=0.156341 cplexSolveSec=0.009149
      [BB] 根节点即为整数解，obj=2292669.163498
