    [CG] 列生成开始，初始列数=310
    [CG] CG iter 1: obj=821648.238592, maxRC=1047813.102296, +30 cols
    [CG]   [DIAG] iter=1 posCols=30 newCols=30 effImprove=30 updated=0
    [CG] CG iter 2: obj=1570898.296344, maxRC=431147.500126, +30 cols
    [CG]   [DIAG] iter=2 posCols=30 newCols=30 effImprove=30 updated=0
    [CG] CG iter 3: obj=1743800.091705, maxRC=473141.621940, +30 cols
    [CG]   [DIAG] iter=3 posCols=30 newCols=30 effImprove=30 updated=0
    [CG] CG iter 4: obj=1846598.577486, maxRC=225879.949280, +26 cols
    [CG]   [DIAG] iter=4 posCols=26 newCols=26 effImprove=26 updated=0
    [CG] CG iter 5: obj=1904118.794873, maxRC=257322.798765, +27 cols
    [CG]   [DIAG] iter=5 posCols=27 newCols=27 effImprove=27 updated=0
    [CG] CG iter 6: obj=1976807.238225, maxRC=179542.517813, +23 cols
    [CG]   [DIAG] iter=6 posCols=23 newCols=23 effImprove=23 updated=0
    [CG] CG iter 7: obj=2055346.237689, maxRC=185074.781868, +20 cols
    [CG]   [DIAG] iter=7 posCols=20 newCols=20 effImprove=20 updated=0
    [CG] CG iter 8: obj=2083402.810667, maxRC=134249.381490, +21 cols
    [CG]   [DIAG] iter=8 posCols=21 newCols=20 effImprove=21 updated=1
    [CG] CG iter 9: obj=2124766.464211, maxRC=181810.157497, +21 cols
    [CG]   [DIAG] iter=9 posCols=21 newCols=21 effImprove=21 updated=0
    [CG] CG iter 10: obj=2161608.579999, maxRC=100507.447971, +16 cols
    [CG]   [DIAG] iter=10 posCols=16 newCols=16 effImprove=16 updated=0
    [CG] CG iter 11: obj=2204053.420772, maxRC=81562.359304, +16 cols
    [CG]   [DIAG] iter=11 posCols=16 newCols=16 effImprove=16 updated=0
    [CG] CG iter 12: obj=2210295.150308, maxRC=169215.679011, +19 cols
    [CG]   [DIAG] iter=12 posCols=19 newCols=19 effImprove=19 updated=0
    [CG] CG iter 13: obj=2214137.627931, maxRC=64585.998407, +10 cols
    [CG]   [DIAG] iter=13 posCols=10 newCols=10 effImprove=10 updated=0
    [CG] CG iter 14: obj=2219424.273228, maxRC=48240.762765, +11 cols
    [CG]   [DIAG] iter=14 posCols=11 newCols=11 effImprove=11 updated=0
    [CG] CG iter 15: obj=2231569.732483, maxRC=32195.288790, +13 cols
    [CG]   [DIAG] iter=15 posCols=13 newCols=13 effImprove=13 updated=0
    [CG] CG iter 16: obj=2258512.123283, maxRC=24097.961499, +10 cols
    [CG]   [DIAG] iter=16 posCols=10 newCols=10 effImprove=10 updated=0
    [CG] CG iter 17: obj=2258512.123283, maxRC=24620.744548, +9 cols
    [CG]   [DIAG] iter=17 posCols=9 newCols=9 effImprove=9 updated=0
    [CG] CG iter 18: obj=2258512.123283, maxRC=31034.377363, +9 cols
    [CG]   [DIAG] iter=18 posCols=9 newCols=9 effImprove=9 updated=0
    [CG] CG iter 19: obj=2258512.123283, maxRC=18071.337446, +7 cols
    [CG]   [DIAG] iter=19 posCols=7 newCols=6 effImprove=7 updated=1
    [CG] CG iter 20: obj=2263978.300785, maxRC=16898.479858, +6 cols
    [CG]   [DIAG] iter=20 posCols=6 newCols=5 effImprove=6 updated=1
    [CG] CG iter 21: obj=2263978.300785, maxRC=12572.086800, +6 cols
    [CG]   [DIAG] iter=21 posCols=6 newCols=6 effImprove=6 updated=0
    [CG] CG iter 22: obj=2276547.770090, maxRC=5248.093340, +3 cols
    [CG]   [DIAG] iter=22 posCols=3 newCols=2 effImprove=3 updated=1
    [CG] CG iter 23: obj=2276547.770090, maxRC=6908.973224, +3 cols
    [CG]   [DIAG] iter=23 posCols=3 newCols=3 effImprove=3 updated=0
    [CG] CG iter 24: obj=2276547.770090, maxRC=3914.102644, +4 cols
    [CG]   [DIAG] iter=24 posCols=4 newCols=3 effImprove=4 updated=1
    [CG] CG iter 25: obj=2276547.770090, maxRC=241.441929, +1 cols
    [CG]   [DIAG] iter=25 posCols=1 newCols=1 effImprove=1 updated=0
    [CG] CG iter 26: obj=2276547.770090, maxRC=84.177024, +1 cols
    [CG]   [DIAG] iter=26 posCols=1 newCols=1 effImprove=1 updated=0
    [CG] 列生成收敛，共 27 轮迭代
    [CG] [CG-NODE] depth=0 exit=CERTIFIED certified=1 feasible=1 iters=27 generatedColsBeforeNode=0 newCols=367 posCandidates=372 duplicateCandidates=5 updatedCols=5 zeroObjImproveIters=9 objFirst=821648.238592 objLast=2276547.770090 objGain=1454899.531497 maxRC=1047813.102296 wallSec=0.259228 pricingSec=0.241348 cplexSolveSec=0.011559
      [BB] 根节点即为整数解，obj=2276547.770090
