    [CG] 列生成开始，初始列数=310
    [CG] CG iter 1: obj=889273.647153, maxRC=1132043.038885, +30 cols
    [CG]   [DIAG] iter=1 posCols=30 newCols=30 effImprove=30 updated=0
    [CG] CG iter 2: obj=1646607.854456, maxRC=431105.019830, +30 cols
    [CG]   [DIAG] iter=2 posCols=30 newCols=30 effImprove=30 updated=0
    [CG] CG iter 3: obj=1779986.701700, maxRC=506597.355609, +30 cols
    [CG]   [DIAG] iter=3 posCols=30 newCols=30 effImprove=30 updated=0
    [CG] CG iter 4: obj=1918815.072569, maxRC=274086.378791, +27 cols
    [CG]   [DIAG] iter=4 posCols=27 newCols=27 effImprove=27 updated=0
    [CG] CG iter 5: obj=1940676.447014, maxRC=237666.372807, +27 cols
    [CG]   [DIAG] iter=5 posCols=27 newCols=25 effImprove=27 updated=2
    [CG] CG iter 6: obj=2059464.966381, maxRC=185584.492168, +24 cols
    [CG]   [DIAG] iter=6 posCols=24 newCols=24 effImprove=24 updated=0
    [CG] CG iter 7: obj=2128111.620856, maxRC=123129.567525, +20 cols
    [CG]   [DIAG] iter=7 posCols=20 newCols=20 effImprove=20 updated=0
    [CG] CG iter 8: obj=2149867.302330, maxRC=114827.739233, +12 cols
    [CG]   [DIAG] iter=8 posCols=12 newCols=12 effImprove=12 updated=0
    [CG] CG iter 9: obj=2169005.258869, maxRC=135672.727513, +15 cols
    [CG]   [DIAG] iter=9 posCols=15 newCols=15 effImprove=15 updated=0
    [CG] CG iter 10: obj=2209563.551625, maxRC=77986.834299, +13 cols
    [CG]   [DIAG] iter=10 posCols=13 newCols=13 effImprove=13 updated=0
    [CG] CG iter 11: obj=2217358.358882, maxRC=79041.436661, +11 cols
    [CG]   [DIAG] iter=11 posCols=11 newCols=11 effImprove=11 updated=0
    [CG] CG iter 12: obj=2219954.778487, maxRC=35763.324576, +9 cols
    [CG]   [DIAG] iter=12 posCols=9 newCols=9 effImprove=9 updated=0
    [CG] CG iter 13: obj=2246390.168726, maxRC=44669.494633, +7 cols
    [CG]   [DIAG] iter=13 posCols=7 newCols=7 effImprove=7 updated=0
    [CG] CG iter 14: obj=2251048.482067, maxRC=51102.865894, +11 cols
    [CG]   [DIAG] iter=14 posCols=11 newCols=11 effImprove=11 updated=0
    [CG] CG iter 15: obj=2271745.553184, maxRC=29529.852873, +10 cols
    [CG]   [DIAG] iter=15 posCols=10 newCols=10 effImprove=10 updated=0
    [CG] CG iter 16: obj=2277180.832329, maxRC=8051.661445, +4 cols
    [CG]   [DIAG] iter=16 posCols=4 newCols=4 effImprove=4 updated=0
    [CG] CG iter 17: obj=2284069.101340, maxRC=2978.460060, +1 cols
    [CG]   [DIAG] iter=17 posCols=1 newCols=1 effImprove=1 updated=0
    [CG] 列生成收敛，共 18 轮迭代
    [CG] [CG-NODE] depth=0 exit=CERTIFIED certified=1 feasible=1 iters=18 generatedColsBeforeNode=0 newCols=279 posCandidates=281 duplicateCandidates=2 updatedCols=2 zeroObjImproveIters=1 objFirst=889273.647153 objLast=2284069.101340 objGain=1394795.454187 maxRC=1132043.038885 wallSec=0.164127 pricingSec=0.153692 cplexSolveSec=0.007036
      [BB] 根节点即为整数解，obj=2284069.101340
