    [CG] 列生成开始，初始列数=310
    [CG] CG iter 1: obj=895530.188239, maxRC=980926.680233, +30 cols
    [CG]   [DIAG] iter=1 posCols=30 newCols=30 effImprove=30 updated=0
    [CG] CG iter 2: obj=1620167.534659, maxRC=557294.030150, +30 cols
    [CG]   [DIAG] iter=2 posCols=30 newCols=30 effImprove=30 updated=0
    [CG] CG iter 3: obj=1797774.680176, maxRC=346011.495363, +30 cols
    [CG]   [DIAG] iter=3 posCols=30 newCols=30 effImprove=30 updated=0
    [CG] CG iter 4: obj=1871683.589465, maxRC=356158.893438, +28 cols
    [CG]   [DIAG] iter=4 posCols=28 newCols=28 effImprove=28 updated=0
    [CG] CG iter 5: obj=1902589.400236, maxRC=221292.393214, +28 cols
    [CG]   [DIAG] iter=5 posCols=28 newCols=28 effImprove=28 updated=0
    [CG] CG iter 6: obj=1990602.807373, maxRC=178768.644304, +26 cols
    [CG]   [DIAG] iter=6 posCols=26 newCols=26 effImprove=26 updated=0
    [CG] CG iter 7: obj=2018610.267653, maxRC=154899.316070, +21 cols
    [CG]   [DIAG] iter=7 posCols=21 newCols=21 effImprove=21 updated=0
    [CG] CG iter 8: obj=2037395.447759, maxRC=122754.025866, +21 cols
    [CG]   [DIAG] iter=8 posCols=21 newCols=21 effImprove=21 updated=0
    [CG] CG iter 9: obj=2126083.508287, maxRC=129558.624168, +22 cols
    [CG]   [DIAG] iter=9 posCols=22 newCols=22 effImprove=22 updated=0
    [CG] CG iter 10: obj=2172573.996688, maxRC=86245.556444, +17 cols
    [CG]   [DIAG] iter=10 posCols=17 newCols=17 effImprove=17 updated=0
    [CG] CG iter 11: obj=2223091.389179, maxRC=45812.082099, +9 cols
    [CG]   [DIAG] iter=11 posCols=9 newCols=9 effImprove=9 updated=0
    [CG] CG iter 12: obj=2246834.272693, maxRC=50961.545050, +6 cols
    [CG]   [DIAG] iter=12 posCols=6 newCols=6 effImprove=6 updated=0
    [CG] CG iter 13: obj=2249177.789804, maxRC=35099.936088, +5 cols
    [CG]   [DIAG] iter=13 posCols=5 newCols=4 effImprove=5 updated=1
    [CG] CG iter 14: obj=2266727.757848, maxRC=15835.673923, +3 cols
    [CG]   [DIAG] iter=14 posCols=3 newCols=2 effImprove=3 updated=1
    [CG] CG iter 15: obj=2282563.431771, maxRC=11967.538453, +2 cols
    [CG]   [DIAG] iter=15 posCols=2 newCols=1 effImprove=2 updated=1
    [CG] 列生成收敛，共 16 轮迭代
    [CG] [CG-NODE] depth=0 exit=CERTIFIED certified=1 feasible=1 iters=16 generatedColsBeforeNode=0 newCols=275 posCandidates=278 duplicateCandidates=3 updatedCols=3 zeroObjImproveIters=1 objFirst=895530.188239 objLast=2282563.431771 objGain=1387033.243532 maxRC=980926.680233 wallSec=0.201579 pricingSec=0.170612 cplexSolveSec=0.007836
      [BB] 根节点即为整数解，obj=2282563.431771
