    [CG] 列生成开始，初始列数=310
    [CG] CG iter 1: obj=957254.394890, maxRC=990671.993484, +30 cols
    [CG]   [DIAG] iter=1 posCols=30 newCols=30 effImprove=30 updated=0
    [CG] CG iter 2: obj=1647958.725083, maxRC=393795.392300, +30 cols
    [CG]   [DIAG] iter=2 posCols=30 newCols=30 effImprove=30 updated=0
    [CG] CG iter 3: obj=1920898.667939, maxRC=418225.316924, +30 cols
    [CG]   [DIAG] iter=3 posCols=30 newCols=30 effImprove=30 updated=0
    [CG] CG iter 4: obj=1959733.950010, maxRC=244884.358810, +28 cols
    [CG]   [DIAG] iter=4 posCols=28 newCols=28 effImprove=28 updated=0
    [CG] CG iter 5: obj=2023341.130148, maxRC=147883.461823, +24 cols
    [CG]   [DIAG] iter=5 posCols=24 newCols=24 effImprove=24 updated=0
    [CG] CG iter 6: obj=2071558.446597, maxRC=153257.231674, +23 cols
    [CG]   [DIAG] iter=6 posCols=23 newCols=23 effImprove=23 updated=0
    [CG] CG iter 7: obj=2179478.351296, maxRC=112937.617097, +23 cols
    [CG]   [DIAG] iter=7 posCols=23 newCols=23 effImprove=23 updated=0
    [CG] CG iter 8: obj=2237033.104405, maxRC=149103.743330, +18 cols
    [CG]   [DIAG] iter=8 posCols=18 newCols=15 effImprove=18 updated=3
    [CG] CG iter 9: obj=2241364.618050, maxRC=65146.415388, +12 cols
    [CG]   [DIAG] iter=9 posCols=12 newCols=12 effImprove=12 updated=0
    [CG] CG iter 10: obj=2271538.458130, maxRC=47079.931540, +12 cols
    [CG]   [DIAG] iter=10 posCols=12 newCols=11 effImprove=12 updated=1
    [CG] CG iter 11: obj=2271538.458130, maxRC=25225.775380, +9 cols
    [CG]   [DIAG] iter=11 posCols=9 newCols=9 effImprove=9 updated=0
    [CG] CG iter 12: obj=2296764.233509, maxRC=14622.957708, +5 cols
    [CG]   [DIAG] iter=12 posCols=5 newCols=5 effImprove=5 updated=0
    [CG] CG iter 13: obj=2296764.233509, maxRC=7461.174055, +3 cols
    [CG]   [DIAG] iter=13 posCols=3 newCols=3 effImprove=3 updated=0
    [CG] 列生成收敛，共 14 轮迭代
    [CG] [CG-NODE] depth=0 exit=CERTIFIED certified=1 feasible=1 iters=14 generatedColsBeforeNode=0 newCols=243 posCandidates=247 duplicateCandidates=4 updatedCols=4 zeroObjImproveIters=3 objFirst=957254.394890 objLast=2296764.233509 objGain=1339509.838619 maxRC=990671.993484 wallSec=0.151263 pricingSec=0.122457 cplexSolveSec=0.006950
      [BB] 根节点即为整数解，obj=2296764.233509
