    [CG] 列生成开始，初始列数=310
    [CG] CG iter 1: obj=639916.666009, maxRC=1244445.650095, +30 cols
    [CG]   [DIAG] iter=1 posCols=30 newCols=30 effImprove=30 updated=0
    [CG] CG iter 2: obj=1478028.425898, maxRC=454522.534134, +30 cols
    [CG]   [DIAG] iter=2 posCols=30 newCols=30 effImprove=30 updated=0
    [CG] CG iter 3: obj=1596393.766662, maxRC=551244.146770, +30 cols
    [CG]   [DIAG] iter=3 posCols=30 newCols=30 effImprove=30 updated=0
    [CG] CG iter 4: obj=1644895.800050, maxRC=380026.653961, +30 cols
    [CG]   [DIAG] iter=4 posCols=30 newCols=30 effImprove=30 updated=0
    [CG] CG iter 5: obj=1652081.233589, maxRC=329542.841394, +27 cols
    [CG]   [DIAG] iter=5 posCols=27 newCols=27 effImprove=27 updated=0
    [CG] CG iter 6: obj=1746918.275229, maxRC=311102.595421, +26 cols
    [CG]   [DIAG] iter=6 posCols=26 newCols=26 effImprove=26 updated=0
    [CG] CG iter 7: obj=1767081.983147, maxRC=206805.036513, +20 cols
    [CG]   [DIAG] iter=7 posCols=20 newCols=19 effImprove=20 updated=1
    [CG] CG iter 8: obj=1809627.909565, maxRC=186635.331861, +17 cols
    [CG]   [DIAG] iter=8 posCols=17 newCols=17 effImprove=17 updated=0
    [CG] CG iter 9: obj=1850421.020428, maxRC=153776.919523, +15 cols
    [CG]   [DIAG] iter=9 posCols=15 newCols=15 effImprove=15 updated=0
    [CG] CG iter 10: obj=1892440.689946, maxRC=134590.585953, +16 cols
    [CG]   [DIAG] iter=10 posCols=16 newCols=15 effImprove=16 updated=1
    [CG] CG iter 11: obj=1893773.830610, maxRC=92125.160430, +13 cols
    [CG]   [DIAG] iter=11 posCols=13 newCols=13 effImprove=13 updated=0
    [CG] CG iter 12: obj=1902863.950225, maxRC=67006.088074, +9 cols
    [CG]   [DIAG] iter=12 posCols=9 newCols=9 effImprove=9 updated=0
    [CG] CG iter 13: obj=1912204.276462, maxRC=122151.561577, +11 cols
    [CG]   [DIAG] iter=13 posCols=11 newCols=11 effImprove=11 updated=0
    [CG] CG iter 14: obj=1935679.456316, maxRC=76120.600771, +8 cols
    [CG]   [DIAG] iter=14 posCols=8 newCols=8 effImprove=8 updated=0
    [CG] CG iter 15: obj=1942867.309233, maxRC=60023.963072, +10 cols
    [CG]   [DIAG] iter=15 posCols=10 newCols=10 effImprove=10 updated=0
    [CG] CG iter 16: obj=1966213.058907, maxRC=38972.675359, +10 cols
    [CG]   [DIAG] iter=16 posCols=10 newCols=9 effImprove=10 updated=1
    [CG] CG iter 17: obj=1966213.058907, maxRC=36189.501670, +7 cols
    [CG]   [DIAG] iter=17 posCols=7 newCols=7 effImprove=7 updated=0
    [CG] CG iter 18: obj=1966213.058907, maxRC=25642.393550, +7 cols
    [CG]   [DIAG] iter=18 posCols=7 newCols=7 effImprove=7 updated=0
    [CG] CG iter 19: obj=1971220.130171, maxRC=37607.940271, +7 cols
    [CG]   [DIAG] iter=19 posCols=7 newCols=7 effImprove=7 updated=0
    [CG] CG iter 20: obj=1980118.871040, maxRC=27263.776386, +7 cols
    [CG]   [DIAG] iter=20 posCols=7 newCols=7 effImprove=7 updated=0
    [CG] CG iter 21: obj=1980118.871040, maxRC=17988.622470, +5 cols
    [CG]   [DIAG] iter=21 posCols=5 newCols=5 effImprove=5 updated=0
    [CG] CG iter 22: obj=1980118.871040, maxRC=10957.179011, +5 cols
    [CG]   [DIAG] iter=22 posCols=5 newCols=5 effImprove=5 updated=0
    [CG] CG iter 23: obj=1982416.684056, maxRC=6356.748778, +2 cols
    [CG]   [DIAG] iter=23 posCols=2 newCols=2 effImprove=2 updated=0
    [CG] CG iter 24: obj=1988773.432835, maxRC=9655.467859, +2 cols
    [CG]   [DIAG] iter=24 posCols=2 newCols=2 effImprove=2 updated=0
    [CG] CG iter 25: obj=1988773.432835, maxRC=2962.123865, +1 cols
    [CG]   [DIAG] iter=25 posCols=1 newCols=1 effImprove=1 updated=0
    [CG] CG iter 26: obj=1988773.432835, maxRC=2094.768717, +2 cols
    [CG]   [DIAG] iter=26 posCols=2 newCols=2 effImprove=2 updated=0
    [CG] 列生成收敛，共 27 轮迭代
    [CG] [CG-NODE] depth=0 exit=CERTIFIED certified=1 feasible=1 iters=27 generatedColsBeforeNode=0 newCols=344 posCandidates=347 duplicateCandidates=3 updatedCols=3 zeroObjImproveIters=7 objFirst=639916.666009 objLast=1988773.432835 objGain=1348856.766826 maxRC=1244445.650095 wallSec=0.433970 pricingSec=0.396383 cplexSolveSec=0.011580
      [BB] 根节点即为整数解，obj=1988773.432835
