    [CG] 列生成开始，初始列数=310
    [CG] CG iter 1: obj=624559.814929, maxRC=1244335.356044, +30 cols
    [CG]   [DIAG] iter=1 posCols=30 newCols=30 effImprove=30 updated=0
    [CG] CG iter 2: obj=1494680.147481, maxRC=294027.603912, +25 cols
    [CG]   [DIAG] iter=2 posCols=25 newCols=25 effImprove=25 updated=0
    [CG] CG iter 3: obj=1534495.079357, maxRC=438701.892011, +30 cols
    [CG]   [DIAG] iter=3 posCols=30 newCols=30 effImprove=30 updated=0
    [CG] CG iter 4: obj=1668889.464395, maxRC=533823.222068, +30 cols
    [CG]   [DIAG] iter=4 posCols=30 newCols=30 effImprove=30 updated=0
    [CG] CG iter 5: obj=1745530.843229, maxRC=296691.692417, +26 cols
    [CG]   [DIAG] iter=5 posCols=26 newCols=26 effImprove=26 updated=0
    [CG] CG iter 6: obj=1806081.400537, maxRC=194527.199256, +20 cols
    [CG]   [DIAG] iter=6 posCols=20 newCols=20 effImprove=20 updated=0
    [CG] CG iter 7: obj=1833255.769719, maxRC=260134.277733, +24 cols
    [CG]   [DIAG] iter=7 posCols=24 newCols=24 effImprove=24 updated=0
    [CG] CG iter 8: obj=1841684.810569, maxRC=164765.469772, +23 cols
    [CG]   [DIAG] iter=8 posCols=23 newCols=23 effImprove=23 updated=0
    [CG] CG iter 9: obj=1864469.769281, maxRC=118636.622920, +18 cols
    [CG]   [DIAG] iter=9 posCols=18 newCols=18 effImprove=18 updated=0
    [CG] CG iter 10: obj=1893723.735679, maxRC=139106.166001, +17 cols
    [CG]   [DIAG] iter=10 posCols=17 newCols=16 effImprove=17 updated=1
    [CG] CG iter 11: obj=1908760.395390, maxRC=59935.767780, +18 cols
    [CG]   [DIAG] iter=11 posCols=18 newCols=16 effImprove=18 updated=2
    [CG] CG iter 12: obj=1934472.359107, maxRC=90151.162302, +11 cols
    [CG]   [DIAG] iter=12 posCols=11 newCols=11 effImprove=11 updated=0
    [CG] CG iter 13: obj=1948613.083005, maxRC=69351.258213, +13 cols
    [CG]   [DIAG] iter=13 posCols=13 newCols=13 effImprove=13 updated=0
    [CG] CG iter 14: obj=1957182.018513, maxRC=69557.631171, +11 cols
    [CG]   [DIAG] iter=14 posCols=11 newCols=11 effImprove=11 updated=0
    [CG] CG iter 15: obj=1966006.823628, maxRC=45785.388565, +11 cols
    [CG]   [DIAG] iter=15 posCols=11 newCols=11 effImprove=11 updated=0
    [CG] CG iter 16: obj=1973600.168105, maxRC=39203.937005, +9 cols
    [CG]   [DIAG] iter=16 posCols=9 newCols=9 effImprove=9 updated=0
    [CG] CG iter 17: obj=1978356.768606, maxRC=46263.141932, +8 cols
    [CG]   [DIAG] iter=17 posCols=8 newCols=8 effImprove=8 updated=0
    [CG] CG iter 18: obj=1986881.414782, maxRC=62677.193524, +6 cols
    [CG]   [DIAG] iter=18 posCols=6 newCols=6 effImprove=6 updated=0
    [CG] CG iter 19: obj=1990929.474414, maxRC=69266.088343, +10 cols
    [CG]   [DIAG] iter=19 posCols=10 newCols=10 effImprove=10 updated=0
    [CG] CG iter 20: obj=1990929.474414, maxRC=59148.053081, +8 cols
    [CG]   [DIAG] iter=20 posCols=8 newCols=8 effImprove=8 updated=0
    [CG] CG iter 21: obj=1994624.634034, maxRC=37482.620751, +6 cols
    [CG]   [DIAG] iter=21 posCols=6 newCols=6 effImprove=6 updated=0
    [CG] CG iter 22: obj=1994624.634034, maxRC=28815.341239, +6 cols
    [CG]   [DIAG] iter=22 posCols=6 newCols=6 effImprove=6 updated=0
    [CG] CG iter 23: obj=2001086.753250, maxRC=46500.959958, +7 cols
    [CG]   [DIAG] iter=23 posCols=7 newCols=7 effImprove=7 updated=0
    [CG] CG iter 24: obj=2001086.753250, maxRC=51149.845737, +5 cols
    [CG]   [DIAG] iter=24 posCols=5 newCols=5 effImprove=5 updated=0
    [CG] CG iter 25: obj=2001086.753250, maxRC=42448.447711, +4 cols
    [CG]   [DIAG] iter=25 posCols=4 newCols=4 effImprove=4 updated=0
    [CG] CG iter 26: obj=2001086.753250, maxRC=35779.445557, +4 cols
    [CG]   [DIAG] iter=26 posCols=4 newCols=4 effImprove=4 updated=0
    [CG] CG iter 27: obj=2001086.753250, maxRC=33323.049717, +4 cols
    [CG]   [DIAG] iter=27 posCols=4 newCols=4 effImprove=4 updated=0
    [CG] CG iter 28: obj=2001358.244754, maxRC=36816.389391, +3 cols
    [CG]   [DIAG] iter=28 posCols=3 newCols=3 effImprove=3 updated=0
    [CG] CG iter 29: obj=2001358.244754, maxRC=21844.233546, +3 cols
    [CG]   [DIAG] iter=29 posCols=3 newCols=3 effImprove=3 updated=0
    [CG] CG iter 30: obj=2003178.597550, maxRC=18806.173698, +5 cols
    [CG]   [DIAG] iter=30 posCols=5 newCols=5 effImprove=5 updated=0
    [CG] CG iter 31: obj=2003178.597550, maxRC=16211.043890, +4 cols
    [CG]   [DIAG] iter=31 posCols=4 newCols=4 effImprove=4 updated=0
    [CG] CG iter 32: obj=2003178.597550, maxRC=18330.904489, +4 cols
    [CG]   [DIAG] iter=32 posCols=4 newCols=4 effImprove=4 updated=0
    [CG] CG iter 33: obj=2003178.597550, maxRC=17865.239015, +4 cols
    [CG]   [DIAG] iter=33 posCols=4 newCols=4 effImprove=4 updated=0
    [CG] CG iter 34: obj=2003789.496622, maxRC=14951.293355, +2 cols
    [CG]   [DIAG] iter=34 posCols=2 newCols=2 effImprove=2 updated=0
    [CG] CG iter 35: obj=2011265.143300, maxRC=20986.270740, +3 cols
    [CG]   [DIAG] iter=35 posCols=3 newCols=3 effImprove=3 updated=0
    [CG] CG iter 36: obj=2011265.143300, maxRC=13606.394990, +2 cols
    [CG]   [DIAG] iter=36 posCols=2 newCols=2 effImprove=2 updated=0
    [CG] CG iter 37: obj=2011265.143300, maxRC=7122.811931, +2 cols
    [CG]   [DIAG] iter=37 posCols=2 newCols=2 effImprove=2 updated=0
    [CG] CG iter 38: obj=2011265.143300, maxRC=6286.776490, +2 cols
    [CG]   [DIAG] iter=38 posCols=2 newCols=2 effImprove=2 updated=0
    [CG] CG iter 39: obj=2011265.143300, maxRC=5413.368645, +2 cols
    [CG]   [DIAG] iter=39 posCols=2 newCols=2 effImprove=2 updated=0
    [CG] CG iter 40: obj=2011265.143300, maxRC=6476.483066, +1 cols
    [CG]   [DIAG] iter=40 posCols=1 newCols=1 effImprove=1 updated=0
    [CG] CG iter 41: obj=2011265.143300, maxRC=5023.940154, +1 cols
    [CG]   [DIAG] iter=41 posCols=1 newCols=1 effImprove=1 updated=0
    [CG] CG iter 42: obj=2011265.143300, maxRC=5229.744657, +1 cols
    [CG]   [DIAG] iter=42 posCols=1 newCols=1 effImprove=1 updated=0
    [CG] CG iter 43: obj=2013008.391519, maxRC=2738.789463, +1 cols
    [CG]   [DIAG] iter=43 posCols=1 newCols=1 effImprove=1 updated=0
    [CG] CG iter 44: obj=2015747.180981, maxRC=5051.425566, +1 cols
    [CG]   [DIAG] iter=44 posCols=1 newCols=1 effImprove=1 updated=0
    [CG] CG iter 45: obj=2015747.180981, maxRC=3820.446737, +2 cols
    [CG]   [DIAG] iter=45 posCols=2 newCols=2 effImprove=2 updated=0
    [CG] CG iter 46: obj=2015747.180981, maxRC=1030.609820, +1 cols
    [CG]   [DIAG] iter=46 posCols=1 newCols=1 effImprove=1 updated=0
    [CG] CG iter 47: obj=2015747.180981, maxRC=316.564502, +1 cols
    [CG]   [DIAG] iter=47 posCols=1 newCols=1 effImprove=1 updated=0
    [CG] 列生成收敛，共 48 轮迭代
    [CG] [CG-NODE] depth=0 exit=CERTIFIED certified=1 feasible=1 iters=48 generatedColsBeforeNode=0 newCols=426 posCandidates=429 duplicateCandidates=3 updatedCols=3 zeroObjImproveIters=21 objFirst=624559.814929 objLast=2015747.180981 objGain=1391187.366052 maxRC=1244335.356044 wallSec=0.638743 pricingSec=0.611615 cplexSolveSec=0.019174
      [BB] 根节点即为整数解，obj=2015747.180981
