    [CG] 列生成开始，初始列数=310
    [CG] CG iter 1: obj=1013786.590757, maxRC=1898095.616485, +30 cols
    [CG]   [DIAG] iter=1 posCols=30 newCols=30 effImprove=30 updated=0
    [CG] CG iter 2: obj=2288688.235373, maxRC=342310.421026, +16 cols
    [CG]   [DIAG] iter=2 posCols=16 newCols=16 effImprove=16 updated=0
    [CG] CG iter 3: obj=2377730.499316, maxRC=196392.897704, +26 cols
    [CG]   [DIAG] iter=3 posCols=26 newCols=26 effImprove=26 updated=0
    [CG] CG iter 4: obj=2459865.955047, maxRC=349390.068877, +22 cols
    [CG]   [DIAG] iter=4 posCols=22 newCols=22 effImprove=22 updated=0
    [CG] CG iter 5: obj=2497264.144441, maxRC=200993.683201, +17 cols
    [CG]   [DIAG] iter=5 posCols=17 newCols=17 effImprove=17 updated=0
    [CG] CG iter 6: obj=2528189.889138, maxRC=263499.021380, +20 cols
    [CG]   [DIAG] iter=6 posCols=20 newCols=20 effImprove=20 updated=0
    [CG] CG iter 7: obj=2571488.848848, maxRC=238120.857233, +16 cols
    [CG]   [DIAG] iter=7 posCols=16 newCols=16 effImprove=16 updated=0
    [CG] CG iter 8: obj=2571488.848848, maxRC=160115.684943, +16 cols
    [CG]   [DIAG] iter=8 posCols=16 newCols=16 effImprove=16 updated=0
    [CG] CG iter 9: obj=2586400.715109, maxRC=44188.666369, +8 cols
    [CG]   [DIAG] iter=9 posCols=8 newCols=7 effImprove=8 updated=1
    [CG] CG iter 10: obj=2626057.879523, maxRC=27282.408626, +5 cols
    [CG]   [DIAG] iter=10 posCols=5 newCols=4 effImprove=5 updated=1
    [CG] 列生成收敛，共 11 轮迭代
    [CG] [CG-NODE] depth=0 exit=CERTIFIED certified=1 feasible=1 iters=11 generatedColsBeforeNode=0 newCols=174 posCandidates=176 duplicateCandidates=2 updatedCols=2 zeroObjImproveIters=2 objFirst=1013786.590757 objLast=2626057.879523 objGain=1612271.288767 maxRC=1898095.616485 wallSec=0.133764 pricingSec=0.126589 cplexSolveSec=0.004471
      [BB] 根节点即为整数解，obj=2626057.879523
