    [CG] 列生成开始，初始列数=310
    [CG] CG iter 1: obj=1034149.896819, maxRC=1896169.011297, +30 cols
    [CG]   [DIAG] iter=1 posCols=30 newCols=30 effImprove=30 updated=0
    [CG] CG iter 2: obj=2297050.937681, maxRC=293462.644104, +17 cols
    [CG]   [DIAG] iter=2 posCols=17 newCols=17 effImprove=17 updated=0
    [CG] CG iter 3: obj=2459200.002161, maxRC=386874.870466, +29 cols
    [CG]   [DIAG] iter=3 posCols=29 newCols=29 effImprove=29 updated=0
    [CG] CG iter 4: obj=2504929.660319, maxRC=438132.965544, +24 cols
    [CG]   [DIAG] iter=4 posCols=24 newCols=24 effImprove=24 updated=0
    [CG] CG iter 5: obj=2529943.096962, maxRC=257741.707358, +18 cols
    [CG]   [DIAG] iter=5 posCols=18 newCols=18 effImprove=18 updated=0
    [CG] CG iter 6: obj=2585850.985404, maxRC=224453.445817, +16 cols
    [CG]   [DIAG] iter=6 posCols=16 newCols=16 effImprove=16 updated=0
    [CG] CG iter 7: obj=2624314.845503, maxRC=150829.476240, +14 cols
    [CG]   [DIAG] iter=7 posCols=14 newCols=14 effImprove=14 updated=0
    [CG] CG iter 8: obj=2657111.964981, maxRC=123919.158130, +14 cols
    [CG]   [DIAG] iter=8 posCols=14 newCols=14 effImprove=14 updated=0
    [CG] CG iter 9: obj=2657111.964981, maxRC=76778.639904, +12 cols
    [CG]   [DIAG] iter=9 posCols=12 newCols=11 effImprove=12 updated=1
    [CG] CG iter 10: obj=2662612.765152, maxRC=44028.485061, +10 cols
    [CG]   [DIAG] iter=10 posCols=10 newCols=10 effImprove=10 updated=0
    [CG] CG iter 11: obj=2668198.186479, maxRC=29724.618088, +10 cols
    [CG]   [DIAG] iter=11 posCols=10 newCols=10 effImprove=10 updated=0
    [CG] CG iter 12: obj=2668198.186479, maxRC=15590.728078, +7 cols
    [CG]   [DIAG] iter=12 posCols=7 newCols=7 effImprove=7 updated=0
    [CG] CG iter 13: obj=2668737.375878, maxRC=20400.318808, +10 cols
    [CG]   [DIAG] iter=13 posCols=10 newCols=10 effImprove=10 updated=0
    [CG] CG iter 14: obj=2669938.159395, maxRC=9995.246480, +4 cols
    [CG]   [DIAG] iter=14 posCols=4 newCols=4 effImprove=4 updated=0
    [CG] CG iter 15: obj=2670734.785354, maxRC=6601.612630, +2 cols
    [CG]   [DIAG] iter=15 posCols=2 newCols=2 effImprove=2 updated=0
    [CG] CG iter 16: obj=2671584.581476, maxRC=4447.970560, +3 cols
    [CG]   [DIAG] iter=16 posCols=3 newCols=3 effImprove=3 updated=0
    [CG] CG iter 17: obj=2672097.575088, maxRC=3140.507829, +2 cols
    [CG]   [DIAG] iter=17 posCols=2 newCols=2 effImprove=2 updated=0
    [CG] CG iter 18: obj=2673667.829002, maxRC=1467.642730, +2 cols
    [CG]   [DIAG] iter=18 posCols=2 newCols=2 effImprove=2 updated=0
    [CG] CG iter 19: obj=2673667.829002, maxRC=1271.260969, +2 cols
    [CG]   [DIAG] iter=19 posCols=2 newCols=2 effImprove=2 updated=0
    [CG] CG iter 20: obj=2673667.829002, maxRC=1156.223080, +1 cols
    [CG]   [DIAG] iter=20 posCols=1 newCols=1 effImprove=1 updated=0
    [CG] CG iter 21: obj=2673667.829002, maxRC=127.557295, +1 cols
    [CG]   [DIAG] iter=21 posCols=1 newCols=1 effImprove=1 updated=0
    [CG] CG iter 22: obj=2673667.829002, maxRC=74.005319, +1 cols
    [CG]   [DIAG] iter=22 posCols=1 newCols=1 effImprove=1 updated=0
    [CG] 列生成收敛，共 23 轮迭代
    [CG] [CG-NODE] depth=0 exit=CERTIFIED certified=1 feasible=1 iters=23 generatedColsBeforeNode=0 newCols=228 posCandidates=229 duplicateCandidates=1 updatedCols=1 zeroObjImproveIters=7 objFirst=1034149.896819 objLast=2673667.829002 objGain=1639517.932184 maxRC=1896169.011297 wallSec=0.181513 pricingSec=0.168565 cplexSolveSec=0.008492
      [BB] 分支定界开始，根节点LP obj=2673667.829002，最大节点数=10000
      [BB] 根节点启发式下界 LB=2596840.091399（上界=2673667.829002）
    [CG] [BB-DIAG] 分支 x_{dc=0,retailer=5}, 节点数=1
    [CG] 列生成开始，初始列数=517
    [CG] CG iter 24: obj=2667931.730256, maxRC=146535.303868, +19 cols
    [CG]   [DIAG] iter=24 posCols=19 newCols=19 effImprove=19 updated=0
    [CG] CG iter 25: obj=2667931.730256, maxRC=77309.073089, +10 cols
    [CG]   [DIAG] iter=25 posCols=10 newCols=10 effImprove=10 updated=0
    [CG] CG iter 26: obj=2667931.730256, maxRC=21115.513008, +6 cols
    [CG]   [DIAG] iter=26 posCols=6 newCols=6 effImprove=6 updated=0
    [CG] CG iter 27: obj=2669362.208898, maxRC=6473.165522, +3 cols
    [CG]   [DIAG] iter=27 posCols=3 newCols=3 effImprove=3 updated=0
    [CG] CG iter 28: obj=2669378.893766, maxRC=11343.450669, +2 cols
    [CG]   [DIAG] iter=28 posCols=2 newCols=2 effImprove=2 updated=0
    [CG] CG iter 29: obj=2669761.336990, maxRC=1548.519276, +1 cols
    [CG]   [DIAG] iter=29 posCols=1 newCols=1 effImprove=1 updated=0
    [CG] CG iter 30: obj=2670019.423536, maxRC=1272.465801, +1 cols
    [CG]   [DIAG] iter=30 posCols=1 newCols=1 effImprove=1 updated=0
    [CG] CG iter 31: obj=2671291.889337, maxRC=82.902498, +1 cols
    [CG]   [DIAG] iter=31 posCols=1 newCols=1 effImprove=1 updated=0
    [CG] CG iter 32: obj=2671291.889337, maxRC=123.341370, +1 cols
    [CG]   [DIAG] iter=32 posCols=1 newCols=1 effImprove=1 updated=0
    [CG] CG iter 33: obj=2671291.889337, maxRC=30.004356, +1 cols
    [CG]   [DIAG] iter=33 posCols=1 newCols=1 effImprove=1 updated=0
    [CG] CG iter 34: obj=2671291.889337, maxRC=17.968849, +1 cols
    [CG]   [DIAG] iter=34 posCols=1 newCols=1 effImprove=1 updated=0
    [CG] 列生成收敛，共 35 轮迭代
    [CG] [CG-NODE] depth=1 exit=CERTIFIED certified=1 feasible=1 iters=12 generatedColsBeforeNode=228 newCols=46 posCandidates=46 duplicateCandidates=0 updatedCols=0 zeroObjImproveIters=6 objFirst=2667931.730256 objLast=2671291.889337 objGain=3360.159082 maxRC=146535.303868 wallSec=0.037336 pricingSec=0.031516 cplexSolveSec=0.004055
    [CG] 列生成开始，初始列数=484
    [CG] CG iter 36: obj=2669139.109316, maxRC=81669.176768, +15 cols
    [CG]   [DIAG] iter=36 posCols=15 newCols=15 effImprove=15 updated=0
    [CG] CG iter 37: obj=2669139.109316, maxRC=31529.416894, +8 cols
    [CG]   [DIAG] iter=37 posCols=8 newCols=8 effImprove=8 updated=0
    [CG] CG iter 38: obj=2669139.109316, maxRC=45599.376700, +9 cols
    [CG]   [DIAG] iter=38 posCols=9 newCols=9 effImprove=9 updated=0
    [CG] CG iter 39: obj=2669139.109316, maxRC=18606.992161, +8 cols
    [CG]   [DIAG] iter=39 posCols=8 newCols=8 effImprove=8 updated=0
    [CG] CG iter 40: obj=2669139.109316, maxRC=26326.505491, +6 cols
    [CG]   [DIAG] iter=40 posCols=6 newCols=6 effImprove=6 updated=0
    [CG] CG iter 41: obj=2669139.109316, maxRC=6565.584399, +3 cols
    [CG]   [DIAG] iter=41 posCols=3 newCols=3 effImprove=3 updated=0
    [CG] CG iter 42: obj=2669139.109316, maxRC=15523.127634, +5 cols
    [CG]   [DIAG] iter=42 posCols=5 newCols=5 effImprove=5 updated=0
    [CG] CG iter 43: obj=2669139.109316, maxRC=6496.172902, +5 cols
    [CG]   [DIAG] iter=43 posCols=5 newCols=5 effImprove=5 updated=0
    [CG] CG iter 44: obj=2669139.109316, maxRC=5617.796171, +4 cols
    [CG]   [DIAG] iter=44 posCols=4 newCols=4 effImprove=4 updated=0
    [CG] 列生成收敛，共 45 轮迭代
    [CG] [CG-NODE] depth=1 exit=CERTIFIED certified=1 feasible=1 iters=10 generatedColsBeforeNode=274 newCols=63 posCandidates=63 duplicateCandidates=0 updatedCols=0 zeroObjImproveIters=9 objFirst=2669139.109316 objLast=2669139.109316 objGain=0.000000 maxRC=81669.176768 wallSec=0.028706 pricingSec=0.023336 cplexSolveSec=0.003825
    [CG] [BB-INCUMBENT] selection=2 node=1 previous=2596840.091399 value=2669139.109316 active=1
    [CG] [BB-NODESEL] strategy=hybrid choice=dfs eligibleCount=1 active=1 gap=0.000807
    [CG] [BB-INCUMBENT] selection=3 node=1 previous=2669139.109316 value=2671291.889337 active=0
      [BB] 分支定界结束：处理 3 节点，剪枝 0，剩余活跃 0，整数解 3，状态=OPTIMAL，最好可行 obj=2671291.889337，gap=0.000000
