    [CG] 列生成开始，初始列数=310
    [CG] CG iter 1: obj=969271.040052, maxRC=1904311.897963, +30 cols
    [CG]   [DIAG] iter=1 posCols=30 newCols=30 effImprove=30 updated=0
    [CG] CG iter 2: obj=2226903.494499, maxRC=254169.633526, +15 cols
    [CG]   [DIAG] iter=2 posCols=15 newCols=15 effImprove=15 updated=0
    [CG] CG iter 3: obj=2371726.093991, maxRC=642187.836249, +27 cols
    [CG]   [DIAG] iter=3 posCols=27 newCols=27 effImprove=27 updated=0
    [CG] CG iter 4: obj=2393830.830192, maxRC=485725.102170, +23 cols
    [CG]   [DIAG] iter=4 posCols=23 newCols=23 effImprove=23 updated=0
    [CG] CG iter 5: obj=2401548.025945, maxRC=404575.981948, +17 cols
    [CG]   [DIAG] iter=5 posCols=17 newCols=17 effImprove=17 updated=0
    [CG] CG iter 6: obj=2411675.946224, maxRC=374578.378902, +14 cols
    [CG]   [DIAG] iter=6 posCols=14 newCols=14 effImprove=14 updated=0
    [CG] CG iter 7: obj=2424930.490980, maxRC=264130.044090, +17 cols
    [CG]   [DIAG] iter=7 posCols=17 newCols=17 effImprove=17 updated=0
    [CG] CG iter 8: obj=2490730.920604, maxRC=183611.063951, +20 cols
    [CG]   [DIAG] iter=8 posCols=20 newCols=20 effImprove=20 updated=0
    [CG] CG iter 9: obj=2490730.920604, maxRC=114121.779186, +10 cols
    [CG]   [DIAG] iter=9 posCols=10 newCols=10 effImprove=10 updated=0
    [CG] CG iter 10: obj=2503102.893912, maxRC=62125.076905, +6 cols
    [CG]   [DIAG] iter=10 posCols=6 newCols=6 effImprove=6 updated=0
    [CG] CG iter 11: obj=2503102.893912, maxRC=130852.380453, +6 cols
    [CG]   [DIAG] iter=11 posCols=6 newCols=6 effImprove=6 updated=0
    [CG] CG iter 12: obj=2503102.893912, maxRC=60192.322956, +7 cols
    [CG]   [DIAG] iter=12 posCols=7 newCols=7 effImprove=7 updated=0
    [CG] CG iter 13: obj=2503102.893912, maxRC=57372.564680, +6 cols
    [CG]   [DIAG] iter=13 posCols=6 newCols=6 effImprove=6 updated=0
    [CG] CG iter 14: obj=2503102.893912, maxRC=76707.181753, +7 cols
    [CG]   [DIAG] iter=14 posCols=7 newCols=7 effImprove=7 updated=0
    [CG] CG iter 15: obj=2503102.893912, maxRC=73826.480584, +8 cols
    [CG]   [DIAG] iter=15 posCols=8 newCols=8 effImprove=8 updated=0
    [CG] CG iter 16: obj=2513234.242593, maxRC=26397.480339, +6 cols
    [CG]   [DIAG] iter=16 posCols=6 newCols=6 effImprove=6 updated=0
    [CG] CG iter 17: obj=2513234.242593, maxRC=24897.705545, +6 cols
    [CG]   [DIAG] iter=17 posCols=6 newCols=6 effImprove=6 updated=0
    [CG] CG iter 18: obj=2516261.821511, maxRC=11556.304078, +5 cols
    [CG]   [DIAG] iter=18 posCols=5 newCols=5 effImprove=5 updated=0
    [CG] CG iter 19: obj=2516788.604122, maxRC=10314.366766, +4 cols
    [CG]   [DIAG] iter=19 posCols=4 newCols=4 effImprove=4 updated=0
    [CG] CG iter 20: obj=2521945.787505, maxRC=15031.010611, +4 cols
    [CG]   [DIAG] iter=20 posCols=4 newCols=4 effImprove=4 updated=0
    [CG] CG iter 21: obj=2521945.787505, maxRC=9189.852704, +2 cols
    [CG]   [DIAG] iter=21 posCols=2 newCols=2 effImprove=2 updated=0
    [CG] CG iter 22: obj=2521945.787505, maxRC=3940.679101, +2 cols
    [CG]   [DIAG] iter=22 posCols=2 newCols=2 effImprove=2 updated=0
    [CG] CG iter 23: obj=2521945.787505, maxRC=154.280725, +2 cols
    [CG]   [DIAG] iter=23 posCols=2 newCols=2 effImprove=2 updated=0
    [CG] CG iter 24: obj=2521945.787505, maxRC=98.720846, +1 cols
    [CG]   [DIAG] iter=24 posCols=1 newCols=1 effImprove=1 updated=0
    [CG] 列生成收敛，共 25 轮迭代
    [CG] [CG-NODE] depth=0 exit=CERTIFIED certified=1 feasible=1 iters=25 generatedColsBeforeNode=0 newCols=245 posCandidates=245 duplicateCandidates=0 updatedCols=0 zeroObjImproveIters=12 objFirst=969271.040052 objLast=2521945.787505 objGain=1552674.747453 maxRC=1904311.897963 wallSec=0.196989 pricingSec=0.184642 cplexSolveSec=0.008619
      [BB] 分支定界开始，根节点LP obj=2521945.787505，最大节点数=10000
      [BB] 根节点启发式下界 LB=2449829.602680（上界=2521945.787505）
    [CG] [BB-DIAG] 分支 x_{dc=0,retailer=5}, 节点数=1
    [CG] 列生成开始，初始列数=519
    [CG] CG iter 26: obj=2499611.520175, maxRC=94004.744462, +13 cols
    [CG]   [DIAG] iter=26 posCols=13 newCols=12 effImprove=13 updated=1
    [CG] CG iter 27: obj=2499611.520175, maxRC=43578.868285, +7 cols
    [CG]   [DIAG] iter=27 posCols=7 newCols=7 effImprove=7 updated=0
    [CG] CG iter 28: obj=2501461.954091, maxRC=19002.248573, +6 cols
    [CG]   [DIAG] iter=28 posCols=6 newCols=6 effImprove=6 updated=0
    [CG] CG iter 29: obj=2520464.202663, maxRC=5546.792706, +3 cols
    [CG]   [DIAG] iter=29 posCols=3 newCols=3 effImprove=3 updated=0
    [CG] CG iter 30: obj=2520464.202663, maxRC=5697.737571, +2 cols
    [CG]   [DIAG] iter=30 posCols=2 newCols=2 effImprove=2 updated=0
    [CG] CG iter 31: obj=2520464.202663, maxRC=5223.422835, +1 cols
    [CG]   [DIAG] iter=31 posCols=1 newCols=1 effImprove=1 updated=0
    [CG] CG iter 32: obj=2520464.202663, maxRC=69.607812, +1 cols
    [CG]   [DIAG] iter=32 posCols=1 newCols=1 effImprove=1 updated=0
    [CG] CG iter 33: obj=2520464.202663, maxRC=57.299612, +1 cols
    [CG]   [DIAG] iter=33 posCols=1 newCols=1 effImprove=1 updated=0
    [CG] 列生成收敛，共 34 轮迭代
    [CG] [CG-NODE] depth=1 exit=CERTIFIED certified=1 feasible=1 iters=9 generatedColsBeforeNode=245 newCols=33 posCandidates=34 duplicateCandidates=1 updatedCols=1 zeroObjImproveIters=6 objFirst=2499611.520175 objLast=2520464.202663 objGain=20852.682488 maxRC=94004.744462 wallSec=0.030667 pricingSec=0.025307 cplexSolveSec=0.003654
    [CG] 列生成开始，初始列数=500
    [CG] CG iter 35: obj=2503102.893912, maxRC=95157.345271, +11 cols
    [CG]   [DIAG] iter=35 posCols=11 newCols=10 effImprove=11 updated=1
    [CG] CG iter 36: obj=2503102.893912, maxRC=72995.631586, +6 cols
    [CG]   [DIAG] iter=36 posCols=6 newCols=6 effImprove=6 updated=0
    [CG] CG iter 37: obj=2503102.893912, maxRC=32010.635642, +6 cols
    [CG]   [DIAG] iter=37 posCols=6 newCols=6 effImprove=6 updated=0
    [CG] CG iter 38: obj=2503102.893912, maxRC=26261.704333, +6 cols
    [CG]   [DIAG] iter=38 posCols=6 newCols=6 effImprove=6 updated=0
    [CG] CG iter 39: obj=2503102.893912, maxRC=44084.611688, +6 cols
    [CG]   [DIAG] iter=39 posCols=6 newCols=6 effImprove=6 updated=0
    [CG] CG iter 40: obj=2503102.893912, maxRC=34797.318255, +6 cols
    [CG]   [DIAG] iter=40 posCols=6 newCols=6 effImprove=6 updated=0
    [CG] CG iter 41: obj=2503102.893912, maxRC=23888.625291, +6 cols
    [CG]   [DIAG] iter=41 posCols=6 newCols=6 effImprove=6 updated=0
    [CG] CG iter 42: obj=2503102.893912, maxRC=19788.197398, +8 cols
    [CG]   [DIAG] iter=42 posCols=8 newCols=8 effImprove=8 updated=0
    [CG] CG iter 43: obj=2503102.893912, maxRC=23270.126554, +7 cols
    [CG]   [DIAG] iter=43 posCols=7 newCols=7 effImprove=7 updated=0
    [CG] CG iter 44: obj=2503102.893912, maxRC=22790.574933, +6 cols
    [CG]   [DIAG] iter=44 posCols=6 newCols=6 effImprove=6 updated=0
    [CG] CG iter 45: obj=2503102.893912, maxRC=15186.520781, +5 cols
    [CG]   [DIAG] iter=45 posCols=5 newCols=5 effImprove=5 updated=0
    [CG] CG iter 46: obj=2515127.704376, maxRC=22899.260775, +8 cols
    [CG]   [DIAG] iter=46 posCols=8 newCols=8 effImprove=8 updated=0
    [CG] CG iter 47: obj=2515127.704376, maxRC=9443.506270, +4 cols
    [CG]   [DIAG] iter=47 posCols=4 newCols=4 effImprove=4 updated=0
    [CG] CG iter 48: obj=2517990.513837, maxRC=8192.942586, +4 cols
    [CG]   [DIAG] iter=48 posCols=4 newCols=4 effImprove=4 updated=0
    [CG] CG iter 49: obj=2517990.513837, maxRC=6786.677118, +4 cols
    [CG]   [DIAG] iter=49 posCols=4 newCols=4 effImprove=4 updated=0
    [CG] CG iter 50: obj=2517990.513837, maxRC=810.944481, +3 cols
    [CG]   [DIAG] iter=50 posCols=3 newCols=3 effImprove=3 updated=0
    [CG] CG iter 51: obj=2517990.513837, maxRC=914.303092, +1 cols
    [CG]   [DIAG] iter=51 posCols=1 newCols=1 effImprove=1 updated=0
    [CG] CG iter 52: obj=2517990.513837, maxRC=317.462685, +1 cols
    [CG]   [DIAG] iter=52 posCols=1 newCols=1 effImprove=1 updated=0
    [CG] 列生成收敛，共 53 轮迭代
    [CG] [CG-NODE] depth=1 exit=CERTIFIED certified=1 feasible=1 iters=19 generatedColsBeforeNode=278 newCols=97 posCandidates=98 duplicateCandidates=1 updatedCols=1 zeroObjImproveIters=16 objFirst=2503102.893912 objLast=2517990.513837 objGain=14887.619925 maxRC=95157.345271 wallSec=0.039056 pricingSec=0.029593 cplexSolveSec=0.006970
    [CG] [BB-INCUMBENT] selection=2 node=1 previous=2449829.602680 value=2517990.513837 active=1
    [CG] [BB-NODESEL] strategy=hybrid choice=dfs eligibleCount=1 active=1 gap=0.000982
    [CG] [BB-INCUMBENT] selection=3 node=1 previous=2517990.513837 value=2520464.202663 active=0
      [BB] 分支定界结束：处理 3 节点，剪枝 0，剩余活跃 0，整数解 3，状态=OPTIMAL，最好可行 obj=2520464.202663，gap=0.000000
