    [CG] 列生成开始，初始列数=310
    [CG] CG iter 1: obj=1026934.948308, maxRC=1901449.708883, +30 cols
    [CG]   [DIAG] iter=1 posCols=30 newCols=30 effImprove=30 updated=0
    [CG] CG iter 2: obj=2294642.903875, maxRC=296627.347317, +16 cols
    [CG]   [DIAG] iter=2 posCols=16 newCols=16 effImprove=16 updated=0
    [CG] CG iter 3: obj=2444338.914149, maxRC=413432.929783, +29 cols
    [CG]   [DIAG] iter=3 posCols=29 newCols=29 effImprove=29 updated=0
    [CG] CG iter 4: obj=2525771.623446, maxRC=282027.910313, +18 cols
    [CG]   [DIAG] iter=4 posCols=18 newCols=18 effImprove=18 updated=0
    [CG] CG iter 5: obj=2612866.501450, maxRC=288595.032298, +18 cols
    [CG]   [DIAG] iter=5 posCols=18 newCols=18 effImprove=18 updated=0
    [CG] CG iter 6: obj=2612866.501450, maxRC=182745.203051, +14 cols
    [CG]   [DIAG] iter=6 posCols=14 newCols=13 effImprove=14 updated=1
    [CG] CG iter 7: obj=2649058.551248, maxRC=186689.763540, +10 cols
    [CG]   [DIAG] iter=7 posCols=10 newCols=9 effImprove=10 updated=1
    [CG] CG iter 8: obj=2649058.551248, maxRC=210731.397544, +14 cols
    [CG]   [DIAG] iter=8 posCols=14 newCols=14 effImprove=14 updated=0
    [CG] CG iter 9: obj=2649058.551248, maxRC=135803.391344, +9 cols
    [CG]   [DIAG] iter=9 posCols=9 newCols=9 effImprove=9 updated=0
    [CG] CG iter 10: obj=2649058.551248, maxRC=155910.468236, +12 cols
    [CG]   [DIAG] iter=10 posCols=12 newCols=11 effImprove=12 updated=1
    [CG] CG iter 11: obj=2649058.551248, maxRC=37893.106096, +8 cols
    [CG]   [DIAG] iter=11 posCols=8 newCols=8 effImprove=8 updated=0
    [CG] CG iter 12: obj=2649058.551248, maxRC=68402.852799, +8 cols
    [CG]   [DIAG] iter=12 posCols=8 newCols=8 effImprove=8 updated=0
    [CG] CG iter 13: obj=2649058.551248, maxRC=31159.583679, +7 cols
    [CG]   [DIAG] iter=13 posCols=7 newCols=7 effImprove=7 updated=0
    [CG] CG iter 14: obj=2649058.551248, maxRC=24658.709663, +5 cols
    [CG]   [DIAG] iter=14 posCols=5 newCols=5 effImprove=5 updated=0
    [CG] CG iter 15: obj=2649058.551248, maxRC=26699.503227, +7 cols
    [CG]   [DIAG] iter=15 posCols=7 newCols=6 effImprove=7 updated=1
    [CG] CG iter 16: obj=2650356.502896, maxRC=15162.103971, +5 cols
    [CG]   [DIAG] iter=16 posCols=5 newCols=5 effImprove=5 updated=0
    [CG] CG iter 17: obj=2656421.344484, maxRC=9109.605738, +6 cols
    [CG]   [DIAG] iter=17 posCols=6 newCols=6 effImprove=6 updated=0
    [CG] CG iter 18: obj=2656421.344484, maxRC=7966.158824, +3 cols
    [CG]   [DIAG] iter=18 posCols=3 newCols=3 effImprove=3 updated=0
    [CG] CG iter 19: obj=2657376.015164, maxRC=3953.081407, +2 cols
    [CG]   [DIAG] iter=19 posCols=2 newCols=1 effImprove=2 updated=1
    [CG] CG iter 20: obj=2657376.015164, maxRC=876.742448, +2 cols
    [CG]   [DIAG] iter=20 posCols=2 newCols=2 effImprove=2 updated=0
    [CG] CG iter 21: obj=2657376.015164, maxRC=800.650119, +2 cols
    [CG]   [DIAG] iter=21 posCols=2 newCols=2 effImprove=2 updated=0
    [CG] CG iter 22: obj=2657376.015164, maxRC=782.859231, +1 cols
    [CG]   [DIAG] iter=22 posCols=1 newCols=1 effImprove=1 updated=0
    [CG] CG iter 23: obj=2658158.874395, maxRC=117.925708, +1 cols
    [CG]   [DIAG] iter=23 posCols=1 newCols=1 effImprove=1 updated=0
    [CG] 列生成收敛，共 24 轮迭代
    [CG] [CG-NODE] depth=0 exit=CERTIFIED certified=1 feasible=1 iters=24 generatedColsBeforeNode=0 newCols=222 posCandidates=227 duplicateCandidates=5 updatedCols=5 zeroObjImproveIters=14 objFirst=1026934.948308 objLast=2658158.874395 objGain=1631223.926087 maxRC=1901449.708883 wallSec=0.176538 pricingSec=0.164453 cplexSolveSec=0.008280
      [BB] 根节点即为整数解，obj=2658158.874395
