    [CG] 列生成开始，初始列数=310
    [CG] CG iter 1: obj=995496.015396, maxRC=1920873.055994, +30 cols
    [CG]   [DIAG] iter=1 posCols=30 newCols=30 effImprove=30 updated=0
    [CG] CG iter 2: obj=2242357.244809, maxRC=298779.122780, +22 cols
    [CG]   [DIAG] iter=2 posCols=22 newCols=22 effImprove=22 updated=0
    [CG] CG iter 3: obj=2394910.407667, maxRC=361695.597049, +27 cols
    [CG]   [DIAG] iter=3 posCols=27 newCols=27 effImprove=27 updated=0
    [CG] CG iter 4: obj=2459084.088252, maxRC=436009.738799, +23 cols
    [CG]   [DIAG] iter=4 posCols=23 newCols=23 effImprove=23 updated=0
    [CG] CG iter 5: obj=2483102.807041, maxRC=371053.673529, +21 cols
    [CG]   [DIAG] iter=5 posCols=21 newCols=21 effImprove=21 updated=0
    [CG] CG iter 6: obj=2504725.410695, maxRC=294810.840195, +20 cols
    [CG]   [DIAG] iter=6 posCols=20 newCols=20 effImprove=20 updated=0
    [CG] CG iter 7: obj=2571001.396557, maxRC=206856.528597, +20 cols
    [CG]   [DIAG] iter=7 posCols=20 newCols=20 effImprove=20 updated=0
    [CG] CG iter 8: obj=2571001.396557, maxRC=196059.934340, +16 cols
    [CG]   [DIAG] iter=8 posCols=16 newCols=16 effImprove=16 updated=0
    [CG] CG iter 9: obj=2572112.574134, maxRC=83642.606454, +12 cols
    [CG]   [DIAG] iter=9 posCols=12 newCols=11 effImprove=12 updated=1
    [CG] CG iter 10: obj=2584777.453197, maxRC=61508.702533, +12 cols
    [CG]   [DIAG] iter=10 posCols=12 newCols=12 effImprove=12 updated=0
    [CG] CG iter 11: obj=2589528.446021, maxRC=52938.329498, +10 cols
    [CG]   [DIAG] iter=11 posCols=10 newCols=8 effImprove=10 updated=2
    [CG] CG iter 12: obj=2589528.446021, maxRC=36905.405057, +7 cols
    [CG]   [DIAG] iter=12 posCols=7 newCols=7 effImprove=7 updated=0
    [CG] CG iter 13: obj=2589528.446021, maxRC=30323.210323, +12 cols
    [CG]   [DIAG] iter=13 posCols=12 newCols=12 effImprove=12 updated=0
    [CG] CG iter 14: obj=2591339.170160, maxRC=18984.932008, +5 cols
    [CG]   [DIAG] iter=14 posCols=5 newCols=5 effImprove=5 updated=0
    [CG] CG iter 15: obj=2598508.055078, maxRC=10933.114839, +4 cols
    [CG]   [DIAG] iter=15 posCols=4 newCols=4 effImprove=4 updated=0
    [CG] CG iter 16: obj=2598508.055078, maxRC=9039.689163, +3 cols
    [CG]   [DIAG] iter=16 posCols=3 newCols=3 effImprove=3 updated=0
    [CG] CG iter 17: obj=2599043.955872, maxRC=5987.908332, +2 cols
    [CG]   [DIAG] iter=17 posCols=2 newCols=1 effImprove=2 updated=1
    [CG] CG iter 18: obj=2600903.218410, maxRC=2226.200842, +2 cols
    [CG]   [DIAG] iter=18 posCols=2 newCols=2 effImprove=2 updated=0
    [CG] CG iter 19: obj=2601291.747920, maxRC=2035.125501, +1 cols
    [CG]   [DIAG] iter=19 posCols=1 newCols=1 effImprove=1 updated=0
    [CG] CG iter 20: obj=2601504.508265, maxRC=2582.093034, +2 cols
    [CG]   [DIAG] iter=20 posCols=2 newCols=2 effImprove=2 updated=0
    [CG] CG iter 21: obj=2601873.378698, maxRC=785.763544, +1 cols
    [CG]   [DIAG] iter=21 posCols=1 newCols=1 effImprove=1 updated=0
    [CG] CG iter 22: obj=2602659.142242, maxRC=30.525862, +1 cols
    [CG]   [DIAG] iter=22 posCols=1 newCols=1 effImprove=1 updated=0
    [CG] CG iter 23: obj=2602659.142242, maxRC=40.043179, +1 cols
    [CG]   [DIAG] iter=23 posCols=1 newCols=1 effImprove=1 updated=0
    [CG] CG iter 24: obj=2602659.142242, maxRC=17.769374, +1 cols
    [CG]   [DIAG] iter=24 posCols=1 newCols=1 effImprove=1 updated=0
    [CG] 列生成收敛，共 25 轮迭代
    [CG] [CG-NODE] depth=0 exit=CERTIFIED certified=1 feasible=1 iters=25 generatedColsBeforeNode=0 newCols=251 posCandidates=255 duplicateCandidates=4 updatedCols=4 zeroObjImproveIters=7 objFirst=995496.015396 objLast=2602659.142242 objGain=1607163.126846 maxRC=1920873.055994 wallSec=0.198352 pricingSec=0.183340 cplexSolveSec=0.009679
      [BB] 根节点即为整数解，obj=2602659.142242
