    [CG] 列生成开始，初始列数=310
    [CG] CG iter 1: obj=1036218.379998, maxRC=1871250.457277, +30 cols
    [CG]   [DIAG] iter=1 posCols=30 newCols=30 effImprove=30 updated=0
    [CG] CG iter 2: obj=2275787.868730, maxRC=307101.854505, +23 cols
    [CG]   [DIAG] iter=2 posCols=23 newCols=23 effImprove=23 updated=0
    [CG] CG iter 3: obj=2417513.189772, maxRC=403787.993533, +25 cols
    [CG]   [DIAG] iter=3 posCols=25 newCols=25 effImprove=25 updated=0
    [CG] CG iter 4: obj=2515554.680029, maxRC=269139.282329, +24 cols
    [CG]   [DIAG] iter=4 posCols=24 newCols=24 effImprove=24 updated=0
    [CG] CG iter 5: obj=2553201.322509, maxRC=264340.363329, +23 cols
    [CG]   [DIAG] iter=5 posCols=23 newCols=23 effImprove=23 updated=0
    [CG] CG iter 6: obj=2586919.318708, maxRC=198986.969496, +19 cols
    [CG]   [DIAG] iter=6 posCols=19 newCols=19 effImprove=19 updated=0
    [CG] CG iter 7: obj=2658480.215308, maxRC=173225.181030, +15 cols
    [CG]   [DIAG] iter=7 posCols=15 newCols=14 effImprove=15 updated=1
    [CG] CG iter 8: obj=2658480.215308, maxRC=168605.484994, +16 cols
    [CG]   [DIAG] iter=8 posCols=16 newCols=16 effImprove=16 updated=0
    [CG] CG iter 9: obj=2658480.215308, maxRC=117069.324653, +14 cols
    [CG]   [DIAG] iter=9 posCols=14 newCols=14 effImprove=14 updated=0
    [CG] CG iter 10: obj=2658480.215308, maxRC=69752.625146, +9 cols
    [CG]   [DIAG] iter=10 posCols=9 newCols=9 effImprove=9 updated=0
    [CG] CG iter 11: obj=2658480.215308, maxRC=48302.217468, +13 cols
    [CG]   [DIAG] iter=11 posCols=13 newCols=13 effImprove=13 updated=0
    [CG] CG iter 12: obj=2658480.215308, maxRC=36175.829189, +9 cols
    [CG]   [DIAG] iter=12 posCols=9 newCols=9 effImprove=9 updated=0
    [CG] CG iter 13: obj=2669755.789818, maxRC=33230.138030, +10 cols
    [CG]   [DIAG] iter=13 posCols=10 newCols=10 effImprove=10 updated=0
    [CG] CG iter 14: obj=2677990.703089, maxRC=13297.971046, +9 cols
    [CG]   [DIAG] iter=14 posCols=9 newCols=9 effImprove=9 updated=0
    [CG] CG iter 15: obj=2677990.703089, maxRC=7112.455723, +3 cols
    [CG]   [DIAG] iter=15 posCols=3 newCols=3 effImprove=3 updated=0
    [CG] CG iter 16: obj=2677990.703089, maxRC=7518.974038, +3 cols
    [CG]   [DIAG] iter=16 posCols=3 newCols=2 effImprove=3 updated=1
    [CG] CG iter 17: obj=2679757.766076, maxRC=3657.515833, +1 cols
    [CG]   [DIAG] iter=17 posCols=1 newCols=1 effImprove=1 updated=0
    [CG] CG iter 18: obj=2683415.281909, maxRC=514.532332, +1 cols
    [CG]   [DIAG] iter=18 posCols=1 newCols=1 effImprove=1 updated=0
    [CG] CG iter 19: obj=2683415.281909, maxRC=244.577733, +1 cols
    [CG]   [DIAG] iter=19 posCols=1 newCols=1 effImprove=1 updated=0
    [CG] CG iter 20: obj=2683415.281909, maxRC=176.150864, +1 cols
    [CG]   [DIAG] iter=20 posCols=1 newCols=1 effImprove=1 updated=0
    [CG] CG iter 21: obj=2683415.281909, maxRC=193.707285, +1 cols
    [CG]   [DIAG] iter=21 posCols=1 newCols=1 effImprove=1 updated=0
    [CG] CG iter 22: obj=2683415.281909, maxRC=131.769462, +1 cols
    [CG]   [DIAG] iter=22 posCols=1 newCols=1 effImprove=1 updated=0
    [CG] 列生成收敛，共 23 轮迭代
    [CG] [CG-NODE] depth=0 exit=CERTIFIED certified=1 feasible=1 iters=23 generatedColsBeforeNode=0 newCols=249 posCandidates=251 duplicateCandidates=2 updatedCols=2 zeroObjImproveIters=12 objFirst=1036218.379998 objLast=2683415.281909 objGain=1647196.901911 maxRC=1871250.457277 wallSec=0.191664 pricingSec=0.176716 cplexSolveSec=0.009706
      [BB] 根节点即为整数解，obj=2683415.281909
