    [CG] 列生成开始，初始列数=310
    [CG] CG iter 1: obj=998517.566056, maxRC=1915754.351801, +30 cols
    [CG]   [DIAG] iter=1 posCols=30 newCols=30 effImprove=30 updated=0
    [CG] CG iter 2: obj=2245105.143921, maxRC=287826.205610, +14 cols
    [CG]   [DIAG] iter=2 posCols=14 newCols=14 effImprove=14 updated=0
    [CG] CG iter 3: obj=2385773.515886, maxRC=431506.708969, +25 cols
    [CG]   [DIAG] iter=3 posCols=25 newCols=25 effImprove=25 updated=0
    [CG] CG iter 4: obj=2454309.063511, maxRC=393036.675593, +21 cols
    [CG]   [DIAG] iter=4 posCols=21 newCols=21 effImprove=21 updated=0
    [CG] CG iter 5: obj=2535925.495552, maxRC=617226.825581, +25 cols
    [CG]   [DIAG] iter=5 posCols=25 newCols=25 effImprove=25 updated=0
    [CG] CG iter 6: obj=2535925.495552, maxRC=286751.074335, +19 cols
    [CG]   [DIAG] iter=6 posCols=19 newCols=19 effImprove=19 updated=0
    [CG] CG iter 7: obj=2535925.495552, maxRC=200281.640299, +11 cols
    [CG]   [DIAG] iter=7 posCols=11 newCols=11 effImprove=11 updated=0
    [CG] CG iter 8: obj=2574527.394058, maxRC=214029.405301, +15 cols
    [CG]   [DIAG] iter=8 posCols=15 newCols=15 effImprove=15 updated=0
    [CG] CG iter 9: obj=2590055.417644, maxRC=203994.849476, +11 cols
    [CG]   [DIAG] iter=9 posCols=11 newCols=11 effImprove=11 updated=0
    [CG] CG iter 10: obj=2590055.417644, maxRC=169859.878005, +9 cols
    [CG]   [DIAG] iter=10 posCols=9 newCols=9 effImprove=9 updated=0
    [CG] CG iter 11: obj=2590055.417644, maxRC=151817.378469, +8 cols
    [CG]   [DIAG] iter=11 posCols=8 newCols=8 effImprove=8 updated=0
    [CG] CG iter 12: obj=2590055.417644, maxRC=145155.577747, +13 cols
    [CG]   [DIAG] iter=12 posCols=13 newCols=13 effImprove=13 updated=0
    [CG] CG iter 13: obj=2590055.417644, maxRC=58215.369956, +14 cols
    [CG]   [DIAG] iter=13 posCols=14 newCols=12 effImprove=14 updated=2
    [CG] CG iter 14: obj=2590055.417644, maxRC=48030.652709, +9 cols
    [CG]   [DIAG] iter=14 posCols=9 newCols=9 effImprove=9 updated=0
    [CG] CG iter 15: obj=2591064.587943, maxRC=58868.484756, +6 cols
    [CG]   [DIAG] iter=15 posCols=6 newCols=6 effImprove=6 updated=0
    [CG] CG iter 16: obj=2595625.358018, maxRC=20663.216613, +4 cols
    [CG]   [DIAG] iter=16 posCols=4 newCols=4 effImprove=4 updated=0
    [CG] CG iter 17: obj=2596295.516133, maxRC=18077.824076, +5 cols
    [CG]   [DIAG] iter=17 posCols=5 newCols=5 effImprove=5 updated=0
    [CG] CG iter 18: obj=2602480.464180, maxRC=21687.013782, +5 cols
    [CG]   [DIAG] iter=18 posCols=5 newCols=5 effImprove=5 updated=0
    [CG] CG iter 19: obj=2602480.464180, maxRC=13319.879670, +4 cols
    [CG]   [DIAG] iter=19 posCols=4 newCols=4 effImprove=4 updated=0
    [CG] CG iter 20: obj=2602480.464180, maxRC=5987.908332, +1 cols
    [CG]   [DIAG] iter=20 posCols=1 newCols=0 effImprove=1 updated=1
    [CG] CG iter 21: obj=2605474.418346, maxRC=2609.901305, +4 cols
    [CG]   [DIAG] iter=21 posCols=4 newCols=4 effImprove=4 updated=0
    [CG] CG iter 22: obj=2605474.418346, maxRC=2368.633533, +3 cols
    [CG]   [DIAG] iter=22 posCols=3 newCols=3 effImprove=3 updated=0
    [CG] CG iter 23: obj=2605474.418346, maxRC=1072.525436, +2 cols
    [CG]   [DIAG] iter=23 posCols=2 newCols=2 effImprove=2 updated=0
    [CG] CG iter 24: obj=2605474.418346, maxRC=1059.291739, +2 cols
    [CG]   [DIAG] iter=24 posCols=2 newCols=2 effImprove=2 updated=0
    [CG] CG iter 25: obj=2606533.710086, maxRC=128.320859, +1 cols
    [CG]   [DIAG] iter=25 posCols=1 newCols=1 effImprove=1 updated=0
    [CG] CG iter 26: obj=2606533.710086, maxRC=68.662088, +1 cols
    [CG]   [DIAG] iter=26 posCols=1 newCols=1 effImprove=1 updated=0
    [CG] 列生成收敛，共 27 轮迭代
    [CG] [CG-NODE] depth=0 exit=CERTIFIED certified=1 feasible=1 iters=27 generatedColsBeforeNode=0 newCols=259 posCandidates=262 duplicateCandidates=3 updatedCols=3 zeroObjImproveIters=14 objFirst=998517.566056 objLast=2606533.710086 objGain=1608016.144030 maxRC=1915754.351801 wallSec=0.217786 pricingSec=0.201545 cplexSolveSec=0.010404
      [BB] 根节点即为整数解，obj=2606533.710086
