    [CG] 列生成开始，初始列数=310
    [CG] CG iter 1: obj=1068330.333108, maxRC=1880932.434928, +30 cols
    [CG]   [DIAG] iter=1 posCols=30 newCols=30 effImprove=30 updated=0
    [CG] CG iter 2: obj=2277224.559361, maxRC=306335.633337, +23 cols
    [CG]   [DIAG] iter=2 posCols=23 newCols=23 effImprove=23 updated=0
    [CG] CG iter 3: obj=2442164.711214, maxRC=450405.084223, +30 cols
    [CG]   [DIAG] iter=3 posCols=30 newCols=30 effImprove=30 updated=0
    [CG] CG iter 4: obj=2514439.941668, maxRC=306078.200934, +29 cols
    [CG]   [DIAG] iter=4 posCols=29 newCols=29 effImprove=29 updated=0
    [CG] CG iter 5: obj=2542208.564097, maxRC=173057.576394, +22 cols
    [CG]   [DIAG] iter=5 posCols=22 newCols=21 effImprove=22 updated=1
    [CG] CG iter 6: obj=2608780.139356, maxRC=182004.971255, +17 cols
    [CG]   [DIAG] iter=6 posCols=17 newCols=16 effImprove=17 updated=1
    [CG] CG iter 7: obj=2629399.050400, maxRC=132359.345855, +18 cols
    [CG]   [DIAG] iter=7 posCols=18 newCols=18 effImprove=18 updated=0
    [CG] CG iter 8: obj=2634644.981507, maxRC=77072.313512, +15 cols
    [CG]   [DIAG] iter=8 posCols=15 newCols=15 effImprove=15 updated=0
    [CG] CG iter 9: obj=2645752.075965, maxRC=84921.532878, +6 cols
    [CG]   [DIAG] iter=9 posCols=6 newCols=6 effImprove=6 updated=0
    [CG] CG iter 10: obj=2651587.667875, maxRC=37509.504259, +11 cols
    [CG]   [DIAG] iter=10 posCols=11 newCols=11 effImprove=11 updated=0
    [CG] CG iter 11: obj=2670336.673376, maxRC=37184.450812, +8 cols
    [CG]   [DIAG] iter=11 posCols=8 newCols=8 effImprove=8 updated=0
    [CG] CG iter 12: obj=2672444.355999, maxRC=34755.292072, +11 cols
    [CG]   [DIAG] iter=12 posCols=11 newCols=11 effImprove=11 updated=0
    [CG] CG iter 13: obj=2676415.965145, maxRC=10402.423546, +5 cols
    [CG]   [DIAG] iter=13 posCols=5 newCols=5 effImprove=5 updated=0
    [CG] CG iter 14: obj=2685085.772942, maxRC=15657.360919, +8 cols
    [CG]   [DIAG] iter=14 posCols=8 newCols=8 effImprove=8 updated=0
    [CG] CG iter 15: obj=2685085.772942, maxRC=5146.631928, +2 cols
    [CG]   [DIAG] iter=15 posCols=2 newCols=2 effImprove=2 updated=0
    [CG] CG iter 16: obj=2685085.772942, maxRC=1124.142236, +2 cols
    [CG]   [DIAG] iter=16 posCols=2 newCols=2 effImprove=2 updated=0
    [CG] CG iter 17: obj=2685085.772942, maxRC=121.564864, +1 cols
    [CG]   [DIAG] iter=17 posCols=1 newCols=1 effImprove=1 updated=0
    [CG] CG iter 18: obj=2685085.772942, maxRC=149.565309, +1 cols
    [CG]   [DIAG] iter=18 posCols=1 newCols=1 effImprove=1 updated=0
    [CG] CG iter 19: obj=2685085.772942, maxRC=43.908259, +1 cols
    [CG]   [DIAG] iter=19 posCols=1 newCols=1 effImprove=1 updated=0
    [CG] 列生成收敛，共 20 轮迭代
    [CG] [CG-NODE] depth=0 exit=CERTIFIED certified=1 feasible=1 iters=20 generatedColsBeforeNode=0 newCols=238 posCandidates=240 duplicateCandidates=2 updatedCols=2 zeroObjImproveIters=6 objFirst=1068330.333108 objLast=2685085.772942 objGain=1616755.439834 maxRC=1880932.434928 wallSec=0.190064 pricingSec=0.177121 cplexSolveSec=0.008047
      [BB] 根节点即为整数解，obj=2685085.772942
