    [CG] 列生成开始，初始列数=310
    [CG] CG iter 1: obj=1046242.077594, maxRC=1871165.961861, +30 cols
    [CG]   [DIAG] iter=1 posCols=30 newCols=30 effImprove=30 updated=0
    [CG] CG iter 2: obj=2277777.078041, maxRC=307211.451793, +23 cols
    [CG]   [DIAG] iter=2 posCols=23 newCols=23 effImprove=23 updated=0
    [CG] CG iter 3: obj=2458202.425209, maxRC=377971.372426, +26 cols
    [CG]   [DIAG] iter=3 posCols=26 newCols=26 effImprove=26 updated=0
    [CG] CG iter 4: obj=2500000.651644, maxRC=343251.416129, +28 cols
    [CG]   [DIAG] iter=4 posCols=28 newCols=28 effImprove=28 updated=0
    [CG] CG iter 5: obj=2537663.456103, maxRC=233477.530962, +20 cols
    [CG]   [DIAG] iter=5 posCols=20 newCols=20 effImprove=20 updated=0
    [CG] CG iter 6: obj=2609964.776461, maxRC=138609.309469, +20 cols
    [CG]   [DIAG] iter=6 posCols=20 newCols=20 effImprove=20 updated=0
    [CG] CG iter 7: obj=2616474.102303, maxRC=96456.796650, +19 cols
    [CG]   [DIAG] iter=7 posCols=19 newCols=19 effImprove=19 updated=0
    [CG] CG iter 8: obj=2647745.120837, maxRC=118677.248981, +19 cols
    [CG]   [DIAG] iter=8 posCols=19 newCols=19 effImprove=19 updated=0
    [CG] CG iter 9: obj=2648209.888341, maxRC=91601.082489, +17 cols
    [CG]   [DIAG] iter=9 posCols=17 newCols=16 effImprove=17 updated=1
    [CG] CG iter 10: obj=2649218.965379, maxRC=62245.714937, +16 cols
    [CG]   [DIAG] iter=10 posCols=16 newCols=16 effImprove=16 updated=0
    [CG] CG iter 11: obj=2655982.679784, maxRC=42469.065418, +12 cols
    [CG]   [DIAG] iter=11 posCols=12 newCols=12 effImprove=12 updated=0
    [CG] CG iter 12: obj=2663617.850966, maxRC=38342.728862, +10 cols
    [CG]   [DIAG] iter=12 posCols=10 newCols=10 effImprove=10 updated=0
    [CG] CG iter 13: obj=2670429.837902, maxRC=26481.544836, +7 cols
    [CG]   [DIAG] iter=13 posCols=7 newCols=7 effImprove=7 updated=0
    [CG] CG iter 14: obj=2674595.713240, maxRC=36426.658657, +8 cols
    [CG]   [DIAG] iter=14 posCols=8 newCols=8 effImprove=8 updated=0
    [CG] CG iter 15: obj=2687385.429434, maxRC=7192.783427, +6 cols
    [CG]   [DIAG] iter=15 posCols=6 newCols=6 effImprove=6 updated=0
    [CG] CG iter 16: obj=2687429.894427, maxRC=5439.301810, +2 cols
    [CG]   [DIAG] iter=16 posCols=2 newCols=2 effImprove=2 updated=0
    [CG] CG iter 17: obj=2687429.894427, maxRC=3137.995151, +2 cols
    [CG]   [DIAG] iter=17 posCols=2 newCols=2 effImprove=2 updated=0
    [CG] CG iter 18: obj=2690393.863994, maxRC=204.711140, +1 cols
    [CG]   [DIAG] iter=18 posCols=1 newCols=1 effImprove=1 updated=0
    [CG] CG iter 19: obj=2690393.863994, maxRC=294.736334, +1 cols
    [CG]   [DIAG] iter=19 posCols=1 newCols=1 effImprove=1 updated=0
    [CG] CG iter 20: obj=2690393.863994, maxRC=78.718177, +1 cols
    [CG]   [DIAG] iter=20 posCols=1 newCols=1 effImprove=1 updated=0
    [CG] CG iter 21: obj=2690393.863994, maxRC=51.429419, +1 cols
    [CG]   [DIAG] iter=21 posCols=1 newCols=1 effImprove=1 updated=0
    [CG] 列生成收敛，共 22 轮迭代
    [CG] [CG-NODE] depth=0 exit=CERTIFIED certified=1 feasible=1 iters=22 generatedColsBeforeNode=0 newCols=268 posCandidates=269 duplicateCandidates=1 updatedCols=1 zeroObjImproveIters=5 objFirst=1046242.077594 objLast=2690393.863994 objGain=1644151.786401 maxRC=1871165.961861 wallSec=0.182134 pricingSec=0.169668 cplexSolveSec=0.007727
      [BB] 根节点即为整数解，obj=2690393.863994
