    [CG] 列生成开始，初始列数=310
    [CG] CG iter 1: obj=952159.091641, maxRC=686102.600300, +30 cols
    [CG]   [DIAG] iter=1 posCols=30 newCols=30 effImprove=30 updated=0
    [CG] CG iter 2: obj=1543674.475409, maxRC=297887.438578, +30 cols
    [CG]   [DIAG] iter=2 posCols=30 newCols=30 effImprove=30 updated=0
    [CG] CG iter 3: obj=1662198.865237, maxRC=167912.872508, +29 cols
    [CG]   [DIAG] iter=3 posCols=29 newCols=29 effImprove=29 updated=0
    [CG] CG iter 4: obj=1860835.369051, maxRC=103240.501890, +23 cols
    [CG]   [DIAG] iter=4 posCols=23 newCols=22 effImprove=23 updated=1
    [CG] CG iter 5: obj=1860835.369051, maxRC=73898.703730, +17 cols
    [CG]   [DIAG] iter=5 posCols=17 newCols=16 effImprove=17 updated=1
    [CG] CG iter 6: obj=1883528.552011, maxRC=43754.871193, +20 cols
    [CG]   [DIAG] iter=6 posCols=20 newCols=20 effImprove=20 updated=0
    [CG] CG iter 7: obj=1893476.050917, maxRC=21329.295273, +12 cols
    [CG]   [DIAG] iter=7 posCols=12 newCols=11 effImprove=12 updated=1
    [CG] CG iter 8: obj=1903712.271778, maxRC=5234.633667, +7 cols
    [CG]   [DIAG] iter=8 posCols=7 newCols=7 effImprove=7 updated=0
    [CG] CG iter 9: obj=1908946.905445, maxRC=3221.717168, +2 cols
    [CG]   [DIAG] iter=9 posCols=2 newCols=2 effImprove=2 updated=0
    [CG] CG iter 10: obj=1908946.905445, maxRC=926.507081, +1 cols
    [CG]   [DIAG] iter=10 posCols=1 newCols=1 effImprove=1 updated=0
    [CG] 列生成收敛，共 11 轮迭代
    [CG] [CG-NODE] depth=0 exit=CERTIFIED certified=1 feasible=1 iters=11 generatedColsBeforeNode=0 newCols=168 posCandidates=171 duplicateCandidates=3 updatedCols=3 zeroObjImproveIters=3 objFirst=952159.091641 objLast=1908946.905445 objGain=956787.813805 maxRC=686102.600300 wallSec=0.063639 pricingSec=0.057858 cplexSolveSec=0.003295
      [BB] 根节点即为整数解，obj=1908946.905445
