    [CG] 列生成开始，初始列数=310
    [CG] CG iter 1: obj=906753.656237, maxRC=687808.011130, +30 cols
    [CG]   [DIAG] iter=1 posCols=30 newCols=30 effImprove=30 updated=0
    [CG] CG iter 2: obj=1546102.855437, maxRC=202390.733979, +27 cols
    [CG]   [DIAG] iter=2 posCols=27 newCols=27 effImprove=27 updated=0
    [CG] CG iter 3: obj=1697093.074110, maxRC=196932.692735, +23 cols
    [CG]   [DIAG] iter=3 posCols=23 newCols=23 effImprove=23 updated=0
    [CG] CG iter 4: obj=1894025.766845, maxRC=111751.200129, +23 cols
    [CG]   [DIAG] iter=4 posCols=23 newCols=22 effImprove=23 updated=1
    [CG] CG iter 5: obj=1906018.252804, maxRC=146392.624314, +20 cols
    [CG]   [DIAG] iter=5 posCols=20 newCols=19 effImprove=20 updated=1
    [CG] CG iter 6: obj=1920572.460575, maxRC=31024.602684, +16 cols
    [CG]   [DIAG] iter=6 posCols=16 newCols=16 effImprove=16 updated=0
    [CG] CG iter 7: obj=1920572.460575, maxRC=13051.250035, +12 cols
    [CG]   [DIAG] iter=7 posCols=12 newCols=12 effImprove=12 updated=0
    [CG] CG iter 8: obj=1920572.460575, maxRC=25666.658001, +11 cols
    [CG]   [DIAG] iter=8 posCols=11 newCols=11 effImprove=11 updated=0
    [CG] CG iter 9: obj=1935846.895207, maxRC=11066.268921, +6 cols
    [CG]   [DIAG] iter=9 posCols=6 newCols=5 effImprove=6 updated=1
    [CG] CG iter 10: obj=1946913.164128, maxRC=4762.917858, +1 cols
    [CG]   [DIAG] iter=10 posCols=1 newCols=1 effImprove=1 updated=0
    [CG] 列生成收敛，共 11 轮迭代
    [CG] [CG-NODE] depth=0 exit=CERTIFIED certified=1 feasible=1 iters=11 generatedColsBeforeNode=0 newCols=166 posCandidates=169 duplicateCandidates=3 updatedCols=3 zeroObjImproveIters=3 objFirst=906753.656237 objLast=1946913.164128 objGain=1040159.507891 maxRC=687808.011130 wallSec=0.072759 pricingSec=0.064674 cplexSolveSec=0.004338
      [BB] 根节点即为整数解，obj=1946913.164128
