    [CG] 列生成开始，初始列数=310
    [CG] CG iter 1: obj=931361.459398, maxRC=685052.929607, +30 cols
    [CG]   [DIAG] iter=1 posCols=30 newCols=30 effImprove=30 updated=0
    [CG] CG iter 2: obj=1501924.148051, maxRC=217253.197994, +29 cols
    [CG]   [DIAG] iter=2 posCols=29 newCols=29 effImprove=29 updated=0
    [CG] CG iter 3: obj=1694709.371939, maxRC=129913.571308, +25 cols
    [CG]   [DIAG] iter=3 posCols=25 newCols=25 effImprove=25 updated=0
    [CG] CG iter 4: obj=1756576.298568, maxRC=178469.825551, +24 cols
    [CG]   [DIAG] iter=4 posCols=24 newCols=24 effImprove=24 updated=0
    [CG] CG iter 5: obj=1762443.360470, maxRC=82781.072932, +25 cols
    [CG]   [DIAG] iter=5 posCols=25 newCols=25 effImprove=25 updated=0
    [CG] CG iter 6: obj=1797091.114251, maxRC=56523.394010, +20 cols
    [CG]   [DIAG] iter=6 posCols=20 newCols=18 effImprove=20 updated=2
    [CG] CG iter 7: obj=1846545.396968, maxRC=51566.340178, +15 cols
    [CG]   [DIAG] iter=7 posCols=15 newCols=15 effImprove=15 updated=0
    [CG] CG iter 8: obj=1846545.396968, maxRC=47100.811482, +12 cols
    [CG]   [DIAG] iter=8 posCols=12 newCols=12 effImprove=12 updated=0
    [CG] CG iter 9: obj=1846545.396968, maxRC=20294.590348, +10 cols
    [CG]   [DIAG] iter=9 posCols=10 newCols=10 effImprove=10 updated=0
    [CG] CG iter 10: obj=1874146.992714, maxRC=10370.640731, +7 cols
    [CG]   [DIAG] iter=10 posCols=7 newCols=7 effImprove=7 updated=0
    [CG] CG iter 11: obj=1883010.107163, maxRC=7114.543161, +3 cols
    [CG]   [DIAG] iter=11 posCols=3 newCols=2 effImprove=3 updated=1
    [CG] CG iter 12: obj=1883010.107163, maxRC=3122.390330, +1 cols
    [CG]   [DIAG] iter=12 posCols=1 newCols=1 effImprove=1 updated=0
    [CG] 列生成收敛，共 13 轮迭代
    [CG] [CG-NODE] depth=0 exit=CERTIFIED certified=1 feasible=1 iters=13 generatedColsBeforeNode=0 newCols=198 posCandidates=201 duplicateCandidates=3 updatedCols=3 zeroObjImproveIters=4 objFirst=931361.459398 objLast=1883010.107163 objGain=951648.647766 maxRC=685052.929607 wallSec=0.069603 pricingSec=0.063468 cplexSolveSec=0.003785
      [BB] 分支定界开始，根节点LP obj=1883010.107163，最大节点数=10000
      [BB] 根节点启发式下界 LB=1669921.391519（上界=1883010.107163）
    [CG] [BB-DIAG] 分支 x_{dc=4,retailer=1}, 节点数=1
    [CG] 列生成开始，初始列数=501
    [CG] CG iter 14: obj=1882992.576550, maxRC=37086.366688, +24 cols
    [CG]   [DIAG] iter=14 posCols=24 newCols=24 effImprove=24 updated=0
    [CG] CG iter 15: obj=1882992.576550, maxRC=14978.102996, +12 cols
    [CG]   [DIAG] iter=15 posCols=12 newCols=11 effImprove=12 updated=1
    [CG] CG iter 16: obj=1882992.576550, maxRC=6399.374083, +5 cols
    [CG]   [DIAG] iter=16 posCols=5 newCols=5 effImprove=5 updated=0
    [CG] CG iter 17: obj=1882992.576550, maxRC=3310.084113, +3 cols
    [CG]   [DIAG] iter=17 posCols=3 newCols=3 effImprove=3 updated=0
    [CG] CG iter 18: obj=1882992.576550, maxRC=187.071782, +2 cols
    [CG]   [DIAG] iter=18 posCols=2 newCols=2 effImprove=2 updated=0
    [CG] 列生成收敛，共 19 轮迭代
    [CG] [CG-NODE] depth=1 exit=CERTIFIED certified=1 feasible=1 iters=6 generatedColsBeforeNode=198 newCols=45 posCandidates=46 duplicateCandidates=1 updatedCols=1 zeroObjImproveIters=5 objFirst=1882992.576550 objLast=1882992.576550 objGain=0.000000 maxRC=37086.366688 wallSec=0.015299 pricingSec=0.011955 cplexSolveSec=0.002223
    [CG] 列生成开始，初始列数=466
    [CG] CG iter 20: obj=1878561.400717, maxRC=52932.778464, +23 cols
    [CG]   [DIAG] iter=20 posCols=23 newCols=23 effImprove=23 updated=0
    [CG] CG iter 21: obj=1878561.400717, maxRC=24863.812388, +17 cols
    [CG]   [DIAG] iter=21 posCols=17 newCols=17 effImprove=17 updated=0
    [CG] CG iter 22: obj=1878561.400717, maxRC=19793.363770, +15 cols
    [CG]   [DIAG] iter=22 posCols=15 newCols=14 effImprove=15 updated=1
    [CG] CG iter 23: obj=1878561.400717, maxRC=9111.253793, +5 cols
    [CG]   [DIAG] iter=23 posCols=5 newCols=4 effImprove=5 updated=1
    [CG] 列生成收敛，共 24 轮迭代
    [CG] [CG-NODE] depth=1 exit=CERTIFIED certified=1 feasible=1 iters=5 generatedColsBeforeNode=243 newCols=58 posCandidates=60 duplicateCandidates=2 updatedCols=2 zeroObjImproveIters=4 objFirst=1878561.400717 objLast=1878561.400717 objGain=0.000000 maxRC=52932.778464 wallSec=0.012320 pricingSec=0.009506 cplexSolveSec=0.001744
    [CG] [BB-INCUMBENT] selection=2 node=1 previous=1669921.391519 value=1878561.400717 active=1
    [CG] [BB-NODESEL] strategy=hybrid choice=dfs eligibleCount=1 active=1 gap=0.002359
    [CG] [BB-INCUMBENT] selection=3 node=1 previous=1878561.400717 value=1882992.576550 active=0
      [BB] 分支定界结束：处理 3 节点，剪枝 0，剩余活跃 0，整数解 3，状态=OPTIMAL，最好可行 obj=1882992.576550，gap=0.000000
