    [CG] 列生成开始，初始列数=310
    [CG] CG iter 1: obj=796883.972287, maxRC=685422.221006, +27 cols
    [CG]   [DIAG] iter=1 posCols=27 newCols=27 effImprove=27 updated=0
    [CG] CG iter 2: obj=1466740.674451, maxRC=263916.915106, +24 cols
    [CG]   [DIAG] iter=2 posCols=24 newCols=24 effImprove=24 updated=0
    [CG] CG iter 3: obj=1699802.175890, maxRC=172596.002697, +23 cols
    [CG]   [DIAG] iter=3 posCols=23 newCols=23 effImprove=23 updated=0
    [CG] CG iter 4: obj=1750258.343000, maxRC=148295.830626, +24 cols
    [CG]   [DIAG] iter=4 posCols=24 newCols=24 effImprove=24 updated=0
    [CG] CG iter 5: obj=1802506.095014, maxRC=88375.237748, +20 cols
    [CG]   [DIAG] iter=5 posCols=20 newCols=20 effImprove=20 updated=0
    [CG] CG iter 6: obj=1823743.576803, maxRC=64856.940521, +19 cols
    [CG]   [DIAG] iter=6 posCols=19 newCols=18 effImprove=19 updated=1
    [CG] CG iter 7: obj=1852206.969727, maxRC=59475.842374, +21 cols
    [CG]   [DIAG] iter=7 posCols=21 newCols=21 effImprove=21 updated=0
    [CG] CG iter 8: obj=1893559.388581, maxRC=51201.279345, +12 cols
    [CG]   [DIAG] iter=8 posCols=12 newCols=12 effImprove=12 updated=0
    [CG] CG iter 9: obj=1893559.388581, maxRC=10238.141533, +8 cols
    [CG]   [DIAG] iter=9 posCols=8 newCols=7 effImprove=8 updated=1
    [CG] CG iter 10: obj=1893559.388581, maxRC=6535.235566, +3 cols
    [CG]   [DIAG] iter=10 posCols=3 newCols=3 effImprove=3 updated=0
    [CG] 列生成收敛，共 11 轮迭代
    [CG] [CG-NODE] depth=0 exit=CERTIFIED certified=1 feasible=1 iters=11 generatedColsBeforeNode=0 newCols=179 posCandidates=181 duplicateCandidates=2 updatedCols=2 zeroObjImproveIters=2 objFirst=796883.972287 objLast=1900094.624147 objGain=1103210.651860 maxRC=685422.221006 wallSec=0.096673 pricingSec=0.088465 cplexSolveSec=0.004318
      [BB] 根节点即为整数解，obj=1900094.624147
