    [CG] 列生成开始，初始列数=310
    [CG] CG iter 1: obj=976492.650771, maxRC=685036.477616, +30 cols
    [CG]   [DIAG] iter=1 posCols=30 newCols=30 effImprove=30 updated=0
    [CG] CG iter 2: obj=1553187.077419, maxRC=215464.800230, +30 cols
    [CG]   [DIAG] iter=2 posCols=30 newCols=30 effImprove=30 updated=0
    [CG] CG iter 3: obj=1738436.884225, maxRC=180010.285409, +27 cols
    [CG]   [DIAG] iter=3 posCols=27 newCols=27 effImprove=27 updated=0
    [CG] CG iter 4: obj=1840580.740557, maxRC=175569.001896, +22 cols
    [CG]   [DIAG] iter=4 posCols=22 newCols=22 effImprove=22 updated=0
    [CG] CG iter 5: obj=1852696.772439, maxRC=114626.919354, +21 cols
    [CG]   [DIAG] iter=5 posCols=21 newCols=21 effImprove=21 updated=0
    [CG] CG iter 6: obj=1888988.586024, maxRC=68684.369898, +18 cols
    [CG]   [DIAG] iter=6 posCols=18 newCols=17 effImprove=18 updated=1
    [CG] CG iter 7: obj=1918669.065522, maxRC=37239.259695, +15 cols
    [CG]   [DIAG] iter=7 posCols=15 newCols=14 effImprove=15 updated=1
    [CG] CG iter 8: obj=1919587.810296, maxRC=21361.200571, +9 cols
    [CG]   [DIAG] iter=8 posCols=9 newCols=9 effImprove=9 updated=0
    [CG] CG iter 9: obj=1925714.932962, maxRC=7880.908538, +5 cols
    [CG]   [DIAG] iter=9 posCols=5 newCols=5 effImprove=5 updated=0
    [CG] 列生成收敛，共 10 轮迭代
    [CG] [CG-NODE] depth=0 exit=CERTIFIED certified=1 feasible=1 iters=10 generatedColsBeforeNode=0 newCols=175 posCandidates=177 duplicateCandidates=2 updatedCols=2 zeroObjImproveIters=0 objFirst=976492.650771 objLast=1933003.481306 objGain=956510.830535 maxRC=685036.477616 wallSec=0.053559 pricingSec=0.048526 cplexSolveSec=0.002852
      [BB] 根节点即为整数解，obj=1933003.481306
