    [CG] 列生成开始，初始列数=310
    [CG] CG iter 1: obj=935208.242397, maxRC=685052.929607, +30 cols
    [CG]   [DIAG] iter=1 posCols=30 newCols=30 effImprove=30 updated=0
    [CG] CG iter 2: obj=1504592.685334, maxRC=268842.662394, +28 cols
    [CG]   [DIAG] iter=2 posCols=28 newCols=28 effImprove=28 updated=0
    [CG] CG iter 3: obj=1659286.719189, maxRC=167847.936581, +27 cols
    [CG]   [DIAG] iter=3 posCols=27 newCols=27 effImprove=27 updated=0
    [CG] CG iter 4: obj=1821570.663661, maxRC=127892.067003, +24 cols
    [CG]   [DIAG] iter=4 posCols=24 newCols=24 effImprove=24 updated=0
    [CG] CG iter 5: obj=1834539.803591, maxRC=98520.943214, +24 cols
    [CG]   [DIAG] iter=5 posCols=24 newCols=23 effImprove=24 updated=1
    [CG] CG iter 6: obj=1834539.803591, maxRC=44172.227593, +16 cols
    [CG]   [DIAG] iter=6 posCols=16 newCols=16 effImprove=16 updated=0
    [CG] CG iter 7: obj=1865945.960064, maxRC=25017.242956, +10 cols
    [CG]   [DIAG] iter=7 posCols=10 newCols=9 effImprove=10 updated=1
    [CG] CG iter 8: obj=1865945.960064, maxRC=22132.874818, +11 cols
    [CG]   [DIAG] iter=8 posCols=11 newCols=10 effImprove=11 updated=1
    [CG] CG iter 9: obj=1870967.235478, maxRC=15384.089200, +6 cols
    [CG]   [DIAG] iter=9 posCols=6 newCols=6 effImprove=6 updated=0
    [CG] CG iter 10: obj=1885302.318893, maxRC=337.077223, +2 cols
    [CG]   [DIAG] iter=10 posCols=2 newCols=2 effImprove=2 updated=0
    [CG] CG iter 11: obj=1885302.318893, maxRC=216.980851, +1 cols
    [CG]   [DIAG] iter=11 posCols=1 newCols=1 effImprove=1 updated=0
    [CG] 列生成收敛，共 12 轮迭代
    [CG] [CG-NODE] depth=0 exit=CERTIFIED certified=1 feasible=1 iters=12 generatedColsBeforeNode=0 newCols=176 posCandidates=179 duplicateCandidates=3 updatedCols=3 zeroObjImproveIters=4 objFirst=935208.242397 objLast=1885302.318893 objGain=950094.076496 maxRC=685052.929607 wallSec=0.089707 pricingSec=0.081368 cplexSolveSec=0.004307
      [BB] 根节点即为整数解，obj=1885302.318893
