    [CG] 列生成开始，初始列数=310
    [CG] CG iter 1: obj=939559.692166, maxRC=685403.229342, +30 cols
    [CG]   [DIAG] iter=1 posCols=30 newCols=30 effImprove=30 updated=0
    [CG] CG iter 2: obj=1560106.292564, maxRC=269371.722167, +27 cols
    [CG]   [DIAG] iter=2 posCols=27 newCols=27 effImprove=27 updated=0
    [CG] CG iter 3: obj=1598316.559542, maxRC=266282.026871, +27 cols
    [CG]   [DIAG] iter=3 posCols=27 newCols=27 effImprove=27 updated=0
    [CG] CG iter 4: obj=1825198.532239, maxRC=120974.198065, +24 cols
    [CG]   [DIAG] iter=4 posCols=24 newCols=24 effImprove=24 updated=0
    [CG] CG iter 5: obj=1825198.532239, maxRC=75525.210707, +22 cols
    [CG]   [DIAG] iter=5 posCols=22 newCols=22 effImprove=22 updated=0
    [CG] CG iter 6: obj=1849266.002500, maxRC=68933.999833, +23 cols
    [CG]   [DIAG] iter=6 posCols=23 newCols=22 effImprove=23 updated=1
    [CG] CG iter 7: obj=1870870.627204, maxRC=80414.208375, +22 cols
    [CG]   [DIAG] iter=7 posCols=22 newCols=21 effImprove=22 updated=1
    [CG] CG iter 8: obj=1899880.834450, maxRC=30183.800609, +16 cols
    [CG]   [DIAG] iter=8 posCols=16 newCols=15 effImprove=16 updated=1
    [CG] CG iter 9: obj=1918322.417726, maxRC=25253.544743, +10 cols
    [CG]   [DIAG] iter=9 posCols=10 newCols=10 effImprove=10 updated=0
    [CG] CG iter 10: obj=1934584.963306, maxRC=9401.059709, +8 cols
    [CG]   [DIAG] iter=10 posCols=8 newCols=7 effImprove=8 updated=1
    [CG] CG iter 11: obj=1954056.995096, maxRC=203.558148, +1 cols
    [CG]   [DIAG] iter=11 posCols=1 newCols=1 effImprove=1 updated=0
    [CG] 列生成收敛，共 12 轮迭代
    [CG] [CG-NODE] depth=0 exit=CERTIFIED certified=1 feasible=1 iters=12 generatedColsBeforeNode=0 newCols=206 posCandidates=210 duplicateCandidates=4 updatedCols=4 zeroObjImproveIters=2 objFirst=939559.692166 objLast=1954056.995096 objGain=1014497.302930 maxRC=685403.229342 wallSec=0.064115 pricingSec=0.057966 cplexSolveSec=0.003610
      [BB] 根节点即为整数解，obj=1954056.995096
