    [CG] 列生成开始，初始列数=310
    [CG] CG iter 1: obj=583986.723420, maxRC=1485917.767506, +25 cols
    [CG]   [DIAG] iter=1 posCols=25 newCols=25 effImprove=25 updated=0
    [CG] CG iter 2: obj=1646734.954505, maxRC=460892.962619, +18 cols
    [CG]   [DIAG] iter=2 posCols=18 newCols=18 effImprove=18 updated=0
    [CG] CG iter 3: obj=1689369.869626, maxRC=599972.800738, +17 cols
    [CG]   [DIAG] iter=3 posCols=17 newCols=17 effImprove=17 updated=0
    [CG] CG iter 4: obj=1689369.869626, maxRC=637084.277069, +14 cols
    [CG]   [DIAG] iter=4 posCols=14 newCols=14 effImprove=14 updated=0
    [CG] CG iter 5: obj=1740338.626144, maxRC=663235.581727, +17 cols
    [CG]   [DIAG] iter=5 posCols=17 newCols=17 effImprove=17 updated=0
    [CG] CG iter 6: obj=1749494.131279, maxRC=503403.109783, +11 cols
    [CG]   [DIAG] iter=6 posCols=11 newCols=10 effImprove=11 updated=1
    [CG] CG iter 7: obj=1753978.627862, maxRC=508377.148210, +11 cols
    [CG]   [DIAG] iter=7 posCols=11 newCols=11 effImprove=11 updated=0
    [CG] CG iter 8: obj=1783512.606431, maxRC=524344.981323, +14 cols
    [CG]   [DIAG] iter=8 posCols=14 newCols=14 effImprove=14 updated=0
    [CG] CG iter 9: obj=1811538.959678, maxRC=370344.138213, +11 cols
    [CG]   [DIAG] iter=9 posCols=11 newCols=11 effImprove=11 updated=0
    [CG] CG iter 10: obj=1817342.580851, maxRC=157501.156944, +9 cols
    [CG]   [DIAG] iter=10 posCols=9 newCols=9 effImprove=9 updated=0
    [CG] CG iter 11: obj=1918918.935343, maxRC=173104.791740, +10 cols
    [CG]   [DIAG] iter=11 posCols=10 newCols=10 effImprove=10 updated=0
    [CG] CG iter 12: obj=1918918.935343, maxRC=110891.064759, +9 cols
    [CG]   [DIAG] iter=12 posCols=9 newCols=9 effImprove=9 updated=0
    [CG] CG iter 13: obj=1918918.935343, maxRC=94193.043699, +9 cols
    [CG]   [DIAG] iter=13 posCols=9 newCols=9 effImprove=9 updated=0
    [CG] CG iter 14: obj=1930543.106959, maxRC=165027.245288, +9 cols
    [CG]   [DIAG] iter=14 posCols=9 newCols=9 effImprove=9 updated=0
    [CG] CG iter 15: obj=1949847.885347, maxRC=60389.754227, +9 cols
    [CG]   [DIAG] iter=15 posCols=9 newCols=9 effImprove=9 updated=0
    [CG] CG iter 16: obj=1964318.713898, maxRC=84453.717664, +9 cols
    [CG]   [DIAG] iter=16 posCols=9 newCols=9 effImprove=9 updated=0
    [CG] CG iter 17: obj=1964318.713898, maxRC=48277.798818, +9 cols
    [CG]   [DIAG] iter=17 posCols=9 newCols=9 effImprove=9 updated=0
    [CG] CG iter 18: obj=1964318.713898, maxRC=31852.273661, +9 cols
    [CG]   [DIAG] iter=18 posCols=9 newCols=9 effImprove=9 updated=0
    [CG] CG iter 19: obj=1992285.648196, maxRC=23642.030252, +9 cols
    [CG]   [DIAG] iter=19 posCols=9 newCols=9 effImprove=9 updated=0
    [CG] CG iter 20: obj=1992285.648196, maxRC=22803.563018, +7 cols
    [CG]   [DIAG] iter=20 posCols=7 newCols=7 effImprove=7 updated=0
    [CG] CG iter 21: obj=1992285.648196, maxRC=30845.138117, +7 cols
    [CG]   [DIAG] iter=21 posCols=7 newCols=7 effImprove=7 updated=0
    [CG] CG iter 22: obj=1992285.648196, maxRC=22869.902316, +9 cols
    [CG]   [DIAG] iter=22 posCols=9 newCols=9 effImprove=9 updated=0
    [CG] CG iter 23: obj=1992285.648196, maxRC=26106.808621, +9 cols
    [CG]   [DIAG] iter=23 posCols=9 newCols=9 effImprove=9 updated=0
    [CG] CG iter 24: obj=1992285.648196, maxRC=8273.129880, +6 cols
    [CG]   [DIAG] iter=24 posCols=6 newCols=6 effImprove=6 updated=0
    [CG] CG iter 25: obj=1992285.648196, maxRC=3386.508883, +4 cols
    [CG]   [DIAG] iter=25 posCols=4 newCols=4 effImprove=4 updated=0
    [CG] CG iter 26: obj=1994734.636776, maxRC=3308.561764, +3 cols
    [CG]   [DIAG] iter=26 posCols=3 newCols=3 effImprove=3 updated=0
    [CG] CG iter 27: obj=1998043.198539, maxRC=3706.424996, +4 cols
    [CG]   [DIAG] iter=27 posCols=4 newCols=4 effImprove=4 updated=0
    [CG] CG iter 28: obj=1998043.198539, maxRC=2989.810211, +4 cols
    [CG]   [DIAG] iter=28 posCols=4 newCols=3 effImprove=4 updated=1
    [CG] CG iter 29: obj=1998043.198539, maxRC=98.367086, +1 cols
    [CG]   [DIAG] iter=29 posCols=1 newCols=1 effImprove=1 updated=0
    [CG] 列生成收敛，共 30 轮迭代
    [CG] [CG-NODE] depth=0 exit=CERTIFIED certified=1 feasible=1 iters=30 generatedColsBeforeNode=0 newCols=281 posCandidates=283 duplicateCandidates=2 updatedCols=2 zeroObjImproveIters=14 objFirst=583986.723420 objLast=1998043.198539 objGain=1414056.475119 maxRC=1485917.767506 wallSec=0.257180 pricingSec=0.239843 cplexSolveSec=0.011459
      [BB] 根节点即为整数解，obj=1998043.198539
