    [CG] 列生成开始，初始列数=310
    [CG] CG iter 1: obj=301163.300234, maxRC=1365190.244688, +21 cols
    [CG]   [DIAG] iter=1 posCols=21 newCols=21 effImprove=21 updated=0
    [CG] CG iter 2: obj=1470969.213566, maxRC=837112.559603, +15 cols
    [CG]   [DIAG] iter=2 posCols=15 newCols=15 effImprove=15 updated=0
    [CG] CG iter 3: obj=1470969.213566, maxRC=822482.540530, +10 cols
    [CG]   [DIAG] iter=3 posCols=10 newCols=10 effImprove=10 updated=0
    [CG] CG iter 4: obj=1470969.213566, maxRC=821075.215024, +9 cols
    [CG]   [DIAG] iter=4 posCols=9 newCols=9 effImprove=9 updated=0
    [CG] CG iter 5: obj=1470969.213566, maxRC=775762.569107, +7 cols
    [CG]   [DIAG] iter=5 posCols=7 newCols=7 effImprove=7 updated=0
    [CG] CG iter 6: obj=1470969.213566, maxRC=758709.738928, +9 cols
    [CG]   [DIAG] iter=6 posCols=9 newCols=9 effImprove=9 updated=0
    [CG] CG iter 7: obj=1470969.213566, maxRC=753444.333781, +6 cols
    [CG]   [DIAG] iter=7 posCols=6 newCols=6 effImprove=6 updated=0
    [CG] CG iter 8: obj=1470969.213566, maxRC=706685.222112, +6 cols
    [CG]   [DIAG] iter=8 posCols=6 newCols=6 effImprove=6 updated=0
    [CG] CG iter 9: obj=1472423.546078, maxRC=712541.358269, +9 cols
    [CG]   [DIAG] iter=9 posCols=9 newCols=9 effImprove=9 updated=0
    [CG] CG iter 10: obj=1472423.546078, maxRC=663823.930112, +6 cols
    [CG]   [DIAG] iter=10 posCols=6 newCols=6 effImprove=6 updated=0
    [CG] CG iter 11: obj=1476631.393377, maxRC=655589.040259, +7 cols
    [CG]   [DIAG] iter=11 posCols=7 newCols=7 effImprove=7 updated=0
    [CG] CG iter 12: obj=1480056.688831, maxRC=574916.462006, +6 cols
    [CG]   [DIAG] iter=12 posCols=6 newCols=6 effImprove=6 updated=0
    [CG] CG iter 13: obj=1480056.688831, maxRC=599923.182549, +4 cols
    [CG]   [DIAG] iter=13 posCols=4 newCols=4 effImprove=4 updated=0
    [CG] CG iter 14: obj=1490385.792385, maxRC=39062.115128, +4 cols
    [CG]   [DIAG] iter=14 posCols=4 newCols=4 effImprove=4 updated=0
    [CG] CG iter 15: obj=1490385.792385, maxRC=21974.779505, +6 cols
    [CG]   [DIAG] iter=15 posCols=6 newCols=6 effImprove=6 updated=0
    [CG] CG iter 16: obj=1512360.571890, maxRC=37268.198114, +3 cols
    [CG]   [DIAG] iter=16 posCols=3 newCols=3 effImprove=3 updated=0
    [CG] CG iter 17: obj=1512360.571890, maxRC=27029.744020, +3 cols
    [CG]   [DIAG] iter=17 posCols=3 newCols=3 effImprove=3 updated=0
    [CG] CG iter 18: obj=1512360.571890, maxRC=17737.105753, +3 cols
    [CG]   [DIAG] iter=18 posCols=3 newCols=3 effImprove=3 updated=0
    [CG] CG iter 19: obj=1512360.571890, maxRC=8488.614895, +2 cols
    [CG]   [DIAG] iter=19 posCols=2 newCols=2 effImprove=2 updated=0
    [CG] CG iter 20: obj=1512360.571890, maxRC=6798.341152, +2 cols
    [CG]   [DIAG] iter=20 posCols=2 newCols=2 effImprove=2 updated=0
    [CG] CG iter 21: obj=1512360.571890, maxRC=10417.693350, +2 cols
    [CG]   [DIAG] iter=21 posCols=2 newCols=2 effImprove=2 updated=0
    [CG] CG iter 22: obj=1512360.571890, maxRC=5369.131341, +2 cols
    [CG]   [DIAG] iter=22 posCols=2 newCols=2 effImprove=2 updated=0
    [CG] CG iter 23: obj=1512360.571890, maxRC=1748.258943, +1 cols
    [CG]   [DIAG] iter=23 posCols=1 newCols=1 effImprove=1 updated=0
    [CG] CG iter 24: obj=1512360.571890, maxRC=1633.455426, +1 cols
    [CG]   [DIAG] iter=24 posCols=1 newCols=1 effImprove=1 updated=0
    [CG] CG iter 25: obj=1512360.571890, maxRC=812.694653, +1 cols
    [CG]   [DIAG] iter=25 posCols=1 newCols=1 effImprove=1 updated=0
    [CG] 列生成收敛，共 26 轮迭代
    [CG] [CG-NODE] depth=0 exit=CERTIFIED certified=1 feasible=1 iters=26 generatedColsBeforeNode=0 newCols=145 posCandidates=145 duplicateCandidates=0 updatedCols=0 zeroObjImproveIters=19 objFirst=301163.300234 objLast=1512360.571890 objGain=1211197.271657 maxRC=1365190.244688 wallSec=0.731782 pricingSec=0.719169 cplexSolveSec=0.007451
      [BB] 根节点即为整数解，obj=1512360.571890
