    [CG] 列生成开始，初始列数=310
    [CG] CG iter 1: obj=583807.832474, maxRC=1466048.581923, +21 cols
    [CG]   [DIAG] iter=1 posCols=21 newCols=21 effImprove=21 updated=0
    [CG] CG iter 2: obj=1646114.077495, maxRC=365917.324690, +18 cols
    [CG]   [DIAG] iter=2 posCols=18 newCols=18 effImprove=18 updated=0
    [CG] CG iter 3: obj=1752457.759555, maxRC=601035.303484, +19 cols
    [CG]   [DIAG] iter=3 posCols=19 newCols=19 effImprove=19 updated=0
    [CG] CG iter 4: obj=1760470.704743, maxRC=574600.944526, +15 cols
    [CG]   [DIAG] iter=4 posCols=15 newCols=15 effImprove=15 updated=0
    [CG] CG iter 5: obj=1804425.454350, maxRC=590033.555291, +18 cols
    [CG]   [DIAG] iter=5 posCols=18 newCols=18 effImprove=18 updated=0
    [CG] CG iter 6: obj=1833083.162201, maxRC=377630.271923, +15 cols
    [CG]   [DIAG] iter=6 posCols=15 newCols=14 effImprove=15 updated=1
    [CG] CG iter 7: obj=1857922.475425, maxRC=279567.028296, +12 cols
    [CG]   [DIAG] iter=7 posCols=12 newCols=11 effImprove=12 updated=1
    [CG] CG iter 8: obj=1901281.641878, maxRC=155732.152871, +13 cols
    [CG]   [DIAG] iter=8 posCols=13 newCols=13 effImprove=13 updated=0
    [CG] CG iter 9: obj=1914098.288166, maxRC=139141.474509, +11 cols
    [CG]   [DIAG] iter=9 posCols=11 newCols=11 effImprove=11 updated=0
    [CG] CG iter 10: obj=1925500.255031, maxRC=107244.263335, +9 cols
    [CG]   [DIAG] iter=10 posCols=9 newCols=9 effImprove=9 updated=0
    [CG] CG iter 11: obj=1942966.016057, maxRC=89155.979765, +9 cols
    [CG]   [DIAG] iter=11 posCols=9 newCols=9 effImprove=9 updated=0
    [CG] CG iter 12: obj=1958080.309847, maxRC=42445.689755, +9 cols
    [CG]   [DIAG] iter=12 posCols=9 newCols=9 effImprove=9 updated=0
    [CG] CG iter 13: obj=1977728.579090, maxRC=61122.243754, +9 cols
    [CG]   [DIAG] iter=13 posCols=9 newCols=9 effImprove=9 updated=0
    [CG] CG iter 14: obj=2001765.704425, maxRC=40692.360145, +9 cols
    [CG]   [DIAG] iter=14 posCols=9 newCols=9 effImprove=9 updated=0
    [CG] CG iter 15: obj=2001765.704425, maxRC=51593.161178, +9 cols
    [CG]   [DIAG] iter=15 posCols=9 newCols=9 effImprove=9 updated=0
    [CG] CG iter 16: obj=2001765.704425, maxRC=29487.606296, +9 cols
    [CG]   [DIAG] iter=16 posCols=9 newCols=9 effImprove=9 updated=0
    [CG] CG iter 17: obj=2009137.605999, maxRC=22995.367007, +9 cols
    [CG]   [DIAG] iter=17 posCols=9 newCols=9 effImprove=9 updated=0
    [CG] CG iter 18: obj=2009137.605999, maxRC=15411.022849, +8 cols
    [CG]   [DIAG] iter=18 posCols=8 newCols=8 effImprove=8 updated=0
    [CG] CG iter 19: obj=2021274.972708, maxRC=12237.427546, +5 cols
    [CG]   [DIAG] iter=19 posCols=5 newCols=5 effImprove=5 updated=0
    [CG] CG iter 20: obj=2025541.837799, maxRC=2428.084598, +5 cols
    [CG]   [DIAG] iter=20 posCols=5 newCols=5 effImprove=5 updated=0
    [CG] CG iter 21: obj=2027969.922397, maxRC=616.661506, +2 cols
    [CG]   [DIAG] iter=21 posCols=2 newCols=2 effImprove=2 updated=0
    [CG] 列生成收敛，共 22 轮迭代
    [CG] [CG-NODE] depth=0 exit=CERTIFIED certified=1 feasible=1 iters=22 generatedColsBeforeNode=0 newCols=232 posCandidates=234 duplicateCandidates=2 updatedCols=2 zeroObjImproveIters=4 objFirst=583807.832474 objLast=2027969.922397 objGain=1444162.089923 maxRC=1466048.581923 wallSec=0.213152 pricingSec=0.199853 cplexSolveSec=0.008226
      [BB] 根节点即为整数解，obj=2027969.922397
