    [CG] 列生成开始，初始列数=310
    [CG] CG iter 1: obj=602111.570731, maxRC=1485700.707582, +27 cols
    [CG]   [DIAG] iter=1 posCols=27 newCols=27 effImprove=27 updated=0
    [CG] CG iter 2: obj=1663356.917091, maxRC=481201.485084, +15 cols
    [CG]   [DIAG] iter=2 posCols=15 newCols=15 effImprove=15 updated=0
    [CG] CG iter 3: obj=1708779.290660, maxRC=618664.294098, +22 cols
    [CG]   [DIAG] iter=3 posCols=22 newCols=22 effImprove=22 updated=0
    [CG] CG iter 4: obj=1711410.871241, maxRC=588124.235287, +15 cols
    [CG]   [DIAG] iter=4 posCols=15 newCols=15 effImprove=15 updated=0
    [CG] CG iter 5: obj=1714974.770115, maxRC=465013.566787, +14 cols
    [CG]   [DIAG] iter=5 posCols=14 newCols=14 effImprove=14 updated=0
    [CG] CG iter 6: obj=1791810.033845, maxRC=566718.032244, +17 cols
    [CG]   [DIAG] iter=6 posCols=17 newCols=17 effImprove=17 updated=0
    [CG] CG iter 7: obj=1813651.065944, maxRC=479709.267618, +17 cols
    [CG]   [DIAG] iter=7 posCols=17 newCols=17 effImprove=17 updated=0
    [CG] CG iter 8: obj=1831775.428650, maxRC=160141.527258, +12 cols
    [CG]   [DIAG] iter=8 posCols=12 newCols=12 effImprove=12 updated=0
    [CG] CG iter 9: obj=1931111.830639, maxRC=133712.747727, +9 cols
    [CG]   [DIAG] iter=9 posCols=9 newCols=9 effImprove=9 updated=0
    [CG] CG iter 10: obj=1931111.830639, maxRC=99348.381182, +11 cols
    [CG]   [DIAG] iter=10 posCols=11 newCols=11 effImprove=11 updated=0
    [CG] CG iter 11: obj=1931111.830639, maxRC=120570.066338, +9 cols
    [CG]   [DIAG] iter=11 posCols=9 newCols=9 effImprove=9 updated=0
    [CG] CG iter 12: obj=1931111.830639, maxRC=185716.678966, +12 cols
    [CG]   [DIAG] iter=12 posCols=12 newCols=11 effImprove=12 updated=1
    [CG] CG iter 13: obj=1931111.830639, maxRC=123815.994523, +9 cols
    [CG]   [DIAG] iter=13 posCols=9 newCols=9 effImprove=9 updated=0
    [CG] CG iter 14: obj=1935828.125344, maxRC=89238.519197, +9 cols
    [CG]   [DIAG] iter=14 posCols=9 newCols=9 effImprove=9 updated=0
    [CG] CG iter 15: obj=1960068.821758, maxRC=61574.680948, +9 cols
    [CG]   [DIAG] iter=15 posCols=9 newCols=9 effImprove=9 updated=0
    [CG] CG iter 16: obj=1989330.737434, maxRC=36468.549428, +9 cols
    [CG]   [DIAG] iter=16 posCols=9 newCols=9 effImprove=9 updated=0
    [CG] CG iter 17: obj=1989330.737434, maxRC=39108.892702, +9 cols
    [CG]   [DIAG] iter=17 posCols=9 newCols=9 effImprove=9 updated=0
    [CG] CG iter 18: obj=1989330.737434, maxRC=63942.791079, +9 cols
    [CG]   [DIAG] iter=18 posCols=9 newCols=9 effImprove=9 updated=0
    [CG] CG iter 19: obj=1989330.737434, maxRC=58865.824105, +9 cols
    [CG]   [DIAG] iter=19 posCols=9 newCols=9 effImprove=9 updated=0
    [CG] CG iter 20: obj=1989330.737434, maxRC=44707.225686, +9 cols
    [CG]   [DIAG] iter=20 posCols=9 newCols=9 effImprove=9 updated=0
    [CG] CG iter 21: obj=1989330.737434, maxRC=57330.512690, +9 cols
    [CG]   [DIAG] iter=21 posCols=9 newCols=9 effImprove=9 updated=0
    [CG] CG iter 22: obj=1989330.737434, maxRC=21968.446336, +8 cols
    [CG]   [DIAG] iter=22 posCols=8 newCols=8 effImprove=8 updated=0
    [CG] CG iter 23: obj=2011299.183770, maxRC=26527.556180, +9 cols
    [CG]   [DIAG] iter=23 posCols=9 newCols=9 effImprove=9 updated=0
    [CG] CG iter 24: obj=2011299.183770, maxRC=30768.940934, +7 cols
    [CG]   [DIAG] iter=24 posCols=7 newCols=7 effImprove=7 updated=0
    [CG] CG iter 25: obj=2019410.925300, maxRC=24388.266165, +6 cols
    [CG]   [DIAG] iter=25 posCols=6 newCols=6 effImprove=6 updated=0
    [CG] CG iter 26: obj=2019410.925300, maxRC=13745.510036, +6 cols
    [CG]   [DIAG] iter=26 posCols=6 newCols=6 effImprove=6 updated=0
    [CG] CG iter 27: obj=2019410.925300, maxRC=14967.607807, +6 cols
    [CG]   [DIAG] iter=27 posCols=6 newCols=6 effImprove=6 updated=0
    [CG] CG iter 28: obj=2019410.925300, maxRC=13864.977387, +6 cols
    [CG]   [DIAG] iter=28 posCols=6 newCols=6 effImprove=6 updated=0
    [CG] CG iter 29: obj=2019410.925300, maxRC=6627.496333, +6 cols
    [CG]   [DIAG] iter=29 posCols=6 newCols=6 effImprove=6 updated=0
    [CG] CG iter 30: obj=2019410.925300, maxRC=7428.519707, +6 cols
    [CG]   [DIAG] iter=30 posCols=6 newCols=6 effImprove=6 updated=0
    [CG] CG iter 31: obj=2021452.665403, maxRC=8483.891493, +6 cols
    [CG]   [DIAG] iter=31 posCols=6 newCols=6 effImprove=6 updated=0
    [CG] CG iter 32: obj=2021452.665403, maxRC=3805.761926, +6 cols
    [CG]   [DIAG] iter=32 posCols=6 newCols=6 effImprove=6 updated=0
    [CG] CG iter 33: obj=2021452.665403, maxRC=3767.745372, +4 cols
    [CG]   [DIAG] iter=33 posCols=4 newCols=4 effImprove=4 updated=0
    [CG] CG iter 34: obj=2021452.665403, maxRC=2051.791777, +2 cols
    [CG]   [DIAG] iter=34 posCols=2 newCols=2 effImprove=2 updated=0
    [CG] CG iter 35: obj=2021452.665403, maxRC=2025.594901, +1 cols
    [CG]   [DIAG] iter=35 posCols=1 newCols=1 effImprove=1 updated=0
    [CG] CG iter 36: obj=2021452.665403, maxRC=247.592950, +1 cols
    [CG]   [DIAG] iter=36 posCols=1 newCols=1 effImprove=1 updated=0
    [CG] CG iter 37: obj=2021452.665403, maxRC=697.923931, +1 cols
    [CG]   [DIAG] iter=37 posCols=1 newCols=1 effImprove=1 updated=0
    [CG] CG iter 38: obj=2021452.665403, maxRC=274.919540, +1 cols
    [CG]   [DIAG] iter=38 posCols=1 newCols=1 effImprove=1 updated=0
    [CG] CG iter 39: obj=2021452.665403, maxRC=176.788084, +1 cols
    [CG]   [DIAG] iter=39 posCols=1 newCols=1 effImprove=1 updated=0
    [CG] CG iter 40: obj=2021452.665403, maxRC=81.263147, +1 cols
    [CG]   [DIAG] iter=40 posCols=1 newCols=1 effImprove=1 updated=0
    [CG] CG iter 41: obj=2021452.665403, maxRC=42.503927, +1 cols
    [CG]   [DIAG] iter=41 posCols=1 newCols=1 effImprove=1 updated=0
    [CG] 列生成收敛，共 42 轮迭代
    [CG] [CG-NODE] depth=0 exit=CERTIFIED certified=1 feasible=1 iters=42 generatedColsBeforeNode=0 newCols=345 posCandidates=346 duplicateCandidates=1 updatedCols=1 zeroObjImproveIters=27 objFirst=602111.570731 objLast=2021452.665403 objGain=1419341.094673 maxRC=1485700.707582 wallSec=0.289843 pricingSec=0.267882 cplexSolveSec=0.015016
      [BB] 根节点即为整数解，obj=2021452.665403
