    [CG] 列生成开始，初始列数=310
    [CG] CG iter 1: obj=870532.023331, maxRC=1491817.010026, +30 cols
    [CG]   [DIAG] iter=1 posCols=30 newCols=30 effImprove=30 updated=0
    [CG] CG iter 2: obj=1750556.026209, maxRC=353015.630169, +29 cols
    [CG]   [DIAG] iter=2 posCols=29 newCols=29 effImprove=29 updated=0
    [CG] CG iter 3: obj=1851838.911066, maxRC=473127.887549, +30 cols
    [CG]   [DIAG] iter=3 posCols=30 newCols=30 effImprove=30 updated=0
    [CG] CG iter 4: obj=2020640.516656, maxRC=331532.339064, +30 cols
    [CG]   [DIAG] iter=4 posCols=30 newCols=30 effImprove=30 updated=0
    [CG] CG iter 5: obj=2070855.698461, maxRC=152197.103914, +21 cols
    [CG]   [DIAG] iter=5 posCols=21 newCols=21 effImprove=21 updated=0
    [CG] CG iter 6: obj=2211590.433820, maxRC=201040.432000, +22 cols
    [CG]   [DIAG] iter=6 posCols=22 newCols=22 effImprove=22 updated=0
    [CG] CG iter 7: obj=2211590.433820, maxRC=142972.180797, +19 cols
    [CG]   [DIAG] iter=7 posCols=19 newCols=19 effImprove=19 updated=0
    [CG] CG iter 8: obj=2243183.467472, maxRC=181720.253468, +20 cols
    [CG]   [DIAG] iter=8 posCols=20 newCols=20 effImprove=20 updated=0
    [CG] CG iter 9: obj=2263100.018848, maxRC=174886.849941, +19 cols
    [CG]   [DIAG] iter=9 posCols=19 newCols=18 effImprove=19 updated=1
    [CG] CG iter 10: obj=2276463.670405, maxRC=130437.848792, +12 cols
    [CG]   [DIAG] iter=10 posCols=12 newCols=12 effImprove=12 updated=0
    [CG] CG iter 11: obj=2276463.670405, maxRC=127917.999296, +12 cols
    [CG]   [DIAG] iter=11 posCols=12 newCols=12 effImprove=12 updated=0
    [CG] CG iter 12: obj=2278585.462822, maxRC=70433.996651, +16 cols
    [CG]   [DIAG] iter=12 posCols=16 newCols=15 effImprove=16 updated=1
    [CG] CG iter 13: obj=2331546.754904, maxRC=48094.737349, +13 cols
    [CG]   [DIAG] iter=13 posCols=13 newCols=13 effImprove=13 updated=0
    [CG] CG iter 14: obj=2331546.754904, maxRC=49022.112005, +14 cols
    [CG]   [DIAG] iter=14 posCols=14 newCols=14 effImprove=14 updated=0
    [CG] CG iter 15: obj=2341046.123113, maxRC=29463.139488, +9 cols
    [CG]   [DIAG] iter=15 posCols=9 newCols=9 effImprove=9 updated=0
    [CG] CG iter 16: obj=2341046.123113, maxRC=34679.252403, +10 cols
    [CG]   [DIAG] iter=16 posCols=10 newCols=10 effImprove=10 updated=0
    [CG] CG iter 17: obj=2341046.123113, maxRC=28443.059874, +6 cols
    [CG]   [DIAG] iter=17 posCols=6 newCols=6 effImprove=6 updated=0
    [CG] CG iter 18: obj=2346112.517872, maxRC=40936.705428, +8 cols
    [CG]   [DIAG] iter=18 posCols=8 newCols=8 effImprove=8 updated=0
    [CG] CG iter 19: obj=2346246.910972, maxRC=31896.836310, +7 cols
    [CG]   [DIAG] iter=19 posCols=7 newCols=7 effImprove=7 updated=0
    [CG] CG iter 20: obj=2354474.518290, maxRC=17555.440484, +6 cols
    [CG]   [DIAG] iter=20 posCols=6 newCols=6 effImprove=6 updated=0
    [CG] CG iter 21: obj=2354474.518290, maxRC=12652.772737, +4 cols
    [CG]   [DIAG] iter=21 posCols=4 newCols=4 effImprove=4 updated=0
    [CG] CG iter 22: obj=2354474.518290, maxRC=5671.540425, +3 cols
    [CG]   [DIAG] iter=22 posCols=3 newCols=3 effImprove=3 updated=0
    [CG] CG iter 23: obj=2354474.518290, maxRC=9999.176418, +3 cols
    [CG]   [DIAG] iter=23 posCols=3 newCols=3 effImprove=3 updated=0
    [CG] CG iter 24: obj=2354474.518290, maxRC=6536.037743, +3 cols
    [CG]   [DIAG] iter=24 posCols=3 newCols=3 effImprove=3 updated=0
    [CG] CG iter 25: obj=2354474.518290, maxRC=2583.670034, +3 cols
    [CG]   [DIAG] iter=25 posCols=3 newCols=3 effImprove=3 updated=0
    [CG] CG iter 26: obj=2354474.518290, maxRC=2703.825640, +3 cols
    [CG]   [DIAG] iter=26 posCols=3 newCols=3 effImprove=3 updated=0
    [CG] CG iter 27: obj=2357016.244868, maxRC=1899.372967, +3 cols
    [CG]   [DIAG] iter=27 posCols=3 newCols=3 effImprove=3 updated=0
    [CG] CG iter 28: obj=2357016.244868, maxRC=7.269876, +1 cols
    [CG]   [DIAG] iter=28 posCols=1 newCols=0 effImprove=1 updated=1
    [CG] 列生成收敛，共 29 轮迭代
    [CG] [CG-NODE] depth=0 exit=CERTIFIED certified=1 feasible=1 iters=29 generatedColsBeforeNode=0 newCols=353 posCandidates=356 duplicateCandidates=3 updatedCols=3 zeroObjImproveIters=13 objFirst=870532.023331 objLast=2357016.244868 objGain=1486484.221537 maxRC=1491817.010026 wallSec=0.237218 pricingSec=0.220490 cplexSolveSec=0.010962
      [BB] 根节点即为整数解，obj=2357016.244868
