    [CG] 列生成开始，初始列数=310
    [CG] CG iter 1: obj=894025.133542, maxRC=1325400.555603, +30 cols
    [CG]   [DIAG] iter=1 posCols=30 newCols=30 effImprove=30 updated=0
    [CG] CG iter 2: obj=1645068.791365, maxRC=380599.416725, +30 cols
    [CG]   [DIAG] iter=2 posCols=30 newCols=30 effImprove=30 updated=0
    [CG] CG iter 3: obj=1850465.173612, maxRC=546681.787701, +30 cols
    [CG]   [DIAG] iter=3 posCols=30 newCols=30 effImprove=30 updated=0
    [CG] CG iter 4: obj=1980842.681337, maxRC=279716.770919, +30 cols
    [CG]   [DIAG] iter=4 posCols=30 newCols=30 effImprove=30 updated=0
    [CG] CG iter 5: obj=2068668.515727, maxRC=166740.844918, +27 cols
    [CG]   [DIAG] iter=5 posCols=27 newCols=27 effImprove=27 updated=0
    [CG] CG iter 6: obj=2213589.725555, maxRC=240556.101217, +24 cols
    [CG]   [DIAG] iter=6 posCols=24 newCols=24 effImprove=24 updated=0
    [CG] CG iter 7: obj=2221171.032005, maxRC=163048.290180, +26 cols
    [CG]   [DIAG] iter=7 posCols=26 newCols=26 effImprove=26 updated=0
    [CG] CG iter 8: obj=2230757.730404, maxRC=123776.893110, +19 cols
    [CG]   [DIAG] iter=8 posCols=19 newCols=17 effImprove=19 updated=2
    [CG] CG iter 9: obj=2248136.801655, maxRC=150900.077706, +18 cols
    [CG]   [DIAG] iter=9 posCols=18 newCols=18 effImprove=18 updated=0
    [CG] CG iter 10: obj=2248136.801655, maxRC=134348.207340, +13 cols
    [CG]   [DIAG] iter=10 posCols=13 newCols=13 effImprove=13 updated=0
    [CG] CG iter 11: obj=2248136.801655, maxRC=54380.008658, +12 cols
    [CG]   [DIAG] iter=11 posCols=12 newCols=12 effImprove=12 updated=0
    [CG] CG iter 12: obj=2248136.801655, maxRC=47457.207052, +15 cols
    [CG]   [DIAG] iter=12 posCols=15 newCols=15 effImprove=15 updated=0
    [CG] CG iter 13: obj=2276479.946726, maxRC=26971.640762, +11 cols
    [CG]   [DIAG] iter=13 posCols=11 newCols=11 effImprove=11 updated=0
    [CG] CG iter 14: obj=2276479.946726, maxRC=20692.960950, +13 cols
    [CG]   [DIAG] iter=14 posCols=13 newCols=13 effImprove=13 updated=0
    [CG] CG iter 15: obj=2276479.946726, maxRC=11801.833411, +7 cols
    [CG]   [DIAG] iter=15 posCols=7 newCols=6 effImprove=7 updated=1
    [CG] CG iter 16: obj=2288281.780137, maxRC=2636.918827, +3 cols
    [CG]   [DIAG] iter=16 posCols=3 newCols=3 effImprove=3 updated=0
    [CG] CG iter 17: obj=2288281.780137, maxRC=424.631529, +2 cols
    [CG]   [DIAG] iter=17 posCols=2 newCols=2 effImprove=2 updated=0
    [CG] 列生成收敛，共 18 轮迭代
    [CG] [CG-NODE] depth=0 exit=CERTIFIED certified=1 feasible=1 iters=18 generatedColsBeforeNode=0 newCols=307 posCandidates=310 duplicateCandidates=3 updatedCols=3 zeroObjImproveIters=7 objFirst=894025.133542 objLast=2288281.780137 objGain=1394256.646595 maxRC=1325400.555603 wallSec=0.191275 pricingSec=0.179315 cplexSolveSec=0.007577
      [BB] 根节点即为整数解，obj=2288281.780137
