    [CG] 列生成开始，初始列数=310
    [CG] CG iter 1: obj=887019.676058, maxRC=1404295.415465, +30 cols
    [CG]   [DIAG] iter=1 posCols=30 newCols=30 effImprove=30 updated=0
    [CG] CG iter 2: obj=1716179.917510, maxRC=400497.997937, +30 cols
    [CG]   [DIAG] iter=2 posCols=30 newCols=30 effImprove=30 updated=0
    [CG] CG iter 3: obj=1819013.885647, maxRC=456557.829727, +30 cols
    [CG]   [DIAG] iter=3 posCols=30 newCols=30 effImprove=30 updated=0
    [CG] CG iter 4: obj=2073278.268808, maxRC=331249.462411, +30 cols
    [CG]   [DIAG] iter=4 posCols=30 newCols=30 effImprove=30 updated=0
    [CG] CG iter 5: obj=2074223.858652, maxRC=262086.262118, +28 cols
    [CG]   [DIAG] iter=5 posCols=28 newCols=27 effImprove=28 updated=1
    [CG] CG iter 6: obj=2229693.791392, maxRC=167476.342165, +26 cols
    [CG]   [DIAG] iter=6 posCols=26 newCols=26 effImprove=26 updated=0
    [CG] CG iter 7: obj=2229693.791392, maxRC=131867.215022, +18 cols
    [CG]   [DIAG] iter=7 posCols=18 newCols=18 effImprove=18 updated=0
    [CG] CG iter 8: obj=2235235.080078, maxRC=138445.937948, +22 cols
    [CG]   [DIAG] iter=8 posCols=22 newCols=21 effImprove=22 updated=1
    [CG] CG iter 9: obj=2244173.064782, maxRC=118879.834254, +11 cols
    [CG]   [DIAG] iter=9 posCols=11 newCols=11 effImprove=11 updated=0
    [CG] CG iter 10: obj=2244173.064782, maxRC=129547.762357, +11 cols
    [CG]   [DIAG] iter=10 posCols=11 newCols=11 effImprove=11 updated=0
    [CG] CG iter 11: obj=2245994.119775, maxRC=161339.344486, +12 cols
    [CG]   [DIAG] iter=11 posCols=12 newCols=11 effImprove=12 updated=1
    [CG] CG iter 12: obj=2268522.068734, maxRC=48058.361138, +10 cols
    [CG]   [DIAG] iter=12 posCols=10 newCols=10 effImprove=10 updated=0
    [CG] CG iter 13: obj=2292551.249302, maxRC=72824.812245, +7 cols
    [CG]   [DIAG] iter=13 posCols=7 newCols=7 effImprove=7 updated=0
    [CG] CG iter 14: obj=2302100.917999, maxRC=37605.541456, +10 cols
    [CG]   [DIAG] iter=14 posCols=10 newCols=10 effImprove=10 updated=0
    [CG] CG iter 15: obj=2302100.917999, maxRC=14993.915562, +6 cols
    [CG]   [DIAG] iter=15 posCols=6 newCols=6 effImprove=6 updated=0
    [CG] CG iter 16: obj=2317094.833561, maxRC=13422.526988, +4 cols
    [CG]   [DIAG] iter=16 posCols=4 newCols=4 effImprove=4 updated=0
    [CG] CG iter 17: obj=2317094.833561, maxRC=12415.268645, +3 cols
    [CG]   [DIAG] iter=17 posCols=3 newCols=3 effImprove=3 updated=0
    [CG] CG iter 18: obj=2317094.833561, maxRC=2515.376795, +3 cols
    [CG]   [DIAG] iter=18 posCols=3 newCols=2 effImprove=3 updated=1
    [CG] CG iter 19: obj=2317094.833561, maxRC=929.325774, +1 cols
    [CG]   [DIAG] iter=19 posCols=1 newCols=1 effImprove=1 updated=0
    [CG] CG iter 20: obj=2317094.833561, maxRC=295.781122, +1 cols
    [CG]   [DIAG] iter=20 posCols=1 newCols=1 effImprove=1 updated=0
    [CG] 列生成收敛，共 21 轮迭代
    [CG] [CG-NODE] depth=0 exit=CERTIFIED certified=1 feasible=1 iters=21 generatedColsBeforeNode=0 newCols=289 posCandidates=293 duplicateCandidates=4 updatedCols=4 zeroObjImproveIters=8 objFirst=887019.676058 objLast=2317094.833561 objGain=1430075.157503 maxRC=1404295.415465 wallSec=0.215701 pricingSec=0.201718 cplexSolveSec=0.008643
      [BB] 根节点即为整数解，obj=2317094.833561
