    [CG] 列生成开始，初始列数=310
    [CG] CG iter 1: obj=861421.567416, maxRC=1564186.199557, +30 cols
    [CG]   [DIAG] iter=1 posCols=30 newCols=30 effImprove=30 updated=0
    [CG] CG iter 2: obj=1947991.359186, maxRC=228004.122471, +21 cols
    [CG]   [DIAG] iter=2 posCols=21 newCols=21 effImprove=21 updated=0
    [CG] CG iter 3: obj=2059961.353859, maxRC=567368.402263, +27 cols
    [CG]   [DIAG] iter=3 posCols=27 newCols=27 effImprove=27 updated=0
    [CG] CG iter 4: obj=2100572.598477, maxRC=491307.575774, +24 cols
    [CG]   [DIAG] iter=4 posCols=24 newCols=24 effImprove=24 updated=0
    [CG] CG iter 5: obj=2185811.526616, maxRC=302940.409335, +20 cols
    [CG]   [DIAG] iter=5 posCols=20 newCols=20 effImprove=20 updated=0
    [CG] CG iter 6: obj=2188095.580707, maxRC=275714.962528, +20 cols
    [CG]   [DIAG] iter=6 posCols=20 newCols=20 effImprove=20 updated=0
    [CG] CG iter 7: obj=2222909.776740, maxRC=190729.603541, +16 cols
    [CG]   [DIAG] iter=7 posCols=16 newCols=16 effImprove=16 updated=0
    [CG] CG iter 8: obj=2270252.599562, maxRC=153829.486742, +15 cols
    [CG]   [DIAG] iter=8 posCols=15 newCols=13 effImprove=15 updated=2
    [CG] CG iter 9: obj=2306692.757245, maxRC=130275.025250, +12 cols
    [CG]   [DIAG] iter=9 posCols=12 newCols=12 effImprove=12 updated=0
    [CG] CG iter 10: obj=2330669.947147, maxRC=124432.166536, +15 cols
    [CG]   [DIAG] iter=10 posCols=15 newCols=15 effImprove=15 updated=0
    [CG] CG iter 11: obj=2345350.574283, maxRC=52436.281380, +12 cols
    [CG]   [DIAG] iter=11 posCols=12 newCols=12 effImprove=12 updated=0
    [CG] CG iter 12: obj=2353027.083532, maxRC=69474.774390, +12 cols
    [CG]   [DIAG] iter=12 posCols=12 newCols=12 effImprove=12 updated=0
    [CG] CG iter 13: obj=2372812.129111, maxRC=69269.747467, +12 cols
    [CG]   [DIAG] iter=13 posCols=12 newCols=12 effImprove=12 updated=0
    [CG] CG iter 14: obj=2392535.312804, maxRC=68233.818971, +9 cols
    [CG]   [DIAG] iter=14 posCols=9 newCols=9 effImprove=9 updated=0
    [CG] CG iter 15: obj=2392535.312804, maxRC=34579.497072, +9 cols
    [CG]   [DIAG] iter=15 posCols=9 newCols=9 effImprove=9 updated=0
    [CG] CG iter 16: obj=2404062.185600, maxRC=20017.712128, +7 cols
    [CG]   [DIAG] iter=16 posCols=7 newCols=7 effImprove=7 updated=0
    [CG] CG iter 17: obj=2413716.273923, maxRC=14988.546573, +9 cols
    [CG]   [DIAG] iter=17 posCols=9 newCols=9 effImprove=9 updated=0
    [CG] CG iter 18: obj=2416289.633553, maxRC=11476.720148, +9 cols
    [CG]   [DIAG] iter=18 posCols=9 newCols=9 effImprove=9 updated=0
    [CG] CG iter 19: obj=2419525.193058, maxRC=13259.949883, +6 cols
    [CG]   [DIAG] iter=19 posCols=6 newCols=6 effImprove=6 updated=0
    [CG] CG iter 20: obj=2419525.193058, maxRC=6806.659984, +7 cols
    [CG]   [DIAG] iter=20 posCols=7 newCols=7 effImprove=7 updated=0
    [CG] CG iter 21: obj=2419525.193058, maxRC=9314.437621, +8 cols
    [CG]   [DIAG] iter=21 posCols=8 newCols=8 effImprove=8 updated=0
    [CG] CG iter 22: obj=2422616.642066, maxRC=2510.520003, +5 cols
    [CG]   [DIAG] iter=22 posCols=5 newCols=5 effImprove=5 updated=0
    [CG] CG iter 23: obj=2422616.642066, maxRC=843.928593, +3 cols
    [CG]   [DIAG] iter=23 posCols=3 newCols=3 effImprove=3 updated=0
    [CG] 列生成收敛，共 24 轮迭代
    [CG] [CG-NODE] depth=0 exit=CERTIFIED certified=1 feasible=1 iters=24 generatedColsBeforeNode=0 newCols=306 posCandidates=308 duplicateCandidates=2 updatedCols=2 zeroObjImproveIters=5 objFirst=861421.567416 objLast=2422616.642066 objGain=1561195.074650 maxRC=1564186.199557 wallSec=0.196693 pricingSec=0.181656 cplexSolveSec=0.009794
      [BB] 根节点即为整数解，obj=2422616.642066
