    [CG] 列生成开始，初始列数=310
    [CG] CG iter 1: obj=819769.461071, maxRC=1599082.797889, +27 cols
    [CG]   [DIAG] iter=1 posCols=27 newCols=27 effImprove=27 updated=0
    [CG] CG iter 2: obj=2084141.961305, maxRC=481064.844301, +19 cols
    [CG]   [DIAG] iter=2 posCols=19 newCols=19 effImprove=19 updated=0
    [CG] CG iter 3: obj=2099835.241918, maxRC=355231.509793, +20 cols
    [CG]   [DIAG] iter=3 posCols=20 newCols=20 effImprove=20 updated=0
    [CG] CG iter 4: obj=2104599.099494, maxRC=441198.193603, +20 cols
    [CG]   [DIAG] iter=4 posCols=20 newCols=20 effImprove=20 updated=0
    [CG] CG iter 5: obj=2104599.099494, maxRC=354226.324996, +16 cols
    [CG]   [DIAG] iter=5 posCols=16 newCols=16 effImprove=16 updated=0
    [CG] CG iter 6: obj=2149604.135061, maxRC=298312.966879, +18 cols
    [CG]   [DIAG] iter=6 posCols=18 newCols=18 effImprove=18 updated=0
    [CG] CG iter 7: obj=2200439.212398, maxRC=141324.261812, +14 cols
    [CG]   [DIAG] iter=7 posCols=14 newCols=14 effImprove=14 updated=0
    [CG] CG iter 8: obj=2318915.848403, maxRC=234926.924713, +14 cols
    [CG]   [DIAG] iter=8 posCols=14 newCols=14 effImprove=14 updated=0
    [CG] CG iter 9: obj=2339169.846313, maxRC=185461.036143, +14 cols
    [CG]   [DIAG] iter=9 posCols=14 newCols=13 effImprove=14 updated=1
    [CG] CG iter 10: obj=2339169.846313, maxRC=184536.706712, +13 cols
    [CG]   [DIAG] iter=10 posCols=13 newCols=13 effImprove=13 updated=0
    [CG] CG iter 11: obj=2339169.846313, maxRC=67534.846072, +11 cols
    [CG]   [DIAG] iter=11 posCols=11 newCols=11 effImprove=11 updated=0
    [CG] CG iter 12: obj=2354448.850069, maxRC=139354.236013, +16 cols
    [CG]   [DIAG] iter=12 posCols=16 newCols=16 effImprove=16 updated=0
    [CG] CG iter 13: obj=2358151.912208, maxRC=110097.551286, +12 cols
    [CG]   [DIAG] iter=13 posCols=12 newCols=12 effImprove=12 updated=0
    [CG] CG iter 14: obj=2364008.548330, maxRC=75906.513323, +12 cols
    [CG]   [DIAG] iter=14 posCols=12 newCols=12 effImprove=12 updated=0
    [CG] CG iter 15: obj=2368272.928295, maxRC=134328.079168, +12 cols
    [CG]   [DIAG] iter=15 posCols=12 newCols=12 effImprove=12 updated=0
    [CG] CG iter 16: obj=2368893.527678, maxRC=90307.237222, +12 cols
    [CG]   [DIAG] iter=16 posCols=12 newCols=11 effImprove=12 updated=1
    [CG] CG iter 17: obj=2372406.857253, maxRC=85035.841040, +12 cols
    [CG]   [DIAG] iter=17 posCols=12 newCols=12 effImprove=12 updated=0
    [CG] CG iter 18: obj=2374702.782792, maxRC=83005.204654, +11 cols
    [CG]   [DIAG] iter=18 posCols=11 newCols=11 effImprove=11 updated=0
    [CG] CG iter 19: obj=2377677.825071, maxRC=86266.354448, +11 cols
    [CG]   [DIAG] iter=19 posCols=11 newCols=11 effImprove=11 updated=0
    [CG] CG iter 20: obj=2377862.225281, maxRC=62354.376638, +11 cols
    [CG]   [DIAG] iter=20 posCols=11 newCols=11 effImprove=11 updated=0
    [CG] CG iter 21: obj=2388558.834089, maxRC=88247.755705, +9 cols
    [CG]   [DIAG] iter=21 posCols=9 newCols=9 effImprove=9 updated=0
    [CG] CG iter 22: obj=2393655.221262, maxRC=40558.679626, +11 cols
    [CG]   [DIAG] iter=22 posCols=11 newCols=11 effImprove=11 updated=0
    [CG] CG iter 23: obj=2393701.216630, maxRC=24351.942457, +10 cols
    [CG]   [DIAG] iter=23 posCols=10 newCols=9 effImprove=10 updated=1
    [CG] CG iter 24: obj=2394476.187726, maxRC=26136.785770, +9 cols
    [CG]   [DIAG] iter=24 posCols=9 newCols=9 effImprove=9 updated=0
    [CG] CG iter 25: obj=2395185.634354, maxRC=10465.192334, +9 cols
    [CG]   [DIAG] iter=25 posCols=9 newCols=9 effImprove=9 updated=0
    [CG] CG iter 26: obj=2396907.339182, maxRC=23711.750928, +9 cols
    [CG]   [DIAG] iter=26 posCols=9 newCols=9 effImprove=9 updated=0
    [CG] CG iter 27: obj=2397040.533487, maxRC=6057.969062, +7 cols
    [CG]   [DIAG] iter=27 posCols=7 newCols=7 effImprove=7 updated=0
    [CG] CG iter 28: obj=2397511.067791, maxRC=5629.463358, +8 cols
    [CG]   [DIAG] iter=28 posCols=8 newCols=8 effImprove=8 updated=0
    [CG] CG iter 29: obj=2397805.553689, maxRC=4467.855582, +6 cols
    [CG]   [DIAG] iter=29 posCols=6 newCols=6 effImprove=6 updated=0
    [CG] CG iter 30: obj=2401213.195563, maxRC=7758.157047, +7 cols
    [CG]   [DIAG] iter=30 posCols=7 newCols=7 effImprove=7 updated=0
    [CG] CG iter 31: obj=2401213.195563, maxRC=4051.934201, +4 cols
    [CG]   [DIAG] iter=31 posCols=4 newCols=4 effImprove=4 updated=0
    [CG] CG iter 32: obj=2401213.195563, maxRC=2810.220239, +4 cols
    [CG]   [DIAG] iter=32 posCols=4 newCols=4 effImprove=4 updated=0
    [CG] CG iter 33: obj=2401213.195563, maxRC=2438.685305, +3 cols
    [CG]   [DIAG] iter=33 posCols=3 newCols=3 effImprove=3 updated=0
    [CG] CG iter 34: obj=2401213.195563, maxRC=738.730230, +3 cols
    [CG]   [DIAG] iter=34 posCols=3 newCols=3 effImprove=3 updated=0
    [CG] CG iter 35: obj=2401213.195563, maxRC=303.252225, +2 cols
    [CG]   [DIAG] iter=35 posCols=2 newCols=2 effImprove=2 updated=0
    [CG] CG iter 36: obj=2401213.195563, maxRC=170.434492, +1 cols
    [CG]   [DIAG] iter=36 posCols=1 newCols=1 effImprove=1 updated=0
    [CG] CG iter 37: obj=2401213.195563, maxRC=98.389717, +1 cols
    [CG]   [DIAG] iter=37 posCols=1 newCols=1 effImprove=1 updated=0
    [CG] CG iter 38: obj=2401213.195563, maxRC=73.963282, +1 cols
    [CG]   [DIAG] iter=38 posCols=1 newCols=1 effImprove=1 updated=0
    [CG] CG iter 39: obj=2401213.195563, maxRC=56.885904, +1 cols
    [CG]   [DIAG] iter=39 posCols=1 newCols=1 effImprove=1 updated=0
    [CG] 列生成收敛，共 40 轮迭代
    [CG] [CG-NODE] depth=0 exit=CERTIFIED certified=1 feasible=1 iters=40 generatedColsBeforeNode=0 newCols=397 posCandidates=400 duplicateCandidates=3 updatedCols=3 zeroObjImproveIters=13 objFirst=819769.461071 objLast=2401213.195563 objGain=1581443.734492 maxRC=1599082.797889 wallSec=0.313089 pricingSec=0.290278 cplexSolveSec=0.015660
      [BB] 根节点即为整数解，obj=2401213.195563
