    [CG] 列生成开始，初始列数=310
    [CG] CG iter 1: obj=327406.481780, maxRC=1571403.235762, +24 cols
    [CG]   [DIAG] iter=1 posCols=24 newCols=24 effImprove=24 updated=0
    [CG] CG iter 2: obj=1784107.650286, maxRC=1151472.394310, +13 cols
    [CG]   [DIAG] iter=2 posCols=13 newCols=13 effImprove=13 updated=0
    [CG] CG iter 3: obj=1784107.650286, maxRC=1089500.417130, +13 cols
    [CG]   [DIAG] iter=3 posCols=13 newCols=13 effImprove=13 updated=0
    [CG] CG iter 4: obj=1784107.650286, maxRC=1032644.810248, +12 cols
    [CG]   [DIAG] iter=4 posCols=12 newCols=12 effImprove=12 updated=0
    [CG] CG iter 5: obj=1784107.650286, maxRC=982493.432160, +12 cols
    [CG]   [DIAG] iter=5 posCols=12 newCols=12 effImprove=12 updated=0
    [CG] CG iter 6: obj=1784107.650286, maxRC=983558.926790, +12 cols
    [CG]   [DIAG] iter=6 posCols=12 newCols=12 effImprove=12 updated=0
    [CG] CG iter 7: obj=1784107.650286, maxRC=937299.831551, +12 cols
    [CG]   [DIAG] iter=7 posCols=12 newCols=12 effImprove=12 updated=0
    [CG] CG iter 8: obj=1784107.650286, maxRC=935303.851754, +12 cols
    [CG]   [DIAG] iter=8 posCols=12 newCols=12 effImprove=12 updated=0
    [CG] CG iter 9: obj=1784107.650286, maxRC=977299.664045, +12 cols
    [CG]   [DIAG] iter=9 posCols=12 newCols=12 effImprove=12 updated=0
    [CG] CG iter 10: obj=1784107.650286, maxRC=901831.334333, +12 cols
    [CG]   [DIAG] iter=10 posCols=12 newCols=12 effImprove=12 updated=0
    [CG] CG iter 11: obj=1784107.650286, maxRC=1009649.375038, +12 cols
    [CG]   [DIAG] iter=11 posCols=12 newCols=12 effImprove=12 updated=0
    [CG] CG iter 12: obj=1784107.650286, maxRC=813157.508583, +12 cols
    [CG]   [DIAG] iter=12 posCols=12 newCols=12 effImprove=12 updated=0
    [CG] CG iter 13: obj=1784107.650286, maxRC=779974.057878, +12 cols
    [CG]   [DIAG] iter=13 posCols=12 newCols=12 effImprove=12 updated=0
    [CG] CG iter 14: obj=1784107.650286, maxRC=697742.481571, +12 cols
    [CG]   [DIAG] iter=14 posCols=12 newCols=12 effImprove=12 updated=0
    [CG] CG iter 15: obj=1784107.650286, maxRC=732764.991168, +12 cols
    [CG]   [DIAG] iter=15 posCols=12 newCols=12 effImprove=12 updated=0
    [CG] CG iter 16: obj=1822018.232245, maxRC=412748.626000, +12 cols
    [CG]   [DIAG] iter=16 posCols=12 newCols=12 effImprove=12 updated=0
    [CG] CG iter 17: obj=1841026.213402, maxRC=355147.862719, +9 cols
    [CG]   [DIAG] iter=17 posCols=9 newCols=9 effImprove=9 updated=0
    [CG] CG iter 18: obj=1859499.667709, maxRC=325810.612250, +11 cols
    [CG]   [DIAG] iter=18 posCols=11 newCols=11 effImprove=11 updated=0
    [CG] CG iter 19: obj=1887531.043870, maxRC=356733.163964, +12 cols
    [CG]   [DIAG] iter=19 posCols=12 newCols=12 effImprove=12 updated=0
    [CG] CG iter 20: obj=1936611.367413, maxRC=346302.568616, +10 cols
    [CG]   [DIAG] iter=20 posCols=10 newCols=10 effImprove=10 updated=0
    [CG] CG iter 21: obj=1944475.191008, maxRC=291572.835945, +9 cols
    [CG]   [DIAG] iter=21 posCols=9 newCols=9 effImprove=9 updated=0
    [CG] CG iter 22: obj=1960896.691609, maxRC=265235.576057, +9 cols
    [CG]   [DIAG] iter=22 posCols=9 newCols=9 effImprove=9 updated=0
    [CG] CG iter 23: obj=1975307.505156, maxRC=223673.427423, +9 cols
    [CG]   [DIAG] iter=23 posCols=9 newCols=9 effImprove=9 updated=0
    [CG] CG iter 24: obj=1978689.779633, maxRC=238297.342342, +9 cols
    [CG]   [DIAG] iter=24 posCols=9 newCols=9 effImprove=9 updated=0
    [CG] CG iter 25: obj=1986745.544459, maxRC=219319.511400, +9 cols
    [CG]   [DIAG] iter=25 posCols=9 newCols=9 effImprove=9 updated=0
    [CG] CG iter 26: obj=1997083.705943, maxRC=183177.706241, +9 cols
    [CG]   [DIAG] iter=26 posCols=9 newCols=9 effImprove=9 updated=0
    [CG] CG iter 27: obj=2007715.347487, maxRC=173510.585585, +9 cols
    [CG]   [DIAG] iter=27 posCols=9 newCols=9 effImprove=9 updated=0
    [CG] CG iter 28: obj=2016925.047351, maxRC=211210.403560, +9 cols
    [CG]   [DIAG] iter=28 posCols=9 newCols=9 effImprove=9 updated=0
    [CG] CG iter 29: obj=2022249.052330, maxRC=152821.790566, +9 cols
    [CG]   [DIAG] iter=29 posCols=9 newCols=9 effImprove=9 updated=0
    [CG] CG iter 30: obj=2025541.312445, maxRC=177529.985970, +9 cols
    [CG]   [DIAG] iter=30 posCols=9 newCols=9 effImprove=9 updated=0
    [CG] CG iter 31: obj=2034112.806247, maxRC=100720.359456, +9 cols
    [CG]   [DIAG] iter=31 posCols=9 newCols=9 effImprove=9 updated=0
    [CG] CG iter 32: obj=2052416.904792, maxRC=116265.211844, +9 cols
    [CG]   [DIAG] iter=32 posCols=9 newCols=9 effImprove=9 updated=0
    [CG] CG iter 33: obj=2070313.005091, maxRC=149586.170787, +9 cols
    [CG]   [DIAG] iter=33 posCols=9 newCols=9 effImprove=9 updated=0
    [CG] CG iter 34: obj=2081077.649780, maxRC=75784.570480, +9 cols
    [CG]   [DIAG] iter=34 posCols=9 newCols=9 effImprove=9 updated=0
    [CG] CG iter 35: obj=2083414.970061, maxRC=90756.463579, +9 cols
    [CG]   [DIAG] iter=35 posCols=9 newCols=9 effImprove=9 updated=0
    [CG] CG iter 36: obj=2092772.329889, maxRC=74849.118403, +9 cols
    [CG]   [DIAG] iter=36 posCols=9 newCols=9 effImprove=9 updated=0
    [CG] CG iter 37: obj=2094869.594870, maxRC=89386.858493, +9 cols
    [CG]   [DIAG] iter=37 posCols=9 newCols=9 effImprove=9 updated=0
    [CG] CG iter 38: obj=2099481.628461, maxRC=70499.323809, +9 cols
    [CG]   [DIAG] iter=38 posCols=9 newCols=9 effImprove=9 updated=0
    [CG] CG iter 39: obj=2103589.025158, maxRC=51518.730573, +9 cols
    [CG]   [DIAG] iter=39 posCols=9 newCols=9 effImprove=9 updated=0
    [CG] CG iter 40: obj=2109761.213886, maxRC=64442.347238, +9 cols
    [CG]   [DIAG] iter=40 posCols=9 newCols=9 effImprove=9 updated=0
    [CG] CG iter 41: obj=2113090.507534, maxRC=67284.922678, +9 cols
    [CG]   [DIAG] iter=41 posCols=9 newCols=9 effImprove=9 updated=0
    [CG] CG iter 42: obj=2115606.379305, maxRC=27703.654068, +9 cols
    [CG]   [DIAG] iter=42 posCols=9 newCols=9 effImprove=9 updated=0
    [CG] CG iter 43: obj=2121050.887026, maxRC=48945.632609, +9 cols
    [CG]   [DIAG] iter=43 posCols=9 newCols=9 effImprove=9 updated=0
    [CG] CG iter 44: obj=2125236.045889, maxRC=26472.048846, +9 cols
    [CG]   [DIAG] iter=44 posCols=9 newCols=9 effImprove=9 updated=0
    [CG] CG iter 45: obj=2127144.246010, maxRC=30762.195353, +9 cols
    [CG]   [DIAG] iter=45 posCols=9 newCols=9 effImprove=9 updated=0
    [CG] CG iter 46: obj=2130463.068717, maxRC=36707.320822, +9 cols
    [CG]   [DIAG] iter=46 posCols=9 newCols=9 effImprove=9 updated=0
    [CG] CG iter 47: obj=2131268.408892, maxRC=27413.706900, +8 cols
    [CG]   [DIAG] iter=47 posCols=8 newCols=8 effImprove=8 updated=0
    [CG] CG iter 48: obj=2136120.968912, maxRC=53556.414654, +9 cols
    [CG]   [DIAG] iter=48 posCols=9 newCols=9 effImprove=9 updated=0
    [CG] CG iter 49: obj=2136210.751187, maxRC=31837.632883, +9 cols
    [CG]   [DIAG] iter=49 posCols=9 newCols=9 effImprove=9 updated=0
    [CG] CG iter 50: obj=2137714.949286, maxRC=18377.549271, +9 cols
    [CG]   [DIAG] iter=50 posCols=9 newCols=9 effImprove=9 updated=0
    [CG] CG iter 51: obj=2139570.065927, maxRC=28780.686805, +9 cols
    [CG]   [DIAG] iter=51 posCols=9 newCols=9 effImprove=9 updated=0
    [CG] CG iter 52: obj=2143386.955666, maxRC=36466.191711, +9 cols
    [CG]   [DIAG] iter=52 posCols=9 newCols=9 effImprove=9 updated=0
    [CG] CG iter 53: obj=2143386.955666, maxRC=26819.713510, +9 cols
    [CG]   [DIAG] iter=53 posCols=9 newCols=9 effImprove=9 updated=0
    [CG] CG iter 54: obj=2143386.955666, maxRC=18672.973644, +9 cols
    [CG]   [DIAG] iter=54 posCols=9 newCols=9 effImprove=9 updated=0
    [CG] CG iter 55: obj=2143386.955666, maxRC=11684.975772, +8 cols
    [CG]   [DIAG] iter=55 posCols=8 newCols=8 effImprove=8 updated=0
    [CG] CG iter 56: obj=2144020.717358, maxRC=12175.802278, +7 cols
    [CG]   [DIAG] iter=56 posCols=7 newCols=7 effImprove=7 updated=0
    [CG] CG iter 57: obj=2144438.819708, maxRC=11173.136529, +9 cols
    [CG]   [DIAG] iter=57 posCols=9 newCols=9 effImprove=9 updated=0
    [CG] CG iter 58: obj=2145119.548843, maxRC=10071.999475, +7 cols
    [CG]   [DIAG] iter=58 posCols=7 newCols=7 effImprove=7 updated=0
    [CG] CG iter 59: obj=2145920.811969, maxRC=16136.579855, +7 cols
    [CG]   [DIAG] iter=59 posCols=7 newCols=7 effImprove=7 updated=0
    [CG] CG iter 60: obj=2145920.811969, maxRC=5921.117456, +5 cols
    [CG]   [DIAG] iter=60 posCols=5 newCols=5 effImprove=5 updated=0
    [CG] CG iter 61: obj=2146121.018323, maxRC=6150.591692, +4 cols
    [CG]   [DIAG] iter=61 posCols=4 newCols=4 effImprove=4 updated=0
    [CG] CG iter 62: obj=2146121.018323, maxRC=5267.697064, +4 cols
    [CG]   [DIAG] iter=62 posCols=4 newCols=4 effImprove=4 updated=0
    [CG] CG iter 63: obj=2146480.367893, maxRC=5757.785767, +3 cols
    [CG]   [DIAG] iter=63 posCols=3 newCols=3 effImprove=3 updated=0
    [CG] CG iter 64: obj=2146480.367893, maxRC=5409.488223, +6 cols
    [CG]   [DIAG] iter=64 posCols=6 newCols=6 effImprove=6 updated=0
    [CG] CG iter 65: obj=2146480.367893, maxRC=6351.967372, +2 cols
    [CG]   [DIAG] iter=65 posCols=2 newCols=2 effImprove=2 updated=0
    [CG] CG iter 66: obj=2146480.367893, maxRC=3365.654285, +3 cols
    [CG]   [DIAG] iter=66 posCols=3 newCols=3 effImprove=3 updated=0
    [CG] CG iter 67: obj=2149846.022178, maxRC=3285.360840, +5 cols
    [CG]   [DIAG] iter=67 posCols=5 newCols=5 effImprove=5 updated=0
    [CG] CG iter 68: obj=2149846.022178, maxRC=1975.742597, +3 cols
    [CG]   [DIAG] iter=68 posCols=3 newCols=3 effImprove=3 updated=0
    [CG] CG iter 69: obj=2149846.022178, maxRC=1698.323057, +2 cols
    [CG]   [DIAG] iter=69 posCols=2 newCols=2 effImprove=2 updated=0
    [CG] CG iter 70: obj=2149846.022178, maxRC=1266.803228, +1 cols
    [CG]   [DIAG] iter=70 posCols=1 newCols=1 effImprove=1 updated=0
    [CG] CG iter 71: obj=2149846.022178, maxRC=421.948422, +1 cols
    [CG]   [DIAG] iter=71 posCols=1 newCols=1 effImprove=1 updated=0
    [CG] CG iter 72: obj=2149846.022178, maxRC=505.935754, +1 cols
    [CG]   [DIAG] iter=72 posCols=1 newCols=1 effImprove=1 updated=0
    [CG] CG iter 73: obj=2149846.022178, maxRC=525.572706, +1 cols
    [CG]   [DIAG] iter=73 posCols=1 newCols=1 effImprove=1 updated=0
    [CG] CG iter 74: obj=2149846.022178, maxRC=294.303817, +1 cols
    [CG]   [DIAG] iter=74 posCols=1 newCols=1 effImprove=1 updated=0
    [CG] 列生成收敛，共 75 轮迭代
    [CG] [CG-NODE] depth=0 exit=CERTIFIED certified=1 feasible=1 iters=75 generatedColsBeforeNode=0 newCols=633 posCandidates=633 duplicateCandidates=0 updatedCols=0 zeroObjImproveIters=29 objFirst=327406.481780 objLast=2149846.022178 objGain=1822439.540397 maxRC=1571403.235762 wallSec=1.754714 pricingSec=1.681936 cplexSolveSec=0.040030
      [BB] 根节点即为整数解，obj=2149846.022178
