    [CG] 列生成开始，初始列数=310
    [CG] CG iter 1: obj=960227.526651, maxRC=2138008.387738, +30 cols
    [CG]   [DIAG] iter=1 posCols=30 newCols=30 effImprove=30 updated=0
    [CG] CG iter 2: obj=2431010.629441, maxRC=318667.027269, +14 cols
    [CG]   [DIAG] iter=2 posCols=14 newCols=14 effImprove=14 updated=0
    [CG] CG iter 3: obj=2529920.172773, maxRC=703561.305324, +19 cols
    [CG]   [DIAG] iter=3 posCols=19 newCols=19 effImprove=19 updated=0
    [CG] CG iter 4: obj=2531264.185877, maxRC=669241.108331, +19 cols
    [CG]   [DIAG] iter=4 posCols=19 newCols=19 effImprove=19 updated=0
    [CG] CG iter 5: obj=2599140.295197, maxRC=511344.375396, +18 cols
    [CG]   [DIAG] iter=5 posCols=18 newCols=18 effImprove=18 updated=0
    [CG] CG iter 6: obj=2675157.529335, maxRC=498087.698819, +18 cols
    [CG]   [DIAG] iter=6 posCols=18 newCols=18 effImprove=18 updated=0
    [CG] CG iter 7: obj=2713339.342153, maxRC=340360.699606, +16 cols
    [CG]   [DIAG] iter=7 posCols=16 newCols=16 effImprove=16 updated=0
    [CG] CG iter 8: obj=2734416.922989, maxRC=195974.048568, +15 cols
    [CG]   [DIAG] iter=8 posCols=15 newCols=14 effImprove=15 updated=1
    [CG] CG iter 9: obj=2872144.018069, maxRC=180199.299647, +15 cols
    [CG]   [DIAG] iter=9 posCols=15 newCols=14 effImprove=15 updated=1
    [CG] CG iter 10: obj=2881382.809756, maxRC=122387.517726, +12 cols
    [CG]   [DIAG] iter=10 posCols=12 newCols=12 effImprove=12 updated=0
    [CG] CG iter 11: obj=2907522.234984, maxRC=150100.212437, +12 cols
    [CG]   [DIAG] iter=11 posCols=12 newCols=11 effImprove=12 updated=1
    [CG] CG iter 12: obj=2909095.538402, maxRC=142047.567482, +10 cols
    [CG]   [DIAG] iter=12 posCols=10 newCols=10 effImprove=10 updated=0
    [CG] CG iter 13: obj=2909095.538402, maxRC=165978.219135, +9 cols
    [CG]   [DIAG] iter=13 posCols=9 newCols=9 effImprove=9 updated=0
    [CG] CG iter 14: obj=2909095.538402, maxRC=145663.944595, +10 cols
    [CG]   [DIAG] iter=14 posCols=10 newCols=10 effImprove=10 updated=0
    [CG] CG iter 15: obj=2909095.538402, maxRC=98049.273004, +9 cols
    [CG]   [DIAG] iter=15 posCols=9 newCols=9 effImprove=9 updated=0
    [CG] CG iter 16: obj=2911906.595249, maxRC=87573.986095, +10 cols
    [CG]   [DIAG] iter=16 posCols=10 newCols=9 effImprove=10 updated=1
    [CG] CG iter 17: obj=2916461.059168, maxRC=88470.788393, +10 cols
    [CG]   [DIAG] iter=17 posCols=10 newCols=10 effImprove=10 updated=0
    [CG] CG iter 18: obj=2929413.867314, maxRC=61719.284453, +9 cols
    [CG]   [DIAG] iter=18 posCols=9 newCols=9 effImprove=9 updated=0
    [CG] CG iter 19: obj=2940855.298134, maxRC=56425.135543, +9 cols
    [CG]   [DIAG] iter=19 posCols=9 newCols=9 effImprove=9 updated=0
    [CG] CG iter 20: obj=2943547.304882, maxRC=40296.108416, +9 cols
    [CG]   [DIAG] iter=20 posCols=9 newCols=9 effImprove=9 updated=0
    [CG] CG iter 21: obj=2944572.445256, maxRC=43101.722161, +10 cols
    [CG]   [DIAG] iter=21 posCols=10 newCols=10 effImprove=10 updated=0
    [CG] CG iter 22: obj=2950473.745757, maxRC=36206.010013, +9 cols
    [CG]   [DIAG] iter=22 posCols=9 newCols=9 effImprove=9 updated=0
    [CG] CG iter 23: obj=2951220.559277, maxRC=29147.009939, +9 cols
    [CG]   [DIAG] iter=23 posCols=9 newCols=9 effImprove=9 updated=0
    [CG] CG iter 24: obj=2958041.439254, maxRC=28779.649546, +9 cols
    [CG]   [DIAG] iter=24 posCols=9 newCols=9 effImprove=9 updated=0
    [CG] CG iter 25: obj=2961654.288200, maxRC=14446.425781, +9 cols
    [CG]   [DIAG] iter=25 posCols=9 newCols=9 effImprove=9 updated=0
    [CG] CG iter 26: obj=2966567.994803, maxRC=25286.318602, +9 cols
    [CG]   [DIAG] iter=26 posCols=9 newCols=9 effImprove=9 updated=0
    [CG] CG iter 27: obj=2967539.107403, maxRC=12241.732952, +9 cols
    [CG]   [DIAG] iter=27 posCols=9 newCols=9 effImprove=9 updated=0
    [CG] CG iter 28: obj=2968450.047888, maxRC=8094.194572, +7 cols
    [CG]   [DIAG] iter=28 posCols=7 newCols=7 effImprove=7 updated=0
    [CG] CG iter 29: obj=2972497.145174, maxRC=15376.661359, +9 cols
    [CG]   [DIAG] iter=29 posCols=9 newCols=9 effImprove=9 updated=0
    [CG] CG iter 30: obj=2972497.145174, maxRC=12829.043250, +9 cols
    [CG]   [DIAG] iter=30 posCols=9 newCols=9 effImprove=9 updated=0
    [CG] CG iter 31: obj=2972497.145174, maxRC=7566.404166, +7 cols
    [CG]   [DIAG] iter=31 posCols=7 newCols=7 effImprove=7 updated=0
    [CG] CG iter 32: obj=2974785.397512, maxRC=8081.990883, +8 cols
    [CG]   [DIAG] iter=32 posCols=8 newCols=8 effImprove=8 updated=0
    [CG] CG iter 33: obj=2975719.394909, maxRC=10764.763114, +7 cols
    [CG]   [DIAG] iter=33 posCols=7 newCols=7 effImprove=7 updated=0
    [CG] CG iter 34: obj=2975719.394909, maxRC=4163.788441, +4 cols
    [CG]   [DIAG] iter=34 posCols=4 newCols=4 effImprove=4 updated=0
    [CG] CG iter 35: obj=2975719.394909, maxRC=3899.614334, +4 cols
    [CG]   [DIAG] iter=35 posCols=4 newCols=4 effImprove=4 updated=0
    [CG] CG iter 36: obj=2976659.219644, maxRC=299.693224, +3 cols
    [CG]   [DIAG] iter=36 posCols=3 newCols=3 effImprove=3 updated=0
    [CG] CG iter 37: obj=2976659.660152, maxRC=259.561877, +3 cols
    [CG]   [DIAG] iter=37 posCols=3 newCols=3 effImprove=3 updated=0
    [CG] CG iter 38: obj=2976659.660152, maxRC=176.565603, +2 cols
    [CG]   [DIAG] iter=38 posCols=2 newCols=2 effImprove=2 updated=0
    [CG] CG iter 39: obj=2976659.660152, maxRC=97.883420, +2 cols
    [CG]   [DIAG] iter=39 posCols=2 newCols=2 effImprove=2 updated=0
    [CG] CG iter 40: obj=2976659.660152, maxRC=131.550739, +2 cols
    [CG]   [DIAG] iter=40 posCols=2 newCols=2 effImprove=2 updated=0
    [CG] CG iter 41: obj=2976690.212648, maxRC=29.054780, +1 cols
    [CG]   [DIAG] iter=41 posCols=1 newCols=1 effImprove=1 updated=0
    [CG] 列生成收敛，共 42 轮迭代
    [CG] [CG-NODE] depth=0 exit=CERTIFIED certified=1 feasible=1 iters=42 generatedColsBeforeNode=0 newCols=401 posCandidates=405 duplicateCandidates=4 updatedCols=4 zeroObjImproveIters=11 objFirst=960227.526651 objLast=2976690.212648 objGain=2016462.685997 maxRC=2138008.387738 wallSec=0.392876 pricingSec=0.365599 cplexSolveSec=0.019594
      [BB] 分支定界开始，根节点LP obj=2976690.212648，最大节点数=10000
      [BB] 根节点启发式下界 LB=2338236.524826（上界=2976690.212648）
    [CG] [BB-DIAG] 分支 x_{dc=4,retailer=3}, 节点数=1
    [CG] 列生成开始，初始列数=642
    [CG] CG iter 43: obj=2965614.568964, maxRC=56910.822194, +9 cols
    [CG]   [DIAG] iter=43 posCols=9 newCols=9 effImprove=9 updated=0
    [CG] CG iter 44: obj=2967195.150546, maxRC=36981.933381, +8 cols
    [CG]   [DIAG] iter=44 posCols=8 newCols=8 effImprove=8 updated=0
    [CG] CG iter 45: obj=2967195.150546, maxRC=16896.103465, +7 cols
    [CG]   [DIAG] iter=45 posCols=7 newCols=7 effImprove=7 updated=0
    [CG] CG iter 46: obj=2967195.150546, maxRC=7162.812577, +4 cols
    [CG]   [DIAG] iter=46 posCols=4 newCols=4 effImprove=4 updated=0
    [CG] CG iter 47: obj=2967622.715246, maxRC=5363.224248, +7 cols
    [CG]   [DIAG] iter=47 posCols=7 newCols=7 effImprove=7 updated=0
    [CG] CG iter 48: obj=2967622.715246, maxRC=1891.878316, +5 cols
    [CG]   [DIAG] iter=48 posCols=5 newCols=5 effImprove=5 updated=0
    [CG] CG iter 49: obj=2968501.714445, maxRC=1796.141181, +5 cols
    [CG]   [DIAG] iter=49 posCols=5 newCols=5 effImprove=5 updated=0
    [CG] CG iter 50: obj=2970297.855626, maxRC=2967.979079, +6 cols
    [CG]   [DIAG] iter=50 posCols=6 newCols=6 effImprove=6 updated=0
    [CG] CG iter 51: obj=2970297.855626, maxRC=1188.667380, +4 cols
    [CG]   [DIAG] iter=51 posCols=4 newCols=4 effImprove=4 updated=0
    [CG] CG iter 52: obj=2970297.855626, maxRC=402.323935, +3 cols
    [CG]   [DIAG] iter=52 posCols=3 newCols=3 effImprove=3 updated=0
    [CG] CG iter 53: obj=2970297.855626, maxRC=225.454098, +2 cols
    [CG]   [DIAG] iter=53 posCols=2 newCols=2 effImprove=2 updated=0
    [CG] CG iter 54: obj=2970297.855626, maxRC=131.372219, +2 cols
    [CG]   [DIAG] iter=54 posCols=2 newCols=2 effImprove=2 updated=0
    [CG] CG iter 55: obj=2970297.855626, maxRC=42.011131, +2 cols
    [CG]   [DIAG] iter=55 posCols=2 newCols=2 effImprove=2 updated=0
    [CG] CG iter 56: obj=2970297.855626, maxRC=41.046090, +1 cols
    [CG]   [DIAG] iter=56 posCols=1 newCols=1 effImprove=1 updated=0
    [CG] CG iter 57: obj=2970297.855626, maxRC=32.145127, +1 cols
    [CG]   [DIAG] iter=57 posCols=1 newCols=1 effImprove=1 updated=0
    [CG] 列生成收敛，共 58 轮迭代
    [CG] [CG-NODE] depth=1 exit=CERTIFIED certified=1 feasible=1 iters=16 generatedColsBeforeNode=401 newCols=66 posCandidates=66 duplicateCandidates=0 updatedCols=0 zeroObjImproveIters=11 objFirst=2965614.568964 objLast=2970297.855626 objGain=4683.286662 maxRC=56910.822194 wallSec=0.076310 pricingSec=0.065814 cplexSolveSec=0.007705
    [CG] 列生成开始，初始列数=648
    [CG] CG iter 59: obj=2973935.566636, maxRC=45845.864757, +9 cols
    [CG]   [DIAG] iter=59 posCols=9 newCols=9 effImprove=9 updated=0
    [CG] CG iter 60: obj=2973935.566636, maxRC=27506.276963, +8 cols
    [CG]   [DIAG] iter=60 posCols=8 newCols=8 effImprove=8 updated=0
    [CG] CG iter 61: obj=2973935.566636, maxRC=6945.288933, +6 cols
    [CG]   [DIAG] iter=61 posCols=6 newCols=6 effImprove=6 updated=0
    [CG] CG iter 62: obj=2973935.566636, maxRC=2989.005619, +5 cols
    [CG]   [DIAG] iter=62 posCols=5 newCols=5 effImprove=5 updated=0
    [CG] CG iter 63: obj=2973935.566636, maxRC=2321.450212, +4 cols
    [CG]   [DIAG] iter=63 posCols=4 newCols=4 effImprove=4 updated=0
    [CG] CG iter 64: obj=2973935.566636, maxRC=1565.536582, +5 cols
    [CG]   [DIAG] iter=64 posCols=5 newCols=5 effImprove=5 updated=0
    [CG] CG iter 65: obj=2973935.566636, maxRC=846.805980, +4 cols
    [CG]   [DIAG] iter=65 posCols=4 newCols=4 effImprove=4 updated=0
    [CG] CG iter 66: obj=2973935.566636, maxRC=264.790654, +3 cols
    [CG]   [DIAG] iter=66 posCols=3 newCols=3 effImprove=3 updated=0
    [CG] CG iter 67: obj=2973935.566636, maxRC=217.596926, +2 cols
    [CG]   [DIAG] iter=67 posCols=2 newCols=2 effImprove=2 updated=0
    [CG] CG iter 68: obj=2973939.313602, maxRC=129.047653, +1 cols
    [CG]   [DIAG] iter=68 posCols=1 newCols=1 effImprove=1 updated=0
    [CG] CG iter 69: obj=2973939.313602, maxRC=56.801313, +1 cols
    [CG]   [DIAG] iter=69 posCols=1 newCols=1 effImprove=1 updated=0
    [CG] 列生成收敛，共 70 轮迭代
    [CG] [CG-NODE] depth=1 exit=CERTIFIED certified=1 feasible=1 iters=12 generatedColsBeforeNode=467 newCols=48 posCandidates=48 duplicateCandidates=0 updatedCols=0 zeroObjImproveIters=10 objFirst=2973935.566636 objLast=2973939.313602 objGain=3.746966 maxRC=45845.864757 wallSec=0.061565 pricingSec=0.045023 cplexSolveSec=0.012532
    [CG] [BB-INCUMBENT] selection=2 node=1 previous=2338236.524826 value=2973939.313602 active=1
    [CG] [BB-NODESEL] strategy=hybrid choice=dfs eligibleCount=1 active=1 gap=0.000000
      [BB] 分支定界结束：处理 3 节点，剪枝 1，剩余活跃 0，整数解 2，状态=OPTIMAL，最好可行 obj=2973939.313602，gap=0.000000
