    [CG] 列生成开始，初始列数=310
    [CG] CG iter 1: obj=1010614.465276, maxRC=2103471.158543, +30 cols
    [CG]   [DIAG] iter=1 posCols=30 newCols=30 effImprove=30 updated=0
    [CG] CG iter 2: obj=2435552.886006, maxRC=295563.691824, +15 cols
    [CG]   [DIAG] iter=2 posCols=15 newCols=15 effImprove=15 updated=0
    [CG] CG iter 3: obj=2494645.357740, maxRC=693528.890484, +24 cols
    [CG]   [DIAG] iter=3 posCols=24 newCols=24 effImprove=24 updated=0
    [CG] CG iter 4: obj=2538448.557550, maxRC=686173.468730, +24 cols
    [CG]   [DIAG] iter=4 posCols=24 newCols=24 effImprove=24 updated=0
    [CG] CG iter 5: obj=2602824.523391, maxRC=578697.662715, +24 cols
    [CG]   [DIAG] iter=5 posCols=24 newCols=24 effImprove=24 updated=0
    [CG] CG iter 6: obj=2602824.523391, maxRC=492290.591712, +24 cols
    [CG]   [DIAG] iter=6 posCols=24 newCols=24 effImprove=24 updated=0
    [CG] CG iter 7: obj=2639851.582316, maxRC=306735.022982, +18 cols
    [CG]   [DIAG] iter=7 posCols=18 newCols=18 effImprove=18 updated=0
    [CG] CG iter 8: obj=2680914.129024, maxRC=266223.447669, +17 cols
    [CG]   [DIAG] iter=8 posCols=17 newCols=17 effImprove=17 updated=0
    [CG] CG iter 9: obj=2721584.867403, maxRC=249785.766696, +16 cols
    [CG]   [DIAG] iter=9 posCols=16 newCols=16 effImprove=16 updated=0
    [CG] CG iter 10: obj=2803153.880437, maxRC=134258.429731, +14 cols
    [CG]   [DIAG] iter=10 posCols=14 newCols=14 effImprove=14 updated=0
    [CG] CG iter 11: obj=2926357.138996, maxRC=101129.994127, +15 cols
    [CG]   [DIAG] iter=11 posCols=15 newCols=15 effImprove=15 updated=0
    [CG] CG iter 12: obj=2926357.138996, maxRC=85571.341735, +13 cols
    [CG]   [DIAG] iter=12 posCols=13 newCols=11 effImprove=13 updated=2
    [CG] CG iter 13: obj=2938596.965334, maxRC=76585.292506, +10 cols
    [CG]   [DIAG] iter=13 posCols=10 newCols=10 effImprove=10 updated=0
    [CG] CG iter 14: obj=2938596.965334, maxRC=70341.015344, +10 cols
    [CG]   [DIAG] iter=14 posCols=10 newCols=10 effImprove=10 updated=0
    [CG] CG iter 15: obj=2938596.965334, maxRC=123681.089651, +13 cols
    [CG]   [DIAG] iter=15 posCols=13 newCols=13 effImprove=13 updated=0
    [CG] CG iter 16: obj=2938596.965334, maxRC=145561.569154, +15 cols
    [CG]   [DIAG] iter=16 posCols=15 newCols=15 effImprove=15 updated=0
    [CG] CG iter 17: obj=2938596.965334, maxRC=105320.766419, +12 cols
    [CG]   [DIAG] iter=17 posCols=12 newCols=12 effImprove=12 updated=0
    [CG] CG iter 18: obj=2942717.632787, maxRC=114132.477631, +13 cols
    [CG]   [DIAG] iter=18 posCols=13 newCols=13 effImprove=13 updated=0
    [CG] CG iter 19: obj=2947429.028708, maxRC=93314.737783, +12 cols
    [CG]   [DIAG] iter=19 posCols=12 newCols=12 effImprove=12 updated=0
    [CG] CG iter 20: obj=2951525.496896, maxRC=41899.123589, +10 cols
    [CG]   [DIAG] iter=20 posCols=10 newCols=10 effImprove=10 updated=0
    [CG] CG iter 21: obj=2952460.068176, maxRC=27614.336667, +9 cols
    [CG]   [DIAG] iter=21 posCols=9 newCols=9 effImprove=9 updated=0
    [CG] CG iter 22: obj=2956516.912592, maxRC=24242.905224, +9 cols
    [CG]   [DIAG] iter=22 posCols=9 newCols=9 effImprove=9 updated=0
    [CG] CG iter 23: obj=2960439.514358, maxRC=16201.033328, +9 cols
    [CG]   [DIAG] iter=23 posCols=9 newCols=9 effImprove=9 updated=0
    [CG] CG iter 24: obj=2962356.281022, maxRC=17841.480057, +9 cols
    [CG]   [DIAG] iter=24 posCols=9 newCols=9 effImprove=9 updated=0
    [CG] CG iter 25: obj=2965341.851744, maxRC=13417.177590, +11 cols
    [CG]   [DIAG] iter=25 posCols=11 newCols=11 effImprove=11 updated=0
    [CG] CG iter 26: obj=2969547.248985, maxRC=15214.888401, +8 cols
    [CG]   [DIAG] iter=26 posCols=8 newCols=8 effImprove=8 updated=0
    [CG] CG iter 27: obj=2971359.863619, maxRC=14497.215006, +8 cols
    [CG]   [DIAG] iter=27 posCols=8 newCols=8 effImprove=8 updated=0
    [CG] CG iter 28: obj=2972473.702814, maxRC=10180.624652, +7 cols
    [CG]   [DIAG] iter=28 posCols=7 newCols=7 effImprove=7 updated=0
    [CG] CG iter 29: obj=2973321.542168, maxRC=10283.738776, +7 cols
    [CG]   [DIAG] iter=29 posCols=7 newCols=7 effImprove=7 updated=0
    [CG] CG iter 30: obj=2977014.965684, maxRC=7441.051311, +5 cols
    [CG]   [DIAG] iter=30 posCols=5 newCols=5 effImprove=5 updated=0
    [CG] CG iter 31: obj=2978799.554136, maxRC=8852.587354, +5 cols
    [CG]   [DIAG] iter=31 posCols=5 newCols=5 effImprove=5 updated=0
    [CG] CG iter 32: obj=2978847.183150, maxRC=6791.902414, +5 cols
    [CG]   [DIAG] iter=32 posCols=5 newCols=5 effImprove=5 updated=0
    [CG] CG iter 33: obj=2979021.334494, maxRC=3498.524445, +5 cols
    [CG]   [DIAG] iter=33 posCols=5 newCols=5 effImprove=5 updated=0
    [CG] CG iter 34: obj=2979098.502971, maxRC=1160.517096, +4 cols
    [CG]   [DIAG] iter=34 posCols=4 newCols=4 effImprove=4 updated=0
    [CG] CG iter 35: obj=2979098.502971, maxRC=1095.995258, +3 cols
    [CG]   [DIAG] iter=35 posCols=3 newCols=3 effImprove=3 updated=0
    [CG] CG iter 36: obj=2979372.501786, maxRC=1736.903209, +2 cols
    [CG]   [DIAG] iter=36 posCols=2 newCols=2 effImprove=2 updated=0
    [CG] CG iter 37: obj=2979395.987520, maxRC=687.770988, +2 cols
    [CG]   [DIAG] iter=37 posCols=2 newCols=2 effImprove=2 updated=0
    [CG] CG iter 38: obj=2979395.987520, maxRC=629.953356, +1 cols
    [CG]   [DIAG] iter=38 posCols=1 newCols=1 effImprove=1 updated=0
    [CG] CG iter 39: obj=2979395.987520, maxRC=41.373920, +1 cols
    [CG]   [DIAG] iter=39 posCols=1 newCols=1 effImprove=1 updated=0
    [CG] CG iter 40: obj=2979395.987520, maxRC=30.194580, +1 cols
    [CG]   [DIAG] iter=40 posCols=1 newCols=1 effImprove=1 updated=0
    [CG] 列生成收敛，共 41 轮迭代
    [CG] [CG-NODE] depth=0 exit=CERTIFIED certified=1 feasible=1 iters=41 generatedColsBeforeNode=0 newCols=438 posCandidates=440 duplicateCandidates=2 updatedCols=2 zeroObjImproveIters=11 objFirst=1010614.465276 objLast=2979395.987520 objGain=1968781.522244 maxRC=2103471.158543 wallSec=0.388710 pricingSec=0.363439 cplexSolveSec=0.018710
      [BB] 分支定界开始，根节点LP obj=2979395.987520，最大节点数=10000
      [BB] 根节点启发式下界 LB=2381680.093154（上界=2979395.987520）
    [CG] [BB-DIAG] 分支 x_{dc=4,retailer=3}, 节点数=1
    [CG] 列生成开始，初始列数=694
    [CG] CG iter 42: obj=2975726.159339, maxRC=70617.596108, +10 cols
    [CG]   [DIAG] iter=42 posCols=10 newCols=10 effImprove=10 updated=0
    [CG] CG iter 43: obj=2975726.159339, maxRC=23639.737077, +9 cols
    [CG]   [DIAG] iter=43 posCols=9 newCols=9 effImprove=9 updated=0
    [CG] CG iter 44: obj=2975726.159339, maxRC=20252.308593, +9 cols
    [CG]   [DIAG] iter=44 posCols=9 newCols=9 effImprove=9 updated=0
    [CG] CG iter 45: obj=2975726.159339, maxRC=18328.447445, +9 cols
    [CG]   [DIAG] iter=45 posCols=9 newCols=9 effImprove=9 updated=0
    [CG] CG iter 46: obj=2975726.159339, maxRC=12088.453765, +9 cols
    [CG]   [DIAG] iter=46 posCols=9 newCols=9 effImprove=9 updated=0
    [CG] CG iter 47: obj=2975726.159339, maxRC=3600.042164, +7 cols
    [CG]   [DIAG] iter=47 posCols=7 newCols=7 effImprove=7 updated=0
    [CG] CG iter 48: obj=2978566.139104, maxRC=9334.829190, +6 cols
    [CG]   [DIAG] iter=48 posCols=6 newCols=6 effImprove=6 updated=0
    [CG] CG iter 49: obj=2978566.139104, maxRC=4255.267547, +6 cols
    [CG]   [DIAG] iter=49 posCols=6 newCols=6 effImprove=6 updated=0
    [CG] CG iter 50: obj=2978566.139104, maxRC=2790.058077, +4 cols
    [CG]   [DIAG] iter=50 posCols=4 newCols=4 effImprove=4 updated=0
    [CG] CG iter 51: obj=2978566.139104, maxRC=2929.839102, +4 cols
    [CG]   [DIAG] iter=51 posCols=4 newCols=4 effImprove=4 updated=0
    [CG] CG iter 52: obj=2978566.139104, maxRC=1643.718330, +3 cols
    [CG]   [DIAG] iter=52 posCols=3 newCols=3 effImprove=3 updated=0
    [CG] CG iter 53: obj=2978566.139104, maxRC=2536.340027, +3 cols
    [CG]   [DIAG] iter=53 posCols=3 newCols=3 effImprove=3 updated=0
    [CG] CG iter 54: obj=2978566.139104, maxRC=1332.482303, +5 cols
    [CG]   [DIAG] iter=54 posCols=5 newCols=5 effImprove=5 updated=0
    [CG] CG iter 55: obj=2978566.139104, maxRC=287.781873, +1 cols
    [CG]   [DIAG] iter=55 posCols=1 newCols=1 effImprove=1 updated=0
    [CG] CG iter 56: obj=2978566.139104, maxRC=164.925938, +1 cols
    [CG]   [DIAG] iter=56 posCols=1 newCols=1 effImprove=1 updated=0
    [CG] CG iter 57: obj=2978566.139104, maxRC=108.044390, +1 cols
    [CG]   [DIAG] iter=57 posCols=1 newCols=1 effImprove=1 updated=0
    [CG] CG iter 58: obj=2978566.139104, maxRC=60.484287, +1 cols
    [CG]   [DIAG] iter=58 posCols=1 newCols=1 effImprove=1 updated=0
    [CG] CG iter 59: obj=2978566.139104, maxRC=50.228729, +1 cols
    [CG]   [DIAG] iter=59 posCols=1 newCols=1 effImprove=1 updated=0
    [CG] CG iter 60: obj=2978566.139104, maxRC=35.038363, +1 cols
    [CG]   [DIAG] iter=60 posCols=1 newCols=1 effImprove=1 updated=0
    [CG] CG iter 61: obj=2978566.139104, maxRC=33.375310, +1 cols
    [CG]   [DIAG] iter=61 posCols=1 newCols=1 effImprove=1 updated=0
    [CG] 列生成收敛，共 62 轮迭代
    [CG] [CG-NODE] depth=1 exit=CERTIFIED certified=1 feasible=1 iters=21 generatedColsBeforeNode=438 newCols=91 posCandidates=91 duplicateCandidates=0 updatedCols=0 zeroObjImproveIters=19 objFirst=2975726.159339 objLast=2978566.139104 objGain=2839.979765 maxRC=70617.596108 wallSec=0.104748 pricingSec=0.091804 cplexSolveSec=0.009598
    [CG] 列生成开始，初始列数=680
    [CG] CG iter 63: obj=2974945.685684, maxRC=34053.873351, +9 cols
    [CG]   [DIAG] iter=63 posCols=9 newCols=9 effImprove=9 updated=0
    [CG] CG iter 64: obj=2974945.685684, maxRC=12242.706259, +6 cols
    [CG]   [DIAG] iter=64 posCols=6 newCols=6 effImprove=6 updated=0
    [CG] CG iter 65: obj=2974945.685684, maxRC=5601.080866, +5 cols
    [CG]   [DIAG] iter=65 posCols=5 newCols=5 effImprove=5 updated=0
    [CG] CG iter 66: obj=2974945.685684, maxRC=2351.753528, +5 cols
    [CG]   [DIAG] iter=66 posCols=5 newCols=5 effImprove=5 updated=0
    [CG] CG iter 67: obj=2974945.685684, maxRC=957.064283, +3 cols
    [CG]   [DIAG] iter=67 posCols=3 newCols=3 effImprove=3 updated=0
    [CG] CG iter 68: obj=2974945.685684, maxRC=936.667241, +1 cols
    [CG]   [DIAG] iter=68 posCols=1 newCols=1 effImprove=1 updated=0
    [CG] 列生成收敛，共 69 轮迭代
    [CG] [CG-NODE] depth=1 exit=CERTIFIED certified=1 feasible=1 iters=7 generatedColsBeforeNode=529 newCols=29 posCandidates=29 duplicateCandidates=0 updatedCols=0 zeroObjImproveIters=6 objFirst=2974945.685684 objLast=2974945.685684 objGain=-0.000000 maxRC=34053.873351 wallSec=0.022939 pricingSec=0.016475 cplexSolveSec=0.004547
    [CG] [BB-INCUMBENT] selection=2 node=1 previous=2381680.093154 value=2974945.685684 active=1
    [CG] [BB-NODESEL] strategy=hybrid choice=dfs eligibleCount=1 active=1 gap=0.001217
    [CG] [BB-INCUMBENT] selection=3 node=1 previous=2974945.685684 value=2978566.139104 active=0
      [BB] 分支定界结束：处理 3 节点，剪枝 0，剩余活跃 0，整数解 3，状态=OPTIMAL，最好可行 obj=2978566.139104，gap=0.000000
