    [CG] 列生成开始，初始列数=310
    [CG] CG iter 1: obj=944327.492174, maxRC=2142089.460561, +30 cols
    [CG]   [DIAG] iter=1 posCols=30 newCols=30 effImprove=30 updated=0
    [CG] CG iter 2: obj=2438592.565308, maxRC=287443.630470, +14 cols
    [CG]   [DIAG] iter=2 posCols=14 newCols=14 effImprove=14 updated=0
    [CG] CG iter 3: obj=2497058.137862, maxRC=662744.008763, +21 cols
    [CG]   [DIAG] iter=3 posCols=21 newCols=21 effImprove=21 updated=0
    [CG] CG iter 4: obj=2548640.547481, maxRC=670724.450260, +20 cols
    [CG]   [DIAG] iter=4 posCols=20 newCols=19 effImprove=20 updated=1
    [CG] CG iter 5: obj=2711594.785001, maxRC=407203.601337, +19 cols
    [CG]   [DIAG] iter=5 posCols=19 newCols=18 effImprove=19 updated=1
    [CG] CG iter 6: obj=2719465.011683, maxRC=402702.150562, +18 cols
    [CG]   [DIAG] iter=6 posCols=18 newCols=18 effImprove=18 updated=0
    [CG] CG iter 7: obj=2754202.998902, maxRC=304394.532751, +16 cols
    [CG]   [DIAG] iter=7 posCols=16 newCols=16 effImprove=16 updated=0
    [CG] CG iter 8: obj=2785867.239613, maxRC=197183.206805, +14 cols
    [CG]   [DIAG] iter=8 posCols=14 newCols=14 effImprove=14 updated=0
    [CG] CG iter 9: obj=2849135.989293, maxRC=194623.236588, +13 cols
    [CG]   [DIAG] iter=9 posCols=13 newCols=13 effImprove=13 updated=0
    [CG] CG iter 10: obj=2849135.989293, maxRC=150039.458351, +12 cols
    [CG]   [DIAG] iter=10 posCols=12 newCols=12 effImprove=12 updated=0
    [CG] CG iter 11: obj=2884336.864204, maxRC=136178.156489, +12 cols
    [CG]   [DIAG] iter=11 posCols=12 newCols=12 effImprove=12 updated=0
    [CG] CG iter 12: obj=2888504.061697, maxRC=109901.152744, +12 cols
    [CG]   [DIAG] iter=12 posCols=12 newCols=12 effImprove=12 updated=0
    [CG] CG iter 13: obj=2896148.768982, maxRC=118064.135987, +12 cols
    [CG]   [DIAG] iter=13 posCols=12 newCols=12 effImprove=12 updated=0
    [CG] CG iter 14: obj=2913120.759983, maxRC=119805.295368, +12 cols
    [CG]   [DIAG] iter=14 posCols=12 newCols=12 effImprove=12 updated=0
    [CG] CG iter 15: obj=2928059.366680, maxRC=75423.552081, +12 cols
    [CG]   [DIAG] iter=15 posCols=12 newCols=12 effImprove=12 updated=0
    [CG] CG iter 16: obj=2937948.950697, maxRC=87461.523485, +12 cols
    [CG]   [DIAG] iter=16 posCols=12 newCols=12 effImprove=12 updated=0
    [CG] CG iter 17: obj=2948208.964503, maxRC=95181.537015, +12 cols
    [CG]   [DIAG] iter=17 posCols=12 newCols=12 effImprove=12 updated=0
    [CG] CG iter 18: obj=2949795.992552, maxRC=40519.443553, +10 cols
    [CG]   [DIAG] iter=18 posCols=10 newCols=10 effImprove=10 updated=0
    [CG] CG iter 19: obj=2957363.416857, maxRC=39751.577822, +10 cols
    [CG]   [DIAG] iter=19 posCols=10 newCols=10 effImprove=10 updated=0
    [CG] CG iter 20: obj=2966227.440242, maxRC=103930.378130, +10 cols
    [CG]   [DIAG] iter=20 posCols=10 newCols=10 effImprove=10 updated=0
    [CG] CG iter 21: obj=2967810.820200, maxRC=61790.506465, +12 cols
    [CG]   [DIAG] iter=21 posCols=12 newCols=12 effImprove=12 updated=0
    [CG] CG iter 22: obj=2967810.820200, maxRC=39424.755672, +9 cols
    [CG]   [DIAG] iter=22 posCols=9 newCols=9 effImprove=9 updated=0
    [CG] CG iter 23: obj=2969206.493147, maxRC=27229.227636, +11 cols
    [CG]   [DIAG] iter=23 posCols=11 newCols=11 effImprove=11 updated=0
    [CG] CG iter 24: obj=2971195.106832, maxRC=22521.244631, +10 cols
    [CG]   [DIAG] iter=24 posCols=10 newCols=10 effImprove=10 updated=0
    [CG] CG iter 25: obj=2973391.893924, maxRC=18825.051104, +9 cols
    [CG]   [DIAG] iter=25 posCols=9 newCols=9 effImprove=9 updated=0
    [CG] CG iter 26: obj=2976477.523578, maxRC=14993.462304, +9 cols
    [CG]   [DIAG] iter=26 posCols=9 newCols=9 effImprove=9 updated=0
    [CG] CG iter 27: obj=2980149.271534, maxRC=23197.502974, +12 cols
    [CG]   [DIAG] iter=27 posCols=12 newCols=12 effImprove=12 updated=0
    [CG] CG iter 28: obj=2980517.268746, maxRC=7567.460432, +8 cols
    [CG]   [DIAG] iter=28 posCols=8 newCols=8 effImprove=8 updated=0
    [CG] CG iter 29: obj=2983129.165408, maxRC=10965.020302, +8 cols
    [CG]   [DIAG] iter=29 posCols=8 newCols=8 effImprove=8 updated=0
    [CG] CG iter 30: obj=2984052.358983, maxRC=8115.003305, +9 cols
    [CG]   [DIAG] iter=30 posCols=9 newCols=9 effImprove=9 updated=0
    [CG] CG iter 31: obj=2987351.124367, maxRC=6429.258650, +7 cols
    [CG]   [DIAG] iter=31 posCols=7 newCols=7 effImprove=7 updated=0
    [CG] CG iter 32: obj=2987351.124367, maxRC=4816.866558, +7 cols
    [CG]   [DIAG] iter=32 posCols=7 newCols=7 effImprove=7 updated=0
    [CG] CG iter 33: obj=2987351.124367, maxRC=4192.396116, +7 cols
    [CG]   [DIAG] iter=33 posCols=7 newCols=7 effImprove=7 updated=0
    [CG] CG iter 34: obj=2989293.752179, maxRC=5351.248216, +5 cols
    [CG]   [DIAG] iter=34 posCols=5 newCols=5 effImprove=5 updated=0
    [CG] CG iter 35: obj=2989293.752179, maxRC=2428.938290, +5 cols
    [CG]   [DIAG] iter=35 posCols=5 newCols=5 effImprove=5 updated=0
    [CG] CG iter 36: obj=2989293.752179, maxRC=1642.370378, +6 cols
    [CG]   [DIAG] iter=36 posCols=6 newCols=6 effImprove=6 updated=0
    [CG] CG iter 37: obj=2989293.752179, maxRC=616.228289, +2 cols
    [CG]   [DIAG] iter=37 posCols=2 newCols=2 effImprove=2 updated=0
    [CG] CG iter 38: obj=2989324.713909, maxRC=458.353257, +2 cols
    [CG]   [DIAG] iter=38 posCols=2 newCols=2 effImprove=2 updated=0
    [CG] CG iter 39: obj=2989324.713909, maxRC=426.170375, +2 cols
    [CG]   [DIAG] iter=39 posCols=2 newCols=2 effImprove=2 updated=0
    [CG] CG iter 40: obj=2989324.713909, maxRC=214.345790, +2 cols
    [CG]   [DIAG] iter=40 posCols=2 newCols=2 effImprove=2 updated=0
    [CG] CG iter 41: obj=2989324.713909, maxRC=153.971600, +1 cols
    [CG]   [DIAG] iter=41 posCols=1 newCols=1 effImprove=1 updated=0
    [CG] CG iter 42: obj=2989324.713909, maxRC=105.920929, +1 cols
    [CG]   [DIAG] iter=42 posCols=1 newCols=1 effImprove=1 updated=0
    [CG] CG iter 43: obj=2989324.713909, maxRC=54.476473, +1 cols
    [CG]   [DIAG] iter=43 posCols=1 newCols=1 effImprove=1 updated=0
    [CG] CG iter 44: obj=2989324.713909, maxRC=38.075071, +1 cols
    [CG]   [DIAG] iter=44 posCols=1 newCols=1 effImprove=1 updated=0
    [CG] 列生成收敛，共 45 轮迭代
    [CG] [CG-NODE] depth=0 exit=CERTIFIED certified=1 feasible=1 iters=45 generatedColsBeforeNode=0 newCols=435 posCandidates=437 duplicateCandidates=2 updatedCols=2 zeroObjImproveIters=14 objFirst=944327.492174 objLast=2989324.713909 objGain=2044997.221736 maxRC=2142089.460561 wallSec=0.392415 pricingSec=0.348284 cplexSolveSec=0.019727
      [BB] 分支定界开始，根节点LP obj=2989324.713909，最大节点数=10000
      [BB] 根节点启发式下界 LB=2349378.542779（上界=2989324.713909）
    [CG] [BB-DIAG] 分支 x_{dc=4,retailer=3}, 节点数=1
    [CG] 列生成开始，初始列数=663
    [CG] CG iter 46: obj=2983511.536221, maxRC=44935.203127, +12 cols
    [CG]   [DIAG] iter=46 posCols=12 newCols=12 effImprove=12 updated=0
    [CG] CG iter 47: obj=2983511.536221, maxRC=26432.233395, +9 cols
    [CG]   [DIAG] iter=47 posCols=9 newCols=9 effImprove=9 updated=0
    [CG] CG iter 48: obj=2983511.536221, maxRC=17493.732352, +5 cols
    [CG]   [DIAG] iter=48 posCols=5 newCols=5 effImprove=5 updated=0
    [CG] CG iter 49: obj=2983511.536221, maxRC=3552.315526, +4 cols
    [CG]   [DIAG] iter=49 posCols=4 newCols=4 effImprove=4 updated=0
    [CG] CG iter 50: obj=2983511.536221, maxRC=1618.727778, +4 cols
    [CG]   [DIAG] iter=50 posCols=4 newCols=4 effImprove=4 updated=0
    [CG] CG iter 51: obj=2983511.536221, maxRC=694.683373, +2 cols
    [CG]   [DIAG] iter=51 posCols=2 newCols=2 effImprove=2 updated=0
    [CG] CG iter 52: obj=2983511.536221, maxRC=523.673795, +2 cols
    [CG]   [DIAG] iter=52 posCols=2 newCols=2 effImprove=2 updated=0
    [CG] CG iter 53: obj=2983511.536221, maxRC=698.313554, +2 cols
    [CG]   [DIAG] iter=53 posCols=2 newCols=2 effImprove=2 updated=0
    [CG] CG iter 54: obj=2983511.536221, maxRC=150.738778, +2 cols
    [CG]   [DIAG] iter=54 posCols=2 newCols=2 effImprove=2 updated=0
    [CG] CG iter 55: obj=2983511.536221, maxRC=141.574503, +2 cols
    [CG]   [DIAG] iter=55 posCols=2 newCols=2 effImprove=2 updated=0
    [CG] CG iter 56: obj=2983511.536221, maxRC=58.467760, +2 cols
    [CG]   [DIAG] iter=56 posCols=2 newCols=2 effImprove=2 updated=0
    [CG] CG iter 57: obj=2983511.536221, maxRC=44.979370, +2 cols
    [CG]   [DIAG] iter=57 posCols=2 newCols=2 effImprove=2 updated=0
    [CG] 列生成收敛，共 58 轮迭代
    [CG] [CG-NODE] depth=1 exit=CERTIFIED certified=1 feasible=1 iters=13 generatedColsBeforeNode=435 newCols=48 posCandidates=48 duplicateCandidates=0 updatedCols=0 zeroObjImproveIters=12 objFirst=2983511.536221 objLast=2983511.536221 objGain=0.000000 maxRC=44935.203127 wallSec=0.045987 pricingSec=0.037191 cplexSolveSec=0.006515
    [CG] 列生成开始，初始列数=690
    [CG] CG iter 59: obj=2981000.365270, maxRC=45490.030123, +12 cols
    [CG]   [DIAG] iter=59 posCols=12 newCols=12 effImprove=12 updated=0
    [CG] CG iter 60: obj=2981000.365270, maxRC=14466.847737, +9 cols
    [CG]   [DIAG] iter=60 posCols=9 newCols=9 effImprove=9 updated=0
    [CG] CG iter 61: obj=2983486.239823, maxRC=6136.549531, +8 cols
    [CG]   [DIAG] iter=61 posCols=8 newCols=8 effImprove=8 updated=0
    [CG] CG iter 62: obj=2986532.451639, maxRC=9327.141078, +8 cols
    [CG]   [DIAG] iter=62 posCols=8 newCols=8 effImprove=8 updated=0
    [CG] CG iter 63: obj=2986532.451639, maxRC=4319.156098, +6 cols
    [CG]   [DIAG] iter=63 posCols=6 newCols=6 effImprove=6 updated=0
    [CG] CG iter 64: obj=2986532.451639, maxRC=1584.628533, +5 cols
    [CG]   [DIAG] iter=64 posCols=5 newCols=5 effImprove=5 updated=0
    [CG] CG iter 65: obj=2987411.204867, maxRC=76.924522, +2 cols
    [CG]   [DIAG] iter=65 posCols=2 newCols=2 effImprove=2 updated=0
    [CG] 列生成收敛，共 66 轮迭代
    [CG] [CG-NODE] depth=1 exit=CERTIFIED certified=1 feasible=1 iters=8 generatedColsBeforeNode=483 newCols=50 posCandidates=50 duplicateCandidates=0 updatedCols=0 zeroObjImproveIters=4 objFirst=2981000.365270 objLast=2987411.204867 objGain=6410.839597 maxRC=45490.030123 wallSec=0.028581 pricingSec=0.020926 cplexSolveSec=0.005672
    [CG] [BB-INCUMBENT] selection=2 node=1 previous=2349378.542779 value=2987411.204867 active=1
    [CG] [BB-NODESEL] strategy=hybrid choice=dfs eligibleCount=1 active=1 gap=0.000000
      [BB] 分支定界结束：处理 3 节点，剪枝 1，剩余活跃 0，整数解 2，状态=OPTIMAL，最好可行 obj=2987411.204867，gap=0.000000
