    [CG] 列生成开始，初始列数=310
    [CG] CG iter 1: obj=946053.313792, maxRC=2192133.556381, +30 cols
    [CG]   [DIAG] iter=1 posCols=30 newCols=30 effImprove=30 updated=0
    [CG] CG iter 2: obj=2526966.836142, maxRC=276454.586293, +15 cols
    [CG]   [DIAG] iter=2 posCols=15 newCols=15 effImprove=15 updated=0
    [CG] CG iter 3: obj=2559247.969843, maxRC=641220.679624, +20 cols
    [CG]   [DIAG] iter=3 posCols=20 newCols=20 effImprove=20 updated=0
    [CG] CG iter 4: obj=2745711.460746, maxRC=608441.551169, +18 cols
    [CG]   [DIAG] iter=4 posCols=18 newCols=18 effImprove=18 updated=0
    [CG] CG iter 5: obj=2759976.179283, maxRC=467774.628752, +18 cols
    [CG]   [DIAG] iter=5 posCols=18 newCols=18 effImprove=18 updated=0
    [CG] CG iter 6: obj=2849770.686335, maxRC=337840.517835, +15 cols
    [CG]   [DIAG] iter=6 posCols=15 newCols=15 effImprove=15 updated=0
    [CG] CG iter 7: obj=2849770.686335, maxRC=212197.535147, +15 cols
    [CG]   [DIAG] iter=7 posCols=15 newCols=15 effImprove=15 updated=0
    [CG] CG iter 8: obj=2885937.791952, maxRC=176041.678411, +15 cols
    [CG]   [DIAG] iter=8 posCols=15 newCols=15 effImprove=15 updated=0
    [CG] CG iter 9: obj=2914897.317196, maxRC=162965.225645, +15 cols
    [CG]   [DIAG] iter=9 posCols=15 newCols=15 effImprove=15 updated=0
    [CG] CG iter 10: obj=2932828.330367, maxRC=129922.856864, +13 cols
    [CG]   [DIAG] iter=10 posCols=13 newCols=13 effImprove=13 updated=0
    [CG] CG iter 11: obj=2943121.470766, maxRC=157405.132335, +15 cols
    [CG]   [DIAG] iter=11 posCols=15 newCols=15 effImprove=15 updated=0
    [CG] CG iter 12: obj=2944722.431634, maxRC=145958.749924, +13 cols
    [CG]   [DIAG] iter=12 posCols=13 newCols=13 effImprove=13 updated=0
    [CG] CG iter 13: obj=2949832.155632, maxRC=85872.150870, +13 cols
    [CG]   [DIAG] iter=13 posCols=13 newCols=13 effImprove=13 updated=0
    [CG] CG iter 14: obj=2968221.462400, maxRC=95782.723236, +14 cols
    [CG]   [DIAG] iter=14 posCols=14 newCols=14 effImprove=14 updated=0
    [CG] CG iter 15: obj=2979832.507868, maxRC=92148.510670, +11 cols
    [CG]   [DIAG] iter=15 posCols=11 newCols=11 effImprove=11 updated=0
    [CG] CG iter 16: obj=2979832.507868, maxRC=62141.098395, +9 cols
    [CG]   [DIAG] iter=16 posCols=9 newCols=9 effImprove=9 updated=0
    [CG] CG iter 17: obj=2979832.507868, maxRC=42960.810582, +9 cols
    [CG]   [DIAG] iter=17 posCols=9 newCols=9 effImprove=9 updated=0
    [CG] CG iter 18: obj=2982228.313983, maxRC=46025.441911, +10 cols
    [CG]   [DIAG] iter=18 posCols=10 newCols=10 effImprove=10 updated=0
    [CG] CG iter 19: obj=2983475.203174, maxRC=48533.964845, +11 cols
    [CG]   [DIAG] iter=19 posCols=11 newCols=11 effImprove=11 updated=0
    [CG] CG iter 20: obj=2988652.468240, maxRC=48404.673561, +9 cols
    [CG]   [DIAG] iter=20 posCols=9 newCols=9 effImprove=9 updated=0
    [CG] CG iter 21: obj=2995707.370427, maxRC=32245.608613, +9 cols
    [CG]   [DIAG] iter=21 posCols=9 newCols=9 effImprove=9 updated=0
    [CG] CG iter 22: obj=2998088.523401, maxRC=26187.855144, +9 cols
    [CG]   [DIAG] iter=22 posCols=9 newCols=9 effImprove=9 updated=0
    [CG] CG iter 23: obj=3000453.561908, maxRC=14034.782294, +9 cols
    [CG]   [DIAG] iter=23 posCols=9 newCols=9 effImprove=9 updated=0
    [CG] CG iter 24: obj=3004112.799627, maxRC=19576.775423, +9 cols
    [CG]   [DIAG] iter=24 posCols=9 newCols=9 effImprove=9 updated=0
    [CG] CG iter 25: obj=3007193.460315, maxRC=9738.287734, +8 cols
    [CG]   [DIAG] iter=25 posCols=8 newCols=8 effImprove=8 updated=0
    [CG] CG iter 26: obj=3009653.463924, maxRC=13514.224567, +7 cols
    [CG]   [DIAG] iter=26 posCols=7 newCols=7 effImprove=7 updated=0
    [CG] CG iter 27: obj=3011838.659314, maxRC=9235.924925, +7 cols
    [CG]   [DIAG] iter=27 posCols=7 newCols=7 effImprove=7 updated=0
    [CG] CG iter 28: obj=3015478.858015, maxRC=8033.325847, +9 cols
    [CG]   [DIAG] iter=28 posCols=9 newCols=9 effImprove=9 updated=0
    [CG] CG iter 29: obj=3015478.858015, maxRC=5861.305233, +7 cols
    [CG]   [DIAG] iter=29 posCols=7 newCols=7 effImprove=7 updated=0
    [CG] CG iter 30: obj=3015478.858015, maxRC=3902.830801, +6 cols
    [CG]   [DIAG] iter=30 posCols=6 newCols=6 effImprove=6 updated=0
    [CG] CG iter 31: obj=3019381.688817, maxRC=7101.165917, +6 cols
    [CG]   [DIAG] iter=31 posCols=6 newCols=6 effImprove=6 updated=0
    [CG] CG iter 32: obj=3019381.688817, maxRC=3731.229440, +4 cols
    [CG]   [DIAG] iter=32 posCols=4 newCols=4 effImprove=4 updated=0
    [CG] CG iter 33: obj=3019381.688817, maxRC=1857.472232, +4 cols
    [CG]   [DIAG] iter=33 posCols=4 newCols=4 effImprove=4 updated=0
    [CG] CG iter 34: obj=3019381.688817, maxRC=1122.067142, +3 cols
    [CG]   [DIAG] iter=34 posCols=3 newCols=3 effImprove=3 updated=0
    [CG] 列生成收敛，共 35 轮迭代
    [CG] [CG-NODE] depth=0 exit=CERTIFIED certified=1 feasible=1 iters=35 generatedColsBeforeNode=0 newCols=385 posCandidates=385 duplicateCandidates=0 updatedCols=0 zeroObjImproveIters=9 objFirst=946053.313792 objLast=3019381.688817 objGain=2073328.375024 maxRC=2192133.556381 wallSec=0.343613 pricingSec=0.304001 cplexSolveSec=0.015805
      [BB] 根节点即为整数解，obj=3019381.688817
