    [CG] 列生成开始，初始列数=310
    [CG] CG iter 1: obj=929803.603211, maxRC=2110572.993841, +30 cols
    [CG]   [DIAG] iter=1 posCols=30 newCols=30 effImprove=30 updated=0
    [CG] CG iter 2: obj=2429412.237472, maxRC=301012.357393, +16 cols
    [CG]   [DIAG] iter=2 posCols=16 newCols=16 effImprove=16 updated=0
    [CG] CG iter 3: obj=2684199.987895, maxRC=262730.412895, +15 cols
    [CG]   [DIAG] iter=3 posCols=15 newCols=15 effImprove=15 updated=0
    [CG] CG iter 4: obj=2737824.833465, maxRC=633349.762321, +19 cols
    [CG]   [DIAG] iter=4 posCols=19 newCols=19 effImprove=19 updated=0
    [CG] CG iter 5: obj=2738253.227318, maxRC=606053.111586, +19 cols
    [CG]   [DIAG] iter=5 posCols=19 newCols=19 effImprove=19 updated=0
    [CG] CG iter 6: obj=2749177.812809, maxRC=357336.339578, +17 cols
    [CG]   [DIAG] iter=6 posCols=17 newCols=16 effImprove=17 updated=1
    [CG] CG iter 7: obj=2829081.514243, maxRC=260320.196414, +15 cols
    [CG]   [DIAG] iter=7 posCols=15 newCols=15 effImprove=15 updated=0
    [CG] CG iter 8: obj=2829081.514243, maxRC=125316.186023, +12 cols
    [CG]   [DIAG] iter=8 posCols=12 newCols=12 effImprove=12 updated=0
    [CG] CG iter 9: obj=2870828.640708, maxRC=156136.462796, +13 cols
    [CG]   [DIAG] iter=9 posCols=13 newCols=13 effImprove=13 updated=0
    [CG] CG iter 10: obj=2880700.441326, maxRC=174842.566952, +13 cols
    [CG]   [DIAG] iter=10 posCols=13 newCols=13 effImprove=13 updated=0
    [CG] CG iter 11: obj=2880700.441326, maxRC=139373.007502, +12 cols
    [CG]   [DIAG] iter=11 posCols=12 newCols=12 effImprove=12 updated=0
    [CG] CG iter 12: obj=2880700.441326, maxRC=163623.618324, +12 cols
    [CG]   [DIAG] iter=12 posCols=12 newCols=12 effImprove=12 updated=0
    [CG] CG iter 13: obj=2905704.143610, maxRC=140128.612245, +14 cols
    [CG]   [DIAG] iter=13 posCols=14 newCols=14 effImprove=14 updated=0
    [CG] CG iter 14: obj=2905704.143610, maxRC=208705.256015, +13 cols
    [CG]   [DIAG] iter=14 posCols=13 newCols=13 effImprove=13 updated=0
    [CG] CG iter 15: obj=2905704.143610, maxRC=154757.175704, +12 cols
    [CG]   [DIAG] iter=15 posCols=12 newCols=12 effImprove=12 updated=0
    [CG] CG iter 16: obj=2909335.756362, maxRC=100468.673844, +12 cols
    [CG]   [DIAG] iter=16 posCols=12 newCols=12 effImprove=12 updated=0
    [CG] CG iter 17: obj=2916719.074804, maxRC=64789.495917, +12 cols
    [CG]   [DIAG] iter=17 posCols=12 newCols=12 effImprove=12 updated=0
    [CG] CG iter 18: obj=2916719.074804, maxRC=54559.821464, +12 cols
    [CG]   [DIAG] iter=18 posCols=12 newCols=12 effImprove=12 updated=0
    [CG] CG iter 19: obj=2916719.074804, maxRC=40310.072027, +12 cols
    [CG]   [DIAG] iter=19 posCols=12 newCols=11 effImprove=12 updated=1
    [CG] CG iter 20: obj=2916719.074804, maxRC=26273.359243, +12 cols
    [CG]   [DIAG] iter=20 posCols=12 newCols=12 effImprove=12 updated=0
    [CG] CG iter 21: obj=2919328.532182, maxRC=57053.033066, +12 cols
    [CG]   [DIAG] iter=21 posCols=12 newCols=12 effImprove=12 updated=0
    [CG] CG iter 22: obj=2919328.532182, maxRC=31202.637097, +12 cols
    [CG]   [DIAG] iter=22 posCols=12 newCols=12 effImprove=12 updated=0
    [CG] CG iter 23: obj=2922547.185604, maxRC=24577.105081, +10 cols
    [CG]   [DIAG] iter=23 posCols=10 newCols=10 effImprove=10 updated=0
    [CG] CG iter 24: obj=2929859.633928, maxRC=14544.468206, +5 cols
    [CG]   [DIAG] iter=24 posCols=5 newCols=5 effImprove=5 updated=0
    [CG] CG iter 25: obj=2937102.445704, maxRC=16742.122516, +9 cols
    [CG]   [DIAG] iter=25 posCols=9 newCols=9 effImprove=9 updated=0
    [CG] CG iter 26: obj=2942042.963825, maxRC=14914.010220, +9 cols
    [CG]   [DIAG] iter=26 posCols=9 newCols=9 effImprove=9 updated=0
    [CG] CG iter 27: obj=2942042.963825, maxRC=14056.981046, +9 cols
    [CG]   [DIAG] iter=27 posCols=9 newCols=9 effImprove=9 updated=0
    [CG] CG iter 28: obj=2942042.963825, maxRC=8325.938502, +5 cols
    [CG]   [DIAG] iter=28 posCols=5 newCols=5 effImprove=5 updated=0
    [CG] CG iter 29: obj=2942956.771133, maxRC=5383.079249, +6 cols
    [CG]   [DIAG] iter=29 posCols=6 newCols=6 effImprove=6 updated=0
    [CG] CG iter 30: obj=2946804.060460, maxRC=4158.209792, +4 cols
    [CG]   [DIAG] iter=30 posCols=4 newCols=4 effImprove=4 updated=0
    [CG] CG iter 31: obj=2946804.060460, maxRC=4162.114830, +4 cols
    [CG]   [DIAG] iter=31 posCols=4 newCols=4 effImprove=4 updated=0
    [CG] CG iter 32: obj=2946804.060460, maxRC=2105.127182, +3 cols
    [CG]   [DIAG] iter=32 posCols=3 newCols=3 effImprove=3 updated=0
    [CG] CG iter 33: obj=2946804.060460, maxRC=1253.722736, +2 cols
    [CG]   [DIAG] iter=33 posCols=2 newCols=1 effImprove=2 updated=1
    [CG] CG iter 34: obj=2946804.060460, maxRC=524.870900, +2 cols
    [CG]   [DIAG] iter=34 posCols=2 newCols=2 effImprove=2 updated=0
    [CG] CG iter 35: obj=2946804.060460, maxRC=218.077442, +2 cols
    [CG]   [DIAG] iter=35 posCols=2 newCols=2 effImprove=2 updated=0
    [CG] CG iter 36: obj=2946804.060460, maxRC=325.439809, +2 cols
    [CG]   [DIAG] iter=36 posCols=2 newCols=2 effImprove=2 updated=0
    [CG] CG iter 37: obj=2946804.060460, maxRC=143.922995, +1 cols
    [CG]   [DIAG] iter=37 posCols=1 newCols=1 effImprove=1 updated=0
    [CG] 列生成收敛，共 38 轮迭代
    [CG] [CG-NODE] depth=0 exit=CERTIFIED certified=1 feasible=1 iters=38 generatedColsBeforeNode=0 newCols=386 posCandidates=389 duplicateCandidates=3 updatedCols=3 zeroObjImproveIters=19 objFirst=929803.603211 objLast=2946804.060460 objGain=2017000.457250 maxRC=2110572.993841 wallSec=0.327988 pricingSec=0.287746 cplexSolveSec=0.015472
      [BB] 根节点即为整数解，obj=2946804.060460
