    [CG] 列生成开始，初始列数=310
    [CG] CG iter 1: obj=1024907.205048, maxRC=2122522.496920, +30 cols
    [CG]   [DIAG] iter=1 posCols=30 newCols=30 effImprove=30 updated=0
    [CG] CG iter 2: obj=2455042.296969, maxRC=288346.735321, +15 cols
    [CG]   [DIAG] iter=2 posCols=15 newCols=15 effImprove=15 updated=0
    [CG] CG iter 3: obj=2515507.464467, maxRC=675429.434164, +27 cols
    [CG]   [DIAG] iter=3 posCols=27 newCols=27 effImprove=27 updated=0
    [CG] CG iter 4: obj=2551501.112725, maxRC=642524.265084, +27 cols
    [CG]   [DIAG] iter=4 posCols=27 newCols=27 effImprove=27 updated=0
    [CG] CG iter 5: obj=2628244.963924, maxRC=328321.949624, +19 cols
    [CG]   [DIAG] iter=5 posCols=19 newCols=18 effImprove=19 updated=1
    [CG] CG iter 6: obj=2644666.170655, maxRC=320546.965797, +18 cols
    [CG]   [DIAG] iter=6 posCols=18 newCols=18 effImprove=18 updated=0
    [CG] CG iter 7: obj=2659878.288040, maxRC=262487.009898, +18 cols
    [CG]   [DIAG] iter=7 posCols=18 newCols=18 effImprove=18 updated=0
    [CG] CG iter 8: obj=2726115.780914, maxRC=189142.738584, +17 cols
    [CG]   [DIAG] iter=8 posCols=17 newCols=17 effImprove=17 updated=0
    [CG] CG iter 9: obj=2815612.787693, maxRC=147297.194985, +13 cols
    [CG]   [DIAG] iter=9 posCols=13 newCols=13 effImprove=13 updated=0
    [CG] CG iter 10: obj=2827538.338328, maxRC=107216.694884, +14 cols
    [CG]   [DIAG] iter=10 posCols=14 newCols=14 effImprove=14 updated=0
    [CG] CG iter 11: obj=2832385.308012, maxRC=90225.998223, +12 cols
    [CG]   [DIAG] iter=11 posCols=12 newCols=12 effImprove=12 updated=0
    [CG] CG iter 12: obj=2866049.843157, maxRC=76688.960697, +12 cols
    [CG]   [DIAG] iter=12 posCols=12 newCols=12 effImprove=12 updated=0
    [CG] CG iter 13: obj=2866049.843157, maxRC=94402.540408, +12 cols
    [CG]   [DIAG] iter=13 posCols=12 newCols=12 effImprove=12 updated=0
    [CG] CG iter 14: obj=2866049.843157, maxRC=77872.615184, +12 cols
    [CG]   [DIAG] iter=14 posCols=12 newCols=12 effImprove=12 updated=0
    [CG] CG iter 15: obj=2866049.843157, maxRC=65280.013481, +12 cols
    [CG]   [DIAG] iter=15 posCols=12 newCols=12 effImprove=12 updated=0
    [CG] CG iter 16: obj=2866049.843157, maxRC=65624.929912, +12 cols
    [CG]   [DIAG] iter=16 posCols=12 newCols=12 effImprove=12 updated=0
    [CG] CG iter 17: obj=2866511.595325, maxRC=51858.063554, +11 cols
    [CG]   [DIAG] iter=17 posCols=11 newCols=11 effImprove=11 updated=0
    [CG] CG iter 18: obj=2872358.161916, maxRC=28090.790051, +11 cols
    [CG]   [DIAG] iter=18 posCols=11 newCols=11 effImprove=11 updated=0
    [CG] CG iter 19: obj=2872358.161916, maxRC=35719.251485, +12 cols
    [CG]   [DIAG] iter=19 posCols=12 newCols=12 effImprove=12 updated=0
    [CG] CG iter 20: obj=2872358.161916, maxRC=24572.134518, +11 cols
    [CG]   [DIAG] iter=20 posCols=11 newCols=11 effImprove=11 updated=0
    [CG] CG iter 21: obj=2878986.853716, maxRC=32287.873848, +14 cols
    [CG]   [DIAG] iter=21 posCols=14 newCols=14 effImprove=14 updated=0
    [CG] CG iter 22: obj=2878986.853716, maxRC=26646.202475, +12 cols
    [CG]   [DIAG] iter=22 posCols=12 newCols=12 effImprove=12 updated=0
    [CG] CG iter 23: obj=2878986.853716, maxRC=32064.401179, +11 cols
    [CG]   [DIAG] iter=23 posCols=11 newCols=11 effImprove=11 updated=0
    [CG] CG iter 24: obj=2887177.306854, maxRC=22769.076982, +9 cols
    [CG]   [DIAG] iter=24 posCols=9 newCols=9 effImprove=9 updated=0
    [CG] CG iter 25: obj=2887177.306854, maxRC=38410.178798, +12 cols
    [CG]   [DIAG] iter=25 posCols=12 newCols=12 effImprove=12 updated=0
    [CG] CG iter 26: obj=2887177.306854, maxRC=19768.561595, +10 cols
    [CG]   [DIAG] iter=26 posCols=10 newCols=10 effImprove=10 updated=0
    [CG] CG iter 27: obj=2887177.306854, maxRC=34030.898087, +8 cols
    [CG]   [DIAG] iter=27 posCols=8 newCols=8 effImprove=8 updated=0
    [CG] CG iter 28: obj=2888590.889410, maxRC=13741.510221, +7 cols
    [CG]   [DIAG] iter=28 posCols=7 newCols=7 effImprove=7 updated=0
    [CG] CG iter 29: obj=2895154.654508, maxRC=12787.427198, +9 cols
    [CG]   [DIAG] iter=29 posCols=9 newCols=9 effImprove=9 updated=0
    [CG] CG iter 30: obj=2895154.654508, maxRC=12745.336454, +7 cols
    [CG]   [DIAG] iter=30 posCols=7 newCols=7 effImprove=7 updated=0
    [CG] CG iter 31: obj=2895154.654508, maxRC=3787.900922, +6 cols
    [CG]   [DIAG] iter=31 posCols=6 newCols=6 effImprove=6 updated=0
    [CG] CG iter 32: obj=2898554.607060, maxRC=3282.422547, +7 cols
    [CG]   [DIAG] iter=32 posCols=7 newCols=7 effImprove=7 updated=0
    [CG] CG iter 33: obj=2898554.607060, maxRC=3039.262335, +6 cols
    [CG]   [DIAG] iter=33 posCols=6 newCols=6 effImprove=6 updated=0
    [CG] CG iter 34: obj=2898554.607060, maxRC=2002.030536, +3 cols
    [CG]   [DIAG] iter=34 posCols=3 newCols=3 effImprove=3 updated=0
    [CG] CG iter 35: obj=2898554.607060, maxRC=1411.459193, +1 cols
    [CG]   [DIAG] iter=35 posCols=1 newCols=1 effImprove=1 updated=0
    [CG] CG iter 36: obj=2898554.607060, maxRC=2275.325129, +1 cols
    [CG]   [DIAG] iter=36 posCols=1 newCols=1 effImprove=1 updated=0
    [CG] CG iter 37: obj=2898554.607060, maxRC=826.274900, +1 cols
    [CG]   [DIAG] iter=37 posCols=1 newCols=1 effImprove=1 updated=0
    [CG] CG iter 38: obj=2898554.607060, maxRC=494.638729, +1 cols
    [CG]   [DIAG] iter=38 posCols=1 newCols=1 effImprove=1 updated=0
    [CG] CG iter 39: obj=2898554.607060, maxRC=738.379653, +1 cols
    [CG]   [DIAG] iter=39 posCols=1 newCols=1 effImprove=1 updated=0
    [CG] CG iter 40: obj=2898554.607060, maxRC=211.267278, +1 cols
    [CG]   [DIAG] iter=40 posCols=1 newCols=1 effImprove=1 updated=0
    [CG] CG iter 41: obj=2898554.607060, maxRC=119.644492, +1 cols
    [CG]   [DIAG] iter=41 posCols=1 newCols=1 effImprove=1 updated=0
    [CG] CG iter 42: obj=2898554.607060, maxRC=57.284986, +1 cols
    [CG]   [DIAG] iter=42 posCols=1 newCols=1 effImprove=1 updated=0
    [CG] CG iter 43: obj=2898554.607060, maxRC=34.004367, +1 cols
    [CG]   [DIAG] iter=43 posCols=1 newCols=1 effImprove=1 updated=0
    [CG] 列生成收敛，共 44 轮迭代
    [CG] [CG-NODE] depth=0 exit=CERTIFIED certified=1 feasible=1 iters=44 generatedColsBeforeNode=0 newCols=444 posCandidates=445 duplicateCandidates=1 updatedCols=1 zeroObjImproveIters=25 objFirst=1024907.205048 objLast=2898554.607060 objGain=1873647.402012 maxRC=2122522.496920 wallSec=0.386326 pricingSec=0.359540 cplexSolveSec=0.019112
      [BB] 根节点即为整数解，obj=2898554.607060
