    [CG] 列生成开始，初始列数=310
    [CG] CG iter 1: obj=965089.777547, maxRC=2189726.241259, +30 cols
    [CG]   [DIAG] iter=1 posCols=30 newCols=30 effImprove=30 updated=0
    [CG] CG iter 2: obj=2528148.546643, maxRC=273940.531670, +14 cols
    [CG]   [DIAG] iter=2 posCols=14 newCols=14 effImprove=14 updated=0
    [CG] CG iter 3: obj=2565266.339487, maxRC=701247.540523, +22 cols
    [CG]   [DIAG] iter=3 posCols=22 newCols=22 effImprove=22 updated=0
    [CG] CG iter 4: obj=2573353.229006, maxRC=668465.589418, +21 cols
    [CG]   [DIAG] iter=4 posCols=21 newCols=21 effImprove=21 updated=0
    [CG] CG iter 5: obj=2742185.516822, maxRC=593768.518896, +22 cols
    [CG]   [DIAG] iter=5 posCols=22 newCols=22 effImprove=22 updated=0
    [CG] CG iter 6: obj=2779109.301197, maxRC=368022.709131, +17 cols
    [CG]   [DIAG] iter=6 posCols=17 newCols=17 effImprove=17 updated=0
    [CG] CG iter 7: obj=2813808.316903, maxRC=281831.264603, +12 cols
    [CG]   [DIAG] iter=7 posCols=12 newCols=12 effImprove=12 updated=0
    [CG] CG iter 8: obj=2827200.007224, maxRC=200338.606740, +12 cols
    [CG]   [DIAG] iter=8 posCols=12 newCols=12 effImprove=12 updated=0
    [CG] CG iter 9: obj=2916137.980841, maxRC=342610.752633, +12 cols
    [CG]   [DIAG] iter=9 posCols=12 newCols=12 effImprove=12 updated=0
    [CG] CG iter 10: obj=2926462.370007, maxRC=283225.578973, +12 cols
    [CG]   [DIAG] iter=10 posCols=12 newCols=12 effImprove=12 updated=0
    [CG] CG iter 11: obj=2934083.019970, maxRC=213326.751618, +12 cols
    [CG]   [DIAG] iter=11 posCols=12 newCols=12 effImprove=12 updated=0
    [CG] CG iter 12: obj=2974703.834699, maxRC=266464.012863, +12 cols
    [CG]   [DIAG] iter=12 posCols=12 newCols=12 effImprove=12 updated=0
    [CG] CG iter 13: obj=2974703.834699, maxRC=133765.174229, +12 cols
    [CG]   [DIAG] iter=13 posCols=12 newCols=12 effImprove=12 updated=0
    [CG] CG iter 14: obj=2974703.834699, maxRC=117116.601185, +12 cols
    [CG]   [DIAG] iter=14 posCols=12 newCols=12 effImprove=12 updated=0
    [CG] CG iter 15: obj=2974703.834699, maxRC=202335.625423, +12 cols
    [CG]   [DIAG] iter=15 posCols=12 newCols=12 effImprove=12 updated=0
    [CG] CG iter 16: obj=2974703.834699, maxRC=133131.377807, +12 cols
    [CG]   [DIAG] iter=16 posCols=12 newCols=12 effImprove=12 updated=0
    [CG] CG iter 17: obj=2974703.834699, maxRC=140384.730158, +12 cols
    [CG]   [DIAG] iter=17 posCols=12 newCols=12 effImprove=12 updated=0
    [CG] CG iter 18: obj=2974703.834699, maxRC=127200.468666, +12 cols
    [CG]   [DIAG] iter=18 posCols=12 newCols=12 effImprove=12 updated=0
    [CG] CG iter 19: obj=2974703.834699, maxRC=91249.301242, +12 cols
    [CG]   [DIAG] iter=19 posCols=12 newCols=12 effImprove=12 updated=0
    [CG] CG iter 20: obj=2974703.834699, maxRC=101793.353338, +12 cols
    [CG]   [DIAG] iter=20 posCols=12 newCols=12 effImprove=12 updated=0
    [CG] CG iter 21: obj=2974703.834699, maxRC=85803.832124, +12 cols
    [CG]   [DIAG] iter=21 posCols=12 newCols=12 effImprove=12 updated=0
    [CG] CG iter 22: obj=2976731.976237, maxRC=58666.422118, +12 cols
    [CG]   [DIAG] iter=22 posCols=12 newCols=12 effImprove=12 updated=0
    [CG] CG iter 23: obj=2979861.255114, maxRC=43049.726151, +11 cols
    [CG]   [DIAG] iter=23 posCols=11 newCols=11 effImprove=11 updated=0
    [CG] CG iter 24: obj=2980849.278555, maxRC=40629.784192, +9 cols
    [CG]   [DIAG] iter=24 posCols=9 newCols=9 effImprove=9 updated=0
    [CG] CG iter 25: obj=2983881.872383, maxRC=48437.211823, +12 cols
    [CG]   [DIAG] iter=25 posCols=12 newCols=12 effImprove=12 updated=0
    [CG] CG iter 26: obj=2984689.825225, maxRC=35739.408089, +9 cols
    [CG]   [DIAG] iter=26 posCols=9 newCols=9 effImprove=9 updated=0
    [CG] CG iter 27: obj=2989507.613831, maxRC=31646.266554, +10 cols
    [CG]   [DIAG] iter=27 posCols=10 newCols=10 effImprove=10 updated=0
    [CG] CG iter 28: obj=2994377.130315, maxRC=36351.455491, +10 cols
    [CG]   [DIAG] iter=28 posCols=10 newCols=10 effImprove=10 updated=0
    [CG] CG iter 29: obj=2997377.351207, maxRC=32125.816771, +9 cols
    [CG]   [DIAG] iter=29 posCols=9 newCols=9 effImprove=9 updated=0
    [CG] CG iter 30: obj=2999602.499752, maxRC=25047.321794, +9 cols
    [CG]   [DIAG] iter=30 posCols=9 newCols=9 effImprove=9 updated=0
    [CG] CG iter 31: obj=3001932.552690, maxRC=21672.665527, +9 cols
    [CG]   [DIAG] iter=31 posCols=9 newCols=9 effImprove=9 updated=0
    [CG] CG iter 32: obj=3003595.898325, maxRC=10148.183083, +9 cols
    [CG]   [DIAG] iter=32 posCols=9 newCols=9 effImprove=9 updated=0
    [CG] CG iter 33: obj=3004861.297036, maxRC=12747.059804, +9 cols
    [CG]   [DIAG] iter=33 posCols=9 newCols=9 effImprove=9 updated=0
    [CG] CG iter 34: obj=3007143.316422, maxRC=14422.495487, +9 cols
    [CG]   [DIAG] iter=34 posCols=9 newCols=9 effImprove=9 updated=0
    [CG] CG iter 35: obj=3008344.638078, maxRC=10531.879294, +9 cols
    [CG]   [DIAG] iter=35 posCols=9 newCols=9 effImprove=9 updated=0
    [CG] CG iter 36: obj=3008645.598204, maxRC=6060.631322, +9 cols
    [CG]   [DIAG] iter=36 posCols=9 newCols=9 effImprove=9 updated=0
    [CG] CG iter 37: obj=3009815.505147, maxRC=6975.403099, +6 cols
    [CG]   [DIAG] iter=37 posCols=6 newCols=6 effImprove=6 updated=0
    [CG] CG iter 38: obj=3010678.667333, maxRC=9542.466441, +7 cols
    [CG]   [DIAG] iter=38 posCols=7 newCols=7 effImprove=7 updated=0
    [CG] CG iter 39: obj=3011241.706891, maxRC=5582.125664, +8 cols
    [CG]   [DIAG] iter=39 posCols=8 newCols=8 effImprove=8 updated=0
    [CG] CG iter 40: obj=3012890.687475, maxRC=8456.688866, +6 cols
    [CG]   [DIAG] iter=40 posCols=6 newCols=6 effImprove=6 updated=0
    [CG] CG iter 41: obj=3013918.553329, maxRC=7487.257664, +6 cols
    [CG]   [DIAG] iter=41 posCols=6 newCols=6 effImprove=6 updated=0
    [CG] CG iter 42: obj=3014982.747558, maxRC=7436.997593, +5 cols
    [CG]   [DIAG] iter=42 posCols=5 newCols=5 effImprove=5 updated=0
    [CG] CG iter 43: obj=3014982.747558, maxRC=2667.194879, +3 cols
    [CG]   [DIAG] iter=43 posCols=3 newCols=3 effImprove=3 updated=0
    [CG] CG iter 44: obj=3014982.747558, maxRC=2061.401840, +3 cols
    [CG]   [DIAG] iter=44 posCols=3 newCols=3 effImprove=3 updated=0
    [CG] CG iter 45: obj=3014982.747558, maxRC=169.033969, +2 cols
    [CG]   [DIAG] iter=45 posCols=2 newCols=2 effImprove=2 updated=0
    [CG] CG iter 46: obj=3014982.747558, maxRC=297.359418, +2 cols
    [CG]   [DIAG] iter=46 posCols=2 newCols=2 effImprove=2 updated=0
    [CG] CG iter 47: obj=3014982.747558, maxRC=49.770608, +2 cols
    [CG]   [DIAG] iter=47 posCols=2 newCols=2 effImprove=2 updated=0
    [CG] CG iter 48: obj=3015006.226808, maxRC=66.892202, +2 cols
    [CG]   [DIAG] iter=48 posCols=2 newCols=2 effImprove=2 updated=0
    [CG] CG iter 49: obj=3015006.226808, maxRC=26.271941, +1 cols
    [CG]   [DIAG] iter=49 posCols=1 newCols=1 effImprove=1 updated=0
    [CG] CG iter 50: obj=3015006.226808, maxRC=28.884406, +1 cols
    [CG]   [DIAG] iter=50 posCols=1 newCols=1 effImprove=1 updated=0
    [CG] CG iter 51: obj=3015006.226808, maxRC=15.042930, +1 cols
    [CG]   [DIAG] iter=51 posCols=1 newCols=1 effImprove=1 updated=0
    [CG] 列生成收敛，共 52 轮迭代
    [CG] [CG-NODE] depth=0 exit=CERTIFIED certified=1 feasible=1 iters=52 generatedColsBeforeNode=0 newCols=506 posCandidates=506 duplicateCandidates=0 updatedCols=0 zeroObjImproveIters=18 objFirst=965089.777547 objLast=3015006.226808 objGain=2049916.449261 maxRC=2189726.241259 wallSec=0.450493 pricingSec=0.414471 cplexSolveSec=0.026987
      [BB] 分支定界开始，根节点LP obj=3015006.226808，最大节点数=10000
      [BB] 根节点启发式下界 LB=2502938.338874（上界=3015006.226808）
    [CG] [BB-DIAG] 分支 x_{dc=4,retailer=3}, 节点数=1
    [CG] 列生成开始，初始列数=708
    [CG] CG iter 53: obj=3013855.406640, maxRC=39103.558000, +12 cols
    [CG]   [DIAG] iter=53 posCols=12 newCols=12 effImprove=12 updated=0
    [CG] CG iter 54: obj=3013855.406640, maxRC=32721.437957, +9 cols
    [CG]   [DIAG] iter=54 posCols=9 newCols=9 effImprove=9 updated=0
    [CG] CG iter 55: obj=3013855.406640, maxRC=22800.741480, +8 cols
    [CG]   [DIAG] iter=55 posCols=8 newCols=8 effImprove=8 updated=0
    [CG] CG iter 56: obj=3013855.406640, maxRC=14373.257700, +11 cols
    [CG]   [DIAG] iter=56 posCols=11 newCols=11 effImprove=11 updated=0
    [CG] CG iter 57: obj=3013855.406640, maxRC=5046.097342, +7 cols
    [CG]   [DIAG] iter=57 posCols=7 newCols=7 effImprove=7 updated=0
    [CG] CG iter 58: obj=3013855.406640, maxRC=7470.759216, +8 cols
    [CG]   [DIAG] iter=58 posCols=8 newCols=8 effImprove=8 updated=0
    [CG] CG iter 59: obj=3013855.406640, maxRC=2395.773932, +5 cols
    [CG]   [DIAG] iter=59 posCols=5 newCols=5 effImprove=5 updated=0
    [CG] CG iter 60: obj=3013855.406640, maxRC=3511.455497, +6 cols
    [CG]   [DIAG] iter=60 posCols=6 newCols=6 effImprove=6 updated=0
    [CG] CG iter 61: obj=3013855.406640, maxRC=1882.208491, +5 cols
    [CG]   [DIAG] iter=61 posCols=5 newCols=5 effImprove=5 updated=0
    [CG] CG iter 62: obj=3013855.406640, maxRC=2649.022509, +4 cols
    [CG]   [DIAG] iter=62 posCols=4 newCols=4 effImprove=4 updated=0
    [CG] CG iter 63: obj=3013855.406640, maxRC=1579.503897, +4 cols
    [CG]   [DIAG] iter=63 posCols=4 newCols=4 effImprove=4 updated=0
    [CG] CG iter 64: obj=3013855.406640, maxRC=1140.430860, +3 cols
    [CG]   [DIAG] iter=64 posCols=3 newCols=3 effImprove=3 updated=0
    [CG] CG iter 65: obj=3013855.406640, maxRC=205.504493, +2 cols
    [CG]   [DIAG] iter=65 posCols=2 newCols=2 effImprove=2 updated=0
    [CG] CG iter 66: obj=3013855.406640, maxRC=224.244191, +1 cols
    [CG]   [DIAG] iter=66 posCols=1 newCols=1 effImprove=1 updated=0
    [CG] CG iter 67: obj=3013855.406640, maxRC=98.038094, +1 cols
    [CG]   [DIAG] iter=67 posCols=1 newCols=1 effImprove=1 updated=0
    [CG] CG iter 68: obj=3013855.406640, maxRC=51.181992, +1 cols
    [CG]   [DIAG] iter=68 posCols=1 newCols=1 effImprove=1 updated=0
    [CG] 列生成收敛，共 69 轮迭代
    [CG] [CG-NODE] depth=1 exit=CERTIFIED certified=1 feasible=1 iters=17 generatedColsBeforeNode=506 newCols=87 posCandidates=87 duplicateCandidates=0 updatedCols=0 zeroObjImproveIters=16 objFirst=3013855.406640 objLast=3013855.406640 objGain=0.000000 maxRC=39103.558000 wallSec=0.078347 pricingSec=0.065965 cplexSolveSec=0.009310
    [CG] 列生成开始，初始列数=762
    [CG] CG iter 70: obj=3012236.305515, maxRC=34891.140023, +10 cols
    [CG]   [DIAG] iter=70 posCols=10 newCols=10 effImprove=10 updated=0
    [CG] CG iter 71: obj=3012236.305515, maxRC=29841.321412, +9 cols
    [CG]   [DIAG] iter=71 posCols=9 newCols=9 effImprove=9 updated=0
    [CG] CG iter 72: obj=3012236.305515, maxRC=13971.458496, +8 cols
    [CG]   [DIAG] iter=72 posCols=8 newCols=8 effImprove=8 updated=0
    [CG] CG iter 73: obj=3012236.305515, maxRC=13921.194578, +8 cols
    [CG]   [DIAG] iter=73 posCols=8 newCols=8 effImprove=8 updated=0
    [CG] CG iter 74: obj=3012236.305515, maxRC=10432.149703, +8 cols
    [CG]   [DIAG] iter=74 posCols=8 newCols=8 effImprove=8 updated=0
    [CG] CG iter 75: obj=3012236.305515, maxRC=2696.363170, +7 cols
    [CG]   [DIAG] iter=75 posCols=7 newCols=7 effImprove=7 updated=0
    [CG] CG iter 76: obj=3012236.305515, maxRC=1818.423132, +4 cols
    [CG]   [DIAG] iter=76 posCols=4 newCols=4 effImprove=4 updated=0
    [CG] CG iter 77: obj=3012236.305515, maxRC=453.221554, +3 cols
    [CG]   [DIAG] iter=77 posCols=3 newCols=3 effImprove=3 updated=0
    [CG] CG iter 78: obj=3012236.305515, maxRC=197.207730, +2 cols
    [CG]   [DIAG] iter=78 posCols=2 newCols=2 effImprove=2 updated=0
    [CG] 列生成收敛，共 79 轮迭代
    [CG] [CG-NODE] depth=1 exit=CERTIFIED certified=1 feasible=1 iters=10 generatedColsBeforeNode=593 newCols=59 posCandidates=59 duplicateCandidates=0 updatedCols=0 zeroObjImproveIters=9 objFirst=3012236.305515 objLast=3012236.305515 objGain=0.000000 maxRC=34891.140023 wallSec=0.040775 pricingSec=0.031212 cplexSolveSec=0.006900
    [CG] [BB-INCUMBENT] selection=2 node=1 previous=2502938.338874 value=3012236.305515 active=1
    [CG] [BB-NODESEL] strategy=hybrid choice=dfs eligibleCount=1 active=1 gap=0.000538
    [CG] [BB-INCUMBENT] selection=3 node=1 previous=3012236.305515 value=3013855.406640 active=0
      [BB] 分支定界结束：处理 3 节点，剪枝 0，剩余活跃 0，整数解 3，状态=OPTIMAL，最好可行 obj=3013855.406640，gap=0.000000
