    [CG] 列生成开始，初始列数=310
    [CG] CG iter 1: obj=1017392.154072, maxRC=2144044.109586, +30 cols
    [CG]   [DIAG] iter=1 posCols=30 newCols=30 effImprove=30 updated=0
    [CG] CG iter 2: obj=2488710.873624, maxRC=305186.038768, +20 cols
    [CG]   [DIAG] iter=2 posCols=20 newCols=20 effImprove=20 updated=0
    [CG] CG iter 3: obj=2533151.751359, maxRC=505806.807242, +22 cols
    [CG]   [DIAG] iter=3 posCols=22 newCols=22 effImprove=22 updated=0
    [CG] CG iter 4: obj=2717875.265436, maxRC=308394.183004, +19 cols
    [CG]   [DIAG] iter=4 posCols=19 newCols=19 effImprove=19 updated=0
    [CG] CG iter 5: obj=2734377.809415, maxRC=226480.126663, +18 cols
    [CG]   [DIAG] iter=5 posCols=18 newCols=17 effImprove=18 updated=1
    [CG] CG iter 6: obj=2896010.795306, maxRC=164082.703358, +14 cols
    [CG]   [DIAG] iter=6 posCols=14 newCols=14 effImprove=14 updated=0
    [CG] CG iter 7: obj=2901605.549727, maxRC=206748.972364, +16 cols
    [CG]   [DIAG] iter=7 posCols=16 newCols=16 effImprove=16 updated=0
    [CG] CG iter 8: obj=2907458.394925, maxRC=172481.537680, +13 cols
    [CG]   [DIAG] iter=8 posCols=13 newCols=13 effImprove=13 updated=0
    [CG] CG iter 9: obj=2923654.713589, maxRC=126571.877991, +12 cols
    [CG]   [DIAG] iter=9 posCols=12 newCols=12 effImprove=12 updated=0
    [CG] CG iter 10: obj=2923654.713589, maxRC=117099.159477, +12 cols
    [CG]   [DIAG] iter=10 posCols=12 newCols=12 effImprove=12 updated=0
    [CG] CG iter 11: obj=2953038.110719, maxRC=130750.994182, +12 cols
    [CG]   [DIAG] iter=11 posCols=12 newCols=12 effImprove=12 updated=0
    [CG] CG iter 12: obj=2953038.110719, maxRC=101625.136078, +12 cols
    [CG]   [DIAG] iter=12 posCols=12 newCols=12 effImprove=12 updated=0
    [CG] CG iter 13: obj=2954230.424606, maxRC=121757.794472, +13 cols
    [CG]   [DIAG] iter=13 posCols=13 newCols=13 effImprove=13 updated=0
    [CG] CG iter 14: obj=2965139.851251, maxRC=86167.288309, +12 cols
    [CG]   [DIAG] iter=14 posCols=12 newCols=12 effImprove=12 updated=0
    [CG] CG iter 15: obj=2968754.747831, maxRC=46304.876415, +12 cols
    [CG]   [DIAG] iter=15 posCols=12 newCols=12 effImprove=12 updated=0
    [CG] CG iter 16: obj=2971004.216233, maxRC=54167.460457, +11 cols
    [CG]   [DIAG] iter=16 posCols=11 newCols=11 effImprove=11 updated=0
    [CG] CG iter 17: obj=2976773.415517, maxRC=60480.274564, +9 cols
    [CG]   [DIAG] iter=17 posCols=9 newCols=9 effImprove=9 updated=0
    [CG] CG iter 18: obj=2979922.689316, maxRC=49320.671568, +10 cols
    [CG]   [DIAG] iter=18 posCols=10 newCols=10 effImprove=10 updated=0
    [CG] CG iter 19: obj=2987171.593763, maxRC=41451.600055, +9 cols
    [CG]   [DIAG] iter=19 posCols=9 newCols=9 effImprove=9 updated=0
    [CG] CG iter 20: obj=2987926.642043, maxRC=27030.429325, +9 cols
    [CG]   [DIAG] iter=20 posCols=9 newCols=9 effImprove=9 updated=0
    [CG] CG iter 21: obj=2991473.086129, maxRC=26060.699953, +9 cols
    [CG]   [DIAG] iter=21 posCols=9 newCols=9 effImprove=9 updated=0
    [CG] CG iter 22: obj=2998049.805836, maxRC=42730.269204, +9 cols
    [CG]   [DIAG] iter=22 posCols=9 newCols=9 effImprove=9 updated=0
    [CG] CG iter 23: obj=2998808.792106, maxRC=20293.805666, +9 cols
    [CG]   [DIAG] iter=23 posCols=9 newCols=9 effImprove=9 updated=0
    [CG] CG iter 24: obj=3000045.299445, maxRC=32813.588820, +9 cols
    [CG]   [DIAG] iter=24 posCols=9 newCols=9 effImprove=9 updated=0
    [CG] CG iter 25: obj=3001779.282605, maxRC=20337.430502, +8 cols
    [CG]   [DIAG] iter=25 posCols=8 newCols=8 effImprove=8 updated=0
    [CG] CG iter 26: obj=3003380.786406, maxRC=11839.973182, +9 cols
    [CG]   [DIAG] iter=26 posCols=9 newCols=9 effImprove=9 updated=0
    [CG] CG iter 27: obj=3004342.800834, maxRC=8986.915736, +9 cols
    [CG]   [DIAG] iter=27 posCols=9 newCols=9 effImprove=9 updated=0
    [CG] CG iter 28: obj=3006052.328847, maxRC=4443.346787, +7 cols
    [CG]   [DIAG] iter=28 posCols=7 newCols=7 effImprove=7 updated=0
    [CG] CG iter 29: obj=3006825.375262, maxRC=6711.946704, +6 cols
    [CG]   [DIAG] iter=29 posCols=6 newCols=6 effImprove=6 updated=0
    [CG] CG iter 30: obj=3007183.051064, maxRC=4555.839249, +4 cols
    [CG]   [DIAG] iter=30 posCols=4 newCols=4 effImprove=4 updated=0
    [CG] CG iter 31: obj=3007479.413553, maxRC=2834.279068, +5 cols
    [CG]   [DIAG] iter=31 posCols=5 newCols=5 effImprove=5 updated=0
    [CG] CG iter 32: obj=3007672.199856, maxRC=5653.139354, +3 cols
    [CG]   [DIAG] iter=32 posCols=3 newCols=3 effImprove=3 updated=0
    [CG] CG iter 33: obj=3007848.355128, maxRC=3399.164926, +3 cols
    [CG]   [DIAG] iter=33 posCols=3 newCols=3 effImprove=3 updated=0
    [CG] CG iter 34: obj=3008273.250743, maxRC=4283.585657, +5 cols
    [CG]   [DIAG] iter=34 posCols=5 newCols=5 effImprove=5 updated=0
    [CG] CG iter 35: obj=3008273.250743, maxRC=3133.025961, +2 cols
    [CG]   [DIAG] iter=35 posCols=2 newCols=2 effImprove=2 updated=0
    [CG] CG iter 36: obj=3008558.485971, maxRC=3472.883971, +3 cols
    [CG]   [DIAG] iter=36 posCols=3 newCols=3 effImprove=3 updated=0
    [CG] CG iter 37: obj=3008558.485971, maxRC=2962.190963, +3 cols
    [CG]   [DIAG] iter=37 posCols=3 newCols=3 effImprove=3 updated=0
    [CG] CG iter 38: obj=3009159.759435, maxRC=1517.041747, +3 cols
    [CG]   [DIAG] iter=38 posCols=3 newCols=3 effImprove=3 updated=0
    [CG] CG iter 39: obj=3009159.759435, maxRC=112.981354, +3 cols
    [CG]   [DIAG] iter=39 posCols=3 newCols=3 effImprove=3 updated=0
    [CG] CG iter 40: obj=3009159.759435, maxRC=64.502660, +2 cols
    [CG]   [DIAG] iter=40 posCols=2 newCols=2 effImprove=2 updated=0
    [CG] CG iter 41: obj=3009183.243540, maxRC=42.642885, +2 cols
    [CG]   [DIAG] iter=41 posCols=2 newCols=2 effImprove=2 updated=0
    [CG] 列生成收敛，共 42 轮迭代
    [CG] [CG-NODE] depth=0 exit=CERTIFIED certified=1 feasible=1 iters=42 generatedColsBeforeNode=0 newCols=397 posCandidates=398 duplicateCandidates=1 updatedCols=1 zeroObjImproveIters=7 objFirst=1017392.154072 objLast=3009183.243540 objGain=1991791.089468 maxRC=2144044.109586 wallSec=0.336446 pricingSec=0.313686 cplexSolveSec=0.016541
      [BB] 分支定界开始，根节点LP obj=3009183.243540，最大节点数=10000
      [BB] 根节点启发式下界 LB=2400431.853561（上界=3009183.243540）
    [CG] [BB-DIAG] 分支 x_{dc=4,retailer=3}, 节点数=1
    [CG] 列生成开始，初始列数=652
    [CG] CG iter 43: obj=3005245.701584, maxRC=24038.608748, +12 cols
    [CG]   [DIAG] iter=43 posCols=12 newCols=12 effImprove=12 updated=0
    [CG] CG iter 44: obj=3005245.701584, maxRC=16483.651660, +9 cols
    [CG]   [DIAG] iter=44 posCols=9 newCols=9 effImprove=9 updated=0
    [CG] CG iter 45: obj=3005245.701584, maxRC=6941.811388, +9 cols
    [CG]   [DIAG] iter=45 posCols=9 newCols=9 effImprove=9 updated=0
    [CG] CG iter 46: obj=3005245.701584, maxRC=2581.338530, +5 cols
    [CG]   [DIAG] iter=46 posCols=5 newCols=5 effImprove=5 updated=0
    [CG] CG iter 47: obj=3007072.870676, maxRC=4326.552653, +6 cols
    [CG]   [DIAG] iter=47 posCols=6 newCols=6 effImprove=6 updated=0
    [CG] CG iter 48: obj=3007072.870676, maxRC=1291.025980, +6 cols
    [CG]   [DIAG] iter=48 posCols=6 newCols=6 effImprove=6 updated=0
    [CG] CG iter 49: obj=3007072.870676, maxRC=275.951617, +3 cols
    [CG]   [DIAG] iter=49 posCols=3 newCols=3 effImprove=3 updated=0
    [CG] CG iter 50: obj=3007072.870676, maxRC=212.267124, +3 cols
    [CG]   [DIAG] iter=50 posCols=3 newCols=3 effImprove=3 updated=0
    [CG] CG iter 51: obj=3007072.870676, maxRC=103.117199, +2 cols
    [CG]   [DIAG] iter=51 posCols=2 newCols=2 effImprove=2 updated=0
    [CG] CG iter 52: obj=3007072.870676, maxRC=36.227541, +1 cols
    [CG]   [DIAG] iter=52 posCols=1 newCols=1 effImprove=1 updated=0
    [CG] 列生成收敛，共 53 轮迭代
    [CG] [CG-NODE] depth=1 exit=CERTIFIED certified=1 feasible=1 iters=11 generatedColsBeforeNode=397 newCols=56 posCandidates=56 duplicateCandidates=0 updatedCols=0 zeroObjImproveIters=9 objFirst=3005245.701584 objLast=3007072.870676 objGain=1827.169091 maxRC=24038.608748 wallSec=0.047172 pricingSec=0.039628 cplexSolveSec=0.005447
    [CG] 列生成开始，初始列数=648
    [CG] CG iter 54: obj=2995122.149805, maxRC=35221.974949, +10 cols
    [CG]   [DIAG] iter=54 posCols=10 newCols=10 effImprove=10 updated=0
    [CG] CG iter 55: obj=2996116.809688, maxRC=12265.527838, +8 cols
    [CG]   [DIAG] iter=55 posCols=8 newCols=8 effImprove=8 updated=0
    [CG] CG iter 56: obj=2997276.892649, maxRC=9050.234955, +6 cols
    [CG]   [DIAG] iter=56 posCols=6 newCols=6 effImprove=6 updated=0
    [CG] CG iter 57: obj=3000284.993474, maxRC=5560.313717, +5 cols
    [CG]   [DIAG] iter=57 posCols=5 newCols=5 effImprove=5 updated=0
    [CG] CG iter 58: obj=3002615.444335, maxRC=5429.799537, +8 cols
    [CG]   [DIAG] iter=58 posCols=8 newCols=8 effImprove=8 updated=0
    [CG] CG iter 59: obj=3002615.444335, maxRC=3407.840025, +5 cols
    [CG]   [DIAG] iter=59 posCols=5 newCols=5 effImprove=5 updated=0
    [CG] CG iter 60: obj=3002615.444335, maxRC=1557.902887, +4 cols
    [CG]   [DIAG] iter=60 posCols=4 newCols=4 effImprove=4 updated=0
    [CG] CG iter 61: obj=3002807.542669, maxRC=80.161923, +4 cols
    [CG]   [DIAG] iter=61 posCols=4 newCols=4 effImprove=4 updated=0
    [CG] CG iter 62: obj=3002807.542669, maxRC=38.121230, +2 cols
    [CG]   [DIAG] iter=62 posCols=2 newCols=2 effImprove=2 updated=0
    [CG] 列生成收敛，共 63 轮迭代
    [CG] [CG-NODE] depth=1 exit=CERTIFIED certified=1 feasible=1 iters=10 generatedColsBeforeNode=453 newCols=52 posCandidates=52 duplicateCandidates=0 updatedCols=0 zeroObjImproveIters=4 objFirst=2995122.149805 objLast=3002807.542669 objGain=7685.392864 maxRC=35221.974949 wallSec=0.036096 pricingSec=0.028082 cplexSolveSec=0.005942
    [CG] [BB-INCUMBENT] selection=2 node=1 previous=2400431.853561 value=3002807.542669 active=1
    [CG] [BB-NODESEL] strategy=hybrid choice=dfs eligibleCount=1 active=1 gap=0.001420
    [CG] [BB-INCUMBENT] selection=3 node=1 previous=3002807.542669 value=3007072.870676 active=0
      [BB] 分支定界结束：处理 3 节点，剪枝 0，剩余活跃 0，整数解 3，状态=OPTIMAL，最好可行 obj=3007072.870676，gap=0.000000
