    [CG] 列生成开始，初始列数=310
    [CG] CG iter 1: obj=877057.763507, maxRC=1179241.766918, +30 cols
    [CG]   [DIAG] iter=1 posCols=30 newCols=30 effImprove=30 updated=0
    [CG] CG iter 2: obj=1552897.108225, maxRC=348327.099216, +25 cols
    [CG]   [DIAG] iter=2 posCols=25 newCols=25 effImprove=25 updated=0
    [CG] CG iter 3: obj=1727233.684510, maxRC=429488.173733, +30 cols
    [CG]   [DIAG] iter=3 posCols=30 newCols=30 effImprove=30 updated=0
    [CG] CG iter 4: obj=1896913.165540, maxRC=482808.367296, +26 cols
    [CG]   [DIAG] iter=4 posCols=26 newCols=26 effImprove=26 updated=0
    [CG] CG iter 5: obj=1896913.165540, maxRC=247646.271678, +25 cols
    [CG]   [DIAG] iter=5 posCols=25 newCols=25 effImprove=25 updated=0
    [CG] CG iter 6: obj=1901572.966918, maxRC=205603.482168, +22 cols
    [CG]   [DIAG] iter=6 posCols=22 newCols=22 effImprove=22 updated=0
    [CG] CG iter 7: obj=1928678.118472, maxRC=155121.098314, +18 cols
    [CG]   [DIAG] iter=7 posCols=18 newCols=18 effImprove=18 updated=0
    [CG] CG iter 8: obj=1973882.750275, maxRC=114076.997838, +20 cols
    [CG]   [DIAG] iter=8 posCols=20 newCols=20 effImprove=20 updated=0
    [CG] CG iter 9: obj=1996087.019332, maxRC=90584.325949, +16 cols
    [CG]   [DIAG] iter=9 posCols=16 newCols=16 effImprove=16 updated=0
    [CG] CG iter 10: obj=2035500.222673, maxRC=61275.373413, +18 cols
    [CG]   [DIAG] iter=10 posCols=18 newCols=17 effImprove=18 updated=1
    [CG] CG iter 11: obj=2038635.969242, maxRC=72486.402110, +16 cols
    [CG]   [DIAG] iter=11 posCols=16 newCols=16 effImprove=16 updated=0
    [CG] CG iter 12: obj=2044827.729788, maxRC=76063.870244, +15 cols
    [CG]   [DIAG] iter=12 posCols=15 newCols=14 effImprove=15 updated=1
    [CG] CG iter 13: obj=2044827.729788, maxRC=40515.713930, +7 cols
    [CG]   [DIAG] iter=13 posCols=7 newCols=7 effImprove=7 updated=0
    [CG] CG iter 14: obj=2044827.729788, maxRC=23484.932941, +8 cols
    [CG]   [DIAG] iter=14 posCols=8 newCols=8 effImprove=8 updated=0
    [CG] CG iter 15: obj=2070810.986833, maxRC=26648.327634, +10 cols
    [CG]   [DIAG] iter=15 posCols=10 newCols=10 effImprove=10 updated=0
    [CG] CG iter 16: obj=2075402.701633, maxRC=4594.285843, +3 cols
    [CG]   [DIAG] iter=16 posCols=3 newCols=3 effImprove=3 updated=0
    [CG] 列生成收敛，共 17 轮迭代
    [CG] [CG-NODE] depth=0 exit=CERTIFIED certified=1 feasible=1 iters=17 generatedColsBeforeNode=0 newCols=287 posCandidates=289 duplicateCandidates=2 updatedCols=2 zeroObjImproveIters=3 objFirst=877057.763507 objLast=2079996.987476 objGain=1202939.223969 maxRC=1179241.766918 wallSec=0.174627 pricingSec=0.162033 cplexSolveSec=0.008003
      [BB] 根节点即为整数解，obj=2079996.987476
