    [CG] 列生成开始，初始列数=310
    [CG] CG iter 1: obj=874271.159887, maxRC=1782253.585568, +30 cols
    [CG]   [DIAG] iter=1 posCols=30 newCols=30 effImprove=30 updated=0
    [CG] CG iter 2: obj=2105071.101677, maxRC=363332.125384, +21 cols
    [CG]   [DIAG] iter=2 posCols=21 newCols=21 effImprove=21 updated=0
    [CG] CG iter 3: obj=2168715.723178, maxRC=396545.727419, +25 cols
    [CG]   [DIAG] iter=3 posCols=25 newCols=25 effImprove=25 updated=0
    [CG] CG iter 4: obj=2267757.968945, maxRC=343826.333200, +18 cols
    [CG]   [DIAG] iter=4 posCols=18 newCols=18 effImprove=18 updated=0
    [CG] CG iter 5: obj=2273100.091769, maxRC=405482.084272, +16 cols
    [CG]   [DIAG] iter=5 posCols=16 newCols=16 effImprove=16 updated=0
    [CG] CG iter 6: obj=2273100.091769, maxRC=338979.795910, +11 cols
    [CG]   [DIAG] iter=6 posCols=11 newCols=10 effImprove=11 updated=1
    [CG] CG iter 7: obj=2273100.091769, maxRC=264438.927264, +9 cols
    [CG]   [DIAG] iter=7 posCols=9 newCols=9 effImprove=9 updated=0
    [CG] CG iter 8: obj=2273100.091769, maxRC=220173.341355, +9 cols
    [CG]   [DIAG] iter=8 posCols=9 newCols=9 effImprove=9 updated=0
    [CG] CG iter 9: obj=2284746.212916, maxRC=171160.641159, +7 cols
    [CG]   [DIAG] iter=9 posCols=7 newCols=7 effImprove=7 updated=0
    [CG] CG iter 10: obj=2297334.124909, maxRC=97138.748689, +9 cols
    [CG]   [DIAG] iter=10 posCols=9 newCols=9 effImprove=9 updated=0
    [CG] CG iter 11: obj=2305380.405280, maxRC=158683.054174, +6 cols
    [CG]   [DIAG] iter=11 posCols=6 newCols=6 effImprove=6 updated=0
    [CG] CG iter 12: obj=2312901.885462, maxRC=87302.497763, +7 cols
    [CG]   [DIAG] iter=12 posCols=7 newCols=7 effImprove=7 updated=0
    [CG] CG iter 13: obj=2319182.000098, maxRC=98886.683514, +9 cols
    [CG]   [DIAG] iter=13 posCols=9 newCols=9 effImprove=9 updated=0
    [CG] CG iter 14: obj=2320710.255817, maxRC=47538.285488, +8 cols
    [CG]   [DIAG] iter=14 posCols=8 newCols=8 effImprove=8 updated=0
    [CG] CG iter 15: obj=2333651.873209, maxRC=46969.960490, +12 cols
    [CG]   [DIAG] iter=15 posCols=12 newCols=11 effImprove=12 updated=1
    [CG] CG iter 16: obj=2337061.812976, maxRC=37995.230962, +9 cols
    [CG]   [DIAG] iter=16 posCols=9 newCols=9 effImprove=9 updated=0
    [CG] CG iter 17: obj=2342620.380682, maxRC=22064.262090, +8 cols
    [CG]   [DIAG] iter=17 posCols=8 newCols=8 effImprove=8 updated=0
    [CG] CG iter 18: obj=2359966.304725, maxRC=23347.411562, +6 cols
    [CG]   [DIAG] iter=18 posCols=6 newCols=6 effImprove=6 updated=0
    [CG] CG iter 19: obj=2359966.304725, maxRC=23424.746793, +4 cols
    [CG]   [DIAG] iter=19 posCols=4 newCols=4 effImprove=4 updated=0
    [CG] CG iter 20: obj=2359966.304725, maxRC=16026.324406, +4 cols
    [CG]   [DIAG] iter=20 posCols=4 newCols=4 effImprove=4 updated=0
    [CG] CG iter 21: obj=2361541.383934, maxRC=27668.701712, +4 cols
    [CG]   [DIAG] iter=21 posCols=4 newCols=4 effImprove=4 updated=0
    [CG] CG iter 22: obj=2361541.383934, maxRC=23973.575397, +6 cols
    [CG]   [DIAG] iter=22 posCols=6 newCols=6 effImprove=6 updated=0
    [CG] CG iter 23: obj=2361541.383934, maxRC=6365.553908, +2 cols
    [CG]   [DIAG] iter=23 posCols=2 newCols=2 effImprove=2 updated=0
    [CG] CG iter 24: obj=2365344.003285, maxRC=2140.250506, +2 cols
    [CG]   [DIAG] iter=24 posCols=2 newCols=2 effImprove=2 updated=0
    [CG] CG iter 25: obj=2365344.003285, maxRC=2055.648934, +2 cols
    [CG]   [DIAG] iter=25 posCols=2 newCols=2 effImprove=2 updated=0
    [CG] CG iter 26: obj=2365344.003285, maxRC=2141.913336, +2 cols
    [CG]   [DIAG] iter=26 posCols=2 newCols=2 effImprove=2 updated=0
    [CG] CG iter 27: obj=2365344.003285, maxRC=512.219449, +1 cols
    [CG]   [DIAG] iter=27 posCols=1 newCols=1 effImprove=1 updated=0
    [CG] CG iter 28: obj=2365344.003285, maxRC=746.208332, +1 cols
    [CG]   [DIAG] iter=28 posCols=1 newCols=1 effImprove=1 updated=0
    [CG] CG iter 29: obj=2365344.003285, maxRC=368.807981, +1 cols
    [CG]   [DIAG] iter=29 posCols=1 newCols=1 effImprove=1 updated=0
    [CG] 列生成收敛，共 30 轮迭代
    [CG] [CG-NODE] depth=0 exit=CERTIFIED certified=1 feasible=1 iters=30 generatedColsBeforeNode=0 newCols=247 posCandidates=249 duplicateCandidates=2 updatedCols=2 zeroObjImproveIters=13 objFirst=874271.159887 objLast=2365344.003285 objGain=1491072.843399 maxRC=1782253.585568 wallSec=0.332959 pricingSec=0.297044 cplexSolveSec=0.010665
      [BB] 分支定界开始，根节点LP obj=2365344.003285，最大节点数=10000
      [BB] 根节点启发式下界 LB=2159526.848072（上界=2365344.003285）
    [CG] [BB-DIAG] 分支 x_{dc=0,retailer=5}, 节点数=1
    [CG] 列生成开始，初始列数=509
    [CG] CG iter 31: obj=2352398.345259, maxRC=115001.515574, +16 cols
    [CG]   [DIAG] iter=31 posCols=16 newCols=15 effImprove=16 updated=1
    [CG] CG iter 32: obj=2352398.345259, maxRC=37983.799180, +7 cols
    [CG]   [DIAG] iter=32 posCols=7 newCols=7 effImprove=7 updated=0
    [CG] CG iter 33: obj=2352398.345259, maxRC=27499.488554, +6 cols
    [CG]   [DIAG] iter=33 posCols=6 newCols=6 effImprove=6 updated=0
    [CG] CG iter 34: obj=2360103.191944, maxRC=20887.552662, +5 cols
    [CG]   [DIAG] iter=34 posCols=5 newCols=5 effImprove=5 updated=0
    [CG] CG iter 35: obj=2360644.630234, maxRC=12635.394213, +4 cols
    [CG]   [DIAG] iter=35 posCols=4 newCols=4 effImprove=4 updated=0
    [CG] CG iter 36: obj=2360644.630234, maxRC=6878.776370, +4 cols
    [CG]   [DIAG] iter=36 posCols=4 newCols=4 effImprove=4 updated=0
    [CG] CG iter 37: obj=2360644.630234, maxRC=5867.169737, +2 cols
    [CG]   [DIAG] iter=37 posCols=2 newCols=2 effImprove=2 updated=0
    [CG] CG iter 38: obj=2360644.630234, maxRC=5435.989658, +2 cols
    [CG]   [DIAG] iter=38 posCols=2 newCols=2 effImprove=2 updated=0
    [CG] CG iter 39: obj=2360644.630234, maxRC=6009.770505, +3 cols
    [CG]   [DIAG] iter=39 posCols=3 newCols=3 effImprove=3 updated=0
    [CG] CG iter 40: obj=2360644.630234, maxRC=1943.674688, +1 cols
    [CG]   [DIAG] iter=40 posCols=1 newCols=1 effImprove=1 updated=0
    [CG] CG iter 41: obj=2360644.630234, maxRC=705.263909, +1 cols
    [CG]   [DIAG] iter=41 posCols=1 newCols=1 effImprove=1 updated=0
    [CG] CG iter 42: obj=2360644.630234, maxRC=728.197348, +1 cols
    [CG]   [DIAG] iter=42 posCols=1 newCols=1 effImprove=1 updated=0
    [CG] CG iter 43: obj=2360644.630234, maxRC=486.148829, +1 cols
    [CG]   [DIAG] iter=43 posCols=1 newCols=1 effImprove=1 updated=0
    [CG] CG iter 44: obj=2360644.630234, maxRC=243.640335, +1 cols
    [CG]   [DIAG] iter=44 posCols=1 newCols=1 effImprove=1 updated=0
    [CG] 列生成收敛，共 45 轮迭代
    [CG] [CG-NODE] depth=1 exit=CERTIFIED certified=1 feasible=1 iters=15 generatedColsBeforeNode=247 newCols=53 posCandidates=54 duplicateCandidates=1 updatedCols=1 zeroObjImproveIters=12 objFirst=2352398.345259 objLast=2360644.630234 objGain=8246.284976 maxRC=115001.515574 wallSec=0.128005 pricingSec=0.120633 cplexSolveSec=0.005284
    [CG] 列生成开始，初始列数=504
    [CG] CG iter 46: obj=2359966.304725, maxRC=90098.720168, +10 cols
    [CG]   [DIAG] iter=46 posCols=10 newCols=10 effImprove=10 updated=0
    [CG] CG iter 47: obj=2359966.304725, maxRC=100228.388890, +11 cols
    [CG]   [DIAG] iter=47 posCols=11 newCols=11 effImprove=11 updated=0
    [CG] CG iter 48: obj=2359966.304725, maxRC=38449.012224, +6 cols
    [CG]   [DIAG] iter=48 posCols=6 newCols=6 effImprove=6 updated=0
    [CG] CG iter 49: obj=2359966.304725, maxRC=19365.274455, +6 cols
    [CG]   [DIAG] iter=49 posCols=6 newCols=6 effImprove=6 updated=0
    [CG] CG iter 50: obj=2359966.304725, maxRC=25871.420202, +6 cols
    [CG]   [DIAG] iter=50 posCols=6 newCols=6 effImprove=6 updated=0
    [CG] CG iter 51: obj=2359966.304725, maxRC=17936.354977, +5 cols
    [CG]   [DIAG] iter=51 posCols=5 newCols=5 effImprove=5 updated=0
    [CG] CG iter 52: obj=2359966.304725, maxRC=20356.980758, +5 cols
    [CG]   [DIAG] iter=52 posCols=5 newCols=5 effImprove=5 updated=0
    [CG] CG iter 53: obj=2359966.304725, maxRC=11109.825147, +1 cols
    [CG]   [DIAG] iter=53 posCols=1 newCols=1 effImprove=1 updated=0
    [CG] CG iter 54: obj=2359966.304725, maxRC=6759.317714, +2 cols
    [CG]   [DIAG] iter=54 posCols=2 newCols=2 effImprove=2 updated=0
    [CG] CG iter 55: obj=2359966.304725, maxRC=6789.449796, +1 cols
    [CG]   [DIAG] iter=55 posCols=1 newCols=1 effImprove=1 updated=0
    [CG] CG iter 56: obj=2359966.304725, maxRC=5566.225097, +3 cols
    [CG]   [DIAG] iter=56 posCols=3 newCols=3 effImprove=3 updated=0
    [CG] CG iter 57: obj=2359966.304725, maxRC=5227.963477, +3 cols
    [CG]   [DIAG] iter=57 posCols=3 newCols=3 effImprove=3 updated=0
    [CG] CG iter 58: obj=2359966.304725, maxRC=4891.761719, +1 cols
    [CG]   [DIAG] iter=58 posCols=1 newCols=1 effImprove=1 updated=0
    [CG] CG iter 59: obj=2359966.304725, maxRC=4689.751299, +3 cols
    [CG]   [DIAG] iter=59 posCols=3 newCols=3 effImprove=3 updated=0
    [CG] 列生成收敛，共 60 轮迭代
    [CG] [CG-NODE] depth=1 exit=CERTIFIED certified=1 feasible=1 iters=15 generatedColsBeforeNode=300 newCols=63 posCandidates=63 duplicateCandidates=0 updatedCols=0 zeroObjImproveIters=14 objFirst=2359966.304725 objLast=2359966.304725 objGain=0.000000 maxRC=100228.388890 wallSec=0.060136 pricingSec=0.052592 cplexSolveSec=0.005441
    [CG] [BB-INCUMBENT] selection=2 node=1 previous=2159526.848072 value=2359966.304725 active=1
    [CG] [BB-NODESEL] strategy=hybrid choice=dfs eligibleCount=1 active=1 gap=0.000287
    [CG] [BB-INCUMBENT] selection=3 node=1 previous=2359966.304725 value=2360644.630234 active=0
      [BB] 分支定界结束：处理 3 节点，剪枝 0，剩余活跃 0，整数解 3，状态=OPTIMAL，最好可行 obj=2360644.630234，gap=0.000000
