    [CG] 列生成开始，初始列数=310
    [CG] CG iter 1: obj=867542.790134, maxRC=1825772.889145, +30 cols
    [CG]   [DIAG] iter=1 posCols=30 newCols=30 effImprove=30 updated=0
    [CG] CG iter 2: obj=2126899.282982, maxRC=400352.508993, +20 cols
    [CG]   [DIAG] iter=2 posCols=20 newCols=20 effImprove=20 updated=0
    [CG] CG iter 3: obj=2211022.632970, maxRC=314260.962617, +25 cols
    [CG]   [DIAG] iter=3 posCols=25 newCols=25 effImprove=25 updated=0
    [CG] CG iter 4: obj=2230410.795720, maxRC=124632.840472, +20 cols
    [CG]   [DIAG] iter=4 posCols=20 newCols=19 effImprove=20 updated=1
    [CG] CG iter 5: obj=2276680.028745, maxRC=140105.317042, +13 cols
    [CG]   [DIAG] iter=5 posCols=13 newCols=13 effImprove=13 updated=0
    [CG] CG iter 6: obj=2324668.890062, maxRC=90969.334536, +10 cols
    [CG]   [DIAG] iter=6 posCols=10 newCols=10 effImprove=10 updated=0
    [CG] CG iter 7: obj=2324668.890062, maxRC=77177.665524, +10 cols
    [CG]   [DIAG] iter=7 posCols=10 newCols=10 effImprove=10 updated=0
    [CG] CG iter 8: obj=2324668.890062, maxRC=77301.831288, +14 cols
    [CG]   [DIAG] iter=8 posCols=14 newCols=14 effImprove=14 updated=0
    [CG] CG iter 9: obj=2324668.890062, maxRC=102826.756095, +9 cols
    [CG]   [DIAG] iter=9 posCols=9 newCols=9 effImprove=9 updated=0
    [CG] CG iter 10: obj=2324668.890062, maxRC=87652.361414, +9 cols
    [CG]   [DIAG] iter=10 posCols=9 newCols=9 effImprove=9 updated=0
    [CG] CG iter 11: obj=2326375.998144, maxRC=83048.938001, +9 cols
    [CG]   [DIAG] iter=11 posCols=9 newCols=9 effImprove=9 updated=0
    [CG] CG iter 12: obj=2329594.029095, maxRC=45661.822461, +9 cols
    [CG]   [DIAG] iter=12 posCols=9 newCols=9 effImprove=9 updated=0
    [CG] CG iter 13: obj=2359055.060843, maxRC=46161.813360, +5 cols
    [CG]   [DIAG] iter=13 posCols=5 newCols=5 effImprove=5 updated=0
    [CG] CG iter 14: obj=2359055.060843, maxRC=26528.239252, +9 cols
    [CG]   [DIAG] iter=14 posCols=9 newCols=9 effImprove=9 updated=0
    [CG] CG iter 15: obj=2359055.060843, maxRC=23750.661007, +8 cols
    [CG]   [DIAG] iter=15 posCols=8 newCols=8 effImprove=8 updated=0
    [CG] CG iter 16: obj=2359055.060843, maxRC=18687.514209, +5 cols
    [CG]   [DIAG] iter=16 posCols=5 newCols=5 effImprove=5 updated=0
    [CG] CG iter 17: obj=2359055.060843, maxRC=28597.426012, +6 cols
    [CG]   [DIAG] iter=17 posCols=6 newCols=6 effImprove=6 updated=0
    [CG] CG iter 18: obj=2359055.060843, maxRC=15194.714215, +6 cols
    [CG]   [DIAG] iter=18 posCols=6 newCols=6 effImprove=6 updated=0
    [CG] CG iter 19: obj=2359055.060843, maxRC=10156.705646, +5 cols
    [CG]   [DIAG] iter=19 posCols=5 newCols=5 effImprove=5 updated=0
    [CG] CG iter 20: obj=2359055.060843, maxRC=8027.504981, +5 cols
    [CG]   [DIAG] iter=20 posCols=5 newCols=5 effImprove=5 updated=0
    [CG] CG iter 21: obj=2359055.060843, maxRC=5577.237765, +4 cols
    [CG]   [DIAG] iter=21 posCols=4 newCols=4 effImprove=4 updated=0
    [CG] CG iter 22: obj=2359055.060843, maxRC=3628.754654, +5 cols
    [CG]   [DIAG] iter=22 posCols=5 newCols=5 effImprove=5 updated=0
    [CG] CG iter 23: obj=2359557.997634, maxRC=1654.560987, +3 cols
    [CG]   [DIAG] iter=23 posCols=3 newCols=3 effImprove=3 updated=0
    [CG] CG iter 24: obj=2360109.517963, maxRC=70.288532, +1 cols
    [CG]   [DIAG] iter=24 posCols=1 newCols=1 effImprove=1 updated=0
    [CG] 列生成收敛，共 25 轮迭代
    [CG] [CG-NODE] depth=0 exit=CERTIFIED certified=1 feasible=1 iters=25 generatedColsBeforeNode=0 newCols=239 posCandidates=240 duplicateCandidates=1 updatedCols=1 zeroObjImproveIters=13 objFirst=867542.790134 objLast=2360156.376984 objGain=1492613.586851 maxRC=1825772.889145 wallSec=0.251297 pricingSec=0.237267 cplexSolveSec=0.008882
      [BB] 分支定界开始，根节点LP obj=2360156.376984，最大节点数=10000
      [BB] 根节点启发式下界 LB=2222666.740354（上界=2360156.376984）
    [CG] [BB-DIAG] 分支 x_{dc=1,retailer=12}, 节点数=1
    [CG] 列生成开始，初始列数=504
    [CG] CG iter 26: obj=2359125.349374, maxRC=57686.729933, +18 cols
    [CG]   [DIAG] iter=26 posCols=18 newCols=18 effImprove=18 updated=0
    [CG] CG iter 27: obj=2359125.349374, maxRC=30394.013503, +7 cols
    [CG]   [DIAG] iter=27 posCols=7 newCols=7 effImprove=7 updated=0
    [CG] CG iter 28: obj=2359125.349374, maxRC=27076.853061, +7 cols
    [CG]   [DIAG] iter=28 posCols=7 newCols=7 effImprove=7 updated=0
    [CG] CG iter 29: obj=2359125.349374, maxRC=33027.600680, +6 cols
    [CG]   [DIAG] iter=29 posCols=6 newCols=6 effImprove=6 updated=0
    [CG] CG iter 30: obj=2359125.349374, maxRC=9573.714858, +2 cols
    [CG]   [DIAG] iter=30 posCols=2 newCols=2 effImprove=2 updated=0
    [CG] CG iter 31: obj=2359125.349374, maxRC=16245.134155, +2 cols
    [CG]   [DIAG] iter=31 posCols=2 newCols=2 effImprove=2 updated=0
    [CG] CG iter 32: obj=2359125.349374, maxRC=13428.054490, +2 cols
    [CG]   [DIAG] iter=32 posCols=2 newCols=2 effImprove=2 updated=0
    [CG] CG iter 33: obj=2359125.349374, maxRC=11366.650193, +2 cols
    [CG]   [DIAG] iter=33 posCols=2 newCols=2 effImprove=2 updated=0
    [CG] CG iter 34: obj=2359125.349374, maxRC=10831.172771, +4 cols
    [CG]   [DIAG] iter=34 posCols=4 newCols=4 effImprove=4 updated=0
    [CG] CG iter 35: obj=2359125.349374, maxRC=1930.531643, +1 cols
    [CG]   [DIAG] iter=35 posCols=1 newCols=1 effImprove=1 updated=0
    [CG] 列生成收敛，共 36 轮迭代
    [CG] [CG-NODE] depth=1 exit=CERTIFIED certified=1 feasible=1 iters=11 generatedColsBeforeNode=239 newCols=51 posCandidates=51 duplicateCandidates=0 updatedCols=0 zeroObjImproveIters=10 objFirst=2359125.349374 objLast=2359125.349374 objGain=0.000000 maxRC=57686.729933 wallSec=0.093475 pricingSec=0.087940 cplexSolveSec=0.003855
    [CG] 列生成开始，初始列数=496
    [CG] CG iter 37: obj=2314631.044854, maxRC=125889.048149, +19 cols
    [CG]   [DIAG] iter=37 posCols=19 newCols=19 effImprove=19 updated=0
    [CG] CG iter 38: obj=2314631.044854, maxRC=71111.786602, +11 cols
    [CG]   [DIAG] iter=38 posCols=11 newCols=11 effImprove=11 updated=0
    [CG] CG iter 39: obj=2314631.044854, maxRC=40578.002697, +9 cols
    [CG]   [DIAG] iter=39 posCols=9 newCols=9 effImprove=9 updated=0
    [CG] CG iter 40: obj=2314631.044854, maxRC=47623.679891, +6 cols
    [CG]   [DIAG] iter=40 posCols=6 newCols=6 effImprove=6 updated=0
    [CG] CG iter 41: obj=2318302.094558, maxRC=44257.079358, +6 cols
    [CG]   [DIAG] iter=41 posCols=6 newCols=6 effImprove=6 updated=0
    [CG] CG iter 42: obj=2323713.752194, maxRC=29317.770616, +5 cols
    [CG]   [DIAG] iter=42 posCols=5 newCols=5 effImprove=5 updated=0
    [CG] CG iter 43: obj=2353031.522811, maxRC=11284.888980, +4 cols
    [CG]   [DIAG] iter=43 posCols=4 newCols=4 effImprove=4 updated=0
    [CG] CG iter 44: obj=2353031.522811, maxRC=5203.502326, +3 cols
    [CG]   [DIAG] iter=44 posCols=3 newCols=3 effImprove=3 updated=0
    [CG] CG iter 45: obj=2353031.522811, maxRC=3463.219804, +3 cols
    [CG]   [DIAG] iter=45 posCols=3 newCols=3 effImprove=3 updated=0
    [CG] CG iter 46: obj=2353031.522811, maxRC=2686.954530, +3 cols
    [CG]   [DIAG] iter=46 posCols=3 newCols=3 effImprove=3 updated=0
    [CG] CG iter 47: obj=2353031.522811, maxRC=1245.130307, +2 cols
    [CG]   [DIAG] iter=47 posCols=2 newCols=2 effImprove=2 updated=0
    [CG] 列生成收敛，共 48 轮迭代
    [CG] [CG-NODE] depth=1 exit=CERTIFIED certified=1 feasible=1 iters=12 generatedColsBeforeNode=290 newCols=71 posCandidates=71 duplicateCandidates=0 updatedCols=0 zeroObjImproveIters=8 objFirst=2314631.044854 objLast=2353031.522811 objGain=38400.477957 maxRC=125889.048149 wallSec=0.096910 pricingSec=0.090489 cplexSolveSec=0.004608
    [CG] [BB-INCUMBENT] selection=2 node=1 previous=2222666.740354 value=2353031.522811 active=1
    [CG] [BB-NODESEL] strategy=hybrid choice=dfs eligibleCount=1 active=1 gap=0.002590
    [CG] [BB-INCUMBENT] selection=3 node=1 previous=2353031.522811 value=2359125.349374 active=0
      [BB] 分支定界结束：处理 3 节点，剪枝 0，剩余活跃 0，整数解 3，状态=OPTIMAL，最好可行 obj=2359125.349374，gap=0.000000
