    [CG] 列生成开始，初始列数=310
    [CG] CG iter 1: obj=868118.461533, maxRC=1816498.966314, +30 cols
    [CG]   [DIAG] iter=1 posCols=30 newCols=30 effImprove=30 updated=0
    [CG] CG iter 2: obj=2102697.257660, maxRC=355806.485101, +20 cols
    [CG]   [DIAG] iter=2 posCols=20 newCols=20 effImprove=20 updated=0
    [CG] CG iter 3: obj=2148118.780588, maxRC=518609.860283, +25 cols
    [CG]   [DIAG] iter=3 posCols=25 newCols=25 effImprove=25 updated=0
    [CG] CG iter 4: obj=2230345.957596, maxRC=356802.111428, +17 cols
    [CG]   [DIAG] iter=4 posCols=17 newCols=17 effImprove=17 updated=0
    [CG] CG iter 5: obj=2251583.287440, maxRC=347608.337784, +11 cols
    [CG]   [DIAG] iter=5 posCols=11 newCols=11 effImprove=11 updated=0
    [CG] CG iter 6: obj=2264402.981715, maxRC=352441.102088, +12 cols
    [CG]   [DIAG] iter=6 posCols=12 newCols=12 effImprove=12 updated=0
    [CG] CG iter 7: obj=2264402.981715, maxRC=297056.337923, +8 cols
    [CG]   [DIAG] iter=7 posCols=8 newCols=8 effImprove=8 updated=0
    [CG] CG iter 8: obj=2264402.981715, maxRC=274816.634438, +8 cols
    [CG]   [DIAG] iter=8 posCols=8 newCols=8 effImprove=8 updated=0
    [CG] CG iter 9: obj=2277484.521960, maxRC=138768.521707, +10 cols
    [CG]   [DIAG] iter=9 posCols=10 newCols=10 effImprove=10 updated=0
    [CG] CG iter 10: obj=2284545.782497, maxRC=109087.737986, +9 cols
    [CG]   [DIAG] iter=10 posCols=9 newCols=9 effImprove=9 updated=0
    [CG] CG iter 11: obj=2301292.267170, maxRC=96623.412826, +8 cols
    [CG]   [DIAG] iter=11 posCols=8 newCols=8 effImprove=8 updated=0
    [CG] CG iter 12: obj=2309371.878196, maxRC=98264.900052, +8 cols
    [CG]   [DIAG] iter=12 posCols=8 newCols=8 effImprove=8 updated=0
    [CG] CG iter 13: obj=2320209.953759, maxRC=37864.053942, +7 cols
    [CG]   [DIAG] iter=13 posCols=7 newCols=7 effImprove=7 updated=0
    [CG] CG iter 14: obj=2327276.914862, maxRC=92661.107041, +6 cols
    [CG]   [DIAG] iter=14 posCols=6 newCols=6 effImprove=6 updated=0
    [CG] CG iter 15: obj=2327276.914862, maxRC=70438.837930, +6 cols
    [CG]   [DIAG] iter=15 posCols=6 newCols=6 effImprove=6 updated=0
    [CG] CG iter 16: obj=2337181.317608, maxRC=30282.251687, +6 cols
    [CG]   [DIAG] iter=16 posCols=6 newCols=6 effImprove=6 updated=0
    [CG] CG iter 17: obj=2337181.317608, maxRC=50901.790333, +6 cols
    [CG]   [DIAG] iter=17 posCols=6 newCols=6 effImprove=6 updated=0
    [CG] CG iter 18: obj=2343746.931176, maxRC=22088.473894, +6 cols
    [CG]   [DIAG] iter=18 posCols=6 newCols=6 effImprove=6 updated=0
    [CG] CG iter 19: obj=2343746.931176, maxRC=18803.875174, +4 cols
    [CG]   [DIAG] iter=19 posCols=4 newCols=4 effImprove=4 updated=0
    [CG] CG iter 20: obj=2350839.857304, maxRC=19354.809670, +6 cols
    [CG]   [DIAG] iter=20 posCols=6 newCols=6 effImprove=6 updated=0
    [CG] CG iter 21: obj=2355561.297410, maxRC=10494.268380, +4 cols
    [CG]   [DIAG] iter=21 posCols=4 newCols=4 effImprove=4 updated=0
    [CG] CG iter 22: obj=2355561.297410, maxRC=4657.273348, +2 cols
    [CG]   [DIAG] iter=22 posCols=2 newCols=2 effImprove=2 updated=0
    [CG] CG iter 23: obj=2355561.297410, maxRC=3020.039005, +2 cols
    [CG]   [DIAG] iter=23 posCols=2 newCols=2 effImprove=2 updated=0
    [CG] CG iter 24: obj=2355689.038337, maxRC=2457.125598, +2 cols
    [CG]   [DIAG] iter=24 posCols=2 newCols=2 effImprove=2 updated=0
    [CG] CG iter 25: obj=2355689.038337, maxRC=1572.943220, +1 cols
    [CG]   [DIAG] iter=25 posCols=1 newCols=1 effImprove=1 updated=0
    [CG] CG iter 26: obj=2355689.038337, maxRC=1067.046022, +1 cols
    [CG]   [DIAG] iter=26 posCols=1 newCols=1 effImprove=1 updated=0
    [CG] CG iter 27: obj=2355689.038337, maxRC=1139.529370, +1 cols
    [CG]   [DIAG] iter=27 posCols=1 newCols=1 effImprove=1 updated=0
    [CG] CG iter 28: obj=2355689.038337, maxRC=423.599482, +1 cols
    [CG]   [DIAG] iter=28 posCols=1 newCols=1 effImprove=1 updated=0
    [CG] CG iter 29: obj=2355689.038337, maxRC=351.366564, +1 cols
    [CG]   [DIAG] iter=29 posCols=1 newCols=1 effImprove=1 updated=0
    [CG] CG iter 30: obj=2355689.038337, maxRC=221.804573, +1 cols
    [CG]   [DIAG] iter=30 posCols=1 newCols=1 effImprove=1 updated=0
    [CG] 列生成收敛，共 31 轮迭代
    [CG] [CG-NODE] depth=0 exit=CERTIFIED certified=1 feasible=1 iters=31 generatedColsBeforeNode=0 newCols=229 posCandidates=229 duplicateCandidates=0 updatedCols=0 zeroObjImproveIters=14 objFirst=868118.461533 objLast=2355689.038337 objGain=1487570.576804 maxRC=1816498.966314 wallSec=0.330406 pricingSec=0.313124 cplexSolveSec=0.011535
      [BB] 分支定界开始，根节点LP obj=2355689.038337，最大节点数=10000
      [BB] 根节点启发式下界 LB=2213684.224428（上界=2355689.038337）
    [CG] [BB-DIAG] 分支 x_{dc=0,retailer=5}, 节点数=1
    [CG] 列生成开始，初始列数=494
    [CG] CG iter 32: obj=2355561.297410, maxRC=81541.889910, +15 cols
    [CG]   [DIAG] iter=32 posCols=15 newCols=15 effImprove=15 updated=0
    [CG] CG iter 33: obj=2355561.297410, maxRC=75300.168819, +7 cols
    [CG]   [DIAG] iter=33 posCols=7 newCols=7 effImprove=7 updated=0
    [CG] CG iter 34: obj=2355561.297410, maxRC=36120.664000, +6 cols
    [CG]   [DIAG] iter=34 posCols=6 newCols=6 effImprove=6 updated=0
    [CG] CG iter 35: obj=2355561.297410, maxRC=13278.104970, +6 cols
    [CG]   [DIAG] iter=35 posCols=6 newCols=6 effImprove=6 updated=0
    [CG] CG iter 36: obj=2355561.297410, maxRC=8605.702139, +2 cols
    [CG]   [DIAG] iter=36 posCols=2 newCols=2 effImprove=2 updated=0
    [CG] CG iter 37: obj=2355561.297410, maxRC=8256.680820, +3 cols
    [CG]   [DIAG] iter=37 posCols=3 newCols=3 effImprove=3 updated=0
    [CG] CG iter 38: obj=2355561.297410, maxRC=3234.272852, +1 cols
    [CG]   [DIAG] iter=38 posCols=1 newCols=0 effImprove=1 updated=1
    [CG] CG iter 39: obj=2355672.869747, maxRC=3560.775932, +2 cols
    [CG]   [DIAG] iter=39 posCols=2 newCols=2 effImprove=2 updated=0
    [CG] CG iter 40: obj=2355672.869747, maxRC=3735.919873, +1 cols
    [CG]   [DIAG] iter=40 posCols=1 newCols=1 effImprove=1 updated=0
    [CG] CG iter 41: obj=2355672.869747, maxRC=3344.687756, +1 cols
    [CG]   [DIAG] iter=41 posCols=1 newCols=1 effImprove=1 updated=0
    [CG] CG iter 42: obj=2355672.869747, maxRC=1932.246326, +1 cols
    [CG]   [DIAG] iter=42 posCols=1 newCols=1 effImprove=1 updated=0
    [CG] CG iter 43: obj=2355672.869747, maxRC=658.245516, +1 cols
    [CG]   [DIAG] iter=43 posCols=1 newCols=1 effImprove=1 updated=0
    [CG] CG iter 44: obj=2355672.869747, maxRC=784.396857, +1 cols
    [CG]   [DIAG] iter=44 posCols=1 newCols=1 effImprove=1 updated=0
    [CG] CG iter 45: obj=2355672.869747, maxRC=930.566446, +1 cols
    [CG]   [DIAG] iter=45 posCols=1 newCols=1 effImprove=1 updated=0
    [CG] CG iter 46: obj=2355672.869747, maxRC=249.674307, +1 cols
    [CG]   [DIAG] iter=46 posCols=1 newCols=1 effImprove=1 updated=0
    [CG] CG iter 47: obj=2355672.869747, maxRC=210.469451, +1 cols
    [CG]   [DIAG] iter=47 posCols=1 newCols=1 effImprove=1 updated=0
    [CG] CG iter 48: obj=2355672.869747, maxRC=143.533642, +1 cols
    [CG]   [DIAG] iter=48 posCols=1 newCols=1 effImprove=1 updated=0
    [CG] 列生成收敛，共 49 轮迭代
    [CG] [CG-NODE] depth=1 exit=CERTIFIED certified=1 feasible=1 iters=18 generatedColsBeforeNode=229 newCols=50 posCandidates=51 duplicateCandidates=1 updatedCols=1 zeroObjImproveIters=16 objFirst=2355561.297410 objLast=2355672.869747 objGain=111.572337 maxRC=81541.889910 wallSec=0.161129 pricingSec=0.153392 cplexSolveSec=0.005488
    [CG] 列生成开始，初始列数=489
    [CG] CG iter 50: obj=2312695.510823, maxRC=51843.216967, +11 cols
    [CG]   [DIAG] iter=50 posCols=11 newCols=11 effImprove=11 updated=0
    [CG] CG iter 51: obj=2326187.632138, maxRC=58898.936061, +6 cols
    [CG]   [DIAG] iter=51 posCols=6 newCols=6 effImprove=6 updated=0
    [CG] CG iter 52: obj=2326187.632138, maxRC=41875.720035, +6 cols
    [CG]   [DIAG] iter=52 posCols=6 newCols=6 effImprove=6 updated=0
    [CG] CG iter 53: obj=2326187.632138, maxRC=33307.155437, +6 cols
    [CG]   [DIAG] iter=53 posCols=6 newCols=6 effImprove=6 updated=0
    [CG] CG iter 54: obj=2326187.632138, maxRC=26689.492745, +5 cols
    [CG]   [DIAG] iter=54 posCols=5 newCols=5 effImprove=5 updated=0
    [CG] CG iter 55: obj=2326187.632138, maxRC=25628.000043, +5 cols
    [CG]   [DIAG] iter=55 posCols=5 newCols=5 effImprove=5 updated=0
    [CG] CG iter 56: obj=2326187.632138, maxRC=23418.434122, +6 cols
    [CG]   [DIAG] iter=56 posCols=6 newCols=6 effImprove=6 updated=0
    [CG] CG iter 57: obj=2326187.632138, maxRC=19765.641868, +5 cols
    [CG]   [DIAG] iter=57 posCols=5 newCols=5 effImprove=5 updated=0
    [CG] CG iter 58: obj=2327832.776427, maxRC=43908.741073, +6 cols
    [CG]   [DIAG] iter=58 posCols=6 newCols=6 effImprove=6 updated=0
    [CG] CG iter 59: obj=2327832.776427, maxRC=24849.730237, +6 cols
    [CG]   [DIAG] iter=59 posCols=6 newCols=6 effImprove=6 updated=0
    [CG] CG iter 60: obj=2330209.358330, maxRC=22822.084792, +6 cols
    [CG]   [DIAG] iter=60 posCols=6 newCols=6 effImprove=6 updated=0
    [CG] CG iter 61: obj=2331292.316168, maxRC=14540.068176, +4 cols
    [CG]   [DIAG] iter=61 posCols=4 newCols=4 effImprove=4 updated=0
    [CG] CG iter 62: obj=2331292.316168, maxRC=14350.941387, +4 cols
    [CG]   [DIAG] iter=62 posCols=4 newCols=4 effImprove=4 updated=0
    [CG] CG iter 63: obj=2336138.122213, maxRC=14373.693667, +4 cols
    [CG]   [DIAG] iter=63 posCols=4 newCols=4 effImprove=4 updated=0
    [CG] CG iter 64: obj=2336138.122213, maxRC=9643.857380, +4 cols
    [CG]   [DIAG] iter=64 posCols=4 newCols=4 effImprove=4 updated=0
    [CG] CG iter 65: obj=2340960.050903, maxRC=4673.552012, +3 cols
    [CG]   [DIAG] iter=65 posCols=3 newCols=3 effImprove=3 updated=0
    [CG] CG iter 66: obj=2345633.602915, maxRC=1572.600715, +2 cols
    [CG]   [DIAG] iter=66 posCols=2 newCols=2 effImprove=2 updated=0
    [CG] 列生成收敛，共 67 轮迭代
    [CG] [CG-NODE] depth=1 exit=CERTIFIED certified=1 feasible=1 iters=18 generatedColsBeforeNode=279 newCols=89 posCandidates=89 duplicateCandidates=0 updatedCols=0 zeroObjImproveIters=10 objFirst=2312695.510823 objLast=2345633.602915 objGain=32938.092092 maxRC=58898.936061 wallSec=0.058646 pricingSec=0.049395 cplexSolveSec=0.006896
    [CG] [BB-INCUMBENT] selection=2 node=1 previous=2213684.224428 value=2345633.602915 active=1
    [CG] [BB-NODESEL] strategy=hybrid choice=dfs eligibleCount=1 active=1 gap=0.004280
    [CG] [BB-INCUMBENT] selection=3 node=1 previous=2345633.602915 value=2355672.869747 active=0
      [BB] 分支定界结束：处理 3 节点，剪枝 0，剩余活跃 0，整数解 3，状态=OPTIMAL，最好可行 obj=2355672.869747，gap=0.000000
