    [CG] 列生成开始，初始列数=310
    [CG] CG iter 1: obj=871993.680528, maxRC=1832577.637586, +30 cols
    [CG]   [DIAG] iter=1 posCols=30 newCols=30 effImprove=30 updated=0
    [CG] CG iter 2: obj=2136297.846056, maxRC=448172.109742, +24 cols
    [CG]   [DIAG] iter=2 posCols=24 newCols=24 effImprove=24 updated=0
    [CG] CG iter 3: obj=2194635.840615, maxRC=547287.489273, +26 cols
    [CG]   [DIAG] iter=3 posCols=26 newCols=26 effImprove=26 updated=0
    [CG] CG iter 4: obj=2194635.840615, maxRC=383998.480424, +26 cols
    [CG]   [DIAG] iter=4 posCols=26 newCols=26 effImprove=26 updated=0
    [CG] CG iter 5: obj=2207034.950060, maxRC=287547.747911, +27 cols
    [CG]   [DIAG] iter=5 posCols=27 newCols=27 effImprove=27 updated=0
    [CG] CG iter 6: obj=2246295.433188, maxRC=287267.235348, +21 cols
    [CG]   [DIAG] iter=6 posCols=21 newCols=20 effImprove=21 updated=1
    [CG] CG iter 7: obj=2270899.278382, maxRC=191634.977279, +16 cols
    [CG]   [DIAG] iter=7 posCols=16 newCols=16 effImprove=16 updated=0
    [CG] CG iter 8: obj=2305442.501970, maxRC=136637.052093, +18 cols
    [CG]   [DIAG] iter=8 posCols=18 newCols=18 effImprove=18 updated=0
    [CG] CG iter 9: obj=2352257.806165, maxRC=46354.854290, +12 cols
    [CG]   [DIAG] iter=9 posCols=12 newCols=12 effImprove=12 updated=0
    [CG] CG iter 10: obj=2352257.806165, maxRC=20126.225710, +8 cols
    [CG]   [DIAG] iter=10 posCols=8 newCols=8 effImprove=8 updated=0
    [CG] CG iter 11: obj=2368575.171384, maxRC=12371.630565, +9 cols
    [CG]   [DIAG] iter=11 posCols=9 newCols=9 effImprove=9 updated=0
    [CG] CG iter 12: obj=2370795.323486, maxRC=8336.955488, +3 cols
    [CG]   [DIAG] iter=12 posCols=3 newCols=2 effImprove=3 updated=1
    [CG] CG iter 13: obj=2379132.278974, maxRC=9058.759372, +4 cols
    [CG]   [DIAG] iter=13 posCols=4 newCols=4 effImprove=4 updated=0
    [CG] CG iter 14: obj=2379132.278974, maxRC=419.725703, +2 cols
    [CG]   [DIAG] iter=14 posCols=2 newCols=2 effImprove=2 updated=0
    [CG] 列生成收敛，共 15 轮迭代
    [CG] [CG-NODE] depth=0 exit=CERTIFIED certified=1 feasible=1 iters=15 generatedColsBeforeNode=0 newCols=224 posCandidates=226 duplicateCandidates=2 updatedCols=2 zeroObjImproveIters=4 objFirst=871993.680528 objLast=2379132.278974 objGain=1507138.598445 maxRC=1832577.637586 wallSec=0.208228 pricingSec=0.197308 cplexSolveSec=0.006460
      [BB] 根节点即为整数解，obj=2379132.278974
