    [CG] 列生成开始，初始列数=310
    [CG] CG iter 1: obj=852477.341673, maxRC=2138068.812003, +30 cols
    [CG]   [DIAG] iter=1 posCols=30 newCols=30 effImprove=30 updated=0
    [CG] CG iter 2: obj=2294074.357312, maxRC=441287.748572, +21 cols
    [CG]   [DIAG] iter=2 posCols=21 newCols=21 effImprove=21 updated=0
    [CG] CG iter 3: obj=2346011.290895, maxRC=679560.541874, +25 cols
    [CG]   [DIAG] iter=3 posCols=25 newCols=25 effImprove=25 updated=0
    [CG] CG iter 4: obj=2395042.547529, maxRC=416542.773379, +24 cols
    [CG]   [DIAG] iter=4 posCols=24 newCols=24 effImprove=24 updated=0
    [CG] CG iter 5: obj=2415456.726769, maxRC=454050.554831, +22 cols
    [CG]   [DIAG] iter=5 posCols=22 newCols=20 effImprove=22 updated=2
    [CG] CG iter 6: obj=2415456.726769, maxRC=406166.521880, +21 cols
    [CG]   [DIAG] iter=6 posCols=21 newCols=21 effImprove=21 updated=0
    [CG] CG iter 7: obj=2428451.469033, maxRC=336999.258067, +14 cols
    [CG]   [DIAG] iter=7 posCols=14 newCols=14 effImprove=14 updated=0
    [CG] CG iter 8: obj=2455612.529655, maxRC=339393.722474, +15 cols
    [CG]   [DIAG] iter=8 posCols=15 newCols=15 effImprove=15 updated=0
    [CG] CG iter 9: obj=2468078.849991, maxRC=277085.707819, +17 cols
    [CG]   [DIAG] iter=9 posCols=17 newCols=17 effImprove=17 updated=0
    [CG] CG iter 10: obj=2485138.216965, maxRC=101460.617498, +11 cols
    [CG]   [DIAG] iter=10 posCols=11 newCols=11 effImprove=11 updated=0
    [CG] CG iter 11: obj=2513989.210564, maxRC=105808.406071, +10 cols
    [CG]   [DIAG] iter=11 posCols=10 newCols=10 effImprove=10 updated=0
    [CG] CG iter 12: obj=2518791.549726, maxRC=82844.400512, +14 cols
    [CG]   [DIAG] iter=12 posCols=14 newCols=14 effImprove=14 updated=0
    [CG] CG iter 13: obj=2530058.319601, maxRC=62095.223109, +11 cols
    [CG]   [DIAG] iter=13 posCols=11 newCols=10 effImprove=11 updated=1
    [CG] CG iter 14: obj=2536597.547801, maxRC=78267.291244, +9 cols
    [CG]   [DIAG] iter=14 posCols=9 newCols=9 effImprove=9 updated=0
    [CG] CG iter 15: obj=2546506.311118, maxRC=59686.514590, +12 cols
    [CG]   [DIAG] iter=15 posCols=12 newCols=12 effImprove=12 updated=0
    [CG] CG iter 16: obj=2550306.468181, maxRC=21360.744581, +8 cols
    [CG]   [DIAG] iter=16 posCols=8 newCols=8 effImprove=8 updated=0
    [CG] CG iter 17: obj=2578043.143327, maxRC=30557.941051, +9 cols
    [CG]   [DIAG] iter=17 posCols=9 newCols=9 effImprove=9 updated=0
    [CG] CG iter 18: obj=2582470.867601, maxRC=20395.382732, +8 cols
    [CG]   [DIAG] iter=18 posCols=8 newCols=8 effImprove=8 updated=0
    [CG] CG iter 19: obj=2586637.715435, maxRC=14050.768601, +6 cols
    [CG]   [DIAG] iter=19 posCols=6 newCols=6 effImprove=6 updated=0
    [CG] CG iter 20: obj=2586637.715435, maxRC=10426.656700, +5 cols
    [CG]   [DIAG] iter=20 posCols=5 newCols=5 effImprove=5 updated=0
    [CG] CG iter 21: obj=2586637.715435, maxRC=2613.420314, +8 cols
    [CG]   [DIAG] iter=21 posCols=8 newCols=7 effImprove=8 updated=1
    [CG] CG iter 22: obj=2586637.715435, maxRC=1562.383464, +3 cols
    [CG]   [DIAG] iter=22 posCols=3 newCols=3 effImprove=3 updated=0
    [CG] CG iter 23: obj=2586637.715435, maxRC=1225.131311, +2 cols
    [CG]   [DIAG] iter=23 posCols=2 newCols=2 effImprove=2 updated=0
    [CG] CG iter 24: obj=2586637.715435, maxRC=1029.256721, +2 cols
    [CG]   [DIAG] iter=24 posCols=2 newCols=2 effImprove=2 updated=0
    [CG] CG iter 25: obj=2586637.715435, maxRC=787.844126, +3 cols
    [CG]   [DIAG] iter=25 posCols=3 newCols=3 effImprove=3 updated=0
    [CG] CG iter 26: obj=2586637.715435, maxRC=125.206881, +1 cols
    [CG]   [DIAG] iter=26 posCols=1 newCols=1 effImprove=1 updated=0
    [CG] 列生成收敛，共 27 轮迭代
    [CG] [CG-NODE] depth=0 exit=CERTIFIED certified=1 feasible=1 iters=27 generatedColsBeforeNode=0 newCols=307 posCandidates=311 duplicateCandidates=4 updatedCols=4 zeroObjImproveIters=9 objFirst=852477.341673 objLast=2586637.715435 objGain=1734160.373762 maxRC=2138068.812003 wallSec=0.286843 pricingSec=0.269838 cplexSolveSec=0.011020
      [BB] 根节点即为整数解，obj=2586637.715435
