    [CG] 列生成开始，初始列数=310
    [CG] CG iter 1: obj=888178.536127, maxRC=2137077.198104, +30 cols
    [CG]   [DIAG] iter=1 posCols=30 newCols=30 effImprove=30 updated=0
    [CG] CG iter 2: obj=2306382.936814, maxRC=402166.358213, +23 cols
    [CG]   [DIAG] iter=2 posCols=23 newCols=23 effImprove=23 updated=0
    [CG] CG iter 3: obj=2354956.065354, maxRC=576414.669855, +26 cols
    [CG]   [DIAG] iter=3 posCols=26 newCols=26 effImprove=26 updated=0
    [CG] CG iter 4: obj=2358426.984568, maxRC=522375.057221, +28 cols
    [CG]   [DIAG] iter=4 posCols=28 newCols=27 effImprove=28 updated=1
    [CG] CG iter 5: obj=2398462.394983, maxRC=392063.293187, +21 cols
    [CG]   [DIAG] iter=5 posCols=21 newCols=21 effImprove=21 updated=0
    [CG] CG iter 6: obj=2428933.570261, maxRC=344299.183015, +21 cols
    [CG]   [DIAG] iter=6 posCols=21 newCols=21 effImprove=21 updated=0
    [CG] CG iter 7: obj=2441802.537360, maxRC=267607.476109, +15 cols
    [CG]   [DIAG] iter=7 posCols=15 newCols=15 effImprove=15 updated=0
    [CG] CG iter 8: obj=2463235.982318, maxRC=193785.530096, +12 cols
    [CG]   [DIAG] iter=8 posCols=12 newCols=12 effImprove=12 updated=0
    [CG] CG iter 9: obj=2489325.986874, maxRC=102425.693712, +13 cols
    [CG]   [DIAG] iter=9 posCols=13 newCols=13 effImprove=13 updated=0
    [CG] CG iter 10: obj=2509546.027738, maxRC=107513.196089, +9 cols
    [CG]   [DIAG] iter=10 posCols=9 newCols=9 effImprove=9 updated=0
    [CG] CG iter 11: obj=2531277.490735, maxRC=78632.833443, +11 cols
    [CG]   [DIAG] iter=11 posCols=11 newCols=11 effImprove=11 updated=0
    [CG] CG iter 12: obj=2541977.817008, maxRC=70403.023277, +10 cols
    [CG]   [DIAG] iter=12 posCols=10 newCols=10 effImprove=10 updated=0
    [CG] CG iter 13: obj=2550232.716593, maxRC=58292.586255, +9 cols
    [CG]   [DIAG] iter=13 posCols=9 newCols=9 effImprove=9 updated=0
    [CG] CG iter 14: obj=2565076.238481, maxRC=52789.412053, +11 cols
    [CG]   [DIAG] iter=14 posCols=11 newCols=11 effImprove=11 updated=0
    [CG] CG iter 15: obj=2570813.415466, maxRC=32968.494506, +9 cols
    [CG]   [DIAG] iter=15 posCols=9 newCols=9 effImprove=9 updated=0
    [CG] CG iter 16: obj=2577653.551918, maxRC=30462.894890, +10 cols
    [CG]   [DIAG] iter=16 posCols=10 newCols=10 effImprove=10 updated=0
    [CG] CG iter 17: obj=2578877.245494, maxRC=23731.757640, +9 cols
    [CG]   [DIAG] iter=17 posCols=9 newCols=9 effImprove=9 updated=0
    [CG] CG iter 18: obj=2582506.622007, maxRC=11489.102332, +6 cols
    [CG]   [DIAG] iter=18 posCols=6 newCols=6 effImprove=6 updated=0
    [CG] CG iter 19: obj=2591847.532903, maxRC=11142.857186, +7 cols
    [CG]   [DIAG] iter=19 posCols=7 newCols=7 effImprove=7 updated=0
    [CG] CG iter 20: obj=2592393.030489, maxRC=13635.321887, +8 cols
    [CG]   [DIAG] iter=20 posCols=8 newCols=8 effImprove=8 updated=0
    [CG] CG iter 21: obj=2592393.030489, maxRC=6889.203739, +6 cols
    [CG]   [DIAG] iter=21 posCols=6 newCols=6 effImprove=6 updated=0
    [CG] CG iter 22: obj=2597385.060178, maxRC=5656.561166, +7 cols
    [CG]   [DIAG] iter=22 posCols=7 newCols=6 effImprove=7 updated=1
    [CG] CG iter 23: obj=2600395.374089, maxRC=2833.019874, +5 cols
    [CG]   [DIAG] iter=23 posCols=5 newCols=5 effImprove=5 updated=0
    [CG] CG iter 24: obj=2600395.374089, maxRC=1779.315862, +1 cols
    [CG]   [DIAG] iter=24 posCols=1 newCols=1 effImprove=1 updated=0
    [CG] CG iter 25: obj=2600395.374089, maxRC=713.138819, +1 cols
    [CG]   [DIAG] iter=25 posCols=1 newCols=1 effImprove=1 updated=0
    [CG] CG iter 26: obj=2600395.374089, maxRC=322.337973, +1 cols
    [CG]   [DIAG] iter=26 posCols=1 newCols=1 effImprove=1 updated=0
    [CG] CG iter 27: obj=2600395.374089, maxRC=239.288736, +1 cols
    [CG]   [DIAG] iter=27 posCols=1 newCols=1 effImprove=1 updated=0
    [CG] 列生成收敛，共 28 轮迭代
    [CG] [CG-NODE] depth=0 exit=CERTIFIED certified=1 feasible=1 iters=28 generatedColsBeforeNode=0 newCols=308 posCandidates=310 duplicateCandidates=2 updatedCols=2 zeroObjImproveIters=6 objFirst=888178.536127 objLast=2600395.374089 objGain=1712216.837962 maxRC=2137077.198104 wallSec=0.283002 pricingSec=0.266288 cplexSolveSec=0.010902
      [BB] 根节点即为整数解，obj=2600395.374089
