    [CG] 列生成开始，初始列数=310
    [CG] CG iter 1: obj=729083.653985, maxRC=953639.570502, +30 cols
    [CG]   [DIAG] iter=1 posCols=30 newCols=30 effImprove=30 updated=0
    [CG] CG iter 2: obj=1235766.777811, maxRC=360935.372276, +30 cols
    [CG]   [DIAG] iter=2 posCols=30 newCols=30 effImprove=30 updated=0
    [CG] CG iter 3: obj=1332974.410224, maxRC=405241.079766, +30 cols
    [CG]   [DIAG] iter=3 posCols=30 newCols=30 effImprove=30 updated=0
    [CG] CG iter 4: obj=1425882.524742, maxRC=236641.829279, +22 cols
    [CG]   [DIAG] iter=4 posCols=22 newCols=21 effImprove=22 updated=1
    [CG] CG iter 5: obj=1460300.916220, maxRC=285343.119205, +23 cols
    [CG]   [DIAG] iter=5 posCols=23 newCols=23 effImprove=23 updated=0
    [CG] CG iter 6: obj=1554681.759381, maxRC=212564.377863, +22 cols
    [CG]   [DIAG] iter=6 posCols=22 newCols=22 effImprove=22 updated=0
    [CG] CG iter 7: obj=1627766.467596, maxRC=155132.641167, +16 cols
    [CG]   [DIAG] iter=7 posCols=16 newCols=15 effImprove=16 updated=1
    [CG] CG iter 8: obj=1639592.542932, maxRC=65185.304561, +18 cols
    [CG]   [DIAG] iter=8 posCols=18 newCols=18 effImprove=18 updated=0
    [CG] CG iter 9: obj=1661555.613297, maxRC=57805.760408, +18 cols
    [CG]   [DIAG] iter=9 posCols=18 newCols=18 effImprove=18 updated=0
    [CG] CG iter 10: obj=1664587.265386, maxRC=63491.867182, +14 cols
    [CG]   [DIAG] iter=10 posCols=14 newCols=14 effImprove=14 updated=0
    [CG] CG iter 11: obj=1677461.693169, maxRC=28755.873189, +12 cols
    [CG]   [DIAG] iter=11 posCols=12 newCols=12 effImprove=12 updated=0
    [CG] CG iter 12: obj=1693686.551079, maxRC=36814.876046, +8 cols
    [CG]   [DIAG] iter=12 posCols=8 newCols=8 effImprove=8 updated=0
    [CG] CG iter 13: obj=1698067.918073, maxRC=23551.224923, +9 cols
    [CG]   [DIAG] iter=13 posCols=9 newCols=8 effImprove=9 updated=1
    [CG] CG iter 14: obj=1703524.130405, maxRC=13594.429642, +2 cols
    [CG]   [DIAG] iter=14 posCols=2 newCols=2 effImprove=2 updated=0
    [CG] CG iter 15: obj=1717118.560047, maxRC=13287.010333, +5 cols
    [CG]   [DIAG] iter=15 posCols=5 newCols=5 effImprove=5 updated=0
    [CG] CG iter 16: obj=1717118.560047, maxRC=10003.562987, +2 cols
    [CG]   [DIAG] iter=16 posCols=2 newCols=2 effImprove=2 updated=0
    [CG] 列生成收敛，共 17 轮迭代
    [CG] [CG-NODE] depth=0 exit=CERTIFIED certified=1 feasible=1 iters=17 generatedColsBeforeNode=0 newCols=258 posCandidates=261 duplicateCandidates=3 updatedCols=3 zeroObjImproveIters=2 objFirst=729083.653985 objLast=1717118.560047 objGain=988034.906062 maxRC=953639.570502 wallSec=0.148786 pricingSec=0.135924 cplexSolveSec=0.007724
      [BB] 根节点即为整数解，obj=1717118.560047
