    [CG] 列生成开始，初始列数=310
    [CG] CG iter 1: obj=1035610.856092, maxRC=1326620.726809, +30 cols
    [CG]   [DIAG] iter=1 posCols=30 newCols=30 effImprove=30 updated=0
    [CG] CG iter 2: obj=1683614.300042, maxRC=366793.682513, +30 cols
    [CG]   [DIAG] iter=2 posCols=30 newCols=30 effImprove=30 updated=0
    [CG] CG iter 3: obj=1922833.247821, maxRC=375945.818894, +30 cols
    [CG]   [DIAG] iter=3 posCols=30 newCols=30 effImprove=30 updated=0
    [CG] CG iter 4: obj=2019968.948427, maxRC=238448.654307, +30 cols
    [CG]   [DIAG] iter=4 posCols=30 newCols=30 effImprove=30 updated=0
    [CG] CG iter 5: obj=2106264.300429, maxRC=182278.642336, +27 cols
    [CG]   [DIAG] iter=5 posCols=27 newCols=27 effImprove=27 updated=0
    [CG] CG iter 6: obj=2191271.830278, maxRC=195510.721212, +28 cols
    [CG]   [DIAG] iter=6 posCols=28 newCols=28 effImprove=28 updated=0
    [CG] CG iter 7: obj=2221875.104701, maxRC=109121.614312, +26 cols
    [CG]   [DIAG] iter=7 posCols=26 newCols=26 effImprove=26 updated=0
    [CG] CG iter 8: obj=2299593.786819, maxRC=79608.692587, +23 cols
    [CG]   [DIAG] iter=8 posCols=23 newCols=23 effImprove=23 updated=0
    [CG] CG iter 9: obj=2347431.110403, maxRC=97539.911293, +24 cols
    [CG]   [DIAG] iter=9 posCols=24 newCols=24 effImprove=24 updated=0
    [CG] CG iter 10: obj=2406356.281224, maxRC=49676.305149, +21 cols
    [CG]   [DIAG] iter=10 posCols=21 newCols=21 effImprove=21 updated=0
    [CG] CG iter 11: obj=2406356.281224, maxRC=43029.485617, +18 cols
    [CG]   [DIAG] iter=11 posCols=18 newCols=18 effImprove=18 updated=0
    [CG] CG iter 12: obj=2410176.763855, maxRC=25143.344378, +13 cols
    [CG]   [DIAG] iter=12 posCols=13 newCols=13 effImprove=13 updated=0
    [CG] CG iter 13: obj=2435227.040661, maxRC=11686.950988, +8 cols
    [CG]   [DIAG] iter=13 posCols=8 newCols=7 effImprove=8 updated=1
    [CG] CG iter 14: obj=2435227.040661, maxRC=3711.601297, +4 cols
    [CG]   [DIAG] iter=14 posCols=4 newCols=4 effImprove=4 updated=0
    [CG] CG iter 15: obj=2435227.040661, maxRC=431.636308, +1 cols
    [CG]   [DIAG] iter=15 posCols=1 newCols=1 effImprove=1 updated=0
    [CG] 列生成收敛，共 16 轮迭代
    [CG] [CG-NODE] depth=0 exit=CERTIFIED certified=1 feasible=1 iters=16 generatedColsBeforeNode=0 newCols=312 posCandidates=313 duplicateCandidates=1 updatedCols=1 zeroObjImproveIters=4 objFirst=1035610.856092 objLast=2435227.040661 objGain=1399616.184569 maxRC=1326620.726809 wallSec=0.213538 pricingSec=0.200609 cplexSolveSec=0.007929
      [BB] 根节点即为整数解，obj=2435227.040661
