    [CG] 列生成开始，初始列数=310
    [CG] CG iter 1: obj=1045943.030679, maxRC=1365670.782071, +30 cols
    [CG]   [DIAG] iter=1 posCols=30 newCols=30 effImprove=30 updated=0
    [CG] CG iter 2: obj=1716280.261030, maxRC=362666.578413, +30 cols
    [CG]   [DIAG] iter=2 posCols=30 newCols=30 effImprove=30 updated=0
    [CG] CG iter 3: obj=1879150.910842, maxRC=366424.091362, +30 cols
    [CG]   [DIAG] iter=3 posCols=30 newCols=30 effImprove=30 updated=0
    [CG] CG iter 4: obj=2084572.733503, maxRC=274094.827846, +30 cols
    [CG]   [DIAG] iter=4 posCols=30 newCols=30 effImprove=30 updated=0
    [CG] CG iter 5: obj=2136962.240963, maxRC=159401.344896, +26 cols
    [CG]   [DIAG] iter=5 posCols=26 newCols=26 effImprove=26 updated=0
    [CG] CG iter 6: obj=2238922.721358, maxRC=133357.213742, +24 cols
    [CG]   [DIAG] iter=6 posCols=24 newCols=23 effImprove=24 updated=1
    [CG] CG iter 7: obj=2297539.252613, maxRC=110362.093102, +26 cols
    [CG]   [DIAG] iter=7 posCols=26 newCols=26 effImprove=26 updated=0
    [CG] CG iter 8: obj=2361013.855572, maxRC=86077.097101, +19 cols
    [CG]   [DIAG] iter=8 posCols=19 newCols=19 effImprove=19 updated=0
    [CG] CG iter 9: obj=2402412.111252, maxRC=56529.071941, +20 cols
    [CG]   [DIAG] iter=9 posCols=20 newCols=20 effImprove=20 updated=0
    [CG] CG iter 10: obj=2412991.198901, maxRC=57457.601233, +15 cols
    [CG]   [DIAG] iter=10 posCols=15 newCols=15 effImprove=15 updated=0
    [CG] CG iter 11: obj=2420460.274547, maxRC=44862.090713, +16 cols
    [CG]   [DIAG] iter=11 posCols=16 newCols=15 effImprove=16 updated=1
    [CG] CG iter 12: obj=2462812.479016, maxRC=28871.473632, +7 cols
    [CG]   [DIAG] iter=12 posCols=7 newCols=7 effImprove=7 updated=0
    [CG] CG iter 13: obj=2462812.479016, maxRC=33306.641316, +5 cols
    [CG]   [DIAG] iter=13 posCols=5 newCols=4 effImprove=5 updated=1
    [CG] CG iter 14: obj=2462812.479016, maxRC=19880.828892, +6 cols
    [CG]   [DIAG] iter=14 posCols=6 newCols=4 effImprove=6 updated=2
    [CG] CG iter 15: obj=2462812.479016, maxRC=10668.750101, +3 cols
    [CG]   [DIAG] iter=15 posCols=3 newCols=3 effImprove=3 updated=0
    [CG] CG iter 16: obj=2462812.479016, maxRC=5180.975326, +2 cols
    [CG]   [DIAG] iter=16 posCols=2 newCols=2 effImprove=2 updated=0
    [CG] CG iter 17: obj=2462812.479016, maxRC=495.198747, +2 cols
    [CG]   [DIAG] iter=17 posCols=2 newCols=2 effImprove=2 updated=0
    [CG] 列生成收敛，共 18 轮迭代
    [CG] [CG-NODE] depth=0 exit=CERTIFIED certified=1 feasible=1 iters=18 generatedColsBeforeNode=0 newCols=286 posCandidates=291 duplicateCandidates=5 updatedCols=5 zeroObjImproveIters=6 objFirst=1045943.030679 objLast=2462812.479016 objGain=1416869.448337 maxRC=1365670.782071 wallSec=0.205981 pricingSec=0.174561 cplexSolveSec=0.007627
      [BB] 根节点即为整数解，obj=2462812.479016
