    [CG] 列生成开始，初始列数=310
    [CG] CG iter 1: obj=1045757.932320, maxRC=1362419.016508, +30 cols
    [CG]   [DIAG] iter=1 posCols=30 newCols=30 effImprove=30 updated=0
    [CG] CG iter 2: obj=1713132.555815, maxRC=363000.974360, +30 cols
    [CG]   [DIAG] iter=2 posCols=30 newCols=30 effImprove=30 updated=0
    [CG] CG iter 3: obj=1876895.145190, maxRC=371849.871317, +30 cols
    [CG]   [DIAG] iter=3 posCols=30 newCols=30 effImprove=30 updated=0
    [CG] CG iter 4: obj=2017253.673877, maxRC=263350.416558, +30 cols
    [CG]   [DIAG] iter=4 posCols=30 newCols=30 effImprove=30 updated=0
    [CG] CG iter 5: obj=2179131.009559, maxRC=121236.994272, +25 cols
    [CG]   [DIAG] iter=5 posCols=25 newCols=25 effImprove=25 updated=0
    [CG] CG iter 6: obj=2265922.084007, maxRC=159326.769943, +23 cols
    [CG]   [DIAG] iter=6 posCols=23 newCols=23 effImprove=23 updated=0
    [CG] CG iter 7: obj=2387035.627612, maxRC=73338.253621, +21 cols
    [CG]   [DIAG] iter=7 posCols=21 newCols=21 effImprove=21 updated=0
    [CG] CG iter 8: obj=2397099.519321, maxRC=51509.743566, +13 cols
    [CG]   [DIAG] iter=8 posCols=13 newCols=13 effImprove=13 updated=0
    [CG] CG iter 9: obj=2397099.519321, maxRC=55733.217452, +18 cols
    [CG]   [DIAG] iter=9 posCols=18 newCols=18 effImprove=18 updated=0
    [CG] CG iter 10: obj=2423439.101200, maxRC=35427.076724, +15 cols
    [CG]   [DIAG] iter=10 posCols=15 newCols=14 effImprove=15 updated=1
    [CG] CG iter 11: obj=2450730.258781, maxRC=25601.696649, +14 cols
    [CG]   [DIAG] iter=11 posCols=14 newCols=13 effImprove=14 updated=1
    [CG] CG iter 12: obj=2463842.790677, maxRC=19759.749513, +8 cols
    [CG]   [DIAG] iter=12 posCols=8 newCols=8 effImprove=8 updated=0
    [CG] CG iter 13: obj=2463842.790677, maxRC=5657.474693, +2 cols
    [CG]   [DIAG] iter=13 posCols=2 newCols=2 effImprove=2 updated=0
    [CG] CG iter 14: obj=2463842.790677, maxRC=2485.080023, +2 cols
    [CG]   [DIAG] iter=14 posCols=2 newCols=2 effImprove=2 updated=0
    [CG] CG iter 15: obj=2463842.790677, maxRC=751.262214, +1 cols
    [CG]   [DIAG] iter=15 posCols=1 newCols=1 effImprove=1 updated=0
    [CG] CG iter 16: obj=2463842.790677, maxRC=496.952515, +1 cols
    [CG]   [DIAG] iter=16 posCols=1 newCols=0 effImprove=1 updated=1
    [CG] 列生成收敛，共 17 轮迭代
    [CG] [CG-NODE] depth=0 exit=CERTIFIED certified=1 feasible=1 iters=17 generatedColsBeforeNode=0 newCols=260 posCandidates=263 duplicateCandidates=3 updatedCols=3 zeroObjImproveIters=6 objFirst=1045757.932320 objLast=2463842.790677 objGain=1418084.858357 maxRC=1362419.016508 wallSec=0.156553 pricingSec=0.147735 cplexSolveSec=0.005828
      [BB] 根节点即为整数解，obj=2463842.790677
