    [CG] 列生成开始，初始列数=310
    [CG] CG iter 1: obj=1025280.400776, maxRC=1232930.457524, +30 cols
    [CG]   [DIAG] iter=1 posCols=30 newCols=30 effImprove=30 updated=0
    [CG] CG iter 2: obj=1594191.553367, maxRC=356026.211057, +30 cols
    [CG]   [DIAG] iter=2 posCols=30 newCols=30 effImprove=30 updated=0
    [CG] CG iter 3: obj=1821994.106292, maxRC=543008.233878, +30 cols
    [CG]   [DIAG] iter=3 posCols=30 newCols=30 effImprove=30 updated=0
    [CG] CG iter 4: obj=2010462.677470, maxRC=265318.316755, +30 cols
    [CG]   [DIAG] iter=4 posCols=30 newCols=30 effImprove=30 updated=0
    [CG] CG iter 5: obj=2071856.425642, maxRC=142749.781069, +29 cols
    [CG]   [DIAG] iter=5 posCols=29 newCols=29 effImprove=29 updated=0
    [CG] CG iter 6: obj=2193409.964655, maxRC=119507.048688, +27 cols
    [CG]   [DIAG] iter=6 posCols=27 newCols=27 effImprove=27 updated=0
    [CG] CG iter 7: obj=2278448.306784, maxRC=69599.581700, +26 cols
    [CG]   [DIAG] iter=7 posCols=26 newCols=26 effImprove=26 updated=0
    [CG] CG iter 8: obj=2317072.446199, maxRC=63475.111401, +25 cols
    [CG]   [DIAG] iter=8 posCols=25 newCols=25 effImprove=25 updated=0
    [CG] CG iter 9: obj=2368601.062452, maxRC=42630.083682, +21 cols
    [CG]   [DIAG] iter=9 posCols=21 newCols=21 effImprove=21 updated=0
    [CG] CG iter 10: obj=2384826.140136, maxRC=49998.493914, +18 cols
    [CG]   [DIAG] iter=10 posCols=18 newCols=18 effImprove=18 updated=0
    [CG] CG iter 11: obj=2420172.132036, maxRC=12341.260875, +7 cols
    [CG]   [DIAG] iter=11 posCols=7 newCols=6 effImprove=7 updated=1
    [CG] CG iter 12: obj=2420172.132036, maxRC=9038.675577, +5 cols
    [CG]   [DIAG] iter=12 posCols=5 newCols=5 effImprove=5 updated=0
    [CG] CG iter 13: obj=2420172.132036, maxRC=9246.478875, +1 cols
    [CG]   [DIAG] iter=13 posCols=1 newCols=1 effImprove=1 updated=0
    [CG] 列生成收敛，共 14 轮迭代
    [CG] [CG-NODE] depth=0 exit=CERTIFIED certified=1 feasible=1 iters=14 generatedColsBeforeNode=0 newCols=278 posCandidates=279 duplicateCandidates=1 updatedCols=1 zeroObjImproveIters=2 objFirst=1025280.400776 objLast=2427930.055871 objGain=1402649.655094 maxRC=1232930.457524 wallSec=0.264107 pricingSec=0.252418 cplexSolveSec=0.006839
      [BB] 根节点即为整数解，obj=2427930.055871
