    [CG] 列生成开始，初始列数=310
    [CG] CG iter 1: obj=1042241.771227, maxRC=1326612.981971, +30 cols
    [CG]   [DIAG] iter=1 posCols=30 newCols=30 effImprove=30 updated=0
    [CG] CG iter 2: obj=1710093.744876, maxRC=315345.537742, +30 cols
    [CG]   [DIAG] iter=2 posCols=30 newCols=30 effImprove=30 updated=0
    [CG] CG iter 3: obj=1981215.343773, maxRC=392566.534806, +30 cols
    [CG]   [DIAG] iter=3 posCols=30 newCols=30 effImprove=30 updated=0
    [CG] CG iter 4: obj=2079705.188995, maxRC=242946.401420, +26 cols
    [CG]   [DIAG] iter=4 posCols=26 newCols=26 effImprove=26 updated=0
    [CG] CG iter 5: obj=2143763.508806, maxRC=135619.023540, +26 cols
    [CG]   [DIAG] iter=5 posCols=26 newCols=26 effImprove=26 updated=0
    [CG] CG iter 6: obj=2222495.891828, maxRC=115826.087493, +23 cols
    [CG]   [DIAG] iter=6 posCols=23 newCols=23 effImprove=23 updated=0
    [CG] CG iter 7: obj=2282986.047631, maxRC=106380.762459, +19 cols
    [CG]   [DIAG] iter=7 posCols=19 newCols=19 effImprove=19 updated=0
    [CG] CG iter 8: obj=2384916.470485, maxRC=121726.181871, +21 cols
    [CG]   [DIAG] iter=8 posCols=21 newCols=21 effImprove=21 updated=0
    [CG] CG iter 9: obj=2412373.442861, maxRC=46533.577109, +17 cols
    [CG]   [DIAG] iter=9 posCols=17 newCols=17 effImprove=17 updated=0
    [CG] CG iter 10: obj=2412373.442861, maxRC=18052.872078, +8 cols
    [CG]   [DIAG] iter=10 posCols=8 newCols=7 effImprove=8 updated=1
    [CG] CG iter 11: obj=2412373.442861, maxRC=11462.036557, +7 cols
    [CG]   [DIAG] iter=11 posCols=7 newCols=7 effImprove=7 updated=0
    [CG] CG iter 12: obj=2414824.358487, maxRC=9647.492589, +5 cols
    [CG]   [DIAG] iter=12 posCols=5 newCols=4 effImprove=5 updated=1
    [CG] CG iter 13: obj=2435485.972193, maxRC=6603.803243, +2 cols
    [CG]   [DIAG] iter=13 posCols=2 newCols=2 effImprove=2 updated=0
    [CG] 列生成收敛，共 14 轮迭代
    [CG] [CG-NODE] depth=0 exit=CERTIFIED certified=1 feasible=1 iters=14 generatedColsBeforeNode=0 newCols=242 posCandidates=244 duplicateCandidates=2 updatedCols=2 zeroObjImproveIters=3 objFirst=1042241.771227 objLast=2435485.972193 objGain=1393244.200966 maxRC=1326612.981971 wallSec=0.186172 pricingSec=0.156583 cplexSolveSec=0.006411
      [BB] 根节点即为整数解，obj=2435485.972193
