    [CG] 列生成开始，初始列数=310
    [CG] CG iter 1: obj=1031532.914443, maxRC=1378583.752844, +30 cols
    [CG]   [DIAG] iter=1 posCols=30 newCols=30 effImprove=30 updated=0
    [CG] CG iter 2: obj=1717543.632158, maxRC=360211.840286, +30 cols
    [CG]   [DIAG] iter=2 posCols=30 newCols=30 effImprove=30 updated=0
    [CG] CG iter 3: obj=1887884.750419, maxRC=441472.793607, +30 cols
    [CG]   [DIAG] iter=3 posCols=30 newCols=30 effImprove=30 updated=0
    [CG] CG iter 4: obj=2068301.815625, maxRC=162487.541362, +28 cols
    [CG]   [DIAG] iter=4 posCols=28 newCols=28 effImprove=28 updated=0
    [CG] CG iter 5: obj=2164190.672948, maxRC=219297.228820, +27 cols
    [CG]   [DIAG] iter=5 posCols=27 newCols=27 effImprove=27 updated=0
    [CG] CG iter 6: obj=2267246.625430, maxRC=103668.018157, +23 cols
    [CG]   [DIAG] iter=6 posCols=23 newCols=22 effImprove=23 updated=1
    [CG] CG iter 7: obj=2366260.220643, maxRC=95912.450521, +22 cols
    [CG]   [DIAG] iter=7 posCols=22 newCols=22 effImprove=22 updated=0
    [CG] CG iter 8: obj=2407398.007767, maxRC=58717.345663, +17 cols
    [CG]   [DIAG] iter=8 posCols=17 newCols=17 effImprove=17 updated=0
    [CG] CG iter 9: obj=2407398.007767, maxRC=39729.802147, +17 cols
    [CG]   [DIAG] iter=9 posCols=17 newCols=17 effImprove=17 updated=0
    [CG] CG iter 10: obj=2433096.095609, maxRC=58605.584243, +18 cols
    [CG]   [DIAG] iter=10 posCols=18 newCols=18 effImprove=18 updated=0
    [CG] CG iter 11: obj=2457976.279741, maxRC=44927.268772, +12 cols
    [CG]   [DIAG] iter=11 posCols=12 newCols=12 effImprove=12 updated=0
    [CG] CG iter 12: obj=2457976.279741, maxRC=4405.735727, +6 cols
    [CG]   [DIAG] iter=12 posCols=6 newCols=5 effImprove=6 updated=1
    [CG] CG iter 13: obj=2457976.279741, maxRC=1910.954995, +3 cols
    [CG]   [DIAG] iter=13 posCols=3 newCols=3 effImprove=3 updated=0
    [CG] CG iter 14: obj=2458303.356830, maxRC=363.617412, +1 cols
    [CG]   [DIAG] iter=14 posCols=1 newCols=1 effImprove=1 updated=0
    [CG] 列生成收敛，共 15 轮迭代
    [CG] [CG-NODE] depth=0 exit=CERTIFIED certified=1 feasible=1 iters=15 generatedColsBeforeNode=0 newCols=262 posCandidates=264 duplicateCandidates=2 updatedCols=2 zeroObjImproveIters=4 objFirst=1031532.914443 objLast=2458303.356830 objGain=1426770.442386 maxRC=1378583.752844 wallSec=0.174755 pricingSec=0.165323 cplexSolveSec=0.005850
      [BB] 根节点即为整数解，obj=2458303.356830
