    [CG] 列生成开始，初始列数=310
    [CG] CG iter 1: obj=695043.361208, maxRC=1652071.296182, +27 cols
    [CG]   [DIAG] iter=1 posCols=27 newCols=27 effImprove=27 updated=0
    [CG] CG iter 2: obj=2117414.740209, maxRC=944941.143942, +24 cols
    [CG]   [DIAG] iter=2 posCols=24 newCols=24 effImprove=24 updated=0
    [CG] CG iter 3: obj=2117414.740209, maxRC=734275.663420, +24 cols
    [CG]   [DIAG] iter=3 posCols=24 newCols=24 effImprove=24 updated=0
    [CG] CG iter 4: obj=2117414.740209, maxRC=570149.308376, +24 cols
    [CG]   [DIAG] iter=4 posCols=24 newCols=24 effImprove=24 updated=0
    [CG] CG iter 5: obj=2117414.740209, maxRC=477327.055254, +24 cols
    [CG]   [DIAG] iter=5 posCols=24 newCols=24 effImprove=24 updated=0
    [CG] CG iter 6: obj=2123919.022915, maxRC=431545.193880, +19 cols
    [CG]   [DIAG] iter=6 posCols=19 newCols=19 effImprove=19 updated=0
    [CG] CG iter 7: obj=2123919.022915, maxRC=383659.552729, +14 cols
    [CG]   [DIAG] iter=7 posCols=14 newCols=14 effImprove=14 updated=0
    [CG] CG iter 8: obj=2123919.022915, maxRC=432884.388223, +17 cols
    [CG]   [DIAG] iter=8 posCols=17 newCols=17 effImprove=17 updated=0
    [CG] CG iter 9: obj=2123919.022915, maxRC=384189.992919, +13 cols
    [CG]   [DIAG] iter=9 posCols=13 newCols=13 effImprove=13 updated=0
    [CG] CG iter 10: obj=2145501.511540, maxRC=295057.223682, +14 cols
    [CG]   [DIAG] iter=10 posCols=14 newCols=14 effImprove=14 updated=0
    [CG] CG iter 11: obj=2188441.209068, maxRC=280615.364686, +15 cols
    [CG]   [DIAG] iter=11 posCols=15 newCols=15 effImprove=15 updated=0
    [CG] CG iter 12: obj=2238832.494350, maxRC=298579.568322, +14 cols
    [CG]   [DIAG] iter=12 posCols=14 newCols=14 effImprove=14 updated=0
    [CG] CG iter 13: obj=2251516.424265, maxRC=233493.601444, +12 cols
    [CG]   [DIAG] iter=13 posCols=12 newCols=12 effImprove=12 updated=0
    [CG] CG iter 14: obj=2286094.479220, maxRC=169713.126864, +12 cols
    [CG]   [DIAG] iter=14 posCols=12 newCols=12 effImprove=12 updated=0
    [CG] CG iter 15: obj=2320094.671962, maxRC=151547.524546, +12 cols
    [CG]   [DIAG] iter=15 posCols=12 newCols=12 effImprove=12 updated=0
    [CG] CG iter 16: obj=2321522.990988, maxRC=186136.453110, +12 cols
    [CG]   [DIAG] iter=16 posCols=12 newCols=12 effImprove=12 updated=0
    [CG] CG iter 17: obj=2335087.521475, maxRC=186530.071574, +12 cols
    [CG]   [DIAG] iter=17 posCols=12 newCols=12 effImprove=12 updated=0
    [CG] CG iter 18: obj=2345229.868529, maxRC=132237.000225, +11 cols
    [CG]   [DIAG] iter=18 posCols=11 newCols=10 effImprove=11 updated=1
    [CG] CG iter 19: obj=2352080.250150, maxRC=133862.260272, +11 cols
    [CG]   [DIAG] iter=19 posCols=11 newCols=11 effImprove=11 updated=0
    [CG] CG iter 20: obj=2357807.765250, maxRC=86481.727777, +9 cols
    [CG]   [DIAG] iter=20 posCols=9 newCols=9 effImprove=9 updated=0
    [CG] CG iter 21: obj=2364102.936917, maxRC=82523.796199, +9 cols
    [CG]   [DIAG] iter=21 posCols=9 newCols=9 effImprove=9 updated=0
    [CG] CG iter 22: obj=2367125.978048, maxRC=56237.379752, +12 cols
    [CG]   [DIAG] iter=22 posCols=12 newCols=12 effImprove=12 updated=0
    [CG] CG iter 23: obj=2372558.309732, maxRC=47210.456957, +9 cols
    [CG]   [DIAG] iter=23 posCols=9 newCols=9 effImprove=9 updated=0
    [CG] CG iter 24: obj=2380523.450114, maxRC=57497.798877, +9 cols
    [CG]   [DIAG] iter=24 posCols=9 newCols=9 effImprove=9 updated=0
    [CG] CG iter 25: obj=2389988.905554, maxRC=46804.760841, +9 cols
    [CG]   [DIAG] iter=25 posCols=9 newCols=9 effImprove=9 updated=0
    [CG] CG iter 26: obj=2394545.557525, maxRC=46054.358765, +9 cols
    [CG]   [DIAG] iter=26 posCols=9 newCols=9 effImprove=9 updated=0
    [CG] CG iter 27: obj=2397406.705728, maxRC=22810.093737, +9 cols
    [CG]   [DIAG] iter=27 posCols=9 newCols=9 effImprove=9 updated=0
    [CG] CG iter 28: obj=2414078.036423, maxRC=44939.402631, +9 cols
    [CG]   [DIAG] iter=28 posCols=9 newCols=9 effImprove=9 updated=0
    [CG] CG iter 29: obj=2414078.036423, maxRC=47707.895155, +9 cols
    [CG]   [DIAG] iter=29 posCols=9 newCols=9 effImprove=9 updated=0
    [CG] CG iter 30: obj=2414902.661497, maxRC=49080.912782, +9 cols
    [CG]   [DIAG] iter=30 posCols=9 newCols=9 effImprove=9 updated=0
    [CG] CG iter 31: obj=2415991.465385, maxRC=45708.885519, +9 cols
    [CG]   [DIAG] iter=31 posCols=9 newCols=9 effImprove=9 updated=0
    [CG] CG iter 32: obj=2417221.481046, maxRC=32841.775630, +9 cols
    [CG]   [DIAG] iter=32 posCols=9 newCols=9 effImprove=9 updated=0
    [CG] CG iter 33: obj=2418382.277845, maxRC=15699.797818, +6 cols
    [CG]   [DIAG] iter=33 posCols=6 newCols=6 effImprove=6 updated=0
    [CG] CG iter 34: obj=2418849.995218, maxRC=20031.017778, +7 cols
    [CG]   [DIAG] iter=34 posCols=7 newCols=7 effImprove=7 updated=0
    [CG] CG iter 35: obj=2421604.491187, maxRC=15922.379058, +7 cols
    [CG]   [DIAG] iter=35 posCols=7 newCols=7 effImprove=7 updated=0
    [CG] CG iter 36: obj=2423170.730715, maxRC=9540.016149, +7 cols
    [CG]   [DIAG] iter=36 posCols=7 newCols=7 effImprove=7 updated=0
    [CG] CG iter 37: obj=2423170.730715, maxRC=12164.394113, +7 cols
    [CG]   [DIAG] iter=37 posCols=7 newCols=7 effImprove=7 updated=0
    [CG] CG iter 38: obj=2423170.730715, maxRC=5108.927177, +6 cols
    [CG]   [DIAG] iter=38 posCols=6 newCols=6 effImprove=6 updated=0
    [CG] CG iter 39: obj=2423170.730715, maxRC=4192.998946, +5 cols
    [CG]   [DIAG] iter=39 posCols=5 newCols=5 effImprove=5 updated=0
    [CG] CG iter 40: obj=2427363.729661, maxRC=5598.796316, +5 cols
    [CG]   [DIAG] iter=40 posCols=5 newCols=5 effImprove=5 updated=0
    [CG] CG iter 41: obj=2427363.729661, maxRC=1621.294775, +5 cols
    [CG]   [DIAG] iter=41 posCols=5 newCols=5 effImprove=5 updated=0
    [CG] CG iter 42: obj=2427363.729661, maxRC=2281.287854, +3 cols
    [CG]   [DIAG] iter=42 posCols=3 newCols=3 effImprove=3 updated=0
    [CG] CG iter 43: obj=2427363.729661, maxRC=2390.089266, +2 cols
    [CG]   [DIAG] iter=43 posCols=2 newCols=2 effImprove=2 updated=0
    [CG] CG iter 44: obj=2427363.729661, maxRC=1986.234417, +2 cols
    [CG]   [DIAG] iter=44 posCols=2 newCols=2 effImprove=2 updated=0
    [CG] CG iter 45: obj=2427363.729661, maxRC=1588.316470, +2 cols
    [CG]   [DIAG] iter=45 posCols=2 newCols=2 effImprove=2 updated=0
    [CG] CG iter 46: obj=2427363.729661, maxRC=3043.811516, +2 cols
    [CG]   [DIAG] iter=46 posCols=2 newCols=2 effImprove=2 updated=0
    [CG] CG iter 47: obj=2427363.729661, maxRC=2723.477287, +2 cols
    [CG]   [DIAG] iter=47 posCols=2 newCols=2 effImprove=2 updated=0
    [CG] CG iter 48: obj=2427363.729661, maxRC=488.006777, +2 cols
    [CG]   [DIAG] iter=48 posCols=2 newCols=2 effImprove=2 updated=0
    [CG] CG iter 49: obj=2427363.729661, maxRC=113.340702, +1 cols
    [CG]   [DIAG] iter=49 posCols=1 newCols=1 effImprove=1 updated=0
    [CG] CG iter 50: obj=2427363.729661, maxRC=101.157767, +1 cols
    [CG]   [DIAG] iter=50 posCols=1 newCols=1 effImprove=1 updated=0
    [CG] CG iter 51: obj=2427363.729661, maxRC=62.355842, +1 cols
    [CG]   [DIAG] iter=51 posCols=1 newCols=1 effImprove=1 updated=0
    [CG] 列生成收敛，共 52 轮迭代
    [CG] [CG-NODE] depth=0 exit=CERTIFIED certified=1 feasible=1 iters=52 generatedColsBeforeNode=0 newCols=503 posCandidates=504 duplicateCandidates=1 updatedCols=1 zeroObjImproveIters=22 objFirst=695043.361208 objLast=2427363.729661 objGain=1732320.368453 maxRC=1652071.296182 wallSec=0.606615 pricingSec=0.556844 cplexSolveSec=0.023080
      [BB] 根节点即为整数解，obj=2427363.729661
