    [CG] 列生成开始，初始列数=310
    [CG] CG iter 1: obj=613682.299831, maxRC=1727902.264548, +27 cols
    [CG]   [DIAG] iter=1 posCols=27 newCols=27 effImprove=27 updated=0
    [CG] CG iter 2: obj=2085742.092970, maxRC=720683.948989, +24 cols
    [CG]   [DIAG] iter=2 posCols=24 newCols=24 effImprove=24 updated=0
    [CG] CG iter 3: obj=2085742.092970, maxRC=528467.578504, +21 cols
    [CG]   [DIAG] iter=3 posCols=21 newCols=21 effImprove=21 updated=0
    [CG] CG iter 4: obj=2100823.734156, maxRC=523049.657988, +19 cols
    [CG]   [DIAG] iter=4 posCols=19 newCols=18 effImprove=19 updated=1
    [CG] CG iter 5: obj=2105595.053860, maxRC=400319.414790, +12 cols
    [CG]   [DIAG] iter=5 posCols=12 newCols=12 effImprove=12 updated=0
    [CG] CG iter 6: obj=2105595.053860, maxRC=445308.182768, +16 cols
    [CG]   [DIAG] iter=6 posCols=16 newCols=16 effImprove=16 updated=0
    [CG] CG iter 7: obj=2105595.053860, maxRC=333404.188442, +13 cols
    [CG]   [DIAG] iter=7 posCols=13 newCols=13 effImprove=13 updated=0
    [CG] CG iter 8: obj=2105595.053860, maxRC=465344.103147, +19 cols
    [CG]   [DIAG] iter=8 posCols=19 newCols=19 effImprove=19 updated=0
    [CG] CG iter 9: obj=2105595.053860, maxRC=548077.737055, +20 cols
    [CG]   [DIAG] iter=9 posCols=20 newCols=20 effImprove=20 updated=0
    [CG] CG iter 10: obj=2145344.144717, maxRC=261435.288794, +13 cols
    [CG]   [DIAG] iter=10 posCols=13 newCols=12 effImprove=13 updated=1
    [CG] CG iter 11: obj=2252985.188254, maxRC=512732.724345, +21 cols
    [CG]   [DIAG] iter=11 posCols=21 newCols=21 effImprove=21 updated=0
    [CG] CG iter 12: obj=2262730.692030, maxRC=418895.702747, +19 cols
    [CG]   [DIAG] iter=12 posCols=19 newCols=19 effImprove=19 updated=0
    [CG] CG iter 13: obj=2276593.332985, maxRC=306842.404720, +14 cols
    [CG]   [DIAG] iter=13 posCols=14 newCols=14 effImprove=14 updated=0
    [CG] CG iter 14: obj=2283912.478366, maxRC=257322.679854, +13 cols
    [CG]   [DIAG] iter=14 posCols=13 newCols=13 effImprove=13 updated=0
    [CG] CG iter 15: obj=2292887.908148, maxRC=174690.940795, +12 cols
    [CG]   [DIAG] iter=15 posCols=12 newCols=12 effImprove=12 updated=0
    [CG] CG iter 16: obj=2301456.052338, maxRC=161850.189929, +12 cols
    [CG]   [DIAG] iter=16 posCols=12 newCols=12 effImprove=12 updated=0
    [CG] CG iter 17: obj=2311964.304324, maxRC=133269.426390, +12 cols
    [CG]   [DIAG] iter=17 posCols=12 newCols=12 effImprove=12 updated=0
    [CG] CG iter 18: obj=2314829.557072, maxRC=118155.202871, +12 cols
    [CG]   [DIAG] iter=18 posCols=12 newCols=12 effImprove=12 updated=0
    [CG] CG iter 19: obj=2328118.938601, maxRC=129034.582103, +12 cols
    [CG]   [DIAG] iter=19 posCols=12 newCols=12 effImprove=12 updated=0
    [CG] CG iter 20: obj=2338950.203196, maxRC=124948.312439, +11 cols
    [CG]   [DIAG] iter=20 posCols=11 newCols=11 effImprove=11 updated=0
    [CG] CG iter 21: obj=2347323.429751, maxRC=112971.689800, +12 cols
    [CG]   [DIAG] iter=21 posCols=12 newCols=12 effImprove=12 updated=0
    [CG] CG iter 22: obj=2352446.210670, maxRC=107088.582702, +12 cols
    [CG]   [DIAG] iter=22 posCols=12 newCols=12 effImprove=12 updated=0
    [CG] CG iter 23: obj=2357633.522068, maxRC=85407.387078, +11 cols
    [CG]   [DIAG] iter=23 posCols=11 newCols=11 effImprove=11 updated=0
    [CG] CG iter 24: obj=2362094.799257, maxRC=75898.178783, +12 cols
    [CG]   [DIAG] iter=24 posCols=12 newCols=12 effImprove=12 updated=0
    [CG] CG iter 25: obj=2371066.511684, maxRC=64815.436515, +12 cols
    [CG]   [DIAG] iter=25 posCols=12 newCols=12 effImprove=12 updated=0
    [CG] CG iter 26: obj=2375822.422766, maxRC=71110.348148, +9 cols
    [CG]   [DIAG] iter=26 posCols=9 newCols=9 effImprove=9 updated=0
    [CG] CG iter 27: obj=2381241.748045, maxRC=53766.191863, +10 cols
    [CG]   [DIAG] iter=27 posCols=10 newCols=10 effImprove=10 updated=0
    [CG] CG iter 28: obj=2385995.875390, maxRC=58269.604501, +12 cols
    [CG]   [DIAG] iter=28 posCols=12 newCols=12 effImprove=12 updated=0
    [CG] CG iter 29: obj=2389732.254281, maxRC=48629.429960, +10 cols
    [CG]   [DIAG] iter=29 posCols=10 newCols=10 effImprove=10 updated=0
    [CG] CG iter 30: obj=2393460.142534, maxRC=39435.008189, +9 cols
    [CG]   [DIAG] iter=30 posCols=9 newCols=9 effImprove=9 updated=0
    [CG] CG iter 31: obj=2397722.538039, maxRC=27456.763749, +9 cols
    [CG]   [DIAG] iter=31 posCols=9 newCols=9 effImprove=9 updated=0
    [CG] CG iter 32: obj=2400976.500762, maxRC=31837.066220, +9 cols
    [CG]   [DIAG] iter=32 posCols=9 newCols=9 effImprove=9 updated=0
    [CG] CG iter 33: obj=2402652.588450, maxRC=24113.844633, +9 cols
    [CG]   [DIAG] iter=33 posCols=9 newCols=9 effImprove=9 updated=0
    [CG] CG iter 34: obj=2403868.190955, maxRC=30486.471401, +9 cols
    [CG]   [DIAG] iter=34 posCols=9 newCols=9 effImprove=9 updated=0
    [CG] CG iter 35: obj=2405096.983852, maxRC=18006.423600, +9 cols
    [CG]   [DIAG] iter=35 posCols=9 newCols=9 effImprove=9 updated=0
    [CG] CG iter 36: obj=2406487.643957, maxRC=22842.762767, +9 cols
    [CG]   [DIAG] iter=36 posCols=9 newCols=9 effImprove=9 updated=0
    [CG] CG iter 37: obj=2411422.114903, maxRC=29571.739292, +9 cols
    [CG]   [DIAG] iter=37 posCols=9 newCols=9 effImprove=9 updated=0
    [CG] CG iter 38: obj=2413540.044794, maxRC=19606.645732, +9 cols
    [CG]   [DIAG] iter=38 posCols=9 newCols=9 effImprove=9 updated=0
    [CG] CG iter 39: obj=2414641.833653, maxRC=9426.137471, +9 cols
    [CG]   [DIAG] iter=39 posCols=9 newCols=9 effImprove=9 updated=0
    [CG] CG iter 40: obj=2417496.548578, maxRC=21157.731495, +9 cols
    [CG]   [DIAG] iter=40 posCols=9 newCols=9 effImprove=9 updated=0
    [CG] CG iter 41: obj=2420147.247548, maxRC=10527.934266, +9 cols
    [CG]   [DIAG] iter=41 posCols=9 newCols=9 effImprove=9 updated=0
    [CG] CG iter 42: obj=2420147.247548, maxRC=9566.994455, +9 cols
    [CG]   [DIAG] iter=42 posCols=9 newCols=9 effImprove=9 updated=0
    [CG] CG iter 43: obj=2420147.247548, maxRC=9642.757279, +9 cols
    [CG]   [DIAG] iter=43 posCols=9 newCols=9 effImprove=9 updated=0
    [CG] CG iter 44: obj=2422402.663854, maxRC=8567.832858, +8 cols
    [CG]   [DIAG] iter=44 posCols=8 newCols=8 effImprove=8 updated=0
    [CG] CG iter 45: obj=2426686.580284, maxRC=7731.657725, +8 cols
    [CG]   [DIAG] iter=45 posCols=8 newCols=8 effImprove=8 updated=0
    [CG] CG iter 46: obj=2426686.580284, maxRC=4491.177500, +8 cols
    [CG]   [DIAG] iter=46 posCols=8 newCols=8 effImprove=8 updated=0
    [CG] CG iter 47: obj=2426686.580284, maxRC=3845.013008, +5 cols
    [CG]   [DIAG] iter=47 posCols=5 newCols=5 effImprove=5 updated=0
    [CG] CG iter 48: obj=2426686.580284, maxRC=1124.967898, +6 cols
    [CG]   [DIAG] iter=48 posCols=6 newCols=6 effImprove=6 updated=0
    [CG] CG iter 49: obj=2426686.580284, maxRC=1017.362445, +3 cols
    [CG]   [DIAG] iter=49 posCols=3 newCols=3 effImprove=3 updated=0
    [CG] CG iter 50: obj=2426686.580284, maxRC=615.619314, +4 cols
    [CG]   [DIAG] iter=50 posCols=4 newCols=4 effImprove=4 updated=0
    [CG] CG iter 51: obj=2426686.580284, maxRC=433.330602, +4 cols
    [CG]   [DIAG] iter=51 posCols=4 newCols=4 effImprove=4 updated=0
    [CG] CG iter 52: obj=2426686.580284, maxRC=161.697930, +4 cols
    [CG]   [DIAG] iter=52 posCols=4 newCols=4 effImprove=4 updated=0
    [CG] CG iter 53: obj=2426686.580284, maxRC=58.174779, +1 cols
    [CG]   [DIAG] iter=53 posCols=1 newCols=1 effImprove=1 updated=0
    [CG] 列生成收敛，共 54 轮迭代
    [CG] [CG-NODE] depth=0 exit=CERTIFIED certified=1 feasible=1 iters=54 generatedColsBeforeNode=0 newCols=597 posCandidates=599 duplicateCandidates=2 updatedCols=2 zeroObjImproveIters=16 objFirst=613682.299831 objLast=2426686.580284 objGain=1813004.280452 maxRC=1727902.264548 wallSec=0.719437 pricingSec=0.681627 cplexSolveSec=0.028075
      [BB] 分支定界开始，根节点LP obj=2426686.580284，最大节点数=10000
      [BB] 根节点启发式下界 LB=1477968.945062（上界=2426686.580284）
    [CG] [BB-DIAG] 分支 x_{dc=4,retailer=3}, 节点数=1
    [CG] 列生成开始，初始列数=794
    [CG] CG iter 55: obj=2421743.450025, maxRC=38277.644537, +12 cols
    [CG]   [DIAG] iter=55 posCols=12 newCols=12 effImprove=12 updated=0
    [CG] CG iter 56: obj=2421743.450025, maxRC=34777.043216, +11 cols
    [CG]   [DIAG] iter=56 posCols=11 newCols=11 effImprove=11 updated=0
    [CG] CG iter 57: obj=2421743.450025, maxRC=32518.227508, +12 cols
    [CG]   [DIAG] iter=57 posCols=12 newCols=12 effImprove=12 updated=0
    [CG] CG iter 58: obj=2421743.450025, maxRC=32668.588797, +8 cols
    [CG]   [DIAG] iter=58 posCols=8 newCols=8 effImprove=8 updated=0
    [CG] CG iter 59: obj=2421743.450025, maxRC=30695.796986, +11 cols
    [CG]   [DIAG] iter=59 posCols=11 newCols=11 effImprove=11 updated=0
    [CG] CG iter 60: obj=2421743.450025, maxRC=14733.674976, +9 cols
    [CG]   [DIAG] iter=60 posCols=9 newCols=9 effImprove=9 updated=0
    [CG] CG iter 61: obj=2421743.450025, maxRC=6715.664500, +7 cols
    [CG]   [DIAG] iter=61 posCols=7 newCols=7 effImprove=7 updated=0
    [CG] CG iter 62: obj=2424224.860780, maxRC=2602.617542, +5 cols
    [CG]   [DIAG] iter=62 posCols=5 newCols=5 effImprove=5 updated=0
    [CG] CG iter 63: obj=2424430.802888, maxRC=1943.913217, +4 cols
    [CG]   [DIAG] iter=63 posCols=4 newCols=4 effImprove=4 updated=0
    [CG] CG iter 64: obj=2424430.802888, maxRC=1178.352821, +3 cols
    [CG]   [DIAG] iter=64 posCols=3 newCols=3 effImprove=3 updated=0
    [CG] CG iter 65: obj=2424430.802888, maxRC=931.579500, +2 cols
    [CG]   [DIAG] iter=65 posCols=2 newCols=2 effImprove=2 updated=0
    [CG] CG iter 66: obj=2424430.802888, maxRC=594.412792, +2 cols
    [CG]   [DIAG] iter=66 posCols=2 newCols=2 effImprove=2 updated=0
    [CG] CG iter 67: obj=2424430.802888, maxRC=442.867154, +1 cols
    [CG]   [DIAG] iter=67 posCols=1 newCols=1 effImprove=1 updated=0
    [CG] CG iter 68: obj=2424430.802888, maxRC=244.143718, +1 cols
    [CG]   [DIAG] iter=68 posCols=1 newCols=1 effImprove=1 updated=0
    [CG] CG iter 69: obj=2424430.802888, maxRC=196.223469, +1 cols
    [CG]   [DIAG] iter=69 posCols=1 newCols=1 effImprove=1 updated=0
    [CG] 列生成收敛，共 70 轮迭代
    [CG] [CG-NODE] depth=1 exit=CERTIFIED certified=1 feasible=1 iters=16 generatedColsBeforeNode=597 newCols=89 posCandidates=89 duplicateCandidates=0 updatedCols=0 zeroObjImproveIters=13 objFirst=2421743.450025 objLast=2424430.802888 objGain=2687.352863 maxRC=38277.644537 wallSec=0.141198 pricingSec=0.128190 cplexSolveSec=0.009836
    [CG] 列生成开始，初始列数=846
    [CG] CG iter 71: obj=2422142.203425, maxRC=21700.214453, +8 cols
    [CG]   [DIAG] iter=71 posCols=8 newCols=8 effImprove=8 updated=0
    [CG] CG iter 72: obj=2423167.976930, maxRC=7464.503353, +8 cols
    [CG]   [DIAG] iter=72 posCols=8 newCols=8 effImprove=8 updated=0
    [CG] CG iter 73: obj=2423167.976930, maxRC=3408.305763, +5 cols
    [CG]   [DIAG] iter=73 posCols=5 newCols=5 effImprove=5 updated=0
    [CG] CG iter 74: obj=2423167.976930, maxRC=1758.589505, +4 cols
    [CG]   [DIAG] iter=74 posCols=4 newCols=4 effImprove=4 updated=0
    [CG] CG iter 75: obj=2423167.976930, maxRC=446.131281, +4 cols
    [CG]   [DIAG] iter=75 posCols=4 newCols=4 effImprove=4 updated=0
    [CG] CG iter 76: obj=2423167.976930, maxRC=221.551473, +2 cols
    [CG]   [DIAG] iter=76 posCols=2 newCols=2 effImprove=2 updated=0
    [CG] CG iter 77: obj=2423389.528403, maxRC=389.687514, +1 cols
    [CG]   [DIAG] iter=77 posCols=1 newCols=1 effImprove=1 updated=0
    [CG] CG iter 78: obj=2423389.528403, maxRC=105.403088, +1 cols
    [CG]   [DIAG] iter=78 posCols=1 newCols=1 effImprove=1 updated=0
    [CG] 列生成收敛，共 79 轮迭代
    [CG] [CG-NODE] depth=1 exit=CERTIFIED certified=1 feasible=1 iters=9 generatedColsBeforeNode=686 newCols=33 posCandidates=33 duplicateCandidates=0 updatedCols=0 zeroObjImproveIters=6 objFirst=2422142.203425 objLast=2423389.528403 objGain=1247.324978 maxRC=21700.214453 wallSec=0.078748 pricingSec=0.068607 cplexSolveSec=0.007121
    [CG] [BB-INCUMBENT] selection=2 node=1 previous=1477968.945062 value=2423389.528403 active=1
    [CG] [BB-NODESEL] strategy=hybrid choice=dfs eligibleCount=1 active=1 gap=0.000430
    [CG] [BB-INCUMBENT] selection=3 node=1 previous=2423389.528403 value=2424430.802888 active=0
      [BB] 分支定界结束：处理 3 节点，剪枝 0，剩余活跃 0，整数解 3，状态=OPTIMAL，最好可行 obj=2424430.802888，gap=0.000000
