    [CG] 列生成开始，初始列数=310
    [CG] CG iter 1: obj=569201.049476, maxRC=1714220.044446, +27 cols
    [CG]   [DIAG] iter=1 posCols=27 newCols=27 effImprove=27 updated=0
    [CG] CG iter 2: obj=2067141.876162, maxRC=982097.352456, +24 cols
    [CG]   [DIAG] iter=2 posCols=24 newCols=24 effImprove=24 updated=0
    [CG] CG iter 3: obj=2067141.876162, maxRC=836192.053260, +24 cols
    [CG]   [DIAG] iter=3 posCols=24 newCols=24 effImprove=24 updated=0
    [CG] CG iter 4: obj=2067141.876162, maxRC=790681.978480, +24 cols
    [CG]   [DIAG] iter=4 posCols=24 newCols=24 effImprove=24 updated=0
    [CG] CG iter 5: obj=2067141.876162, maxRC=735796.741495, +24 cols
    [CG]   [DIAG] iter=5 posCols=24 newCols=24 effImprove=24 updated=0
    [CG] CG iter 6: obj=2067141.876162, maxRC=782263.349523, +24 cols
    [CG]   [DIAG] iter=6 posCols=24 newCols=24 effImprove=24 updated=0
    [CG] CG iter 7: obj=2067141.876162, maxRC=553829.380751, +22 cols
    [CG]   [DIAG] iter=7 posCols=22 newCols=22 effImprove=22 updated=0
    [CG] CG iter 8: obj=2067141.876162, maxRC=569610.779587, +20 cols
    [CG]   [DIAG] iter=8 posCols=20 newCols=20 effImprove=20 updated=0
    [CG] CG iter 9: obj=2067141.876162, maxRC=558864.673989, +22 cols
    [CG]   [DIAG] iter=9 posCols=22 newCols=22 effImprove=22 updated=0
    [CG] CG iter 10: obj=2067141.876162, maxRC=563970.740786, +24 cols
    [CG]   [DIAG] iter=10 posCols=24 newCols=24 effImprove=24 updated=0
    [CG] CG iter 11: obj=2079295.836007, maxRC=519964.608214, +20 cols
    [CG]   [DIAG] iter=11 posCols=20 newCols=20 effImprove=20 updated=0
    [CG] CG iter 12: obj=2109183.443262, maxRC=371020.103632, +20 cols
    [CG]   [DIAG] iter=12 posCols=20 newCols=20 effImprove=20 updated=0
    [CG] CG iter 13: obj=2144343.218128, maxRC=340558.570435, +19 cols
    [CG]   [DIAG] iter=13 posCols=19 newCols=19 effImprove=19 updated=0
    [CG] CG iter 14: obj=2160295.341677, maxRC=256950.507091, +11 cols
    [CG]   [DIAG] iter=14 posCols=11 newCols=11 effImprove=11 updated=0
    [CG] CG iter 15: obj=2220587.234890, maxRC=277424.355231, +12 cols
    [CG]   [DIAG] iter=15 posCols=12 newCols=12 effImprove=12 updated=0
    [CG] CG iter 16: obj=2242885.722828, maxRC=149236.495859, +9 cols
    [CG]   [DIAG] iter=16 posCols=9 newCols=9 effImprove=9 updated=0
    [CG] CG iter 17: obj=2275412.392501, maxRC=302629.278606, +13 cols
    [CG]   [DIAG] iter=17 posCols=13 newCols=13 effImprove=13 updated=0
    [CG] CG iter 18: obj=2298270.892648, maxRC=312348.443260, +11 cols
    [CG]   [DIAG] iter=18 posCols=11 newCols=11 effImprove=11 updated=0
    [CG] CG iter 19: obj=2305703.138095, maxRC=293699.127931, +13 cols
    [CG]   [DIAG] iter=19 posCols=13 newCols=13 effImprove=13 updated=0
    [CG] CG iter 20: obj=2317706.086682, maxRC=175906.124223, +9 cols
    [CG]   [DIAG] iter=20 posCols=9 newCols=9 effImprove=9 updated=0
    [CG] CG iter 21: obj=2317706.086682, maxRC=175954.170778, +9 cols
    [CG]   [DIAG] iter=21 posCols=9 newCols=9 effImprove=9 updated=0
    [CG] CG iter 22: obj=2318107.612314, maxRC=244508.856535, +14 cols
    [CG]   [DIAG] iter=22 posCols=14 newCols=14 effImprove=14 updated=0
    [CG] CG iter 23: obj=2321910.686659, maxRC=215810.549224, +9 cols
    [CG]   [DIAG] iter=23 posCols=9 newCols=9 effImprove=9 updated=0
    [CG] CG iter 24: obj=2337125.569400, maxRC=155943.904542, +9 cols
    [CG]   [DIAG] iter=24 posCols=9 newCols=9 effImprove=9 updated=0
    [CG] CG iter 25: obj=2347171.164481, maxRC=133688.315777, +9 cols
    [CG]   [DIAG] iter=25 posCols=9 newCols=9 effImprove=9 updated=0
    [CG] CG iter 26: obj=2348968.713468, maxRC=83318.098419, +9 cols
    [CG]   [DIAG] iter=26 posCols=9 newCols=9 effImprove=9 updated=0
    [CG] CG iter 27: obj=2351760.747594, maxRC=72981.213875, +9 cols
    [CG]   [DIAG] iter=27 posCols=9 newCols=9 effImprove=9 updated=0
    [CG] CG iter 28: obj=2355293.252589, maxRC=78970.735392, +9 cols
    [CG]   [DIAG] iter=28 posCols=9 newCols=9 effImprove=9 updated=0
    [CG] CG iter 29: obj=2358612.089223, maxRC=55381.314855, +9 cols
    [CG]   [DIAG] iter=29 posCols=9 newCols=9 effImprove=9 updated=0
    [CG] CG iter 30: obj=2362091.352051, maxRC=63942.082520, +9 cols
    [CG]   [DIAG] iter=30 posCols=9 newCols=9 effImprove=9 updated=0
    [CG] CG iter 31: obj=2366625.832173, maxRC=48950.120791, +9 cols
    [CG]   [DIAG] iter=31 posCols=9 newCols=9 effImprove=9 updated=0
    [CG] CG iter 32: obj=2372396.003862, maxRC=44026.931724, +9 cols
    [CG]   [DIAG] iter=32 posCols=9 newCols=9 effImprove=9 updated=0
    [CG] CG iter 33: obj=2381868.035059, maxRC=43928.946583, +9 cols
    [CG]   [DIAG] iter=33 posCols=9 newCols=9 effImprove=9 updated=0
    [CG] CG iter 34: obj=2385092.634949, maxRC=49273.580660, +9 cols
    [CG]   [DIAG] iter=34 posCols=9 newCols=9 effImprove=9 updated=0
    [CG] CG iter 35: obj=2385678.790171, maxRC=22988.802221, +9 cols
    [CG]   [DIAG] iter=35 posCols=9 newCols=9 effImprove=9 updated=0
    [CG] CG iter 36: obj=2386877.131684, maxRC=34872.487994, +9 cols
    [CG]   [DIAG] iter=36 posCols=9 newCols=9 effImprove=9 updated=0
    [CG] CG iter 37: obj=2388847.904497, maxRC=24904.427030, +8 cols
    [CG]   [DIAG] iter=37 posCols=8 newCols=8 effImprove=8 updated=0
    [CG] CG iter 38: obj=2392497.145699, maxRC=32065.458174, +9 cols
    [CG]   [DIAG] iter=38 posCols=9 newCols=9 effImprove=9 updated=0
    [CG] CG iter 39: obj=2393945.548172, maxRC=19738.376084, +9 cols
    [CG]   [DIAG] iter=39 posCols=9 newCols=9 effImprove=9 updated=0
    [CG] CG iter 40: obj=2394799.668047, maxRC=15828.198200, +9 cols
    [CG]   [DIAG] iter=40 posCols=9 newCols=9 effImprove=9 updated=0
    [CG] CG iter 41: obj=2403201.852442, maxRC=46196.981237, +9 cols
    [CG]   [DIAG] iter=41 posCols=9 newCols=9 effImprove=9 updated=0
    [CG] CG iter 42: obj=2404291.719983, maxRC=38209.735099, +9 cols
    [CG]   [DIAG] iter=42 posCols=9 newCols=9 effImprove=9 updated=0
    [CG] CG iter 43: obj=2404852.494981, maxRC=15468.238786, +9 cols
    [CG]   [DIAG] iter=43 posCols=9 newCols=9 effImprove=9 updated=0
    [CG] CG iter 44: obj=2406690.869748, maxRC=23075.074532, +9 cols
    [CG]   [DIAG] iter=44 posCols=9 newCols=9 effImprove=9 updated=0
    [CG] CG iter 45: obj=2406690.869748, maxRC=19536.785238, +8 cols
    [CG]   [DIAG] iter=45 posCols=8 newCols=8 effImprove=8 updated=0
    [CG] CG iter 46: obj=2406941.347535, maxRC=21406.990455, +9 cols
    [CG]   [DIAG] iter=46 posCols=9 newCols=9 effImprove=9 updated=0
    [CG] CG iter 47: obj=2407705.115233, maxRC=12166.737443, +8 cols
    [CG]   [DIAG] iter=47 posCols=8 newCols=8 effImprove=8 updated=0
    [CG] CG iter 48: obj=2415779.217895, maxRC=15316.748389, +9 cols
    [CG]   [DIAG] iter=48 posCols=9 newCols=9 effImprove=9 updated=0
    [CG] CG iter 49: obj=2415779.217895, maxRC=14958.353549, +9 cols
    [CG]   [DIAG] iter=49 posCols=9 newCols=9 effImprove=9 updated=0
    [CG] CG iter 50: obj=2415779.217895, maxRC=19936.375146, +9 cols
    [CG]   [DIAG] iter=50 posCols=9 newCols=9 effImprove=9 updated=0
    [CG] CG iter 51: obj=2415779.217895, maxRC=9723.789814, +9 cols
    [CG]   [DIAG] iter=51 posCols=9 newCols=9 effImprove=9 updated=0
    [CG] CG iter 52: obj=2415779.217895, maxRC=14565.839880, +9 cols
    [CG]   [DIAG] iter=52 posCols=9 newCols=9 effImprove=9 updated=0
    [CG] CG iter 53: obj=2415779.217895, maxRC=12699.339255, +9 cols
    [CG]   [DIAG] iter=53 posCols=9 newCols=9 effImprove=9 updated=0
    [CG] CG iter 54: obj=2415779.217895, maxRC=14624.613025, +9 cols
    [CG]   [DIAG] iter=54 posCols=9 newCols=9 effImprove=9 updated=0
    [CG] CG iter 55: obj=2415779.217895, maxRC=9141.812779, +8 cols
    [CG]   [DIAG] iter=55 posCols=8 newCols=8 effImprove=8 updated=0
    [CG] CG iter 56: obj=2415779.217895, maxRC=6037.998194, +6 cols
    [CG]   [DIAG] iter=56 posCols=6 newCols=6 effImprove=6 updated=0
    [CG] CG iter 57: obj=2415779.217895, maxRC=4792.845591, +7 cols
    [CG]   [DIAG] iter=57 posCols=7 newCols=7 effImprove=7 updated=0
    [CG] CG iter 58: obj=2415779.217895, maxRC=2619.958343, +7 cols
    [CG]   [DIAG] iter=58 posCols=7 newCols=7 effImprove=7 updated=0
    [CG] CG iter 59: obj=2415779.217895, maxRC=2217.561557, +7 cols
    [CG]   [DIAG] iter=59 posCols=7 newCols=7 effImprove=7 updated=0
    [CG] CG iter 60: obj=2415779.217895, maxRC=2100.240000, +5 cols
    [CG]   [DIAG] iter=60 posCols=5 newCols=5 effImprove=5 updated=0
    [CG] CG iter 61: obj=2415779.217895, maxRC=3194.972121, +5 cols
    [CG]   [DIAG] iter=61 posCols=5 newCols=5 effImprove=5 updated=0
    [CG] CG iter 62: obj=2415779.217895, maxRC=4285.881828, +5 cols
    [CG]   [DIAG] iter=62 posCols=5 newCols=5 effImprove=5 updated=0
    [CG] CG iter 63: obj=2415779.217895, maxRC=266.716905, +2 cols
    [CG]   [DIAG] iter=63 posCols=2 newCols=2 effImprove=2 updated=0
    [CG] CG iter 64: obj=2415779.217895, maxRC=231.510347, +1 cols
    [CG]   [DIAG] iter=64 posCols=1 newCols=1 effImprove=1 updated=0
    [CG] CG iter 65: obj=2415779.217895, maxRC=80.755244, +1 cols
    [CG]   [DIAG] iter=65 posCols=1 newCols=1 effImprove=1 updated=0
    [CG] CG iter 66: obj=2415779.217895, maxRC=43.791626, +1 cols
    [CG]   [DIAG] iter=66 posCols=1 newCols=1 effImprove=1 updated=0
    [CG] 列生成收敛，共 67 轮迭代
    [CG] [CG-NODE] depth=0 exit=CERTIFIED certified=1 feasible=1 iters=67 generatedColsBeforeNode=0 newCols=735 posCandidates=735 duplicateCandidates=0 updatedCols=0 zeroObjImproveIters=29 objFirst=569201.049476 objLast=2415779.217895 objGain=1846578.168420 maxRC=1714220.044446 wallSec=0.996689 pricingSec=0.949411 cplexSolveSec=0.035182
      [BB] 根节点即为整数解，obj=2415779.217895
