    [CG] 列生成开始，初始列数=310
    [CG] CG iter 1: obj=649657.386275, maxRC=1741526.308031, +27 cols
    [CG]   [DIAG] iter=1 posCols=27 newCols=27 effImprove=27 updated=0
    [CG] CG iter 2: obj=2099350.977237, maxRC=706756.496671, +24 cols
    [CG]   [DIAG] iter=2 posCols=24 newCols=24 effImprove=24 updated=0
    [CG] CG iter 3: obj=2114166.225565, maxRC=570245.941357, +18 cols
    [CG]   [DIAG] iter=3 posCols=18 newCols=18 effImprove=18 updated=0
    [CG] CG iter 4: obj=2114166.225565, maxRC=511677.654151, +19 cols
    [CG]   [DIAG] iter=4 posCols=19 newCols=19 effImprove=19 updated=0
    [CG] CG iter 5: obj=2114166.225565, maxRC=452362.966159, +18 cols
    [CG]   [DIAG] iter=5 posCols=18 newCols=18 effImprove=18 updated=0
    [CG] CG iter 6: obj=2114166.225565, maxRC=420307.550998, +19 cols
    [CG]   [DIAG] iter=6 posCols=19 newCols=19 effImprove=19 updated=0
    [CG] CG iter 7: obj=2114166.225565, maxRC=360501.410025, +16 cols
    [CG]   [DIAG] iter=7 posCols=16 newCols=16 effImprove=16 updated=0
    [CG] CG iter 8: obj=2114166.225565, maxRC=335764.622358, +16 cols
    [CG]   [DIAG] iter=8 posCols=16 newCols=16 effImprove=16 updated=0
    [CG] CG iter 9: obj=2114166.225565, maxRC=382930.390749, +15 cols
    [CG]   [DIAG] iter=9 posCols=15 newCols=14 effImprove=15 updated=1
    [CG] CG iter 10: obj=2114166.225565, maxRC=334742.012010, +13 cols
    [CG]   [DIAG] iter=10 posCols=13 newCols=13 effImprove=13 updated=0
    [CG] CG iter 11: obj=2159225.632349, maxRC=301331.043028, +12 cols
    [CG]   [DIAG] iter=11 posCols=12 newCols=12 effImprove=12 updated=0
    [CG] CG iter 12: obj=2192674.288145, maxRC=227313.417095, +12 cols
    [CG]   [DIAG] iter=12 posCols=12 newCols=12 effImprove=12 updated=0
    [CG] CG iter 13: obj=2239389.462509, maxRC=168320.459216, +13 cols
    [CG]   [DIAG] iter=13 posCols=13 newCols=13 effImprove=13 updated=0
    [CG] CG iter 14: obj=2274859.719987, maxRC=170160.185399, +12 cols
    [CG]   [DIAG] iter=14 posCols=12 newCols=12 effImprove=12 updated=0
    [CG] CG iter 15: obj=2292113.417615, maxRC=149973.564987, +12 cols
    [CG]   [DIAG] iter=15 posCols=12 newCols=12 effImprove=12 updated=0
    [CG] CG iter 16: obj=2295325.676413, maxRC=182972.240762, +14 cols
    [CG]   [DIAG] iter=16 posCols=14 newCols=14 effImprove=14 updated=0
    [CG] CG iter 17: obj=2308026.000228, maxRC=140879.106686, +12 cols
    [CG]   [DIAG] iter=17 posCols=12 newCols=12 effImprove=12 updated=0
    [CG] CG iter 18: obj=2324057.412075, maxRC=105259.392323, +12 cols
    [CG]   [DIAG] iter=18 posCols=12 newCols=12 effImprove=12 updated=0
    [CG] CG iter 19: obj=2334342.485265, maxRC=122356.543855, +12 cols
    [CG]   [DIAG] iter=19 posCols=12 newCols=12 effImprove=12 updated=0
    [CG] CG iter 20: obj=2353099.989604, maxRC=90601.945130, +12 cols
    [CG]   [DIAG] iter=20 posCols=12 newCols=12 effImprove=12 updated=0
    [CG] CG iter 21: obj=2356724.440940, maxRC=83328.350553, +12 cols
    [CG]   [DIAG] iter=21 posCols=12 newCols=12 effImprove=12 updated=0
    [CG] CG iter 22: obj=2358716.531380, maxRC=68061.814111, +12 cols
    [CG]   [DIAG] iter=22 posCols=12 newCols=12 effImprove=12 updated=0
    [CG] CG iter 23: obj=2366736.862767, maxRC=107532.495986, +12 cols
    [CG]   [DIAG] iter=23 posCols=12 newCols=12 effImprove=12 updated=0
    [CG] CG iter 24: obj=2373238.945167, maxRC=55319.210977, +10 cols
    [CG]   [DIAG] iter=24 posCols=10 newCols=10 effImprove=10 updated=0
    [CG] CG iter 25: obj=2375759.259931, maxRC=48261.139467, +10 cols
    [CG]   [DIAG] iter=25 posCols=10 newCols=10 effImprove=10 updated=0
    [CG] CG iter 26: obj=2378040.320309, maxRC=39729.346338, +9 cols
    [CG]   [DIAG] iter=26 posCols=9 newCols=9 effImprove=9 updated=0
    [CG] CG iter 27: obj=2380247.620051, maxRC=45036.674508, +10 cols
    [CG]   [DIAG] iter=27 posCols=10 newCols=10 effImprove=10 updated=0
    [CG] CG iter 28: obj=2380643.316673, maxRC=27771.922765, +10 cols
    [CG]   [DIAG] iter=28 posCols=10 newCols=10 effImprove=10 updated=0
    [CG] CG iter 29: obj=2385497.357700, maxRC=43668.479052, +9 cols
    [CG]   [DIAG] iter=29 posCols=9 newCols=9 effImprove=9 updated=0
    [CG] CG iter 30: obj=2389138.802311, maxRC=30656.593509, +11 cols
    [CG]   [DIAG] iter=30 posCols=11 newCols=11 effImprove=11 updated=0
    [CG] CG iter 31: obj=2395939.583545, maxRC=40997.891554, +9 cols
    [CG]   [DIAG] iter=31 posCols=9 newCols=9 effImprove=9 updated=0
    [CG] CG iter 32: obj=2397252.802690, maxRC=20093.645366, +9 cols
    [CG]   [DIAG] iter=32 posCols=9 newCols=9 effImprove=9 updated=0
    [CG] CG iter 33: obj=2398921.350878, maxRC=20567.864753, +9 cols
    [CG]   [DIAG] iter=33 posCols=9 newCols=9 effImprove=9 updated=0
    [CG] CG iter 34: obj=2400000.810716, maxRC=27831.706400, +9 cols
    [CG]   [DIAG] iter=34 posCols=9 newCols=9 effImprove=9 updated=0
    [CG] CG iter 35: obj=2400454.243302, maxRC=11402.251734, +9 cols
    [CG]   [DIAG] iter=35 posCols=9 newCols=9 effImprove=9 updated=0
    [CG] CG iter 36: obj=2405065.500448, maxRC=12412.634489, +9 cols
    [CG]   [DIAG] iter=36 posCols=9 newCols=9 effImprove=9 updated=0
    [CG] CG iter 37: obj=2405606.103430, maxRC=15505.688942, +9 cols
    [CG]   [DIAG] iter=37 posCols=9 newCols=9 effImprove=9 updated=0
    [CG] CG iter 38: obj=2407909.414233, maxRC=13775.010650, +8 cols
    [CG]   [DIAG] iter=38 posCols=8 newCols=8 effImprove=8 updated=0
    [CG] CG iter 39: obj=2409724.461461, maxRC=8199.110985, +9 cols
    [CG]   [DIAG] iter=39 posCols=9 newCols=9 effImprove=9 updated=0
    [CG] CG iter 40: obj=2411238.896515, maxRC=5772.208020, +8 cols
    [CG]   [DIAG] iter=40 posCols=8 newCols=8 effImprove=8 updated=0
    [CG] CG iter 41: obj=2413369.915408, maxRC=9644.196520, +6 cols
    [CG]   [DIAG] iter=41 posCols=6 newCols=6 effImprove=6 updated=0
    [CG] CG iter 42: obj=2413369.915408, maxRC=3424.331443, +5 cols
    [CG]   [DIAG] iter=42 posCols=5 newCols=5 effImprove=5 updated=0
    [CG] CG iter 43: obj=2413654.747189, maxRC=6038.559637, +3 cols
    [CG]   [DIAG] iter=43 posCols=3 newCols=3 effImprove=3 updated=0
    [CG] CG iter 44: obj=2413654.747189, maxRC=2647.245602, +3 cols
    [CG]   [DIAG] iter=44 posCols=3 newCols=3 effImprove=3 updated=0
    [CG] CG iter 45: obj=2413654.747189, maxRC=2651.346941, +2 cols
    [CG]   [DIAG] iter=45 posCols=2 newCols=2 effImprove=2 updated=0
    [CG] CG iter 46: obj=2413654.747189, maxRC=4233.734966, +2 cols
    [CG]   [DIAG] iter=46 posCols=2 newCols=2 effImprove=2 updated=0
    [CG] CG iter 47: obj=2413654.747189, maxRC=2143.613367, +2 cols
    [CG]   [DIAG] iter=47 posCols=2 newCols=2 effImprove=2 updated=0
    [CG] CG iter 48: obj=2413654.747189, maxRC=2948.791500, +2 cols
    [CG]   [DIAG] iter=48 posCols=2 newCols=2 effImprove=2 updated=0
    [CG] CG iter 49: obj=2413654.747189, maxRC=1635.816440, +2 cols
    [CG]   [DIAG] iter=49 posCols=2 newCols=2 effImprove=2 updated=0
    [CG] CG iter 50: obj=2415290.563629, maxRC=3011.899617, +2 cols
    [CG]   [DIAG] iter=50 posCols=2 newCols=2 effImprove=2 updated=0
    [CG] CG iter 51: obj=2415290.563629, maxRC=1446.870469, +2 cols
    [CG]   [DIAG] iter=51 posCols=2 newCols=2 effImprove=2 updated=0
    [CG] CG iter 52: obj=2415290.563629, maxRC=851.509592, +1 cols
    [CG]   [DIAG] iter=52 posCols=1 newCols=1 effImprove=1 updated=0
    [CG] CG iter 53: obj=2415290.563629, maxRC=1111.042207, +1 cols
    [CG]   [DIAG] iter=53 posCols=1 newCols=1 effImprove=1 updated=0
    [CG] CG iter 54: obj=2415290.563629, maxRC=1288.971538, +1 cols
    [CG]   [DIAG] iter=54 posCols=1 newCols=1 effImprove=1 updated=0
    [CG] CG iter 55: obj=2415290.563629, maxRC=54.112712, +1 cols
    [CG]   [DIAG] iter=55 posCols=1 newCols=1 effImprove=1 updated=0
    [CG] 列生成收敛，共 56 轮迭代
    [CG] [CG-NODE] depth=0 exit=CERTIFIED certified=1 feasible=1 iters=56 generatedColsBeforeNode=0 newCols=535 posCandidates=536 duplicateCandidates=1 updatedCols=1 zeroObjImproveIters=20 objFirst=649657.386275 objLast=2415290.563629 objGain=1765633.177354 maxRC=1741526.308031 wallSec=0.764194 pricingSec=0.708690 cplexSolveSec=0.026560
      [BB] 根节点即为整数解，obj=2415290.563629
