    [CG] 列生成开始，初始列数=310
    [CG] CG iter 1: obj=873657.017757, maxRC=2109199.618978, +30 cols
    [CG]   [DIAG] iter=1 posCols=30 newCols=30 effImprove=30 updated=0
    [CG] CG iter 2: obj=2273400.022233, maxRC=370557.342179, +22 cols
    [CG]   [DIAG] iter=2 posCols=22 newCols=22 effImprove=22 updated=0
    [CG] CG iter 3: obj=2320379.823261, maxRC=626513.903942, +24 cols
    [CG]   [DIAG] iter=3 posCols=24 newCols=24 effImprove=24 updated=0
    [CG] CG iter 4: obj=2340501.796869, maxRC=519341.559487, +23 cols
    [CG]   [DIAG] iter=4 posCols=23 newCols=23 effImprove=23 updated=0
    [CG] CG iter 5: obj=2376554.776330, maxRC=490675.180806, +21 cols
    [CG]   [DIAG] iter=5 posCols=21 newCols=21 effImprove=21 updated=0
    [CG] CG iter 6: obj=2378980.009629, maxRC=463193.683208, +19 cols
    [CG]   [DIAG] iter=6 posCols=19 newCols=18 effImprove=19 updated=1
    [CG] CG iter 7: obj=2420487.242278, maxRC=412464.444881, +18 cols
    [CG]   [DIAG] iter=7 posCols=18 newCols=18 effImprove=18 updated=0
    [CG] CG iter 8: obj=2444482.046245, maxRC=248626.916937, +11 cols
    [CG]   [DIAG] iter=8 posCols=11 newCols=11 effImprove=11 updated=0
    [CG] CG iter 9: obj=2465006.186362, maxRC=258530.623336, +13 cols
    [CG]   [DIAG] iter=9 posCols=13 newCols=13 effImprove=13 updated=0
    [CG] CG iter 10: obj=2475822.132565, maxRC=143082.213586, +13 cols
    [CG]   [DIAG] iter=10 posCols=13 newCols=13 effImprove=13 updated=0
    [CG] CG iter 11: obj=2497333.407998, maxRC=122115.221663, +14 cols
    [CG]   [DIAG] iter=11 posCols=14 newCols=14 effImprove=14 updated=0
    [CG] CG iter 12: obj=2505182.589555, maxRC=104286.281840, +12 cols
    [CG]   [DIAG] iter=12 posCols=12 newCols=12 effImprove=12 updated=0
    [CG] CG iter 13: obj=2524359.890553, maxRC=65653.621798, +14 cols
    [CG]   [DIAG] iter=13 posCols=14 newCols=14 effImprove=14 updated=0
    [CG] CG iter 14: obj=2550678.048351, maxRC=43142.817951, +10 cols
    [CG]   [DIAG] iter=14 posCols=10 newCols=10 effImprove=10 updated=0
    [CG] CG iter 15: obj=2555786.952740, maxRC=38833.110379, +9 cols
    [CG]   [DIAG] iter=15 posCols=9 newCols=9 effImprove=9 updated=0
    [CG] CG iter 16: obj=2560813.134355, maxRC=30127.300078, +9 cols
    [CG]   [DIAG] iter=16 posCols=9 newCols=9 effImprove=9 updated=0
    [CG] CG iter 17: obj=2567752.191517, maxRC=15427.516975, +9 cols
    [CG]   [DIAG] iter=17 posCols=9 newCols=9 effImprove=9 updated=0
    [CG] CG iter 18: obj=2568651.920943, maxRC=27445.831896, +11 cols
    [CG]   [DIAG] iter=18 posCols=11 newCols=11 effImprove=11 updated=0
    [CG] CG iter 19: obj=2573665.742680, maxRC=10283.581465, +9 cols
    [CG]   [DIAG] iter=19 posCols=9 newCols=9 effImprove=9 updated=0
    [CG] CG iter 20: obj=2578277.485885, maxRC=9072.924173, +5 cols
    [CG]   [DIAG] iter=20 posCols=5 newCols=5 effImprove=5 updated=0
    [CG] CG iter 21: obj=2580880.274197, maxRC=6326.638604, +7 cols
    [CG]   [DIAG] iter=21 posCols=7 newCols=7 effImprove=7 updated=0
    [CG] CG iter 22: obj=2581153.395190, maxRC=5611.058156, +5 cols
    [CG]   [DIAG] iter=22 posCols=5 newCols=5 effImprove=5 updated=0
    [CG] CG iter 23: obj=2581153.395190, maxRC=3868.724943, +3 cols
    [CG]   [DIAG] iter=23 posCols=3 newCols=3 effImprove=3 updated=0
    [CG] CG iter 24: obj=2581153.395190, maxRC=2367.877429, +3 cols
    [CG]   [DIAG] iter=24 posCols=3 newCols=3 effImprove=3 updated=0
    [CG] CG iter 25: obj=2581153.395190, maxRC=2109.282978, +3 cols
    [CG]   [DIAG] iter=25 posCols=3 newCols=3 effImprove=3 updated=0
    [CG] 列生成收敛，共 26 轮迭代
    [CG] [CG-NODE] depth=0 exit=CERTIFIED certified=1 feasible=1 iters=26 generatedColsBeforeNode=0 newCols=316 posCandidates=317 duplicateCandidates=1 updatedCols=1 zeroObjImproveIters=4 objFirst=873657.017757 objLast=2581153.395190 objGain=1707496.377433 maxRC=2109199.618978 wallSec=0.298746 pricingSec=0.265490 cplexSolveSec=0.011610
      [BB] 根节点即为整数解，obj=2581153.395190
