    [CG] 列生成开始，初始列数=310
    [CG] CG iter 1: obj=873335.650133, maxRC=1600003.068450, +30 cols
    [CG]   [DIAG] iter=1 posCols=30 newCols=30 effImprove=30 updated=0
    [CG] CG iter 2: obj=1921571.725308, maxRC=277290.100084, +25 cols
    [CG]   [DIAG] iter=2 posCols=25 newCols=25 effImprove=25 updated=0
    [CG] CG iter 3: obj=2020080.251119, maxRC=620867.229720, +29 cols
    [CG]   [DIAG] iter=3 posCols=29 newCols=29 effImprove=29 updated=0
    [CG] CG iter 4: obj=2112810.535529, maxRC=408130.555820, +25 cols
    [CG]   [DIAG] iter=4 posCols=25 newCols=25 effImprove=25 updated=0
    [CG] CG iter 5: obj=2166306.049154, maxRC=337739.827736, +21 cols
    [CG]   [DIAG] iter=5 posCols=21 newCols=20 effImprove=21 updated=1
    [CG] CG iter 6: obj=2220838.159833, maxRC=166294.462557, +13 cols
    [CG]   [DIAG] iter=6 posCols=13 newCols=13 effImprove=13 updated=0
    [CG] CG iter 7: obj=2300681.396652, maxRC=213533.856306, +16 cols
    [CG]   [DIAG] iter=7 posCols=16 newCols=16 effImprove=16 updated=0
    [CG] CG iter 8: obj=2317796.552874, maxRC=102533.634188, +15 cols
    [CG]   [DIAG] iter=8 posCols=15 newCols=15 effImprove=15 updated=0
    [CG] CG iter 9: obj=2347352.591789, maxRC=89157.385949, +12 cols
    [CG]   [DIAG] iter=9 posCols=12 newCols=12 effImprove=12 updated=0
    [CG] CG iter 10: obj=2351178.249374, maxRC=77709.130203, +12 cols
    [CG]   [DIAG] iter=10 posCols=12 newCols=11 effImprove=12 updated=1
    [CG] CG iter 11: obj=2351178.249374, maxRC=35231.035861, +9 cols
    [CG]   [DIAG] iter=11 posCols=9 newCols=9 effImprove=9 updated=0
    [CG] CG iter 12: obj=2351178.249374, maxRC=55235.315375, +10 cols
    [CG]   [DIAG] iter=12 posCols=10 newCols=10 effImprove=10 updated=0
    [CG] CG iter 13: obj=2362091.043088, maxRC=35392.953480, +12 cols
    [CG]   [DIAG] iter=13 posCols=12 newCols=12 effImprove=12 updated=0
    [CG] CG iter 14: obj=2362091.043088, maxRC=30889.049679, +9 cols
    [CG]   [DIAG] iter=14 posCols=9 newCols=9 effImprove=9 updated=0
    [CG] CG iter 15: obj=2369298.046928, maxRC=29647.646043, +12 cols
    [CG]   [DIAG] iter=15 posCols=12 newCols=12 effImprove=12 updated=0
    [CG] CG iter 16: obj=2374782.451487, maxRC=26280.909075, +6 cols
    [CG]   [DIAG] iter=16 posCols=6 newCols=6 effImprove=6 updated=0
    [CG] CG iter 17: obj=2375982.613820, maxRC=23815.926263, +7 cols
    [CG]   [DIAG] iter=17 posCols=7 newCols=7 effImprove=7 updated=0
    [CG] CG iter 18: obj=2378550.450213, maxRC=6003.532276, +4 cols
    [CG]   [DIAG] iter=18 posCols=4 newCols=3 effImprove=4 updated=1
    [CG] CG iter 19: obj=2380271.857437, maxRC=7846.715496, +2 cols
    [CG]   [DIAG] iter=19 posCols=2 newCols=2 effImprove=2 updated=0
    [CG] CG iter 20: obj=2380272.940737, maxRC=6830.367748, +5 cols
    [CG]   [DIAG] iter=20 posCols=5 newCols=5 effImprove=5 updated=0
    [CG] CG iter 21: obj=2381639.014286, maxRC=2095.162131, +2 cols
    [CG]   [DIAG] iter=21 posCols=2 newCols=2 effImprove=2 updated=0
    [CG] CG iter 22: obj=2383734.176417, maxRC=116.367516, +1 cols
    [CG]   [DIAG] iter=22 posCols=1 newCols=1 effImprove=1 updated=0
    [CG] CG iter 23: obj=2383734.176417, maxRC=27.000512, +1 cols
    [CG]   [DIAG] iter=23 posCols=1 newCols=1 effImprove=1 updated=0
    [CG] 列生成收敛，共 24 轮迭代
    [CG] [CG-NODE] depth=0 exit=CERTIFIED certified=1 feasible=1 iters=24 generatedColsBeforeNode=0 newCols=275 posCandidates=278 duplicateCandidates=3 updatedCols=3 zeroObjImproveIters=5 objFirst=873335.650133 objLast=2383734.176417 objGain=1510398.526284 maxRC=1600003.068450 wallSec=0.204807 pricingSec=0.190164 cplexSolveSec=0.009632
      [BB] 根节点即为整数解，obj=2383734.176417
