    [CG] 列生成开始，初始列数=310
    [CG] CG iter 1: obj=854286.903965, maxRC=2109189.168466, +29 cols
    [CG]   [DIAG] iter=1 posCols=29 newCols=29 effImprove=29 updated=0
    [CG] CG iter 2: obj=2273016.385568, maxRC=369325.670494, +24 cols
    [CG]   [DIAG] iter=2 posCols=24 newCols=24 effImprove=24 updated=0
    [CG] CG iter 3: obj=2305978.686301, maxRC=582115.753949, +24 cols
    [CG]   [DIAG] iter=3 posCols=24 newCols=24 effImprove=24 updated=0
    [CG] CG iter 4: obj=2337814.326215, maxRC=639079.727070, +22 cols
    [CG]   [DIAG] iter=4 posCols=22 newCols=22 effImprove=22 updated=0
    [CG] CG iter 5: obj=2338771.205319, maxRC=540986.684467, +20 cols
    [CG]   [DIAG] iter=5 posCols=20 newCols=20 effImprove=20 updated=0
    [CG] CG iter 6: obj=2364456.062757, maxRC=505551.123514, +21 cols
    [CG]   [DIAG] iter=6 posCols=21 newCols=21 effImprove=21 updated=0
    [CG] CG iter 7: obj=2392014.876139, maxRC=329405.824646, +21 cols
    [CG]   [DIAG] iter=7 posCols=21 newCols=21 effImprove=21 updated=0
    [CG] CG iter 8: obj=2421200.606628, maxRC=164705.186444, +16 cols
    [CG]   [DIAG] iter=8 posCols=16 newCols=16 effImprove=16 updated=0
    [CG] CG iter 9: obj=2442900.624434, maxRC=195185.377464, +16 cols
    [CG]   [DIAG] iter=9 posCols=16 newCols=16 effImprove=16 updated=0
    [CG] CG iter 10: obj=2451208.596120, maxRC=239220.667131, +15 cols
    [CG]   [DIAG] iter=10 posCols=15 newCols=14 effImprove=15 updated=1
    [CG] CG iter 11: obj=2465353.218552, maxRC=102024.489717, +14 cols
    [CG]   [DIAG] iter=11 posCols=14 newCols=14 effImprove=14 updated=0
    [CG] CG iter 12: obj=2485558.583057, maxRC=73564.641272, +11 cols
    [CG]   [DIAG] iter=12 posCols=11 newCols=10 effImprove=11 updated=1
    [CG] CG iter 13: obj=2502465.503824, maxRC=83502.380907, +12 cols
    [CG]   [DIAG] iter=13 posCols=12 newCols=12 effImprove=12 updated=0
    [CG] CG iter 14: obj=2510887.284214, maxRC=49848.090108, +9 cols
    [CG]   [DIAG] iter=14 posCols=9 newCols=9 effImprove=9 updated=0
    [CG] CG iter 15: obj=2525949.834634, maxRC=37165.033293, +12 cols
    [CG]   [DIAG] iter=15 posCols=12 newCols=12 effImprove=12 updated=0
    [CG] CG iter 16: obj=2527640.887430, maxRC=35445.138162, +9 cols
    [CG]   [DIAG] iter=16 posCols=9 newCols=9 effImprove=9 updated=0
    [CG] CG iter 17: obj=2539972.997929, maxRC=34908.239446, +10 cols
    [CG]   [DIAG] iter=17 posCols=10 newCols=10 effImprove=10 updated=0
    [CG] CG iter 18: obj=2544347.503716, maxRC=27551.550686, +16 cols
    [CG]   [DIAG] iter=18 posCols=16 newCols=16 effImprove=16 updated=0
    [CG] CG iter 19: obj=2547667.654187, maxRC=25956.449618, +9 cols
    [CG]   [DIAG] iter=19 posCols=9 newCols=9 effImprove=9 updated=0
    [CG] CG iter 20: obj=2555383.604704, maxRC=12680.034158, +8 cols
    [CG]   [DIAG] iter=20 posCols=8 newCols=8 effImprove=8 updated=0
    [CG] CG iter 21: obj=2567820.695584, maxRC=8958.287886, +9 cols
    [CG]   [DIAG] iter=21 posCols=9 newCols=9 effImprove=9 updated=0
    [CG] CG iter 22: obj=2568110.921920, maxRC=5995.717193, +8 cols
    [CG]   [DIAG] iter=22 posCols=8 newCols=7 effImprove=8 updated=1
    [CG] CG iter 23: obj=2573906.168817, maxRC=9553.520943, +7 cols
    [CG]   [DIAG] iter=23 posCols=7 newCols=6 effImprove=7 updated=1
    [CG] CG iter 24: obj=2575363.012765, maxRC=4033.204817, +5 cols
    [CG]   [DIAG] iter=24 posCols=5 newCols=5 effImprove=5 updated=0
    [CG] CG iter 25: obj=2575363.012765, maxRC=3385.465981, +2 cols
    [CG]   [DIAG] iter=25 posCols=2 newCols=1 effImprove=2 updated=1
    [CG] CG iter 26: obj=2575363.012765, maxRC=716.912424, +1 cols
    [CG]   [DIAG] iter=26 posCols=1 newCols=1 effImprove=1 updated=0
    [CG] CG iter 27: obj=2575363.012765, maxRC=621.838049, +1 cols
    [CG]   [DIAG] iter=27 posCols=1 newCols=1 effImprove=1 updated=0
    [CG] CG iter 28: obj=2575363.012765, maxRC=648.389091, +1 cols
    [CG]   [DIAG] iter=28 posCols=1 newCols=1 effImprove=1 updated=0
    [CG] CG iter 29: obj=2575363.012765, maxRC=218.398215, +1 cols
    [CG]   [DIAG] iter=29 posCols=1 newCols=1 effImprove=1 updated=0
    [CG] CG iter 30: obj=2575363.012765, maxRC=101.304003, +1 cols
    [CG]   [DIAG] iter=30 posCols=1 newCols=1 effImprove=1 updated=0
    [CG] 列生成收敛，共 31 轮迭代
    [CG] [CG-NODE] depth=0 exit=CERTIFIED certified=1 feasible=1 iters=31 generatedColsBeforeNode=0 newCols=349 posCandidates=354 duplicateCandidates=5 updatedCols=5 zeroObjImproveIters=7 objFirst=854286.903965 objLast=2575363.012765 objGain=1721076.108800 maxRC=2109189.168466 wallSec=0.313337 pricingSec=0.295391 cplexSolveSec=0.011844
      [BB] 根节点即为整数解，obj=2575363.012765
