    [CG] 列生成开始，初始列数=310
    [CG] CG iter 1: obj=892143.989475, maxRC=1313389.015747, +30 cols
    [CG]   [DIAG] iter=1 posCols=30 newCols=30 effImprove=30 updated=0
    [CG] CG iter 2: obj=1706261.428681, maxRC=256823.017238, +24 cols
    [CG]   [DIAG] iter=2 posCols=24 newCols=24 effImprove=24 updated=0
    [CG] CG iter 3: obj=1820663.983344, maxRC=450112.476348, +27 cols
    [CG]   [DIAG] iter=3 posCols=27 newCols=27 effImprove=27 updated=0
    [CG] CG iter 4: obj=1874987.209622, maxRC=340168.440729, +25 cols
    [CG]   [DIAG] iter=4 posCols=25 newCols=25 effImprove=25 updated=0
    [CG] CG iter 5: obj=1912501.416910, maxRC=225961.244892, +22 cols
    [CG]   [DIAG] iter=5 posCols=22 newCols=21 effImprove=22 updated=1
    [CG] CG iter 6: obj=1992244.730318, maxRC=154418.442531, +17 cols
    [CG]   [DIAG] iter=6 posCols=17 newCols=17 effImprove=17 updated=0
    [CG] CG iter 7: obj=2014505.068660, maxRC=102218.238752, +17 cols
    [CG]   [DIAG] iter=7 posCols=17 newCols=17 effImprove=17 updated=0
    [CG] CG iter 8: obj=2071228.730025, maxRC=117478.719117, +15 cols
    [CG]   [DIAG] iter=8 posCols=15 newCols=15 effImprove=15 updated=0
    [CG] CG iter 9: obj=2097229.715176, maxRC=115863.835667, +16 cols
    [CG]   [DIAG] iter=9 posCols=16 newCols=16 effImprove=16 updated=0
    [CG] CG iter 10: obj=2097229.715176, maxRC=89736.137783, +14 cols
    [CG]   [DIAG] iter=10 posCols=14 newCols=14 effImprove=14 updated=0
    [CG] CG iter 11: obj=2111417.269537, maxRC=53760.911650, +15 cols
    [CG]   [DIAG] iter=11 posCols=15 newCols=15 effImprove=15 updated=0
    [CG] CG iter 12: obj=2122769.009555, maxRC=47432.028561, +14 cols
    [CG]   [DIAG] iter=12 posCols=14 newCols=13 effImprove=14 updated=1
    [CG] CG iter 13: obj=2139809.805629, maxRC=17122.446967, +9 cols
    [CG]   [DIAG] iter=13 posCols=9 newCols=9 effImprove=9 updated=0
    [CG] CG iter 14: obj=2141585.744061, maxRC=14596.446695, +8 cols
    [CG]   [DIAG] iter=14 posCols=8 newCols=8 effImprove=8 updated=0
    [CG] CG iter 15: obj=2141585.744061, maxRC=18456.967065, +7 cols
    [CG]   [DIAG] iter=15 posCols=7 newCols=7 effImprove=7 updated=0
    [CG] CG iter 16: obj=2145098.175201, maxRC=6300.495379, +4 cols
    [CG]   [DIAG] iter=16 posCols=4 newCols=4 effImprove=4 updated=0
    [CG] CG iter 17: obj=2147751.952976, maxRC=5996.941628, +3 cols
    [CG]   [DIAG] iter=17 posCols=3 newCols=3 effImprove=3 updated=0
    [CG] CG iter 18: obj=2147751.952976, maxRC=5795.379597, +3 cols
    [CG]   [DIAG] iter=18 posCols=3 newCols=3 effImprove=3 updated=0
    [CG] 列生成收敛，共 19 轮迭代
    [CG] [CG-NODE] depth=0 exit=CERTIFIED certified=1 feasible=1 iters=19 generatedColsBeforeNode=0 newCols=268 posCandidates=270 duplicateCandidates=2 updatedCols=2 zeroObjImproveIters=4 objFirst=892143.989475 objLast=2147751.952976 objGain=1255607.963501 maxRC=1313389.015747 wallSec=0.139796 pricingSec=0.129246 cplexSolveSec=0.007388
      [BB] 根节点即为整数解，obj=2147751.952976
