    [CG] 列生成开始，初始列数=310
    [CG] CG iter 1: obj=906618.549010, maxRC=1307352.669753, +30 cols
    [CG]   [DIAG] iter=1 posCols=30 newCols=30 effImprove=30 updated=0
    [CG] CG iter 2: obj=1731409.559414, maxRC=278988.303270, +27 cols
    [CG]   [DIAG] iter=2 posCols=27 newCols=27 effImprove=27 updated=0
    [CG] CG iter 3: obj=1825947.609217, maxRC=488244.094767, +27 cols
    [CG]   [DIAG] iter=3 posCols=27 newCols=27 effImprove=27 updated=0
    [CG] CG iter 4: obj=1922347.876551, maxRC=298433.749126, +25 cols
    [CG]   [DIAG] iter=4 posCols=25 newCols=25 effImprove=25 updated=0
    [CG] CG iter 5: obj=1943956.189567, maxRC=277286.865992, +25 cols
    [CG]   [DIAG] iter=5 posCols=25 newCols=25 effImprove=25 updated=0
    [CG] CG iter 6: obj=2002375.063773, maxRC=151823.025227, +26 cols
    [CG]   [DIAG] iter=6 posCols=26 newCols=26 effImprove=26 updated=0
    [CG] CG iter 7: obj=2033291.177978, maxRC=183346.768778, +22 cols
    [CG]   [DIAG] iter=7 posCols=22 newCols=22 effImprove=22 updated=0
    [CG] CG iter 8: obj=2094625.335225, maxRC=93861.988150, +23 cols
    [CG]   [DIAG] iter=8 posCols=23 newCols=23 effImprove=23 updated=0
    [CG] CG iter 9: obj=2124407.963105, maxRC=64315.844988, +22 cols
    [CG]   [DIAG] iter=9 posCols=22 newCols=22 effImprove=22 updated=0
    [CG] CG iter 10: obj=2137351.685813, maxRC=71825.212059, +18 cols
    [CG]   [DIAG] iter=10 posCols=18 newCols=18 effImprove=18 updated=0
    [CG] CG iter 11: obj=2157449.007287, maxRC=35196.896716, +16 cols
    [CG]   [DIAG] iter=11 posCols=16 newCols=16 effImprove=16 updated=0
    [CG] CG iter 12: obj=2174729.950428, maxRC=50474.324633, +13 cols
    [CG]   [DIAG] iter=12 posCols=13 newCols=13 effImprove=13 updated=0
    [CG] CG iter 13: obj=2180636.828189, maxRC=24035.828495, +10 cols
    [CG]   [DIAG] iter=13 posCols=10 newCols=10 effImprove=10 updated=0
    [CG] CG iter 14: obj=2185012.252490, maxRC=24313.722357, +9 cols
    [CG]   [DIAG] iter=14 posCols=9 newCols=9 effImprove=9 updated=0
    [CG] CG iter 15: obj=2186293.792463, maxRC=20599.615326, +7 cols
    [CG]   [DIAG] iter=15 posCols=7 newCols=7 effImprove=7 updated=0
    [CG] CG iter 16: obj=2191572.614704, maxRC=18515.639270, +8 cols
    [CG]   [DIAG] iter=16 posCols=8 newCols=8 effImprove=8 updated=0
    [CG] CG iter 17: obj=2204948.039391, maxRC=7503.632106, +5 cols
    [CG]   [DIAG] iter=17 posCols=5 newCols=5 effImprove=5 updated=0
    [CG] CG iter 18: obj=2204948.039391, maxRC=6228.338292, +4 cols
    [CG]   [DIAG] iter=18 posCols=4 newCols=4 effImprove=4 updated=0
    [CG] CG iter 19: obj=2208849.715226, maxRC=1877.050678, +2 cols
    [CG]   [DIAG] iter=19 posCols=2 newCols=2 effImprove=2 updated=0
    [CG] CG iter 20: obj=2208849.715226, maxRC=1192.002235, +1 cols
    [CG]   [DIAG] iter=20 posCols=1 newCols=1 effImprove=1 updated=0
    [CG] 列生成收敛，共 21 轮迭代
    [CG] [CG-NODE] depth=0 exit=CERTIFIED certified=1 feasible=1 iters=21 generatedColsBeforeNode=0 newCols=320 posCandidates=320 duplicateCandidates=0 updatedCols=0 zeroObjImproveIters=3 objFirst=906618.549010 objLast=2208849.715226 objGain=1302231.166216 maxRC=1307352.669753 wallSec=0.213652 pricingSec=0.198826 cplexSolveSec=0.010086
      [BB] 根节点即为整数解，obj=2208849.715226
