    [CG] 列生成开始，初始列数=310
    [CG] CG iter 1: obj=921545.764862, maxRC=1327807.480395, +30 cols
    [CG]   [DIAG] iter=1 posCols=30 newCols=30 effImprove=30 updated=0
    [CG] CG iter 2: obj=1740085.609690, maxRC=264879.479646, +24 cols
    [CG]   [DIAG] iter=2 posCols=24 newCols=24 effImprove=24 updated=0
    [CG] CG iter 3: obj=1919774.922202, maxRC=481171.325017, +27 cols
    [CG]   [DIAG] iter=3 posCols=27 newCols=27 effImprove=27 updated=0
    [CG] CG iter 4: obj=2008890.961041, maxRC=239694.106517, +26 cols
    [CG]   [DIAG] iter=4 posCols=26 newCols=26 effImprove=26 updated=0
    [CG] CG iter 5: obj=2044385.121792, maxRC=138584.144851, +24 cols
    [CG]   [DIAG] iter=5 posCols=24 newCols=24 effImprove=24 updated=0
    [CG] CG iter 6: obj=2066105.126475, maxRC=141721.607518, +24 cols
    [CG]   [DIAG] iter=6 posCols=24 newCols=24 effImprove=24 updated=0
    [CG] CG iter 7: obj=2114289.158813, maxRC=93797.587884, +19 cols
    [CG]   [DIAG] iter=7 posCols=19 newCols=19 effImprove=19 updated=0
    [CG] CG iter 8: obj=2125131.032266, maxRC=93963.909637, +19 cols
    [CG]   [DIAG] iter=8 posCols=19 newCols=18 effImprove=19 updated=1
    [CG] CG iter 9: obj=2154251.569488, maxRC=60233.379834, +20 cols
    [CG]   [DIAG] iter=9 posCols=20 newCols=20 effImprove=20 updated=0
    [CG] CG iter 10: obj=2168608.004416, maxRC=49111.242706, +20 cols
    [CG]   [DIAG] iter=10 posCols=20 newCols=20 effImprove=20 updated=0
    [CG] CG iter 11: obj=2177139.829667, maxRC=55809.468741, +16 cols
    [CG]   [DIAG] iter=11 posCols=16 newCols=15 effImprove=16 updated=1
    [CG] CG iter 12: obj=2181325.372456, maxRC=35780.275686, +17 cols
    [CG]   [DIAG] iter=12 posCols=17 newCols=17 effImprove=17 updated=0
    [CG] CG iter 13: obj=2199465.560984, maxRC=29175.756989, +12 cols
    [CG]   [DIAG] iter=13 posCols=12 newCols=12 effImprove=12 updated=0
    [CG] CG iter 14: obj=2210362.568927, maxRC=20363.274019, +10 cols
    [CG]   [DIAG] iter=14 posCols=10 newCols=9 effImprove=10 updated=1
    [CG] CG iter 15: obj=2211486.779915, maxRC=17622.630063, +7 cols
    [CG]   [DIAG] iter=15 posCols=7 newCols=7 effImprove=7 updated=0
    [CG] CG iter 16: obj=2216688.800830, maxRC=13882.747587, +7 cols
    [CG]   [DIAG] iter=16 posCols=7 newCols=7 effImprove=7 updated=0
    [CG] CG iter 17: obj=2221399.134135, maxRC=11142.423658, +8 cols
    [CG]   [DIAG] iter=17 posCols=8 newCols=7 effImprove=8 updated=1
    [CG] CG iter 18: obj=2228128.095608, maxRC=18634.177533, +4 cols
    [CG]   [DIAG] iter=18 posCols=4 newCols=4 effImprove=4 updated=0
    [CG] CG iter 19: obj=2228742.957063, maxRC=8216.606375, +5 cols
    [CG]   [DIAG] iter=19 posCols=5 newCols=5 effImprove=5 updated=0
    [CG] 列生成收敛，共 20 轮迭代
    [CG] [CG-NODE] depth=0 exit=CERTIFIED certified=1 feasible=1 iters=20 generatedColsBeforeNode=0 newCols=315 posCandidates=319 duplicateCandidates=4 updatedCols=4 zeroObjImproveIters=1 objFirst=921545.764862 objLast=2228742.957063 objGain=1307197.192201 maxRC=1327807.480395 wallSec=0.210911 pricingSec=0.195520 cplexSolveSec=0.009795
      [BB] 根节点即为整数解，obj=2228742.957063
