    [CG] 列生成开始，初始列数=310
    [CG] CG iter 1: obj=879990.980052, maxRC=1309175.235206, +30 cols
    [CG]   [DIAG] iter=1 posCols=30 newCols=30 effImprove=30 updated=0
    [CG] CG iter 2: obj=1669985.933517, maxRC=301673.809866, +24 cols
    [CG]   [DIAG] iter=2 posCols=24 newCols=24 effImprove=24 updated=0
    [CG] CG iter 3: obj=1713115.549143, maxRC=505811.414654, +27 cols
    [CG]   [DIAG] iter=3 posCols=27 newCols=27 effImprove=27 updated=0
    [CG] CG iter 4: obj=1751031.345677, maxRC=282345.596288, +24 cols
    [CG]   [DIAG] iter=4 posCols=24 newCols=24 effImprove=24 updated=0
    [CG] CG iter 5: obj=1850813.106604, maxRC=287487.228481, +24 cols
    [CG]   [DIAG] iter=5 posCols=24 newCols=24 effImprove=24 updated=0
    [CG] CG iter 6: obj=1858605.809107, maxRC=196946.081736, +23 cols
    [CG]   [DIAG] iter=6 posCols=23 newCols=23 effImprove=23 updated=0
    [CG] CG iter 7: obj=1939632.005424, maxRC=175149.432264, +21 cols
    [CG]   [DIAG] iter=7 posCols=21 newCols=21 effImprove=21 updated=0
    [CG] CG iter 8: obj=1955668.232885, maxRC=168454.409868, +21 cols
    [CG]   [DIAG] iter=8 posCols=21 newCols=21 effImprove=21 updated=0
    [CG] CG iter 9: obj=1960926.025852, maxRC=49857.032419, +22 cols
    [CG]   [DIAG] iter=9 posCols=22 newCols=22 effImprove=22 updated=0
    [CG] CG iter 10: obj=1987891.573125, maxRC=51398.772317, +20 cols
    [CG]   [DIAG] iter=10 posCols=20 newCols=20 effImprove=20 updated=0
    [CG] CG iter 11: obj=2020538.905449, maxRC=38669.451770, +18 cols
    [CG]   [DIAG] iter=11 posCols=18 newCols=18 effImprove=18 updated=0
    [CG] CG iter 12: obj=2020538.905449, maxRC=29350.948308, +17 cols
    [CG]   [DIAG] iter=12 posCols=17 newCols=16 effImprove=17 updated=1
    [CG] CG iter 13: obj=2032087.052386, maxRC=12846.797031, +11 cols
    [CG]   [DIAG] iter=13 posCols=11 newCols=10 effImprove=11 updated=1
    [CG] CG iter 14: obj=2044545.905742, maxRC=3023.131147, +3 cols
    [CG]   [DIAG] iter=14 posCols=3 newCols=3 effImprove=3 updated=0
    [CG] CG iter 15: obj=2044545.905742, maxRC=2504.373115, +2 cols
    [CG]   [DIAG] iter=15 posCols=2 newCols=2 effImprove=2 updated=0
    [CG] CG iter 16: obj=2045229.772184, maxRC=450.062530, +1 cols
    [CG]   [DIAG] iter=16 posCols=1 newCols=1 effImprove=1 updated=0
    [CG] CG iter 17: obj=2045679.834714, maxRC=116.828300, +1 cols
    [CG]   [DIAG] iter=17 posCols=1 newCols=1 effImprove=1 updated=0
    [CG] 列生成收敛，共 18 轮迭代
    [CG] [CG-NODE] depth=0 exit=CERTIFIED certified=1 feasible=1 iters=18 generatedColsBeforeNode=0 newCols=287 posCandidates=289 duplicateCandidates=2 updatedCols=2 zeroObjImproveIters=3 objFirst=879990.980052 objLast=2045679.834714 objGain=1165688.854662 maxRC=1309175.235206 wallSec=0.183816 pricingSec=0.170270 cplexSolveSec=0.008214
      [BB] 根节点即为整数解，obj=2045679.834714
