    [CG] 列生成开始，初始列数=310
    [CG] CG iter 1: obj=1106673.508152, maxRC=1437465.547101, +30 cols
    [CG]   [DIAG] iter=1 posCols=30 newCols=30 effImprove=30 updated=0
    [CG] CG iter 2: obj=1841137.979179, maxRC=407665.546575, +25 cols
    [CG]   [DIAG] iter=2 posCols=25 newCols=25 effImprove=25 updated=0
    [CG] CG iter 3: obj=1962996.153968, maxRC=455747.557187, +28 cols
    [CG]   [DIAG] iter=3 posCols=28 newCols=28 effImprove=28 updated=0
    [CG] CG iter 4: obj=2188668.641509, maxRC=260715.825582, +27 cols
    [CG]   [DIAG] iter=4 posCols=27 newCols=27 effImprove=27 updated=0
    [CG] CG iter 5: obj=2299785.214377, maxRC=158884.387573, +21 cols
    [CG]   [DIAG] iter=5 posCols=21 newCols=21 effImprove=21 updated=0
    [CG] CG iter 6: obj=2351523.623251, maxRC=169543.317567, +23 cols
    [CG]   [DIAG] iter=6 posCols=23 newCols=23 effImprove=23 updated=0
    [CG] CG iter 7: obj=2399339.497544, maxRC=90105.190947, +19 cols
    [CG]   [DIAG] iter=7 posCols=19 newCols=19 effImprove=19 updated=0
    [CG] CG iter 8: obj=2443019.868349, maxRC=98306.171666, +17 cols
    [CG]   [DIAG] iter=8 posCols=17 newCols=17 effImprove=17 updated=0
    [CG] CG iter 9: obj=2467378.691551, maxRC=60616.530880, +13 cols
    [CG]   [DIAG] iter=9 posCols=13 newCols=13 effImprove=13 updated=0
    [CG] CG iter 10: obj=2504715.408936, maxRC=18584.014926, +13 cols
    [CG]   [DIAG] iter=10 posCols=13 newCols=13 effImprove=13 updated=0
    [CG] CG iter 11: obj=2513313.731195, maxRC=19732.893074, +16 cols
    [CG]   [DIAG] iter=11 posCols=16 newCols=15 effImprove=16 updated=1
    [CG] CG iter 12: obj=2515721.038939, maxRC=19262.449134, +8 cols
    [CG]   [DIAG] iter=12 posCols=8 newCols=8 effImprove=8 updated=0
    [CG] CG iter 13: obj=2515721.038939, maxRC=12657.363021, +3 cols
    [CG]   [DIAG] iter=13 posCols=3 newCols=3 effImprove=3 updated=0
    [CG] CG iter 14: obj=2516624.203520, maxRC=9841.706344, +5 cols
    [CG]   [DIAG] iter=14 posCols=5 newCols=5 effImprove=5 updated=0
    [CG] CG iter 15: obj=2526465.909864, maxRC=6137.867981, +1 cols
    [CG]   [DIAG] iter=15 posCols=1 newCols=1 effImprove=1 updated=0
    [CG] 列生成收敛，共 16 轮迭代
    [CG] [CG-NODE] depth=0 exit=CERTIFIED certified=1 feasible=1 iters=16 generatedColsBeforeNode=0 newCols=248 posCandidates=249 duplicateCandidates=1 updatedCols=1 zeroObjImproveIters=2 objFirst=1106673.508152 objLast=2526465.909864 objGain=1419792.401712 maxRC=1437465.547101 wallSec=0.160918 pricingSec=0.149728 cplexSolveSec=0.006839
      [BB] 根节点即为整数解，obj=2526465.909864
