    [CG] 列生成开始，初始列数=310
    [CG] CG iter 1: obj=1158533.236342, maxRC=1395138.090870, +30 cols
    [CG]   [DIAG] iter=1 posCols=30 newCols=30 effImprove=30 updated=0
    [CG] CG iter 2: obj=1912866.628019, maxRC=311932.257950, +28 cols
    [CG]   [DIAG] iter=2 posCols=28 newCols=28 effImprove=28 updated=0
    [CG] CG iter 3: obj=2130918.109329, maxRC=475984.924108, +30 cols
    [CG]   [DIAG] iter=3 posCols=30 newCols=30 effImprove=30 updated=0
    [CG] CG iter 4: obj=2278826.788726, maxRC=387000.172254, +28 cols
    [CG]   [DIAG] iter=4 posCols=28 newCols=28 effImprove=28 updated=0
    [CG] CG iter 5: obj=2348292.275672, maxRC=208168.170660, +29 cols
    [CG]   [DIAG] iter=5 posCols=29 newCols=29 effImprove=29 updated=0
    [CG] CG iter 6: obj=2424061.125497, maxRC=157212.173893, +27 cols
    [CG]   [DIAG] iter=6 posCols=27 newCols=27 effImprove=27 updated=0
    [CG] CG iter 7: obj=2527865.101034, maxRC=159159.328644, +27 cols
    [CG]   [DIAG] iter=7 posCols=27 newCols=27 effImprove=27 updated=0
    [CG] CG iter 8: obj=2553596.283297, maxRC=136045.395031, +23 cols
    [CG]   [DIAG] iter=8 posCols=23 newCols=23 effImprove=23 updated=0
    [CG] CG iter 9: obj=2605798.816747, maxRC=82849.188756, +24 cols
    [CG]   [DIAG] iter=9 posCols=24 newCols=24 effImprove=24 updated=0
    [CG] CG iter 10: obj=2650011.524394, maxRC=72937.527711, +22 cols
    [CG]   [DIAG] iter=10 posCols=22 newCols=21 effImprove=22 updated=1
    [CG] CG iter 11: obj=2680382.463141, maxRC=28920.388463, +17 cols
    [CG]   [DIAG] iter=11 posCols=17 newCols=17 effImprove=17 updated=0
    [CG] CG iter 12: obj=2691937.493060, maxRC=22466.328473, +13 cols
    [CG]   [DIAG] iter=12 posCols=13 newCols=13 effImprove=13 updated=0
    [CG] CG iter 13: obj=2691937.493060, maxRC=12730.586169, +7 cols
    [CG]   [DIAG] iter=13 posCols=7 newCols=6 effImprove=7 updated=1
    [CG] CG iter 14: obj=2696024.789301, maxRC=7687.851007, +6 cols
    [CG]   [DIAG] iter=14 posCols=6 newCols=5 effImprove=6 updated=1
    [CG] CG iter 15: obj=2696024.789301, maxRC=6427.802682, +6 cols
    [CG]   [DIAG] iter=15 posCols=6 newCols=6 effImprove=6 updated=0
    [CG] CG iter 16: obj=2698135.913621, maxRC=1396.115514, +2 cols
    [CG]   [DIAG] iter=16 posCols=2 newCols=2 effImprove=2 updated=0
    [CG] CG iter 17: obj=2698135.913621, maxRC=511.074416, +1 cols
    [CG]   [DIAG] iter=17 posCols=1 newCols=1 effImprove=1 updated=0
    [CG] 列生成收敛，共 18 轮迭代
    [CG] [CG-NODE] depth=0 exit=CERTIFIED certified=1 feasible=1 iters=18 generatedColsBeforeNode=0 newCols=317 posCandidates=320 duplicateCandidates=3 updatedCols=3 zeroObjImproveIters=4 objFirst=1158533.236342 objLast=2698135.913621 objGain=1539602.677279 maxRC=1395138.090870 wallSec=0.220712 pricingSec=0.207900 cplexSolveSec=0.007740
      [BB] 根节点即为整数解，obj=2698135.913621
