    [CG] 列生成开始，初始列数=310
    [CG] CG iter 1: obj=1159270.329982, maxRC=1469830.179272, +30 cols
    [CG]   [DIAG] iter=1 posCols=30 newCols=30 effImprove=30 updated=0
    [CG] CG iter 2: obj=1935136.627926, maxRC=351783.251248, +27 cols
    [CG]   [DIAG] iter=2 posCols=27 newCols=27 effImprove=27 updated=0
    [CG] CG iter 3: obj=2164638.484302, maxRC=507503.148846, +30 cols
    [CG]   [DIAG] iter=3 posCols=30 newCols=30 effImprove=30 updated=0
    [CG] CG iter 4: obj=2292482.072638, maxRC=378370.438696, +29 cols
    [CG]   [DIAG] iter=4 posCols=29 newCols=29 effImprove=29 updated=0
    [CG] CG iter 5: obj=2357406.061801, maxRC=213277.860941, +26 cols
    [CG]   [DIAG] iter=5 posCols=26 newCols=26 effImprove=26 updated=0
    [CG] CG iter 6: obj=2479519.945002, maxRC=130488.400426, +25 cols
    [CG]   [DIAG] iter=6 posCols=25 newCols=25 effImprove=25 updated=0
    [CG] CG iter 7: obj=2539565.847204, maxRC=126932.669830, +24 cols
    [CG]   [DIAG] iter=7 posCols=24 newCols=24 effImprove=24 updated=0
    [CG] CG iter 8: obj=2603833.019600, maxRC=65791.165761, +23 cols
    [CG]   [DIAG] iter=8 posCols=23 newCols=23 effImprove=23 updated=0
    [CG] CG iter 9: obj=2640901.998050, maxRC=49497.285569, +23 cols
    [CG]   [DIAG] iter=9 posCols=23 newCols=23 effImprove=23 updated=0
    [CG] CG iter 10: obj=2662328.227485, maxRC=64028.431051, +20 cols
    [CG]   [DIAG] iter=10 posCols=20 newCols=20 effImprove=20 updated=0
    [CG] CG iter 11: obj=2674299.593962, maxRC=60780.591997, +22 cols
    [CG]   [DIAG] iter=11 posCols=22 newCols=21 effImprove=22 updated=1
    [CG] CG iter 12: obj=2684640.596833, maxRC=26234.905181, +17 cols
    [CG]   [DIAG] iter=12 posCols=17 newCols=17 effImprove=17 updated=0
    [CG] CG iter 13: obj=2709622.214945, maxRC=19080.767066, +11 cols
    [CG]   [DIAG] iter=13 posCols=11 newCols=11 effImprove=11 updated=0
    [CG] CG iter 14: obj=2720478.049337, maxRC=8659.368427, +6 cols
    [CG]   [DIAG] iter=14 posCols=6 newCols=6 effImprove=6 updated=0
    [CG] CG iter 15: obj=2721070.297086, maxRC=1255.390494, +3 cols
    [CG]   [DIAG] iter=15 posCols=3 newCols=3 effImprove=3 updated=0
    [CG] CG iter 16: obj=2721070.297086, maxRC=529.153011, +1 cols
    [CG]   [DIAG] iter=16 posCols=1 newCols=1 effImprove=1 updated=0
    [CG] 列生成收敛，共 17 轮迭代
    [CG] [CG-NODE] depth=0 exit=CERTIFIED certified=1 feasible=1 iters=17 generatedColsBeforeNode=0 newCols=316 posCandidates=317 duplicateCandidates=1 updatedCols=1 zeroObjImproveIters=2 objFirst=1159270.329982 objLast=2721070.297086 objGain=1561799.967104 maxRC=1469830.179272 wallSec=0.219284 pricingSec=0.206251 cplexSolveSec=0.008167
      [BB] 根节点即为整数解，obj=2721070.297086
