    [CG] 列生成开始，初始列数=310
    [CG] CG iter 1: obj=1155185.988312, maxRC=1272826.966040, +30 cols
    [CG]   [DIAG] iter=1 posCols=30 newCols=30 effImprove=30 updated=0
    [CG] CG iter 2: obj=1813224.713160, maxRC=338889.571889, +30 cols
    [CG]   [DIAG] iter=2 posCols=30 newCols=30 effImprove=30 updated=0
    [CG] CG iter 3: obj=2180669.481962, maxRC=361830.592572, +30 cols
    [CG]   [DIAG] iter=3 posCols=30 newCols=30 effImprove=30 updated=0
    [CG] CG iter 4: obj=2233827.270738, maxRC=197293.289326, +29 cols
    [CG]   [DIAG] iter=4 posCols=29 newCols=29 effImprove=29 updated=0
    [CG] CG iter 5: obj=2363911.222494, maxRC=141509.056727, +28 cols
    [CG]   [DIAG] iter=5 posCols=28 newCols=28 effImprove=28 updated=0
    [CG] CG iter 6: obj=2487805.634027, maxRC=99332.040743, +19 cols
    [CG]   [DIAG] iter=6 posCols=19 newCols=18 effImprove=19 updated=1
    [CG] CG iter 7: obj=2502503.944109, maxRC=96989.250304, +17 cols
    [CG]   [DIAG] iter=7 posCols=17 newCols=17 effImprove=17 updated=0
    [CG] CG iter 8: obj=2531320.136580, maxRC=57643.017725, +18 cols
    [CG]   [DIAG] iter=8 posCols=18 newCols=18 effImprove=18 updated=0
    [CG] CG iter 9: obj=2552727.855603, maxRC=44406.809706, +14 cols
    [CG]   [DIAG] iter=9 posCols=14 newCols=14 effImprove=14 updated=0
    [CG] CG iter 10: obj=2571913.786202, maxRC=22650.013844, +14 cols
    [CG]   [DIAG] iter=10 posCols=14 newCols=14 effImprove=14 updated=0
    [CG] CG iter 11: obj=2578742.488637, maxRC=46074.567716, +13 cols
    [CG]   [DIAG] iter=11 posCols=13 newCols=13 effImprove=13 updated=0
    [CG] CG iter 12: obj=2588660.244281, maxRC=22072.094783, +13 cols
    [CG]   [DIAG] iter=12 posCols=13 newCols=13 effImprove=13 updated=0
    [CG] CG iter 13: obj=2590547.598823, maxRC=19732.933020, +10 cols
    [CG]   [DIAG] iter=13 posCols=10 newCols=10 effImprove=10 updated=0
    [CG] CG iter 14: obj=2596225.316874, maxRC=11316.325490, +6 cols
    [CG]   [DIAG] iter=14 posCols=6 newCols=6 effImprove=6 updated=0
    [CG] CG iter 15: obj=2596977.786318, maxRC=5917.278998, +5 cols
    [CG]   [DIAG] iter=15 posCols=5 newCols=5 effImprove=5 updated=0
    [CG] CG iter 16: obj=2599716.789752, maxRC=3015.629775, +2 cols
    [CG]   [DIAG] iter=16 posCols=2 newCols=2 effImprove=2 updated=0
    [CG] CG iter 17: obj=2602732.419527, maxRC=828.837940, +2 cols
    [CG]   [DIAG] iter=17 posCols=2 newCols=2 effImprove=2 updated=0
    [CG] CG iter 18: obj=2602732.419527, maxRC=412.311992, +1 cols
    [CG]   [DIAG] iter=18 posCols=1 newCols=1 effImprove=1 updated=0
    [CG] 列生成收敛，共 19 轮迭代
    [CG] [CG-NODE] depth=0 exit=CERTIFIED certified=1 feasible=1 iters=19 generatedColsBeforeNode=0 newCols=280 posCandidates=281 duplicateCandidates=1 updatedCols=1 zeroObjImproveIters=2 objFirst=1155185.988312 objLast=2602732.419527 objGain=1447546.431215 maxRC=1272826.966040 wallSec=0.162731 pricingSec=0.149860 cplexSolveSec=0.008051
      [BB] 根节点即为整数解，obj=2602732.419527
