    [CG] 列生成开始，初始列数=310
    [CG] CG iter 1: obj=1158474.498265, maxRC=1386529.179044, +30 cols
    [CG]   [DIAG] iter=1 posCols=30 newCols=30 effImprove=30 updated=0
    [CG] CG iter 2: obj=1924522.399075, maxRC=307770.287397, +28 cols
    [CG]   [DIAG] iter=2 posCols=28 newCols=28 effImprove=28 updated=0
    [CG] CG iter 3: obj=2090579.463262, maxRC=550167.684964, +30 cols
    [CG]   [DIAG] iter=3 posCols=30 newCols=30 effImprove=30 updated=0
    [CG] CG iter 4: obj=2300929.734796, maxRC=421544.690530, +28 cols
    [CG]   [DIAG] iter=4 posCols=28 newCols=28 effImprove=28 updated=0
    [CG] CG iter 5: obj=2328148.293685, maxRC=145194.265396, +27 cols
    [CG]   [DIAG] iter=5 posCols=27 newCols=27 effImprove=27 updated=0
    [CG] CG iter 6: obj=2504399.023286, maxRC=137790.635955, +27 cols
    [CG]   [DIAG] iter=6 posCols=27 newCols=27 effImprove=27 updated=0
    [CG] CG iter 7: obj=2555759.445342, maxRC=61297.140972, +24 cols
    [CG]   [DIAG] iter=7 posCols=24 newCols=24 effImprove=24 updated=0
    [CG] CG iter 8: obj=2605364.961508, maxRC=120781.014304, +23 cols
    [CG]   [DIAG] iter=8 posCols=23 newCols=23 effImprove=23 updated=0
    [CG] CG iter 9: obj=2605364.961508, maxRC=51132.863815, +22 cols
    [CG]   [DIAG] iter=9 posCols=22 newCols=22 effImprove=22 updated=0
    [CG] CG iter 10: obj=2638626.532160, maxRC=62853.511702, +19 cols
    [CG]   [DIAG] iter=10 posCols=19 newCols=19 effImprove=19 updated=0
    [CG] CG iter 11: obj=2662157.176271, maxRC=30598.447415, +17 cols
    [CG]   [DIAG] iter=11 posCols=17 newCols=16 effImprove=17 updated=1
    [CG] CG iter 12: obj=2670682.766552, maxRC=26819.575478, +14 cols
    [CG]   [DIAG] iter=12 posCols=14 newCols=14 effImprove=14 updated=0
    [CG] CG iter 13: obj=2677377.850895, maxRC=18781.270173, +9 cols
    [CG]   [DIAG] iter=13 posCols=9 newCols=9 effImprove=9 updated=0
    [CG] CG iter 14: obj=2693485.278231, maxRC=3636.374536, +3 cols
    [CG]   [DIAG] iter=14 posCols=3 newCols=3 effImprove=3 updated=0
    [CG] CG iter 15: obj=2693485.278231, maxRC=525.746093, +1 cols
    [CG]   [DIAG] iter=15 posCols=1 newCols=0 effImprove=1 updated=1
    [CG] 列生成收敛，共 16 轮迭代
    [CG] [CG-NODE] depth=0 exit=CERTIFIED certified=1 feasible=1 iters=16 generatedColsBeforeNode=0 newCols=300 posCandidates=302 duplicateCandidates=2 updatedCols=2 zeroObjImproveIters=3 objFirst=1158474.498265 objLast=2693485.278231 objGain=1535010.779966 maxRC=1386529.179044 wallSec=0.291857 pricingSec=0.277065 cplexSolveSec=0.009011
      [BB] 根节点即为整数解，obj=2693485.278231
