    [CG] 列生成开始，初始列数=310
    [CG] CG iter 1: obj=1170692.708474, maxRC=1395150.479933, +30 cols
    [CG]   [DIAG] iter=1 posCols=30 newCols=30 effImprove=30 updated=0
    [CG] CG iter 2: obj=1911128.753858, maxRC=318029.133590, +30 cols
    [CG]   [DIAG] iter=2 posCols=30 newCols=30 effImprove=30 updated=0
    [CG] CG iter 3: obj=2188014.281983, maxRC=553397.665539, +30 cols
    [CG]   [DIAG] iter=3 posCols=30 newCols=30 effImprove=30 updated=0
    [CG] CG iter 4: obj=2243323.956968, maxRC=290790.148265, +29 cols
    [CG]   [DIAG] iter=4 posCols=29 newCols=29 effImprove=29 updated=0
    [CG] CG iter 5: obj=2378858.883768, maxRC=171915.999308, +26 cols
    [CG]   [DIAG] iter=5 posCols=26 newCols=26 effImprove=26 updated=0
    [CG] CG iter 6: obj=2487218.109267, maxRC=148019.630744, +24 cols
    [CG]   [DIAG] iter=6 posCols=24 newCols=24 effImprove=24 updated=0
    [CG] CG iter 7: obj=2529141.484303, maxRC=88687.738166, +21 cols
    [CG]   [DIAG] iter=7 posCols=21 newCols=21 effImprove=21 updated=0
    [CG] CG iter 8: obj=2553309.263265, maxRC=112345.990777, +23 cols
    [CG]   [DIAG] iter=8 posCols=23 newCols=23 effImprove=23 updated=0
    [CG] CG iter 9: obj=2624999.754979, maxRC=66798.574293, +17 cols
    [CG]   [DIAG] iter=9 posCols=17 newCols=17 effImprove=17 updated=0
    [CG] CG iter 10: obj=2641204.531742, maxRC=43696.244153, +19 cols
    [CG]   [DIAG] iter=10 posCols=19 newCols=19 effImprove=19 updated=0
    [CG] CG iter 11: obj=2644290.582612, maxRC=17778.620307, +12 cols
    [CG]   [DIAG] iter=11 posCols=12 newCols=11 effImprove=12 updated=1
    [CG] CG iter 12: obj=2652932.879616, maxRC=19336.623305, +12 cols
    [CG]   [DIAG] iter=12 posCols=12 newCols=12 effImprove=12 updated=0
    [CG] CG iter 13: obj=2671775.710001, maxRC=5745.219817, +3 cols
    [CG]   [DIAG] iter=13 posCols=3 newCols=3 effImprove=3 updated=0
    [CG] CG iter 14: obj=2672175.146280, maxRC=1784.291237, +3 cols
    [CG]   [DIAG] iter=14 posCols=3 newCols=3 effImprove=3 updated=0
    [CG] 列生成收敛，共 15 轮迭代
    [CG] [CG-NODE] depth=0 exit=CERTIFIED certified=1 feasible=1 iters=15 generatedColsBeforeNode=0 newCols=278 posCandidates=279 duplicateCandidates=1 updatedCols=1 zeroObjImproveIters=1 objFirst=1170692.708474 objLast=2672175.146280 objGain=1501482.437806 maxRC=1395150.479933 wallSec=0.180043 pricingSec=0.170623 cplexSolveSec=0.005985
      [BB] 根节点即为整数解，obj=2672175.146280
