    [CG] 列生成开始，初始列数=310
    [CG] CG iter 1: obj=548897.741263, maxRC=440478.332661, +25 cols
    [CG]   [DIAG] iter=1 posCols=25 newCols=25 effImprove=25 updated=0
    [CG] CG iter 2: obj=926579.005708, maxRC=273363.501119, +22 cols
    [CG]   [DIAG] iter=2 posCols=22 newCols=22 effImprove=22 updated=0
    [CG] CG iter 3: obj=959111.330707, maxRC=211978.575235, +21 cols
    [CG]   [DIAG] iter=3 posCols=21 newCols=21 effImprove=21 updated=0
    [CG] CG iter 4: obj=1029389.384922, maxRC=141464.266018, +21 cols
    [CG]   [DIAG] iter=4 posCols=21 newCols=21 effImprove=21 updated=0
    [CG] CG iter 5: obj=1162858.650215, maxRC=124460.228445, +21 cols
    [CG]   [DIAG] iter=5 posCols=21 newCols=21 effImprove=21 updated=0
    [CG] CG iter 6: obj=1230411.070810, maxRC=108027.627721, +21 cols
    [CG]   [DIAG] iter=6 posCols=21 newCols=21 effImprove=21 updated=0
    [CG] CG iter 7: obj=1247750.309236, maxRC=116362.077808, +21 cols
    [CG]   [DIAG] iter=7 posCols=21 newCols=21 effImprove=21 updated=0
    [CG] CG iter 8: obj=1267316.628695, maxRC=54620.117776, +18 cols
    [CG]   [DIAG] iter=8 posCols=18 newCols=17 effImprove=18 updated=1
    [CG] CG iter 9: obj=1284667.945671, maxRC=17120.435099, +16 cols
    [CG]   [DIAG] iter=9 posCols=16 newCols=15 effImprove=16 updated=1
    [CG] CG iter 10: obj=1306237.529077, maxRC=28440.854672, +12 cols
    [CG]   [DIAG] iter=10 posCols=12 newCols=12 effImprove=12 updated=0
    [CG] CG iter 11: obj=1322352.294030, maxRC=19421.822537, +13 cols
    [CG]   [DIAG] iter=11 posCols=13 newCols=13 effImprove=13 updated=0
    [CG] CG iter 12: obj=1331945.217155, maxRC=25386.266828, +6 cols
    [CG]   [DIAG] iter=12 posCols=6 newCols=6 effImprove=6 updated=0
    [CG] CG iter 13: obj=1331945.217155, maxRC=12010.649939, +3 cols
    [CG]   [DIAG] iter=13 posCols=3 newCols=2 effImprove=3 updated=1
    [CG] CG iter 14: obj=1331945.217155, maxRC=6181.628438, +2 cols
    [CG]   [DIAG] iter=14 posCols=2 newCols=0 effImprove=2 updated=2
    [CG] 列生成收敛，共 15 轮迭代
    [CG] [CG-NODE] depth=0 exit=CERTIFIED certified=1 feasible=1 iters=15 generatedColsBeforeNode=0 newCols=217 posCandidates=222 duplicateCandidates=5 updatedCols=5 zeroObjImproveIters=2 objFirst=548897.741263 objLast=1338772.746561 objGain=789875.005298 maxRC=440478.332661 wallSec=0.137914 pricingSec=0.127108 cplexSolveSec=0.006224
      [BB] 根节点即为整数解，obj=1338772.746561
