    [CG] 列生成开始，初始列数=310
    [CG] CG iter 1: obj=516899.327930, maxRC=451826.624750, +25 cols
    [CG]   [DIAG] iter=1 posCols=25 newCols=25 effImprove=25 updated=0
    [CG] CG iter 2: obj=937818.692156, maxRC=306091.977364, +24 cols
    [CG]   [DIAG] iter=2 posCols=24 newCols=24 effImprove=24 updated=0
    [CG] CG iter 3: obj=937818.692156, maxRC=274166.359275, +24 cols
    [CG]   [DIAG] iter=3 posCols=24 newCols=24 effImprove=24 updated=0
    [CG] CG iter 4: obj=1020838.467995, maxRC=209549.797991, +23 cols
    [CG]   [DIAG] iter=4 posCols=23 newCols=23 effImprove=23 updated=0
    [CG] CG iter 5: obj=1104385.120539, maxRC=130791.327709, +21 cols
    [CG]   [DIAG] iter=5 posCols=21 newCols=21 effImprove=21 updated=0
    [CG] CG iter 6: obj=1156769.873024, maxRC=122094.625776, +20 cols
    [CG]   [DIAG] iter=6 posCols=20 newCols=20 effImprove=20 updated=0
    [CG] CG iter 7: obj=1205820.594631, maxRC=84647.844712, +17 cols
    [CG]   [DIAG] iter=7 posCols=17 newCols=17 effImprove=17 updated=0
    [CG] CG iter 8: obj=1279576.519219, maxRC=72402.738030, +16 cols
    [CG]   [DIAG] iter=8 posCols=16 newCols=16 effImprove=16 updated=0
    [CG] CG iter 9: obj=1302319.098650, maxRC=36183.887047, +15 cols
    [CG]   [DIAG] iter=9 posCols=15 newCols=15 effImprove=15 updated=0
    [CG] CG iter 10: obj=1333826.720397, maxRC=40518.819952, +13 cols
    [CG]   [DIAG] iter=10 posCols=13 newCols=13 effImprove=13 updated=0
    [CG] CG iter 11: obj=1333826.720397, maxRC=20486.219448, +11 cols
    [CG]   [DIAG] iter=11 posCols=11 newCols=11 effImprove=11 updated=0
    [CG] CG iter 12: obj=1333826.720397, maxRC=25214.096608, +8 cols
    [CG]   [DIAG] iter=12 posCols=8 newCols=8 effImprove=8 updated=0
    [CG] CG iter 13: obj=1333826.720397, maxRC=10873.828678, +8 cols
    [CG]   [DIAG] iter=13 posCols=8 newCols=7 effImprove=8 updated=1
    [CG] CG iter 14: obj=1333826.720397, maxRC=4670.394974, +4 cols
    [CG]   [DIAG] iter=14 posCols=4 newCols=4 effImprove=4 updated=0
    [CG] CG iter 15: obj=1338497.115370, maxRC=957.022562, +1 cols
    [CG]   [DIAG] iter=15 posCols=1 newCols=1 effImprove=1 updated=0
    [CG] CG iter 16: obj=1338497.115370, maxRC=263.769037, +1 cols
    [CG]   [DIAG] iter=16 posCols=1 newCols=1 effImprove=1 updated=0
    [CG] CG iter 17: obj=1338497.115370, maxRC=161.072860, +1 cols
    [CG]   [DIAG] iter=17 posCols=1 newCols=1 effImprove=1 updated=0
    [CG] 列生成收敛，共 18 轮迭代
    [CG] [CG-NODE] depth=0 exit=CERTIFIED certified=1 feasible=1 iters=18 generatedColsBeforeNode=0 newCols=231 posCandidates=232 duplicateCandidates=1 updatedCols=1 zeroObjImproveIters=8 objFirst=516899.327930 objLast=1338497.115370 objGain=821597.787441 maxRC=451826.624750 wallSec=0.124962 pricingSec=0.116019 cplexSolveSec=0.005744
      [BB] 根节点即为整数解，obj=1338497.115370
