    [CG] 列生成开始，初始列数=310
    [CG] CG iter 1: obj=268573.018480, maxRC=436496.889479, +25 cols
    [CG]   [DIAG] iter=1 posCols=25 newCols=25 effImprove=25 updated=0
    [CG] CG iter 2: obj=675904.338000, maxRC=264003.038813, +15 cols
    [CG]   [DIAG] iter=2 posCols=15 newCols=15 effImprove=15 updated=0
    [CG] CG iter 3: obj=675904.338000, maxRC=248430.251045, +15 cols
    [CG]   [DIAG] iter=3 posCols=15 newCols=15 effImprove=15 updated=0
    [CG] CG iter 4: obj=738891.850151, maxRC=246587.899763, +15 cols
    [CG]   [DIAG] iter=4 posCols=15 newCols=15 effImprove=15 updated=0
    [CG] CG iter 5: obj=754736.214911, maxRC=209851.647578, +15 cols
    [CG]   [DIAG] iter=5 posCols=15 newCols=15 effImprove=15 updated=0
    [CG] CG iter 6: obj=765708.807485, maxRC=128758.674247, +15 cols
    [CG]   [DIAG] iter=6 posCols=15 newCols=15 effImprove=15 updated=0
    [CG] CG iter 7: obj=795244.417576, maxRC=108161.635356, +15 cols
    [CG]   [DIAG] iter=7 posCols=15 newCols=15 effImprove=15 updated=0
    [CG] CG iter 8: obj=882014.390630, maxRC=66950.253032, +15 cols
    [CG]   [DIAG] iter=8 posCols=15 newCols=15 effImprove=15 updated=0
    [CG] CG iter 9: obj=896747.994124, maxRC=27823.258125, +15 cols
    [CG]   [DIAG] iter=9 posCols=15 newCols=15 effImprove=15 updated=0
    [CG] CG iter 10: obj=900224.767119, maxRC=17877.502289, +10 cols
    [CG]   [DIAG] iter=10 posCols=10 newCols=10 effImprove=10 updated=0
    [CG] CG iter 11: obj=909163.518264, maxRC=8946.662283, +8 cols
    [CG]   [DIAG] iter=11 posCols=8 newCols=8 effImprove=8 updated=0
    [CG] CG iter 12: obj=909163.518264, maxRC=15089.423150, +9 cols
    [CG]   [DIAG] iter=12 posCols=9 newCols=9 effImprove=9 updated=0
    [CG] CG iter 13: obj=909163.518264, maxRC=10801.151925, +7 cols
    [CG]   [DIAG] iter=13 posCols=7 newCols=7 effImprove=7 updated=0
    [CG] CG iter 14: obj=919449.929721, maxRC=2405.694020, +4 cols
    [CG]   [DIAG] iter=14 posCols=4 newCols=4 effImprove=4 updated=0
    [CG] CG iter 15: obj=919449.929721, maxRC=965.135662, +1 cols
    [CG]   [DIAG] iter=15 posCols=1 newCols=1 effImprove=1 updated=0
    [CG] CG iter 16: obj=919449.929721, maxRC=906.709603, +1 cols
    [CG]   [DIAG] iter=16 posCols=1 newCols=1 effImprove=1 updated=0
    [CG] 列生成收敛，共 17 轮迭代
    [CG] [CG-NODE] depth=0 exit=CERTIFIED certified=1 feasible=1 iters=17 generatedColsBeforeNode=0 newCols=185 posCandidates=185 duplicateCandidates=0 updatedCols=0 zeroObjImproveIters=6 objFirst=268573.018480 objLast=919449.929721 objGain=650876.911241 maxRC=436496.889479 wallSec=0.358182 pricingSec=0.332462 cplexSolveSec=0.004567
      [BB] 根节点即为整数解，obj=919449.929721
