    [CG] 列生成开始，初始列数=310
    [CG] CG iter 1: obj=512198.682951, maxRC=438706.471028, +25 cols
    [CG]   [DIAG] iter=1 posCols=25 newCols=25 effImprove=25 updated=0
    [CG] CG iter 2: obj=908487.711212, maxRC=276008.032715, +21 cols
    [CG]   [DIAG] iter=2 posCols=21 newCols=21 effImprove=21 updated=0
    [CG] CG iter 3: obj=937963.944856, maxRC=223981.219644, +21 cols
    [CG]   [DIAG] iter=3 posCols=21 newCols=21 effImprove=21 updated=0
    [CG] CG iter 4: obj=1010298.660122, maxRC=142383.681542, +21 cols
    [CG]   [DIAG] iter=4 posCols=21 newCols=21 effImprove=21 updated=0
    [CG] CG iter 5: obj=1153822.726829, maxRC=109380.778589, +21 cols
    [CG]   [DIAG] iter=5 posCols=21 newCols=21 effImprove=21 updated=0
    [CG] CG iter 6: obj=1211982.136850, maxRC=132789.345252, +21 cols
    [CG]   [DIAG] iter=6 posCols=21 newCols=21 effImprove=21 updated=0
    [CG] CG iter 7: obj=1253666.743265, maxRC=79213.605891, +21 cols
    [CG]   [DIAG] iter=7 posCols=21 newCols=21 effImprove=21 updated=0
    [CG] CG iter 8: obj=1254477.740751, maxRC=34827.354420, +18 cols
    [CG]   [DIAG] iter=8 posCols=18 newCols=18 effImprove=18 updated=0
    [CG] CG iter 9: obj=1269776.082404, maxRC=25783.079606, +18 cols
    [CG]   [DIAG] iter=9 posCols=18 newCols=18 effImprove=18 updated=0
    [CG] CG iter 10: obj=1295559.162010, maxRC=17955.750734, +14 cols
    [CG]   [DIAG] iter=10 posCols=14 newCols=14 effImprove=14 updated=0
    [CG] CG iter 11: obj=1295559.162010, maxRC=12019.076394, +10 cols
    [CG]   [DIAG] iter=11 posCols=10 newCols=10 effImprove=10 updated=0
    [CG] CG iter 12: obj=1295559.162010, maxRC=11242.787888, +6 cols
    [CG]   [DIAG] iter=12 posCols=6 newCols=5 effImprove=6 updated=1
    [CG] CG iter 13: obj=1306801.949898, maxRC=7705.014901, +4 cols
    [CG]   [DIAG] iter=13 posCols=4 newCols=4 effImprove=4 updated=0
    [CG] 列生成收敛，共 14 轮迭代
    [CG] [CG-NODE] depth=0 exit=CERTIFIED certified=1 feasible=1 iters=14 generatedColsBeforeNode=0 newCols=220 posCandidates=221 duplicateCandidates=1 updatedCols=1 zeroObjImproveIters=3 objFirst=512198.682951 objLast=1306801.949898 objGain=794603.266947 maxRC=438706.471028 wallSec=0.115036 pricingSec=0.104834 cplexSolveSec=0.005877
      [BB] 根节点即为整数解，obj=1306801.949898
