    [CG] 列生成开始，初始列数=310
    [CG] CG iter 1: obj=464003.333459, maxRC=448789.961101, +25 cols
    [CG]   [DIAG] iter=1 posCols=25 newCols=25 effImprove=25 updated=0
    [CG] CG iter 2: obj=831995.619821, maxRC=278459.595930, +24 cols
    [CG]   [DIAG] iter=2 posCols=24 newCols=23 effImprove=24 updated=1
    [CG] CG iter 3: obj=831995.619821, maxRC=247234.629188, +22 cols
    [CG]   [DIAG] iter=3 posCols=22 newCols=22 effImprove=22 updated=0
    [CG] CG iter 4: obj=944067.567955, maxRC=146018.651458, +21 cols
    [CG]   [DIAG] iter=4 posCols=21 newCols=21 effImprove=21 updated=0
    [CG] CG iter 5: obj=988301.368890, maxRC=179601.520919, +21 cols
    [CG]   [DIAG] iter=5 posCols=21 newCols=21 effImprove=21 updated=0
    [CG] CG iter 6: obj=1063514.878265, maxRC=129309.773380, +19 cols
    [CG]   [DIAG] iter=6 posCols=19 newCols=19 effImprove=19 updated=0
    [CG] CG iter 7: obj=1103076.813078, maxRC=88355.150128, +18 cols
    [CG]   [DIAG] iter=7 posCols=18 newCols=18 effImprove=18 updated=0
    [CG] CG iter 8: obj=1160517.503320, maxRC=77845.110008, +18 cols
    [CG]   [DIAG] iter=8 posCols=18 newCols=18 effImprove=18 updated=0
    [CG] CG iter 9: obj=1199894.436229, maxRC=74369.221368, +14 cols
    [CG]   [DIAG] iter=9 posCols=14 newCols=14 effImprove=14 updated=0
    [CG] CG iter 10: obj=1199894.436229, maxRC=55375.846553, +12 cols
    [CG]   [DIAG] iter=10 posCols=12 newCols=12 effImprove=12 updated=0
    [CG] CG iter 11: obj=1199894.436229, maxRC=37227.877073, +12 cols
    [CG]   [DIAG] iter=11 posCols=12 newCols=12 effImprove=12 updated=0
    [CG] CG iter 12: obj=1199894.436229, maxRC=21003.248411, +8 cols
    [CG]   [DIAG] iter=12 posCols=8 newCols=8 effImprove=8 updated=0
    [CG] CG iter 13: obj=1199895.830227, maxRC=16785.873694, +10 cols
    [CG]   [DIAG] iter=13 posCols=10 newCols=10 effImprove=10 updated=0
    [CG] CG iter 14: obj=1219720.775361, maxRC=10884.985405, +8 cols
    [CG]   [DIAG] iter=14 posCols=8 newCols=8 effImprove=8 updated=0
    [CG] CG iter 15: obj=1219720.775361, maxRC=1061.268074, +2 cols
    [CG]   [DIAG] iter=15 posCols=2 newCols=2 effImprove=2 updated=0
    [CG] 列生成收敛，共 16 轮迭代
    [CG] [CG-NODE] depth=0 exit=CERTIFIED certified=1 feasible=1 iters=16 generatedColsBeforeNode=0 newCols=233 posCandidates=234 duplicateCandidates=1 updatedCols=1 zeroObjImproveIters=6 objFirst=464003.333459 objLast=1219720.775361 objGain=755717.441902 maxRC=448789.961101 wallSec=0.195914 pricingSec=0.170434 cplexSolveSec=0.005503
      [BB] 根节点即为整数解，obj=1219720.775361
