    [CG] 列生成开始，初始列数=310
    [CG] CG iter 1: obj=525879.393771, maxRC=440418.165077, +28 cols
    [CG]   [DIAG] iter=1 posCols=28 newCols=28 effImprove=28 updated=0
    [CG] CG iter 2: obj=873576.032445, maxRC=277377.070113, +25 cols
    [CG]   [DIAG] iter=2 posCols=25 newCols=25 effImprove=25 updated=0
    [CG] CG iter 3: obj=883586.285514, maxRC=221006.266863, +26 cols
    [CG]   [DIAG] iter=3 posCols=26 newCols=26 effImprove=26 updated=0
    [CG] CG iter 4: obj=967791.553111, maxRC=152345.318186, +21 cols
    [CG]   [DIAG] iter=4 posCols=21 newCols=21 effImprove=21 updated=0
    [CG] CG iter 5: obj=1046423.994343, maxRC=153980.837623, +19 cols
    [CG]   [DIAG] iter=5 posCols=19 newCols=19 effImprove=19 updated=0
    [CG] CG iter 6: obj=1160621.794204, maxRC=122506.396868, +20 cols
    [CG]   [DIAG] iter=6 posCols=20 newCols=20 effImprove=20 updated=0
    [CG] CG iter 7: obj=1160621.794204, maxRC=102489.664913, +19 cols
    [CG]   [DIAG] iter=7 posCols=19 newCols=19 effImprove=19 updated=0
    [CG] CG iter 8: obj=1181786.952701, maxRC=71895.465619, +16 cols
    [CG]   [DIAG] iter=8 posCols=16 newCols=16 effImprove=16 updated=0
    [CG] CG iter 9: obj=1190041.782558, maxRC=33989.971037, +11 cols
    [CG]   [DIAG] iter=9 posCols=11 newCols=11 effImprove=11 updated=0
    [CG] CG iter 10: obj=1209830.317206, maxRC=26023.278511, +13 cols
    [CG]   [DIAG] iter=10 posCols=13 newCols=12 effImprove=13 updated=1
    [CG] CG iter 11: obj=1238944.163389, maxRC=8547.317610, +9 cols
    [CG]   [DIAG] iter=11 posCols=9 newCols=9 effImprove=9 updated=0
    [CG] CG iter 12: obj=1247308.733025, maxRC=4966.605306, +3 cols
    [CG]   [DIAG] iter=12 posCols=3 newCols=2 effImprove=3 updated=1
    [CG] CG iter 13: obj=1247308.733025, maxRC=341.694924, +2 cols
    [CG]   [DIAG] iter=13 posCols=2 newCols=2 effImprove=2 updated=0
    [CG] 列生成收敛，共 14 轮迭代
    [CG] [CG-NODE] depth=0 exit=CERTIFIED certified=1 feasible=1 iters=14 generatedColsBeforeNode=0 newCols=210 posCandidates=212 duplicateCandidates=2 updatedCols=2 zeroObjImproveIters=3 objFirst=525879.393771 objLast=1247308.733025 objGain=721429.339255 maxRC=440418.165077 wallSec=0.136436 pricingSec=0.126448 cplexSolveSec=0.005662
      [BB] 根节点即为整数解，obj=1247308.733025
