    [CG] 列生成开始，初始列数=310
    [CG] CG iter 1: obj=493180.159944, maxRC=444993.374396, +28 cols
    [CG]   [DIAG] iter=1 posCols=28 newCols=28 effImprove=28 updated=0
    [CG] CG iter 2: obj=883809.972030, maxRC=277610.076989, +25 cols
    [CG]   [DIAG] iter=2 posCols=25 newCols=25 effImprove=25 updated=0
    [CG] CG iter 3: obj=918434.369963, maxRC=193852.700641, +21 cols
    [CG]   [DIAG] iter=3 posCols=21 newCols=21 effImprove=21 updated=0
    [CG] CG iter 4: obj=1032312.833639, maxRC=174924.751315, +21 cols
    [CG]   [DIAG] iter=4 posCols=21 newCols=21 effImprove=21 updated=0
    [CG] CG iter 5: obj=1115488.514189, maxRC=121265.535875, +21 cols
    [CG]   [DIAG] iter=5 posCols=21 newCols=21 effImprove=21 updated=0
    [CG] CG iter 6: obj=1182309.545975, maxRC=135689.745288, +20 cols
    [CG]   [DIAG] iter=6 posCols=20 newCols=20 effImprove=20 updated=0
    [CG] CG iter 7: obj=1240573.815468, maxRC=71998.005700, +20 cols
    [CG]   [DIAG] iter=7 posCols=20 newCols=20 effImprove=20 updated=0
    [CG] CG iter 8: obj=1264596.058049, maxRC=61085.835406, +18 cols
    [CG]   [DIAG] iter=8 posCols=18 newCols=18 effImprove=18 updated=0
    [CG] CG iter 9: obj=1264596.058049, maxRC=66097.781633, +15 cols
    [CG]   [DIAG] iter=9 posCols=15 newCols=15 effImprove=15 updated=0
    [CG] CG iter 10: obj=1264596.058049, maxRC=34443.947064, +10 cols
    [CG]   [DIAG] iter=10 posCols=10 newCols=10 effImprove=10 updated=0
    [CG] CG iter 11: obj=1264596.058049, maxRC=20398.128403, +11 cols
    [CG]   [DIAG] iter=11 posCols=11 newCols=9 effImprove=11 updated=2
    [CG] CG iter 12: obj=1264596.058049, maxRC=27585.410183, +11 cols
    [CG]   [DIAG] iter=12 posCols=11 newCols=11 effImprove=11 updated=0
    [CG] CG iter 13: obj=1268002.829843, maxRC=23957.889225, +9 cols
    [CG]   [DIAG] iter=13 posCols=9 newCols=8 effImprove=9 updated=1
    [CG] CG iter 14: obj=1269382.414255, maxRC=10218.747662, +3 cols
    [CG]   [DIAG] iter=14 posCols=3 newCols=3 effImprove=3 updated=0
    [CG] CG iter 15: obj=1279601.161917, maxRC=6776.115376, +5 cols
    [CG]   [DIAG] iter=15 posCols=5 newCols=5 effImprove=5 updated=0
    [CG] CG iter 16: obj=1279601.161917, maxRC=2551.455158, +1 cols
    [CG]   [DIAG] iter=16 posCols=1 newCols=1 effImprove=1 updated=0
    [CG] CG iter 17: obj=1279601.161917, maxRC=1027.681278, +1 cols
    [CG]   [DIAG] iter=17 posCols=1 newCols=1 effImprove=1 updated=0
    [CG] 列生成收敛，共 18 轮迭代
    [CG] [CG-NODE] depth=0 exit=CERTIFIED certified=1 feasible=1 iters=18 generatedColsBeforeNode=0 newCols=237 posCandidates=240 duplicateCandidates=3 updatedCols=3 zeroObjImproveIters=7 objFirst=493180.159944 objLast=1279601.161917 objGain=786421.001973 maxRC=444993.374396 wallSec=0.147901 pricingSec=0.136348 cplexSolveSec=0.006909
      [BB] 根节点即为整数解，obj=1279601.161917
