    [CG] 列生成开始，初始列数=310
    [CG] CG iter 1: obj=604039.740016, maxRC=438897.721377, +28 cols
    [CG]   [DIAG] iter=1 posCols=28 newCols=28 effImprove=28 updated=0
    [CG] CG iter 2: obj=949386.176879, maxRC=265466.122161, +25 cols
    [CG]   [DIAG] iter=2 posCols=25 newCols=25 effImprove=25 updated=0
    [CG] CG iter 3: obj=955410.660985, maxRC=238971.993926, +27 cols
    [CG]   [DIAG] iter=3 posCols=27 newCols=26 effImprove=27 updated=1
    [CG] CG iter 4: obj=1089458.803747, maxRC=133752.159335, +24 cols
    [CG]   [DIAG] iter=4 posCols=24 newCols=24 effImprove=24 updated=0
    [CG] CG iter 5: obj=1182352.524588, maxRC=98201.670613, +24 cols
    [CG]   [DIAG] iter=5 posCols=24 newCols=24 effImprove=24 updated=0
    [CG] CG iter 6: obj=1270953.668152, maxRC=53359.303842, +17 cols
    [CG]   [DIAG] iter=6 posCols=17 newCols=17 effImprove=17 updated=0
    [CG] CG iter 7: obj=1270953.668152, maxRC=58454.361122, +15 cols
    [CG]   [DIAG] iter=7 posCols=15 newCols=15 effImprove=15 updated=0
    [CG] CG iter 8: obj=1297401.233879, maxRC=51033.518849, +14 cols
    [CG]   [DIAG] iter=8 posCols=14 newCols=14 effImprove=14 updated=0
    [CG] CG iter 9: obj=1301096.577622, maxRC=24262.098314, +13 cols
    [CG]   [DIAG] iter=9 posCols=13 newCols=12 effImprove=13 updated=1
    [CG] CG iter 10: obj=1319761.478147, maxRC=17791.528150, +8 cols
    [CG]   [DIAG] iter=10 posCols=8 newCols=8 effImprove=8 updated=0
    [CG] CG iter 11: obj=1321472.709527, maxRC=4742.878812, +5 cols
    [CG]   [DIAG] iter=11 posCols=5 newCols=3 effImprove=5 updated=2
    [CG] CG iter 12: obj=1323190.671872, maxRC=833.977434, +2 cols
    [CG]   [DIAG] iter=12 posCols=2 newCols=2 effImprove=2 updated=0
    [CG] 列生成收敛，共 13 轮迭代
    [CG] [CG-NODE] depth=0 exit=CERTIFIED certified=1 feasible=1 iters=13 generatedColsBeforeNode=0 newCols=198 posCandidates=202 duplicateCandidates=4 updatedCols=4 zeroObjImproveIters=2 objFirst=604039.740016 objLast=1323190.671872 objGain=719150.931857 maxRC=438897.721377 wallSec=0.071557 pricingSec=0.065043 cplexSolveSec=0.004189
      [BB] 分支定界开始，根节点LP obj=1323190.671872，最大节点数=10000
      [BB] 根节点启发式下界 LB=1246215.833882（上界=1323190.671872）
    [CG] [BB-DIAG] 分支 x_{dc=2,retailer=2}, 节点数=1
    [CG] 列生成开始，初始列数=504
    [CG] CG iter 14: obj=1322177.721721, maxRC=22274.958137, +19 cols
    [CG]   [DIAG] iter=14 posCols=19 newCols=18 effImprove=19 updated=1
    [CG] CG iter 15: obj=1322177.721721, maxRC=16594.403413, +8 cols
    [CG]   [DIAG] iter=15 posCols=8 newCols=7 effImprove=8 updated=1
    [CG] CG iter 16: obj=1322177.721721, maxRC=7528.972282, +6 cols
    [CG]   [DIAG] iter=16 posCols=6 newCols=6 effImprove=6 updated=0
    [CG] CG iter 17: obj=1322177.721721, maxRC=2476.584296, +2 cols
    [CG]   [DIAG] iter=17 posCols=2 newCols=2 effImprove=2 updated=0
    [CG] 列生成收敛，共 18 轮迭代
    [CG] [CG-NODE] depth=1 exit=CERTIFIED certified=1 feasible=1 iters=5 generatedColsBeforeNode=198 newCols=33 posCandidates=35 duplicateCandidates=2 updatedCols=2 zeroObjImproveIters=4 objFirst=1322177.721721 objLast=1322177.721721 objGain=0.000000 maxRC=22274.958137 wallSec=0.012210 pricingSec=0.009125 cplexSolveSec=0.001906
    [CG] 列生成开始，初始列数=459
    [CG] CG iter 19: obj=1318402.848505, maxRC=62840.669933, +20 cols
    [CG]   [DIAG] iter=19 posCols=20 newCols=20 effImprove=20 updated=0
    [CG] CG iter 20: obj=1318997.199072, maxRC=15804.322430, +14 cols
    [CG]   [DIAG] iter=20 posCols=14 newCols=14 effImprove=14 updated=0
    [CG] CG iter 21: obj=1318997.199072, maxRC=5934.841217, +4 cols
    [CG]   [DIAG] iter=21 posCols=4 newCols=4 effImprove=4 updated=0
    [CG] CG iter 22: obj=1318997.199072, maxRC=1645.295675, +1 cols
    [CG]   [DIAG] iter=22 posCols=1 newCols=1 effImprove=1 updated=0
    [CG] 列生成收敛，共 23 轮迭代
    [CG] [CG-NODE] depth=1 exit=CERTIFIED certified=1 feasible=1 iters=5 generatedColsBeforeNode=231 newCols=39 posCandidates=39 duplicateCandidates=0 updatedCols=0 zeroObjImproveIters=3 objFirst=1318402.848505 objLast=1318997.199072 objGain=594.350567 maxRC=62840.669933 wallSec=0.012824 pricingSec=0.009993 cplexSolveSec=0.001822
    [CG] [BB-INCUMBENT] selection=2 node=1 previous=1246215.833882 value=1318997.199072 active=1
    [CG] [BB-NODESEL] strategy=hybrid choice=dfs eligibleCount=1 active=1 gap=0.002411
    [CG] [BB-INCUMBENT] selection=3 node=1 previous=1318997.199072 value=1322177.721721 active=0
      [BB] 分支定界结束：处理 3 节点，剪枝 0，剩余活跃 0，整数解 3，状态=OPTIMAL，最好可行 obj=1322177.721721，gap=0.000000
