    [CG] 列生成开始，初始列数=310
    [CG] CG iter 1: obj=606475.654144, maxRC=399528.248194, +28 cols
    [CG]   [DIAG] iter=1 posCols=28 newCols=28 effImprove=28 updated=0
    [CG] CG iter 2: obj=913451.924403, maxRC=227657.711941, +25 cols
    [CG]   [DIAG] iter=2 posCols=25 newCols=25 effImprove=25 updated=0
    [CG] CG iter 3: obj=936094.553269, maxRC=181099.774959, +24 cols
    [CG]   [DIAG] iter=3 posCols=24 newCols=24 effImprove=24 updated=0
    [CG] CG iter 4: obj=1058176.198997, maxRC=155742.054483, +24 cols
    [CG]   [DIAG] iter=4 posCols=24 newCols=24 effImprove=24 updated=0
    [CG] CG iter 5: obj=1135569.842589, maxRC=90898.398034, +23 cols
    [CG]   [DIAG] iter=5 posCols=23 newCols=22 effImprove=23 updated=1
    [CG] CG iter 6: obj=1228092.252336, maxRC=53728.636364, +22 cols
    [CG]   [DIAG] iter=6 posCols=22 newCols=22 effImprove=22 updated=0
    [CG] CG iter 7: obj=1261922.581524, maxRC=51274.377320, +19 cols
    [CG]   [DIAG] iter=7 posCols=19 newCols=19 effImprove=19 updated=0
    [CG] CG iter 8: obj=1280436.836194, maxRC=30927.014306, +19 cols
    [CG]   [DIAG] iter=8 posCols=19 newCols=19 effImprove=19 updated=0
    [CG] CG iter 9: obj=1310771.542165, maxRC=23932.187604, +13 cols
    [CG]   [DIAG] iter=9 posCols=13 newCols=12 effImprove=13 updated=1
    [CG] CG iter 10: obj=1310771.542165, maxRC=30713.188850, +9 cols
    [CG]   [DIAG] iter=10 posCols=9 newCols=9 effImprove=9 updated=0
    [CG] CG iter 11: obj=1310771.542165, maxRC=9120.333522, +4 cols
    [CG]   [DIAG] iter=11 posCols=4 newCols=3 effImprove=4 updated=1
    [CG] CG iter 12: obj=1310771.542165, maxRC=5257.945662, +4 cols
    [CG]   [DIAG] iter=12 posCols=4 newCols=4 effImprove=4 updated=0
    [CG] CG iter 13: obj=1310771.542165, maxRC=5274.745611, +2 cols
    [CG]   [DIAG] iter=13 posCols=2 newCols=2 effImprove=2 updated=0
    [CG] CG iter 14: obj=1310771.542165, maxRC=3802.932466, +1 cols
    [CG]   [DIAG] iter=14 posCols=1 newCols=1 effImprove=1 updated=0
    [CG] CG iter 15: obj=1314574.474631, maxRC=74.706441, +1 cols
    [CG]   [DIAG] iter=15 posCols=1 newCols=1 effImprove=1 updated=0
    [CG] 列生成收敛，共 16 轮迭代
    [CG] [CG-NODE] depth=0 exit=CERTIFIED certified=1 feasible=1 iters=16 generatedColsBeforeNode=0 newCols=215 posCandidates=218 duplicateCandidates=3 updatedCols=3 zeroObjImproveIters=6 objFirst=606475.654144 objLast=1314574.474631 objGain=708098.820488 maxRC=399528.248194 wallSec=0.081689 pricingSec=0.071960 cplexSolveSec=0.005556
      [BB] 根节点即为整数解，obj=1314574.474631
