    [CG] 列生成开始，初始列数=310
    [CG] CG iter 1: obj=602750.569670, maxRC=440076.847966, +28 cols
    [CG]   [DIAG] iter=1 posCols=28 newCols=28 effImprove=28 updated=0
    [CG] CG iter 2: obj=969081.574597, maxRC=299327.385357, +25 cols
    [CG]   [DIAG] iter=2 posCols=25 newCols=25 effImprove=25 updated=0
    [CG] CG iter 3: obj=974355.884618, maxRC=253610.897893, +26 cols
    [CG]   [DIAG] iter=3 posCols=26 newCols=26 effImprove=26 updated=0
    [CG] CG iter 4: obj=1105506.073332, maxRC=152182.994560, +24 cols
    [CG]   [DIAG] iter=4 posCols=24 newCols=24 effImprove=24 updated=0
    [CG] CG iter 5: obj=1129584.061403, maxRC=154579.669195, +24 cols
    [CG]   [DIAG] iter=5 posCols=24 newCols=24 effImprove=24 updated=0
    [CG] CG iter 6: obj=1198422.035768, maxRC=77139.134524, +22 cols
    [CG]   [DIAG] iter=6 posCols=22 newCols=22 effImprove=22 updated=0
    [CG] CG iter 7: obj=1296085.391978, maxRC=92818.369423, +23 cols
    [CG]   [DIAG] iter=7 posCols=23 newCols=22 effImprove=23 updated=1
    [CG] CG iter 8: obj=1323898.790716, maxRC=44537.345970, +16 cols
    [CG]   [DIAG] iter=8 posCols=16 newCols=15 effImprove=16 updated=1
    [CG] CG iter 9: obj=1329967.851525, maxRC=28249.766559, +13 cols
    [CG]   [DIAG] iter=9 posCols=13 newCols=12 effImprove=13 updated=1
    [CG] CG iter 10: obj=1338681.917457, maxRC=16985.915979, +6 cols
    [CG]   [DIAG] iter=10 posCols=6 newCols=6 effImprove=6 updated=0
    [CG] CG iter 11: obj=1349208.334298, maxRC=11273.141854, +6 cols
    [CG]   [DIAG] iter=11 posCols=6 newCols=5 effImprove=6 updated=1
    [CG] CG iter 12: obj=1349208.334298, maxRC=7295.132097, +2 cols
    [CG]   [DIAG] iter=12 posCols=2 newCols=2 effImprove=2 updated=0
    [CG] CG iter 13: obj=1349208.334298, maxRC=10550.616970, +2 cols
    [CG]   [DIAG] iter=13 posCols=2 newCols=2 effImprove=2 updated=0
    [CG] CG iter 14: obj=1349208.334298, maxRC=670.588835, +1 cols
    [CG]   [DIAG] iter=14 posCols=1 newCols=0 effImprove=1 updated=1
    [CG] CG iter 15: obj=1349208.334298, maxRC=1069.519882, +1 cols
    [CG]   [DIAG] iter=15 posCols=1 newCols=1 effImprove=1 updated=0
    [CG] CG iter 16: obj=1349208.334298, maxRC=401.598944, +1 cols
    [CG]   [DIAG] iter=16 posCols=1 newCols=1 effImprove=1 updated=0
    [CG] 列生成收敛，共 17 轮迭代
    [CG] [CG-NODE] depth=0 exit=CERTIFIED certified=1 feasible=1 iters=17 generatedColsBeforeNode=0 newCols=215 posCandidates=220 duplicateCandidates=5 updatedCols=5 zeroObjImproveIters=6 objFirst=602750.569670 objLast=1349208.334298 objGain=746457.764628 maxRC=440076.847966 wallSec=0.089505 pricingSec=0.080561 cplexSolveSec=0.005618
      [BB] 根节点即为整数解，obj=1349208.334298
