[GA] 初始化完成，规模 10×30
[GA] 遗传算法开始，种群大小=30，最大代数=50，编码位数=10
[GA] 代数 0: Best=2571373.67, Avg=2469644.92, Worst=2097166.45, Valid=30/30, 耗时=0.84s
  ├─ 求解: 30 个体 fork 并行 | CG迭代=603 加列=8014 BB分支=10
  ├─ 并行墙钟=0.8409s | 串行等效(ΣBP)=5.0123s | 加速比=5.96x
  ├─ 管理开销=-4.1714s (fork=0.0049 wait=0.8355 merge=0.0005)
  └─ CG明细: gen_logs/run_gen0_ind{0..29}.log
[GA] 代数 1: Best=2610265.45, Avg=2495309.72, Worst=2375014.20, Valid=30/30, 耗时=0.62s
  ├─ 求解: 30 个体 fork 并行 | CG迭代=398 加列=5968 BB分支=2
  ├─ 并行墙钟=0.6215s | 串行等效(ΣBP)=3.7941s | 加速比=6.11x
  ├─ 管理开销=-3.1726s (fork=0.0036 wait=0.6175 merge=0.0003)
  └─ CG明细: gen_logs/run_gen1_ind{0..29}.log
[GA] 代数 2: Best=2616540.58, Avg=2522001.65, Worst=2371716.98, Valid=30/30, 耗时=0.77s
  ├─ 求解: 30 个体 fork 并行 | CG迭代=482 加列=7151 BB分支=5
  ├─ 并行墙钟=0.7738s | 串行等效(ΣBP)=4.4921s | 加速比=5.80x
  ├─ 管理开销=-3.7182s (fork=0.0047 wait=0.7686 merge=0.0004)
  └─ CG明细: gen_logs/run_gen2_ind{0..29}.log
[GA] 代数 3: Best=2656326.93, Avg=2547192.98, Worst=2404766.92, Valid=30/30, 耗时=0.67s
  ├─ 求解: 30 个体 fork 并行 | CG迭代=532 加列=6592 BB分支=13
  ├─ 并行墙钟=0.6675s | 串行等效(ΣBP)=4.3782s | 加速比=6.56x
  ├─ 管理开销=-3.7107s (fork=0.0038 wait=0.6633 merge=0.0004)
  └─ CG明细: gen_logs/run_gen3_ind{0..29}.log
[GA] 代数 4: Best=2656939.13, Avg=2578592.69, Worst=2483118.67, Valid=30/30, 耗时=0.79s (连续1代未提升)
  ├─ 求解: 30 个体 fork 并行 | CG迭代=618 加列=8061 BB分支=12
  ├─ 并行墙钟=0.7851s | 串行等效(ΣBP)=5.3587s | 加速比=6.83x
  ├─ 管理开销=-4.5736s (fork=0.0051 wait=0.7795 merge=0.0005)
  └─ CG明细: gen_logs/run_gen4_ind{0..29}.log
[GA] 代数 5: Best=2660125.33, Avg=2608138.36, Worst=2512439.84, Valid=30/30, 耗时=0.79s
  ├─ 求解: 30 个体 fork 并行 | CG迭代=609 加列=7797 BB分支=15
  ├─ 并行墙钟=0.7907s | 串行等效(ΣBP)=5.2747s | 加速比=6.67x
  ├─ 管理开销=-4.4840s (fork=0.0044 wait=0.7858 merge=0.0004)
  └─ CG明细: gen_logs/run_gen5_ind{0..29}.log
[GA] 代数 6: Best=2680787.36, Avg=2625674.68, Worst=2548973.33, Valid=30/30, 耗时=0.64s
  ├─ 求解: 30 个体 fork 并行 | CG迭代=405 加列=6238 BB分支=5
  ├─ 并行墙钟=0.6432s | 串行等效(ΣBP)=4.1390s | 加速比=6.43x
  ├─ 管理开销=-3.4957s (fork=0.0041 wait=0.6387 merge=0.0004)
  └─ CG明细: gen_logs/run_gen6_ind{0..29}.log
[GA] 代数 7: Best=2702552.64, Avg=2637891.46, Worst=2562767.92, Valid=30/30, 耗时=0.68s
  ├─ 求解: 30 个体 fork 并行 | CG迭代=539 加列=6842 BB分支=16
  ├─ 并行墙钟=0.6781s | 串行等效(ΣBP)=4.7994s | 加速比=7.08x
  ├─ 管理开销=-4.1213s (fork=0.0044 wait=0.6732 merge=0.0004)
  └─ CG明细: gen_logs/run_gen7_ind{0..29}.log
[GA] 代数 8: Best=2702552.64, Avg=2648201.55, Worst=2582089.88, Valid=30/30, 耗时=0.75s (连续1代未提升)
  ├─ 求解: 30 个体 fork 并行 | CG迭代=490 加列=6484 BB分支=12
  ├─ 并行墙钟=0.7488s | 串行等效(ΣBP)=4.7304s | 加速比=6.32x
  ├─ 管理开销=-3.9816s (fork=0.0040 wait=0.7444 merge=0.0004)
  └─ CG明细: gen_logs/run_gen8_ind{0..29}.log
[GA] 代数 9: Best=2705040.80, Avg=2665756.34, Worst=2632575.15, Valid=30/30, 耗时=0.66s (连续2代未提升)
  ├─ 求解: 30 个体 fork 并行 | CG迭代=343 加列=6254 BB分支=0
  ├─ 并行墙钟=0.6608s | 串行等效(ΣBP)=4.2734s | 加速比=6.47x
  ├─ 管理开销=-3.6126s (fork=0.0043 wait=0.6560 merge=0.0004)
  └─ CG明细: gen_logs/run_gen9_ind{0..29}.log
[GA] 代数 10: Best=2705040.80, Avg=2674369.52, Worst=2602070.78, Valid=30/30, 耗时=0.71s (连续3代未提升)
  ├─ 求解: 30 个体 fork 并行 | CG迭代=368 加列=6492 BB分支=1
  ├─ 并行墙钟=0.7080s | 串行等效(ΣBP)=4.5962s | 加速比=6.49x
  ├─ 管理开销=-3.8882s (fork=0.0040 wait=0.7035 merge=0.0003)
  └─ CG明细: gen_logs/run_gen10_ind{0..29}.log
[GA] 代数 11: Best=2705040.80, Avg=2679927.43, Worst=2615980.30, Valid=30/30, 耗时=0.72s (连续4代未提升)
  ├─ 求解: 30 个体 fork 并行 | CG迭代=383 加列=6911 BB分支=0
  ├─ 并行墙钟=0.7176s | 串行等效(ΣBP)=4.8622s | 加速比=6.78x
  ├─ 管理开销=-4.1447s (fork=0.0050 wait=0.7121 merge=0.0004)
  └─ CG明细: gen_logs/run_gen11_ind{0..29}.log
[GA] 代数 12: Best=2705040.80, Avg=2680018.97, Worst=2625419.29, Valid=30/30, 耗时=0.66s (连续5代未提升)
  ├─ 求解: 30 个体 fork 并行 | CG迭代=362 加列=6357 BB分支=1
  ├─ 并行墙钟=0.6643s | 串行等效(ΣBP)=4.4624s | 加速比=6.72x
  ├─ 管理开销=-3.7981s (fork=0.0044 wait=0.6594 merge=0.0004)
  └─ CG明细: gen_logs/run_gen12_ind{0..29}.log
[GA] 代数 13: Best=2705442.04, Avg=2682073.80, Worst=2655308.83, Valid=30/30, 耗时=0.75s (连续6代未提升)
  ├─ 求解: 30 个体 fork 并行 | CG迭代=394 加列=7039 BB分支=0
  ├─ 并行墙钟=0.7486s | 串行等效(ΣBP)=5.0162s | 加速比=6.70x
  ├─ 管理开销=-4.2675s (fork=0.0041 wait=0.7441 merge=0.0004)
  └─ CG明细: gen_logs/run_gen13_ind{0..29}.log
[GA] 代数 14: Best=2706151.71, Avg=2681682.40, Worst=2646876.21, Valid=30/30, 耗时=0.59s (连续7代未提升)
  ├─ 求解: 30 个体 fork 并行 | CG迭代=365 加列=6333 BB分支=1
  ├─ 并行墙钟=0.5907s | 串行等效(ΣBP)=4.3373s | 加速比=7.34x
  ├─ 管理开销=-3.7466s (fork=0.0037 wait=0.5866 merge=0.0004)
  └─ CG明细: gen_logs/run_gen14_ind{0..29}.log
[GA] 代数 15: Best=2706151.71, Avg=2681927.52, Worst=2606532.30, Valid=30/30, 耗时=0.74s (连续8代未提升)
  ├─ 求解: 30 个体 fork 并行 | CG迭代=362 加列=6393 BB分支=0
  ├─ 并行墙钟=0.7380s | 串行等效(ΣBP)=4.6193s | 加速比=6.26x
  ├─ 管理开销=-3.8813s (fork=0.0046 wait=0.7329 merge=0.0005)
  └─ CG明细: gen_logs/run_gen15_ind{0..29}.log
[GA] 代数 16: Best=2706151.71, Avg=2681137.84, Worst=2637125.65, Valid=30/30, 耗时=0.74s (连续9代未提升)
  ├─ 求解: 30 个体 fork 并行 | CG迭代=404 加列=7295 BB分支=0
  ├─ 并行墙钟=0.7384s | 串行等效(ΣBP)=5.2090s | 加速比=7.05x
  ├─ 管理开销=-4.4705s (fork=0.0042 wait=0.7337 merge=0.0004)
  └─ CG明细: gen_logs/run_gen16_ind{0..29}.log
[GA] 代数 17: Best=2706151.71, Avg=2685815.24, Worst=2643777.38, Valid=30/30, 耗时=0.78s (连续10代未提升 → 提前停止)
  ├─ 求解: 30 个体 fork 并行 | CG迭代=353 加列=6322 BB分支=0
  ├─ 并行墙钟=0.7821s | 串行等效(ΣBP)=4.8331s | 加速比=6.18x
  ├─ 管理开销=-4.0510s (fork=0.0037 wait=0.7780 merge=0.0004)
  └─ CG明细: gen_logs/run_gen17_ind{0..29}.log

========== 并行效率总报告 ==========
并行代数            : 18
并行墙钟(累计)      : 12.8982s
串行等效(ΣBP累计)   : 84.1879s
净管理开销          : -71.2897s (-552.7%)
  ├─ fork  : 0.0768s
  ├─ wait  : 12.8128s
  └─ merge : 0.0072s
加速比              : 6.53x
结论: 加速比 > 1，并行有效收益。
====================================
  [BP] 最优解重新评估开始，w=[0.822092, 0.887586, 0.978495, 0.212121, 0.884653, 0.932551, 0.738025, 0.186706, 0.934506, 0.958944]
    [CG] 列生成开始，初始列数=310
    [CG] CG iter 1: obj=1006394.125135, maxRC=1460306.864582, +30 cols
    [CG]   [DIAG] iter=1 posCols=30 newCols=30 effImprove=30 updated=0
    [CG] CG iter 2: obj=1973590.940391, maxRC=254815.629021, +29 cols
    [CG]   [DIAG] iter=2 posCols=29 newCols=29 effImprove=29 updated=0
    [CG] CG iter 3: obj=2104981.121948, maxRC=360700.784252, +29 cols
    [CG]   [DIAG] iter=3 posCols=29 newCols=29 effImprove=29 updated=0
    [CG] CG iter 4: obj=2152689.992138, maxRC=244584.077521, +27 cols
    [CG]   [DIAG] iter=4 posCols=27 newCols=27 effImprove=27 updated=0
    [CG] CG iter 5: obj=2227942.142254, maxRC=113465.814168, +24 cols
    [CG]   [DIAG] iter=5 posCols=24 newCols=24 effImprove=24 updated=0
    [CG] CG iter 6: obj=2322575.126097, maxRC=80723.313788, +21 cols
    [CG]   [DIAG] iter=6 posCols=21 newCols=21 effImprove=21 updated=0
    [CG] CG iter 7: obj=2415815.060090, maxRC=83465.425480, +21 cols
    [CG]   [DIAG] iter=7 posCols=21 newCols=21 effImprove=21 updated=0
    [CG] CG iter 8: obj=2457733.556294, maxRC=98018.434222, +23 cols
    [CG]   [DIAG] iter=8 posCols=23 newCols=23 effImprove=23 updated=0
    [CG] CG iter 9: obj=2457733.556294, maxRC=97450.442845, +18 cols
    [CG]   [DIAG] iter=9 posCols=18 newCols=18 effImprove=18 updated=0
    [CG] CG iter 10: obj=2496885.054268, maxRC=78900.141627, +20 cols
    [CG]   [DIAG] iter=10 posCols=20 newCols=20 effImprove=20 updated=0
    [CG] CG iter 11: obj=2496885.054268, maxRC=23614.321165, +10 cols
    [CG]   [DIAG] iter=11 posCols=10 newCols=10 effImprove=10 updated=0
    [CG] CG iter 12: obj=2496885.054268, maxRC=24131.355662, +10 cols
    [CG]   [DIAG] iter=12 posCols=10 newCols=10 effImprove=10 updated=0
    [CG] CG iter 13: obj=2496885.054268, maxRC=13236.661751, +12 cols
    [CG]   [DIAG] iter=13 posCols=12 newCols=12 effImprove=12 updated=0
    [CG] CG iter 14: obj=2506151.709857, maxRC=633.586935, +2 cols
    [CG]   [DIAG] iter=14 posCols=2 newCols=2 effImprove=2 updated=0
    [CG] CG iter 15: obj=2506151.709857, maxRC=470.573119, +1 cols
    [CG]   [DIAG] iter=15 posCols=1 newCols=1 effImprove=1 updated=0
    [CG] 列生成收敛，共 16 轮迭代
    [CG] [CG-NODE] depth=0 exit=CERTIFIED certified=1 feasible=1 iters=16 generatedColsBeforeNode=0 newCols=277 posCandidates=277 duplicateCandidates=0 updatedCols=0 zeroObjImproveIters=6 objFirst=1006394.125135 objLast=2506151.709857 objGain=1499757.584722 maxRC=1460306.864582 wallSec=0.204163 pricingSec=0.192751 cplexSolveSec=0.007189
      [BB] 根节点即为整数解，obj=2506151.709857
  [BP] 最优解重新评估适应度 = 2706151.709857（1已处理节点，16 CG迭代）

========== 时间分布报告（墙钟树） ==========
总耗时                  13.1126s (100%)
  GA 搜索                  12.9073s (  98.4%)
  总耗时 other             0.2053s (   1.6%)
  后处理                   0.0000s (   0.0%)
  日志输出                0.0000s (   0.0%)
    选择                      0.0005s (   0.0%)
    交叉                      0.0005s (   0.0%)
    变异                      0.0027s (   0.0%)
    解码                      0.0007s (   0.0%)
    适应度评估            12.8991s (  99.9%)
    GA other                    0.0038s (   0.0%)
      分支定价(BP)           12.8991s ( 100.0%)
      评估 other                0.0000s (   0.0%)
        列生成(CG)              84.0612s ( 651.7%)
        分支定界(BB)            0.1159s (   0.9%)
        BP other(墙钟)            0.0000s (   0.0%)
          CPLEX构建                 1.4438s (   1.7%)
          CPLEX求解                 3.6937s (   4.4%)
          定价子问题(PS)        77.5462s (  92.2%)
          CG other                    1.3775s (   1.6%)

========== 时间分布报告（诊断树） ==========
BP墙钟总时间             12.8991s (100%)
  列生成(CG)              84.0612s ( 651.7%)
  分支定界(BB)            0.1159s (   0.9%)
  并行fork                  0.0768s (   0.6%)
  并行pipe I/O              0.0000s (   0.0%)
  并行wait                 12.8128s (  99.3%)
  并行merge                 0.0072s (   0.1%)
  BP未归类(other)          0.0000s (   0.0%)
    CPLEX构建                 1.4438s (   1.7%)
    CPLEX求解                 3.6937s (   4.4%)
    定价子问题(PS)        77.5462s (  92.2%)
    CG other                    1.3775s (   1.6%)
==========================================
===== 求解统计 =====
分支决策次数（旧branch_nodes口径）: 93
已处理节点数: 649
剪枝节点数: 58
累计未处理活跃节点数: 0
列生成迭代次数: 8010
总列数: 122543
平均每节点CG迭代: 12.3421
平均每节点生成列: 188.8182
平均每迭代加列: 15.2988
=========================
