    [CG] 列生成开始，初始列数=310
    [CG] CG iter 1: obj=1117859.546112, maxRC=1668325.887629, +30 cols
    [CG]   [DIAG] iter=1 posCols=30 newCols=30 effImprove=30 updated=0
    [CG] CG iter 2: obj=2104082.831374, maxRC=321057.994936, +28 cols
    [CG]   [DIAG] iter=2 posCols=28 newCols=28 effImprove=28 updated=0
    [CG] CG iter 3: obj=2328331.851241, maxRC=621388.829223, +30 cols
    [CG]   [DIAG] iter=3 posCols=30 newCols=30 effImprove=30 updated=0
    [CG] CG iter 4: obj=2398614.767501, maxRC=284933.146105, +30 cols
    [CG]   [DIAG] iter=4 posCols=30 newCols=30 effImprove=30 updated=0
    [CG] CG iter 5: obj=2423284.231889, maxRC=232299.810425, +28 cols
    [CG]   [DIAG] iter=5 posCols=28 newCols=28 effImprove=28 updated=0
    [CG] CG iter 6: obj=2454979.908971, maxRC=170356.751545, +28 cols
    [CG]   [DIAG] iter=6 posCols=28 newCols=28 effImprove=28 updated=0
    [CG] CG iter 7: obj=2489914.883362, maxRC=122668.416561, +19 cols
    [CG]   [DIAG] iter=7 posCols=19 newCols=18 effImprove=19 updated=1
    [CG] CG iter 8: obj=2595738.638343, maxRC=105978.480795, +22 cols
    [CG]   [DIAG] iter=8 posCols=22 newCols=22 effImprove=22 updated=0
    [CG] CG iter 9: obj=2624395.728629, maxRC=81819.379943, +19 cols
    [CG]   [DIAG] iter=9 posCols=19 newCols=19 effImprove=19 updated=0
    [CG] CG iter 10: obj=2648710.315955, maxRC=48931.775164, +15 cols
    [CG]   [DIAG] iter=10 posCols=15 newCols=14 effImprove=15 updated=1
    [CG] CG iter 11: obj=2673176.203538, maxRC=46594.022250, +7 cols
    [CG]   [DIAG] iter=11 posCols=7 newCols=7 effImprove=7 updated=0
    [CG] CG iter 12: obj=2677417.486279, maxRC=19758.177442, +8 cols
    [CG]   [DIAG] iter=12 posCols=8 newCols=7 effImprove=8 updated=1
    [CG] CG iter 13: obj=2691837.290889, maxRC=14348.535133, +2 cols
    [CG]   [DIAG] iter=13 posCols=2 newCols=2 effImprove=2 updated=0
    [CG] CG iter 14: obj=2706185.826022, maxRC=6352.105166, +1 cols
    [CG]   [DIAG] iter=14 posCols=1 newCols=1 effImprove=1 updated=0
    [CG] CG iter 15: obj=2706185.826022, maxRC=6121.651901, +1 cols
    [CG]   [DIAG] iter=15 posCols=1 newCols=1 effImprove=1 updated=0
    [CG] 列生成收敛，共 16 轮迭代
    [CG] [CG-NODE] depth=0 exit=CERTIFIED certified=1 feasible=1 iters=16 generatedColsBeforeNode=0 newCols=265 posCandidates=268 duplicateCandidates=3 updatedCols=3 zeroObjImproveIters=2 objFirst=1117859.546112 objLast=2706185.826022 objGain=1588326.279910 maxRC=1668325.887629 wallSec=0.189108 pricingSec=0.178399 cplexSolveSec=0.006809
      [BB] 根节点即为整数解，obj=2706185.826022
