    [CG] 列生成开始，初始列数=310
    [CG] CG iter 1: obj=1138767.852890, maxRC=1661697.101654, +30 cols
    [CG]   [DIAG] iter=1 posCols=30 newCols=30 effImprove=30 updated=0
    [CG] CG iter 2: obj=2112758.613119, maxRC=335454.426576, +29 cols
    [CG]   [DIAG] iter=2 posCols=29 newCols=29 effImprove=29 updated=0
    [CG] CG iter 3: obj=2383323.053018, maxRC=625777.602651, +30 cols
    [CG]   [DIAG] iter=3 posCols=30 newCols=30 effImprove=30 updated=0
    [CG] CG iter 4: obj=2417123.553139, maxRC=523826.186900, +30 cols
    [CG]   [DIAG] iter=4 posCols=30 newCols=30 effImprove=30 updated=0
    [CG] CG iter 5: obj=2448472.572260, maxRC=231668.962196, +30 cols
    [CG]   [DIAG] iter=5 posCols=30 newCols=30 effImprove=30 updated=0
    [CG] CG iter 6: obj=2494548.657272, maxRC=228982.199253, +30 cols
    [CG]   [DIAG] iter=6 posCols=30 newCols=30 effImprove=30 updated=0
    [CG] CG iter 7: obj=2524268.822174, maxRC=91017.254681, +25 cols
    [CG]   [DIAG] iter=7 posCols=25 newCols=25 effImprove=25 updated=0
    [CG] CG iter 8: obj=2628261.095912, maxRC=173052.708676, +24 cols
    [CG]   [DIAG] iter=8 posCols=24 newCols=23 effImprove=24 updated=1
    [CG] CG iter 9: obj=2669104.689046, maxRC=115993.570723, +19 cols
    [CG]   [DIAG] iter=9 posCols=19 newCols=19 effImprove=19 updated=0
    [CG] CG iter 10: obj=2704804.978443, maxRC=69804.078431, +18 cols
    [CG]   [DIAG] iter=10 posCols=18 newCols=17 effImprove=18 updated=1
    [CG] CG iter 11: obj=2731907.015460, maxRC=40366.026178, +11 cols
    [CG]   [DIAG] iter=11 posCols=11 newCols=11 effImprove=11 updated=0
    [CG] CG iter 12: obj=2736798.779392, maxRC=47557.616699, +17 cols
    [CG]   [DIAG] iter=12 posCols=17 newCols=17 effImprove=17 updated=0
    [CG] CG iter 13: obj=2756930.342137, maxRC=29698.528110, +10 cols
    [CG]   [DIAG] iter=13 posCols=10 newCols=10 effImprove=10 updated=0
    [CG] CG iter 14: obj=2759901.048663, maxRC=14718.570334, +5 cols
    [CG]   [DIAG] iter=14 posCols=5 newCols=5 effImprove=5 updated=0
    [CG] CG iter 15: obj=2771258.537973, maxRC=4775.149653, +3 cols
    [CG]   [DIAG] iter=15 posCols=3 newCols=3 effImprove=3 updated=0
    [CG] CG iter 16: obj=2771258.537973, maxRC=323.371258, +1 cols
    [CG]   [DIAG] iter=16 posCols=1 newCols=1 effImprove=1 updated=0
    [CG] 列生成收敛，共 17 轮迭代
    [CG] [CG-NODE] depth=0 exit=CERTIFIED certified=1 feasible=1 iters=17 generatedColsBeforeNode=0 newCols=310 posCandidates=312 duplicateCandidates=2 updatedCols=2 zeroObjImproveIters=2 objFirst=1138767.852890 objLast=2771258.537973 objGain=1632490.685083 maxRC=1661697.101654 wallSec=0.223005 pricingSec=0.209481 cplexSolveSec=0.008440
      [BB] 根节点即为整数解，obj=2771258.537973
