    [CG] 列生成开始，初始列数=310
    [CG] CG iter 1: obj=1140152.465199, maxRC=1574910.716557, +30 cols
    [CG]   [DIAG] iter=1 posCols=30 newCols=30 effImprove=30 updated=0
    [CG] CG iter 2: obj=2050221.564009, maxRC=448958.088392, +30 cols
    [CG]   [DIAG] iter=2 posCols=30 newCols=30 effImprove=30 updated=0
    [CG] CG iter 3: obj=2442577.849581, maxRC=590290.791012, +30 cols
    [CG]   [DIAG] iter=3 posCols=30 newCols=30 effImprove=30 updated=0
    [CG] CG iter 4: obj=2452814.364275, maxRC=523520.204055, +30 cols
    [CG]   [DIAG] iter=4 posCols=30 newCols=30 effImprove=30 updated=0
    [CG] CG iter 5: obj=2463610.248478, maxRC=395288.108347, +30 cols
    [CG]   [DIAG] iter=5 posCols=30 newCols=30 effImprove=30 updated=0
    [CG] CG iter 6: obj=2477184.612133, maxRC=197099.524119, +30 cols
    [CG]   [DIAG] iter=6 posCols=30 newCols=30 effImprove=30 updated=0
    [CG] CG iter 7: obj=2496302.229625, maxRC=146701.550189, +28 cols
    [CG]   [DIAG] iter=7 posCols=28 newCols=28 effImprove=28 updated=0
    [CG] CG iter 8: obj=2599214.805942, maxRC=171733.080375, +21 cols
    [CG]   [DIAG] iter=8 posCols=21 newCols=20 effImprove=21 updated=1
    [CG] CG iter 9: obj=2676322.490344, maxRC=119933.003681, +21 cols
    [CG]   [DIAG] iter=9 posCols=21 newCols=21 effImprove=21 updated=0
    [CG] CG iter 10: obj=2727260.888311, maxRC=108681.985458, +18 cols
    [CG]   [DIAG] iter=10 posCols=18 newCols=18 effImprove=18 updated=0
    [CG] CG iter 11: obj=2744950.031845, maxRC=116824.704086, +14 cols
    [CG]   [DIAG] iter=11 posCols=14 newCols=14 effImprove=14 updated=0
    [CG] CG iter 12: obj=2755221.028646, maxRC=46791.839641, +10 cols
    [CG]   [DIAG] iter=12 posCols=10 newCols=10 effImprove=10 updated=0
    [CG] CG iter 13: obj=2767246.249101, maxRC=35593.857902, +10 cols
    [CG]   [DIAG] iter=13 posCols=10 newCols=10 effImprove=10 updated=0
    [CG] CG iter 14: obj=2788796.592814, maxRC=27483.120564, +9 cols
    [CG]   [DIAG] iter=14 posCols=9 newCols=9 effImprove=9 updated=0
    [CG] CG iter 15: obj=2789714.727895, maxRC=23538.022621, +11 cols
    [CG]   [DIAG] iter=15 posCols=11 newCols=11 effImprove=11 updated=0
    [CG] CG iter 16: obj=2793418.453209, maxRC=11529.817175, +6 cols
    [CG]   [DIAG] iter=16 posCols=6 newCols=6 effImprove=6 updated=0
    [CG] CG iter 17: obj=2799183.361796, maxRC=7875.843802, +2 cols
    [CG]   [DIAG] iter=17 posCols=2 newCols=2 effImprove=2 updated=0
    [CG] CG iter 18: obj=2799183.361796, maxRC=2829.410632, +2 cols
    [CG]   [DIAG] iter=18 posCols=2 newCols=2 effImprove=2 updated=0
    [CG] CG iter 19: obj=2799781.464311, maxRC=739.651705, +1 cols
    [CG]   [DIAG] iter=19 posCols=1 newCols=1 effImprove=1 updated=0
    [CG] CG iter 20: obj=2799781.464311, maxRC=226.860729, +1 cols
    [CG]   [DIAG] iter=20 posCols=1 newCols=1 effImprove=1 updated=0
    [CG] 列生成收敛，共 21 轮迭代
    [CG] [CG-NODE] depth=0 exit=CERTIFIED certified=1 feasible=1 iters=21 generatedColsBeforeNode=0 newCols=333 posCandidates=334 duplicateCandidates=1 updatedCols=1 zeroObjImproveIters=3 objFirst=1140152.465199 objLast=2799781.464311 objGain=1659628.999112 maxRC=1574910.716557 wallSec=0.240306 pricingSec=0.228023 cplexSolveSec=0.008634
      [BB] 根节点即为整数解，obj=2799781.464311
