    [CG] 列生成开始，初始列数=310
    [CG] CG iter 1: obj=1115817.191751, maxRC=1667008.446093, +30 cols
    [CG]   [DIAG] iter=1 posCols=30 newCols=30 effImprove=30 updated=0
    [CG] CG iter 2: obj=2096983.149883, maxRC=399792.347644, +29 cols
    [CG]   [DIAG] iter=2 posCols=29 newCols=29 effImprove=29 updated=0
    [CG] CG iter 3: obj=2368892.650563, maxRC=632697.964628, +30 cols
    [CG]   [DIAG] iter=3 posCols=30 newCols=30 effImprove=30 updated=0
    [CG] CG iter 4: obj=2422085.977787, maxRC=447084.069000, +28 cols
    [CG]   [DIAG] iter=4 posCols=28 newCols=28 effImprove=28 updated=0
    [CG] CG iter 5: obj=2439588.831754, maxRC=320926.953556, +27 cols
    [CG]   [DIAG] iter=5 posCols=27 newCols=27 effImprove=27 updated=0
    [CG] CG iter 6: obj=2518131.961481, maxRC=283998.386965, +25 cols
    [CG]   [DIAG] iter=6 posCols=25 newCols=25 effImprove=25 updated=0
    [CG] CG iter 7: obj=2536253.646444, maxRC=148454.522048, +19 cols
    [CG]   [DIAG] iter=7 posCols=19 newCols=19 effImprove=19 updated=0
    [CG] CG iter 8: obj=2628579.303692, maxRC=223217.325220, +24 cols
    [CG]   [DIAG] iter=8 posCols=24 newCols=24 effImprove=24 updated=0
    [CG] CG iter 9: obj=2651492.724842, maxRC=169095.144636, +20 cols
    [CG]   [DIAG] iter=9 posCols=20 newCols=20 effImprove=20 updated=0
    [CG] CG iter 10: obj=2662645.786626, maxRC=106068.518168, +17 cols
    [CG]   [DIAG] iter=10 posCols=17 newCols=17 effImprove=17 updated=0
    [CG] CG iter 11: obj=2693152.886207, maxRC=103460.914089, +19 cols
    [CG]   [DIAG] iter=11 posCols=19 newCols=19 effImprove=19 updated=0
    [CG] CG iter 12: obj=2716703.127553, maxRC=83545.830923, +15 cols
    [CG]   [DIAG] iter=12 posCols=15 newCols=15 effImprove=15 updated=0
    [CG] CG iter 13: obj=2734069.836470, maxRC=70910.858437, +12 cols
    [CG]   [DIAG] iter=13 posCols=12 newCols=12 effImprove=12 updated=0
    [CG] CG iter 14: obj=2744656.562118, maxRC=71618.351588, +13 cols
    [CG]   [DIAG] iter=14 posCols=13 newCols=13 effImprove=13 updated=0
    [CG] CG iter 15: obj=2756329.567889, maxRC=62187.675144, +13 cols
    [CG]   [DIAG] iter=15 posCols=13 newCols=13 effImprove=13 updated=0
    [CG] CG iter 16: obj=2762467.238157, maxRC=54227.762170, +10 cols
    [CG]   [DIAG] iter=16 posCols=10 newCols=10 effImprove=10 updated=0
    [CG] CG iter 17: obj=2764814.047345, maxRC=47612.441972, +11 cols
    [CG]   [DIAG] iter=17 posCols=11 newCols=11 effImprove=11 updated=0
    [CG] CG iter 18: obj=2773996.036387, maxRC=29100.868138, +9 cols
    [CG]   [DIAG] iter=18 posCols=9 newCols=9 effImprove=9 updated=0
    [CG] CG iter 19: obj=2781276.561307, maxRC=21469.693300, +6 cols
    [CG]   [DIAG] iter=19 posCols=6 newCols=5 effImprove=6 updated=1
    [CG] CG iter 20: obj=2790744.021060, maxRC=26807.372211, +5 cols
    [CG]   [DIAG] iter=20 posCols=5 newCols=5 effImprove=5 updated=0
    [CG] CG iter 21: obj=2799472.994712, maxRC=14692.131900, +3 cols
    [CG]   [DIAG] iter=21 posCols=3 newCols=3 effImprove=3 updated=0
    [CG] CG iter 22: obj=2799472.994712, maxRC=5431.234604, +1 cols
    [CG]   [DIAG] iter=22 posCols=1 newCols=1 effImprove=1 updated=0
    [CG] CG iter 23: obj=2804904.229316, maxRC=2552.768365, +2 cols
    [CG]   [DIAG] iter=23 posCols=2 newCols=2 effImprove=2 updated=0
    [CG] CG iter 24: obj=2804904.229316, maxRC=746.762819, +1 cols
    [CG]   [DIAG] iter=24 posCols=1 newCols=1 effImprove=1 updated=0
    [CG] CG iter 25: obj=2804904.229316, maxRC=229.095514, +1 cols
    [CG]   [DIAG] iter=25 posCols=1 newCols=1 effImprove=1 updated=0
    [CG] 列生成收敛，共 26 轮迭代
    [CG] [CG-NODE] depth=0 exit=CERTIFIED certified=1 feasible=1 iters=26 generatedColsBeforeNode=0 newCols=369 posCandidates=370 duplicateCandidates=1 updatedCols=1 zeroObjImproveIters=4 objFirst=1115817.191751 objLast=2804904.229316 objGain=1689087.037565 maxRC=1667008.446093 wallSec=0.263308 pricingSec=0.245642 cplexSolveSec=0.011805
      [BB] 根节点即为整数解，obj=2804904.229316
