    [CG] 列生成开始，初始列数=310
    [CG] CG iter 1: obj=1131432.707159, maxRC=1569534.399524, +30 cols
    [CG]   [DIAG] iter=1 posCols=30 newCols=30 effImprove=30 updated=0
    [CG] CG iter 2: obj=2005529.897257, maxRC=496830.592421, +30 cols
    [CG]   [DIAG] iter=2 posCols=30 newCols=30 effImprove=30 updated=0
    [CG] CG iter 3: obj=2293062.996580, maxRC=599913.754785, +30 cols
    [CG]   [DIAG] iter=3 posCols=30 newCols=30 effImprove=30 updated=0
    [CG] CG iter 4: obj=2424647.740249, maxRC=370976.628482, +30 cols
    [CG]   [DIAG] iter=4 posCols=30 newCols=30 effImprove=30 updated=0
    [CG] CG iter 5: obj=2502448.679701, maxRC=291899.637862, +29 cols
    [CG]   [DIAG] iter=5 posCols=29 newCols=29 effImprove=29 updated=0
    [CG] CG iter 6: obj=2512132.314768, maxRC=222558.158311, +28 cols
    [CG]   [DIAG] iter=6 posCols=28 newCols=28 effImprove=28 updated=0
    [CG] CG iter 7: obj=2542661.853527, maxRC=202218.125382, +24 cols
    [CG]   [DIAG] iter=7 posCols=24 newCols=24 effImprove=24 updated=0
    [CG] CG iter 8: obj=2570685.652380, maxRC=112901.306632, +23 cols
    [CG]   [DIAG] iter=8 posCols=23 newCols=22 effImprove=23 updated=1
    [CG] CG iter 9: obj=2635734.527928, maxRC=113538.671642, +18 cols
    [CG]   [DIAG] iter=9 posCols=18 newCols=18 effImprove=18 updated=0
    [CG] CG iter 10: obj=2676422.363458, maxRC=114550.811461, +18 cols
    [CG]   [DIAG] iter=10 posCols=18 newCols=18 effImprove=18 updated=0
    [CG] CG iter 11: obj=2702766.478701, maxRC=90970.956509, +13 cols
    [CG]   [DIAG] iter=11 posCols=13 newCols=13 effImprove=13 updated=0
    [CG] CG iter 12: obj=2716547.680520, maxRC=56179.683429, +21 cols
    [CG]   [DIAG] iter=12 posCols=21 newCols=21 effImprove=21 updated=0
    [CG] CG iter 13: obj=2737922.858864, maxRC=50298.477114, +15 cols
    [CG]   [DIAG] iter=13 posCols=15 newCols=15 effImprove=15 updated=0
    [CG] CG iter 14: obj=2754548.573502, maxRC=29903.106176, +9 cols
    [CG]   [DIAG] iter=14 posCols=9 newCols=7 effImprove=9 updated=2
    [CG] CG iter 15: obj=2759698.594327, maxRC=13305.732674, +11 cols
    [CG]   [DIAG] iter=15 posCols=11 newCols=10 effImprove=11 updated=1
    [CG] CG iter 16: obj=2760273.850016, maxRC=7436.000821, +4 cols
    [CG]   [DIAG] iter=16 posCols=4 newCols=3 effImprove=4 updated=1
    [CG] CG iter 17: obj=2760273.850016, maxRC=3380.898995, +3 cols
    [CG]   [DIAG] iter=17 posCols=3 newCols=3 effImprove=3 updated=0
    [CG] CG iter 18: obj=2760981.644289, maxRC=1601.208805, +2 cols
    [CG]   [DIAG] iter=18 posCols=2 newCols=2 effImprove=2 updated=0
    [CG] 列生成收敛，共 19 轮迭代
    [CG] [CG-NODE] depth=0 exit=CERTIFIED certified=1 feasible=1 iters=19 generatedColsBeforeNode=0 newCols=333 posCandidates=338 duplicateCandidates=5 updatedCols=5 zeroObjImproveIters=2 objFirst=1131432.707159 objLast=2760981.644289 objGain=1629548.937130 maxRC=1569534.399524 wallSec=0.225367 pricingSec=0.210151 cplexSolveSec=0.009810
      [BB] 根节点即为整数解，obj=2760981.644289
