    [CG] 列生成开始，初始列数=310
    [CG] CG iter 1: obj=1127393.072340, maxRC=1656264.453742, +30 cols
    [CG]   [DIAG] iter=1 posCols=30 newCols=30 effImprove=30 updated=0
    [CG] CG iter 2: obj=2111655.909725, maxRC=378219.990800, +26 cols
    [CG]   [DIAG] iter=2 posCols=26 newCols=26 effImprove=26 updated=0
    [CG] CG iter 3: obj=2401177.276716, maxRC=771031.034978, +30 cols
    [CG]   [DIAG] iter=3 posCols=30 newCols=30 effImprove=30 updated=0
    [CG] CG iter 4: obj=2442513.726333, maxRC=454459.366572, +29 cols
    [CG]   [DIAG] iter=4 posCols=29 newCols=29 effImprove=29 updated=0
    [CG] CG iter 5: obj=2464434.610496, maxRC=375323.977683, +29 cols
    [CG]   [DIAG] iter=5 posCols=29 newCols=29 effImprove=29 updated=0
    [CG] CG iter 6: obj=2490097.828540, maxRC=216649.615640, +27 cols
    [CG]   [DIAG] iter=6 posCols=27 newCols=27 effImprove=27 updated=0
    [CG] CG iter 7: obj=2531824.657678, maxRC=144240.818705, +26 cols
    [CG]   [DIAG] iter=7 posCols=26 newCols=26 effImprove=26 updated=0
    [CG] CG iter 8: obj=2622201.276856, maxRC=149906.985651, +23 cols
    [CG]   [DIAG] iter=8 posCols=23 newCols=22 effImprove=23 updated=1
    [CG] CG iter 9: obj=2664025.245622, maxRC=185320.145882, +23 cols
    [CG]   [DIAG] iter=9 posCols=23 newCols=22 effImprove=23 updated=1
    [CG] CG iter 10: obj=2704897.150682, maxRC=76128.834363, +14 cols
    [CG]   [DIAG] iter=10 posCols=14 newCols=14 effImprove=14 updated=0
    [CG] CG iter 11: obj=2743099.148853, maxRC=79643.208121, +13 cols
    [CG]   [DIAG] iter=11 posCols=13 newCols=13 effImprove=13 updated=0
    [CG] CG iter 12: obj=2757439.271081, maxRC=60019.478573, +13 cols
    [CG]   [DIAG] iter=12 posCols=13 newCols=13 effImprove=13 updated=0
    [CG] CG iter 13: obj=2780635.806435, maxRC=46092.867093, +12 cols
    [CG]   [DIAG] iter=13 posCols=12 newCols=11 effImprove=12 updated=1
    [CG] CG iter 14: obj=2786916.497804, maxRC=28489.333753, +9 cols
    [CG]   [DIAG] iter=14 posCols=9 newCols=9 effImprove=9 updated=0
    [CG] CG iter 15: obj=2813456.562440, maxRC=25520.609667, +9 cols
    [CG]   [DIAG] iter=15 posCols=9 newCols=9 effImprove=9 updated=0
    [CG] CG iter 16: obj=2819898.489383, maxRC=11748.469391, +5 cols
    [CG]   [DIAG] iter=16 posCols=5 newCols=5 effImprove=5 updated=0
    [CG] CG iter 17: obj=2819898.489383, maxRC=8386.874864, +3 cols
    [CG]   [DIAG] iter=17 posCols=3 newCols=2 effImprove=3 updated=1
    [CG] CG iter 18: obj=2819898.489383, maxRC=7003.474832, +2 cols
    [CG]   [DIAG] iter=18 posCols=2 newCols=2 effImprove=2 updated=0
    [CG] CG iter 19: obj=2819898.489383, maxRC=6392.060729, +4 cols
    [CG]   [DIAG] iter=19 posCols=4 newCols=4 effImprove=4 updated=0
    [CG] CG iter 20: obj=2819898.489383, maxRC=326.006773, +1 cols
    [CG]   [DIAG] iter=20 posCols=1 newCols=1 effImprove=1 updated=0
    [CG] CG iter 21: obj=2819898.489383, maxRC=74.967838, +1 cols
    [CG]   [DIAG] iter=21 posCols=1 newCols=1 effImprove=1 updated=0
    [CG] 列生成收敛，共 22 轮迭代
    [CG] [CG-NODE] depth=0 exit=CERTIFIED certified=1 feasible=1 iters=22 generatedColsBeforeNode=0 newCols=325 posCandidates=329 duplicateCandidates=4 updatedCols=4 zeroObjImproveIters=6 objFirst=1127393.072340 objLast=2819898.489383 objGain=1692505.417043 maxRC=1656264.453742 wallSec=0.244820 pricingSec=0.229060 cplexSolveSec=0.010245
      [BB] 根节点即为整数解，obj=2819898.489383
