    [CG] 列生成开始，初始列数=310
    [CG] CG iter 1: obj=1139151.898913, maxRC=1581398.514804, +30 cols
    [CG]   [DIAG] iter=1 posCols=30 newCols=30 effImprove=30 updated=0
    [CG] CG iter 2: obj=2044835.616441, maxRC=464592.481436, +30 cols
    [CG]   [DIAG] iter=2 posCols=30 newCols=30 effImprove=30 updated=0
    [CG] CG iter 3: obj=2222960.726430, maxRC=373524.413011, +30 cols
    [CG]   [DIAG] iter=3 posCols=30 newCols=30 effImprove=30 updated=0
    [CG] CG iter 4: obj=2434983.981590, maxRC=195186.372684, +28 cols
    [CG]   [DIAG] iter=4 posCols=28 newCols=28 effImprove=28 updated=0
    [CG] CG iter 5: obj=2536648.086513, maxRC=236922.635177, +29 cols
    [CG]   [DIAG] iter=5 posCols=29 newCols=29 effImprove=29 updated=0
    [CG] CG iter 6: obj=2584927.200201, maxRC=139577.986165, +23 cols
    [CG]   [DIAG] iter=6 posCols=23 newCols=23 effImprove=23 updated=0
    [CG] CG iter 7: obj=2637042.642091, maxRC=142008.243078, +19 cols
    [CG]   [DIAG] iter=7 posCols=19 newCols=18 effImprove=19 updated=1
    [CG] CG iter 8: obj=2688157.788343, maxRC=117741.121865, +12 cols
    [CG]   [DIAG] iter=8 posCols=12 newCols=12 effImprove=12 updated=0
    [CG] CG iter 9: obj=2704587.795766, maxRC=83884.541164, +12 cols
    [CG]   [DIAG] iter=9 posCols=12 newCols=12 effImprove=12 updated=0
    [CG] CG iter 10: obj=2757248.545656, maxRC=83508.139045, +11 cols
    [CG]   [DIAG] iter=10 posCols=11 newCols=11 effImprove=11 updated=0
    [CG] CG iter 11: obj=2759594.205157, maxRC=74207.420210, +14 cols
    [CG]   [DIAG] iter=11 posCols=14 newCols=14 effImprove=14 updated=0
    [CG] CG iter 12: obj=2760698.930316, maxRC=81486.427924, +9 cols
    [CG]   [DIAG] iter=12 posCols=9 newCols=8 effImprove=9 updated=1
    [CG] CG iter 13: obj=2760831.052775, maxRC=34448.987259, +7 cols
    [CG]   [DIAG] iter=13 posCols=7 newCols=7 effImprove=7 updated=0
    [CG] CG iter 14: obj=2773176.824975, maxRC=18312.947500, +8 cols
    [CG]   [DIAG] iter=14 posCols=8 newCols=8 effImprove=8 updated=0
    [CG] CG iter 15: obj=2782333.298725, maxRC=7157.883449, +4 cols
    [CG]   [DIAG] iter=15 posCols=4 newCols=4 effImprove=4 updated=0
    [CG] CG iter 16: obj=2782333.298725, maxRC=3778.283917, +4 cols
    [CG]   [DIAG] iter=16 posCols=4 newCols=4 effImprove=4 updated=0
    [CG] CG iter 17: obj=2782333.298725, maxRC=2820.736049, +3 cols
    [CG]   [DIAG] iter=17 posCols=3 newCols=3 effImprove=3 updated=0
    [CG] CG iter 18: obj=2782333.298725, maxRC=2693.977848, +2 cols
    [CG]   [DIAG] iter=18 posCols=2 newCols=2 effImprove=2 updated=0
    [CG] 列生成收敛，共 19 轮迭代
    [CG] [CG-NODE] depth=0 exit=CERTIFIED certified=1 feasible=1 iters=19 generatedColsBeforeNode=0 newCols=273 posCandidates=275 duplicateCandidates=2 updatedCols=2 zeroObjImproveIters=3 objFirst=1139151.898913 objLast=2785027.276573 objGain=1645875.377660 maxRC=1581398.514804 wallSec=0.240629 pricingSec=0.209809 cplexSolveSec=0.008442
      [BB] 根节点即为整数解，obj=2785027.276573
