    [CG] 列生成开始，初始列数=310
    [CG] CG iter 1: obj=1153239.886816, maxRC=1659684.607674, +30 cols
    [CG]   [DIAG] iter=1 posCols=30 newCols=30 effImprove=30 updated=0
    [CG] CG iter 2: obj=2128530.399102, maxRC=397537.599841, +30 cols
    [CG]   [DIAG] iter=2 posCols=30 newCols=30 effImprove=30 updated=0
    [CG] CG iter 3: obj=2390639.658359, maxRC=616252.313897, +30 cols
    [CG]   [DIAG] iter=3 posCols=30 newCols=30 effImprove=30 updated=0
    [CG] CG iter 4: obj=2449492.007359, maxRC=350411.172174, +30 cols
    [CG]   [DIAG] iter=4 posCols=30 newCols=30 effImprove=30 updated=0
    [CG] CG iter 5: obj=2517660.211674, maxRC=315546.257478, +29 cols
    [CG]   [DIAG] iter=5 posCols=29 newCols=29 effImprove=29 updated=0
    [CG] CG iter 6: obj=2544561.006982, maxRC=205339.895773, +27 cols
    [CG]   [DIAG] iter=6 posCols=27 newCols=26 effImprove=27 updated=1
    [CG] CG iter 7: obj=2581938.138997, maxRC=154754.153266, +28 cols
    [CG]   [DIAG] iter=7 posCols=28 newCols=27 effImprove=28 updated=1
    [CG] CG iter 8: obj=2648873.702473, maxRC=153908.033545, +25 cols
    [CG]   [DIAG] iter=8 posCols=25 newCols=25 effImprove=25 updated=0
    [CG] CG iter 9: obj=2721425.924736, maxRC=113178.309996, +22 cols
    [CG]   [DIAG] iter=9 posCols=22 newCols=22 effImprove=22 updated=0
    [CG] CG iter 10: obj=2758295.524880, maxRC=158541.221441, +21 cols
    [CG]   [DIAG] iter=10 posCols=21 newCols=20 effImprove=21 updated=1
    [CG] CG iter 11: obj=2788142.774069, maxRC=81415.256479, +17 cols
    [CG]   [DIAG] iter=11 posCols=17 newCols=17 effImprove=17 updated=0
    [CG] CG iter 12: obj=2804330.379760, maxRC=57636.622210, +15 cols
    [CG]   [DIAG] iter=12 posCols=15 newCols=15 effImprove=15 updated=0
    [CG] CG iter 13: obj=2810346.788838, maxRC=68813.968758, +14 cols
    [CG]   [DIAG] iter=13 posCols=14 newCols=14 effImprove=14 updated=0
    [CG] CG iter 14: obj=2814153.445035, maxRC=29185.175742, +8 cols
    [CG]   [DIAG] iter=14 posCols=8 newCols=8 effImprove=8 updated=0
    [CG] CG iter 15: obj=2831636.284763, maxRC=17539.763724, +6 cols
    [CG]   [DIAG] iter=15 posCols=6 newCols=6 effImprove=6 updated=0
    [CG] CG iter 16: obj=2839357.558522, maxRC=14069.873855, +6 cols
    [CG]   [DIAG] iter=16 posCols=6 newCols=6 effImprove=6 updated=0
    [CG] CG iter 17: obj=2850406.156171, maxRC=7198.185430, +3 cols
    [CG]   [DIAG] iter=17 posCols=3 newCols=2 effImprove=3 updated=1
    [CG] CG iter 18: obj=2850406.156171, maxRC=6594.164734, +2 cols
    [CG]   [DIAG] iter=18 posCols=2 newCols=2 effImprove=2 updated=0
    [CG] CG iter 19: obj=2850406.156171, maxRC=2082.668697, +2 cols
    [CG]   [DIAG] iter=19 posCols=2 newCols=2 effImprove=2 updated=0
    [CG] CG iter 20: obj=2850406.156171, maxRC=2172.850195, +1 cols
    [CG]   [DIAG] iter=20 posCols=1 newCols=1 effImprove=1 updated=0
    [CG] 列生成收敛，共 21 轮迭代
    [CG] [CG-NODE] depth=0 exit=CERTIFIED certified=1 feasible=1 iters=21 generatedColsBeforeNode=0 newCols=342 posCandidates=346 duplicateCandidates=4 updatedCols=4 zeroObjImproveIters=4 objFirst=1153239.886816 objLast=2850406.156171 objGain=1697166.269355 maxRC=1659684.607674 wallSec=0.279146 pricingSec=0.245090 cplexSolveSec=0.010613
      [BB] 根节点即为整数解，obj=2850406.156171
