    [CG] 列生成开始，初始列数=310
    [CG] CG iter 1: obj=702417.798662, maxRC=1442820.075844, +30 cols
    [CG]   [DIAG] iter=1 posCols=30 newCols=30 effImprove=30 updated=0
    [CG] CG iter 2: obj=1653391.593758, maxRC=315168.774637, +16 cols
    [CG]   [DIAG] iter=2 posCols=16 newCols=16 effImprove=16 updated=0
    [CG] CG iter 3: obj=1737268.089362, maxRC=687183.364169, +27 cols
    [CG]   [DIAG] iter=3 posCols=27 newCols=27 effImprove=27 updated=0
    [CG] CG iter 4: obj=1802897.821491, maxRC=547316.961320, +26 cols
    [CG]   [DIAG] iter=4 posCols=26 newCols=26 effImprove=26 updated=0
    [CG] CG iter 5: obj=1821947.049832, maxRC=433825.736388, +19 cols
    [CG]   [DIAG] iter=5 posCols=19 newCols=19 effImprove=19 updated=0
    [CG] CG iter 6: obj=1831262.887152, maxRC=360097.959892, +18 cols
    [CG]   [DIAG] iter=6 posCols=18 newCols=18 effImprove=18 updated=0
    [CG] CG iter 7: obj=1841403.260873, maxRC=286816.620157, +13 cols
    [CG]   [DIAG] iter=7 posCols=13 newCols=13 effImprove=13 updated=0
    [CG] CG iter 8: obj=1858182.673781, maxRC=79345.559632, +10 cols
    [CG]   [DIAG] iter=8 posCols=10 newCols=10 effImprove=10 updated=0
    [CG] CG iter 9: obj=1893361.128199, maxRC=80495.268522, +11 cols
    [CG]   [DIAG] iter=9 posCols=11 newCols=11 effImprove=11 updated=0
    [CG] CG iter 10: obj=1897719.435242, maxRC=73557.533608, +6 cols
    [CG]   [DIAG] iter=10 posCols=6 newCols=6 effImprove=6 updated=0
    [CG] CG iter 11: obj=1903655.922625, maxRC=76500.268942, +9 cols
    [CG]   [DIAG] iter=11 posCols=9 newCols=9 effImprove=9 updated=0
    [CG] CG iter 12: obj=1905005.349275, maxRC=46614.180185, +11 cols
    [CG]   [DIAG] iter=12 posCols=11 newCols=11 effImprove=11 updated=0
    [CG] CG iter 13: obj=1916777.294152, maxRC=34395.793312, +7 cols
    [CG]   [DIAG] iter=13 posCols=7 newCols=7 effImprove=7 updated=0
    [CG] CG iter 14: obj=1919672.529132, maxRC=39452.195723, +7 cols
    [CG]   [DIAG] iter=14 posCols=7 newCols=7 effImprove=7 updated=0
    [CG] CG iter 15: obj=1926763.289201, maxRC=49087.737210, +8 cols
    [CG]   [DIAG] iter=15 posCols=8 newCols=8 effImprove=8 updated=0
    [CG] CG iter 16: obj=1928669.042931, maxRC=25147.269506, +7 cols
    [CG]   [DIAG] iter=16 posCols=7 newCols=7 effImprove=7 updated=0
    [CG] CG iter 17: obj=1934498.372795, maxRC=28163.091634, +8 cols
    [CG]   [DIAG] iter=17 posCols=8 newCols=8 effImprove=8 updated=0
    [CG] CG iter 18: obj=1934498.372795, maxRC=12860.322111, +5 cols
    [CG]   [DIAG] iter=18 posCols=5 newCols=5 effImprove=5 updated=0
    [CG] CG iter 19: obj=1935167.387410, maxRC=10004.981086, +5 cols
    [CG]   [DIAG] iter=19 posCols=5 newCols=5 effImprove=5 updated=0
    [CG] CG iter 20: obj=1940169.877952, maxRC=7192.457271, +5 cols
    [CG]   [DIAG] iter=20 posCols=5 newCols=5 effImprove=5 updated=0
    [CG] CG iter 21: obj=1940169.877952, maxRC=11942.438307, +4 cols
    [CG]   [DIAG] iter=21 posCols=4 newCols=4 effImprove=4 updated=0
    [CG] CG iter 22: obj=1940169.877952, maxRC=3650.719959, +1 cols
    [CG]   [DIAG] iter=22 posCols=1 newCols=1 effImprove=1 updated=0
    [CG] CG iter 23: obj=1940169.877952, maxRC=1763.492534, +2 cols
    [CG]   [DIAG] iter=23 posCols=2 newCols=2 effImprove=2 updated=0
    [CG] 列生成收敛，共 24 轮迭代
    [CG] [CG-NODE] depth=0 exit=CERTIFIED certified=1 feasible=1 iters=24 generatedColsBeforeNode=0 newCols=255 posCandidates=255 duplicateCandidates=0 updatedCols=0 zeroObjImproveIters=5 objFirst=702417.798662 objLast=1940169.877952 objGain=1237752.079290 maxRC=1442820.075844 wallSec=0.225287 pricingSec=0.212975 cplexSolveSec=0.007919
      [BB] 分支定界开始，根节点LP obj=1940169.877952，最大节点数=10000
      [BB] 根节点启发式下界 LB=1778269.098047（上界=1940169.877952）
    [CG] [BB-DIAG] 分支 x_{dc=0,retailer=2}, 节点数=1
    [CG] 列生成开始，初始列数=524
    [CG] CG iter 25: obj=1935617.442760, maxRC=201269.906013, +27 cols
    [CG]   [DIAG] iter=25 posCols=27 newCols=27 effImprove=27 updated=0
    [CG] CG iter 26: obj=1935617.442760, maxRC=287852.824351, +13 cols
    [CG]   [DIAG] iter=26 posCols=13 newCols=13 effImprove=13 updated=0
    [CG] CG iter 27: obj=1935617.442760, maxRC=218265.042860, +8 cols
    [CG]   [DIAG] iter=27 posCols=8 newCols=8 effImprove=8 updated=0
    [CG] CG iter 28: obj=1935617.442760, maxRC=60929.390063, +6 cols
    [CG]   [DIAG] iter=28 posCols=6 newCols=6 effImprove=6 updated=0
    [CG] CG iter 29: obj=1935617.442760, maxRC=28504.279948, +6 cols
    [CG]   [DIAG] iter=29 posCols=6 newCols=6 effImprove=6 updated=0
    [CG] CG iter 30: obj=1935617.442760, maxRC=8956.215065, +5 cols
    [CG]   [DIAG] iter=30 posCols=5 newCols=5 effImprove=5 updated=0
    [CG] CG iter 31: obj=1935617.442760, maxRC=2949.643619, +3 cols
    [CG]   [DIAG] iter=31 posCols=3 newCols=3 effImprove=3 updated=0
    [CG] CG iter 32: obj=1937624.739778, maxRC=356.445484, +1 cols
    [CG]   [DIAG] iter=32 posCols=1 newCols=1 effImprove=1 updated=0
    [CG] CG iter 33: obj=1937624.739778, maxRC=96.847966, +1 cols
    [CG]   [DIAG] iter=33 posCols=1 newCols=1 effImprove=1 updated=0
    [CG] CG iter 34: obj=1937624.739778, maxRC=22.705642, +1 cols
    [CG]   [DIAG] iter=34 posCols=1 newCols=1 effImprove=1 updated=0
    [CG] 列生成收敛，共 35 轮迭代
    [CG] [CG-NODE] depth=1 exit=CERTIFIED certified=1 feasible=1 iters=11 generatedColsBeforeNode=255 newCols=71 posCandidates=71 duplicateCandidates=0 updatedCols=0 zeroObjImproveIters=9 objFirst=1935617.442760 objLast=1937624.739778 objGain=2007.297018 maxRC=287852.824351 wallSec=0.067263 pricingSec=0.060995 cplexSolveSec=0.004431
    [CG] 列生成开始，初始列数=518
    [CG] CG iter 36: obj=1919036.355519, maxRC=31603.554288, +9 cols
    [CG]   [DIAG] iter=36 posCols=9 newCols=9 effImprove=9 updated=0
    [CG] CG iter 37: obj=1919036.355519, maxRC=23796.554975, +8 cols
    [CG]   [DIAG] iter=37 posCols=8 newCols=8 effImprove=8 updated=0
    [CG] CG iter 38: obj=1919036.355519, maxRC=26937.957539, +6 cols
    [CG]   [DIAG] iter=38 posCols=6 newCols=6 effImprove=6 updated=0
    [CG] CG iter 39: obj=1921932.717204, maxRC=24204.771956, +6 cols
    [CG]   [DIAG] iter=39 posCols=6 newCols=6 effImprove=6 updated=0
    [CG] CG iter 40: obj=1921932.717204, maxRC=17869.440017, +5 cols
    [CG]   [DIAG] iter=40 posCols=5 newCols=5 effImprove=5 updated=0
    [CG] CG iter 41: obj=1926297.699695, maxRC=8657.220860, +3 cols
    [CG]   [DIAG] iter=41 posCols=3 newCols=3 effImprove=3 updated=0
    [CG] CG iter 42: obj=1934954.920556, maxRC=5046.510677, +3 cols
    [CG]   [DIAG] iter=42 posCols=3 newCols=3 effImprove=3 updated=0
    [CG] CG iter 43: obj=1934954.920556, maxRC=91.262707, +1 cols
    [CG]   [DIAG] iter=43 posCols=1 newCols=1 effImprove=1 updated=0
    [CG] 列生成收敛，共 44 轮迭代
    [CG] [CG-NODE] depth=1 exit=CERTIFIED certified=1 feasible=1 iters=9 generatedColsBeforeNode=326 newCols=41 posCandidates=41 duplicateCandidates=0 updatedCols=0 zeroObjImproveIters=5 objFirst=1919036.355519 objLast=1934954.920556 objGain=15918.565037 maxRC=31603.554288 wallSec=0.045646 pricingSec=0.040538 cplexSolveSec=0.003644
    [CG] [BB-INCUMBENT] selection=2 node=1 previous=1778269.098047 value=1934954.920556 active=1
    [CG] [BB-NODESEL] strategy=hybrid choice=dfs eligibleCount=1 active=1 gap=0.001380
    [CG] [BB-INCUMBENT] selection=3 node=1 previous=1934954.920556 value=1937624.739778 active=0
      [BB] 分支定界结束：处理 3 节点，剪枝 0，剩余活跃 0，整数解 3，状态=OPTIMAL，最好可行 obj=1937624.739778，gap=0.000000
