    [CG] 列生成开始，初始列数=310
    [CG] CG iter 1: obj=512355.812803, maxRC=1494374.986454, +30 cols
    [CG]   [DIAG] iter=1 posCols=30 newCols=30 effImprove=30 updated=0
    [CG] CG iter 2: obj=1654711.459064, maxRC=649089.457085, +20 cols
    [CG]   [DIAG] iter=2 posCols=20 newCols=20 effImprove=20 updated=0
    [CG] CG iter 3: obj=1697585.847070, maxRC=609550.761779, +27 cols
    [CG]   [DIAG] iter=3 posCols=27 newCols=27 effImprove=27 updated=0
    [CG] CG iter 4: obj=1707350.166159, maxRC=564857.236436, +26 cols
    [CG]   [DIAG] iter=4 posCols=26 newCols=26 effImprove=26 updated=0
    [CG] CG iter 5: obj=1739240.042902, maxRC=496933.062585, +23 cols
    [CG]   [DIAG] iter=5 posCols=23 newCols=22 effImprove=23 updated=1
    [CG] CG iter 6: obj=1739240.042902, maxRC=447272.540014, +19 cols
    [CG]   [DIAG] iter=6 posCols=19 newCols=18 effImprove=19 updated=1
    [CG] CG iter 7: obj=1784459.814030, maxRC=466171.682384, +20 cols
    [CG]   [DIAG] iter=7 posCols=20 newCols=20 effImprove=20 updated=0
    [CG] CG iter 8: obj=1784459.814030, maxRC=187109.460793, +16 cols
    [CG]   [DIAG] iter=8 posCols=16 newCols=16 effImprove=16 updated=0
    [CG] CG iter 9: obj=1784459.814030, maxRC=271477.702646, +14 cols
    [CG]   [DIAG] iter=9 posCols=14 newCols=14 effImprove=14 updated=0
    [CG] CG iter 10: obj=1784459.814030, maxRC=223649.212036, +11 cols
    [CG]   [DIAG] iter=10 posCols=11 newCols=11 effImprove=11 updated=0
    [CG] CG iter 11: obj=1784459.814030, maxRC=246352.402334, +12 cols
    [CG]   [DIAG] iter=11 posCols=12 newCols=12 effImprove=12 updated=0
    [CG] CG iter 12: obj=1784459.814030, maxRC=218733.552959, +12 cols
    [CG]   [DIAG] iter=12 posCols=12 newCols=12 effImprove=12 updated=0
    [CG] CG iter 13: obj=1784459.814030, maxRC=194372.764845, +15 cols
    [CG]   [DIAG] iter=13 posCols=15 newCols=15 effImprove=15 updated=0
    [CG] CG iter 14: obj=1784459.814030, maxRC=238232.793500, +14 cols
    [CG]   [DIAG] iter=14 posCols=14 newCols=14 effImprove=14 updated=0
    [CG] CG iter 15: obj=1784459.814030, maxRC=102571.373733, +10 cols
    [CG]   [DIAG] iter=15 posCols=10 newCols=9 effImprove=10 updated=1
    [CG] CG iter 16: obj=1784459.814030, maxRC=192273.592900, +8 cols
    [CG]   [DIAG] iter=16 posCols=8 newCols=7 effImprove=8 updated=1
    [CG] CG iter 17: obj=1784459.814030, maxRC=234525.928781, +6 cols
    [CG]   [DIAG] iter=17 posCols=6 newCols=6 effImprove=6 updated=0
    [CG] CG iter 18: obj=1784459.814030, maxRC=157481.731497, +8 cols
    [CG]   [DIAG] iter=18 posCols=8 newCols=7 effImprove=8 updated=1
    [CG] CG iter 19: obj=1784459.814030, maxRC=118399.135120, +6 cols
    [CG]   [DIAG] iter=19 posCols=6 newCols=6 effImprove=6 updated=0
    [CG] CG iter 20: obj=1784459.814030, maxRC=71257.506735, +7 cols
    [CG]   [DIAG] iter=20 posCols=7 newCols=7 effImprove=7 updated=0
    [CG] CG iter 21: obj=1784459.814030, maxRC=77400.240519, +7 cols
    [CG]   [DIAG] iter=21 posCols=7 newCols=6 effImprove=7 updated=1
    [CG] CG iter 22: obj=1784459.814030, maxRC=137613.715371, +7 cols
    [CG]   [DIAG] iter=22 posCols=7 newCols=7 effImprove=7 updated=0
    [CG] CG iter 23: obj=1793565.440161, maxRC=86110.189373, +7 cols
    [CG]   [DIAG] iter=23 posCols=7 newCols=7 effImprove=7 updated=0
    [CG] CG iter 24: obj=1800584.829551, maxRC=51015.475446, +6 cols
    [CG]   [DIAG] iter=24 posCols=6 newCols=6 effImprove=6 updated=0
    [CG] CG iter 25: obj=1808355.500630, maxRC=55498.621729, +5 cols
    [CG]   [DIAG] iter=25 posCols=5 newCols=5 effImprove=5 updated=0
    [CG] CG iter 26: obj=1814104.567810, maxRC=40751.446360, +5 cols
    [CG]   [DIAG] iter=26 posCols=5 newCols=5 effImprove=5 updated=0
    [CG] CG iter 27: obj=1818476.567433, maxRC=32534.499702, +6 cols
    [CG]   [DIAG] iter=27 posCols=6 newCols=6 effImprove=6 updated=0
    [CG] CG iter 28: obj=1823028.876163, maxRC=33476.882012, +5 cols
    [CG]   [DIAG] iter=28 posCols=5 newCols=5 effImprove=5 updated=0
    [CG] CG iter 29: obj=1824742.187101, maxRC=28305.007613, +3 cols
    [CG]   [DIAG] iter=29 posCols=3 newCols=3 effImprove=3 updated=0
    [CG] CG iter 30: obj=1825667.810762, maxRC=24649.144537, +5 cols
    [CG]   [DIAG] iter=30 posCols=5 newCols=5 effImprove=5 updated=0
    [CG] CG iter 31: obj=1826543.248309, maxRC=14912.169806, +5 cols
    [CG]   [DIAG] iter=31 posCols=5 newCols=5 effImprove=5 updated=0
    [CG] CG iter 32: obj=1830388.108007, maxRC=8981.156205, +5 cols
    [CG]   [DIAG] iter=32 posCols=5 newCols=5 effImprove=5 updated=0
    [CG] CG iter 33: obj=1831282.240209, maxRC=6181.805919, +4 cols
    [CG]   [DIAG] iter=33 posCols=4 newCols=4 effImprove=4 updated=0
    [CG] CG iter 34: obj=1831844.222565, maxRC=10771.083945, +3 cols
    [CG]   [DIAG] iter=34 posCols=3 newCols=3 effImprove=3 updated=0
    [CG] CG iter 35: obj=1833190.608058, maxRC=6976.681516, +2 cols
    [CG]   [DIAG] iter=35 posCols=2 newCols=2 effImprove=2 updated=0
    [CG] CG iter 36: obj=1833190.608058, maxRC=10144.344411, +3 cols
    [CG]   [DIAG] iter=36 posCols=3 newCols=3 effImprove=3 updated=0
    [CG] CG iter 37: obj=1833190.608058, maxRC=7185.787153, +3 cols
    [CG]   [DIAG] iter=37 posCols=3 newCols=3 effImprove=3 updated=0
    [CG] CG iter 38: obj=1833843.861436, maxRC=5205.530370, +1 cols
    [CG]   [DIAG] iter=38 posCols=1 newCols=1 effImprove=1 updated=0
    [CG] CG iter 39: obj=1833843.861436, maxRC=4331.644248, +1 cols
    [CG]   [DIAG] iter=39 posCols=1 newCols=1 effImprove=1 updated=0
    [CG] CG iter 40: obj=1836009.683560, maxRC=7706.406925, +3 cols
    [CG]   [DIAG] iter=40 posCols=3 newCols=3 effImprove=3 updated=0
    [CG] CG iter 41: obj=1836009.683560, maxRC=2717.287060, +3 cols
    [CG]   [DIAG] iter=41 posCols=3 newCols=3 effImprove=3 updated=0
    [CG] CG iter 42: obj=1836009.683560, maxRC=1096.384254, +1 cols
    [CG]   [DIAG] iter=42 posCols=1 newCols=1 effImprove=1 updated=0
    [CG] CG iter 43: obj=1836009.683560, maxRC=699.570820, +1 cols
    [CG]   [DIAG] iter=43 posCols=1 newCols=1 effImprove=1 updated=0
    [CG] CG iter 44: obj=1836009.683560, maxRC=487.202283, +1 cols
    [CG]   [DIAG] iter=44 posCols=1 newCols=1 effImprove=1 updated=0
    [CG] CG iter 45: obj=1836009.683560, maxRC=402.942921, +1 cols
    [CG]   [DIAG] iter=45 posCols=1 newCols=1 effImprove=1 updated=0
    [CG] 列生成收敛，共 46 轮迭代
    [CG] [CG-NODE] depth=0 exit=CERTIFIED certified=1 feasible=1 iters=46 generatedColsBeforeNode=0 newCols=391 posCandidates=397 duplicateCandidates=6 updatedCols=6 zeroObjImproveIters=24 objFirst=512355.812803 objLast=1836412.626481 objGain=1324056.813679 maxRC=1494374.986454 wallSec=0.817415 pricingSec=0.789507 cplexSolveSec=0.019264
      [BB] 根节点即为整数解，obj=1836412.626481
