    [CG] 列生成开始，初始列数=310
    [CG] CG iter 1: obj=585714.495041, maxRC=1405259.639032, +30 cols
    [CG]   [DIAG] iter=1 posCols=30 newCols=30 effImprove=30 updated=0
    [CG] CG iter 2: obj=1659459.092402, maxRC=630193.321905, +24 cols
    [CG]   [DIAG] iter=2 posCols=24 newCols=24 effImprove=24 updated=0
    [CG] CG iter 3: obj=1705361.633750, maxRC=343200.001685, +30 cols
    [CG]   [DIAG] iter=3 posCols=30 newCols=30 effImprove=30 updated=0
    [CG] CG iter 4: obj=1707950.763879, maxRC=268883.188553, +27 cols
    [CG]   [DIAG] iter=4 posCols=27 newCols=27 effImprove=27 updated=0
    [CG] CG iter 5: obj=1843348.727594, maxRC=310191.211460, +18 cols
    [CG]   [DIAG] iter=5 posCols=18 newCols=18 effImprove=18 updated=0
    [CG] CG iter 6: obj=1843348.727594, maxRC=259967.713330, +16 cols
    [CG]   [DIAG] iter=6 posCols=16 newCols=16 effImprove=16 updated=0
    [CG] CG iter 7: obj=1843348.727594, maxRC=204710.537872, +14 cols
    [CG]   [DIAG] iter=7 posCols=14 newCols=13 effImprove=14 updated=1
    [CG] CG iter 8: obj=1843348.727594, maxRC=162230.866785, +11 cols
    [CG]   [DIAG] iter=8 posCols=11 newCols=11 effImprove=11 updated=0
    [CG] CG iter 9: obj=1843348.727594, maxRC=184940.696533, +11 cols
    [CG]   [DIAG] iter=9 posCols=11 newCols=11 effImprove=11 updated=0
    [CG] CG iter 10: obj=1843348.727594, maxRC=183108.569164, +15 cols
    [CG]   [DIAG] iter=10 posCols=15 newCols=15 effImprove=15 updated=0
    [CG] CG iter 11: obj=1843348.727594, maxRC=179740.524822, +13 cols
    [CG]   [DIAG] iter=11 posCols=13 newCols=13 effImprove=13 updated=0
    [CG] CG iter 12: obj=1843348.727594, maxRC=226026.124084, +10 cols
    [CG]   [DIAG] iter=12 posCols=10 newCols=10 effImprove=10 updated=0
    [CG] CG iter 13: obj=1843348.727594, maxRC=201818.965048, +7 cols
    [CG]   [DIAG] iter=13 posCols=7 newCols=7 effImprove=7 updated=0
    [CG] CG iter 14: obj=1843348.727594, maxRC=144052.298826, +7 cols
    [CG]   [DIAG] iter=14 posCols=7 newCols=6 effImprove=7 updated=1
    [CG] CG iter 15: obj=1843348.727594, maxRC=180037.061833, +11 cols
    [CG]   [DIAG] iter=15 posCols=11 newCols=11 effImprove=11 updated=0
    [CG] CG iter 16: obj=1843348.727594, maxRC=123268.992663, +6 cols
    [CG]   [DIAG] iter=16 posCols=6 newCols=6 effImprove=6 updated=0
    [CG] CG iter 17: obj=1843348.727594, maxRC=109211.286661, +6 cols
    [CG]   [DIAG] iter=17 posCols=6 newCols=6 effImprove=6 updated=0
    [CG] CG iter 18: obj=1854094.168638, maxRC=96115.407462, +7 cols
    [CG]   [DIAG] iter=18 posCols=7 newCols=7 effImprove=7 updated=0
    [CG] CG iter 19: obj=1856545.714395, maxRC=80514.799312, +6 cols
    [CG]   [DIAG] iter=19 posCols=6 newCols=6 effImprove=6 updated=0
    [CG] CG iter 20: obj=1861215.733441, maxRC=72270.518600, +7 cols
    [CG]   [DIAG] iter=20 posCols=7 newCols=7 effImprove=7 updated=0
    [CG] CG iter 21: obj=1862567.319549, maxRC=61091.556918, +6 cols
    [CG]   [DIAG] iter=21 posCols=6 newCols=6 effImprove=6 updated=0
    [CG] CG iter 22: obj=1864827.049737, maxRC=37519.770917, +6 cols
    [CG]   [DIAG] iter=22 posCols=6 newCols=6 effImprove=6 updated=0
    [CG] CG iter 23: obj=1872264.806956, maxRC=47629.181579, +6 cols
    [CG]   [DIAG] iter=23 posCols=6 newCols=6 effImprove=6 updated=0
    [CG] CG iter 24: obj=1892541.649639, maxRC=33370.898503, +6 cols
    [CG]   [DIAG] iter=24 posCols=6 newCols=6 effImprove=6 updated=0
    [CG] CG iter 25: obj=1892541.649639, maxRC=30442.578661, +5 cols
    [CG]   [DIAG] iter=25 posCols=5 newCols=5 effImprove=5 updated=0
    [CG] CG iter 26: obj=1892541.649639, maxRC=11555.772228, +5 cols
    [CG]   [DIAG] iter=26 posCols=5 newCols=5 effImprove=5 updated=0
    [CG] CG iter 27: obj=1892541.649639, maxRC=9912.265764, +5 cols
    [CG]   [DIAG] iter=27 posCols=5 newCols=5 effImprove=5 updated=0
    [CG] CG iter 28: obj=1892541.649639, maxRC=4837.405500, +5 cols
    [CG]   [DIAG] iter=28 posCols=5 newCols=5 effImprove=5 updated=0
    [CG] CG iter 29: obj=1893592.599834, maxRC=6708.713154, +3 cols
    [CG]   [DIAG] iter=29 posCols=3 newCols=3 effImprove=3 updated=0
    [CG] CG iter 30: obj=1893592.599834, maxRC=8656.853920, +3 cols
    [CG]   [DIAG] iter=30 posCols=3 newCols=3 effImprove=3 updated=0
    [CG] CG iter 31: obj=1893909.491985, maxRC=2428.813402, +3 cols
    [CG]   [DIAG] iter=31 posCols=3 newCols=3 effImprove=3 updated=0
    [CG] CG iter 32: obj=1893909.491985, maxRC=1365.540616, +1 cols
    [CG]   [DIAG] iter=32 posCols=1 newCols=1 effImprove=1 updated=0
    [CG] CG iter 33: obj=1893909.491985, maxRC=430.093041, +2 cols
    [CG]   [DIAG] iter=33 posCols=2 newCols=2 effImprove=2 updated=0
    [CG] 列生成收敛，共 34 轮迭代
    [CG] [CG-NODE] depth=0 exit=CERTIFIED certified=1 feasible=1 iters=34 generatedColsBeforeNode=0 newCols=330 posCandidates=332 duplicateCandidates=2 updatedCols=2 zeroObjImproveIters=20 objFirst=585714.495041 objLast=1893909.491985 objGain=1308194.996945 maxRC=1405259.639032 wallSec=0.369183 pricingSec=0.352780 cplexSolveSec=0.011473
      [BB] 分支定界开始，根节点LP obj=1893909.491985，最大节点数=10000
      [BB] 根节点启发式下界 LB=1746850.473825（上界=1893909.491985）
    [CG] [BB-DIAG] 分支 x_{dc=0,retailer=5}, 节点数=1
    [CG] 列生成开始，初始列数=575
    [CG] CG iter 35: obj=1884494.145933, maxRC=166909.935197, +27 cols
    [CG]   [DIAG] iter=35 posCols=27 newCols=27 effImprove=27 updated=0
    [CG] CG iter 36: obj=1884494.145933, maxRC=120220.374764, +14 cols
    [CG]   [DIAG] iter=36 posCols=14 newCols=14 effImprove=14 updated=0
    [CG] CG iter 37: obj=1884494.145933, maxRC=168221.961291, +14 cols
    [CG]   [DIAG] iter=37 posCols=14 newCols=14 effImprove=14 updated=0
    [CG] CG iter 38: obj=1884494.145933, maxRC=115172.518333, +9 cols
    [CG]   [DIAG] iter=38 posCols=9 newCols=9 effImprove=9 updated=0
    [CG] CG iter 39: obj=1884494.145933, maxRC=87959.610464, +9 cols
    [CG]   [DIAG] iter=39 posCols=9 newCols=9 effImprove=9 updated=0
    [CG] CG iter 40: obj=1884494.145933, maxRC=57227.112928, +6 cols
    [CG]   [DIAG] iter=40 posCols=6 newCols=6 effImprove=6 updated=0
    [CG] CG iter 41: obj=1884494.145933, maxRC=53145.831102, +6 cols
    [CG]   [DIAG] iter=41 posCols=6 newCols=6 effImprove=6 updated=0
    [CG] CG iter 42: obj=1884494.145933, maxRC=26242.772611, +6 cols
    [CG]   [DIAG] iter=42 posCols=6 newCols=6 effImprove=6 updated=0
    [CG] CG iter 43: obj=1884494.145933, maxRC=20258.645756, +6 cols
    [CG]   [DIAG] iter=43 posCols=6 newCols=6 effImprove=6 updated=0
    [CG] CG iter 44: obj=1884494.145933, maxRC=7340.128458, +6 cols
    [CG]   [DIAG] iter=44 posCols=6 newCols=5 effImprove=6 updated=1
    [CG] CG iter 45: obj=1884494.145933, maxRC=9768.290701, +4 cols
    [CG]   [DIAG] iter=45 posCols=4 newCols=4 effImprove=4 updated=0
    [CG] CG iter 46: obj=1884494.145933, maxRC=3064.065311, +3 cols
    [CG]   [DIAG] iter=46 posCols=3 newCols=3 effImprove=3 updated=0
    [CG] CG iter 47: obj=1885447.609218, maxRC=5228.701378, +5 cols
    [CG]   [DIAG] iter=47 posCols=5 newCols=5 effImprove=5 updated=0
    [CG] CG iter 48: obj=1885447.609218, maxRC=2085.992499, +3 cols
    [CG]   [DIAG] iter=48 posCols=3 newCols=3 effImprove=3 updated=0
    [CG] CG iter 49: obj=1885447.609218, maxRC=1623.247842, +3 cols
    [CG]   [DIAG] iter=49 posCols=3 newCols=3 effImprove=3 updated=0
    [CG] CG iter 50: obj=1885447.609218, maxRC=896.444295, +1 cols
    [CG]   [DIAG] iter=50 posCols=1 newCols=1 effImprove=1 updated=0
    [CG] 列生成收敛，共 51 轮迭代
    [CG] [CG-NODE] depth=1 exit=CERTIFIED certified=1 feasible=1 iters=17 generatedColsBeforeNode=330 newCols=121 posCandidates=122 duplicateCandidates=1 updatedCols=1 zeroObjImproveIters=15 objFirst=1884494.145933 objLast=1885447.609218 objGain=953.463285 maxRC=168221.961291 wallSec=0.153655 pricingSec=0.143445 cplexSolveSec=0.007170
    [CG] 列生成开始，初始列数=593
    [CG] CG iter 52: obj=1893592.599834, maxRC=56858.861125, +15 cols
    [CG]   [DIAG] iter=52 posCols=15 newCols=15 effImprove=15 updated=0
    [CG] CG iter 53: obj=1893592.599834, maxRC=30463.782021, +7 cols
    [CG]   [DIAG] iter=53 posCols=7 newCols=7 effImprove=7 updated=0
    [CG] CG iter 54: obj=1893592.599834, maxRC=40075.885121, +6 cols
    [CG]   [DIAG] iter=54 posCols=6 newCols=6 effImprove=6 updated=0
    [CG] CG iter 55: obj=1893592.599834, maxRC=28455.446401, +6 cols
    [CG]   [DIAG] iter=55 posCols=6 newCols=6 effImprove=6 updated=0
    [CG] CG iter 56: obj=1893592.599834, maxRC=24850.337317, +6 cols
    [CG]   [DIAG] iter=56 posCols=6 newCols=6 effImprove=6 updated=0
    [CG] CG iter 57: obj=1893592.599834, maxRC=90843.271214, +10 cols
    [CG]   [DIAG] iter=57 posCols=10 newCols=10 effImprove=10 updated=0
    [CG] CG iter 58: obj=1893592.599834, maxRC=49267.161309, +6 cols
    [CG]   [DIAG] iter=58 posCols=6 newCols=6 effImprove=6 updated=0
    [CG] CG iter 59: obj=1893592.599834, maxRC=22245.163052, +5 cols
    [CG]   [DIAG] iter=59 posCols=5 newCols=5 effImprove=5 updated=0
    [CG] CG iter 60: obj=1893592.599834, maxRC=26302.595152, +3 cols
    [CG]   [DIAG] iter=60 posCols=3 newCols=3 effImprove=3 updated=0
    [CG] CG iter 61: obj=1893592.599834, maxRC=23462.488349, +6 cols
    [CG]   [DIAG] iter=61 posCols=6 newCols=6 effImprove=6 updated=0
    [CG] CG iter 62: obj=1893592.599834, maxRC=5982.471331, +3 cols
    [CG]   [DIAG] iter=62 posCols=3 newCols=3 effImprove=3 updated=0
    [CG] CG iter 63: obj=1893592.599834, maxRC=3380.768531, +4 cols
    [CG]   [DIAG] iter=63 posCols=4 newCols=4 effImprove=4 updated=0
    [CG] CG iter 64: obj=1893592.599834, maxRC=2427.356944, +4 cols
    [CG]   [DIAG] iter=64 posCols=4 newCols=4 effImprove=4 updated=0
    [CG] CG iter 65: obj=1893592.599834, maxRC=2398.481929, +3 cols
    [CG]   [DIAG] iter=65 posCols=3 newCols=3 effImprove=3 updated=0
    [CG] CG iter 66: obj=1893592.599834, maxRC=1337.555577, +3 cols
    [CG]   [DIAG] iter=66 posCols=3 newCols=3 effImprove=3 updated=0
    [CG] 列生成收敛，共 67 轮迭代
    [CG] [CG-NODE] depth=1 exit=CERTIFIED certified=1 feasible=1 iters=16 generatedColsBeforeNode=451 newCols=87 posCandidates=87 duplicateCandidates=0 updatedCols=0 zeroObjImproveIters=15 objFirst=1893592.599834 objLast=1893592.599834 objGain=0.000000 maxRC=90843.271214 wallSec=0.087395 pricingSec=0.077580 cplexSolveSec=0.007129
    [CG] [BB-INCUMBENT] selection=2 node=1 previous=1746850.473825 value=1893592.599834 active=1
    [CG] [BB-NODESEL] strategy=hybrid choice=dfs eligibleCount=1 active=1 gap=0.000000
      [BB] 分支定界结束：处理 3 节点，剪枝 1，剩余活跃 0，整数解 2，状态=OPTIMAL，最好可行 obj=1893592.599834，gap=0.000000
