    [CG] 列生成开始，初始列数=310
    [CG] CG iter 1: obj=640406.464490, maxRC=1465316.456507, +30 cols
    [CG]   [DIAG] iter=1 posCols=30 newCols=30 effImprove=30 updated=0
    [CG] CG iter 2: obj=1644332.669714, maxRC=576827.314055, +19 cols
    [CG]   [DIAG] iter=2 posCols=19 newCols=19 effImprove=19 updated=0
    [CG] CG iter 3: obj=1731541.558589, maxRC=301012.511158, +28 cols
    [CG]   [DIAG] iter=3 posCols=28 newCols=28 effImprove=28 updated=0
    [CG] CG iter 4: obj=1877004.997196, maxRC=239255.703786, +19 cols
    [CG]   [DIAG] iter=4 posCols=19 newCols=19 effImprove=19 updated=0
    [CG] CG iter 5: obj=1877004.997196, maxRC=190149.648353, +17 cols
    [CG]   [DIAG] iter=5 posCols=17 newCols=17 effImprove=17 updated=0
    [CG] CG iter 6: obj=1877004.997196, maxRC=177810.807812, +12 cols
    [CG]   [DIAG] iter=6 posCols=12 newCols=12 effImprove=12 updated=0
    [CG] CG iter 7: obj=1883784.789971, maxRC=179589.031341, +16 cols
    [CG]   [DIAG] iter=7 posCols=16 newCols=16 effImprove=16 updated=0
    [CG] CG iter 8: obj=1883784.789971, maxRC=149233.498268, +11 cols
    [CG]   [DIAG] iter=8 posCols=11 newCols=11 effImprove=11 updated=0
    [CG] CG iter 9: obj=1891291.417259, maxRC=185687.164670, +12 cols
    [CG]   [DIAG] iter=9 posCols=12 newCols=12 effImprove=12 updated=0
    [CG] CG iter 10: obj=1897041.617002, maxRC=165201.355514, +14 cols
    [CG]   [DIAG] iter=10 posCols=14 newCols=14 effImprove=14 updated=0
    [CG] CG iter 11: obj=1897041.617002, maxRC=208231.211390, +10 cols
    [CG]   [DIAG] iter=11 posCols=10 newCols=10 effImprove=10 updated=0
    [CG] CG iter 12: obj=1897041.617002, maxRC=297830.114964, +9 cols
    [CG]   [DIAG] iter=12 posCols=9 newCols=9 effImprove=9 updated=0
    [CG] CG iter 13: obj=1897041.617002, maxRC=353329.839049, +12 cols
    [CG]   [DIAG] iter=13 posCols=12 newCols=12 effImprove=12 updated=0
    [CG] CG iter 14: obj=1897041.617002, maxRC=297754.885156, +7 cols
    [CG]   [DIAG] iter=14 posCols=7 newCols=7 effImprove=7 updated=0
    [CG] CG iter 15: obj=1897041.617002, maxRC=294764.155673, +8 cols
    [CG]   [DIAG] iter=15 posCols=8 newCols=8 effImprove=8 updated=0
    [CG] CG iter 16: obj=1897041.617002, maxRC=276917.289135, +9 cols
    [CG]   [DIAG] iter=16 posCols=9 newCols=9 effImprove=9 updated=0
    [CG] CG iter 17: obj=1897041.617002, maxRC=258821.263453, +6 cols
    [CG]   [DIAG] iter=17 posCols=6 newCols=6 effImprove=6 updated=0
    [CG] CG iter 18: obj=1897041.617002, maxRC=98856.978454, +7 cols
    [CG]   [DIAG] iter=18 posCols=7 newCols=7 effImprove=7 updated=0
    [CG] CG iter 19: obj=1943608.432004, maxRC=78942.306494, +6 cols
    [CG]   [DIAG] iter=19 posCols=6 newCols=6 effImprove=6 updated=0
    [CG] CG iter 20: obj=1943608.432004, maxRC=101788.541390, +6 cols
    [CG]   [DIAG] iter=20 posCols=6 newCols=6 effImprove=6 updated=0
    [CG] CG iter 21: obj=1943608.432004, maxRC=78601.255119, +7 cols
    [CG]   [DIAG] iter=21 posCols=7 newCols=7 effImprove=7 updated=0
    [CG] CG iter 22: obj=1943608.432004, maxRC=100169.584515, +6 cols
    [CG]   [DIAG] iter=22 posCols=6 newCols=6 effImprove=6 updated=0
    [CG] CG iter 23: obj=1943608.432004, maxRC=112643.578284, +6 cols
    [CG]   [DIAG] iter=23 posCols=6 newCols=6 effImprove=6 updated=0
    [CG] CG iter 24: obj=1943608.432004, maxRC=71856.547205, +6 cols
    [CG]   [DIAG] iter=24 posCols=6 newCols=6 effImprove=6 updated=0
    [CG] CG iter 25: obj=1943608.432004, maxRC=61202.022577, +6 cols
    [CG]   [DIAG] iter=25 posCols=6 newCols=6 effImprove=6 updated=0
    [CG] CG iter 26: obj=1943608.432004, maxRC=60937.161462, +6 cols
    [CG]   [DIAG] iter=26 posCols=6 newCols=6 effImprove=6 updated=0
    [CG] CG iter 27: obj=1943608.432004, maxRC=55403.031364, +6 cols
    [CG]   [DIAG] iter=27 posCols=6 newCols=6 effImprove=6 updated=0
    [CG] CG iter 28: obj=1943608.432004, maxRC=44130.920974, +6 cols
    [CG]   [DIAG] iter=28 posCols=6 newCols=6 effImprove=6 updated=0
    [CG] CG iter 29: obj=1943608.432004, maxRC=43055.417428, +6 cols
    [CG]   [DIAG] iter=29 posCols=6 newCols=6 effImprove=6 updated=0
    [CG] CG iter 30: obj=1943608.432004, maxRC=64080.600661, +6 cols
    [CG]   [DIAG] iter=30 posCols=6 newCols=6 effImprove=6 updated=0
    [CG] CG iter 31: obj=1943608.432004, maxRC=40364.195753, +6 cols
    [CG]   [DIAG] iter=31 posCols=6 newCols=6 effImprove=6 updated=0
    [CG] CG iter 32: obj=1943608.432004, maxRC=60237.005387, +6 cols
    [CG]   [DIAG] iter=32 posCols=6 newCols=6 effImprove=6 updated=0
    [CG] CG iter 33: obj=1943608.432004, maxRC=50596.563599, +6 cols
    [CG]   [DIAG] iter=33 posCols=6 newCols=6 effImprove=6 updated=0
    [CG] CG iter 34: obj=1943608.432004, maxRC=23916.834503, +5 cols
    [CG]   [DIAG] iter=34 posCols=5 newCols=5 effImprove=5 updated=0
    [CG] CG iter 35: obj=1943608.432004, maxRC=56197.172123, +6 cols
    [CG]   [DIAG] iter=35 posCols=6 newCols=6 effImprove=6 updated=0
    [CG] CG iter 36: obj=1943608.432004, maxRC=39338.088188, +6 cols
    [CG]   [DIAG] iter=36 posCols=6 newCols=6 effImprove=6 updated=0
    [CG] CG iter 37: obj=1943608.432004, maxRC=32512.348308, +6 cols
    [CG]   [DIAG] iter=37 posCols=6 newCols=6 effImprove=6 updated=0
    [CG] CG iter 38: obj=1943608.432004, maxRC=18961.806311, +4 cols
    [CG]   [DIAG] iter=38 posCols=4 newCols=4 effImprove=4 updated=0
    [CG] CG iter 39: obj=1944085.420007, maxRC=7601.117548, +4 cols
    [CG]   [DIAG] iter=39 posCols=4 newCols=4 effImprove=4 updated=0
    [CG] CG iter 40: obj=1944085.420007, maxRC=8715.474866, +4 cols
    [CG]   [DIAG] iter=40 posCols=4 newCols=4 effImprove=4 updated=0
    [CG] CG iter 41: obj=1944085.420007, maxRC=5493.180273, +4 cols
    [CG]   [DIAG] iter=41 posCols=4 newCols=4 effImprove=4 updated=0
    [CG] CG iter 42: obj=1944085.420007, maxRC=4751.223809, +4 cols
    [CG]   [DIAG] iter=42 posCols=4 newCols=4 effImprove=4 updated=0
    [CG] CG iter 43: obj=1944085.420007, maxRC=7133.599285, +4 cols
    [CG]   [DIAG] iter=43 posCols=4 newCols=4 effImprove=4 updated=0
    [CG] CG iter 44: obj=1944085.420007, maxRC=2639.951908, +1 cols
    [CG]   [DIAG] iter=44 posCols=1 newCols=1 effImprove=1 updated=0
    [CG] CG iter 45: obj=1944085.420007, maxRC=1572.766372, +1 cols
    [CG]   [DIAG] iter=45 posCols=1 newCols=1 effImprove=1 updated=0
    [CG] CG iter 46: obj=1944085.420007, maxRC=2249.748488, +1 cols
    [CG]   [DIAG] iter=46 posCols=1 newCols=1 effImprove=1 updated=0
    [CG] CG iter 47: obj=1944085.420007, maxRC=798.953822, +1 cols
    [CG]   [DIAG] iter=47 posCols=1 newCols=1 effImprove=1 updated=0
    [CG] CG iter 48: obj=1944085.420007, maxRC=569.441592, +1 cols
    [CG]   [DIAG] iter=48 posCols=1 newCols=1 effImprove=1 updated=0
    [CG] 列生成收敛，共 49 轮迭代
    [CG] [CG-NODE] depth=0 exit=CERTIFIED certified=1 feasible=1 iters=49 generatedColsBeforeNode=0 newCols=389 posCandidates=389 duplicateCandidates=0 updatedCols=0 zeroObjImproveIters=40 objFirst=640406.464490 objLast=1944085.420007 objGain=1303678.955517 maxRC=1465316.456507 wallSec=0.449175 pricingSec=0.406219 cplexSolveSec=0.017017
      [BB] 根节点即为整数解，obj=1944085.420007
