    [CG] 列生成开始，初始列数=310
    [CG] CG iter 1: obj=667880.221466, maxRC=1488623.090988, +30 cols
    [CG]   [DIAG] iter=1 posCols=30 newCols=30 effImprove=30 updated=0
    [CG] CG iter 2: obj=1686289.475918, maxRC=570710.417117, +21 cols
    [CG]   [DIAG] iter=2 posCols=21 newCols=21 effImprove=21 updated=0
    [CG] CG iter 3: obj=1793609.954130, maxRC=386720.755490, +23 cols
    [CG]   [DIAG] iter=3 posCols=23 newCols=23 effImprove=23 updated=0
    [CG] CG iter 4: obj=1858018.668732, maxRC=295273.665541, +17 cols
    [CG]   [DIAG] iter=4 posCols=17 newCols=17 effImprove=17 updated=0
    [CG] CG iter 5: obj=1858018.668732, maxRC=230734.168036, +17 cols
    [CG]   [DIAG] iter=5 posCols=17 newCols=17 effImprove=17 updated=0
    [CG] CG iter 6: obj=1873456.765657, maxRC=313293.883181, +15 cols
    [CG]   [DIAG] iter=6 posCols=15 newCols=15 effImprove=15 updated=0
    [CG] CG iter 7: obj=1873456.765657, maxRC=198878.435644, +10 cols
    [CG]   [DIAG] iter=7 posCols=10 newCols=9 effImprove=10 updated=1
    [CG] CG iter 8: obj=1876055.081013, maxRC=188242.600930, +11 cols
    [CG]   [DIAG] iter=8 posCols=11 newCols=10 effImprove=11 updated=1
    [CG] CG iter 9: obj=1877618.695457, maxRC=173910.805931, +7 cols
    [CG]   [DIAG] iter=9 posCols=7 newCols=7 effImprove=7 updated=0
    [CG] CG iter 10: obj=1877618.695457, maxRC=145032.309653, +6 cols
    [CG]   [DIAG] iter=10 posCols=6 newCols=6 effImprove=6 updated=0
    [CG] CG iter 11: obj=1877618.695457, maxRC=141613.388623, +8 cols
    [CG]   [DIAG] iter=11 posCols=8 newCols=8 effImprove=8 updated=0
    [CG] CG iter 12: obj=1877618.695457, maxRC=151246.132943, +6 cols
    [CG]   [DIAG] iter=12 posCols=6 newCols=6 effImprove=6 updated=0
    [CG] CG iter 13: obj=1879682.917503, maxRC=173103.992956, +10 cols
    [CG]   [DIAG] iter=13 posCols=10 newCols=10 effImprove=10 updated=0
    [CG] CG iter 14: obj=1888304.590894, maxRC=76771.495496, +7 cols
    [CG]   [DIAG] iter=14 posCols=7 newCols=7 effImprove=7 updated=0
    [CG] CG iter 15: obj=1896172.267845, maxRC=80418.720179, +6 cols
    [CG]   [DIAG] iter=15 posCols=6 newCols=6 effImprove=6 updated=0
    [CG] CG iter 16: obj=1903280.353208, maxRC=57254.534347, +6 cols
    [CG]   [DIAG] iter=16 posCols=6 newCols=6 effImprove=6 updated=0
    [CG] CG iter 17: obj=1912304.602109, maxRC=75194.701812, +7 cols
    [CG]   [DIAG] iter=17 posCols=7 newCols=7 effImprove=7 updated=0
    [CG] CG iter 18: obj=1917167.335781, maxRC=34332.187318, +6 cols
    [CG]   [DIAG] iter=18 posCols=6 newCols=6 effImprove=6 updated=0
    [CG] CG iter 19: obj=1922889.367001, maxRC=43942.463636, +6 cols
    [CG]   [DIAG] iter=19 posCols=6 newCols=6 effImprove=6 updated=0
    [CG] CG iter 20: obj=1931501.189116, maxRC=40203.976217, +6 cols
    [CG]   [DIAG] iter=20 posCols=6 newCols=6 effImprove=6 updated=0
    [CG] CG iter 21: obj=1934591.785143, maxRC=35863.528768, +6 cols
    [CG]   [DIAG] iter=21 posCols=6 newCols=6 effImprove=6 updated=0
    [CG] CG iter 22: obj=1937443.153273, maxRC=22130.342821, +5 cols
    [CG]   [DIAG] iter=22 posCols=5 newCols=5 effImprove=5 updated=0
    [CG] CG iter 23: obj=1937443.153273, maxRC=21214.348193, +6 cols
    [CG]   [DIAG] iter=23 posCols=6 newCols=6 effImprove=6 updated=0
    [CG] CG iter 24: obj=1942447.842151, maxRC=21343.847564, +7 cols
    [CG]   [DIAG] iter=24 posCols=7 newCols=7 effImprove=7 updated=0
    [CG] CG iter 25: obj=1949054.735838, maxRC=31091.846847, +4 cols
    [CG]   [DIAG] iter=25 posCols=4 newCols=4 effImprove=4 updated=0
    [CG] CG iter 26: obj=1949054.735838, maxRC=12497.273335, +5 cols
    [CG]   [DIAG] iter=26 posCols=5 newCols=5 effImprove=5 updated=0
    [CG] CG iter 27: obj=1949054.735838, maxRC=7592.294284, +4 cols
    [CG]   [DIAG] iter=27 posCols=4 newCols=4 effImprove=4 updated=0
    [CG] CG iter 28: obj=1949054.735838, maxRC=4476.526937, +3 cols
    [CG]   [DIAG] iter=28 posCols=3 newCols=3 effImprove=3 updated=0
    [CG] CG iter 29: obj=1949054.735838, maxRC=5691.317114, +3 cols
    [CG]   [DIAG] iter=29 posCols=3 newCols=3 effImprove=3 updated=0
    [CG] CG iter 30: obj=1949054.735838, maxRC=2604.210149, +3 cols
    [CG]   [DIAG] iter=30 posCols=3 newCols=3 effImprove=3 updated=0
    [CG] CG iter 31: obj=1949054.735838, maxRC=3961.921883, +3 cols
    [CG]   [DIAG] iter=31 posCols=3 newCols=3 effImprove=3 updated=0
    [CG] CG iter 32: obj=1949054.735838, maxRC=2430.575984, +2 cols
    [CG]   [DIAG] iter=32 posCols=2 newCols=2 effImprove=2 updated=0
    [CG] CG iter 33: obj=1951474.327488, maxRC=5141.814965, +4 cols
    [CG]   [DIAG] iter=33 posCols=4 newCols=4 effImprove=4 updated=0
    [CG] CG iter 34: obj=1951474.327488, maxRC=2282.184728, +3 cols
    [CG]   [DIAG] iter=34 posCols=3 newCols=2 effImprove=3 updated=1
    [CG] CG iter 35: obj=1951474.327488, maxRC=507.009355, +2 cols
    [CG]   [DIAG] iter=35 posCols=2 newCols=2 effImprove=2 updated=0
    [CG] 列生成收敛，共 36 轮迭代
    [CG] [CG-NODE] depth=0 exit=CERTIFIED certified=1 feasible=1 iters=36 generatedColsBeforeNode=0 newCols=282 posCandidates=285 duplicateCandidates=3 updatedCols=3 zeroObjImproveIters=16 objFirst=667880.221466 objLast=1951474.327488 objGain=1283594.106022 maxRC=1488623.090988 wallSec=0.427775 pricingSec=0.411162 cplexSolveSec=0.011501
      [BB] 根节点即为整数解，obj=1951474.327488
