    [CG] 列生成开始，初始列数=310
    [CG] CG iter 1: obj=691769.171727, maxRC=1112858.116441, +30 cols
    [CG]   [DIAG] iter=1 posCols=30 newCols=30 effImprove=30 updated=0
    [CG] CG iter 2: obj=1554487.273860, maxRC=243542.660294, +24 cols
    [CG]   [DIAG] iter=2 posCols=24 newCols=24 effImprove=24 updated=0
    [CG] CG iter 3: obj=1655834.586890, maxRC=494991.672354, +27 cols
    [CG]   [DIAG] iter=3 posCols=27 newCols=27 effImprove=27 updated=0
    [CG] CG iter 4: obj=1668125.762949, maxRC=487749.935225, +28 cols
    [CG]   [DIAG] iter=4 posCols=28 newCols=28 effImprove=28 updated=0
    [CG] CG iter 5: obj=1764744.596041, maxRC=254607.771674, +21 cols
    [CG]   [DIAG] iter=5 posCols=21 newCols=21 effImprove=21 updated=0
    [CG] CG iter 6: obj=1826936.312684, maxRC=173866.318670, +19 cols
    [CG]   [DIAG] iter=6 posCols=19 newCols=19 effImprove=19 updated=0
    [CG] CG iter 7: obj=1876340.307108, maxRC=186810.760911, +21 cols
    [CG]   [DIAG] iter=7 posCols=21 newCols=21 effImprove=21 updated=0
    [CG] CG iter 8: obj=1889075.765842, maxRC=101503.633612, +19 cols
    [CG]   [DIAG] iter=8 posCols=19 newCols=19 effImprove=19 updated=0
    [CG] CG iter 9: obj=1956914.279953, maxRC=60239.774773, +18 cols
    [CG]   [DIAG] iter=9 posCols=18 newCols=18 effImprove=18 updated=0
    [CG] CG iter 10: obj=2043500.736773, maxRC=70813.759524, +18 cols
    [CG]   [DIAG] iter=10 posCols=18 newCols=18 effImprove=18 updated=0
    [CG] CG iter 11: obj=2047035.055683, maxRC=56026.041950, +18 cols
    [CG]   [DIAG] iter=11 posCols=18 newCols=18 effImprove=18 updated=0
    [CG] CG iter 12: obj=2052559.152741, maxRC=57837.942155, +16 cols
    [CG]   [DIAG] iter=12 posCols=16 newCols=16 effImprove=16 updated=0
    [CG] CG iter 13: obj=2052559.152741, maxRC=32370.488539, +15 cols
    [CG]   [DIAG] iter=13 posCols=15 newCols=15 effImprove=15 updated=0
    [CG] CG iter 14: obj=2057204.547733, maxRC=32227.749434, +15 cols
    [CG]   [DIAG] iter=14 posCols=15 newCols=15 effImprove=15 updated=0
    [CG] CG iter 15: obj=2059943.688610, maxRC=13883.850974, +15 cols
    [CG]   [DIAG] iter=15 posCols=15 newCols=15 effImprove=15 updated=0
    [CG] CG iter 16: obj=2073724.167132, maxRC=12995.283038, +8 cols
    [CG]   [DIAG] iter=16 posCols=8 newCols=8 effImprove=8 updated=0
    [CG] CG iter 17: obj=2078934.755023, maxRC=6516.435621, +7 cols
    [CG]   [DIAG] iter=17 posCols=7 newCols=7 effImprove=7 updated=0
    [CG] CG iter 18: obj=2080866.612437, maxRC=2835.738531, +7 cols
    [CG]   [DIAG] iter=18 posCols=7 newCols=7 effImprove=7 updated=0
    [CG] CG iter 19: obj=2081554.886569, maxRC=681.935532, +2 cols
    [CG]   [DIAG] iter=19 posCols=2 newCols=2 effImprove=2 updated=0
    [CG] 列生成收敛，共 20 轮迭代
    [CG] [CG-NODE] depth=0 exit=CERTIFIED certified=1 feasible=1 iters=20 generatedColsBeforeNode=0 newCols=328 posCandidates=328 duplicateCandidates=0 updatedCols=0 zeroObjImproveIters=2 objFirst=691769.171727 objLast=2081554.886569 objGain=1389785.714842 maxRC=1112858.116441 wallSec=0.195883 pricingSec=0.181577 cplexSolveSec=0.009408
      [BB] 根节点即为整数解，obj=2081554.886569
