    [CG] 列生成开始，初始列数=310
    [CG] CG iter 1: obj=484933.726979, maxRC=1149750.024474, +18 cols
    [CG]   [DIAG] iter=1 posCols=18 newCols=18 effImprove=18 updated=0
    [CG] CG iter 2: obj=1422290.125207, maxRC=411790.050570, +15 cols
    [CG]   [DIAG] iter=2 posCols=15 newCols=15 effImprove=15 updated=0
    [CG] CG iter 3: obj=1434492.311400, maxRC=555850.286098, +15 cols
    [CG]   [DIAG] iter=3 posCols=15 newCols=15 effImprove=15 updated=0
    [CG] CG iter 4: obj=1589968.270771, maxRC=508238.646692, +15 cols
    [CG]   [DIAG] iter=4 posCols=15 newCols=15 effImprove=15 updated=0
    [CG] CG iter 5: obj=1651169.419019, maxRC=353470.765533, +15 cols
    [CG]   [DIAG] iter=5 posCols=15 newCols=15 effImprove=15 updated=0
    [CG] CG iter 6: obj=1663680.588501, maxRC=355165.796128, +15 cols
    [CG]   [DIAG] iter=6 posCols=15 newCols=15 effImprove=15 updated=0
    [CG] CG iter 7: obj=1699216.456461, maxRC=284465.885362, +15 cols
    [CG]   [DIAG] iter=7 posCols=15 newCols=15 effImprove=15 updated=0
    [CG] CG iter 8: obj=1752821.383887, maxRC=212925.071749, +15 cols
    [CG]   [DIAG] iter=8 posCols=15 newCols=15 effImprove=15 updated=0
    [CG] CG iter 9: obj=1802879.293925, maxRC=238637.027025, +15 cols
    [CG]   [DIAG] iter=9 posCols=15 newCols=15 effImprove=15 updated=0
    [CG] CG iter 10: obj=1814120.257391, maxRC=237327.197906, +15 cols
    [CG]   [DIAG] iter=10 posCols=15 newCols=15 effImprove=15 updated=0
    [CG] CG iter 11: obj=1836778.028856, maxRC=197855.866024, +15 cols
    [CG]   [DIAG] iter=11 posCols=15 newCols=15 effImprove=15 updated=0
    [CG] CG iter 12: obj=1853239.197768, maxRC=163154.736297, +15 cols
    [CG]   [DIAG] iter=12 posCols=15 newCols=15 effImprove=15 updated=0
    [CG] CG iter 13: obj=1862736.608946, maxRC=157780.610617, +15 cols
    [CG]   [DIAG] iter=13 posCols=15 newCols=15 effImprove=15 updated=0
    [CG] CG iter 14: obj=1898314.818767, maxRC=184122.592052, +15 cols
    [CG]   [DIAG] iter=14 posCols=15 newCols=15 effImprove=15 updated=0
    [CG] CG iter 15: obj=1907446.110345, maxRC=119649.728514, +15 cols
    [CG]   [DIAG] iter=15 posCols=15 newCols=15 effImprove=15 updated=0
    [CG] CG iter 16: obj=1925145.575910, maxRC=107411.059606, +15 cols
    [CG]   [DIAG] iter=16 posCols=15 newCols=15 effImprove=15 updated=0
    [CG] CG iter 17: obj=1951910.188922, maxRC=60233.892515, +15 cols
    [CG]   [DIAG] iter=17 posCols=15 newCols=15 effImprove=15 updated=0
    [CG] CG iter 18: obj=1959457.809433, maxRC=78961.782188, +15 cols
    [CG]   [DIAG] iter=18 posCols=15 newCols=15 effImprove=15 updated=0
    [CG] CG iter 19: obj=1972923.482431, maxRC=95102.299682, +15 cols
    [CG]   [DIAG] iter=19 posCols=15 newCols=15 effImprove=15 updated=0
    [CG] CG iter 20: obj=1982029.015122, maxRC=104299.138508, +15 cols
    [CG]   [DIAG] iter=20 posCols=15 newCols=15 effImprove=15 updated=0
    [CG] CG iter 21: obj=1986747.735643, maxRC=43859.014885, +15 cols
    [CG]   [DIAG] iter=21 posCols=15 newCols=15 effImprove=15 updated=0
    [CG] CG iter 22: obj=1993552.251113, maxRC=41022.317862, +13 cols
    [CG]   [DIAG] iter=22 posCols=13 newCols=13 effImprove=13 updated=0
    [CG] CG iter 23: obj=1993552.251113, maxRC=22402.516473, +9 cols
    [CG]   [DIAG] iter=23 posCols=9 newCols=9 effImprove=9 updated=0
    [CG] CG iter 24: obj=1995278.766720, maxRC=26507.573985, +6 cols
    [CG]   [DIAG] iter=24 posCols=6 newCols=6 effImprove=6 updated=0
    [CG] CG iter 25: obj=1999130.755463, maxRC=19574.449105, +7 cols
    [CG]   [DIAG] iter=25 posCols=7 newCols=5 effImprove=7 updated=2
    [CG] CG iter 26: obj=2020941.828738, maxRC=6902.386843, +7 cols
    [CG]   [DIAG] iter=26 posCols=7 newCols=6 effImprove=7 updated=1
    [CG] CG iter 27: obj=2020941.828738, maxRC=3230.240625, +3 cols
    [CG]   [DIAG] iter=27 posCols=3 newCols=3 effImprove=3 updated=0
    [CG] CG iter 28: obj=2020941.828738, maxRC=147.401909, +1 cols
    [CG]   [DIAG] iter=28 posCols=1 newCols=1 effImprove=1 updated=0
    [CG] CG iter 29: obj=2020941.828738, maxRC=141.154743, +1 cols
    [CG]   [DIAG] iter=29 posCols=1 newCols=1 effImprove=1 updated=0
    [CG] CG iter 30: obj=2020941.828738, maxRC=76.310106, +1 cols
    [CG]   [DIAG] iter=30 posCols=1 newCols=1 effImprove=1 updated=0
    [CG] CG iter 31: obj=2020941.828738, maxRC=58.944661, +1 cols
    [CG]   [DIAG] iter=31 posCols=1 newCols=1 effImprove=1 updated=0
    [CG] 列生成收敛，共 32 轮迭代
    [CG] [CG-NODE] depth=0 exit=CERTIFIED certified=1 feasible=1 iters=32 generatedColsBeforeNode=0 newCols=364 posCandidates=367 duplicateCandidates=3 updatedCols=3 zeroObjImproveIters=7 objFirst=484933.726979 objLast=2020941.828738 objGain=1536008.101759 maxRC=1149750.024474 wallSec=0.553273 pricingSec=0.531849 cplexSolveSec=0.015121
      [BB] 根节点即为整数解，obj=2020941.828738
