    [CG] 列生成开始，初始列数=310
    [CG] CG iter 1: obj=816209.392945, maxRC=1092596.819347, +30 cols
    [CG]   [DIAG] iter=1 posCols=30 newCols=30 effImprove=30 updated=0
    [CG] CG iter 2: obj=1527690.346539, maxRC=267984.333133, +30 cols
    [CG]   [DIAG] iter=2 posCols=30 newCols=30 effImprove=30 updated=0
    [CG] CG iter 3: obj=1765828.024695, maxRC=417658.927437, +30 cols
    [CG]   [DIAG] iter=3 posCols=30 newCols=30 effImprove=30 updated=0
    [CG] CG iter 4: obj=1797487.666540, maxRC=226567.937804, +24 cols
    [CG]   [DIAG] iter=4 posCols=24 newCols=24 effImprove=24 updated=0
    [CG] CG iter 5: obj=1869606.661649, maxRC=118652.611979, +23 cols
    [CG]   [DIAG] iter=5 posCols=23 newCols=23 effImprove=23 updated=0
    [CG] CG iter 6: obj=1934057.871352, maxRC=104077.786446, +26 cols
    [CG]   [DIAG] iter=6 posCols=26 newCols=26 effImprove=26 updated=0
    [CG] CG iter 7: obj=1974772.503634, maxRC=121985.891367, +21 cols
    [CG]   [DIAG] iter=7 posCols=21 newCols=21 effImprove=21 updated=0
    [CG] CG iter 8: obj=2029196.241188, maxRC=65344.625563, +21 cols
    [CG]   [DIAG] iter=8 posCols=21 newCols=21 effImprove=21 updated=0
    [CG] CG iter 9: obj=2067411.430406, maxRC=30659.906442, +20 cols
    [CG]   [DIAG] iter=9 posCols=20 newCols=20 effImprove=20 updated=0
    [CG] CG iter 10: obj=2085473.245482, maxRC=54347.683029, +20 cols
    [CG]   [DIAG] iter=10 posCols=20 newCols=20 effImprove=20 updated=0
    [CG] CG iter 11: obj=2092755.817922, maxRC=25606.828684, +14 cols
    [CG]   [DIAG] iter=11 posCols=14 newCols=14 effImprove=14 updated=0
    [CG] CG iter 12: obj=2135178.108025, maxRC=16311.205233, +16 cols
    [CG]   [DIAG] iter=12 posCols=16 newCols=16 effImprove=16 updated=0
    [CG] CG iter 13: obj=2135178.108025, maxRC=6081.114785, +7 cols
    [CG]   [DIAG] iter=13 posCols=7 newCols=7 effImprove=7 updated=0
    [CG] CG iter 14: obj=2135178.108025, maxRC=2496.577651, +4 cols
    [CG]   [DIAG] iter=14 posCols=4 newCols=4 effImprove=4 updated=0
    [CG] CG iter 15: obj=2135178.108025, maxRC=109.967136, +1 cols
    [CG]   [DIAG] iter=15 posCols=1 newCols=1 effImprove=1 updated=0
    [CG] 列生成收敛，共 16 轮迭代
    [CG] [CG-NODE] depth=0 exit=CERTIFIED certified=1 feasible=1 iters=16 generatedColsBeforeNode=0 newCols=287 posCandidates=287 duplicateCandidates=0 updatedCols=0 zeroObjImproveIters=4 objFirst=816209.392945 objLast=2135178.108025 objGain=1318968.715080 maxRC=1092596.819347 wallSec=0.144324 pricingSec=0.131529 cplexSolveSec=0.008212
      [BB] 根节点即为整数解，obj=2135178.108025
