    [CG] 列生成开始，初始列数=310
    [CG] CG iter 1: obj=801302.013554, maxRC=1100740.954124, +30 cols
    [CG]   [DIAG] iter=1 posCols=30 newCols=30 effImprove=30 updated=0
    [CG] CG iter 2: obj=1531843.499784, maxRC=300839.830296, +27 cols
    [CG]   [DIAG] iter=2 posCols=27 newCols=27 effImprove=27 updated=0
    [CG] CG iter 3: obj=1749226.154402, maxRC=477584.027703, +27 cols
    [CG]   [DIAG] iter=3 posCols=27 newCols=27 effImprove=27 updated=0
    [CG] CG iter 4: obj=1821978.502604, maxRC=160108.938154, +27 cols
    [CG]   [DIAG] iter=4 posCols=27 newCols=27 effImprove=27 updated=0
    [CG] CG iter 5: obj=1934272.749850, maxRC=120421.132936, +23 cols
    [CG]   [DIAG] iter=5 posCols=23 newCols=23 effImprove=23 updated=0
    [CG] CG iter 6: obj=1980494.898164, maxRC=119482.450564, +23 cols
    [CG]   [DIAG] iter=6 posCols=23 newCols=23 effImprove=23 updated=0
    [CG] CG iter 7: obj=2039433.736890, maxRC=99487.303032, +22 cols
    [CG]   [DIAG] iter=7 posCols=22 newCols=22 effImprove=22 updated=0
    [CG] CG iter 8: obj=2120245.947307, maxRC=63097.850180, +20 cols
    [CG]   [DIAG] iter=8 posCols=20 newCols=20 effImprove=20 updated=0
    [CG] CG iter 9: obj=2120245.947307, maxRC=65999.161293, +18 cols
    [CG]   [DIAG] iter=9 posCols=18 newCols=17 effImprove=18 updated=1
    [CG] CG iter 10: obj=2149606.565752, maxRC=34599.292275, +21 cols
    [CG]   [DIAG] iter=10 posCols=21 newCols=21 effImprove=21 updated=0
    [CG] CG iter 11: obj=2149606.565752, maxRC=24800.178004, +21 cols
    [CG]   [DIAG] iter=11 posCols=21 newCols=20 effImprove=21 updated=1
    [CG] CG iter 12: obj=2154951.355649, maxRC=27654.777277, +14 cols
    [CG]   [DIAG] iter=12 posCols=14 newCols=14 effImprove=14 updated=0
    [CG] CG iter 13: obj=2179864.655167, maxRC=7913.792197, +7 cols
    [CG]   [DIAG] iter=13 posCols=7 newCols=7 effImprove=7 updated=0
    [CG] CG iter 14: obj=2179864.655167, maxRC=3271.730988, +5 cols
    [CG]   [DIAG] iter=14 posCols=5 newCols=5 effImprove=5 updated=0
    [CG] 列生成收敛，共 15 轮迭代
    [CG] [CG-NODE] depth=0 exit=CERTIFIED certified=1 feasible=1 iters=15 generatedColsBeforeNode=0 newCols=283 posCandidates=285 duplicateCandidates=2 updatedCols=2 zeroObjImproveIters=4 objFirst=801302.013554 objLast=2179864.655167 objGain=1378562.641613 maxRC=1100740.954124 wallSec=0.149359 pricingSec=0.136983 cplexSolveSec=0.007643
      [BB] 根节点即为整数解，obj=2179864.655167
