    [CG] 列生成开始，初始列数=310
    [CG] CG iter 1: obj=891902.098624, maxRC=2138579.975243, +30 cols
    [CG]   [DIAG] iter=1 posCols=30 newCols=30 effImprove=30 updated=0
    [CG] CG iter 2: obj=2307656.033283, maxRC=392770.733136, +26 cols
    [CG]   [DIAG] iter=2 posCols=26 newCols=26 effImprove=26 updated=0
    [CG] CG iter 3: obj=2340960.739695, maxRC=474767.105624, +27 cols
    [CG]   [DIAG] iter=3 posCols=27 newCols=27 effImprove=27 updated=0
    [CG] CG iter 4: obj=2353668.388192, maxRC=488694.355331, +27 cols
    [CG]   [DIAG] iter=4 posCols=27 newCols=27 effImprove=27 updated=0
    [CG] CG iter 5: obj=2379817.245188, maxRC=396943.904101, +25 cols
    [CG]   [DIAG] iter=5 posCols=25 newCols=25 effImprove=25 updated=0
    [CG] CG iter 6: obj=2399801.170597, maxRC=398406.970092, +18 cols
    [CG]   [DIAG] iter=6 posCols=18 newCols=17 effImprove=18 updated=1
    [CG] CG iter 7: obj=2449261.854649, maxRC=279883.296127, +12 cols
    [CG]   [DIAG] iter=7 posCols=12 newCols=12 effImprove=12 updated=0
    [CG] CG iter 8: obj=2475525.876357, maxRC=234567.923725, +9 cols
    [CG]   [DIAG] iter=8 posCols=9 newCols=9 effImprove=9 updated=0
    [CG] CG iter 9: obj=2496883.917405, maxRC=157619.798976, +11 cols
    [CG]   [DIAG] iter=9 posCols=11 newCols=11 effImprove=11 updated=0
    [CG] CG iter 10: obj=2512037.047374, maxRC=162841.898509, +11 cols
    [CG]   [DIAG] iter=10 posCols=11 newCols=11 effImprove=11 updated=0
    [CG] CG iter 11: obj=2525658.093107, maxRC=86276.003304, +12 cols
    [CG]   [DIAG] iter=11 posCols=12 newCols=12 effImprove=12 updated=0
    [CG] CG iter 12: obj=2540592.151448, maxRC=66260.567432, +9 cols
    [CG]   [DIAG] iter=12 posCols=9 newCols=9 effImprove=9 updated=0
    [CG] CG iter 13: obj=2557157.293306, maxRC=60996.404597, +9 cols
    [CG]   [DIAG] iter=13 posCols=9 newCols=9 effImprove=9 updated=0
    [CG] CG iter 14: obj=2561025.271836, maxRC=49733.738726, +9 cols
    [CG]   [DIAG] iter=14 posCols=9 newCols=9 effImprove=9 updated=0
    [CG] CG iter 15: obj=2592124.620914, maxRC=22245.093474, +7 cols
    [CG]   [DIAG] iter=15 posCols=7 newCols=7 effImprove=7 updated=0
    [CG] CG iter 16: obj=2592124.620914, maxRC=15961.245703, +9 cols
    [CG]   [DIAG] iter=16 posCols=9 newCols=9 effImprove=9 updated=0
    [CG] CG iter 17: obj=2592124.620914, maxRC=11531.114040, +7 cols
    [CG]   [DIAG] iter=17 posCols=7 newCols=7 effImprove=7 updated=0
    [CG] CG iter 18: obj=2592124.620914, maxRC=6583.762290, +8 cols
    [CG]   [DIAG] iter=18 posCols=8 newCols=8 effImprove=8 updated=0
    [CG] CG iter 19: obj=2592124.620914, maxRC=5888.437250, +7 cols
    [CG]   [DIAG] iter=19 posCols=7 newCols=6 effImprove=7 updated=1
    [CG] CG iter 20: obj=2592124.620914, maxRC=5133.181166, +5 cols
    [CG]   [DIAG] iter=20 posCols=5 newCols=5 effImprove=5 updated=0
    [CG] CG iter 21: obj=2597257.802080, maxRC=1539.420240, +1 cols
    [CG]   [DIAG] iter=21 posCols=1 newCols=1 effImprove=1 updated=0
    [CG] 列生成收敛，共 22 轮迭代
    [CG] [CG-NODE] depth=0 exit=CERTIFIED certified=1 feasible=1 iters=22 generatedColsBeforeNode=0 newCols=277 posCandidates=279 duplicateCandidates=2 updatedCols=2 zeroObjImproveIters=6 objFirst=891902.098624 objLast=2597257.802080 objGain=1705355.703456 maxRC=2138579.975243 wallSec=0.241094 pricingSec=0.227717 cplexSolveSec=0.008284
      [BB] 根节点即为整数解，obj=2597257.802080
