    [CG] 列生成开始，初始列数=310
    [CG] CG iter 1: obj=858581.394756, maxRC=1575689.892042, +30 cols
    [CG]   [DIAG] iter=1 posCols=30 newCols=30 effImprove=30 updated=0
    [CG] CG iter 2: obj=1937526.813415, maxRC=251096.235921, +23 cols
    [CG]   [DIAG] iter=2 posCols=23 newCols=23 effImprove=23 updated=0
    [CG] CG iter 3: obj=2007096.337091, maxRC=694044.777496, +29 cols
    [CG]   [DIAG] iter=3 posCols=29 newCols=29 effImprove=29 updated=0
    [CG] CG iter 4: obj=2092052.406031, maxRC=526411.051246, +27 cols
    [CG]   [DIAG] iter=4 posCols=27 newCols=27 effImprove=27 updated=0
    [CG] CG iter 5: obj=2127605.818801, maxRC=462016.761062, +26 cols
    [CG]   [DIAG] iter=5 posCols=26 newCols=26 effImprove=26 updated=0
    [CG] CG iter 6: obj=2161747.662875, maxRC=233996.780515, +20 cols
    [CG]   [DIAG] iter=6 posCols=20 newCols=20 effImprove=20 updated=0
    [CG] CG iter 7: obj=2219150.595195, maxRC=250919.219812, +17 cols
    [CG]   [DIAG] iter=7 posCols=17 newCols=17 effImprove=17 updated=0
    [CG] CG iter 8: obj=2283650.554452, maxRC=254820.400527, +18 cols
    [CG]   [DIAG] iter=8 posCols=18 newCols=18 effImprove=18 updated=0
    [CG] CG iter 9: obj=2310675.042892, maxRC=170332.249948, +12 cols
    [CG]   [DIAG] iter=9 posCols=12 newCols=12 effImprove=12 updated=0
    [CG] CG iter 10: obj=2338874.757212, maxRC=113878.954856, +12 cols
    [CG]   [DIAG] iter=10 posCols=12 newCols=12 effImprove=12 updated=0
    [CG] CG iter 11: obj=2343521.362090, maxRC=82124.931981, +12 cols
    [CG]   [DIAG] iter=11 posCols=12 newCols=12 effImprove=12 updated=0
    [CG] CG iter 12: obj=2352818.163588, maxRC=46359.635138, +10 cols
    [CG]   [DIAG] iter=12 posCols=10 newCols=10 effImprove=10 updated=0
    [CG] CG iter 13: obj=2360860.307197, maxRC=19855.616523, +10 cols
    [CG]   [DIAG] iter=13 posCols=10 newCols=10 effImprove=10 updated=0
    [CG] CG iter 14: obj=2361063.429162, maxRC=28218.000712, +10 cols
    [CG]   [DIAG] iter=14 posCols=10 newCols=9 effImprove=10 updated=1
    [CG] CG iter 15: obj=2367693.372827, maxRC=9107.074511, +7 cols
    [CG]   [DIAG] iter=15 posCols=7 newCols=7 effImprove=7 updated=0
    [CG] CG iter 16: obj=2371157.387507, maxRC=9792.299872, +2 cols
    [CG]   [DIAG] iter=16 posCols=2 newCols=2 effImprove=2 updated=0
    [CG] CG iter 17: obj=2373350.629305, maxRC=12800.832022, +3 cols
    [CG]   [DIAG] iter=17 posCols=3 newCols=3 effImprove=3 updated=0
    [CG] CG iter 18: obj=2373526.045968, maxRC=6935.586766, +5 cols
    [CG]   [DIAG] iter=18 posCols=5 newCols=5 effImprove=5 updated=0
    [CG] CG iter 19: obj=2375259.942659, maxRC=3113.854348, +2 cols
    [CG]   [DIAG] iter=19 posCols=2 newCols=2 effImprove=2 updated=0
    [CG] 列生成收敛，共 20 轮迭代
    [CG] [CG-NODE] depth=0 exit=CERTIFIED certified=1 feasible=1 iters=20 generatedColsBeforeNode=0 newCols=274 posCandidates=275 duplicateCandidates=1 updatedCols=1 zeroObjImproveIters=0 objFirst=858581.394756 objLast=2378373.797007 objGain=1519792.402251 maxRC=1575689.892042 wallSec=0.219991 pricingSec=0.205199 cplexSolveSec=0.009517
      [BB] 根节点即为整数解，obj=2378373.797007
