    [CG] 列生成开始，初始列数=310
    [CG] CG iter 1: obj=863257.240291, maxRC=2126950.470845, +30 cols
    [CG]   [DIAG] iter=1 posCols=30 newCols=30 effImprove=30 updated=0
    [CG] CG iter 2: obj=2300299.937049, maxRC=373805.332326, +22 cols
    [CG]   [DIAG] iter=2 posCols=22 newCols=22 effImprove=22 updated=0
    [CG] CG iter 3: obj=2338408.990902, maxRC=525778.688710, +24 cols
    [CG]   [DIAG] iter=3 posCols=24 newCols=24 effImprove=24 updated=0
    [CG] CG iter 4: obj=2338408.990902, maxRC=484789.976986, +22 cols
    [CG]   [DIAG] iter=4 posCols=22 newCols=22 effImprove=22 updated=0
    [CG] CG iter 5: obj=2402551.725528, maxRC=300143.162915, +14 cols
    [CG]   [DIAG] iter=5 posCols=14 newCols=14 effImprove=14 updated=0
    [CG] CG iter 6: obj=2475129.158491, maxRC=298697.625911, +20 cols
    [CG]   [DIAG] iter=6 posCols=20 newCols=20 effImprove=20 updated=0
    [CG] CG iter 7: obj=2487083.943751, maxRC=259030.194754, +14 cols
    [CG]   [DIAG] iter=7 posCols=14 newCols=14 effImprove=14 updated=0
    [CG] CG iter 8: obj=2493631.606851, maxRC=163514.684492, +13 cols
    [CG]   [DIAG] iter=8 posCols=13 newCols=13 effImprove=13 updated=0
    [CG] CG iter 9: obj=2494525.852589, maxRC=41897.979440, +10 cols
    [CG]   [DIAG] iter=9 posCols=10 newCols=9 effImprove=10 updated=1
    [CG] CG iter 10: obj=2502030.958197, maxRC=24999.353864, +9 cols
    [CG]   [DIAG] iter=10 posCols=9 newCols=9 effImprove=9 updated=0
    [CG] CG iter 11: obj=2507936.916147, maxRC=12943.025299, +7 cols
    [CG]   [DIAG] iter=11 posCols=7 newCols=7 effImprove=7 updated=0
    [CG] CG iter 12: obj=2512565.513301, maxRC=9033.915009, +4 cols
    [CG]   [DIAG] iter=12 posCols=4 newCols=4 effImprove=4 updated=0
    [CG] CG iter 13: obj=2521599.428310, maxRC=8674.642859, +4 cols
    [CG]   [DIAG] iter=13 posCols=4 newCols=4 effImprove=4 updated=0
    [CG] CG iter 14: obj=2524061.100997, maxRC=5768.890865, +2 cols
    [CG]   [DIAG] iter=14 posCols=2 newCols=2 effImprove=2 updated=0
    [CG] CG iter 15: obj=2524201.700355, maxRC=3502.271890, +3 cols
    [CG]   [DIAG] iter=15 posCols=3 newCols=3 effImprove=3 updated=0
    [CG] CG iter 16: obj=2524201.700355, maxRC=2063.938242, +2 cols
    [CG]   [DIAG] iter=16 posCols=2 newCols=2 effImprove=2 updated=0
    [CG] CG iter 17: obj=2524201.700355, maxRC=1193.374051, +1 cols
    [CG]   [DIAG] iter=17 posCols=1 newCols=1 effImprove=1 updated=0
    [CG] CG iter 18: obj=2524201.700355, maxRC=1048.733136, +1 cols
    [CG]   [DIAG] iter=18 posCols=1 newCols=1 effImprove=1 updated=0
    [CG] CG iter 19: obj=2524201.700355, maxRC=82.697222, +1 cols
    [CG]   [DIAG] iter=19 posCols=1 newCols=1 effImprove=1 updated=0
    [CG] 列生成收敛，共 20 轮迭代
    [CG] [CG-NODE] depth=0 exit=CERTIFIED certified=1 feasible=1 iters=20 generatedColsBeforeNode=0 newCols=202 posCandidates=203 duplicateCandidates=1 updatedCols=1 zeroObjImproveIters=6 objFirst=863257.240291 objLast=2524201.700355 objGain=1660944.460064 maxRC=2126950.470845 wallSec=0.226424 pricingSec=0.197038 cplexSolveSec=0.006989
      [BB] 根节点即为整数解，obj=2524201.700355
