    [CG] 列生成开始，初始列数=310
    [CG] CG iter 1: obj=1015403.235096, maxRC=1512631.776740, +30 cols
    [CG]   [DIAG] iter=1 posCols=30 newCols=30 effImprove=30 updated=0
    [CG] CG iter 2: obj=2000742.357494, maxRC=252891.590276, +30 cols
    [CG]   [DIAG] iter=2 posCols=30 newCols=30 effImprove=30 updated=0
    [CG] CG iter 3: obj=2136609.738460, maxRC=331520.547408, +29 cols
    [CG]   [DIAG] iter=3 posCols=29 newCols=29 effImprove=29 updated=0
    [CG] CG iter 4: obj=2181986.631113, maxRC=233004.609493, +30 cols
    [CG]   [DIAG] iter=4 posCols=30 newCols=30 effImprove=30 updated=0
    [CG] CG iter 5: obj=2252255.656280, maxRC=125560.713212, +25 cols
    [CG]   [DIAG] iter=5 posCols=25 newCols=25 effImprove=25 updated=0
    [CG] CG iter 6: obj=2400936.299098, maxRC=116526.724352, +27 cols
    [CG]   [DIAG] iter=6 posCols=27 newCols=27 effImprove=27 updated=0
    [CG] CG iter 7: obj=2416607.661370, maxRC=78219.037909, +22 cols
    [CG]   [DIAG] iter=7 posCols=22 newCols=22 effImprove=22 updated=0
    [CG] CG iter 8: obj=2433613.092071, maxRC=53900.443469, +24 cols
    [CG]   [DIAG] iter=8 posCols=24 newCols=24 effImprove=24 updated=0
    [CG] CG iter 9: obj=2484116.870863, maxRC=32680.499390, +22 cols
    [CG]   [DIAG] iter=9 posCols=22 newCols=21 effImprove=22 updated=1
    [CG] CG iter 10: obj=2498318.754866, maxRC=37604.101429, +17 cols
    [CG]   [DIAG] iter=10 posCols=17 newCols=17 effImprove=17 updated=0
    [CG] CG iter 11: obj=2529359.149638, maxRC=13264.652173, +16 cols
    [CG]   [DIAG] iter=11 posCols=16 newCols=16 effImprove=16 updated=0
    [CG] CG iter 12: obj=2529359.149638, maxRC=8616.276484, +9 cols
    [CG]   [DIAG] iter=12 posCols=9 newCols=7 effImprove=9 updated=2
    [CG] CG iter 13: obj=2529359.149638, maxRC=1189.858574, +2 cols
    [CG]   [DIAG] iter=13 posCols=2 newCols=2 effImprove=2 updated=0
    [CG] 列生成收敛，共 14 轮迭代
    [CG] [CG-NODE] depth=0 exit=CERTIFIED certified=1 feasible=1 iters=14 generatedColsBeforeNode=0 newCols=280 posCandidates=283 duplicateCandidates=3 updatedCols=3 zeroObjImproveIters=2 objFirst=1015403.235096 objLast=2530549.008212 objGain=1515145.773116 maxRC=1512631.776740 wallSec=0.199086 pricingSec=0.186992 cplexSolveSec=0.007400
      [BB] 根节点即为整数解，obj=2530549.008212
