    [CG] 列生成开始，初始列数=310
    [CG] CG iter 1: obj=999943.201907, maxRC=1361221.159252, +30 cols
    [CG]   [DIAG] iter=1 posCols=30 newCols=30 effImprove=30 updated=0
    [CG] CG iter 2: obj=1881919.703835, maxRC=249071.597654, +30 cols
    [CG]   [DIAG] iter=2 posCols=30 newCols=30 effImprove=30 updated=0
    [CG] CG iter 3: obj=2066113.887810, maxRC=363848.498719, +30 cols
    [CG]   [DIAG] iter=3 posCols=30 newCols=30 effImprove=30 updated=0
    [CG] CG iter 4: obj=2140675.885722, maxRC=207426.435529, +29 cols
    [CG]   [DIAG] iter=4 posCols=29 newCols=29 effImprove=29 updated=0
    [CG] CG iter 5: obj=2205063.695937, maxRC=98260.828298, +28 cols
    [CG]   [DIAG] iter=5 posCols=28 newCols=28 effImprove=28 updated=0
    [CG] CG iter 6: obj=2320226.276167, maxRC=88775.086970, +27 cols
    [CG]   [DIAG] iter=6 posCols=27 newCols=27 effImprove=27 updated=0
    [CG] CG iter 7: obj=2371290.459283, maxRC=67364.946293, +26 cols
    [CG]   [DIAG] iter=7 posCols=26 newCols=26 effImprove=26 updated=0
    [CG] CG iter 8: obj=2414571.335858, maxRC=62418.933446, +24 cols
    [CG]   [DIAG] iter=8 posCols=24 newCols=23 effImprove=24 updated=1
    [CG] CG iter 9: obj=2439869.645014, maxRC=42802.661698, +21 cols
    [CG]   [DIAG] iter=9 posCols=21 newCols=20 effImprove=21 updated=1
    [CG] CG iter 10: obj=2460909.563279, maxRC=45085.914429, +15 cols
    [CG]   [DIAG] iter=10 posCols=15 newCols=15 effImprove=15 updated=0
    [CG] CG iter 11: obj=2468593.984789, maxRC=16511.889230, +11 cols
    [CG]   [DIAG] iter=11 posCols=11 newCols=11 effImprove=11 updated=0
    [CG] CG iter 12: obj=2478361.151706, maxRC=9202.542958, +9 cols
    [CG]   [DIAG] iter=12 posCols=9 newCols=8 effImprove=9 updated=1
    [CG] CG iter 13: obj=2485723.272361, maxRC=7096.336125, +4 cols
    [CG]   [DIAG] iter=13 posCols=4 newCols=4 effImprove=4 updated=0
    [CG] CG iter 14: obj=2485723.272361, maxRC=2059.238335, +3 cols
    [CG]   [DIAG] iter=14 posCols=3 newCols=3 effImprove=3 updated=0
    [CG] 列生成收敛，共 15 轮迭代
    [CG] [CG-NODE] depth=0 exit=CERTIFIED certified=1 feasible=1 iters=15 generatedColsBeforeNode=0 newCols=284 posCandidates=287 duplicateCandidates=3 updatedCols=3 zeroObjImproveIters=2 objFirst=999943.201907 objLast=2485723.272361 objGain=1485780.070454 maxRC=1361221.159252 wallSec=0.188675 pricingSec=0.177754 cplexSolveSec=0.007132
      [BB] 根节点即为整数解，obj=2485723.272361
