    [CG] 列生成开始，初始列数=310
    [CG] CG iter 1: obj=992934.229906, maxRC=1422428.819295, +30 cols
    [CG]   [DIAG] iter=1 posCols=30 newCols=30 effImprove=30 updated=0
    [CG] CG iter 2: obj=1941220.796002, maxRC=245251.449800, +28 cols
    [CG]   [DIAG] iter=2 posCols=28 newCols=28 effImprove=28 updated=0
    [CG] CG iter 3: obj=2136689.434488, maxRC=290391.252059, +30 cols
    [CG]   [DIAG] iter=3 posCols=30 newCols=30 effImprove=30 updated=0
    [CG] CG iter 4: obj=2209907.684620, maxRC=149770.752393, +26 cols
    [CG]   [DIAG] iter=4 posCols=26 newCols=26 effImprove=26 updated=0
    [CG] CG iter 5: obj=2296483.376310, maxRC=139493.593441, +25 cols
    [CG]   [DIAG] iter=5 posCols=25 newCols=25 effImprove=25 updated=0
    [CG] CG iter 6: obj=2336546.400525, maxRC=98421.018273, +25 cols
    [CG]   [DIAG] iter=6 posCols=25 newCols=25 effImprove=25 updated=0
    [CG] CG iter 7: obj=2369484.579304, maxRC=77576.630825, +26 cols
    [CG]   [DIAG] iter=7 posCols=26 newCols=26 effImprove=26 updated=0
    [CG] CG iter 8: obj=2415657.086202, maxRC=55084.096592, +18 cols
    [CG]   [DIAG] iter=8 posCols=18 newCols=18 effImprove=18 updated=0
    [CG] CG iter 9: obj=2439384.099345, maxRC=31081.712179, +21 cols
    [CG]   [DIAG] iter=9 posCols=21 newCols=21 effImprove=21 updated=0
    [CG] CG iter 10: obj=2458927.238561, maxRC=17597.499752, +16 cols
    [CG]   [DIAG] iter=10 posCols=16 newCols=14 effImprove=16 updated=2
    [CG] CG iter 11: obj=2470098.796953, maxRC=21830.371340, +10 cols
    [CG]   [DIAG] iter=11 posCols=10 newCols=10 effImprove=10 updated=0
    [CG] CG iter 12: obj=2473644.163226, maxRC=8493.447093, +6 cols
    [CG]   [DIAG] iter=12 posCols=6 newCols=6 effImprove=6 updated=0
    [CG] CG iter 13: obj=2482137.610318, maxRC=1813.502685, +4 cols
    [CG]   [DIAG] iter=13 posCols=4 newCols=3 effImprove=4 updated=1
    [CG] 列生成收敛，共 14 轮迭代
    [CG] [CG-NODE] depth=0 exit=CERTIFIED certified=1 feasible=1 iters=14 generatedColsBeforeNode=0 newCols=262 posCandidates=265 duplicateCandidates=3 updatedCols=3 zeroObjImproveIters=1 objFirst=992934.229906 objLast=2482137.610318 objGain=1489203.380412 maxRC=1422428.819295 wallSec=0.162354 pricingSec=0.151977 cplexSolveSec=0.006421
      [BB] 根节点即为整数解，obj=2482137.610318
