    [CG] 列生成开始，初始列数=310
    [CG] CG iter 1: obj=1008033.752732, maxRC=1485973.838163, +30 cols
    [CG]   [DIAG] iter=1 posCols=30 newCols=30 effImprove=30 updated=0
    [CG] CG iter 2: obj=1985404.437628, maxRC=252016.176170, +30 cols
    [CG]   [DIAG] iter=2 posCols=30 newCols=30 effImprove=30 updated=0
    [CG] CG iter 3: obj=2111760.906828, maxRC=327984.995407, +30 cols
    [CG]   [DIAG] iter=3 posCols=30 newCols=30 effImprove=30 updated=0
    [CG] CG iter 4: obj=2162085.507596, maxRC=309306.906660, +30 cols
    [CG]   [DIAG] iter=4 posCols=30 newCols=30 effImprove=30 updated=0
    [CG] CG iter 5: obj=2266833.557583, maxRC=115972.036528, +26 cols
    [CG]   [DIAG] iter=5 posCols=26 newCols=26 effImprove=26 updated=0
    [CG] CG iter 6: obj=2353249.005922, maxRC=127511.108052, +25 cols
    [CG]   [DIAG] iter=6 posCols=25 newCols=25 effImprove=25 updated=0
    [CG] CG iter 7: obj=2425312.347363, maxRC=106443.149664, +26 cols
    [CG]   [DIAG] iter=7 posCols=26 newCols=26 effImprove=26 updated=0
    [CG] CG iter 8: obj=2467753.376357, maxRC=61276.819909, +24 cols
    [CG]   [DIAG] iter=8 posCols=24 newCols=24 effImprove=24 updated=0
    [CG] CG iter 9: obj=2486259.298774, maxRC=55902.476857, +24 cols
    [CG]   [DIAG] iter=9 posCols=24 newCols=24 effImprove=24 updated=0
    [CG] CG iter 10: obj=2494492.824831, maxRC=34460.128283, +17 cols
    [CG]   [DIAG] iter=10 posCols=17 newCols=17 effImprove=17 updated=0
    [CG] CG iter 11: obj=2516208.056789, maxRC=21503.745502, +17 cols
    [CG]   [DIAG] iter=11 posCols=17 newCols=17 effImprove=17 updated=0
    [CG] CG iter 12: obj=2542182.837625, maxRC=7052.954308, +6 cols
    [CG]   [DIAG] iter=12 posCols=6 newCols=5 effImprove=6 updated=1
    [CG] CG iter 13: obj=2543274.605818, maxRC=2254.869987, +4 cols
    [CG]   [DIAG] iter=13 posCols=4 newCols=3 effImprove=4 updated=1
    [CG] 列生成收敛，共 14 轮迭代
    [CG] [CG-NODE] depth=0 exit=CERTIFIED certified=1 feasible=1 iters=14 generatedColsBeforeNode=0 newCols=287 posCandidates=289 duplicateCandidates=2 updatedCols=2 zeroObjImproveIters=0 objFirst=1008033.752732 objLast=2543856.156715 objGain=1535822.403983 maxRC=1485973.838163 wallSec=0.191476 pricingSec=0.181505 cplexSolveSec=0.006607
      [BB] 分支定界开始，根节点LP obj=2543856.156715，最大节点数=10000
      [BB] 根节点启发式下界 LB=2364514.605359（上界=2543856.156715）
    [CG] [BB-DIAG] 分支 x_{dc=1,retailer=10}, 节点数=1
    [CG] 列生成开始，初始列数=572
    [CG] CG iter 15: obj=2534023.106323, maxRC=65801.219797, +22 cols
    [CG]   [DIAG] iter=15 posCols=22 newCols=22 effImprove=22 updated=0
    [CG] CG iter 16: obj=2534023.106323, maxRC=31228.379940, +16 cols
    [CG]   [DIAG] iter=16 posCols=16 newCols=16 effImprove=16 updated=0
    [CG] CG iter 17: obj=2541066.078614, maxRC=15687.310466, +8 cols
    [CG]   [DIAG] iter=17 posCols=8 newCols=8 effImprove=8 updated=0
    [CG] CG iter 18: obj=2541066.078614, maxRC=3654.789718, +4 cols
    [CG]   [DIAG] iter=18 posCols=4 newCols=4 effImprove=4 updated=0
    [CG] CG iter 19: obj=2541066.078614, maxRC=6269.776099, +1 cols
    [CG]   [DIAG] iter=19 posCols=1 newCols=1 effImprove=1 updated=0
    [CG] CG iter 20: obj=2541066.078614, maxRC=2161.901509, +1 cols
    [CG]   [DIAG] iter=20 posCols=1 newCols=1 effImprove=1 updated=0
    [CG] 列生成收敛，共 21 轮迭代
    [CG] [CG-NODE] depth=1 exit=CERTIFIED certified=1 feasible=1 iters=7 generatedColsBeforeNode=287 newCols=52 posCandidates=52 duplicateCandidates=0 updatedCols=0 zeroObjImproveIters=5 objFirst=2534023.106323 objLast=2541066.078614 objGain=7042.972291 maxRC=65801.219797 wallSec=0.024036 pricingSec=0.018771 cplexSolveSec=0.003713
    [CG] 列生成开始，初始列数=555
    [CG] CG iter 22: obj=2542182.837625, maxRC=77967.521279, +22 cols
    [CG]   [DIAG] iter=22 posCols=22 newCols=22 effImprove=22 updated=0
    [CG] CG iter 23: obj=2542182.837625, maxRC=44850.461766, +12 cols
    [CG]   [DIAG] iter=23 posCols=12 newCols=12 effImprove=12 updated=0
    [CG] CG iter 24: obj=2542182.837625, maxRC=20867.481310, +9 cols
    [CG]   [DIAG] iter=24 posCols=9 newCols=9 effImprove=9 updated=0
    [CG] CG iter 25: obj=2542182.837625, maxRC=16845.512276, +7 cols
    [CG]   [DIAG] iter=25 posCols=7 newCols=7 effImprove=7 updated=0
    [CG] CG iter 26: obj=2542182.837625, maxRC=6389.720740, +4 cols
    [CG]   [DIAG] iter=26 posCols=4 newCols=4 effImprove=4 updated=0
    [CG] CG iter 27: obj=2542182.837625, maxRC=5348.581067, +4 cols
    [CG]   [DIAG] iter=27 posCols=4 newCols=4 effImprove=4 updated=0
    [CG] CG iter 28: obj=2542182.837625, maxRC=4917.167305, +3 cols
    [CG]   [DIAG] iter=28 posCols=3 newCols=3 effImprove=3 updated=0
    [CG] CG iter 29: obj=2542182.837625, maxRC=790.437043, +3 cols
    [CG]   [DIAG] iter=29 posCols=3 newCols=3 effImprove=3 updated=0
    [CG] 列生成收敛，共 30 轮迭代
    [CG] [CG-NODE] depth=1 exit=CERTIFIED certified=1 feasible=1 iters=9 generatedColsBeforeNode=339 newCols=64 posCandidates=64 duplicateCandidates=0 updatedCols=0 zeroObjImproveIters=8 objFirst=2542182.837625 objLast=2542182.837625 objGain=0.000000 maxRC=77967.521279 wallSec=0.025593 pricingSec=0.019961 cplexSolveSec=0.003991
    [CG] [BB-INCUMBENT] selection=2 node=1 previous=2364514.605359 value=2542182.837625 active=1
    [CG] [BB-NODESEL] strategy=hybrid choice=dfs eligibleCount=1 active=1 gap=0.000000
      [BB] 分支定界结束：处理 3 节点，剪枝 1，剩余活跃 0，整数解 2，状态=OPTIMAL，最好可行 obj=2542182.837625，gap=0.000000
