    [CG] 列生成开始，初始列数=310
    [CG] CG iter 1: obj=985542.555783, maxRC=1206535.803324, +30 cols
    [CG]   [DIAG] iter=1 posCols=30 newCols=30 effImprove=30 updated=0
    [CG] CG iter 2: obj=1732798.862027, maxRC=300142.964390, +30 cols
    [CG]   [DIAG] iter=2 posCols=30 newCols=30 effImprove=30 updated=0
    [CG] CG iter 3: obj=1865291.013941, maxRC=354951.974452, +30 cols
    [CG]   [DIAG] iter=3 posCols=30 newCols=30 effImprove=30 updated=0
    [CG] CG iter 4: obj=2015053.049443, maxRC=233418.032883, +30 cols
    [CG]   [DIAG] iter=4 posCols=30 newCols=30 effImprove=30 updated=0
    [CG] CG iter 5: obj=2092416.228329, maxRC=135024.536383, +27 cols
    [CG]   [DIAG] iter=5 posCols=27 newCols=27 effImprove=27 updated=0
    [CG] CG iter 6: obj=2249168.333634, maxRC=85102.219582, +25 cols
    [CG]   [DIAG] iter=6 posCols=25 newCols=24 effImprove=25 updated=1
    [CG] CG iter 7: obj=2338732.016185, maxRC=110144.531435, +25 cols
    [CG]   [DIAG] iter=7 posCols=25 newCols=25 effImprove=25 updated=0
    [CG] CG iter 8: obj=2338732.016185, maxRC=70726.522714, +21 cols
    [CG]   [DIAG] iter=8 posCols=21 newCols=21 effImprove=21 updated=0
    [CG] CG iter 9: obj=2369063.755964, maxRC=35142.073759, +20 cols
    [CG]   [DIAG] iter=9 posCols=20 newCols=20 effImprove=20 updated=0
    [CG] CG iter 10: obj=2373426.378616, maxRC=19715.811420, +17 cols
    [CG]   [DIAG] iter=10 posCols=17 newCols=17 effImprove=17 updated=0
    [CG] CG iter 11: obj=2398365.126558, maxRC=6643.067298, +10 cols
    [CG]   [DIAG] iter=11 posCols=10 newCols=10 effImprove=10 updated=0
    [CG] CG iter 12: obj=2399135.804075, maxRC=6528.875632, +9 cols
    [CG]   [DIAG] iter=12 posCols=9 newCols=9 effImprove=9 updated=0
    [CG] CG iter 13: obj=2399135.804075, maxRC=8275.105266, +5 cols
    [CG]   [DIAG] iter=13 posCols=5 newCols=5 effImprove=5 updated=0
    [CG] CG iter 14: obj=2401786.048534, maxRC=3684.474936, +2 cols
    [CG]   [DIAG] iter=14 posCols=2 newCols=2 effImprove=2 updated=0
    [CG] CG iter 15: obj=2405378.360529, maxRC=1061.120965, +1 cols
    [CG]   [DIAG] iter=15 posCols=1 newCols=1 effImprove=1 updated=0
    [CG] CG iter 16: obj=2405378.360529, maxRC=306.280699, +1 cols
    [CG]   [DIAG] iter=16 posCols=1 newCols=1 effImprove=1 updated=0
    [CG] 列生成收敛，共 17 轮迭代
    [CG] [CG-NODE] depth=0 exit=CERTIFIED certified=1 feasible=1 iters=17 generatedColsBeforeNode=0 newCols=282 posCandidates=283 duplicateCandidates=1 updatedCols=1 zeroObjImproveIters=4 objFirst=985542.555783 objLast=2405378.360529 objGain=1419835.804746 maxRC=1206535.803324 wallSec=0.199934 pricingSec=0.186779 cplexSolveSec=0.008332
      [BB] 根节点即为整数解，obj=2405378.360529
