    [CG] 列生成开始，初始列数=310
    [CG] CG iter 1: obj=976417.125099, maxRC=1515916.841273, +30 cols
    [CG]   [DIAG] iter=1 posCols=30 newCols=30 effImprove=30 updated=0
    [CG] CG iter 2: obj=2012205.028798, maxRC=212636.738374, +27 cols
    [CG]   [DIAG] iter=2 posCols=27 newCols=27 effImprove=27 updated=0
    [CG] CG iter 3: obj=2131398.425478, maxRC=390684.983592, +28 cols
    [CG]   [DIAG] iter=3 posCols=28 newCols=28 effImprove=28 updated=0
    [CG] CG iter 4: obj=2257464.250389, maxRC=230363.038806, +27 cols
    [CG]   [DIAG] iter=4 posCols=27 newCols=27 effImprove=27 updated=0
    [CG] CG iter 5: obj=2303713.095075, maxRC=143227.149160, +25 cols
    [CG]   [DIAG] iter=5 posCols=25 newCols=25 effImprove=25 updated=0
    [CG] CG iter 6: obj=2330110.072195, maxRC=116528.405659, +22 cols
    [CG]   [DIAG] iter=6 posCols=22 newCols=21 effImprove=22 updated=1
    [CG] CG iter 7: obj=2371211.016613, maxRC=47080.857201, +16 cols
    [CG]   [DIAG] iter=7 posCols=16 newCols=15 effImprove=16 updated=1
    [CG] CG iter 8: obj=2402261.399784, maxRC=66102.721481, +17 cols
    [CG]   [DIAG] iter=8 posCols=17 newCols=16 effImprove=17 updated=1
    [CG] CG iter 9: obj=2427309.796046, maxRC=36301.416073, +10 cols
    [CG]   [DIAG] iter=9 posCols=10 newCols=10 effImprove=10 updated=0
    [CG] CG iter 10: obj=2436314.060985, maxRC=17309.443609, +10 cols
    [CG]   [DIAG] iter=10 posCols=10 newCols=10 effImprove=10 updated=0
    [CG] CG iter 11: obj=2449907.687787, maxRC=14176.664921, +11 cols
    [CG]   [DIAG] iter=11 posCols=11 newCols=11 effImprove=11 updated=0
    [CG] CG iter 12: obj=2456953.057204, maxRC=3437.442643, +4 cols
    [CG]   [DIAG] iter=12 posCols=4 newCols=4 effImprove=4 updated=0
    [CG] CG iter 13: obj=2456953.057204, maxRC=731.066230, +2 cols
    [CG]   [DIAG] iter=13 posCols=2 newCols=2 effImprove=2 updated=0
    [CG] 列生成收敛，共 14 轮迭代
    [CG] [CG-NODE] depth=0 exit=CERTIFIED certified=1 feasible=1 iters=14 generatedColsBeforeNode=0 newCols=226 posCandidates=229 duplicateCandidates=3 updatedCols=3 zeroObjImproveIters=2 objFirst=976417.125099 objLast=2456953.057204 objGain=1480535.932104 maxRC=1515916.841273 wallSec=0.167334 pricingSec=0.141651 cplexSolveSec=0.005919
      [BB] 根节点即为整数解，obj=2456953.057204
