    [CG] 列生成开始，初始列数=310
    [CG] CG iter 1: obj=990907.567791, maxRC=1483396.418419, +30 cols
    [CG]   [DIAG] iter=1 posCols=30 newCols=30 effImprove=30 updated=0
    [CG] CG iter 2: obj=2003865.054626, maxRC=215855.691132, +28 cols
    [CG]   [DIAG] iter=2 posCols=28 newCols=28 effImprove=28 updated=0
    [CG] CG iter 3: obj=2199093.876639, maxRC=319870.495764, +28 cols
    [CG]   [DIAG] iter=3 posCols=28 newCols=28 effImprove=28 updated=0
    [CG] CG iter 4: obj=2326554.482716, maxRC=198883.586981, +24 cols
    [CG]   [DIAG] iter=4 posCols=24 newCols=24 effImprove=24 updated=0
    [CG] CG iter 5: obj=2338122.984618, maxRC=148629.143603, +22 cols
    [CG]   [DIAG] iter=5 posCols=22 newCols=22 effImprove=22 updated=0
    [CG] CG iter 6: obj=2389972.695740, maxRC=100744.122889, +24 cols
    [CG]   [DIAG] iter=6 posCols=24 newCols=24 effImprove=24 updated=0
    [CG] CG iter 7: obj=2427767.937096, maxRC=60231.434624, +17 cols
    [CG]   [DIAG] iter=7 posCols=17 newCols=17 effImprove=17 updated=0
    [CG] CG iter 8: obj=2430293.115221, maxRC=48676.747877, +17 cols
    [CG]   [DIAG] iter=8 posCols=17 newCols=17 effImprove=17 updated=0
    [CG] CG iter 9: obj=2447220.248663, maxRC=38777.576098, +14 cols
    [CG]   [DIAG] iter=9 posCols=14 newCols=14 effImprove=14 updated=0
    [CG] CG iter 10: obj=2450980.362144, maxRC=13085.514487, +15 cols
    [CG]   [DIAG] iter=10 posCols=15 newCols=15 effImprove=15 updated=0
    [CG] CG iter 11: obj=2465928.223868, maxRC=6852.401488, +9 cols
    [CG]   [DIAG] iter=11 posCols=9 newCols=9 effImprove=9 updated=0
    [CG] CG iter 12: obj=2465928.223868, maxRC=1246.840336, +5 cols
    [CG]   [DIAG] iter=12 posCols=5 newCols=5 effImprove=5 updated=0
    [CG] 列生成收敛，共 13 轮迭代
    [CG] [CG-NODE] depth=0 exit=CERTIFIED certified=1 feasible=1 iters=13 generatedColsBeforeNode=0 newCols=233 posCandidates=233 duplicateCandidates=0 updatedCols=0 zeroObjImproveIters=1 objFirst=990907.567791 objLast=2466887.879550 objGain=1475980.311759 maxRC=1483396.418419 wallSec=0.177546 pricingSec=0.166167 cplexSolveSec=0.006886
      [BB] 根节点即为整数解，obj=2466887.879550
