    [CG] 列生成开始，初始列数=310
    [CG] CG iter 1: obj=1000411.803132, maxRC=1463003.749205, +30 cols
    [CG]   [DIAG] iter=1 posCols=30 newCols=30 effImprove=30 updated=0
    [CG] CG iter 2: obj=1985447.773308, maxRC=241804.535418, +28 cols
    [CG]   [DIAG] iter=2 posCols=28 newCols=28 effImprove=28 updated=0
    [CG] CG iter 3: obj=2134749.876523, maxRC=319604.914778, +29 cols
    [CG]   [DIAG] iter=3 posCols=29 newCols=29 effImprove=29 updated=0
    [CG] CG iter 4: obj=2228899.285187, maxRC=169208.176486, +28 cols
    [CG]   [DIAG] iter=4 posCols=28 newCols=28 effImprove=28 updated=0
    [CG] CG iter 5: obj=2324767.010519, maxRC=151446.976887, +25 cols
    [CG]   [DIAG] iter=5 posCols=25 newCols=25 effImprove=25 updated=0
    [CG] CG iter 6: obj=2404029.859782, maxRC=83727.460256, +24 cols
    [CG]   [DIAG] iter=6 posCols=24 newCols=24 effImprove=24 updated=0
    [CG] CG iter 7: obj=2431409.053795, maxRC=58394.921026, +20 cols
    [CG]   [DIAG] iter=7 posCols=20 newCols=20 effImprove=20 updated=0
    [CG] CG iter 8: obj=2485580.284521, maxRC=39622.556156, +19 cols
    [CG]   [DIAG] iter=8 posCols=19 newCols=19 effImprove=19 updated=0
    [CG] CG iter 9: obj=2496343.359940, maxRC=12763.511249, +14 cols
    [CG]   [DIAG] iter=9 posCols=14 newCols=14 effImprove=14 updated=0
    [CG] CG iter 10: obj=2505365.343231, maxRC=15383.494466, +14 cols
    [CG]   [DIAG] iter=10 posCols=14 newCols=14 effImprove=14 updated=0
    [CG] CG iter 11: obj=2511925.794763, maxRC=9173.902966, +8 cols
    [CG]   [DIAG] iter=11 posCols=8 newCols=8 effImprove=8 updated=0
    [CG] CG iter 12: obj=2513885.179186, maxRC=2992.780517, +3 cols
    [CG]   [DIAG] iter=12 posCols=3 newCols=3 effImprove=3 updated=0
    [CG] 列生成收敛，共 13 轮迭代
    [CG] [CG-NODE] depth=0 exit=CERTIFIED certified=1 feasible=1 iters=13 generatedColsBeforeNode=0 newCols=242 posCandidates=242 duplicateCandidates=0 updatedCols=0 zeroObjImproveIters=1 objFirst=1000411.803132 objLast=2513885.179186 objGain=1513473.376055 maxRC=1463003.749205 wallSec=0.174559 pricingSec=0.165366 cplexSolveSec=0.006178
      [BB] 根节点即为整数解，obj=2513885.179186
