    [CG] 列生成开始，初始列数=310
    [CG] CG iter 1: obj=657062.944254, maxRC=1501005.319981, +29 cols
    [CG]   [DIAG] iter=1 posCols=29 newCols=29 effImprove=29 updated=0
    [CG] CG iter 2: obj=1678134.178661, maxRC=399268.615699, +18 cols
    [CG]   [DIAG] iter=2 posCols=18 newCols=18 effImprove=18 updated=0
    [CG] CG iter 3: obj=1725061.168521, maxRC=394593.817051, +18 cols
    [CG]   [DIAG] iter=3 posCols=18 newCols=18 effImprove=18 updated=0
    [CG] CG iter 4: obj=1760914.300175, maxRC=422617.541779, +17 cols
    [CG]   [DIAG] iter=4 posCols=17 newCols=17 effImprove=17 updated=0
    [CG] CG iter 5: obj=1826863.414344, maxRC=420312.604519, +16 cols
    [CG]   [DIAG] iter=5 posCols=16 newCols=16 effImprove=16 updated=0
    [CG] CG iter 6: obj=1856275.829988, maxRC=327171.373616, +11 cols
    [CG]   [DIAG] iter=6 posCols=11 newCols=11 effImprove=11 updated=0
    [CG] CG iter 7: obj=1895396.338272, maxRC=120095.256972, +10 cols
    [CG]   [DIAG] iter=7 posCols=10 newCols=9 effImprove=10 updated=1
    [CG] CG iter 8: obj=1925863.858629, maxRC=277095.549488, +9 cols
    [CG]   [DIAG] iter=8 posCols=9 newCols=9 effImprove=9 updated=0
    [CG] CG iter 9: obj=1934876.449861, maxRC=292957.912731, +13 cols
    [CG]   [DIAG] iter=9 posCols=13 newCols=13 effImprove=13 updated=0
    [CG] CG iter 10: obj=1946293.036820, maxRC=280688.259552, +9 cols
    [CG]   [DIAG] iter=10 posCols=9 newCols=9 effImprove=9 updated=0
    [CG] CG iter 11: obj=1990973.036593, maxRC=244063.836746, +9 cols
    [CG]   [DIAG] iter=11 posCols=9 newCols=9 effImprove=9 updated=0
    [CG] CG iter 12: obj=2016573.138297, maxRC=281250.133553, +9 cols
    [CG]   [DIAG] iter=12 posCols=9 newCols=9 effImprove=9 updated=0
    [CG] CG iter 13: obj=2016573.138297, maxRC=228176.514126, +10 cols
    [CG]   [DIAG] iter=13 posCols=10 newCols=10 effImprove=10 updated=0
    [CG] CG iter 14: obj=2016573.138297, maxRC=185785.218844, +9 cols
    [CG]   [DIAG] iter=14 posCols=9 newCols=9 effImprove=9 updated=0
    [CG] CG iter 15: obj=2016573.138297, maxRC=52013.739842, +9 cols
    [CG]   [DIAG] iter=15 posCols=9 newCols=9 effImprove=9 updated=0
    [CG] CG iter 16: obj=2037220.283462, maxRC=54563.925648, +9 cols
    [CG]   [DIAG] iter=16 posCols=9 newCols=9 effImprove=9 updated=0
    [CG] CG iter 17: obj=2037220.283462, maxRC=21727.603404, +8 cols
    [CG]   [DIAG] iter=17 posCols=8 newCols=8 effImprove=8 updated=0
    [CG] CG iter 18: obj=2037220.283462, maxRC=4698.838679, +7 cols
    [CG]   [DIAG] iter=18 posCols=7 newCols=6 effImprove=7 updated=1
    [CG] CG iter 19: obj=2037220.283462, maxRC=9315.042609, +5 cols
    [CG]   [DIAG] iter=19 posCols=5 newCols=5 effImprove=5 updated=0
    [CG] CG iter 20: obj=2037220.283462, maxRC=3644.543443, +6 cols
    [CG]   [DIAG] iter=20 posCols=6 newCols=6 effImprove=6 updated=0
    [CG] CG iter 21: obj=2037220.283462, maxRC=2338.875353, +5 cols
    [CG]   [DIAG] iter=21 posCols=5 newCols=5 effImprove=5 updated=0
    [CG] CG iter 22: obj=2037220.283462, maxRC=2243.593804, +2 cols
    [CG]   [DIAG] iter=22 posCols=2 newCols=2 effImprove=2 updated=0
    [CG] CG iter 23: obj=2037220.283462, maxRC=1166.706024, +1 cols
    [CG]   [DIAG] iter=23 posCols=1 newCols=1 effImprove=1 updated=0
    [CG] 列生成收敛，共 24 轮迭代
    [CG] [CG-NODE] depth=0 exit=CERTIFIED certified=1 feasible=1 iters=24 generatedColsBeforeNode=0 newCols=237 posCandidates=239 duplicateCandidates=2 updatedCols=2 zeroObjImproveIters=11 objFirst=657062.944254 objLast=2037220.283462 objGain=1380157.339208 maxRC=1501005.319981 wallSec=0.188861 pricingSec=0.156628 cplexSolveSec=0.008723
      [BB] 根节点即为整数解，obj=2037220.283462
