    [CG] 列生成开始，初始列数=310
    [CG] CG iter 1: obj=938605.341766, maxRC=706468.703687, +30 cols
    [CG]   [DIAG] iter=1 posCols=30 newCols=30 effImprove=30 updated=0
    [CG] CG iter 2: obj=1537788.317043, maxRC=188977.727113, +25 cols
    [CG]   [DIAG] iter=2 posCols=25 newCols=25 effImprove=25 updated=0
    [CG] CG iter 3: obj=1717994.199661, maxRC=271505.912762, +30 cols
    [CG]   [DIAG] iter=3 posCols=30 newCols=30 effImprove=30 updated=0
    [CG] CG iter 4: obj=1899644.552100, maxRC=129431.199715, +25 cols
    [CG]   [DIAG] iter=4 posCols=25 newCols=25 effImprove=25 updated=0
    [CG] CG iter 5: obj=1899644.552100, maxRC=127773.095708, +24 cols
    [CG]   [DIAG] iter=5 posCols=24 newCols=24 effImprove=24 updated=0
    [CG] CG iter 6: obj=1924784.054236, maxRC=83901.581655, +16 cols
    [CG]   [DIAG] iter=6 posCols=16 newCols=16 effImprove=16 updated=0
    [CG] CG iter 7: obj=1950104.864391, maxRC=20595.497511, +16 cols
    [CG]   [DIAG] iter=7 posCols=16 newCols=15 effImprove=16 updated=1
    [CG] CG iter 8: obj=1964130.837975, maxRC=27241.182459, +11 cols
    [CG]   [DIAG] iter=8 posCols=11 newCols=10 effImprove=11 updated=1
    [CG] CG iter 9: obj=1979927.116962, maxRC=10017.351197, +4 cols
    [CG]   [DIAG] iter=9 posCols=4 newCols=4 effImprove=4 updated=0
    [CG] 列生成收敛，共 10 轮迭代
    [CG] [CG-NODE] depth=0 exit=CERTIFIED certified=1 feasible=1 iters=10 generatedColsBeforeNode=0 newCols=179 posCandidates=181 duplicateCandidates=2 updatedCols=2 zeroObjImproveIters=2 objFirst=938605.341766 objLast=1979927.116962 objGain=1041321.775197 maxRC=706468.703687 wallSec=0.079755 pricingSec=0.071625 cplexSolveSec=0.004366
      [BB] 根节点即为整数解，obj=1979927.116962
