    [CG] 列生成开始，初始列数=310
    [CG] CG iter 1: obj=809936.650323, maxRC=685117.666844, +30 cols
    [CG]   [DIAG] iter=1 posCols=30 newCols=30 effImprove=30 updated=0
    [CG] CG iter 2: obj=1448834.272718, maxRC=293409.655621, +26 cols
    [CG]   [DIAG] iter=2 posCols=26 newCols=26 effImprove=26 updated=0
    [CG] CG iter 3: obj=1691798.936998, maxRC=207278.972575, +24 cols
    [CG]   [DIAG] iter=3 posCols=24 newCols=23 effImprove=24 updated=1
    [CG] CG iter 4: obj=1778909.889236, maxRC=94419.939594, +22 cols
    [CG]   [DIAG] iter=4 posCols=22 newCols=22 effImprove=22 updated=0
    [CG] CG iter 5: obj=1778909.889236, maxRC=50481.011563, +19 cols
    [CG]   [DIAG] iter=5 posCols=19 newCols=17 effImprove=19 updated=2
    [CG] CG iter 6: obj=1785909.208388, maxRC=74187.222260, +18 cols
    [CG]   [DIAG] iter=6 posCols=18 newCols=18 effImprove=18 updated=0
    [CG] CG iter 7: obj=1790502.845227, maxRC=37915.516229, +12 cols
    [CG]   [DIAG] iter=7 posCols=12 newCols=11 effImprove=12 updated=1
    [CG] CG iter 8: obj=1828115.890621, maxRC=14309.044855, +11 cols
    [CG]   [DIAG] iter=8 posCols=11 newCols=11 effImprove=11 updated=0
    [CG] CG iter 9: obj=1828115.890621, maxRC=6898.759545, +5 cols
    [CG]   [DIAG] iter=9 posCols=5 newCols=5 effImprove=5 updated=0
    [CG] CG iter 10: obj=1834208.217518, maxRC=6252.170116, +4 cols
    [CG]   [DIAG] iter=10 posCols=4 newCols=3 effImprove=4 updated=1
    [CG] 列生成收敛，共 11 轮迭代
    [CG] [CG-NODE] depth=0 exit=CERTIFIED certified=1 feasible=1 iters=11 generatedColsBeforeNode=0 newCols=166 posCandidates=171 duplicateCandidates=5 updatedCols=5 zeroObjImproveIters=3 objFirst=809936.650323 objLast=1834208.217518 objGain=1024271.567195 maxRC=685117.666844 wallSec=0.097849 pricingSec=0.090112 cplexSolveSec=0.003976
      [BB] 根节点即为整数解，obj=1834208.217518
