    [CG] 列生成开始，初始列数=310
    [CG] CG iter 1: obj=909322.502283, maxRC=707050.560616, +30 cols
    [CG]   [DIAG] iter=1 posCols=30 newCols=30 effImprove=30 updated=0
    [CG] CG iter 2: obj=1527706.504622, maxRC=251409.379165, +25 cols
    [CG]   [DIAG] iter=2 posCols=25 newCols=25 effImprove=25 updated=0
    [CG] CG iter 3: obj=1725963.640501, maxRC=131307.402573, +25 cols
    [CG]   [DIAG] iter=3 posCols=25 newCols=25 effImprove=25 updated=0
    [CG] CG iter 4: obj=1895564.014838, maxRC=130639.965037, +23 cols
    [CG]   [DIAG] iter=4 posCols=23 newCols=23 effImprove=23 updated=0
    [CG] CG iter 5: obj=1907771.433471, maxRC=82786.798952, +20 cols
    [CG]   [DIAG] iter=5 posCols=20 newCols=20 effImprove=20 updated=0
    [CG] CG iter 6: obj=1924036.919067, maxRC=89061.945011, +16 cols
    [CG]   [DIAG] iter=6 posCols=16 newCols=15 effImprove=16 updated=1
    [CG] CG iter 7: obj=1941775.457022, maxRC=43652.646043, +15 cols
    [CG]   [DIAG] iter=7 posCols=15 newCols=13 effImprove=15 updated=2
    [CG] CG iter 8: obj=1964024.836761, maxRC=9719.653273, +6 cols
    [CG]   [DIAG] iter=8 posCols=6 newCols=5 effImprove=6 updated=1
    [CG] CG iter 9: obj=1974032.474135, maxRC=2664.081800, +2 cols
    [CG]   [DIAG] iter=9 posCols=2 newCols=0 effImprove=2 updated=2
    [CG] CG iter 10: obj=1974032.474135, maxRC=1426.224757, +1 cols
    [CG]   [DIAG] iter=10 posCols=1 newCols=1 effImprove=1 updated=0
    [CG] 列生成收敛，共 11 轮迭代
    [CG] [CG-NODE] depth=0 exit=CERTIFIED certified=1 feasible=1 iters=11 generatedColsBeforeNode=0 newCols=157 posCandidates=163 duplicateCandidates=6 updatedCols=6 zeroObjImproveIters=2 objFirst=909322.502283 objLast=1974032.474135 objGain=1064709.971852 maxRC=707050.560616 wallSec=0.082743 pricingSec=0.076898 cplexSolveSec=0.003397
      [BB] 分支定界开始，根节点LP obj=1974032.474135，最大节点数=10000
      [BB] 根节点启发式下界 LB=1938708.646284（上界=1974032.474135）
    [CG] [BB-DIAG] 分支 x_{dc=4,retailer=1}, 节点数=1
    [CG] 列生成开始，初始列数=460
    [CG] CG iter 12: obj=1973744.490033, maxRC=110772.411041, +24 cols
    [CG]   [DIAG] iter=12 posCols=24 newCols=24 effImprove=24 updated=0
    [CG] CG iter 13: obj=1973744.490033, maxRC=51920.842263, +18 cols
    [CG]   [DIAG] iter=13 posCols=18 newCols=18 effImprove=18 updated=0
    [CG] CG iter 14: obj=1973744.490033, maxRC=28475.658951, +17 cols
    [CG]   [DIAG] iter=14 posCols=17 newCols=16 effImprove=17 updated=1
    [CG] CG iter 15: obj=1973744.490033, maxRC=10673.958517, +8 cols
    [CG]   [DIAG] iter=15 posCols=8 newCols=7 effImprove=8 updated=1
    [CG] CG iter 16: obj=1973744.490033, maxRC=3214.612411, +1 cols
    [CG]   [DIAG] iter=16 posCols=1 newCols=1 effImprove=1 updated=0
    [CG] 列生成收敛，共 17 轮迭代
    [CG] [CG-NODE] depth=1 exit=CERTIFIED certified=1 feasible=1 iters=6 generatedColsBeforeNode=157 newCols=66 posCandidates=68 duplicateCandidates=2 updatedCols=2 zeroObjImproveIters=5 objFirst=1973744.490033 objLast=1973744.490033 objGain=0.000000 maxRC=110772.411041 wallSec=0.018454 pricingSec=0.014893 cplexSolveSec=0.002351
    [CG] 列生成开始，初始列数=427
    [CG] CG iter 18: obj=1970279.618583, maxRC=146018.605074, +22 cols
    [CG]   [DIAG] iter=18 posCols=22 newCols=22 effImprove=22 updated=0
    [CG] CG iter 19: obj=1970279.618583, maxRC=76681.934788, +20 cols
    [CG]   [DIAG] iter=19 posCols=20 newCols=20 effImprove=20 updated=0
    [CG] CG iter 20: obj=1970279.618583, maxRC=37166.003320, +19 cols
    [CG]   [DIAG] iter=20 posCols=19 newCols=19 effImprove=19 updated=0
    [CG] CG iter 21: obj=1970279.618583, maxRC=8677.845711, +14 cols
    [CG]   [DIAG] iter=21 posCols=14 newCols=14 effImprove=14 updated=0
    [CG] CG iter 22: obj=1970279.618583, maxRC=4950.067115, +5 cols
    [CG]   [DIAG] iter=22 posCols=5 newCols=3 effImprove=5 updated=2
    [CG] 列生成收敛，共 23 轮迭代
    [CG] [CG-NODE] depth=1 exit=CERTIFIED certified=1 feasible=1 iters=6 generatedColsBeforeNode=223 newCols=78 posCandidates=80 duplicateCandidates=2 updatedCols=2 zeroObjImproveIters=5 objFirst=1970279.618583 objLast=1970279.618583 objGain=0.000000 maxRC=146018.605074 wallSec=0.019696 pricingSec=0.016382 cplexSolveSec=0.002175
    [CG] [BB-INCUMBENT] selection=2 node=1 previous=1938708.646284 value=1970279.618583 active=1
    [CG] [BB-NODESEL] strategy=hybrid choice=dfs eligibleCount=1 active=1 gap=0.001759
    [CG] [BB-INCUMBENT] selection=3 node=1 previous=1970279.618583 value=1973744.490033 active=0
      [BB] 分支定界结束：处理 3 节点，剪枝 0，剩余活跃 0，整数解 3，状态=OPTIMAL，最好可行 obj=1973744.490033，gap=0.000000
