    [CG] 列生成开始，初始列数=310
    [CG] CG iter 1: obj=920261.688976, maxRC=674756.505477, +30 cols
    [CG]   [DIAG] iter=1 posCols=30 newCols=30 effImprove=30 updated=0
    [CG] CG iter 2: obj=1541325.203441, maxRC=245715.221304, +25 cols
    [CG]   [DIAG] iter=2 posCols=25 newCols=25 effImprove=25 updated=0
    [CG] CG iter 3: obj=1692001.112051, maxRC=222537.267532, +27 cols
    [CG]   [DIAG] iter=3 posCols=27 newCols=27 effImprove=27 updated=0
    [CG] CG iter 4: obj=1892068.466493, maxRC=138986.361547, +24 cols
    [CG]   [DIAG] iter=4 posCols=24 newCols=24 effImprove=24 updated=0
    [CG] CG iter 5: obj=1905686.697896, maxRC=96305.212118, +20 cols
    [CG]   [DIAG] iter=5 posCols=20 newCols=20 effImprove=20 updated=0
    [CG] CG iter 6: obj=1925136.091151, maxRC=80718.282857, +19 cols
    [CG]   [DIAG] iter=6 posCols=19 newCols=17 effImprove=19 updated=2
    [CG] CG iter 7: obj=1960861.210226, maxRC=37124.335593, +17 cols
    [CG]   [DIAG] iter=7 posCols=17 newCols=17 effImprove=17 updated=0
    [CG] CG iter 8: obj=1960861.210226, maxRC=14402.034732, +5 cols
    [CG]   [DIAG] iter=8 posCols=5 newCols=5 effImprove=5 updated=0
    [CG] CG iter 9: obj=1967840.004924, maxRC=9719.653273, +4 cols
    [CG]   [DIAG] iter=9 posCols=4 newCols=3 effImprove=4 updated=1
    [CG] CG iter 10: obj=1977559.658196, maxRC=715.526501, +2 cols
    [CG]   [DIAG] iter=10 posCols=2 newCols=2 effImprove=2 updated=0
    [CG] CG iter 11: obj=1977559.658196, maxRC=572.696194, +1 cols
    [CG]   [DIAG] iter=11 posCols=1 newCols=1 effImprove=1 updated=0
    [CG] 列生成收敛，共 12 轮迭代
    [CG] [CG-NODE] depth=0 exit=CERTIFIED certified=1 feasible=1 iters=12 generatedColsBeforeNode=0 newCols=171 posCandidates=174 duplicateCandidates=3 updatedCols=3 zeroObjImproveIters=3 objFirst=920261.688976 objLast=1977559.658196 objGain=1057297.969221 maxRC=674756.505477 wallSec=0.064169 pricingSec=0.058476 cplexSolveSec=0.003458
      [BB] 根节点即为整数解，obj=1977559.658196
