    [CG] 列生成开始，初始列数=310
    [CG] CG iter 1: obj=920178.261255, maxRC=705850.680540, +30 cols
    [CG]   [DIAG] iter=1 posCols=30 newCols=30 effImprove=30 updated=0
    [CG] CG iter 2: obj=1538790.057029, maxRC=232178.007026, +25 cols
    [CG]   [DIAG] iter=2 posCols=25 newCols=25 effImprove=25 updated=0
    [CG] CG iter 3: obj=1650496.549683, maxRC=281659.517190, +25 cols
    [CG]   [DIAG] iter=3 posCols=25 newCols=25 effImprove=25 updated=0
    [CG] CG iter 4: obj=1843118.426935, maxRC=175228.985873, +25 cols
    [CG]   [DIAG] iter=4 posCols=25 newCols=25 effImprove=25 updated=0
    [CG] CG iter 5: obj=1854364.919942, maxRC=178807.003355, +23 cols
    [CG]   [DIAG] iter=5 posCols=23 newCols=23 effImprove=23 updated=0
    [CG] CG iter 6: obj=1877781.413118, maxRC=103609.925762, +23 cols
    [CG]   [DIAG] iter=6 posCols=23 newCols=23 effImprove=23 updated=0
    [CG] CG iter 7: obj=1917337.505442, maxRC=36384.136001, +19 cols
    [CG]   [DIAG] iter=7 posCols=19 newCols=18 effImprove=19 updated=1
    [CG] CG iter 8: obj=1933279.969275, maxRC=15667.667203, +15 cols
    [CG]   [DIAG] iter=8 posCols=15 newCols=13 effImprove=15 updated=2
    [CG] CG iter 9: obj=1972485.915714, maxRC=13296.562296, +11 cols
    [CG]   [DIAG] iter=9 posCols=11 newCols=11 effImprove=11 updated=0
    [CG] CG iter 10: obj=1972915.524431, maxRC=14402.034732, +5 cols
    [CG]   [DIAG] iter=10 posCols=5 newCols=5 effImprove=5 updated=0
    [CG] CG iter 11: obj=1972915.524431, maxRC=151.444034, +1 cols
    [CG]   [DIAG] iter=11 posCols=1 newCols=1 effImprove=1 updated=0
    [CG] 列生成收敛，共 12 轮迭代
    [CG] [CG-NODE] depth=0 exit=CERTIFIED certified=1 feasible=1 iters=12 generatedColsBeforeNode=0 newCols=199 posCandidates=202 duplicateCandidates=3 updatedCols=3 zeroObjImproveIters=2 objFirst=920178.261255 objLast=1972915.524431 objGain=1052737.263176 maxRC=705850.680540 wallSec=0.102379 pricingSec=0.093543 cplexSolveSec=0.004641
      [BB] 根节点即为整数解，obj=1972915.524431
