    [CG] 列生成开始，初始列数=310
    [CG] CG iter 1: obj=915266.426212, maxRC=674756.505477, +30 cols
    [CG]   [DIAG] iter=1 posCols=30 newCols=30 effImprove=30 updated=0
    [CG] CG iter 2: obj=1537810.827153, maxRC=199523.753057, +25 cols
    [CG]   [DIAG] iter=2 posCols=25 newCols=25 effImprove=25 updated=0
    [CG] CG iter 3: obj=1737792.739404, maxRC=247004.142190, +27 cols
    [CG]   [DIAG] iter=3 posCols=27 newCols=27 effImprove=27 updated=0
    [CG] CG iter 4: obj=1845813.055364, maxRC=126771.908236, +25 cols
    [CG]   [DIAG] iter=4 posCols=25 newCols=24 effImprove=25 updated=1
    [CG] CG iter 5: obj=1896432.804584, maxRC=74758.384217, +24 cols
    [CG]   [DIAG] iter=5 posCols=24 newCols=24 effImprove=24 updated=0
    [CG] CG iter 6: obj=1898429.804142, maxRC=89061.945011, +23 cols
    [CG]   [DIAG] iter=6 posCols=23 newCols=23 effImprove=23 updated=0
    [CG] CG iter 7: obj=1939025.163040, maxRC=23006.436948, +16 cols
    [CG]   [DIAG] iter=7 posCols=16 newCols=14 effImprove=16 updated=2
    [CG] CG iter 8: obj=1949629.449204, maxRC=11375.002112, +9 cols
    [CG]   [DIAG] iter=8 posCols=9 newCols=8 effImprove=9 updated=1
    [CG] CG iter 9: obj=1966327.897174, maxRC=17259.012498, +6 cols
    [CG]   [DIAG] iter=9 posCols=6 newCols=5 effImprove=6 updated=1
    [CG] CG iter 10: obj=1966327.897174, maxRC=7155.850568, +2 cols
    [CG]   [DIAG] iter=10 posCols=2 newCols=2 effImprove=2 updated=0
    [CG] 列生成收敛，共 11 轮迭代
    [CG] [CG-NODE] depth=0 exit=CERTIFIED certified=1 feasible=1 iters=11 generatedColsBeforeNode=0 newCols=182 posCandidates=187 duplicateCandidates=5 updatedCols=5 zeroObjImproveIters=1 objFirst=915266.426212 objLast=1972575.228630 objGain=1057308.802417 maxRC=674756.505477 wallSec=0.068081 pricingSec=0.061692 cplexSolveSec=0.003679
      [BB] 根节点即为整数解，obj=1972575.228630
