    [CG] 列生成开始，初始列数=310
    [CG] CG iter 1: obj=938062.367628, maxRC=706468.703687, +30 cols
    [CG]   [DIAG] iter=1 posCols=30 newCols=30 effImprove=30 updated=0
    [CG] CG iter 2: obj=1537261.042573, maxRC=188977.727113, +25 cols
    [CG]   [DIAG] iter=2 posCols=25 newCols=25 effImprove=25 updated=0
    [CG] CG iter 3: obj=1717451.225524, maxRC=271544.037301, +30 cols
    [CG]   [DIAG] iter=3 posCols=30 newCols=30 effImprove=30 updated=0
    [CG] CG iter 4: obj=1899101.577963, maxRC=129394.251144, +25 cols
    [CG]   [DIAG] iter=4 posCols=25 newCols=25 effImprove=25 updated=0
    [CG] CG iter 5: obj=1899101.577963, maxRC=127773.095708, +24 cols
    [CG]   [DIAG] iter=5 posCols=24 newCols=24 effImprove=24 updated=0
    [CG] CG iter 6: obj=1924241.080098, maxRC=84089.656258, +16 cols
    [CG]   [DIAG] iter=6 posCols=16 newCols=16 effImprove=16 updated=0
    [CG] CG iter 7: obj=1949749.964857, maxRC=20556.619907, +16 cols
    [CG]   [DIAG] iter=7 posCols=16 newCols=15 effImprove=16 updated=1
    [CG] CG iter 8: obj=1963762.167554, maxRC=25568.757407, +11 cols
    [CG]   [DIAG] iter=8 posCols=11 newCols=10 effImprove=11 updated=1
    [CG] CG iter 9: obj=1968692.103463, maxRC=10865.406180, +3 cols
    [CG]   [DIAG] iter=9 posCols=3 newCols=3 effImprove=3 updated=0
    [CG] CG iter 10: obj=1979557.509643, maxRC=1846.388397, +4 cols
    [CG]   [DIAG] iter=10 posCols=4 newCols=3 effImprove=4 updated=1
    [CG] 列生成收敛，共 11 轮迭代
    [CG] [CG-NODE] depth=0 exit=CERTIFIED certified=1 feasible=1 iters=11 generatedColsBeforeNode=0 newCols=181 posCandidates=184 duplicateCandidates=3 updatedCols=3 zeroObjImproveIters=2 objFirst=938062.367628 objLast=1979557.509643 objGain=1041495.142015 maxRC=706468.703687 wallSec=0.074804 pricingSec=0.068159 cplexSolveSec=0.003859
      [BB] 根节点即为整数解，obj=1979557.509643
