    [CG] 列生成开始，初始列数=310
    [CG] CG iter 1: obj=919261.422661, maxRC=705819.258837, +30 cols
    [CG]   [DIAG] iter=1 posCols=30 newCols=30 effImprove=30 updated=0
    [CG] CG iter 2: obj=1518252.444859, maxRC=188601.489171, +25 cols
    [CG]   [DIAG] iter=2 posCols=25 newCols=25 effImprove=25 updated=0
    [CG] CG iter 3: obj=1710497.219337, maxRC=151514.916970, +27 cols
    [CG]   [DIAG] iter=3 posCols=27 newCols=27 effImprove=27 updated=0
    [CG] CG iter 4: obj=1880735.509193, maxRC=97026.046614, +20 cols
    [CG]   [DIAG] iter=4 posCols=20 newCols=20 effImprove=20 updated=0
    [CG] CG iter 5: obj=1906924.338133, maxRC=88347.324963, +18 cols
    [CG]   [DIAG] iter=5 posCols=18 newCols=17 effImprove=18 updated=1
    [CG] CG iter 6: obj=1906924.338133, maxRC=77813.565276, +19 cols
    [CG]   [DIAG] iter=6 posCols=19 newCols=19 effImprove=19 updated=0
    [CG] CG iter 7: obj=1911927.889445, maxRC=34259.896661, +14 cols
    [CG]   [DIAG] iter=7 posCols=14 newCols=13 effImprove=14 updated=1
    [CG] CG iter 8: obj=1926457.271780, maxRC=25439.839979, +7 cols
    [CG]   [DIAG] iter=8 posCols=7 newCols=6 effImprove=7 updated=1
    [CG] CG iter 9: obj=1950463.426284, maxRC=8372.468996, +3 cols
    [CG]   [DIAG] iter=9 posCols=3 newCols=2 effImprove=3 updated=1
    [CG] CG iter 10: obj=1957924.518378, maxRC=8176.281297, +1 cols
    [CG]   [DIAG] iter=10 posCols=1 newCols=1 effImprove=1 updated=0
    [CG] 列生成收敛，共 11 轮迭代
    [CG] [CG-NODE] depth=0 exit=CERTIFIED certified=1 feasible=1 iters=11 generatedColsBeforeNode=0 newCols=160 posCandidates=164 duplicateCandidates=4 updatedCols=4 zeroObjImproveIters=2 objFirst=919261.422661 objLast=1957924.518378 objGain=1038663.095717 maxRC=705819.258837 wallSec=0.065819 pricingSec=0.060158 cplexSolveSec=0.003361
      [BB] 根节点即为整数解，obj=1957924.518378
