    [CG] 列生成开始，初始列数=310
    [CG] CG iter 1: obj=905367.318062, maxRC=705871.633528, +30 cols
    [CG]   [DIAG] iter=1 posCols=30 newCols=30 effImprove=30 updated=0
    [CG] CG iter 2: obj=1538305.725936, maxRC=251600.477060, +27 cols
    [CG]   [DIAG] iter=2 posCols=27 newCols=27 effImprove=27 updated=0
    [CG] CG iter 3: obj=1826655.255630, maxRC=221811.930580, +24 cols
    [CG]   [DIAG] iter=3 posCols=24 newCols=23 effImprove=24 updated=1
    [CG] CG iter 4: obj=1907182.351968, maxRC=116506.779244, +21 cols
    [CG]   [DIAG] iter=4 posCols=21 newCols=21 effImprove=21 updated=0
    [CG] CG iter 5: obj=1923435.923187, maxRC=80062.222341, +19 cols
    [CG]   [DIAG] iter=5 posCols=19 newCols=18 effImprove=19 updated=1
    [CG] CG iter 6: obj=1923435.923187, maxRC=44628.560655, +20 cols
    [CG]   [DIAG] iter=6 posCols=20 newCols=19 effImprove=20 updated=1
    [CG] CG iter 7: obj=1934973.773165, maxRC=23366.306470, +11 cols
    [CG]   [DIAG] iter=7 posCols=11 newCols=11 effImprove=11 updated=0
    [CG] CG iter 8: obj=1936827.468423, maxRC=15358.415195, +6 cols
    [CG]   [DIAG] iter=8 posCols=6 newCols=5 effImprove=6 updated=1
    [CG] CG iter 9: obj=1952185.883618, maxRC=4322.278725, +2 cols
    [CG]   [DIAG] iter=9 posCols=2 newCols=1 effImprove=2 updated=1
    [CG] CG iter 10: obj=1956508.162343, maxRC=196.187698, +1 cols
    [CG]   [DIAG] iter=10 posCols=1 newCols=1 effImprove=1 updated=0
    [CG] 列生成收敛，共 11 轮迭代
    [CG] [CG-NODE] depth=0 exit=CERTIFIED certified=1 feasible=1 iters=11 generatedColsBeforeNode=0 newCols=156 posCandidates=161 duplicateCandidates=5 updatedCols=5 zeroObjImproveIters=2 objFirst=905367.318062 objLast=1956508.162343 objGain=1051140.844281 maxRC=705871.633528 wallSec=0.089400 pricingSec=0.081257 cplexSolveSec=0.004192
      [BB] 根节点即为整数解，obj=1956508.162343
