    [CG] 列生成开始，初始列数=310
    [CG] CG iter 1: obj=905748.461407, maxRC=1861894.932712, +30 cols
    [CG]   [DIAG] iter=1 posCols=30 newCols=30 effImprove=30 updated=0
    [CG] CG iter 2: obj=2173795.419509, maxRC=265006.370815, +14 cols
    [CG]   [DIAG] iter=2 posCols=14 newCols=14 effImprove=14 updated=0
    [CG] CG iter 3: obj=2250659.768454, maxRC=625153.721859, +24 cols
    [CG]   [DIAG] iter=3 posCols=24 newCols=24 effImprove=24 updated=0
    [CG] CG iter 4: obj=2333089.930678, maxRC=400761.151841, +15 cols
    [CG]   [DIAG] iter=4 posCols=15 newCols=15 effImprove=15 updated=0
    [CG] CG iter 5: obj=2342754.860591, maxRC=359736.840591, +10 cols
    [CG]   [DIAG] iter=5 posCols=10 newCols=10 effImprove=10 updated=0
    [CG] CG iter 6: obj=2344163.343555, maxRC=378176.635396, +11 cols
    [CG]   [DIAG] iter=6 posCols=11 newCols=10 effImprove=11 updated=1
    [CG] CG iter 7: obj=2363383.081324, maxRC=292249.767971, +14 cols
    [CG]   [DIAG] iter=7 posCols=14 newCols=14 effImprove=14 updated=0
    [CG] CG iter 8: obj=2378801.462402, maxRC=150518.334582, +7 cols
    [CG]   [DIAG] iter=8 posCols=7 newCols=7 effImprove=7 updated=0
    [CG] CG iter 9: obj=2383189.129092, maxRC=253009.970576, +10 cols
    [CG]   [DIAG] iter=9 posCols=10 newCols=10 effImprove=10 updated=0
    [CG] CG iter 10: obj=2392142.613282, maxRC=219906.386844, +9 cols
    [CG]   [DIAG] iter=10 posCols=9 newCols=9 effImprove=9 updated=0
    [CG] CG iter 11: obj=2403295.489756, maxRC=134544.513913, +6 cols
    [CG]   [DIAG] iter=11 posCols=6 newCols=6 effImprove=6 updated=0
    [CG] CG iter 12: obj=2403295.489756, maxRC=83667.351457, +8 cols
    [CG]   [DIAG] iter=12 posCols=8 newCols=8 effImprove=8 updated=0
    [CG] CG iter 13: obj=2403478.179464, maxRC=124017.620660, +6 cols
    [CG]   [DIAG] iter=13 posCols=6 newCols=6 effImprove=6 updated=0
    [CG] CG iter 14: obj=2412484.895723, maxRC=57621.257114, +6 cols
    [CG]   [DIAG] iter=14 posCols=6 newCols=6 effImprove=6 updated=0
    [CG] CG iter 15: obj=2416476.317703, maxRC=48250.596209, +6 cols
    [CG]   [DIAG] iter=15 posCols=6 newCols=6 effImprove=6 updated=0
    [CG] CG iter 16: obj=2427970.303140, maxRC=45330.175787, +6 cols
    [CG]   [DIAG] iter=16 posCols=6 newCols=6 effImprove=6 updated=0
    [CG] CG iter 17: obj=2427970.303140, maxRC=66057.298830, +6 cols
    [CG]   [DIAG] iter=17 posCols=6 newCols=6 effImprove=6 updated=0
    [CG] CG iter 18: obj=2428553.200721, maxRC=43552.483475, +6 cols
    [CG]   [DIAG] iter=18 posCols=6 newCols=6 effImprove=6 updated=0
    [CG] CG iter 19: obj=2438057.788231, maxRC=23687.400111, +8 cols
    [CG]   [DIAG] iter=19 posCols=8 newCols=8 effImprove=8 updated=0
    [CG] CG iter 20: obj=2443502.737765, maxRC=34996.275462, +6 cols
    [CG]   [DIAG] iter=20 posCols=6 newCols=6 effImprove=6 updated=0
    [CG] CG iter 21: obj=2452643.908828, maxRC=51839.105628, +9 cols
    [CG]   [DIAG] iter=21 posCols=9 newCols=9 effImprove=9 updated=0
    [CG] CG iter 22: obj=2452643.908828, maxRC=31898.038311, +5 cols
    [CG]   [DIAG] iter=22 posCols=5 newCols=5 effImprove=5 updated=0
    [CG] CG iter 23: obj=2452643.908828, maxRC=18035.304570, +5 cols
    [CG]   [DIAG] iter=23 posCols=5 newCols=5 effImprove=5 updated=0
    [CG] CG iter 24: obj=2452643.908828, maxRC=8740.257714, +4 cols
    [CG]   [DIAG] iter=24 posCols=4 newCols=4 effImprove=4 updated=0
    [CG] CG iter 25: obj=2458210.465153, maxRC=4143.294126, +2 cols
    [CG]   [DIAG] iter=25 posCols=2 newCols=2 effImprove=2 updated=0
    [CG] CG iter 26: obj=2458210.465153, maxRC=5488.258686, +2 cols
    [CG]   [DIAG] iter=26 posCols=2 newCols=2 effImprove=2 updated=0
    [CG] CG iter 27: obj=2458210.465153, maxRC=3407.438205, +2 cols
    [CG]   [DIAG] iter=27 posCols=2 newCols=2 effImprove=2 updated=0
    [CG] CG iter 28: obj=2458210.465153, maxRC=2644.611980, +2 cols
    [CG]   [DIAG] iter=28 posCols=2 newCols=2 effImprove=2 updated=0
    [CG] CG iter 29: obj=2458210.465153, maxRC=690.725740, +1 cols
    [CG]   [DIAG] iter=29 posCols=1 newCols=1 effImprove=1 updated=0
    [CG] CG iter 30: obj=2458210.465153, maxRC=580.311887, +1 cols
    [CG]   [DIAG] iter=30 posCols=1 newCols=1 effImprove=1 updated=0
    [CG] CG iter 31: obj=2458210.465153, maxRC=539.187164, +1 cols
    [CG]   [DIAG] iter=31 posCols=1 newCols=1 effImprove=1 updated=0
    [CG] CG iter 32: obj=2458210.465153, maxRC=789.875872, +1 cols
    [CG]   [DIAG] iter=32 posCols=1 newCols=1 effImprove=1 updated=0
    [CG] CG iter 33: obj=2458210.465153, maxRC=709.941692, +1 cols
    [CG]   [DIAG] iter=33 posCols=1 newCols=1 effImprove=1 updated=0
    [CG] CG iter 34: obj=2458210.465153, maxRC=288.982391, +1 cols
    [CG]   [DIAG] iter=34 posCols=1 newCols=1 effImprove=1 updated=0
    [CG] CG iter 35: obj=2458210.465153, maxRC=145.789562, +1 cols
    [CG]   [DIAG] iter=35 posCols=1 newCols=1 effImprove=1 updated=0
    [CG] 列生成收敛，共 36 轮迭代
    [CG] [CG-NODE] depth=0 exit=CERTIFIED certified=1 feasible=1 iters=36 generatedColsBeforeNode=0 newCols=245 posCandidates=246 duplicateCandidates=1 updatedCols=1 zeroObjImproveIters=16 objFirst=905748.461407 objLast=2458210.465153 objGain=1552462.003746 maxRC=1861894.932712 wallSec=0.304224 pricingSec=0.286119 cplexSolveSec=0.012343
      [BB] 根节点即为整数解，obj=2458210.465153
