    [CG] 列生成开始，初始列数=310
    [CG] CG iter 1: obj=965156.793625, maxRC=1861933.468388, +30 cols
    [CG]   [DIAG] iter=1 posCols=30 newCols=30 effImprove=30 updated=0
    [CG] CG iter 2: obj=2215504.969801, maxRC=276125.940786, +19 cols
    [CG]   [DIAG] iter=2 posCols=19 newCols=19 effImprove=19 updated=0
    [CG] CG iter 3: obj=2309659.477288, maxRC=396655.934781, +25 cols
    [CG]   [DIAG] iter=3 posCols=25 newCols=25 effImprove=25 updated=0
    [CG] CG iter 4: obj=2376762.040448, maxRC=337357.012339, +23 cols
    [CG]   [DIAG] iter=4 posCols=23 newCols=23 effImprove=23 updated=0
    [CG] CG iter 5: obj=2442602.982107, maxRC=325857.415976, +22 cols
    [CG]   [DIAG] iter=5 posCols=22 newCols=22 effImprove=22 updated=0
    [CG] CG iter 6: obj=2484837.286400, maxRC=307442.959441, +19 cols
    [CG]   [DIAG] iter=6 posCols=19 newCols=19 effImprove=19 updated=0
    [CG] CG iter 7: obj=2504030.138698, maxRC=266000.468783, +19 cols
    [CG]   [DIAG] iter=7 posCols=19 newCols=19 effImprove=19 updated=0
    [CG] CG iter 8: obj=2504030.138698, maxRC=159043.571624, +9 cols
    [CG]   [DIAG] iter=8 posCols=9 newCols=9 effImprove=9 updated=0
    [CG] CG iter 9: obj=2504030.138698, maxRC=221627.362194, +10 cols
    [CG]   [DIAG] iter=9 posCols=10 newCols=10 effImprove=10 updated=0
    [CG] CG iter 10: obj=2504030.138698, maxRC=187744.370952, +15 cols
    [CG]   [DIAG] iter=10 posCols=15 newCols=15 effImprove=15 updated=0
    [CG] CG iter 11: obj=2505122.461774, maxRC=80697.078844, +10 cols
    [CG]   [DIAG] iter=11 posCols=10 newCols=10 effImprove=10 updated=0
    [CG] CG iter 12: obj=2505452.476038, maxRC=71375.554457, +12 cols
    [CG]   [DIAG] iter=12 posCols=12 newCols=12 effImprove=12 updated=0
    [CG] CG iter 13: obj=2508499.628646, maxRC=39534.595644, +11 cols
    [CG]   [DIAG] iter=13 posCols=11 newCols=11 effImprove=11 updated=0
    [CG] CG iter 14: obj=2510161.121430, maxRC=36674.477424, +8 cols
    [CG]   [DIAG] iter=14 posCols=8 newCols=8 effImprove=8 updated=0
    [CG] CG iter 15: obj=2515644.838660, maxRC=22361.513589, +8 cols
    [CG]   [DIAG] iter=15 posCols=8 newCols=8 effImprove=8 updated=0
    [CG] CG iter 16: obj=2517748.654474, maxRC=18645.888034, +7 cols
    [CG]   [DIAG] iter=16 posCols=7 newCols=7 effImprove=7 updated=0
    [CG] CG iter 17: obj=2526933.918069, maxRC=10864.202686, +3 cols
    [CG]   [DIAG] iter=17 posCols=3 newCols=3 effImprove=3 updated=0
    [CG] CG iter 18: obj=2526933.918069, maxRC=24002.468723, +6 cols
    [CG]   [DIAG] iter=18 posCols=6 newCols=6 effImprove=6 updated=0
    [CG] CG iter 19: obj=2530756.097966, maxRC=3164.452027, +3 cols
    [CG]   [DIAG] iter=19 posCols=3 newCols=3 effImprove=3 updated=0
    [CG] CG iter 20: obj=2531230.356653, maxRC=3762.755046, +2 cols
    [CG]   [DIAG] iter=20 posCols=2 newCols=2 effImprove=2 updated=0
    [CG] CG iter 21: obj=2531230.356653, maxRC=1318.455583, +1 cols
    [CG]   [DIAG] iter=21 posCols=1 newCols=1 effImprove=1 updated=0
    [CG] CG iter 22: obj=2531652.455101, maxRC=345.541747, +2 cols
    [CG]   [DIAG] iter=22 posCols=2 newCols=2 effImprove=2 updated=0
    [CG] 列生成收敛，共 23 轮迭代
    [CG] [CG-NODE] depth=0 exit=CERTIFIED certified=1 feasible=1 iters=23 generatedColsBeforeNode=0 newCols=264 posCandidates=264 duplicateCandidates=0 updatedCols=0 zeroObjImproveIters=6 objFirst=965156.793625 objLast=2531652.455101 objGain=1566495.661475 maxRC=1861933.468388 wallSec=0.252895 pricingSec=0.238589 cplexSolveSec=0.009191
      [BB] 分支定界开始，根节点LP obj=2531652.455101，最大节点数=10000
      [BB] 根节点启发式下界 LB=2299636.951241（上界=2531652.455101）
    [CG] [BB-DIAG] 分支 x_{dc=0,retailer=5}, 节点数=1
    [CG] 列生成开始，初始列数=538
    [CG] CG iter 24: obj=2531230.356653, maxRC=17121.440842, +14 cols
    [CG]   [DIAG] iter=24 posCols=14 newCols=14 effImprove=14 updated=0
    [CG] CG iter 25: obj=2531230.356653, maxRC=16919.754531, +4 cols
    [CG]   [DIAG] iter=25 posCols=4 newCols=4 effImprove=4 updated=0
    [CG] CG iter 26: obj=2531230.356653, maxRC=942.325702, +2 cols
    [CG]   [DIAG] iter=26 posCols=2 newCols=2 effImprove=2 updated=0
    [CG] CG iter 27: obj=2531230.356653, maxRC=693.904573, +2 cols
    [CG]   [DIAG] iter=27 posCols=2 newCols=2 effImprove=2 updated=0
    [CG] CG iter 28: obj=2531230.356653, maxRC=396.116267, +2 cols
    [CG]   [DIAG] iter=28 posCols=2 newCols=2 effImprove=2 updated=0
    [CG] 列生成收敛，共 29 轮迭代
    [CG] [CG-NODE] depth=1 exit=CERTIFIED certified=1 feasible=1 iters=6 generatedColsBeforeNode=264 newCols=24 posCandidates=24 duplicateCandidates=0 updatedCols=0 zeroObjImproveIters=5 objFirst=2531230.356653 objLast=2531230.356653 objGain=-0.000000 maxRC=17121.440842 wallSec=0.045583 pricingSec=0.040895 cplexSolveSec=0.003103
    [CG] 列生成开始，初始列数=520
    [CG] CG iter 30: obj=2515592.211780, maxRC=99356.843157, +20 cols
    [CG]   [DIAG] iter=30 posCols=20 newCols=20 effImprove=20 updated=0
    [CG] CG iter 31: obj=2515592.211780, maxRC=92755.074085, +8 cols
    [CG]   [DIAG] iter=31 posCols=8 newCols=8 effImprove=8 updated=0
    [CG] CG iter 32: obj=2515592.211780, maxRC=39873.896077, +6 cols
    [CG]   [DIAG] iter=32 posCols=6 newCols=6 effImprove=6 updated=0
    [CG] CG iter 33: obj=2515592.211780, maxRC=24763.768756, +6 cols
    [CG]   [DIAG] iter=33 posCols=6 newCols=6 effImprove=6 updated=0
    [CG] CG iter 34: obj=2515592.211780, maxRC=25551.907953, +5 cols
    [CG]   [DIAG] iter=34 posCols=5 newCols=5 effImprove=5 updated=0
    [CG] CG iter 35: obj=2515592.211780, maxRC=20066.745401, +4 cols
    [CG]   [DIAG] iter=35 posCols=4 newCols=4 effImprove=4 updated=0
    [CG] CG iter 36: obj=2515592.211780, maxRC=12871.201058, +4 cols
    [CG]   [DIAG] iter=36 posCols=4 newCols=4 effImprove=4 updated=0
    [CG] CG iter 37: obj=2515592.211780, maxRC=10552.238812, +4 cols
    [CG]   [DIAG] iter=37 posCols=4 newCols=4 effImprove=4 updated=0
    [CG] CG iter 38: obj=2515592.211780, maxRC=6559.112207, +3 cols
    [CG]   [DIAG] iter=38 posCols=3 newCols=3 effImprove=3 updated=0
    [CG] CG iter 39: obj=2522151.323987, maxRC=3698.860488, +4 cols
    [CG]   [DIAG] iter=39 posCols=4 newCols=4 effImprove=4 updated=0
    [CG] CG iter 40: obj=2522151.323987, maxRC=702.420568, +2 cols
    [CG]   [DIAG] iter=40 posCols=2 newCols=2 effImprove=2 updated=0
    [CG] CG iter 41: obj=2522151.323987, maxRC=497.754978, +1 cols
    [CG]   [DIAG] iter=41 posCols=1 newCols=1 effImprove=1 updated=0
    [CG] 列生成收敛，共 42 轮迭代
    [CG] [CG-NODE] depth=1 exit=CERTIFIED certified=1 feasible=1 iters=13 generatedColsBeforeNode=288 newCols=67 posCandidates=67 duplicateCandidates=0 updatedCols=0 zeroObjImproveIters=11 objFirst=2515592.211780 objLast=2522151.323987 objGain=6559.112207 maxRC=99356.843157 wallSec=0.039245 pricingSec=0.032125 cplexSolveSec=0.005226
    [CG] [BB-INCUMBENT] selection=2 node=1 previous=2299636.951241 value=2522151.323987 active=1
    [CG] [BB-NODESEL] strategy=hybrid choice=dfs eligibleCount=1 active=1 gap=0.003600
    [CG] [BB-INCUMBENT] selection=3 node=1 previous=2522151.323987 value=2531230.356653 active=0
      [BB] 分支定界结束：处理 3 节点，剪枝 0，剩余活跃 0，整数解 3，状态=OPTIMAL，最好可行 obj=2531230.356653，gap=0.000000
