    [CG] 列生成开始，初始列数=310
    [CG] CG iter 1: obj=944571.497787, maxRC=1316297.977678, +30 cols
    [CG]   [DIAG] iter=1 posCols=30 newCols=30 effImprove=30 updated=0
    [CG] CG iter 2: obj=1712826.815139, maxRC=330791.022931, +27 cols
    [CG]   [DIAG] iter=2 posCols=27 newCols=27 effImprove=27 updated=0
    [CG] CG iter 3: obj=1890870.847780, maxRC=359358.817714, +29 cols
    [CG]   [DIAG] iter=3 posCols=29 newCols=29 effImprove=29 updated=0
    [CG] CG iter 4: obj=1981478.366822, maxRC=253937.310425, +26 cols
    [CG]   [DIAG] iter=4 posCols=26 newCols=26 effImprove=26 updated=0
    [CG] CG iter 5: obj=2103611.313195, maxRC=206575.233804, +24 cols
    [CG]   [DIAG] iter=5 posCols=24 newCols=24 effImprove=24 updated=0
    [CG] CG iter 6: obj=2128004.116133, maxRC=131494.412695, +19 cols
    [CG]   [DIAG] iter=6 posCols=19 newCols=19 effImprove=19 updated=0
    [CG] CG iter 7: obj=2179787.147350, maxRC=106866.917655, +22 cols
    [CG]   [DIAG] iter=7 posCols=22 newCols=22 effImprove=22 updated=0
    [CG] CG iter 8: obj=2199914.389467, maxRC=85861.179493, +21 cols
    [CG]   [DIAG] iter=8 posCols=21 newCols=21 effImprove=21 updated=0
    [CG] CG iter 9: obj=2204277.591484, maxRC=61651.610346, +18 cols
    [CG]   [DIAG] iter=9 posCols=18 newCols=17 effImprove=18 updated=1
    [CG] CG iter 10: obj=2223613.925454, maxRC=33018.556453, +14 cols
    [CG]   [DIAG] iter=10 posCols=14 newCols=13 effImprove=14 updated=1
    [CG] CG iter 11: obj=2226748.602247, maxRC=18377.142806, +11 cols
    [CG]   [DIAG] iter=11 posCols=11 newCols=11 effImprove=11 updated=0
    [CG] CG iter 12: obj=2230205.106865, maxRC=14121.724505, +12 cols
    [CG]   [DIAG] iter=12 posCols=12 newCols=12 effImprove=12 updated=0
    [CG] CG iter 13: obj=2236454.442708, maxRC=5646.509673, +10 cols
    [CG]   [DIAG] iter=13 posCols=10 newCols=10 effImprove=10 updated=0
    [CG] CG iter 14: obj=2237641.701806, maxRC=2958.564470, +6 cols
    [CG]   [DIAG] iter=14 posCols=6 newCols=5 effImprove=6 updated=1
    [CG] CG iter 15: obj=2237641.701806, maxRC=321.668417, +2 cols
    [CG]   [DIAG] iter=15 posCols=2 newCols=2 effImprove=2 updated=0
    [CG] 列生成收敛，共 16 轮迭代
    [CG] [CG-NODE] depth=0 exit=CERTIFIED certified=1 feasible=1 iters=16 generatedColsBeforeNode=0 newCols=268 posCandidates=271 duplicateCandidates=3 updatedCols=3 zeroObjImproveIters=2 objFirst=944571.497787 objLast=2237641.701806 objGain=1293070.204020 maxRC=1316297.977678 wallSec=0.178831 pricingSec=0.166483 cplexSolveSec=0.007857
      [BB] 根节点即为整数解，obj=2237641.701806
