    [CG] 列生成开始，初始列数=310
    [CG] CG iter 1: obj=916485.080825, maxRC=1913544.403319, +30 cols
    [CG]   [DIAG] iter=1 posCols=30 newCols=30 effImprove=30 updated=0
    [CG] CG iter 2: obj=2182577.117873, maxRC=444062.628940, +19 cols
    [CG]   [DIAG] iter=2 posCols=19 newCols=19 effImprove=19 updated=0
    [CG] CG iter 3: obj=2262550.805515, maxRC=172219.119054, +25 cols
    [CG]   [DIAG] iter=3 posCols=25 newCols=25 effImprove=25 updated=0
    [CG] CG iter 4: obj=2295444.061836, maxRC=213291.691099, +20 cols
    [CG]   [DIAG] iter=4 posCols=20 newCols=20 effImprove=20 updated=0
    [CG] CG iter 5: obj=2312639.868646, maxRC=137496.088470, +19 cols
    [CG]   [DIAG] iter=5 posCols=19 newCols=19 effImprove=19 updated=0
    [CG] CG iter 6: obj=2385217.477099, maxRC=70886.896662, +15 cols
    [CG]   [DIAG] iter=6 posCols=15 newCols=15 effImprove=15 updated=0
    [CG] CG iter 7: obj=2385217.477099, maxRC=52508.658450, +12 cols
    [CG]   [DIAG] iter=7 posCols=12 newCols=12 effImprove=12 updated=0
    [CG] CG iter 8: obj=2385217.477099, maxRC=36870.560001, +7 cols
    [CG]   [DIAG] iter=8 posCols=7 newCols=7 effImprove=7 updated=0
    [CG] CG iter 9: obj=2411751.350257, maxRC=16259.380443, +7 cols
    [CG]   [DIAG] iter=9 posCols=7 newCols=7 effImprove=7 updated=0
    [CG] CG iter 10: obj=2413727.846866, maxRC=21243.040851, +5 cols
    [CG]   [DIAG] iter=10 posCols=5 newCols=5 effImprove=5 updated=0
    [CG] CG iter 11: obj=2413727.846866, maxRC=4717.650831, +4 cols
    [CG]   [DIAG] iter=11 posCols=4 newCols=4 effImprove=4 updated=0
    [CG] CG iter 12: obj=2413727.846866, maxRC=5692.026715, +4 cols
    [CG]   [DIAG] iter=12 posCols=4 newCols=4 effImprove=4 updated=0
    [CG] CG iter 13: obj=2413727.846866, maxRC=4340.303741, +2 cols
    [CG]   [DIAG] iter=13 posCols=2 newCols=1 effImprove=2 updated=1
    [CG] 列生成收敛，共 14 轮迭代
    [CG] [CG-NODE] depth=0 exit=CERTIFIED certified=1 feasible=1 iters=14 generatedColsBeforeNode=0 newCols=168 posCandidates=169 duplicateCandidates=1 updatedCols=1 zeroObjImproveIters=5 objFirst=916485.080825 objLast=2418068.150607 objGain=1501583.069782 maxRC=1913544.403319 wallSec=0.202142 pricingSec=0.174390 cplexSolveSec=0.006055
      [BB] 根节点即为整数解，obj=2418068.150607
