    [CG] 列生成开始，初始列数=310
    [CG] CG iter 1: obj=942399.600697, maxRC=1905636.475322, +30 cols
    [CG]   [DIAG] iter=1 posCols=30 newCols=30 effImprove=30 updated=0
    [CG] CG iter 2: obj=2215520.798658, maxRC=296205.157608, +17 cols
    [CG]   [DIAG] iter=2 posCols=17 newCols=17 effImprove=17 updated=0
    [CG] CG iter 3: obj=2314487.894103, maxRC=392467.319813, +23 cols
    [CG]   [DIAG] iter=3 posCols=23 newCols=23 effImprove=23 updated=0
    [CG] CG iter 4: obj=2361996.982258, maxRC=406189.290245, +22 cols
    [CG]   [DIAG] iter=4 posCols=22 newCols=22 effImprove=22 updated=0
    [CG] CG iter 5: obj=2377702.944773, maxRC=319390.758486, +20 cols
    [CG]   [DIAG] iter=5 posCols=20 newCols=20 effImprove=20 updated=0
    [CG] CG iter 6: obj=2478653.491482, maxRC=326882.965418, +18 cols
    [CG]   [DIAG] iter=6 posCols=18 newCols=18 effImprove=18 updated=0
    [CG] CG iter 7: obj=2478653.491482, maxRC=229069.080602, +12 cols
    [CG]   [DIAG] iter=7 posCols=12 newCols=11 effImprove=12 updated=1
    [CG] CG iter 8: obj=2484279.673127, maxRC=193207.559381, +11 cols
    [CG]   [DIAG] iter=8 posCols=11 newCols=11 effImprove=11 updated=0
    [CG] CG iter 9: obj=2488127.692024, maxRC=162140.871639, +11 cols
    [CG]   [DIAG] iter=9 posCols=11 newCols=11 effImprove=11 updated=0
    [CG] CG iter 10: obj=2498361.656067, maxRC=87037.559404, +13 cols
    [CG]   [DIAG] iter=10 posCols=13 newCols=13 effImprove=13 updated=0
    [CG] CG iter 11: obj=2503064.583388, maxRC=73196.201394, +10 cols
    [CG]   [DIAG] iter=11 posCols=10 newCols=10 effImprove=10 updated=0
    [CG] CG iter 12: obj=2516214.375384, maxRC=52455.160299, +11 cols
    [CG]   [DIAG] iter=12 posCols=11 newCols=11 effImprove=11 updated=0
    [CG] CG iter 13: obj=2517394.176963, maxRC=38445.387342, +9 cols
    [CG]   [DIAG] iter=13 posCols=9 newCols=9 effImprove=9 updated=0
    [CG] CG iter 14: obj=2521072.346954, maxRC=21508.265077, +6 cols
    [CG]   [DIAG] iter=14 posCols=6 newCols=6 effImprove=6 updated=0
    [CG] CG iter 15: obj=2528241.768646, maxRC=22423.549138, +4 cols
    [CG]   [DIAG] iter=15 posCols=4 newCols=4 effImprove=4 updated=0
    [CG] CG iter 16: obj=2531870.868373, maxRC=12258.835721, +5 cols
    [CG]   [DIAG] iter=16 posCols=5 newCols=5 effImprove=5 updated=0
    [CG] CG iter 17: obj=2538000.286233, maxRC=13927.178394, +3 cols
    [CG]   [DIAG] iter=17 posCols=3 newCols=3 effImprove=3 updated=0
    [CG] CG iter 18: obj=2538000.286233, maxRC=9843.707368, +4 cols
    [CG]   [DIAG] iter=18 posCols=4 newCols=4 effImprove=4 updated=0
    [CG] CG iter 19: obj=2538000.286233, maxRC=5883.561287, +2 cols
    [CG]   [DIAG] iter=19 posCols=2 newCols=2 effImprove=2 updated=0
    [CG] CG iter 20: obj=2538000.286233, maxRC=1014.463122, +2 cols
    [CG]   [DIAG] iter=20 posCols=2 newCols=2 effImprove=2 updated=0
    [CG] CG iter 21: obj=2538000.286233, maxRC=1534.114724, +2 cols
    [CG]   [DIAG] iter=21 posCols=2 newCols=2 effImprove=2 updated=0
    [CG] CG iter 22: obj=2538000.286233, maxRC=355.368086, +1 cols
    [CG]   [DIAG] iter=22 posCols=1 newCols=1 effImprove=1 updated=0
    [CG] CG iter 23: obj=2538000.286233, maxRC=279.131911, +1 cols
    [CG]   [DIAG] iter=23 posCols=1 newCols=1 effImprove=1 updated=0
    [CG] 列生成收敛，共 24 轮迭代
    [CG] [CG-NODE] depth=0 exit=CERTIFIED certified=1 feasible=1 iters=24 generatedColsBeforeNode=0 newCols=236 posCandidates=237 duplicateCandidates=1 updatedCols=1 zeroObjImproveIters=8 objFirst=942399.600697 objLast=2538000.286233 objGain=1595600.685536 maxRC=1905636.475322 wallSec=0.268490 pricingSec=0.231804 cplexSolveSec=0.009643
      [BB] 分支定界开始，根节点LP obj=2538000.286233，最大节点数=10000
      [BB] 根节点启发式下界 LB=2461106.552076（上界=2538000.286233）
    [CG] [BB-DIAG] 分支 x_{dc=0,retailer=5}, 节点数=1
    [CG] 列生成开始，初始列数=511
    [CG] CG iter 25: obj=2524858.325586, maxRC=73917.225101, +15 cols
    [CG]   [DIAG] iter=25 posCols=15 newCols=14 effImprove=15 updated=1
    [CG] CG iter 26: obj=2524858.325586, maxRC=26626.048858, +8 cols
    [CG]   [DIAG] iter=26 posCols=8 newCols=8 effImprove=8 updated=0
    [CG] CG iter 27: obj=2524858.325586, maxRC=27691.066662, +6 cols
    [CG]   [DIAG] iter=27 posCols=6 newCols=6 effImprove=6 updated=0
    [CG] CG iter 28: obj=2528971.721766, maxRC=10215.474123, +5 cols
    [CG]   [DIAG] iter=28 posCols=5 newCols=5 effImprove=5 updated=0
    [CG] CG iter 29: obj=2536264.177369, maxRC=15377.130490, +4 cols
    [CG]   [DIAG] iter=29 posCols=4 newCols=4 effImprove=4 updated=0
    [CG] CG iter 30: obj=2536264.177369, maxRC=9045.507212, +2 cols
    [CG]   [DIAG] iter=30 posCols=2 newCols=2 effImprove=2 updated=0
    [CG] CG iter 31: obj=2537181.041705, maxRC=1450.568346, +1 cols
    [CG]   [DIAG] iter=31 posCols=1 newCols=1 effImprove=1 updated=0
    [CG] CG iter 32: obj=2537181.041705, maxRC=2548.521132, +1 cols
    [CG]   [DIAG] iter=32 posCols=1 newCols=1 effImprove=1 updated=0
    [CG] CG iter 33: obj=2537181.041705, maxRC=2043.902584, +1 cols
    [CG]   [DIAG] iter=33 posCols=1 newCols=1 effImprove=1 updated=0
    [CG] CG iter 34: obj=2537181.041705, maxRC=846.670494, +1 cols
    [CG]   [DIAG] iter=34 posCols=1 newCols=1 effImprove=1 updated=0
    [CG] CG iter 35: obj=2537181.041705, maxRC=928.956638, +1 cols
    [CG]   [DIAG] iter=35 posCols=1 newCols=1 effImprove=1 updated=0
    [CG] CG iter 36: obj=2537181.041705, maxRC=715.297013, +1 cols
    [CG]   [DIAG] iter=36 posCols=1 newCols=1 effImprove=1 updated=0
    [CG] CG iter 37: obj=2537181.041705, maxRC=451.870880, +1 cols
    [CG]   [DIAG] iter=37 posCols=1 newCols=1 effImprove=1 updated=0
    [CG] CG iter 38: obj=2537181.041705, maxRC=307.266858, +1 cols
    [CG]   [DIAG] iter=38 posCols=1 newCols=1 effImprove=1 updated=0
    [CG] CG iter 39: obj=2537181.041705, maxRC=167.977125, +1 cols
    [CG]   [DIAG] iter=39 posCols=1 newCols=1 effImprove=1 updated=0
    [CG] 列生成收敛，共 40 轮迭代
    [CG] [CG-NODE] depth=1 exit=CERTIFIED certified=1 feasible=1 iters=16 generatedColsBeforeNode=236 newCols=48 posCandidates=49 duplicateCandidates=1 updatedCols=1 zeroObjImproveIters=12 objFirst=2524858.325586 objLast=2537181.041705 objGain=12322.716120 maxRC=73917.225101 wallSec=0.091786 pricingSec=0.085201 cplexSolveSec=0.004742
    [CG] 列生成开始，初始列数=500
    [CG] CG iter 41: obj=2522946.288515, maxRC=148606.108866, +15 cols
    [CG]   [DIAG] iter=41 posCols=15 newCols=15 effImprove=15 updated=0
    [CG] CG iter 42: obj=2522946.288515, maxRC=123971.323130, +12 cols
    [CG]   [DIAG] iter=42 posCols=12 newCols=12 effImprove=12 updated=0
    [CG] CG iter 43: obj=2522946.288515, maxRC=64047.088422, +6 cols
    [CG]   [DIAG] iter=43 posCols=6 newCols=6 effImprove=6 updated=0
    [CG] CG iter 44: obj=2522946.288515, maxRC=72557.489179, +8 cols
    [CG]   [DIAG] iter=44 posCols=8 newCols=8 effImprove=8 updated=0
    [CG] CG iter 45: obj=2522946.288515, maxRC=41036.609060, +6 cols
    [CG]   [DIAG] iter=45 posCols=6 newCols=6 effImprove=6 updated=0
    [CG] CG iter 46: obj=2522946.288515, maxRC=40017.488545, +6 cols
    [CG]   [DIAG] iter=46 posCols=6 newCols=6 effImprove=6 updated=0
    [CG] CG iter 47: obj=2522946.288515, maxRC=18841.003980, +4 cols
    [CG]   [DIAG] iter=47 posCols=4 newCols=4 effImprove=4 updated=0
    [CG] CG iter 48: obj=2522946.288515, maxRC=21476.406229, +4 cols
    [CG]   [DIAG] iter=48 posCols=4 newCols=4 effImprove=4 updated=0
    [CG] CG iter 49: obj=2522946.288515, maxRC=14220.390590, +4 cols
    [CG]   [DIAG] iter=49 posCols=4 newCols=4 effImprove=4 updated=0
    [CG] CG iter 50: obj=2522946.288515, maxRC=9427.219977, +4 cols
    [CG]   [DIAG] iter=50 posCols=4 newCols=4 effImprove=4 updated=0
    [CG] CG iter 51: obj=2522946.288515, maxRC=6436.575938, +3 cols
    [CG]   [DIAG] iter=51 posCols=3 newCols=3 effImprove=3 updated=0
    [CG] CG iter 52: obj=2522995.682435, maxRC=6628.398785, +4 cols
    [CG]   [DIAG] iter=52 posCols=4 newCols=4 effImprove=4 updated=0
    [CG] CG iter 53: obj=2522995.682435, maxRC=5900.618764, +3 cols
    [CG]   [DIAG] iter=53 posCols=3 newCols=3 effImprove=3 updated=0
    [CG] CG iter 54: obj=2528896.301198, maxRC=1056.781636, +3 cols
    [CG]   [DIAG] iter=54 posCols=3 newCols=3 effImprove=3 updated=0
    [CG] 列生成收敛，共 55 轮迭代
    [CG] [CG-NODE] depth=1 exit=CERTIFIED certified=1 feasible=1 iters=15 generatedColsBeforeNode=284 newCols=82 posCandidates=82 duplicateCandidates=0 updatedCols=0 zeroObjImproveIters=12 objFirst=2522946.288515 objLast=2528896.301198 objGain=5950.012683 maxRC=148606.108866 wallSec=0.044170 pricingSec=0.036179 cplexSolveSec=0.005929
    [CG] [BB-INCUMBENT] selection=2 node=1 previous=2461106.552076 value=2528896.301198 active=1
    [CG] [BB-NODESEL] strategy=hybrid choice=dfs eligibleCount=1 active=1 gap=0.003276
    [CG] [BB-INCUMBENT] selection=3 node=1 previous=2528896.301198 value=2537181.041705 active=0
      [BB] 分支定界结束：处理 3 节点，剪枝 0，剩余活跃 0，整数解 3，状态=OPTIMAL，最好可行 obj=2537181.041705，gap=0.000000
