    [CG] 列生成开始，初始列数=310
    [CG] CG iter 1: obj=943577.235886, maxRC=1912097.264578, +30 cols
    [CG]   [DIAG] iter=1 posCols=30 newCols=30 effImprove=30 updated=0
    [CG] CG iter 2: obj=2223234.866460, maxRC=267138.680612, +17 cols
    [CG]   [DIAG] iter=2 posCols=17 newCols=17 effImprove=17 updated=0
    [CG] CG iter 3: obj=2304657.575339, maxRC=352800.699269, +22 cols
    [CG]   [DIAG] iter=3 posCols=22 newCols=22 effImprove=22 updated=0
    [CG] CG iter 4: obj=2420900.300914, maxRC=307787.063859, +18 cols
    [CG]   [DIAG] iter=4 posCols=18 newCols=18 effImprove=18 updated=0
    [CG] CG iter 5: obj=2442092.510974, maxRC=223721.386095, +11 cols
    [CG]   [DIAG] iter=5 posCols=11 newCols=11 effImprove=11 updated=0
    [CG] CG iter 6: obj=2454225.814108, maxRC=305093.832438, +15 cols
    [CG]   [DIAG] iter=6 posCols=15 newCols=15 effImprove=15 updated=0
    [CG] CG iter 7: obj=2454225.814108, maxRC=272027.706970, +13 cols
    [CG]   [DIAG] iter=7 posCols=13 newCols=13 effImprove=13 updated=0
    [CG] CG iter 8: obj=2470272.445157, maxRC=194017.242841, +13 cols
    [CG]   [DIAG] iter=8 posCols=13 newCols=13 effImprove=13 updated=0
    [CG] CG iter 9: obj=2505917.916466, maxRC=84912.968620, +11 cols
    [CG]   [DIAG] iter=9 posCols=11 newCols=11 effImprove=11 updated=0
    [CG] CG iter 10: obj=2514088.168310, maxRC=100480.920147, +10 cols
    [CG]   [DIAG] iter=10 posCols=10 newCols=10 effImprove=10 updated=0
    [CG] CG iter 11: obj=2514088.168310, maxRC=80978.968889, +11 cols
    [CG]   [DIAG] iter=11 posCols=11 newCols=11 effImprove=11 updated=0
    [CG] CG iter 12: obj=2514088.168310, maxRC=70148.218394, +7 cols
    [CG]   [DIAG] iter=12 posCols=7 newCols=7 effImprove=7 updated=0
    [CG] CG iter 13: obj=2524177.246985, maxRC=36834.668447, +13 cols
    [CG]   [DIAG] iter=13 posCols=13 newCols=13 effImprove=13 updated=0
    [CG] CG iter 14: obj=2526399.370115, maxRC=28519.729691, +9 cols
    [CG]   [DIAG] iter=14 posCols=9 newCols=9 effImprove=9 updated=0
    [CG] CG iter 15: obj=2532659.691278, maxRC=35975.401772, +12 cols
    [CG]   [DIAG] iter=15 posCols=12 newCols=11 effImprove=12 updated=1
    [CG] CG iter 16: obj=2537333.980558, maxRC=9201.519921, +5 cols
    [CG]   [DIAG] iter=16 posCols=5 newCols=5 effImprove=5 updated=0
    [CG] CG iter 17: obj=2542831.069075, maxRC=15816.734532, +3 cols
    [CG]   [DIAG] iter=17 posCols=3 newCols=3 effImprove=3 updated=0
    [CG] CG iter 18: obj=2542831.069075, maxRC=9228.400584, +4 cols
    [CG]   [DIAG] iter=18 posCols=4 newCols=4 effImprove=4 updated=0
    [CG] CG iter 19: obj=2542831.069075, maxRC=1179.486980, +3 cols
    [CG]   [DIAG] iter=19 posCols=3 newCols=3 effImprove=3 updated=0
    [CG] CG iter 20: obj=2543232.417290, maxRC=407.504640, +2 cols
    [CG]   [DIAG] iter=20 posCols=2 newCols=2 effImprove=2 updated=0
    [CG] 列生成收敛，共 21 轮迭代
    [CG] [CG-NODE] depth=0 exit=CERTIFIED certified=1 feasible=1 iters=21 generatedColsBeforeNode=0 newCols=228 posCandidates=229 duplicateCandidates=1 updatedCols=1 zeroObjImproveIters=6 objFirst=943577.235886 objLast=2543232.417290 objGain=1599655.181405 maxRC=1912097.264578 wallSec=0.218761 pricingSec=0.205993 cplexSolveSec=0.008117
      [BB] 分支定界开始，根节点LP obj=2543232.417290，最大节点数=10000
      [BB] 根节点启发式下界 LB=2306090.348177（上界=2543232.417290）
    [CG] [BB-DIAG] 分支 x_{dc=0,retailer=5}, 节点数=1
    [CG] 列生成开始，初始列数=514
    [CG] CG iter 22: obj=2531024.459881, maxRC=134773.625123, +15 cols
    [CG]   [DIAG] iter=22 posCols=15 newCols=15 effImprove=15 updated=0
    [CG] CG iter 23: obj=2531024.459881, maxRC=43781.263635, +8 cols
    [CG]   [DIAG] iter=23 posCols=8 newCols=8 effImprove=8 updated=0
    [CG] CG iter 24: obj=2531024.459881, maxRC=14233.865401, +4 cols
    [CG]   [DIAG] iter=24 posCols=4 newCols=4 effImprove=4 updated=0
    [CG] CG iter 25: obj=2541663.017847, maxRC=1377.993530, +2 cols
    [CG]   [DIAG] iter=25 posCols=2 newCols=2 effImprove=2 updated=0
    [CG] CG iter 26: obj=2541663.017847, maxRC=1313.700832, +2 cols
    [CG]   [DIAG] iter=26 posCols=2 newCols=2 effImprove=2 updated=0
    [CG] CG iter 27: obj=2542976.718679, maxRC=360.960972, +1 cols
    [CG]   [DIAG] iter=27 posCols=1 newCols=1 effImprove=1 updated=0
    [CG] CG iter 28: obj=2542976.718679, maxRC=318.196325, +1 cols
    [CG]   [DIAG] iter=28 posCols=1 newCols=1 effImprove=1 updated=0
    [CG] CG iter 29: obj=2542976.718679, maxRC=179.446616, +1 cols
    [CG]   [DIAG] iter=29 posCols=1 newCols=1 effImprove=1 updated=0
    [CG] 列生成收敛，共 30 轮迭代
    [CG] [CG-NODE] depth=1 exit=CERTIFIED certified=1 feasible=1 iters=9 generatedColsBeforeNode=228 newCols=34 posCandidates=34 duplicateCandidates=0 updatedCols=0 zeroObjImproveIters=6 objFirst=2531024.459881 objLast=2542976.718679 objGain=11952.258798 maxRC=134773.625123 wallSec=0.053458 pricingSec=0.048493 cplexSolveSec=0.003462
    [CG] 列生成开始，初始列数=478
    [CG] CG iter 31: obj=2490721.117180, maxRC=158107.345466, +20 cols
    [CG]   [DIAG] iter=31 posCols=20 newCols=20 effImprove=20 updated=0
    [CG] CG iter 32: obj=2527427.792575, maxRC=58545.002569, +12 cols
    [CG]   [DIAG] iter=32 posCols=12 newCols=11 effImprove=12 updated=1
    [CG] CG iter 33: obj=2527427.792575, maxRC=32078.277921, +8 cols
    [CG]   [DIAG] iter=33 posCols=8 newCols=8 effImprove=8 updated=0
    [CG] CG iter 34: obj=2527427.792575, maxRC=36577.368965, +7 cols
    [CG]   [DIAG] iter=34 posCols=7 newCols=7 effImprove=7 updated=0
    [CG] CG iter 35: obj=2527427.792575, maxRC=29841.754107, +7 cols
    [CG]   [DIAG] iter=35 posCols=7 newCols=7 effImprove=7 updated=0
    [CG] CG iter 36: obj=2527427.792575, maxRC=14244.313443, +4 cols
    [CG]   [DIAG] iter=36 posCols=4 newCols=4 effImprove=4 updated=0
    [CG] CG iter 37: obj=2527427.792575, maxRC=13044.204758, +5 cols
    [CG]   [DIAG] iter=37 posCols=5 newCols=5 effImprove=5 updated=0
    [CG] CG iter 38: obj=2527427.792575, maxRC=12912.161173, +4 cols
    [CG]   [DIAG] iter=38 posCols=4 newCols=4 effImprove=4 updated=0
    [CG] CG iter 39: obj=2527427.792575, maxRC=8232.277691, +4 cols
    [CG]   [DIAG] iter=39 posCols=4 newCols=4 effImprove=4 updated=0
    [CG] CG iter 40: obj=2527427.792575, maxRC=6247.004121, +3 cols
    [CG]   [DIAG] iter=40 posCols=3 newCols=3 effImprove=3 updated=0
    [CG] CG iter 41: obj=2527427.792575, maxRC=6785.213287, +4 cols
    [CG]   [DIAG] iter=41 posCols=4 newCols=4 effImprove=4 updated=0
    [CG] CG iter 42: obj=2527427.792575, maxRC=6205.883986, +2 cols
    [CG]   [DIAG] iter=42 posCols=2 newCols=2 effImprove=2 updated=0
    [CG] CG iter 43: obj=2527427.792575, maxRC=6135.199443, +2 cols
    [CG]   [DIAG] iter=43 posCols=2 newCols=2 effImprove=2 updated=0
    [CG] CG iter 44: obj=2533562.992017, maxRC=2187.301632, +2 cols
    [CG]   [DIAG] iter=44 posCols=2 newCols=2 effImprove=2 updated=0
    [CG] 列生成收敛，共 45 轮迭代
    [CG] [CG-NODE] depth=1 exit=CERTIFIED certified=1 feasible=1 iters=15 generatedColsBeforeNode=262 newCols=83 posCandidates=84 duplicateCandidates=1 updatedCols=1 zeroObjImproveIters=12 objFirst=2490721.117180 objLast=2533562.992017 objGain=42841.874838 maxRC=158107.345466 wallSec=0.051428 pricingSec=0.043556 cplexSolveSec=0.005828
    [CG] [BB-INCUMBENT] selection=2 node=1 previous=2306090.348177 value=2533562.992017 active=1
    [CG] [BB-NODESEL] strategy=hybrid choice=dfs eligibleCount=1 active=1 gap=0.003716
    [CG] [BB-INCUMBENT] selection=3 node=1 previous=2533562.992017 value=2542976.718679 active=0
      [BB] 分支定界结束：处理 3 节点，剪枝 0，剩余活跃 0，整数解 3，状态=OPTIMAL，最好可行 obj=2542976.718679，gap=0.000000
