    [CG] 列生成开始，初始列数=310
    [CG] CG iter 1: obj=942160.451251, maxRC=1904723.336627, +30 cols
    [CG]   [DIAG] iter=1 posCols=30 newCols=30 effImprove=30 updated=0
    [CG] CG iter 2: obj=2216168.618861, maxRC=259871.073247, +16 cols
    [CG]   [DIAG] iter=2 posCols=16 newCols=16 effImprove=16 updated=0
    [CG] CG iter 3: obj=2283370.565053, maxRC=421085.402130, +23 cols
    [CG]   [DIAG] iter=3 posCols=23 newCols=23 effImprove=23 updated=0
    [CG] CG iter 4: obj=2370410.902352, maxRC=280851.387759, +19 cols
    [CG]   [DIAG] iter=4 posCols=19 newCols=19 effImprove=19 updated=0
    [CG] CG iter 5: obj=2408663.144115, maxRC=293527.517700, +14 cols
    [CG]   [DIAG] iter=5 posCols=14 newCols=14 effImprove=14 updated=0
    [CG] CG iter 6: obj=2413142.439926, maxRC=138816.769490, +14 cols
    [CG]   [DIAG] iter=6 posCols=14 newCols=14 effImprove=14 updated=0
    [CG] CG iter 7: obj=2433203.130496, maxRC=208371.129292, +14 cols
    [CG]   [DIAG] iter=7 posCols=14 newCols=13 effImprove=14 updated=1
    [CG] CG iter 8: obj=2483080.876847, maxRC=200476.679579, +14 cols
    [CG]   [DIAG] iter=8 posCols=14 newCols=14 effImprove=14 updated=0
    [CG] CG iter 9: obj=2483080.876847, maxRC=137727.796307, +10 cols
    [CG]   [DIAG] iter=9 posCols=10 newCols=10 effImprove=10 updated=0
    [CG] CG iter 10: obj=2486868.273932, maxRC=78430.119401, +11 cols
    [CG]   [DIAG] iter=10 posCols=11 newCols=11 effImprove=11 updated=0
    [CG] CG iter 11: obj=2487151.758388, maxRC=55465.266167, +8 cols
    [CG]   [DIAG] iter=11 posCols=8 newCols=8 effImprove=8 updated=0
    [CG] CG iter 12: obj=2496574.571728, maxRC=78145.800484, +8 cols
    [CG]   [DIAG] iter=12 posCols=8 newCols=8 effImprove=8 updated=0
    [CG] CG iter 13: obj=2502655.908214, maxRC=28805.306692, +7 cols
    [CG]   [DIAG] iter=13 posCols=7 newCols=7 effImprove=7 updated=0
    [CG] CG iter 14: obj=2517408.144440, maxRC=33187.086275, +9 cols
    [CG]   [DIAG] iter=14 posCols=9 newCols=9 effImprove=9 updated=0
    [CG] CG iter 15: obj=2520850.548562, maxRC=14173.986205, +4 cols
    [CG]   [DIAG] iter=15 posCols=4 newCols=4 effImprove=4 updated=0
    [CG] CG iter 16: obj=2525252.155835, maxRC=11385.680577, +3 cols
    [CG]   [DIAG] iter=16 posCols=3 newCols=3 effImprove=3 updated=0
    [CG] CG iter 17: obj=2530690.041864, maxRC=17940.509615, +8 cols
    [CG]   [DIAG] iter=17 posCols=8 newCols=8 effImprove=8 updated=0
    [CG] CG iter 18: obj=2530690.041864, maxRC=7937.048551, +4 cols
    [CG]   [DIAG] iter=18 posCols=4 newCols=4 effImprove=4 updated=0
    [CG] CG iter 19: obj=2531148.027304, maxRC=1729.110822, +2 cols
    [CG]   [DIAG] iter=19 posCols=2 newCols=2 effImprove=2 updated=0
    [CG] CG iter 20: obj=2531554.597275, maxRC=365.050983, +2 cols
    [CG]   [DIAG] iter=20 posCols=2 newCols=2 effImprove=2 updated=0
    [CG] CG iter 21: obj=2531554.597275, maxRC=234.335766, +1 cols
    [CG]   [DIAG] iter=21 posCols=1 newCols=1 effImprove=1 updated=0
    [CG] 列生成收敛，共 22 轮迭代
    [CG] [CG-NODE] depth=0 exit=CERTIFIED certified=1 feasible=1 iters=22 generatedColsBeforeNode=0 newCols=220 posCandidates=221 duplicateCandidates=1 updatedCols=1 zeroObjImproveIters=4 objFirst=942160.451251 objLast=2531554.597275 objGain=1589394.146024 maxRC=1904723.336627 wallSec=0.215190 pricingSec=0.201771 cplexSolveSec=0.008624
      [BB] 分支定界开始，根节点LP obj=2531554.597275，最大节点数=10000
      [BB] 根节点启发式下界 LB=2299547.088109（上界=2531554.597275）
    [CG] [BB-DIAG] 分支 x_{dc=0,retailer=5}, 节点数=1
    [CG] 列生成开始，初始列数=501
    [CG] CG iter 23: obj=2531148.027304, maxRC=98492.552071, +13 cols
    [CG]   [DIAG] iter=23 posCols=13 newCols=13 effImprove=13 updated=0
    [CG] CG iter 24: obj=2531148.027304, maxRC=60772.794462, +11 cols
    [CG]   [DIAG] iter=24 posCols=11 newCols=11 effImprove=11 updated=0
    [CG] CG iter 25: obj=2531148.027304, maxRC=43069.330189, +9 cols
    [CG]   [DIAG] iter=25 posCols=9 newCols=9 effImprove=9 updated=0
    [CG] CG iter 26: obj=2531148.027304, maxRC=10919.336754, +8 cols
    [CG]   [DIAG] iter=26 posCols=8 newCols=8 effImprove=8 updated=0
    [CG] CG iter 27: obj=2531148.027304, maxRC=9569.362147, +5 cols
    [CG]   [DIAG] iter=27 posCols=5 newCols=5 effImprove=5 updated=0
    [CG] CG iter 28: obj=2531148.027304, maxRC=8536.849465, +3 cols
    [CG]   [DIAG] iter=28 posCols=3 newCols=3 effImprove=3 updated=0
    [CG] CG iter 29: obj=2531148.027304, maxRC=8082.421928, +1 cols
    [CG]   [DIAG] iter=29 posCols=1 newCols=1 effImprove=1 updated=0
    [CG] CG iter 30: obj=2531148.027304, maxRC=7362.291094, +2 cols
    [CG]   [DIAG] iter=30 posCols=2 newCols=2 effImprove=2 updated=0
    [CG] CG iter 31: obj=2531148.027304, maxRC=6936.972733, +1 cols
    [CG]   [DIAG] iter=31 posCols=1 newCols=1 effImprove=1 updated=0
    [CG] CG iter 32: obj=2531148.027304, maxRC=1444.629712, +2 cols
    [CG]   [DIAG] iter=32 posCols=2 newCols=2 effImprove=2 updated=0
    [CG] 列生成收敛，共 33 轮迭代
    [CG] [CG-NODE] depth=1 exit=CERTIFIED certified=1 feasible=1 iters=11 generatedColsBeforeNode=220 newCols=55 posCandidates=55 duplicateCandidates=0 updatedCols=0 zeroObjImproveIters=10 objFirst=2531148.027304 objLast=2531148.027304 objGain=0.000000 maxRC=98492.552071 wallSec=0.067419 pricingSec=0.061511 cplexSolveSec=0.004162
    [CG] 列生成开始，初始列数=476
    [CG] CG iter 34: obj=2515215.544519, maxRC=138756.802927, +17 cols
    [CG]   [DIAG] iter=34 posCols=17 newCols=17 effImprove=17 updated=0
    [CG] CG iter 35: obj=2515215.544519, maxRC=108653.029895, +9 cols
    [CG]   [DIAG] iter=35 posCols=9 newCols=9 effImprove=9 updated=0
    [CG] CG iter 36: obj=2515215.544519, maxRC=36177.105772, +6 cols
    [CG]   [DIAG] iter=36 posCols=6 newCols=6 effImprove=6 updated=0
    [CG] CG iter 37: obj=2515215.544519, maxRC=42892.852694, +6 cols
    [CG]   [DIAG] iter=37 posCols=6 newCols=6 effImprove=6 updated=0
    [CG] CG iter 38: obj=2515215.544519, maxRC=24275.659717, +4 cols
    [CG]   [DIAG] iter=38 posCols=4 newCols=4 effImprove=4 updated=0
    [CG] CG iter 39: obj=2515215.544519, maxRC=20770.361649, +4 cols
    [CG]   [DIAG] iter=39 posCols=4 newCols=4 effImprove=4 updated=0
    [CG] CG iter 40: obj=2515215.544519, maxRC=7388.213560, +4 cols
    [CG]   [DIAG] iter=40 posCols=4 newCols=4 effImprove=4 updated=0
    [CG] CG iter 41: obj=2522037.749111, maxRC=11663.488607, +4 cols
    [CG]   [DIAG] iter=41 posCols=4 newCols=4 effImprove=4 updated=0
    [CG] CG iter 42: obj=2522037.749111, maxRC=7329.183333, +3 cols
    [CG]   [DIAG] iter=42 posCols=3 newCols=3 effImprove=3 updated=0
    [CG] CG iter 43: obj=2522037.749111, maxRC=2206.696179, +3 cols
    [CG]   [DIAG] iter=43 posCols=3 newCols=3 effImprove=3 updated=0
    [CG] CG iter 44: obj=2522037.749111, maxRC=342.629449, +1 cols
    [CG]   [DIAG] iter=44 posCols=1 newCols=1 effImprove=1 updated=0
    [CG] 列生成收敛，共 45 轮迭代
    [CG] [CG-NODE] depth=1 exit=CERTIFIED certified=1 feasible=1 iters=12 generatedColsBeforeNode=275 newCols=61 posCandidates=61 duplicateCandidates=0 updatedCols=0 zeroObjImproveIters=10 objFirst=2515215.544519 objLast=2522037.749111 objGain=6822.204592 maxRC=138756.802927 wallSec=0.034263 pricingSec=0.028411 cplexSolveSec=0.004171
    [CG] [BB-INCUMBENT] selection=2 node=1 previous=2299547.088109 value=2522037.749111 active=1
    [CG] [BB-NODESEL] strategy=hybrid choice=dfs eligibleCount=1 active=1 gap=0.003612
    [CG] [BB-INCUMBENT] selection=3 node=1 previous=2522037.749111 value=2531148.027304 active=0
      [BB] 分支定界结束：处理 3 节点，剪枝 0，剩余活跃 0，整数解 3，状态=OPTIMAL，最好可行 obj=2531148.027304，gap=0.000000
