    [CG] 列生成开始，初始列数=310
    [CG] CG iter 1: obj=962522.074839, maxRC=1875194.653164, +30 cols
    [CG]   [DIAG] iter=1 posCols=30 newCols=30 effImprove=30 updated=0
    [CG] CG iter 2: obj=2215536.602951, maxRC=304815.052213, +15 cols
    [CG]   [DIAG] iter=2 posCols=15 newCols=15 effImprove=15 updated=0
    [CG] CG iter 3: obj=2319216.732430, maxRC=530457.285708, +30 cols
    [CG]   [DIAG] iter=3 posCols=30 newCols=30 effImprove=30 updated=0
    [CG] CG iter 4: obj=2382610.160125, maxRC=295944.615454, +17 cols
    [CG]   [DIAG] iter=4 posCols=17 newCols=17 effImprove=17 updated=0
    [CG] CG iter 5: obj=2406718.060593, maxRC=290956.204797, +16 cols
    [CG]   [DIAG] iter=5 posCols=16 newCols=16 effImprove=16 updated=0
    [CG] CG iter 6: obj=2470617.571186, maxRC=284813.076236, +14 cols
    [CG]   [DIAG] iter=6 posCols=14 newCols=14 effImprove=14 updated=0
    [CG] CG iter 7: obj=2498610.095752, maxRC=234231.360913, +13 cols
    [CG]   [DIAG] iter=7 posCols=13 newCols=13 effImprove=13 updated=0
    [CG] CG iter 8: obj=2498610.095752, maxRC=231632.553132, +13 cols
    [CG]   [DIAG] iter=8 posCols=13 newCols=13 effImprove=13 updated=0
    [CG] CG iter 9: obj=2498610.095752, maxRC=241368.257012, +12 cols
    [CG]   [DIAG] iter=9 posCols=12 newCols=12 effImprove=12 updated=0
    [CG] CG iter 10: obj=2498610.095752, maxRC=180981.630284, +9 cols
    [CG]   [DIAG] iter=10 posCols=9 newCols=9 effImprove=9 updated=0
    [CG] CG iter 11: obj=2498610.095752, maxRC=185805.534987, +10 cols
    [CG]   [DIAG] iter=11 posCols=10 newCols=10 effImprove=10 updated=0
    [CG] CG iter 12: obj=2498610.095752, maxRC=160475.774777, +10 cols
    [CG]   [DIAG] iter=12 posCols=10 newCols=10 effImprove=10 updated=0
    [CG] CG iter 13: obj=2498610.095752, maxRC=34608.672467, +9 cols
    [CG]   [DIAG] iter=13 posCols=9 newCols=9 effImprove=9 updated=0
    [CG] CG iter 14: obj=2511843.234536, maxRC=29397.530852, +9 cols
    [CG]   [DIAG] iter=14 posCols=9 newCols=9 effImprove=9 updated=0
    [CG] CG iter 15: obj=2513401.988823, maxRC=18523.373425, +7 cols
    [CG]   [DIAG] iter=15 posCols=7 newCols=6 effImprove=7 updated=1
    [CG] CG iter 16: obj=2516925.658838, maxRC=11562.073081, +5 cols
    [CG]   [DIAG] iter=16 posCols=5 newCols=5 effImprove=5 updated=0
    [CG] CG iter 17: obj=2526865.965011, maxRC=12322.889488, +2 cols
    [CG]   [DIAG] iter=17 posCols=2 newCols=2 effImprove=2 updated=0
    [CG] CG iter 18: obj=2526882.517553, maxRC=6825.829982, +4 cols
    [CG]   [DIAG] iter=18 posCols=4 newCols=4 effImprove=4 updated=0
    [CG] CG iter 19: obj=2526882.517553, maxRC=5833.962845, +2 cols
    [CG]   [DIAG] iter=19 posCols=2 newCols=2 effImprove=2 updated=0
    [CG] CG iter 20: obj=2526882.517553, maxRC=1478.975124, +3 cols
    [CG]   [DIAG] iter=20 posCols=3 newCols=3 effImprove=3 updated=0
    [CG] CG iter 21: obj=2526882.517553, maxRC=322.973522, +1 cols
    [CG]   [DIAG] iter=21 posCols=1 newCols=1 effImprove=1 updated=0
    [CG] CG iter 22: obj=2526882.517553, maxRC=225.745893, +1 cols
    [CG]   [DIAG] iter=22 posCols=1 newCols=1 effImprove=1 updated=0
    [CG] 列生成收敛，共 23 轮迭代
    [CG] [CG-NODE] depth=0 exit=CERTIFIED certified=1 feasible=1 iters=23 generatedColsBeforeNode=0 newCols=231 posCandidates=232 duplicateCandidates=1 updatedCols=1 zeroObjImproveIters=11 objFirst=962522.074839 objLast=2526882.517553 objGain=1564360.442713 maxRC=1875194.653164 wallSec=0.218343 pricingSec=0.207168 cplexSolveSec=0.007628
      [BB] 分支定界开始，根节点LP obj=2526882.517553，最大节点数=10000
      [BB] 根节点启发式下界 LB=2449186.091410（上界=2526882.517553）
    [CG] [BB-DIAG] 分支 x_{dc=0,retailer=5}, 节点数=1
    [CG] 列生成开始，初始列数=509
    [CG] CG iter 24: obj=2526865.965011, maxRC=34319.447447, +16 cols
    [CG]   [DIAG] iter=24 posCols=16 newCols=16 effImprove=16 updated=0
    [CG] CG iter 25: obj=2526865.965011, maxRC=23939.431889, +10 cols
    [CG]   [DIAG] iter=25 posCols=10 newCols=10 effImprove=10 updated=0
    [CG] CG iter 26: obj=2526865.965011, maxRC=7119.215385, +7 cols
    [CG]   [DIAG] iter=26 posCols=7 newCols=7 effImprove=7 updated=0
    [CG] CG iter 27: obj=2526865.965011, maxRC=2128.273970, +3 cols
    [CG]   [DIAG] iter=27 posCols=3 newCols=3 effImprove=3 updated=0
    [CG] CG iter 28: obj=2526865.965011, maxRC=2198.015928, +3 cols
    [CG]   [DIAG] iter=28 posCols=3 newCols=3 effImprove=3 updated=0
    [CG] CG iter 29: obj=2526865.965011, maxRC=2059.770958, +2 cols
    [CG]   [DIAG] iter=29 posCols=2 newCols=2 effImprove=2 updated=0
    [CG] CG iter 30: obj=2526865.965011, maxRC=520.098369, +2 cols
    [CG]   [DIAG] iter=30 posCols=2 newCols=1 effImprove=2 updated=1
    [CG] CG iter 31: obj=2526865.965011, maxRC=89.159371, +1 cols
    [CG]   [DIAG] iter=31 posCols=1 newCols=1 effImprove=1 updated=0
    [CG] CG iter 32: obj=2526865.965011, maxRC=0.907802, +1 cols
    [CG]   [DIAG] iter=32 posCols=1 newCols=1 effImprove=1 updated=0
    [CG] 列生成收敛，共 33 轮迭代
    [CG] [CG-NODE] depth=1 exit=CERTIFIED certified=1 feasible=1 iters=10 generatedColsBeforeNode=231 newCols=44 posCandidates=45 duplicateCandidates=1 updatedCols=1 zeroObjImproveIters=9 objFirst=2526865.965011 objLast=2526865.965011 objGain=0.000000 maxRC=34319.447447 wallSec=0.066457 pricingSec=0.061007 cplexSolveSec=0.003815
    [CG] 列生成开始，初始列数=490
    [CG] CG iter 34: obj=2510172.168833, maxRC=88130.471000, +16 cols
    [CG]   [DIAG] iter=34 posCols=16 newCols=16 effImprove=16 updated=0
    [CG] CG iter 35: obj=2510172.168833, maxRC=171474.137026, +14 cols
    [CG]   [DIAG] iter=35 posCols=14 newCols=14 effImprove=14 updated=0
    [CG] CG iter 36: obj=2510172.168833, maxRC=134592.422184, +7 cols
    [CG]   [DIAG] iter=36 posCols=7 newCols=7 effImprove=7 updated=0
    [CG] CG iter 37: obj=2510172.168833, maxRC=57020.584287, +6 cols
    [CG]   [DIAG] iter=37 posCols=6 newCols=6 effImprove=6 updated=0
    [CG] CG iter 38: obj=2510172.168833, maxRC=60525.195328, +6 cols
    [CG]   [DIAG] iter=38 posCols=6 newCols=6 effImprove=6 updated=0
    [CG] CG iter 39: obj=2510172.168833, maxRC=35881.795514, +6 cols
    [CG]   [DIAG] iter=39 posCols=6 newCols=6 effImprove=6 updated=0
    [CG] CG iter 40: obj=2510172.168833, maxRC=26006.947643, +6 cols
    [CG]   [DIAG] iter=40 posCols=6 newCols=6 effImprove=6 updated=0
    [CG] CG iter 41: obj=2510172.168833, maxRC=16261.344023, +5 cols
    [CG]   [DIAG] iter=41 posCols=5 newCols=5 effImprove=5 updated=0
    [CG] CG iter 42: obj=2510172.168833, maxRC=12959.802324, +5 cols
    [CG]   [DIAG] iter=42 posCols=5 newCols=5 effImprove=5 updated=0
    [CG] CG iter 43: obj=2510172.168833, maxRC=9787.323734, +4 cols
    [CG]   [DIAG] iter=43 posCols=4 newCols=4 effImprove=4 updated=0
    [CG] CG iter 44: obj=2516975.840532, maxRC=4379.915712, +4 cols
    [CG]   [DIAG] iter=44 posCols=4 newCols=4 effImprove=4 updated=0
    [CG] CG iter 45: obj=2516975.840532, maxRC=2737.104123, +3 cols
    [CG]   [DIAG] iter=45 posCols=3 newCols=3 effImprove=3 updated=0
    [CG] CG iter 46: obj=2516975.840532, maxRC=1685.875638, +3 cols
    [CG]   [DIAG] iter=46 posCols=3 newCols=3 effImprove=3 updated=0
    [CG] CG iter 47: obj=2516975.840532, maxRC=1338.469485, +2 cols
    [CG]   [DIAG] iter=47 posCols=2 newCols=2 effImprove=2 updated=0
    [CG] 列生成收敛，共 48 轮迭代
    [CG] [CG-NODE] depth=1 exit=CERTIFIED certified=1 feasible=1 iters=15 generatedColsBeforeNode=275 newCols=87 posCandidates=87 duplicateCandidates=0 updatedCols=0 zeroObjImproveIters=13 objFirst=2510172.168833 objLast=2516975.840532 objGain=6803.671699 maxRC=171474.137026 wallSec=0.042776 pricingSec=0.034916 cplexSolveSec=0.005785
    [CG] [BB-INCUMBENT] selection=2 node=1 previous=2449186.091410 value=2516975.840532 active=1
    [CG] [BB-NODESEL] strategy=hybrid choice=dfs eligibleCount=1 active=1 gap=0.003929
    [CG] [BB-INCUMBENT] selection=3 node=1 previous=2516975.840532 value=2526865.965011 active=0
      [BB] 分支定界结束：处理 3 节点，剪枝 0，剩余活跃 0，整数解 3，状态=OPTIMAL，最好可行 obj=2526865.965011，gap=0.000000
