    [CG] 列生成开始，初始列数=310
    [CG] CG iter 1: obj=945532.450573, maxRC=1638969.332865, +30 cols
    [CG]   [DIAG] iter=1 posCols=30 newCols=30 effImprove=30 updated=0
    [CG] CG iter 2: obj=1936975.288303, maxRC=313690.584734, +19 cols
    [CG]   [DIAG] iter=2 posCols=19 newCols=19 effImprove=19 updated=0
    [CG] CG iter 3: obj=2108159.745944, maxRC=415896.259995, +30 cols
    [CG]   [DIAG] iter=3 posCols=30 newCols=30 effImprove=30 updated=0
    [CG] CG iter 4: obj=2168713.747500, maxRC=276813.793507, +25 cols
    [CG]   [DIAG] iter=4 posCols=25 newCols=25 effImprove=25 updated=0
    [CG] CG iter 5: obj=2210839.637821, maxRC=244612.468907, +18 cols
    [CG]   [DIAG] iter=5 posCols=18 newCols=18 effImprove=18 updated=0
    [CG] CG iter 6: obj=2249242.944875, maxRC=180301.707102, +13 cols
    [CG]   [DIAG] iter=6 posCols=13 newCols=13 effImprove=13 updated=0
    [CG] CG iter 7: obj=2307376.723907, maxRC=184866.206050, +11 cols
    [CG]   [DIAG] iter=7 posCols=11 newCols=11 effImprove=11 updated=0
    [CG] CG iter 8: obj=2307865.181478, maxRC=134496.369291, +9 cols
    [CG]   [DIAG] iter=8 posCols=9 newCols=9 effImprove=9 updated=0
    [CG] CG iter 9: obj=2339465.717967, maxRC=118375.514046, +9 cols
    [CG]   [DIAG] iter=9 posCols=9 newCols=9 effImprove=9 updated=0
    [CG] CG iter 10: obj=2348525.886506, maxRC=52362.719610, +9 cols
    [CG]   [DIAG] iter=10 posCols=9 newCols=9 effImprove=9 updated=0
    [CG] CG iter 11: obj=2349475.511899, maxRC=37187.790807, +8 cols
    [CG]   [DIAG] iter=11 posCols=8 newCols=8 effImprove=8 updated=0
    [CG] CG iter 12: obj=2361630.654226, maxRC=15494.661393, +8 cols
    [CG]   [DIAG] iter=12 posCols=8 newCols=8 effImprove=8 updated=0
    [CG] CG iter 13: obj=2367077.463236, maxRC=12157.523126, +3 cols
    [CG]   [DIAG] iter=13 posCols=3 newCols=3 effImprove=3 updated=0
    [CG] CG iter 14: obj=2368908.710406, maxRC=9154.596934, +5 cols
    [CG]   [DIAG] iter=14 posCols=5 newCols=5 effImprove=5 updated=0
    [CG] CG iter 15: obj=2370216.509968, maxRC=8121.271841, +1 cols
    [CG]   [DIAG] iter=15 posCols=1 newCols=1 effImprove=1 updated=0
    [CG] CG iter 16: obj=2371118.873506, maxRC=3614.544089, +1 cols
    [CG]   [DIAG] iter=16 posCols=1 newCols=1 effImprove=1 updated=0
    [CG] CG iter 17: obj=2374733.417595, maxRC=785.480050, +2 cols
    [CG]   [DIAG] iter=17 posCols=2 newCols=2 effImprove=2 updated=0
    [CG] CG iter 18: obj=2374733.417595, maxRC=220.907208, +1 cols
    [CG]   [DIAG] iter=18 posCols=1 newCols=1 effImprove=1 updated=0
    [CG] CG iter 19: obj=2374733.417595, maxRC=150.871386, +1 cols
    [CG]   [DIAG] iter=19 posCols=1 newCols=1 effImprove=1 updated=0
    [CG] 列生成收敛，共 20 轮迭代
    [CG] [CG-NODE] depth=0 exit=CERTIFIED certified=1 feasible=1 iters=20 generatedColsBeforeNode=0 newCols=203 posCandidates=203 duplicateCandidates=0 updatedCols=0 zeroObjImproveIters=3 objFirst=945532.450573 objLast=2374733.417595 objGain=1429200.967021 maxRC=1638969.332865 wallSec=0.207722 pricingSec=0.194368 cplexSolveSec=0.008639
      [BB] 根节点即为整数解，obj=2374733.417595
