    [CG] 列生成开始，初始列数=310
    [CG] CG iter 1: obj=1125355.201826, maxRC=1437511.958839, +30 cols
    [CG]   [DIAG] iter=1 posCols=30 newCols=30 effImprove=30 updated=0
    [CG] CG iter 2: obj=1840747.624317, maxRC=404342.584688, +28 cols
    [CG]   [DIAG] iter=2 posCols=28 newCols=28 effImprove=28 updated=0
    [CG] CG iter 3: obj=1971052.389280, maxRC=381138.519481, +28 cols
    [CG]   [DIAG] iter=3 posCols=28 newCols=28 effImprove=28 updated=0
    [CG] CG iter 4: obj=2228457.907079, maxRC=170458.829123, +27 cols
    [CG]   [DIAG] iter=4 posCols=27 newCols=27 effImprove=27 updated=0
    [CG] CG iter 5: obj=2341540.893342, maxRC=202374.112162, +27 cols
    [CG]   [DIAG] iter=5 posCols=27 newCols=27 effImprove=27 updated=0
    [CG] CG iter 6: obj=2420773.565727, maxRC=114096.198150, +22 cols
    [CG]   [DIAG] iter=6 posCols=22 newCols=22 effImprove=22 updated=0
    [CG] CG iter 7: obj=2424742.231874, maxRC=103077.072868, +16 cols
    [CG]   [DIAG] iter=7 posCols=16 newCols=16 effImprove=16 updated=0
    [CG] CG iter 8: obj=2447192.314662, maxRC=53462.497532, +16 cols
    [CG]   [DIAG] iter=8 posCols=16 newCols=15 effImprove=16 updated=1
    [CG] CG iter 9: obj=2492062.318222, maxRC=36192.473688, +12 cols
    [CG]   [DIAG] iter=9 posCols=12 newCols=12 effImprove=12 updated=0
    [CG] CG iter 10: obj=2516471.555476, maxRC=21039.625261, +9 cols
    [CG]   [DIAG] iter=10 posCols=9 newCols=9 effImprove=9 updated=0
    [CG] CG iter 11: obj=2516676.460528, maxRC=15263.574896, +8 cols
    [CG]   [DIAG] iter=11 posCols=8 newCols=7 effImprove=8 updated=1
    [CG] CG iter 12: obj=2516676.460528, maxRC=15555.136377, +8 cols
    [CG]   [DIAG] iter=12 posCols=8 newCols=6 effImprove=8 updated=2
    [CG] CG iter 13: obj=2524975.466530, maxRC=8470.086847, +4 cols
    [CG]   [DIAG] iter=13 posCols=4 newCols=3 effImprove=4 updated=1
    [CG] CG iter 14: obj=2526609.029016, maxRC=7040.556048, +3 cols
    [CG]   [DIAG] iter=14 posCols=3 newCols=3 effImprove=3 updated=0
    [CG] CG iter 15: obj=2526609.029016, maxRC=6570.155768, +2 cols
    [CG]   [DIAG] iter=15 posCols=2 newCols=1 effImprove=2 updated=1
    [CG] CG iter 16: obj=2528700.667511, maxRC=804.971694, +1 cols
    [CG]   [DIAG] iter=16 posCols=1 newCols=1 effImprove=1 updated=0
    [CG] CG iter 17: obj=2528700.667511, maxRC=454.481750, +1 cols
    [CG]   [DIAG] iter=17 posCols=1 newCols=1 effImprove=1 updated=0
    [CG] 列生成收敛，共 18 轮迭代
    [CG] [CG-NODE] depth=0 exit=CERTIFIED certified=1 feasible=1 iters=18 generatedColsBeforeNode=0 newCols=236 posCandidates=242 duplicateCandidates=6 updatedCols=6 zeroObjImproveIters=4 objFirst=1125355.201826 objLast=2528700.667511 objGain=1403345.465685 maxRC=1437511.958839 wallSec=0.140022 pricingSec=0.128491 cplexSolveSec=0.007005
      [BB] 根节点即为整数解，obj=2528700.667511
