    [CG] 列生成开始，初始列数=310
    [CG] CG iter 1: obj=1166576.813071, maxRC=1395141.774660, +30 cols
    [CG]   [DIAG] iter=1 posCols=30 newCols=30 effImprove=30 updated=0
    [CG] CG iter 2: obj=1917641.148077, maxRC=305746.335740, +30 cols
    [CG]   [DIAG] iter=2 posCols=30 newCols=30 effImprove=30 updated=0
    [CG] CG iter 3: obj=2225736.846470, maxRC=396022.526807, +30 cols
    [CG]   [DIAG] iter=3 posCols=30 newCols=30 effImprove=30 updated=0
    [CG] CG iter 4: obj=2335412.361576, maxRC=162497.013833, +28 cols
    [CG]   [DIAG] iter=4 posCols=28 newCols=28 effImprove=28 updated=0
    [CG] CG iter 5: obj=2420382.060782, maxRC=167069.222629, +25 cols
    [CG]   [DIAG] iter=5 posCols=25 newCols=25 effImprove=25 updated=0
    [CG] CG iter 6: obj=2532067.990580, maxRC=148984.132932, +24 cols
    [CG]   [DIAG] iter=6 posCols=24 newCols=24 effImprove=24 updated=0
    [CG] CG iter 7: obj=2576392.717059, maxRC=84783.341802, +19 cols
    [CG]   [DIAG] iter=7 posCols=19 newCols=19 effImprove=19 updated=0
    [CG] CG iter 8: obj=2602243.635862, maxRC=55416.853847, +18 cols
    [CG]   [DIAG] iter=8 posCols=18 newCols=18 effImprove=18 updated=0
    [CG] CG iter 9: obj=2637260.768470, maxRC=43024.955046, +18 cols
    [CG]   [DIAG] iter=9 posCols=18 newCols=18 effImprove=18 updated=0
    [CG] CG iter 10: obj=2650652.645913, maxRC=49881.878203, +19 cols
    [CG]   [DIAG] iter=10 posCols=19 newCols=19 effImprove=19 updated=0
    [CG] CG iter 11: obj=2650652.645913, maxRC=18647.056082, +14 cols
    [CG]   [DIAG] iter=11 posCols=14 newCols=14 effImprove=14 updated=0
    [CG] CG iter 12: obj=2668347.818787, maxRC=21929.731231, +11 cols
    [CG]   [DIAG] iter=12 posCols=11 newCols=11 effImprove=11 updated=0
    [CG] CG iter 13: obj=2674387.174148, maxRC=5369.320742, +4 cols
    [CG]   [DIAG] iter=13 posCols=4 newCols=4 effImprove=4 updated=0
    [CG] CG iter 14: obj=2674387.174148, maxRC=2248.182407, +4 cols
    [CG]   [DIAG] iter=14 posCols=4 newCols=4 effImprove=4 updated=0
    [CG] CG iter 15: obj=2676493.088984, maxRC=209.286303, +1 cols
    [CG]   [DIAG] iter=15 posCols=1 newCols=1 effImprove=1 updated=0
    [CG] 列生成收敛，共 16 轮迭代
    [CG] [CG-NODE] depth=0 exit=CERTIFIED certified=1 feasible=1 iters=16 generatedColsBeforeNode=0 newCols=275 posCandidates=275 duplicateCandidates=0 updatedCols=0 zeroObjImproveIters=3 objFirst=1166576.813071 objLast=2676493.088984 objGain=1509916.275913 maxRC=1395141.774660 wallSec=0.185281 pricingSec=0.174566 cplexSolveSec=0.006729
      [BB] 根节点即为整数解，obj=2676493.088984
