    [CG] 列生成开始，初始列数=310
    [CG] CG iter 1: obj=1147283.123892, maxRC=1395148.326443, +30 cols
    [CG]   [DIAG] iter=1 posCols=30 newCols=30 effImprove=30 updated=0
    [CG] CG iter 2: obj=1912447.597445, maxRC=308299.991090, +27 cols
    [CG]   [DIAG] iter=2 posCols=27 newCols=27 effImprove=27 updated=0
    [CG] CG iter 3: obj=2109969.653632, maxRC=510901.809392, +30 cols
    [CG]   [DIAG] iter=3 posCols=30 newCols=30 effImprove=30 updated=0
    [CG] CG iter 4: obj=2332340.444006, maxRC=259191.823620, +29 cols
    [CG]   [DIAG] iter=4 posCols=29 newCols=29 effImprove=29 updated=0
    [CG] CG iter 5: obj=2398245.831188, maxRC=220455.765015, +28 cols
    [CG]   [DIAG] iter=5 posCols=28 newCols=28 effImprove=28 updated=0
    [CG] CG iter 6: obj=2460943.569160, maxRC=128888.006224, +22 cols
    [CG]   [DIAG] iter=6 posCols=22 newCols=22 effImprove=22 updated=0
    [CG] CG iter 7: obj=2552376.221565, maxRC=122931.026440, +21 cols
    [CG]   [DIAG] iter=7 posCols=21 newCols=21 effImprove=21 updated=0
    [CG] CG iter 8: obj=2601077.438246, maxRC=83008.904747, +20 cols
    [CG]   [DIAG] iter=8 posCols=20 newCols=20 effImprove=20 updated=0
    [CG] CG iter 9: obj=2620604.048472, maxRC=45062.655816, +18 cols
    [CG]   [DIAG] iter=9 posCols=18 newCols=18 effImprove=18 updated=0
    [CG] CG iter 10: obj=2623692.788416, maxRC=51187.045515, +22 cols
    [CG]   [DIAG] iter=10 posCols=22 newCols=22 effImprove=22 updated=0
    [CG] CG iter 11: obj=2641685.294534, maxRC=20276.885478, +15 cols
    [CG]   [DIAG] iter=11 posCols=15 newCols=15 effImprove=15 updated=0
    [CG] CG iter 12: obj=2673342.779207, maxRC=22642.288175, +13 cols
    [CG]   [DIAG] iter=12 posCols=13 newCols=13 effImprove=13 updated=0
    [CG] CG iter 13: obj=2673342.779207, maxRC=14033.346591, +9 cols
    [CG]   [DIAG] iter=13 posCols=9 newCols=8 effImprove=9 updated=1
    [CG] CG iter 14: obj=2681753.469374, maxRC=11803.893336, +4 cols
    [CG]   [DIAG] iter=14 posCols=4 newCols=4 effImprove=4 updated=0
    [CG] CG iter 15: obj=2681753.469374, maxRC=5760.000058, +3 cols
    [CG]   [DIAG] iter=15 posCols=3 newCols=3 effImprove=3 updated=0
    [CG] CG iter 16: obj=2681753.469374, maxRC=359.877494, +1 cols
    [CG]   [DIAG] iter=16 posCols=1 newCols=1 effImprove=1 updated=0
    [CG] 列生成收敛，共 17 轮迭代
    [CG] [CG-NODE] depth=0 exit=CERTIFIED certified=1 feasible=1 iters=17 generatedColsBeforeNode=0 newCols=291 posCandidates=292 duplicateCandidates=1 updatedCols=1 zeroObjImproveIters=4 objFirst=1147283.123892 objLast=2681753.469374 objGain=1534470.345482 maxRC=1395148.326443 wallSec=0.180709 pricingSec=0.170578 cplexSolveSec=0.006627
      [BB] 根节点即为整数解，obj=2681753.469374
