    [CG] 列生成开始，初始列数=310
    [CG] CG iter 1: obj=1158562.843016, maxRC=1410087.325025, +30 cols
    [CG]   [DIAG] iter=1 posCols=30 newCols=30 effImprove=30 updated=0
    [CG] CG iter 2: obj=1923881.320846, maxRC=309275.998462, +28 cols
    [CG]   [DIAG] iter=2 posCols=28 newCols=28 effImprove=28 updated=0
    [CG] CG iter 3: obj=2126989.880632, maxRC=509524.438574, +30 cols
    [CG]   [DIAG] iter=3 posCols=30 newCols=30 effImprove=30 updated=0
    [CG] CG iter 4: obj=2308257.586222, maxRC=347170.860490, +27 cols
    [CG]   [DIAG] iter=4 posCols=27 newCols=27 effImprove=27 updated=0
    [CG] CG iter 5: obj=2375411.675711, maxRC=181230.524296, +26 cols
    [CG]   [DIAG] iter=5 posCols=26 newCols=26 effImprove=26 updated=0
    [CG] CG iter 6: obj=2470198.791036, maxRC=122780.069186, +25 cols
    [CG]   [DIAG] iter=6 posCols=25 newCols=25 effImprove=25 updated=0
    [CG] CG iter 7: obj=2622680.569920, maxRC=74416.901959, +24 cols
    [CG]   [DIAG] iter=7 posCols=24 newCols=24 effImprove=24 updated=0
    [CG] CG iter 8: obj=2622680.569920, maxRC=138088.860628, +21 cols
    [CG]   [DIAG] iter=8 posCols=21 newCols=21 effImprove=21 updated=0
    [CG] CG iter 9: obj=2648200.574312, maxRC=65043.424765, +20 cols
    [CG]   [DIAG] iter=9 posCols=20 newCols=20 effImprove=20 updated=0
    [CG] CG iter 10: obj=2670300.564927, maxRC=35737.459484, +21 cols
    [CG]   [DIAG] iter=10 posCols=21 newCols=20 effImprove=21 updated=1
    [CG] CG iter 11: obj=2704710.905904, maxRC=23451.006639, +13 cols
    [CG]   [DIAG] iter=11 posCols=13 newCols=11 effImprove=13 updated=2
    [CG] CG iter 12: obj=2711699.226436, maxRC=21275.859885, +4 cols
    [CG]   [DIAG] iter=12 posCols=4 newCols=4 effImprove=4 updated=0
    [CG] CG iter 13: obj=2711699.226436, maxRC=6781.006634, +4 cols
    [CG]   [DIAG] iter=13 posCols=4 newCols=4 effImprove=4 updated=0
    [CG] CG iter 14: obj=2711699.226436, maxRC=1518.728171, +1 cols
    [CG]   [DIAG] iter=14 posCols=1 newCols=1 effImprove=1 updated=0
    [CG] CG iter 15: obj=2711699.226436, maxRC=1744.593368, +3 cols
    [CG]   [DIAG] iter=15 posCols=3 newCols=3 effImprove=3 updated=0
    [CG] 列生成收敛，共 16 轮迭代
    [CG] [CG-NODE] depth=0 exit=CERTIFIED certified=1 feasible=1 iters=16 generatedColsBeforeNode=0 newCols=274 posCandidates=277 duplicateCandidates=3 updatedCols=3 zeroObjImproveIters=5 objFirst=1158562.843016 objLast=2711699.226436 objGain=1553136.383420 maxRC=1410087.325025 wallSec=0.217480 pricingSec=0.205392 cplexSolveSec=0.007093
      [BB] 根节点即为整数解，obj=2711699.226436
