    [CG] 列生成开始，初始列数=310
    [CG] CG iter 1: obj=1152506.494647, maxRC=1274875.549772, +30 cols
    [CG]   [DIAG] iter=1 posCols=30 newCols=30 effImprove=30 updated=0
    [CG] CG iter 2: obj=1780616.687588, maxRC=458074.305462, +27 cols
    [CG]   [DIAG] iter=2 posCols=27 newCols=27 effImprove=27 updated=0
    [CG] CG iter 3: obj=2131023.493662, maxRC=506520.890916, +30 cols
    [CG]   [DIAG] iter=3 posCols=30 newCols=30 effImprove=30 updated=0
    [CG] CG iter 4: obj=2165038.501588, maxRC=254284.352280, +28 cols
    [CG]   [DIAG] iter=4 posCols=28 newCols=28 effImprove=28 updated=0
    [CG] CG iter 5: obj=2246311.751690, maxRC=200965.793844, +27 cols
    [CG]   [DIAG] iter=5 posCols=27 newCols=27 effImprove=27 updated=0
    [CG] CG iter 6: obj=2330281.833122, maxRC=104806.590550, +26 cols
    [CG]   [DIAG] iter=6 posCols=26 newCols=25 effImprove=26 updated=1
    [CG] CG iter 7: obj=2423033.677680, maxRC=154297.506450, +26 cols
    [CG]   [DIAG] iter=7 posCols=26 newCols=26 effImprove=26 updated=0
    [CG] CG iter 8: obj=2511835.923640, maxRC=68218.415800, +23 cols
    [CG]   [DIAG] iter=8 posCols=23 newCols=23 effImprove=23 updated=0
    [CG] CG iter 9: obj=2528555.055079, maxRC=82031.667201, +22 cols
    [CG]   [DIAG] iter=9 posCols=22 newCols=22 effImprove=22 updated=0
    [CG] CG iter 10: obj=2546928.706903, maxRC=40537.102952, +16 cols
    [CG]   [DIAG] iter=10 posCols=16 newCols=16 effImprove=16 updated=0
    [CG] CG iter 11: obj=2578876.869337, maxRC=21805.814612, +15 cols
    [CG]   [DIAG] iter=11 posCols=15 newCols=15 effImprove=15 updated=0
    [CG] CG iter 12: obj=2600936.763397, maxRC=14483.420092, +11 cols
    [CG]   [DIAG] iter=12 posCols=11 newCols=10 effImprove=11 updated=1
    [CG] CG iter 13: obj=2608155.787123, maxRC=6218.483792, +6 cols
    [CG]   [DIAG] iter=13 posCols=6 newCols=6 effImprove=6 updated=0
    [CG] CG iter 14: obj=2609871.399203, maxRC=537.642659, +1 cols
    [CG]   [DIAG] iter=14 posCols=1 newCols=1 effImprove=1 updated=0
    [CG] 列生成收敛，共 15 轮迭代
    [CG] [CG-NODE] depth=0 exit=CERTIFIED certified=1 feasible=1 iters=15 generatedColsBeforeNode=0 newCols=286 posCandidates=288 duplicateCandidates=2 updatedCols=2 zeroObjImproveIters=1 objFirst=1152506.494647 objLast=2609871.399203 objGain=1457364.904556 maxRC=1274875.549772 wallSec=0.192361 pricingSec=0.179744 cplexSolveSec=0.007559
      [BB] 根节点即为整数解，obj=2609871.399203
