    [CG] 列生成开始，初始列数=310
    [CG] CG iter 1: obj=1159120.565766, maxRC=1386529.714149, +30 cols
    [CG]   [DIAG] iter=1 posCols=30 newCols=30 effImprove=30 updated=0
    [CG] CG iter 2: obj=1924649.916555, maxRC=305605.019353, +28 cols
    [CG]   [DIAG] iter=2 posCols=28 newCols=28 effImprove=28 updated=0
    [CG] CG iter 3: obj=2111621.653101, maxRC=544913.886452, +30 cols
    [CG]   [DIAG] iter=3 posCols=30 newCols=30 effImprove=30 updated=0
    [CG] CG iter 4: obj=2271982.874727, maxRC=339844.118560, +28 cols
    [CG]   [DIAG] iter=4 posCols=28 newCols=28 effImprove=28 updated=0
    [CG] CG iter 5: obj=2326574.280231, maxRC=211606.121971, +27 cols
    [CG]   [DIAG] iter=5 posCols=27 newCols=27 effImprove=27 updated=0
    [CG] CG iter 6: obj=2438675.037893, maxRC=164044.385173, +27 cols
    [CG]   [DIAG] iter=6 posCols=27 newCols=27 effImprove=27 updated=0
    [CG] CG iter 7: obj=2488269.172260, maxRC=130133.501545, +26 cols
    [CG]   [DIAG] iter=7 posCols=26 newCols=26 effImprove=26 updated=0
    [CG] CG iter 8: obj=2546592.715318, maxRC=85053.482267, +24 cols
    [CG]   [DIAG] iter=8 posCols=24 newCols=24 effImprove=24 updated=0
    [CG] CG iter 9: obj=2598001.801795, maxRC=67038.828874, +24 cols
    [CG]   [DIAG] iter=9 posCols=24 newCols=24 effImprove=24 updated=0
    [CG] CG iter 10: obj=2628793.060639, maxRC=33971.180637, +21 cols
    [CG]   [DIAG] iter=10 posCols=21 newCols=21 effImprove=21 updated=0
    [CG] CG iter 11: obj=2654097.598189, maxRC=27645.420662, +21 cols
    [CG]   [DIAG] iter=11 posCols=21 newCols=21 effImprove=21 updated=0
    [CG] CG iter 12: obj=2663469.563473, maxRC=36438.467108, +21 cols
    [CG]   [DIAG] iter=12 posCols=21 newCols=21 effImprove=21 updated=0
    [CG] CG iter 13: obj=2682455.639611, maxRC=23639.449406, +15 cols
    [CG]   [DIAG] iter=13 posCols=15 newCols=15 effImprove=15 updated=0
    [CG] CG iter 14: obj=2688394.896809, maxRC=4025.189503, +9 cols
    [CG]   [DIAG] iter=14 posCols=9 newCols=9 effImprove=9 updated=0
    [CG] CG iter 15: obj=2694306.300152, maxRC=570.413134, +2 cols
    [CG]   [DIAG] iter=15 posCols=2 newCols=1 effImprove=2 updated=1
    [CG] CG iter 16: obj=2694306.300152, maxRC=519.132582, +1 cols
    [CG]   [DIAG] iter=16 posCols=1 newCols=1 effImprove=1 updated=0
    [CG] 列生成收敛，共 17 轮迭代
    [CG] [CG-NODE] depth=0 exit=CERTIFIED certified=1 feasible=1 iters=17 generatedColsBeforeNode=0 newCols=333 posCandidates=334 duplicateCandidates=1 updatedCols=1 zeroObjImproveIters=2 objFirst=1159120.565766 objLast=2694306.300152 objGain=1535185.734386 maxRC=1386529.714149 wallSec=0.203596 pricingSec=0.190937 cplexSolveSec=0.007955
      [BB] 根节点即为整数解，obj=2694306.300152
