    [CG] 列生成开始，初始列数=310
    [CG] CG iter 1: obj=1177982.281805, maxRC=1395107.567617, +30 cols
    [CG]   [DIAG] iter=1 posCols=30 newCols=30 effImprove=30 updated=0
    [CG] CG iter 2: obj=1867403.392696, maxRC=383632.618675, +30 cols
    [CG]   [DIAG] iter=2 posCols=30 newCols=30 effImprove=30 updated=0
    [CG] CG iter 3: obj=2059915.623495, maxRC=474329.557428, +30 cols
    [CG]   [DIAG] iter=3 posCols=30 newCols=30 effImprove=30 updated=0
    [CG] CG iter 4: obj=2301053.531610, maxRC=181347.723924, +30 cols
    [CG]   [DIAG] iter=4 posCols=30 newCols=30 effImprove=30 updated=0
    [CG] CG iter 5: obj=2394564.212938, maxRC=177499.309088, +28 cols
    [CG]   [DIAG] iter=5 posCols=28 newCols=27 effImprove=28 updated=1
    [CG] CG iter 6: obj=2483746.881312, maxRC=112715.271181, +26 cols
    [CG]   [DIAG] iter=6 posCols=26 newCols=26 effImprove=26 updated=0
    [CG] CG iter 7: obj=2522244.522794, maxRC=92186.395952, +25 cols
    [CG]   [DIAG] iter=7 posCols=25 newCols=25 effImprove=25 updated=0
    [CG] CG iter 8: obj=2618686.710845, maxRC=141875.475757, +27 cols
    [CG]   [DIAG] iter=8 posCols=27 newCols=27 effImprove=27 updated=0
    [CG] CG iter 9: obj=2627182.128920, maxRC=61663.641032, +22 cols
    [CG]   [DIAG] iter=9 posCols=22 newCols=22 effImprove=22 updated=0
    [CG] CG iter 10: obj=2651913.527595, maxRC=42257.431561, +21 cols
    [CG]   [DIAG] iter=10 posCols=21 newCols=21 effImprove=21 updated=0
    [CG] CG iter 11: obj=2664878.948777, maxRC=26485.831098, +17 cols
    [CG]   [DIAG] iter=11 posCols=17 newCols=17 effImprove=17 updated=0
    [CG] CG iter 12: obj=2684884.263538, maxRC=13273.571092, +13 cols
    [CG]   [DIAG] iter=12 posCols=13 newCols=13 effImprove=13 updated=0
    [CG] CG iter 13: obj=2695105.172693, maxRC=11882.763316, +5 cols
    [CG]   [DIAG] iter=13 posCols=5 newCols=5 effImprove=5 updated=0
    [CG] CG iter 14: obj=2696598.941914, maxRC=3294.166167, +8 cols
    [CG]   [DIAG] iter=14 posCols=8 newCols=8 effImprove=8 updated=0
    [CG] 列生成收敛，共 15 轮迭代
    [CG] [CG-NODE] depth=0 exit=CERTIFIED certified=1 feasible=1 iters=15 generatedColsBeforeNode=0 newCols=311 posCandidates=312 duplicateCandidates=1 updatedCols=1 zeroObjImproveIters=0 objFirst=1177982.281805 objLast=2698448.269790 objGain=1520465.987986 maxRC=1395107.567617 wallSec=0.234385 pricingSec=0.205246 cplexSolveSec=0.007733
      [BB] 根节点即为整数解，obj=2698448.269790
