    [CG] 列生成开始，初始列数=310
    [CG] CG iter 1: obj=1145926.001815, maxRC=1395131.153075, +30 cols
    [CG]   [DIAG] iter=1 posCols=30 newCols=30 effImprove=30 updated=0
    [CG] CG iter 2: obj=1907290.697741, maxRC=321142.340188, +25 cols
    [CG]   [DIAG] iter=2 posCols=25 newCols=25 effImprove=25 updated=0
    [CG] CG iter 3: obj=2068486.741164, maxRC=576978.970876, +30 cols
    [CG]   [DIAG] iter=3 posCols=30 newCols=30 effImprove=30 updated=0
    [CG] CG iter 4: obj=2286927.969248, maxRC=393949.667907, +24 cols
    [CG]   [DIAG] iter=4 posCols=24 newCols=24 effImprove=24 updated=0
    [CG] CG iter 5: obj=2291358.577302, maxRC=269857.415059, +24 cols
    [CG]   [DIAG] iter=5 posCols=24 newCols=24 effImprove=24 updated=0
    [CG] CG iter 6: obj=2338595.533479, maxRC=206970.705013, +24 cols
    [CG]   [DIAG] iter=6 posCols=24 newCols=24 effImprove=24 updated=0
    [CG] CG iter 7: obj=2453709.674602, maxRC=123725.071423, +24 cols
    [CG]   [DIAG] iter=7 posCols=24 newCols=24 effImprove=24 updated=0
    [CG] CG iter 8: obj=2507969.056637, maxRC=86834.991889, +24 cols
    [CG]   [DIAG] iter=8 posCols=24 newCols=24 effImprove=24 updated=0
    [CG] CG iter 9: obj=2564750.537168, maxRC=85365.803277, +22 cols
    [CG]   [DIAG] iter=9 posCols=22 newCols=22 effImprove=22 updated=0
    [CG] CG iter 10: obj=2579663.471899, maxRC=62306.654822, +22 cols
    [CG]   [DIAG] iter=10 posCols=22 newCols=22 effImprove=22 updated=0
    [CG] CG iter 11: obj=2620185.412676, maxRC=63574.116261, +20 cols
    [CG]   [DIAG] iter=11 posCols=20 newCols=19 effImprove=20 updated=1
    [CG] CG iter 12: obj=2634757.516976, maxRC=16880.204685, +19 cols
    [CG]   [DIAG] iter=12 posCols=19 newCols=18 effImprove=19 updated=1
    [CG] CG iter 13: obj=2663151.204760, maxRC=16701.449932, +15 cols
    [CG]   [DIAG] iter=13 posCols=15 newCols=15 effImprove=15 updated=0
    [CG] CG iter 14: obj=2663151.204760, maxRC=9529.286607, +8 cols
    [CG]   [DIAG] iter=14 posCols=8 newCols=8 effImprove=8 updated=0
    [CG] CG iter 15: obj=2665280.128072, maxRC=5089.691657, +8 cols
    [CG]   [DIAG] iter=15 posCols=8 newCols=8 effImprove=8 updated=0
    [CG] CG iter 16: obj=2665280.128072, maxRC=2082.866399, +1 cols
    [CG]   [DIAG] iter=16 posCols=1 newCols=1 effImprove=1 updated=0
    [CG] 列生成收敛，共 17 轮迭代
    [CG] [CG-NODE] depth=0 exit=CERTIFIED certified=1 feasible=1 iters=17 generatedColsBeforeNode=0 newCols=318 posCandidates=320 duplicateCandidates=2 updatedCols=2 zeroObjImproveIters=3 objFirst=1145926.001815 objLast=2665280.128072 objGain=1519354.126257 maxRC=1395131.153075 wallSec=0.205553 pricingSec=0.192439 cplexSolveSec=0.008138
      [BB] 根节点即为整数解，obj=2665280.128072
