    [CG] 列生成开始，初始列数=310
    [CG] CG iter 1: obj=1141504.373358, maxRC=1386598.989550, +30 cols
    [CG]   [DIAG] iter=1 posCols=30 newCols=30 effImprove=30 updated=0
    [CG] CG iter 2: obj=1902046.476167, maxRC=308676.133220, +27 cols
    [CG]   [DIAG] iter=2 posCols=27 newCols=27 effImprove=27 updated=0
    [CG] CG iter 3: obj=2143926.350146, maxRC=416676.954114, +27 cols
    [CG]   [DIAG] iter=3 posCols=27 newCols=27 effImprove=27 updated=0
    [CG] CG iter 4: obj=2244743.355492, maxRC=282400.047179, +29 cols
    [CG]   [DIAG] iter=4 posCols=29 newCols=29 effImprove=29 updated=0
    [CG] CG iter 5: obj=2365393.842250, maxRC=163668.042771, +25 cols
    [CG]   [DIAG] iter=5 posCols=25 newCols=25 effImprove=25 updated=0
    [CG] CG iter 6: obj=2464528.807364, maxRC=122641.093537, +23 cols
    [CG]   [DIAG] iter=6 posCols=23 newCols=23 effImprove=23 updated=0
    [CG] CG iter 7: obj=2543932.186096, maxRC=114214.113266, +21 cols
    [CG]   [DIAG] iter=7 posCols=21 newCols=21 effImprove=21 updated=0
    [CG] CG iter 8: obj=2558770.283618, maxRC=79326.907110, +18 cols
    [CG]   [DIAG] iter=8 posCols=18 newCols=18 effImprove=18 updated=0
    [CG] CG iter 9: obj=2583850.211031, maxRC=55522.610536, +14 cols
    [CG]   [DIAG] iter=9 posCols=14 newCols=14 effImprove=14 updated=0
    [CG] CG iter 10: obj=2591512.132577, maxRC=48317.672362, +15 cols
    [CG]   [DIAG] iter=10 posCols=15 newCols=15 effImprove=15 updated=0
    [CG] CG iter 11: obj=2611424.481848, maxRC=29250.516687, +12 cols
    [CG]   [DIAG] iter=11 posCols=12 newCols=12 effImprove=12 updated=0
    [CG] CG iter 12: obj=2631856.432403, maxRC=35607.926609, +12 cols
    [CG]   [DIAG] iter=12 posCols=12 newCols=12 effImprove=12 updated=0
    [CG] CG iter 13: obj=2638539.595871, maxRC=12655.700460, +10 cols
    [CG]   [DIAG] iter=13 posCols=10 newCols=9 effImprove=10 updated=1
    [CG] CG iter 14: obj=2638893.075737, maxRC=10107.834662, +8 cols
    [CG]   [DIAG] iter=14 posCols=8 newCols=8 effImprove=8 updated=0
    [CG] CG iter 15: obj=2641944.954639, maxRC=217.358956, +1 cols
    [CG]   [DIAG] iter=15 posCols=1 newCols=1 effImprove=1 updated=0
    [CG] 列生成收敛，共 16 轮迭代
    [CG] [CG-NODE] depth=0 exit=CERTIFIED certified=1 feasible=1 iters=16 generatedColsBeforeNode=0 newCols=271 posCandidates=272 duplicateCandidates=1 updatedCols=1 zeroObjImproveIters=1 objFirst=1141504.373358 objLast=2641944.954639 objGain=1500440.581281 maxRC=1386598.989550 wallSec=0.177854 pricingSec=0.147712 cplexSolveSec=0.006977
      [BB] 根节点即为整数解，obj=2641944.954639
