    [CG] 列生成开始，初始列数=310
    [CG] CG iter 1: obj=1046839.915117, maxRC=1671012.030125, +30 cols
    [CG]   [DIAG] iter=1 posCols=30 newCols=30 effImprove=30 updated=0
    [CG] CG iter 2: obj=1983486.114288, maxRC=341282.132538, +27 cols
    [CG]   [DIAG] iter=2 posCols=27 newCols=27 effImprove=27 updated=0
    [CG] CG iter 3: obj=2209807.518467, maxRC=555569.441237, +30 cols
    [CG]   [DIAG] iter=3 posCols=30 newCols=30 effImprove=30 updated=0
    [CG] CG iter 4: obj=2293848.332538, maxRC=402792.246906, +27 cols
    [CG]   [DIAG] iter=4 posCols=27 newCols=26 effImprove=27 updated=1
    [CG] CG iter 5: obj=2319916.155735, maxRC=211064.308246, +28 cols
    [CG]   [DIAG] iter=5 posCols=28 newCols=28 effImprove=28 updated=0
    [CG] CG iter 6: obj=2397636.598393, maxRC=211804.785964, +28 cols
    [CG]   [DIAG] iter=6 posCols=28 newCols=28 effImprove=28 updated=0
    [CG] CG iter 7: obj=2459288.804154, maxRC=133494.630811, +24 cols
    [CG]   [DIAG] iter=7 posCols=24 newCols=23 effImprove=24 updated=1
    [CG] CG iter 8: obj=2531898.671966, maxRC=211919.767333, +24 cols
    [CG]   [DIAG] iter=8 posCols=24 newCols=24 effImprove=24 updated=0
    [CG] CG iter 9: obj=2547584.247974, maxRC=150205.067863, +24 cols
    [CG]   [DIAG] iter=9 posCols=24 newCols=24 effImprove=24 updated=0
    [CG] CG iter 10: obj=2564005.229477, maxRC=144366.487016, +21 cols
    [CG]   [DIAG] iter=10 posCols=21 newCols=21 effImprove=21 updated=0
    [CG] CG iter 11: obj=2592877.482401, maxRC=111067.071710, +18 cols
    [CG]   [DIAG] iter=11 posCols=18 newCols=18 effImprove=18 updated=0
    [CG] CG iter 12: obj=2628260.020353, maxRC=112271.464026, +19 cols
    [CG]   [DIAG] iter=12 posCols=19 newCols=19 effImprove=19 updated=0
    [CG] CG iter 13: obj=2643559.827604, maxRC=51043.810589, +17 cols
    [CG]   [DIAG] iter=13 posCols=17 newCols=17 effImprove=17 updated=0
    [CG] CG iter 14: obj=2643559.827604, maxRC=54661.361906, +13 cols
    [CG]   [DIAG] iter=14 posCols=13 newCols=12 effImprove=13 updated=1
    [CG] CG iter 15: obj=2652595.587490, maxRC=28465.267548, +15 cols
    [CG]   [DIAG] iter=15 posCols=15 newCols=14 effImprove=15 updated=1
    [CG] CG iter 16: obj=2668954.283376, maxRC=27585.996832, +8 cols
    [CG]   [DIAG] iter=16 posCols=8 newCols=8 effImprove=8 updated=0
    [CG] CG iter 17: obj=2671938.072378, maxRC=20640.352835, +7 cols
    [CG]   [DIAG] iter=17 posCols=7 newCols=7 effImprove=7 updated=0
    [CG] CG iter 18: obj=2674428.551176, maxRC=20640.060253, +10 cols
    [CG]   [DIAG] iter=18 posCols=10 newCols=10 effImprove=10 updated=0
    [CG] CG iter 19: obj=2674428.551176, maxRC=12648.727687, +9 cols
    [CG]   [DIAG] iter=19 posCols=9 newCols=8 effImprove=9 updated=1
    [CG] CG iter 20: obj=2685268.438194, maxRC=12180.686897, +7 cols
    [CG]   [DIAG] iter=20 posCols=7 newCols=7 effImprove=7 updated=0
    [CG] CG iter 21: obj=2685268.438194, maxRC=5662.946475, +6 cols
    [CG]   [DIAG] iter=21 posCols=6 newCols=6 effImprove=6 updated=0
    [CG] CG iter 22: obj=2685268.438194, maxRC=5971.654720, +2 cols
    [CG]   [DIAG] iter=22 posCols=2 newCols=2 effImprove=2 updated=0
    [CG] CG iter 23: obj=2685268.438194, maxRC=3690.947624, +1 cols
    [CG]   [DIAG] iter=23 posCols=1 newCols=1 effImprove=1 updated=0
    [CG] CG iter 24: obj=2688959.385818, maxRC=3197.244254, +2 cols
    [CG]   [DIAG] iter=24 posCols=2 newCols=2 effImprove=2 updated=0
    [CG] CG iter 25: obj=2688959.385818, maxRC=104.926042, +1 cols
    [CG]   [DIAG] iter=25 posCols=1 newCols=1 effImprove=1 updated=0
    [CG] 列生成收敛，共 26 轮迭代
    [CG] [CG-NODE] depth=0 exit=CERTIFIED certified=1 feasible=1 iters=26 generatedColsBeforeNode=0 newCols=393 posCandidates=398 duplicateCandidates=5 updatedCols=5 zeroObjImproveIters=7 objFirst=1046839.915117 objLast=2688959.385818 objGain=1642119.470701 maxRC=1671012.030125 wallSec=0.218902 pricingSec=0.202579 cplexSolveSec=0.011053
      [BB] 根节点即为整数解，obj=2688959.385818
