    [CG] 列生成开始，初始列数=310
    [CG] CG iter 1: obj=1037754.014907, maxRC=1551580.407501, +30 cols
    [CG]   [DIAG] iter=1 posCols=30 newCols=30 effImprove=30 updated=0
    [CG] CG iter 2: obj=1895178.626235, maxRC=345565.400635, +29 cols
    [CG]   [DIAG] iter=2 posCols=29 newCols=29 effImprove=29 updated=0
    [CG] CG iter 3: obj=2215436.597538, maxRC=487965.933631, +30 cols
    [CG]   [DIAG] iter=3 posCols=30 newCols=30 effImprove=30 updated=0
    [CG] CG iter 4: obj=2239694.836375, maxRC=260580.692359, +30 cols
    [CG]   [DIAG] iter=4 posCols=30 newCols=30 effImprove=30 updated=0
    [CG] CG iter 5: obj=2293571.473368, maxRC=116238.546964, +25 cols
    [CG]   [DIAG] iter=5 posCols=25 newCols=24 effImprove=25 updated=1
    [CG] CG iter 6: obj=2407189.762727, maxRC=176850.240915, +25 cols
    [CG]   [DIAG] iter=6 posCols=25 newCols=25 effImprove=25 updated=0
    [CG] CG iter 7: obj=2449074.959258, maxRC=137436.442802, +20 cols
    [CG]   [DIAG] iter=7 posCols=20 newCols=20 effImprove=20 updated=0
    [CG] CG iter 8: obj=2507396.625866, maxRC=120773.148686, +18 cols
    [CG]   [DIAG] iter=8 posCols=18 newCols=18 effImprove=18 updated=0
    [CG] CG iter 9: obj=2522744.181236, maxRC=55351.532933, +15 cols
    [CG]   [DIAG] iter=9 posCols=15 newCols=15 effImprove=15 updated=0
    [CG] CG iter 10: obj=2522744.181236, maxRC=46058.211265, +14 cols
    [CG]   [DIAG] iter=10 posCols=14 newCols=14 effImprove=14 updated=0
    [CG] CG iter 11: obj=2556753.891958, maxRC=40062.225072, +13 cols
    [CG]   [DIAG] iter=11 posCols=13 newCols=12 effImprove=13 updated=1
    [CG] CG iter 12: obj=2556753.891958, maxRC=33193.367004, +11 cols
    [CG]   [DIAG] iter=12 posCols=11 newCols=10 effImprove=11 updated=1
    [CG] CG iter 13: obj=2556753.891958, maxRC=16649.142997, +6 cols
    [CG]   [DIAG] iter=13 posCols=6 newCols=6 effImprove=6 updated=0
    [CG] CG iter 14: obj=2556753.891958, maxRC=15141.576412, +3 cols
    [CG]   [DIAG] iter=14 posCols=3 newCols=3 effImprove=3 updated=0
    [CG] CG iter 15: obj=2556753.891958, maxRC=12532.992978, +3 cols
    [CG]   [DIAG] iter=15 posCols=3 newCols=3 effImprove=3 updated=0
    [CG] CG iter 16: obj=2569286.884936, maxRC=5130.984759, +3 cols
    [CG]   [DIAG] iter=16 posCols=3 newCols=3 effImprove=3 updated=0
    [CG] CG iter 17: obj=2569286.884936, maxRC=3975.452801, +2 cols
    [CG]   [DIAG] iter=17 posCols=2 newCols=2 effImprove=2 updated=0
    [CG] CG iter 18: obj=2569286.884936, maxRC=157.708350, +1 cols
    [CG]   [DIAG] iter=18 posCols=1 newCols=0 effImprove=1 updated=1
    [CG] 列生成收敛，共 19 轮迭代
    [CG] [CG-NODE] depth=0 exit=CERTIFIED certified=1 feasible=1 iters=19 generatedColsBeforeNode=0 newCols=274 posCandidates=278 duplicateCandidates=4 updatedCols=4 zeroObjImproveIters=8 objFirst=1037754.014907 objLast=2569286.884936 objGain=1531532.870029 maxRC=1551580.407501 wallSec=0.181406 pricingSec=0.168695 cplexSolveSec=0.007827
      [BB] 根节点即为整数解，obj=2569286.884936
