    [CG] 列生成开始，初始列数=310
    [CG] CG iter 1: obj=1033928.424520, maxRC=1721310.739073, +30 cols
    [CG]   [DIAG] iter=1 posCols=30 newCols=30 effImprove=30 updated=0
    [CG] CG iter 2: obj=2000739.084789, maxRC=341449.748884, +29 cols
    [CG]   [DIAG] iter=2 posCols=29 newCols=29 effImprove=29 updated=0
    [CG] CG iter 3: obj=2187775.060547, maxRC=483799.756932, +30 cols
    [CG]   [DIAG] iter=3 posCols=30 newCols=30 effImprove=30 updated=0
    [CG] CG iter 4: obj=2282508.866058, maxRC=343282.723495, +25 cols
    [CG]   [DIAG] iter=4 posCols=25 newCols=25 effImprove=25 updated=0
    [CG] CG iter 5: obj=2318497.122621, maxRC=228724.086804, +24 cols
    [CG]   [DIAG] iter=5 posCols=24 newCols=23 effImprove=24 updated=1
    [CG] CG iter 6: obj=2383514.763664, maxRC=255210.969927, +27 cols
    [CG]   [DIAG] iter=6 posCols=27 newCols=27 effImprove=27 updated=0
    [CG] CG iter 7: obj=2414507.770214, maxRC=157550.411291, +21 cols
    [CG]   [DIAG] iter=7 posCols=21 newCols=21 effImprove=21 updated=0
    [CG] CG iter 8: obj=2465317.261014, maxRC=167507.762404, +23 cols
    [CG]   [DIAG] iter=8 posCols=23 newCols=23 effImprove=23 updated=0
    [CG] CG iter 9: obj=2527291.596668, maxRC=173591.060458, +20 cols
    [CG]   [DIAG] iter=9 posCols=20 newCols=20 effImprove=20 updated=0
    [CG] CG iter 10: obj=2577619.531411, maxRC=144153.420839, +16 cols
    [CG]   [DIAG] iter=10 posCols=16 newCols=16 effImprove=16 updated=0
    [CG] CG iter 11: obj=2628071.423359, maxRC=118813.687578, +18 cols
    [CG]   [DIAG] iter=11 posCols=18 newCols=18 effImprove=18 updated=0
    [CG] CG iter 12: obj=2649656.717193, maxRC=110730.552134, +14 cols
    [CG]   [DIAG] iter=12 posCols=14 newCols=14 effImprove=14 updated=0
    [CG] CG iter 13: obj=2649656.717193, maxRC=66461.945363, +10 cols
    [CG]   [DIAG] iter=13 posCols=10 newCols=10 effImprove=10 updated=0
    [CG] CG iter 14: obj=2652726.095408, maxRC=71473.586903, +14 cols
    [CG]   [DIAG] iter=14 posCols=14 newCols=14 effImprove=14 updated=0
    [CG] CG iter 15: obj=2652726.095408, maxRC=35754.150949, +10 cols
    [CG]   [DIAG] iter=15 posCols=10 newCols=9 effImprove=10 updated=1
    [CG] CG iter 16: obj=2652726.095408, maxRC=42834.269840, +7 cols
    [CG]   [DIAG] iter=16 posCols=7 newCols=7 effImprove=7 updated=0
    [CG] CG iter 17: obj=2676965.274037, maxRC=24699.084076, +9 cols
    [CG]   [DIAG] iter=17 posCols=9 newCols=9 effImprove=9 updated=0
    [CG] CG iter 18: obj=2676965.274037, maxRC=18046.859707, +6 cols
    [CG]   [DIAG] iter=18 posCols=6 newCols=5 effImprove=6 updated=1
    [CG] CG iter 19: obj=2676965.274037, maxRC=14477.424794, +5 cols
    [CG]   [DIAG] iter=19 posCols=5 newCols=5 effImprove=5 updated=0
    [CG] CG iter 20: obj=2676965.274037, maxRC=7533.076551, +4 cols
    [CG]   [DIAG] iter=20 posCols=4 newCols=4 effImprove=4 updated=0
    [CG] CG iter 21: obj=2676965.274037, maxRC=3572.045361, +4 cols
    [CG]   [DIAG] iter=21 posCols=4 newCols=4 effImprove=4 updated=0
    [CG] CG iter 22: obj=2680537.319398, maxRC=1166.739984, +2 cols
    [CG]   [DIAG] iter=22 posCols=2 newCols=2 effImprove=2 updated=0
    [CG] 列生成收敛，共 23 轮迭代
    [CG] [CG-NODE] depth=0 exit=CERTIFIED certified=1 feasible=1 iters=23 generatedColsBeforeNode=0 newCols=345 posCandidates=348 duplicateCandidates=3 updatedCols=3 zeroObjImproveIters=8 objFirst=1033928.424520 objLast=2680537.319398 objGain=1646608.894878 maxRC=1721310.739073 wallSec=0.199339 pricingSec=0.184755 cplexSolveSec=0.010007
      [BB] 根节点即为整数解，obj=2680537.319398
