    [CG] 列生成开始，初始列数=310
    [CG] CG iter 1: obj=1052169.918096, maxRC=1709565.452901, +30 cols
    [CG]   [DIAG] iter=1 posCols=30 newCols=30 effImprove=30 updated=0
    [CG] CG iter 2: obj=2007105.812185, maxRC=325109.707111, +28 cols
    [CG]   [DIAG] iter=2 posCols=28 newCols=28 effImprove=28 updated=0
    [CG] CG iter 3: obj=2230594.698900, maxRC=564433.275441, +30 cols
    [CG]   [DIAG] iter=3 posCols=30 newCols=30 effImprove=30 updated=0
    [CG] CG iter 4: obj=2259764.030738, maxRC=296533.892111, +30 cols
    [CG]   [DIAG] iter=4 posCols=30 newCols=30 effImprove=30 updated=0
    [CG] CG iter 5: obj=2311504.926269, maxRC=221313.883938, +24 cols
    [CG]   [DIAG] iter=5 posCols=24 newCols=24 effImprove=24 updated=0
    [CG] CG iter 6: obj=2363566.740173, maxRC=189296.162528, +24 cols
    [CG]   [DIAG] iter=6 posCols=24 newCols=24 effImprove=24 updated=0
    [CG] CG iter 7: obj=2426721.318521, maxRC=195611.421378, +24 cols
    [CG]   [DIAG] iter=7 posCols=24 newCols=24 effImprove=24 updated=0
    [CG] CG iter 8: obj=2456569.306901, maxRC=119861.810285, +22 cols
    [CG]   [DIAG] iter=8 posCols=22 newCols=21 effImprove=22 updated=1
    [CG] CG iter 9: obj=2529331.907956, maxRC=129920.754467, +19 cols
    [CG]   [DIAG] iter=9 posCols=19 newCols=19 effImprove=19 updated=0
    [CG] CG iter 10: obj=2540479.868452, maxRC=101870.824711, +18 cols
    [CG]   [DIAG] iter=10 posCols=18 newCols=18 effImprove=18 updated=0
    [CG] CG iter 11: obj=2557168.157240, maxRC=73870.173789, +18 cols
    [CG]   [DIAG] iter=11 posCols=18 newCols=18 effImprove=18 updated=0
    [CG] CG iter 12: obj=2604759.537449, maxRC=106431.190886, +20 cols
    [CG]   [DIAG] iter=12 posCols=20 newCols=20 effImprove=20 updated=0
    [CG] CG iter 13: obj=2613973.857576, maxRC=65068.505202, +17 cols
    [CG]   [DIAG] iter=13 posCols=17 newCols=17 effImprove=17 updated=0
    [CG] CG iter 14: obj=2651954.899904, maxRC=50895.559778, +18 cols
    [CG]   [DIAG] iter=14 posCols=18 newCols=18 effImprove=18 updated=0
    [CG] CG iter 15: obj=2651954.899904, maxRC=46425.862326, +17 cols
    [CG]   [DIAG] iter=15 posCols=17 newCols=17 effImprove=17 updated=0
    [CG] CG iter 16: obj=2655538.727524, maxRC=15668.036057, +13 cols
    [CG]   [DIAG] iter=16 posCols=13 newCols=13 effImprove=13 updated=0
    [CG] CG iter 17: obj=2672778.303926, maxRC=10728.612731, +10 cols
    [CG]   [DIAG] iter=17 posCols=10 newCols=10 effImprove=10 updated=0
    [CG] CG iter 18: obj=2677270.652498, maxRC=3965.167302, +8 cols
    [CG]   [DIAG] iter=18 posCols=8 newCols=8 effImprove=8 updated=0
    [CG] CG iter 19: obj=2677270.652498, maxRC=1477.227118, +2 cols
    [CG]   [DIAG] iter=19 posCols=2 newCols=1 effImprove=2 updated=1
    [CG] 列生成收敛，共 20 轮迭代
    [CG] [CG-NODE] depth=0 exit=CERTIFIED certified=1 feasible=1 iters=20 generatedColsBeforeNode=0 newCols=370 posCandidates=372 duplicateCandidates=2 updatedCols=2 zeroObjImproveIters=3 objFirst=1052169.918096 objLast=2677270.652498 objGain=1625100.734402 maxRC=1709565.452901 wallSec=0.219900 pricingSec=0.203972 cplexSolveSec=0.010363
      [BB] 根节点即为整数解，obj=2677270.652498
