    [CG] 列生成开始，初始列数=310
    [CG] CG iter 1: obj=1014628.234973, maxRC=1683859.866025, +30 cols
    [CG]   [DIAG] iter=1 posCols=30 newCols=30 effImprove=30 updated=0
    [CG] CG iter 2: obj=1960950.956903, maxRC=334394.410980, +26 cols
    [CG]   [DIAG] iter=2 posCols=26 newCols=26 effImprove=26 updated=0
    [CG] CG iter 3: obj=2142733.421647, maxRC=397918.514084, +29 cols
    [CG]   [DIAG] iter=3 posCols=29 newCols=29 effImprove=29 updated=0
    [CG] CG iter 4: obj=2198204.714633, maxRC=300386.075130, +27 cols
    [CG]   [DIAG] iter=4 posCols=27 newCols=27 effImprove=27 updated=0
    [CG] CG iter 5: obj=2237035.883669, maxRC=229020.808838, +22 cols
    [CG]   [DIAG] iter=5 posCols=22 newCols=22 effImprove=22 updated=0
    [CG] CG iter 6: obj=2304646.237205, maxRC=235242.066476, +25 cols
    [CG]   [DIAG] iter=6 posCols=25 newCols=25 effImprove=25 updated=0
    [CG] CG iter 7: obj=2338253.767414, maxRC=153853.146889, +21 cols
    [CG]   [DIAG] iter=7 posCols=21 newCols=21 effImprove=21 updated=0
    [CG] CG iter 8: obj=2365946.076203, maxRC=129711.690497, +20 cols
    [CG]   [DIAG] iter=8 posCols=20 newCols=20 effImprove=20 updated=0
    [CG] CG iter 9: obj=2470065.982471, maxRC=105820.730163, +18 cols
    [CG]   [DIAG] iter=9 posCols=18 newCols=18 effImprove=18 updated=0
    [CG] CG iter 10: obj=2549806.237054, maxRC=150472.701360, +20 cols
    [CG]   [DIAG] iter=10 posCols=20 newCols=20 effImprove=20 updated=0
    [CG] CG iter 11: obj=2553931.198137, maxRC=51076.188383, +12 cols
    [CG]   [DIAG] iter=11 posCols=12 newCols=12 effImprove=12 updated=0
    [CG] CG iter 12: obj=2575479.400178, maxRC=44644.526863, +12 cols
    [CG]   [DIAG] iter=12 posCols=12 newCols=11 effImprove=12 updated=1
    [CG] CG iter 13: obj=2575479.400178, maxRC=42578.207290, +11 cols
    [CG]   [DIAG] iter=13 posCols=11 newCols=10 effImprove=11 updated=1
    [CG] CG iter 14: obj=2575479.400178, maxRC=50368.066366, +11 cols
    [CG]   [DIAG] iter=14 posCols=11 newCols=11 effImprove=11 updated=0
    [CG] CG iter 15: obj=2575526.760112, maxRC=65177.580992, +15 cols
    [CG]   [DIAG] iter=15 posCols=15 newCols=15 effImprove=15 updated=0
    [CG] CG iter 16: obj=2596445.096517, maxRC=48006.485208, +16 cols
    [CG]   [DIAG] iter=16 posCols=16 newCols=16 effImprove=16 updated=0
    [CG] CG iter 17: obj=2596445.096517, maxRC=31413.531232, +10 cols
    [CG]   [DIAG] iter=17 posCols=10 newCols=10 effImprove=10 updated=0
    [CG] CG iter 18: obj=2622663.169073, maxRC=26351.999996, +9 cols
    [CG]   [DIAG] iter=18 posCols=9 newCols=9 effImprove=9 updated=0
    [CG] CG iter 19: obj=2622663.169073, maxRC=14821.482055, +6 cols
    [CG]   [DIAG] iter=19 posCols=6 newCols=6 effImprove=6 updated=0
    [CG] CG iter 20: obj=2622663.169073, maxRC=5832.560254, +7 cols
    [CG]   [DIAG] iter=20 posCols=7 newCols=7 effImprove=7 updated=0
    [CG] CG iter 21: obj=2623962.719693, maxRC=2564.140037, +4 cols
    [CG]   [DIAG] iter=21 posCols=4 newCols=4 effImprove=4 updated=0
    [CG] CG iter 22: obj=2623962.719693, maxRC=1614.742722, +2 cols
    [CG]   [DIAG] iter=22 posCols=2 newCols=2 effImprove=2 updated=0
    [CG] CG iter 23: obj=2623962.719693, maxRC=396.347689, +1 cols
    [CG]   [DIAG] iter=23 posCols=1 newCols=1 effImprove=1 updated=0
    [CG] 列生成收敛，共 24 轮迭代
    [CG] [CG-NODE] depth=0 exit=CERTIFIED certified=1 feasible=1 iters=24 generatedColsBeforeNode=0 newCols=352 posCandidates=354 duplicateCandidates=2 updatedCols=2 zeroObjImproveIters=8 objFirst=1014628.234973 objLast=2623962.719693 objGain=1609334.484721 maxRC=1683859.866025 wallSec=0.207195 pricingSec=0.189931 cplexSolveSec=0.011508
      [BB] 根节点即为整数解，obj=2623962.719693
