    [CG] 列生成开始，初始列数=310
    [CG] CG iter 1: obj=1085529.616397, maxRC=1721637.869759, +30 cols
    [CG]   [DIAG] iter=1 posCols=30 newCols=30 effImprove=30 updated=0
    [CG] CG iter 2: obj=2044133.909115, maxRC=372659.210094, +30 cols
    [CG]   [DIAG] iter=2 posCols=30 newCols=30 effImprove=30 updated=0
    [CG] CG iter 3: obj=2255844.187858, maxRC=616397.057359, +30 cols
    [CG]   [DIAG] iter=3 posCols=30 newCols=30 effImprove=30 updated=0
    [CG] CG iter 4: obj=2269170.233912, maxRC=461131.098813, +30 cols
    [CG]   [DIAG] iter=4 posCols=30 newCols=30 effImprove=30 updated=0
    [CG] CG iter 5: obj=2342326.267488, maxRC=260100.301587, +30 cols
    [CG]   [DIAG] iter=5 posCols=30 newCols=30 effImprove=30 updated=0
    [CG] CG iter 6: obj=2431007.975500, maxRC=234399.377461, +28 cols
    [CG]   [DIAG] iter=6 posCols=28 newCols=28 effImprove=28 updated=0
    [CG] CG iter 7: obj=2495664.764323, maxRC=171923.784293, +27 cols
    [CG]   [DIAG] iter=7 posCols=27 newCols=27 effImprove=27 updated=0
    [CG] CG iter 8: obj=2513575.634456, maxRC=170151.847649, +26 cols
    [CG]   [DIAG] iter=8 posCols=26 newCols=25 effImprove=26 updated=1
    [CG] CG iter 9: obj=2583673.463596, maxRC=98761.937527, +22 cols
    [CG]   [DIAG] iter=9 posCols=22 newCols=22 effImprove=22 updated=0
    [CG] CG iter 10: obj=2615783.743583, maxRC=68697.301715, +17 cols
    [CG]   [DIAG] iter=10 posCols=17 newCols=17 effImprove=17 updated=0
    [CG] CG iter 11: obj=2652251.639690, maxRC=65703.934905, +15 cols
    [CG]   [DIAG] iter=11 posCols=15 newCols=15 effImprove=15 updated=0
    [CG] CG iter 12: obj=2657623.637025, maxRC=35736.749341, +13 cols
    [CG]   [DIAG] iter=12 posCols=13 newCols=13 effImprove=13 updated=0
    [CG] CG iter 13: obj=2687498.368024, maxRC=49145.459213, +15 cols
    [CG]   [DIAG] iter=13 posCols=15 newCols=15 effImprove=15 updated=0
    [CG] CG iter 14: obj=2696854.434552, maxRC=45346.724646, +12 cols
    [CG]   [DIAG] iter=14 posCols=12 newCols=12 effImprove=12 updated=0
    [CG] CG iter 15: obj=2704224.176308, maxRC=39749.561643, +11 cols
    [CG]   [DIAG] iter=15 posCols=11 newCols=11 effImprove=11 updated=0
    [CG] CG iter 16: obj=2723471.436933, maxRC=8834.641315, +5 cols
    [CG]   [DIAG] iter=16 posCols=5 newCols=4 effImprove=5 updated=1
    [CG] CG iter 17: obj=2723471.436933, maxRC=6078.427241, +4 cols
    [CG]   [DIAG] iter=17 posCols=4 newCols=4 effImprove=4 updated=0
    [CG] CG iter 18: obj=2723471.436933, maxRC=6583.110163, +2 cols
    [CG]   [DIAG] iter=18 posCols=2 newCols=1 effImprove=2 updated=1
    [CG] CG iter 19: obj=2723471.436933, maxRC=1723.714882, +2 cols
    [CG]   [DIAG] iter=19 posCols=2 newCols=2 effImprove=2 updated=0
    [CG] CG iter 20: obj=2723471.436933, maxRC=1615.576348, +2 cols
    [CG]   [DIAG] iter=20 posCols=2 newCols=2 effImprove=2 updated=0
    [CG] CG iter 21: obj=2723471.436933, maxRC=774.069866, +2 cols
    [CG]   [DIAG] iter=21 posCols=2 newCols=2 effImprove=2 updated=0
    [CG] CG iter 22: obj=2723471.436933, maxRC=926.987270, +1 cols
    [CG]   [DIAG] iter=22 posCols=1 newCols=1 effImprove=1 updated=0
    [CG] CG iter 23: obj=2723471.436933, maxRC=284.128354, +1 cols
    [CG]   [DIAG] iter=23 posCols=1 newCols=1 effImprove=1 updated=0
    [CG] CG iter 24: obj=2723471.436933, maxRC=252.799579, +1 cols
    [CG]   [DIAG] iter=24 posCols=1 newCols=1 effImprove=1 updated=0
    [CG] 列生成收敛，共 25 轮迭代
    [CG] [CG-NODE] depth=0 exit=CERTIFIED certified=1 feasible=1 iters=25 generatedColsBeforeNode=0 newCols=353 posCandidates=356 duplicateCandidates=3 updatedCols=3 zeroObjImproveIters=9 objFirst=1085529.616397 objLast=2723471.436933 objGain=1637941.820537 maxRC=1721637.869759 wallSec=0.274952 pricingSec=0.239343 cplexSolveSec=0.010782
      [BB] 根节点即为整数解，obj=2723471.436933
