    [CG] 列生成开始，初始列数=310
    [CG] CG iter 1: obj=376819.878509, maxRC=1517835.849548, +30 cols
    [CG]   [DIAG] iter=1 posCols=30 newCols=30 effImprove=30 updated=0
    [CG] CG iter 2: obj=1697674.652915, maxRC=588634.870051, +15 cols
    [CG]   [DIAG] iter=2 posCols=15 newCols=15 effImprove=15 updated=0
    [CG] CG iter 3: obj=1697674.652915, maxRC=736402.323358, +16 cols
    [CG]   [DIAG] iter=3 posCols=16 newCols=16 effImprove=16 updated=0
    [CG] CG iter 4: obj=1697674.652915, maxRC=720774.721970, +15 cols
    [CG]   [DIAG] iter=4 posCols=15 newCols=15 effImprove=15 updated=0
    [CG] CG iter 5: obj=1697674.652915, maxRC=789289.419584, +15 cols
    [CG]   [DIAG] iter=5 posCols=15 newCols=15 effImprove=15 updated=0
    [CG] CG iter 6: obj=1697674.652915, maxRC=668934.346849, +15 cols
    [CG]   [DIAG] iter=6 posCols=15 newCols=15 effImprove=15 updated=0
    [CG] CG iter 7: obj=1697674.652915, maxRC=559843.642148, +16 cols
    [CG]   [DIAG] iter=7 posCols=16 newCols=16 effImprove=16 updated=0
    [CG] CG iter 8: obj=1713789.507980, maxRC=755410.921089, +15 cols
    [CG]   [DIAG] iter=8 posCols=15 newCols=15 effImprove=15 updated=0
    [CG] CG iter 9: obj=1713789.507980, maxRC=680006.385562, +15 cols
    [CG]   [DIAG] iter=9 posCols=15 newCols=15 effImprove=15 updated=0
    [CG] CG iter 10: obj=1725856.739395, maxRC=636746.311377, +15 cols
    [CG]   [DIAG] iter=10 posCols=15 newCols=15 effImprove=15 updated=0
    [CG] CG iter 11: obj=1734864.159104, maxRC=500053.125158, +15 cols
    [CG]   [DIAG] iter=11 posCols=15 newCols=15 effImprove=15 updated=0
    [CG] CG iter 12: obj=1741197.151315, maxRC=541977.104242, +15 cols
    [CG]   [DIAG] iter=12 posCols=15 newCols=15 effImprove=15 updated=0
    [CG] CG iter 13: obj=1748610.193291, maxRC=160110.257052, +15 cols
    [CG]   [DIAG] iter=13 posCols=15 newCols=15 effImprove=15 updated=0
    [CG] CG iter 14: obj=1752472.634086, maxRC=210897.119047, +15 cols
    [CG]   [DIAG] iter=14 posCols=15 newCols=15 effImprove=15 updated=0
    [CG] CG iter 15: obj=1785020.441239, maxRC=400673.831918, +15 cols
    [CG]   [DIAG] iter=15 posCols=15 newCols=15 effImprove=15 updated=0
    [CG] CG iter 16: obj=1790277.432942, maxRC=249827.682781, +15 cols
    [CG]   [DIAG] iter=16 posCols=15 newCols=15 effImprove=15 updated=0
    [CG] CG iter 17: obj=1796325.679094, maxRC=160192.129618, +14 cols
    [CG]   [DIAG] iter=17 posCols=14 newCols=14 effImprove=14 updated=0
    [CG] CG iter 18: obj=1807599.658371, maxRC=108269.002081, +15 cols
    [CG]   [DIAG] iter=18 posCols=15 newCols=15 effImprove=15 updated=0
    [CG] CG iter 19: obj=1812961.671329, maxRC=84763.850639, +11 cols
    [CG]   [DIAG] iter=19 posCols=11 newCols=11 effImprove=11 updated=0
    [CG] CG iter 20: obj=1816912.134632, maxRC=57467.785248, +12 cols
    [CG]   [DIAG] iter=20 posCols=12 newCols=12 effImprove=12 updated=0
    [CG] CG iter 21: obj=1822936.689377, maxRC=81201.763749, +9 cols
    [CG]   [DIAG] iter=21 posCols=9 newCols=9 effImprove=9 updated=0
    [CG] CG iter 22: obj=1828489.279797, maxRC=78815.707347, +12 cols
    [CG]   [DIAG] iter=22 posCols=12 newCols=12 effImprove=12 updated=0
    [CG] CG iter 23: obj=1831388.251480, maxRC=41410.589443, +10 cols
    [CG]   [DIAG] iter=23 posCols=10 newCols=10 effImprove=10 updated=0
    [CG] CG iter 24: obj=1835088.453021, maxRC=60656.568965, +9 cols
    [CG]   [DIAG] iter=24 posCols=9 newCols=9 effImprove=9 updated=0
    [CG] CG iter 25: obj=1837166.386550, maxRC=52013.536098, +9 cols
    [CG]   [DIAG] iter=25 posCols=9 newCols=9 effImprove=9 updated=0
    [CG] CG iter 26: obj=1848938.583503, maxRC=34661.971869, +9 cols
    [CG]   [DIAG] iter=26 posCols=9 newCols=9 effImprove=9 updated=0
    [CG] CG iter 27: obj=1853798.774653, maxRC=31180.332110, +9 cols
    [CG]   [DIAG] iter=27 posCols=9 newCols=9 effImprove=9 updated=0
    [CG] CG iter 28: obj=1856727.224606, maxRC=17262.855190, +7 cols
    [CG]   [DIAG] iter=28 posCols=7 newCols=7 effImprove=7 updated=0
    [CG] CG iter 29: obj=1864611.320132, maxRC=25594.096091, +6 cols
    [CG]   [DIAG] iter=29 posCols=6 newCols=6 effImprove=6 updated=0
    [CG] CG iter 30: obj=1864611.320132, maxRC=11088.027961, +5 cols
    [CG]   [DIAG] iter=30 posCols=5 newCols=5 effImprove=5 updated=0
    [CG] CG iter 31: obj=1864611.320132, maxRC=13082.040073, +4 cols
    [CG]   [DIAG] iter=31 posCols=4 newCols=4 effImprove=4 updated=0
    [CG] CG iter 32: obj=1868383.735672, maxRC=4600.574295, +4 cols
    [CG]   [DIAG] iter=32 posCols=4 newCols=4 effImprove=4 updated=0
    [CG] CG iter 33: obj=1872984.309967, maxRC=725.905965, +2 cols
    [CG]   [DIAG] iter=33 posCols=2 newCols=2 effImprove=2 updated=0
    [CG] CG iter 34: obj=1872984.309967, maxRC=467.362555, +1 cols
    [CG]   [DIAG] iter=34 posCols=1 newCols=1 effImprove=1 updated=0
    [CG] CG iter 35: obj=1872984.309967, maxRC=321.977292, +1 cols
    [CG]   [DIAG] iter=35 posCols=1 newCols=1 effImprove=1 updated=0
    [CG] CG iter 36: obj=1872984.309967, maxRC=229.077063, +1 cols
    [CG]   [DIAG] iter=36 posCols=1 newCols=1 effImprove=1 updated=0
    [CG] CG iter 37: obj=1872984.309967, maxRC=201.815940, +1 cols
    [CG]   [DIAG] iter=37 posCols=1 newCols=1 effImprove=1 updated=0
    [CG] CG iter 38: obj=1872984.309967, maxRC=192.994515, +1 cols
    [CG]   [DIAG] iter=38 posCols=1 newCols=1 effImprove=1 updated=0
    [CG] CG iter 39: obj=1872984.309967, maxRC=74.649120, +1 cols
    [CG]   [DIAG] iter=39 posCols=1 newCols=1 effImprove=1 updated=0
    [CG] 列生成收敛，共 40 轮迭代
    [CG] [CG-NODE] depth=0 exit=CERTIFIED certified=1 feasible=1 iters=40 generatedColsBeforeNode=0 newCols=410 posCandidates=410 duplicateCandidates=0 updatedCols=0 zeroObjImproveIters=15 objFirst=376819.878509 objLast=1872984.309967 objGain=1496164.431458 maxRC=1517835.849548 wallSec=0.664233 pricingSec=0.642244 cplexSolveSec=0.015400
      [BB] 根节点即为整数解，obj=1872984.309967
