    [CG] 列生成开始，初始列数=310
    [CG] CG iter 1: obj=592177.870988, maxRC=1472964.167730, +28 cols
    [CG]   [DIAG] iter=1 posCols=28 newCols=28 effImprove=28 updated=0
    [CG] CG iter 2: obj=1658487.679847, maxRC=396526.561957, +22 cols
    [CG]   [DIAG] iter=2 posCols=22 newCols=22 effImprove=22 updated=0
    [CG] CG iter 3: obj=1690057.892211, maxRC=488700.698989, +18 cols
    [CG]   [DIAG] iter=3 posCols=18 newCols=17 effImprove=18 updated=1
    [CG] CG iter 4: obj=1702086.608394, maxRC=505338.044742, +16 cols
    [CG]   [DIAG] iter=4 posCols=16 newCols=16 effImprove=16 updated=0
    [CG] CG iter 5: obj=1709170.914743, maxRC=570724.268931, +18 cols
    [CG]   [DIAG] iter=5 posCols=18 newCols=18 effImprove=18 updated=0
    [CG] CG iter 6: obj=1716223.888144, maxRC=494445.156199, +14 cols
    [CG]   [DIAG] iter=6 posCols=14 newCols=14 effImprove=14 updated=0
    [CG] CG iter 7: obj=1768255.500033, maxRC=513015.171747, +15 cols
    [CG]   [DIAG] iter=7 posCols=15 newCols=15 effImprove=15 updated=0
    [CG] CG iter 8: obj=1790418.386489, maxRC=341803.481583, +16 cols
    [CG]   [DIAG] iter=8 posCols=16 newCols=16 effImprove=16 updated=0
    [CG] CG iter 9: obj=1798008.443731, maxRC=323755.131469, +15 cols
    [CG]   [DIAG] iter=9 posCols=15 newCols=15 effImprove=15 updated=0
    [CG] CG iter 10: obj=1829442.911363, maxRC=155968.992603, +11 cols
    [CG]   [DIAG] iter=10 posCols=11 newCols=11 effImprove=11 updated=0
    [CG] CG iter 11: obj=1849679.404444, maxRC=106427.079808, +11 cols
    [CG]   [DIAG] iter=11 posCols=11 newCols=10 effImprove=11 updated=1
    [CG] CG iter 12: obj=1889006.088224, maxRC=94394.894258, +11 cols
    [CG]   [DIAG] iter=12 posCols=11 newCols=11 effImprove=11 updated=0
    [CG] CG iter 13: obj=1900360.483892, maxRC=63210.993450, +10 cols
    [CG]   [DIAG] iter=13 posCols=10 newCols=10 effImprove=10 updated=0
    [CG] CG iter 14: obj=1911785.761683, maxRC=46071.155472, +9 cols
    [CG]   [DIAG] iter=14 posCols=9 newCols=9 effImprove=9 updated=0
    [CG] CG iter 15: obj=1933589.818739, maxRC=88028.253364, +9 cols
    [CG]   [DIAG] iter=15 posCols=9 newCols=9 effImprove=9 updated=0
    [CG] CG iter 16: obj=1933589.818739, maxRC=71786.138201, +8 cols
    [CG]   [DIAG] iter=16 posCols=8 newCols=8 effImprove=8 updated=0
    [CG] CG iter 17: obj=1935093.804396, maxRC=29140.631914, +11 cols
    [CG]   [DIAG] iter=17 posCols=11 newCols=10 effImprove=11 updated=1
    [CG] CG iter 18: obj=1947439.783812, maxRC=21604.519972, +8 cols
    [CG]   [DIAG] iter=18 posCols=8 newCols=8 effImprove=8 updated=0
    [CG] CG iter 19: obj=1953327.761943, maxRC=18866.955706, +9 cols
    [CG]   [DIAG] iter=19 posCols=9 newCols=9 effImprove=9 updated=0
    [CG] CG iter 20: obj=1961334.573134, maxRC=12609.601627, +5 cols
    [CG]   [DIAG] iter=20 posCols=5 newCols=5 effImprove=5 updated=0
    [CG] CG iter 21: obj=1972272.944198, maxRC=11225.252168, +5 cols
    [CG]   [DIAG] iter=21 posCols=5 newCols=5 effImprove=5 updated=0
    [CG] CG iter 22: obj=1972272.944198, maxRC=9952.097013, +5 cols
    [CG]   [DIAG] iter=22 posCols=5 newCols=5 effImprove=5 updated=0
    [CG] CG iter 23: obj=1972272.944198, maxRC=5117.383511, +3 cols
    [CG]   [DIAG] iter=23 posCols=3 newCols=3 effImprove=3 updated=0
    [CG] CG iter 24: obj=1972272.944198, maxRC=4875.556330, +6 cols
    [CG]   [DIAG] iter=24 posCols=6 newCols=6 effImprove=6 updated=0
    [CG] CG iter 25: obj=1972272.944198, maxRC=2472.029046, +3 cols
    [CG]   [DIAG] iter=25 posCols=3 newCols=3 effImprove=3 updated=0
    [CG] CG iter 26: obj=1972272.944198, maxRC=1132.764261, +3 cols
    [CG]   [DIAG] iter=26 posCols=3 newCols=3 effImprove=3 updated=0
    [CG] CG iter 27: obj=1972272.944198, maxRC=666.306868, +2 cols
    [CG]   [DIAG] iter=27 posCols=2 newCols=2 effImprove=2 updated=0
    [CG] 列生成收敛，共 28 轮迭代
    [CG] [CG-NODE] depth=0 exit=CERTIFIED certified=1 feasible=1 iters=28 generatedColsBeforeNode=0 newCols=288 posCandidates=291 duplicateCandidates=3 updatedCols=3 zeroObjImproveIters=8 objFirst=592177.870988 objLast=1972272.944198 objGain=1380095.073210 maxRC=1472964.167730 wallSec=0.253814 pricingSec=0.221126 cplexSolveSec=0.010705
      [BB] 根节点即为整数解，obj=1972272.944198
