    [CG] 列生成开始，初始列数=310
    [CG] CG iter 1: obj=811630.077241, maxRC=1170652.892000, +30 cols
    [CG]   [DIAG] iter=1 posCols=30 newCols=30 effImprove=30 updated=0
    [CG] CG iter 2: obj=1590692.306258, maxRC=248369.748635, +27 cols
    [CG]   [DIAG] iter=2 posCols=27 newCols=27 effImprove=27 updated=0
    [CG] CG iter 3: obj=1828226.838089, maxRC=481909.367592, +30 cols
    [CG]   [DIAG] iter=3 posCols=30 newCols=30 effImprove=30 updated=0
    [CG] CG iter 4: obj=1863288.419704, maxRC=414161.389056, +27 cols
    [CG]   [DIAG] iter=4 posCols=27 newCols=27 effImprove=27 updated=0
    [CG] CG iter 5: obj=1897229.890010, maxRC=230858.296629, +23 cols
    [CG]   [DIAG] iter=5 posCols=23 newCols=23 effImprove=23 updated=0
    [CG] CG iter 6: obj=1916252.699508, maxRC=154746.877316, +22 cols
    [CG]   [DIAG] iter=6 posCols=22 newCols=22 effImprove=22 updated=0
    [CG] CG iter 7: obj=1995480.805940, maxRC=131323.062124, +21 cols
    [CG]   [DIAG] iter=7 posCols=21 newCols=21 effImprove=21 updated=0
    [CG] CG iter 8: obj=2053153.986934, maxRC=114130.249693, +21 cols
    [CG]   [DIAG] iter=8 posCols=21 newCols=21 effImprove=21 updated=0
    [CG] CG iter 9: obj=2085260.254682, maxRC=57484.744778, +21 cols
    [CG]   [DIAG] iter=9 posCols=21 newCols=21 effImprove=21 updated=0
    [CG] CG iter 10: obj=2112815.672831, maxRC=75408.633012, +19 cols
    [CG]   [DIAG] iter=10 posCols=19 newCols=19 effImprove=19 updated=0
    [CG] CG iter 11: obj=2145448.547075, maxRC=57818.107164, +16 cols
    [CG]   [DIAG] iter=11 posCols=16 newCols=16 effImprove=16 updated=0
    [CG] CG iter 12: obj=2145448.547075, maxRC=32184.171171, +20 cols
    [CG]   [DIAG] iter=12 posCols=20 newCols=20 effImprove=20 updated=0
    [CG] CG iter 13: obj=2166114.830950, maxRC=27516.156616, +12 cols
    [CG]   [DIAG] iter=13 posCols=12 newCols=12 effImprove=12 updated=0
    [CG] CG iter 14: obj=2173540.040056, maxRC=17746.157077, +7 cols
    [CG]   [DIAG] iter=14 posCols=7 newCols=6 effImprove=7 updated=1
    [CG] CG iter 15: obj=2201415.520551, maxRC=19437.521960, +8 cols
    [CG]   [DIAG] iter=15 posCols=8 newCols=8 effImprove=8 updated=0
    [CG] CG iter 16: obj=2201415.520551, maxRC=9244.871045, +5 cols
    [CG]   [DIAG] iter=16 posCols=5 newCols=5 effImprove=5 updated=0
    [CG] CG iter 17: obj=2201415.520551, maxRC=5942.718100, +3 cols
    [CG]   [DIAG] iter=17 posCols=3 newCols=3 effImprove=3 updated=0
    [CG] CG iter 18: obj=2201415.520551, maxRC=3816.483568, +1 cols
    [CG]   [DIAG] iter=18 posCols=1 newCols=1 effImprove=1 updated=0
    [CG] 列生成收敛，共 19 轮迭代
    [CG] [CG-NODE] depth=0 exit=CERTIFIED certified=1 feasible=1 iters=19 generatedColsBeforeNode=0 newCols=312 posCandidates=313 duplicateCandidates=1 updatedCols=1 zeroObjImproveIters=5 objFirst=811630.077241 objLast=2201415.520551 objGain=1389785.443310 maxRC=1170652.892000 wallSec=0.152503 pricingSec=0.141004 cplexSolveSec=0.008062
      [BB] 根节点即为整数解，obj=2201415.520551
