    [CG] 列生成开始，初始列数=310
    [CG] CG iter 1: obj=852148.963426, maxRC=1168317.311766, +30 cols
    [CG]   [DIAG] iter=1 posCols=30 newCols=30 effImprove=30 updated=0
    [CG] CG iter 2: obj=1587075.706321, maxRC=254175.142979, +29 cols
    [CG]   [DIAG] iter=2 posCols=29 newCols=29 effImprove=29 updated=0
    [CG] CG iter 3: obj=1867410.564680, maxRC=409135.739693, +30 cols
    [CG]   [DIAG] iter=3 posCols=30 newCols=30 effImprove=30 updated=0
    [CG] CG iter 4: obj=1900449.421620, maxRC=179222.733963, +25 cols
    [CG]   [DIAG] iter=4 posCols=25 newCols=25 effImprove=25 updated=0
    [CG] CG iter 5: obj=1950264.718150, maxRC=129044.718732, +23 cols
    [CG]   [DIAG] iter=5 posCols=23 newCols=23 effImprove=23 updated=0
    [CG] CG iter 6: obj=1996684.068115, maxRC=136024.151923, +23 cols
    [CG]   [DIAG] iter=6 posCols=23 newCols=22 effImprove=23 updated=1
    [CG] CG iter 7: obj=2047323.706639, maxRC=51135.047030, +22 cols
    [CG]   [DIAG] iter=7 posCols=22 newCols=22 effImprove=22 updated=0
    [CG] CG iter 8: obj=2116143.491570, maxRC=58551.609022, +22 cols
    [CG]   [DIAG] iter=8 posCols=22 newCols=22 effImprove=22 updated=0
    [CG] CG iter 9: obj=2123993.520081, maxRC=48199.504442, +18 cols
    [CG]   [DIAG] iter=9 posCols=18 newCols=17 effImprove=18 updated=1
    [CG] CG iter 10: obj=2139954.787548, maxRC=28825.629631, +11 cols
    [CG]   [DIAG] iter=10 posCols=11 newCols=11 effImprove=11 updated=0
    [CG] CG iter 11: obj=2155410.584984, maxRC=18618.252668, +10 cols
    [CG]   [DIAG] iter=11 posCols=10 newCols=10 effImprove=10 updated=0
    [CG] CG iter 12: obj=2177391.559765, maxRC=16560.734698, +5 cols
    [CG]   [DIAG] iter=12 posCols=5 newCols=5 effImprove=5 updated=0
    [CG] 列生成收敛，共 13 轮迭代
    [CG] [CG-NODE] depth=0 exit=CERTIFIED certified=1 feasible=1 iters=13 generatedColsBeforeNode=0 newCols=246 posCandidates=248 duplicateCandidates=2 updatedCols=2 zeroObjImproveIters=1 objFirst=852148.963426 objLast=2177391.559765 objGain=1325242.596339 maxRC=1168317.311766 wallSec=0.142110 pricingSec=0.114853 cplexSolveSec=0.005956
      [BB] 根节点即为整数解，obj=2177391.559765
