    [CG] 列生成开始，初始列数=310
    [CG] CG iter 1: obj=656240.625074, maxRC=1251055.503438, +30 cols
    [CG]   [DIAG] iter=1 posCols=30 newCols=30 effImprove=30 updated=0
    [CG] CG iter 2: obj=1485220.885503, maxRC=255115.948211, +27 cols
    [CG]   [DIAG] iter=2 posCols=27 newCols=27 effImprove=27 updated=0
    [CG] CG iter 3: obj=1637156.980739, maxRC=538081.359560, +27 cols
    [CG]   [DIAG] iter=3 posCols=27 newCols=27 effImprove=27 updated=0
    [CG] CG iter 4: obj=1711576.840198, maxRC=298767.751104, +26 cols
    [CG]   [DIAG] iter=4 posCols=26 newCols=26 effImprove=26 updated=0
    [CG] CG iter 5: obj=1787000.759497, maxRC=131000.972316, +23 cols
    [CG]   [DIAG] iter=5 posCols=23 newCols=23 effImprove=23 updated=0
    [CG] CG iter 6: obj=1830917.453114, maxRC=169244.712912, +24 cols
    [CG]   [DIAG] iter=6 posCols=24 newCols=24 effImprove=24 updated=0
    [CG] CG iter 7: obj=1884749.516695, maxRC=84292.883088, +22 cols
    [CG]   [DIAG] iter=7 posCols=22 newCols=22 effImprove=22 updated=0
    [CG] CG iter 8: obj=1892078.491948, maxRC=34258.985154, +21 cols
    [CG]   [DIAG] iter=8 posCols=21 newCols=21 effImprove=21 updated=0
    [CG] CG iter 9: obj=1927177.518982, maxRC=33105.596662, +21 cols
    [CG]   [DIAG] iter=9 posCols=21 newCols=21 effImprove=21 updated=0
    [CG] CG iter 10: obj=1939682.379311, maxRC=29402.861638, +15 cols
    [CG]   [DIAG] iter=10 posCols=15 newCols=15 effImprove=15 updated=0
    [CG] CG iter 11: obj=1964379.588715, maxRC=22137.784661, +14 cols
    [CG]   [DIAG] iter=11 posCols=14 newCols=14 effImprove=14 updated=0
    [CG] CG iter 12: obj=1983161.192697, maxRC=17731.170994, +12 cols
    [CG]   [DIAG] iter=12 posCols=12 newCols=12 effImprove=12 updated=0
    [CG] CG iter 13: obj=1992153.414496, maxRC=10969.686681, +13 cols
    [CG]   [DIAG] iter=13 posCols=13 newCols=13 effImprove=13 updated=0
    [CG] CG iter 14: obj=1992153.414496, maxRC=4981.536324, +5 cols
    [CG]   [DIAG] iter=14 posCols=5 newCols=5 effImprove=5 updated=0
    [CG] CG iter 15: obj=1992153.414496, maxRC=2309.716423, +5 cols
    [CG]   [DIAG] iter=15 posCols=5 newCols=4 effImprove=5 updated=1
    [CG] CG iter 16: obj=1992153.414496, maxRC=809.586713, +1 cols
    [CG]   [DIAG] iter=16 posCols=1 newCols=1 effImprove=1 updated=0
    [CG] 列生成收敛，共 17 轮迭代
    [CG] [CG-NODE] depth=0 exit=CERTIFIED certified=1 feasible=1 iters=17 generatedColsBeforeNode=0 newCols=285 posCandidates=286 duplicateCandidates=1 updatedCols=1 zeroObjImproveIters=4 objFirst=656240.625074 objLast=1992153.414496 objGain=1335912.789422 maxRC=1251055.503438 wallSec=0.253709 pricingSec=0.240033 cplexSolveSec=0.008429
      [BB] 根节点即为整数解，obj=1992153.414496
