    [CG] 列生成开始，初始列数=310
    [CG] CG iter 1: obj=776351.395361, maxRC=1165696.500935, +30 cols
    [CG]   [DIAG] iter=1 posCols=30 newCols=30 effImprove=30 updated=0
    [CG] CG iter 2: obj=1529906.736878, maxRC=281825.672999, +29 cols
    [CG]   [DIAG] iter=2 posCols=29 newCols=29 effImprove=29 updated=0
    [CG] CG iter 3: obj=1717819.692572, maxRC=455033.971197, +27 cols
    [CG]   [DIAG] iter=3 posCols=27 newCols=27 effImprove=27 updated=0
    [CG] CG iter 4: obj=1793809.562151, maxRC=239926.907717, +24 cols
    [CG]   [DIAG] iter=4 posCols=24 newCols=24 effImprove=24 updated=0
    [CG] CG iter 5: obj=1871183.527768, maxRC=173461.568095, +24 cols
    [CG]   [DIAG] iter=5 posCols=24 newCols=24 effImprove=24 updated=0
    [CG] CG iter 6: obj=1960515.468880, maxRC=102124.961109, +19 cols
    [CG]   [DIAG] iter=6 posCols=19 newCols=19 effImprove=19 updated=0
    [CG] CG iter 7: obj=1977188.706207, maxRC=107992.487658, +21 cols
    [CG]   [DIAG] iter=7 posCols=21 newCols=21 effImprove=21 updated=0
    [CG] CG iter 8: obj=2043388.059824, maxRC=80856.805571, +23 cols
    [CG]   [DIAG] iter=8 posCols=23 newCols=22 effImprove=23 updated=1
    [CG] CG iter 9: obj=2064928.254883, maxRC=43534.482946, +19 cols
    [CG]   [DIAG] iter=9 posCols=19 newCols=19 effImprove=19 updated=0
    [CG] CG iter 10: obj=2090189.072392, maxRC=48028.716720, +22 cols
    [CG]   [DIAG] iter=10 posCols=22 newCols=22 effImprove=22 updated=0
    [CG] CG iter 11: obj=2103160.225805, maxRC=17861.227433, +18 cols
    [CG]   [DIAG] iter=11 posCols=18 newCols=18 effImprove=18 updated=0
    [CG] CG iter 12: obj=2107617.141422, maxRC=16022.620668, +15 cols
    [CG]   [DIAG] iter=12 posCols=15 newCols=15 effImprove=15 updated=0
    [CG] CG iter 13: obj=2127768.135030, maxRC=5028.943360, +9 cols
    [CG]   [DIAG] iter=13 posCols=9 newCols=9 effImprove=9 updated=0
    [CG] CG iter 14: obj=2132343.415530, maxRC=3946.572822, +3 cols
    [CG]   [DIAG] iter=14 posCols=3 newCols=2 effImprove=3 updated=1
    [CG] 列生成收敛，共 15 轮迭代
    [CG] [CG-NODE] depth=0 exit=CERTIFIED certified=1 feasible=1 iters=15 generatedColsBeforeNode=0 newCols=281 posCandidates=283 duplicateCandidates=2 updatedCols=2 zeroObjImproveIters=1 objFirst=776351.395361 objLast=2132343.415530 objGain=1355992.020170 maxRC=1165696.500935 wallSec=0.132207 pricingSec=0.122865 cplexSolveSec=0.006274
      [BB] 根节点即为整数解，obj=2132343.415530
