    [CG] 列生成开始，初始列数=310
    [CG] CG iter 1: obj=809895.742385, maxRC=1166227.011731, +30 cols
    [CG]   [DIAG] iter=1 posCols=30 newCols=30 effImprove=30 updated=0
    [CG] CG iter 2: obj=1583844.440607, maxRC=251734.320915, +27 cols
    [CG]   [DIAG] iter=2 posCols=27 newCols=27 effImprove=27 updated=0
    [CG] CG iter 3: obj=1801336.707960, maxRC=443075.788142, +30 cols
    [CG]   [DIAG] iter=3 posCols=30 newCols=30 effImprove=30 updated=0
    [CG] CG iter 4: obj=1843132.387790, maxRC=366522.998588, +26 cols
    [CG]   [DIAG] iter=4 posCols=26 newCols=26 effImprove=26 updated=0
    [CG] CG iter 5: obj=1886858.785206, maxRC=130110.071659, +23 cols
    [CG]   [DIAG] iter=5 posCols=23 newCols=23 effImprove=23 updated=0
    [CG] CG iter 6: obj=1973233.043315, maxRC=196769.980597, +21 cols
    [CG]   [DIAG] iter=6 posCols=21 newCols=21 effImprove=21 updated=0
    [CG] CG iter 7: obj=2006138.490902, maxRC=146292.446785, +21 cols
    [CG]   [DIAG] iter=7 posCols=21 newCols=21 effImprove=21 updated=0
    [CG] CG iter 8: obj=2057638.118678, maxRC=89799.238326, +21 cols
    [CG]   [DIAG] iter=8 posCols=21 newCols=21 effImprove=21 updated=0
    [CG] CG iter 9: obj=2147437.357003, maxRC=65276.236322, +21 cols
    [CG]   [DIAG] iter=9 posCols=21 newCols=21 effImprove=21 updated=0
    [CG] CG iter 10: obj=2168223.825727, maxRC=24665.639878, +19 cols
    [CG]   [DIAG] iter=10 posCols=19 newCols=19 effImprove=19 updated=0
    [CG] CG iter 11: obj=2168223.825727, maxRC=31800.828774, +18 cols
    [CG]   [DIAG] iter=11 posCols=18 newCols=18 effImprove=18 updated=0
    [CG] CG iter 12: obj=2175614.401394, maxRC=23813.380386, +15 cols
    [CG]   [DIAG] iter=12 posCols=15 newCols=14 effImprove=15 updated=1
    [CG] CG iter 13: obj=2189430.941150, maxRC=11230.188010, +9 cols
    [CG]   [DIAG] iter=13 posCols=9 newCols=8 effImprove=9 updated=1
    [CG] CG iter 14: obj=2191980.025396, maxRC=21143.470443, +6 cols
    [CG]   [DIAG] iter=14 posCols=6 newCols=6 effImprove=6 updated=0
    [CG] CG iter 15: obj=2193385.912228, maxRC=4623.702729, +6 cols
    [CG]   [DIAG] iter=15 posCols=6 newCols=6 effImprove=6 updated=0
    [CG] CG iter 16: obj=2193385.912228, maxRC=4022.600905, +3 cols
    [CG]   [DIAG] iter=16 posCols=3 newCols=3 effImprove=3 updated=0
    [CG] 列生成收敛，共 17 轮迭代
    [CG] [CG-NODE] depth=0 exit=CERTIFIED certified=1 feasible=1 iters=17 generatedColsBeforeNode=0 newCols=294 posCandidates=296 duplicateCandidates=2 updatedCols=2 zeroObjImproveIters=3 objFirst=809895.742385 objLast=2193385.912228 objGain=1383490.169843 maxRC=1166227.011731 wallSec=0.147685 pricingSec=0.135142 cplexSolveSec=0.007808
      [BB] 根节点即为整数解，obj=2193385.912228
