    [CG] 列生成开始，初始列数=310
    [CG] CG iter 1: obj=746915.054867, maxRC=1138693.980400, +30 cols
    [CG]   [DIAG] iter=1 posCols=30 newCols=30 effImprove=30 updated=0
    [CG] CG iter 2: obj=1515397.899025, maxRC=343300.061988, +28 cols
    [CG]   [DIAG] iter=2 posCols=28 newCols=28 effImprove=28 updated=0
    [CG] CG iter 3: obj=1712341.801891, maxRC=500927.007386, +27 cols
    [CG]   [DIAG] iter=3 posCols=27 newCols=27 effImprove=27 updated=0
    [CG] CG iter 4: obj=1749642.635153, maxRC=345707.886536, +27 cols
    [CG]   [DIAG] iter=4 posCols=27 newCols=27 effImprove=27 updated=0
    [CG] CG iter 5: obj=1808496.939410, maxRC=212231.333910, +25 cols
    [CG]   [DIAG] iter=5 posCols=25 newCols=25 effImprove=25 updated=0
    [CG] CG iter 6: obj=1892793.927456, maxRC=147389.621791, +25 cols
    [CG]   [DIAG] iter=6 posCols=25 newCols=25 effImprove=25 updated=0
    [CG] CG iter 7: obj=1936016.052030, maxRC=134552.869111, +21 cols
    [CG]   [DIAG] iter=7 posCols=21 newCols=21 effImprove=21 updated=0
    [CG] CG iter 8: obj=1980909.669608, maxRC=120761.496033, +19 cols
    [CG]   [DIAG] iter=8 posCols=19 newCols=18 effImprove=19 updated=1
    [CG] CG iter 9: obj=2018956.841273, maxRC=146222.382746, +21 cols
    [CG]   [DIAG] iter=9 posCols=21 newCols=21 effImprove=21 updated=0
    [CG] CG iter 10: obj=2058849.804742, maxRC=87665.877723, +18 cols
    [CG]   [DIAG] iter=10 posCols=18 newCols=18 effImprove=18 updated=0
    [CG] CG iter 11: obj=2076484.194623, maxRC=65628.406648, +15 cols
    [CG]   [DIAG] iter=11 posCols=15 newCols=15 effImprove=15 updated=0
    [CG] CG iter 12: obj=2100472.403948, maxRC=49750.476573, +17 cols
    [CG]   [DIAG] iter=12 posCols=17 newCols=17 effImprove=17 updated=0
    [CG] CG iter 13: obj=2130272.217714, maxRC=28714.894105, +12 cols
    [CG]   [DIAG] iter=13 posCols=12 newCols=11 effImprove=12 updated=1
    [CG] CG iter 14: obj=2134546.355041, maxRC=31113.101050, +12 cols
    [CG]   [DIAG] iter=14 posCols=12 newCols=12 effImprove=12 updated=0
    [CG] CG iter 15: obj=2135932.448743, maxRC=19913.592202, +12 cols
    [CG]   [DIAG] iter=15 posCols=12 newCols=12 effImprove=12 updated=0
    [CG] CG iter 16: obj=2155846.040944, maxRC=20712.570558, +8 cols
    [CG]   [DIAG] iter=16 posCols=8 newCols=8 effImprove=8 updated=0
    [CG] CG iter 17: obj=2155846.040944, maxRC=10136.311979, +8 cols
    [CG]   [DIAG] iter=17 posCols=8 newCols=8 effImprove=8 updated=0
    [CG] CG iter 18: obj=2164640.270417, maxRC=13452.361840, +10 cols
    [CG]   [DIAG] iter=18 posCols=10 newCols=9 effImprove=10 updated=1
    [CG] CG iter 19: obj=2164640.270417, maxRC=1400.836004, +4 cols
    [CG]   [DIAG] iter=19 posCols=4 newCols=3 effImprove=4 updated=1
    [CG] CG iter 20: obj=2164640.270417, maxRC=268.967593, +1 cols
    [CG]   [DIAG] iter=20 posCols=1 newCols=1 effImprove=1 updated=0
    [CG] 列生成收敛，共 21 轮迭代
    [CG] [CG-NODE] depth=0 exit=CERTIFIED certified=1 feasible=1 iters=21 generatedColsBeforeNode=0 newCols=336 posCandidates=340 duplicateCandidates=4 updatedCols=4 zeroObjImproveIters=4 objFirst=746915.054867 objLast=2164640.270417 objGain=1417725.215550 maxRC=1138693.980400 wallSec=0.220330 pricingSec=0.186122 cplexSolveSec=0.010460
      [BB] 根节点即为整数解，obj=2164640.270417
