    [CG] 列生成开始，初始列数=310
    [CG] CG iter 1: obj=848931.938200, maxRC=1171856.039098, +30 cols
    [CG]   [DIAG] iter=1 posCols=30 newCols=30 effImprove=30 updated=0
    [CG] CG iter 2: obj=1585062.740832, maxRC=251062.986746, +30 cols
    [CG]   [DIAG] iter=2 posCols=30 newCols=30 effImprove=30 updated=0
    [CG] CG iter 3: obj=1853594.443052, maxRC=367432.251368, +30 cols
    [CG]   [DIAG] iter=3 posCols=30 newCols=30 effImprove=30 updated=0
    [CG] CG iter 4: obj=1880246.293029, maxRC=224104.614856, +27 cols
    [CG]   [DIAG] iter=4 posCols=27 newCols=27 effImprove=27 updated=0
    [CG] CG iter 5: obj=1922206.767559, maxRC=137083.809476, +25 cols
    [CG]   [DIAG] iter=5 posCols=25 newCols=25 effImprove=25 updated=0
    [CG] CG iter 6: obj=1958776.570596, maxRC=138198.671542, +24 cols
    [CG]   [DIAG] iter=6 posCols=24 newCols=24 effImprove=24 updated=0
    [CG] CG iter 7: obj=2026907.180701, maxRC=95638.683334, +24 cols
    [CG]   [DIAG] iter=7 posCols=24 newCols=23 effImprove=24 updated=1
    [CG] CG iter 8: obj=2036988.472939, maxRC=72489.137283, +23 cols
    [CG]   [DIAG] iter=8 posCols=23 newCols=23 effImprove=23 updated=0
    [CG] CG iter 9: obj=2090559.976621, maxRC=66734.880530, +22 cols
    [CG]   [DIAG] iter=9 posCols=22 newCols=22 effImprove=22 updated=0
    [CG] CG iter 10: obj=2125323.355684, maxRC=58231.137544, +19 cols
    [CG]   [DIAG] iter=10 posCols=19 newCols=19 effImprove=19 updated=0
    [CG] CG iter 11: obj=2139888.461772, maxRC=31119.373010, +19 cols
    [CG]   [DIAG] iter=11 posCols=19 newCols=17 effImprove=19 updated=2
    [CG] CG iter 12: obj=2180963.532022, maxRC=15803.350771, +13 cols
    [CG]   [DIAG] iter=12 posCols=13 newCols=13 effImprove=13 updated=0
    [CG] CG iter 13: obj=2183613.233606, maxRC=8846.573392, +8 cols
    [CG]   [DIAG] iter=13 posCols=8 newCols=7 effImprove=8 updated=1
    [CG] CG iter 14: obj=2188618.507033, maxRC=6791.713948, +4 cols
    [CG]   [DIAG] iter=14 posCols=4 newCols=3 effImprove=4 updated=1
    [CG] 列生成收敛，共 15 轮迭代
    [CG] [CG-NODE] depth=0 exit=CERTIFIED certified=1 feasible=1 iters=15 generatedColsBeforeNode=0 newCols=293 posCandidates=298 duplicateCandidates=5 updatedCols=5 zeroObjImproveIters=0 objFirst=848931.938200 objLast=2190404.947554 objGain=1341473.009353 maxRC=1171856.039098 wallSec=0.140476 pricingSec=0.130404 cplexSolveSec=0.006601
      [BB] 根节点即为整数解，obj=2190404.947554
