    [CG] 列生成开始，初始列数=310
    [CG] CG iter 1: obj=970787.567530, maxRC=1762601.755246, +30 cols
    [CG]   [DIAG] iter=1 posCols=30 newCols=30 effImprove=30 updated=0
    [CG] CG iter 2: obj=2091639.074021, maxRC=245159.421982, +26 cols
    [CG]   [DIAG] iter=2 posCols=26 newCols=26 effImprove=26 updated=0
    [CG] CG iter 3: obj=2246704.072948, maxRC=531479.072403, +30 cols
    [CG]   [DIAG] iter=3 posCols=30 newCols=30 effImprove=30 updated=0
    [CG] CG iter 4: obj=2267177.918359, maxRC=553153.328349, +29 cols
    [CG]   [DIAG] iter=4 posCols=29 newCols=29 effImprove=29 updated=0
    [CG] CG iter 5: obj=2330401.338614, maxRC=209024.552781, +27 cols
    [CG]   [DIAG] iter=5 posCols=27 newCols=27 effImprove=27 updated=0
    [CG] CG iter 6: obj=2387299.822166, maxRC=201701.505091, +24 cols
    [CG]   [DIAG] iter=6 posCols=24 newCols=22 effImprove=24 updated=2
    [CG] CG iter 7: obj=2388606.382026, maxRC=126467.738594, +23 cols
    [CG]   [DIAG] iter=7 posCols=23 newCols=23 effImprove=23 updated=0
    [CG] CG iter 8: obj=2448570.053317, maxRC=106921.735304, +18 cols
    [CG]   [DIAG] iter=8 posCols=18 newCols=18 effImprove=18 updated=0
    [CG] CG iter 9: obj=2505097.929807, maxRC=71466.168500, +16 cols
    [CG]   [DIAG] iter=9 posCols=16 newCols=16 effImprove=16 updated=0
    [CG] CG iter 10: obj=2520785.747736, maxRC=81746.608130, +17 cols
    [CG]   [DIAG] iter=10 posCols=17 newCols=17 effImprove=17 updated=0
    [CG] CG iter 11: obj=2538676.760688, maxRC=70901.599961, +14 cols
    [CG]   [DIAG] iter=11 posCols=14 newCols=14 effImprove=14 updated=0
    [CG] CG iter 12: obj=2556062.688380, maxRC=39396.289978, +10 cols
    [CG]   [DIAG] iter=12 posCols=10 newCols=10 effImprove=10 updated=0
    [CG] CG iter 13: obj=2594318.026769, maxRC=13547.078640, +7 cols
    [CG]   [DIAG] iter=13 posCols=7 newCols=7 effImprove=7 updated=0
    [CG] CG iter 14: obj=2594318.026769, maxRC=29389.166096, +6 cols
    [CG]   [DIAG] iter=14 posCols=6 newCols=6 effImprove=6 updated=0
    [CG] CG iter 15: obj=2598875.787207, maxRC=10754.543210, +3 cols
    [CG]   [DIAG] iter=15 posCols=3 newCols=3 effImprove=3 updated=0
    [CG] CG iter 16: obj=2598875.787207, maxRC=7076.321124, +2 cols
    [CG]   [DIAG] iter=16 posCols=2 newCols=2 effImprove=2 updated=0
    [CG] CG iter 17: obj=2598875.787207, maxRC=5784.338262, +4 cols
    [CG]   [DIAG] iter=17 posCols=4 newCols=4 effImprove=4 updated=0
    [CG] CG iter 18: obj=2602220.906692, maxRC=1105.768068, +3 cols
    [CG]   [DIAG] iter=18 posCols=3 newCols=3 effImprove=3 updated=0
    [CG] 列生成收敛，共 19 轮迭代
    [CG] [CG-NODE] depth=0 exit=CERTIFIED certified=1 feasible=1 iters=19 generatedColsBeforeNode=0 newCols=287 posCandidates=289 duplicateCandidates=2 updatedCols=2 zeroObjImproveIters=4 objFirst=970787.567530 objLast=2602220.906692 objGain=1631433.339161 maxRC=1762601.755246 wallSec=0.205299 pricingSec=0.193839 cplexSolveSec=0.007778
      [BB] 根节点即为整数解，obj=2602220.906692
