    [CG] 列生成开始，初始列数=310
    [CG] CG iter 1: obj=970015.997813, maxRC=1699430.925918, +30 cols
    [CG]   [DIAG] iter=1 posCols=30 newCols=30 effImprove=30 updated=0
    [CG] CG iter 2: obj=2057663.217659, maxRC=249971.705647, +23 cols
    [CG]   [DIAG] iter=2 posCols=23 newCols=23 effImprove=23 updated=0
    [CG] CG iter 3: obj=2229960.538603, maxRC=634265.496486, +30 cols
    [CG]   [DIAG] iter=3 posCols=30 newCols=30 effImprove=30 updated=0
    [CG] CG iter 4: obj=2258434.544053, maxRC=452783.005828, +30 cols
    [CG]   [DIAG] iter=4 posCols=30 newCols=30 effImprove=30 updated=0
    [CG] CG iter 5: obj=2303751.591701, maxRC=198181.006074, +23 cols
    [CG]   [DIAG] iter=5 posCols=23 newCols=23 effImprove=23 updated=0
    [CG] CG iter 6: obj=2383255.727288, maxRC=164306.450233, +22 cols
    [CG]   [DIAG] iter=6 posCols=22 newCols=22 effImprove=22 updated=0
    [CG] CG iter 7: obj=2418051.227944, maxRC=89703.860006, +18 cols
    [CG]   [DIAG] iter=7 posCols=18 newCols=18 effImprove=18 updated=0
    [CG] CG iter 8: obj=2460843.021847, maxRC=64441.012253, +18 cols
    [CG]   [DIAG] iter=8 posCols=18 newCols=18 effImprove=18 updated=0
    [CG] CG iter 9: obj=2495856.533709, maxRC=75589.750773, +18 cols
    [CG]   [DIAG] iter=9 posCols=18 newCols=18 effImprove=18 updated=0
    [CG] CG iter 10: obj=2565111.866480, maxRC=37052.488869, +17 cols
    [CG]   [DIAG] iter=10 posCols=17 newCols=17 effImprove=17 updated=0
    [CG] CG iter 11: obj=2566772.588733, maxRC=37377.978927, +20 cols
    [CG]   [DIAG] iter=11 posCols=20 newCols=20 effImprove=20 updated=0
    [CG] CG iter 12: obj=2573706.881822, maxRC=47968.063780, +15 cols
    [CG]   [DIAG] iter=12 posCols=15 newCols=15 effImprove=15 updated=0
    [CG] CG iter 13: obj=2583860.830030, maxRC=23191.300868, +15 cols
    [CG]   [DIAG] iter=13 posCols=15 newCols=15 effImprove=15 updated=0
    [CG] CG iter 14: obj=2584753.634417, maxRC=21109.251347, +16 cols
    [CG]   [DIAG] iter=14 posCols=16 newCols=16 effImprove=16 updated=0
    [CG] CG iter 15: obj=2595342.519961, maxRC=17195.678756, +12 cols
    [CG]   [DIAG] iter=15 posCols=12 newCols=12 effImprove=12 updated=0
    [CG] CG iter 16: obj=2604819.559837, maxRC=8811.935718, +8 cols
    [CG]   [DIAG] iter=16 posCols=8 newCols=8 effImprove=8 updated=0
    [CG] CG iter 17: obj=2613631.495555, maxRC=6249.205576, +6 cols
    [CG]   [DIAG] iter=17 posCols=6 newCols=5 effImprove=6 updated=1
    [CG] CG iter 18: obj=2613631.495555, maxRC=4780.071312, +7 cols
    [CG]   [DIAG] iter=18 posCols=7 newCols=7 effImprove=7 updated=0
    [CG] CG iter 19: obj=2613631.495555, maxRC=2144.446817, +3 cols
    [CG]   [DIAG] iter=19 posCols=3 newCols=3 effImprove=3 updated=0
    [CG] CG iter 20: obj=2615508.864973, maxRC=1555.783504, +1 cols
    [CG]   [DIAG] iter=20 posCols=1 newCols=1 effImprove=1 updated=0
    [CG] 列生成收敛，共 21 轮迭代
    [CG] [CG-NODE] depth=0 exit=CERTIFIED certified=1 feasible=1 iters=21 generatedColsBeforeNode=0 newCols=331 posCandidates=332 duplicateCandidates=1 updatedCols=1 zeroObjImproveIters=3 objFirst=970015.997813 objLast=2615508.864973 objGain=1645492.867161 maxRC=1699430.925918 wallSec=0.244264 pricingSec=0.229425 cplexSolveSec=0.009797
      [BB] 根节点即为整数解，obj=2615508.864973
