    [CG] 列生成开始，初始列数=310
    [CG] CG iter 1: obj=1001728.019912, maxRC=1865504.098659, +30 cols
    [CG]   [DIAG] iter=1 posCols=30 newCols=30 effImprove=30 updated=0
    [CG] CG iter 2: obj=2220667.280967, maxRC=237231.335761, +24 cols
    [CG]   [DIAG] iter=2 posCols=24 newCols=24 effImprove=24 updated=0
    [CG] CG iter 3: obj=2355066.474716, maxRC=579189.500824, +29 cols
    [CG]   [DIAG] iter=3 posCols=29 newCols=29 effImprove=29 updated=0
    [CG] CG iter 4: obj=2402034.794299, maxRC=400665.940611, +26 cols
    [CG]   [DIAG] iter=4 posCols=26 newCols=26 effImprove=26 updated=0
    [CG] CG iter 5: obj=2464079.115766, maxRC=210310.192440, +24 cols
    [CG]   [DIAG] iter=5 posCols=24 newCols=24 effImprove=24 updated=0
    [CG] CG iter 6: obj=2513303.999394, maxRC=160971.218552, +24 cols
    [CG]   [DIAG] iter=6 posCols=24 newCols=24 effImprove=24 updated=0
    [CG] CG iter 7: obj=2539417.296181, maxRC=118294.041663, +22 cols
    [CG]   [DIAG] iter=7 posCols=22 newCols=22 effImprove=22 updated=0
    [CG] CG iter 8: obj=2545596.768856, maxRC=110783.702236, +23 cols
    [CG]   [DIAG] iter=8 posCols=23 newCols=22 effImprove=23 updated=1
    [CG] CG iter 9: obj=2586007.979212, maxRC=89012.180660, +22 cols
    [CG]   [DIAG] iter=9 posCols=22 newCols=22 effImprove=22 updated=0
    [CG] CG iter 10: obj=2652621.561100, maxRC=54654.102241, +19 cols
    [CG]   [DIAG] iter=10 posCols=19 newCols=19 effImprove=19 updated=0
    [CG] CG iter 11: obj=2697068.205665, maxRC=33376.991285, +18 cols
    [CG]   [DIAG] iter=11 posCols=18 newCols=18 effImprove=18 updated=0
    [CG] CG iter 12: obj=2730086.603209, maxRC=51421.482495, +18 cols
    [CG]   [DIAG] iter=12 posCols=18 newCols=18 effImprove=18 updated=0
    [CG] CG iter 13: obj=2734108.448704, maxRC=43135.090215, +14 cols
    [CG]   [DIAG] iter=13 posCols=14 newCols=14 effImprove=14 updated=0
    [CG] CG iter 14: obj=2736923.718580, maxRC=24102.452644, +13 cols
    [CG]   [DIAG] iter=14 posCols=13 newCols=13 effImprove=13 updated=0
    [CG] CG iter 15: obj=2737350.735388, maxRC=18281.956850, +12 cols
    [CG]   [DIAG] iter=15 posCols=12 newCols=12 effImprove=12 updated=0
    [CG] CG iter 16: obj=2755632.692238, maxRC=1972.293108, +3 cols
    [CG]   [DIAG] iter=16 posCols=3 newCols=3 effImprove=3 updated=0
    [CG] CG iter 17: obj=2755632.692238, maxRC=594.773957, +1 cols
    [CG]   [DIAG] iter=17 posCols=1 newCols=1 effImprove=1 updated=0
    [CG] 列生成收敛，共 18 轮迭代
    [CG] [CG-NODE] depth=0 exit=CERTIFIED certified=1 feasible=1 iters=18 generatedColsBeforeNode=0 newCols=321 posCandidates=322 duplicateCandidates=1 updatedCols=1 zeroObjImproveIters=2 objFirst=1001728.019912 objLast=2755632.692238 objGain=1753904.672326 maxRC=1865504.098659 wallSec=0.246017 pricingSec=0.231915 cplexSolveSec=0.009039
      [BB] 根节点即为整数解，obj=2755632.692238
