    [CG] 列生成开始，初始列数=310
    [CG] CG iter 1: obj=1004349.345256, maxRC=1482845.690231, +30 cols
    [CG]   [DIAG] iter=1 posCols=30 newCols=30 effImprove=30 updated=0
    [CG] CG iter 2: obj=1904822.991839, maxRC=336350.682176, +28 cols
    [CG]   [DIAG] iter=2 posCols=28 newCols=28 effImprove=28 updated=0
    [CG] CG iter 3: obj=2119520.738392, maxRC=581724.497088, +30 cols
    [CG]   [DIAG] iter=3 posCols=30 newCols=30 effImprove=30 updated=0
    [CG] CG iter 4: obj=2200403.160613, maxRC=246682.805109, +30 cols
    [CG]   [DIAG] iter=4 posCols=30 newCols=30 effImprove=30 updated=0
    [CG] CG iter 5: obj=2269056.322864, maxRC=164138.929682, +27 cols
    [CG]   [DIAG] iter=5 posCols=27 newCols=27 effImprove=27 updated=0
    [CG] CG iter 6: obj=2331529.219248, maxRC=102407.868812, +27 cols
    [CG]   [DIAG] iter=6 posCols=27 newCols=27 effImprove=27 updated=0
    [CG] CG iter 7: obj=2442212.839181, maxRC=54369.905817, +27 cols
    [CG]   [DIAG] iter=7 posCols=27 newCols=27 effImprove=27 updated=0
    [CG] CG iter 8: obj=2532575.352412, maxRC=25979.677933, +21 cols
    [CG]   [DIAG] iter=8 posCols=21 newCols=20 effImprove=21 updated=1
    [CG] CG iter 9: obj=2562374.854910, maxRC=23882.059992, +21 cols
    [CG]   [DIAG] iter=9 posCols=21 newCols=21 effImprove=21 updated=0
    [CG] CG iter 10: obj=2564382.952530, maxRC=20277.158003, +14 cols
    [CG]   [DIAG] iter=10 posCols=14 newCols=14 effImprove=14 updated=0
    [CG] CG iter 11: obj=2583832.447663, maxRC=12631.952774, +10 cols
    [CG]   [DIAG] iter=11 posCols=10 newCols=10 effImprove=10 updated=0
    [CG] CG iter 12: obj=2592918.966564, maxRC=5612.607293, +8 cols
    [CG]   [DIAG] iter=12 posCols=8 newCols=8 effImprove=8 updated=0
    [CG] CG iter 13: obj=2592918.966564, maxRC=165.764134, +1 cols
    [CG]   [DIAG] iter=13 posCols=1 newCols=1 effImprove=1 updated=0
    [CG] 列生成收敛，共 14 轮迭代
    [CG] [CG-NODE] depth=0 exit=CERTIFIED certified=1 feasible=1 iters=14 generatedColsBeforeNode=0 newCols=273 posCandidates=274 duplicateCandidates=1 updatedCols=1 zeroObjImproveIters=2 objFirst=1004349.345256 objLast=2592918.966564 objGain=1588569.621308 maxRC=1482845.690231 wallSec=0.242751 pricingSec=0.229661 cplexSolveSec=0.007877
      [BB] 根节点即为整数解，obj=2592918.966564
