    [CG] 列生成开始，初始列数=310
    [CG] CG iter 1: obj=1011935.357368, maxRC=1843574.740241, +30 cols
    [CG]   [DIAG] iter=1 posCols=30 newCols=30 effImprove=30 updated=0
    [CG] CG iter 2: obj=2202083.187794, maxRC=252203.417155, +27 cols
    [CG]   [DIAG] iter=2 posCols=27 newCols=27 effImprove=27 updated=0
    [CG] CG iter 3: obj=2313119.194918, maxRC=481020.260083, +27 cols
    [CG]   [DIAG] iter=3 posCols=27 newCols=27 effImprove=27 updated=0
    [CG] CG iter 4: obj=2383276.404503, maxRC=465809.237829, +29 cols
    [CG]   [DIAG] iter=4 posCols=29 newCols=29 effImprove=29 updated=0
    [CG] CG iter 5: obj=2460061.428218, maxRC=184216.808083, +27 cols
    [CG]   [DIAG] iter=5 posCols=27 newCols=27 effImprove=27 updated=0
    [CG] CG iter 6: obj=2514062.894191, maxRC=237455.180391, +27 cols
    [CG]   [DIAG] iter=6 posCols=27 newCols=27 effImprove=27 updated=0
    [CG] CG iter 7: obj=2531068.013696, maxRC=109185.685449, +25 cols
    [CG]   [DIAG] iter=7 posCols=25 newCols=25 effImprove=25 updated=0
    [CG] CG iter 8: obj=2565431.658402, maxRC=118811.379151, +22 cols
    [CG]   [DIAG] iter=8 posCols=22 newCols=22 effImprove=22 updated=0
    [CG] CG iter 9: obj=2583369.055459, maxRC=79427.554673, +24 cols
    [CG]   [DIAG] iter=9 posCols=24 newCols=24 effImprove=24 updated=0
    [CG] CG iter 10: obj=2633758.742443, maxRC=67766.099648, +25 cols
    [CG]   [DIAG] iter=10 posCols=25 newCols=25 effImprove=25 updated=0
    [CG] CG iter 11: obj=2648054.277113, maxRC=44319.055013, +20 cols
    [CG]   [DIAG] iter=11 posCols=20 newCols=20 effImprove=20 updated=0
    [CG] CG iter 12: obj=2691134.630533, maxRC=41604.684840, +20 cols
    [CG]   [DIAG] iter=12 posCols=20 newCols=20 effImprove=20 updated=0
    [CG] CG iter 13: obj=2711716.154561, maxRC=36872.698529, +17 cols
    [CG]   [DIAG] iter=13 posCols=17 newCols=17 effImprove=17 updated=0
    [CG] CG iter 14: obj=2717533.692362, maxRC=27229.738782, +15 cols
    [CG]   [DIAG] iter=14 posCols=15 newCols=15 effImprove=15 updated=0
    [CG] CG iter 15: obj=2717800.041942, maxRC=19058.116161, +11 cols
    [CG]   [DIAG] iter=15 posCols=11 newCols=11 effImprove=11 updated=0
    [CG] CG iter 16: obj=2730761.204210, maxRC=10219.717102, +12 cols
    [CG]   [DIAG] iter=16 posCols=12 newCols=12 effImprove=12 updated=0
    [CG] CG iter 17: obj=2735490.747266, maxRC=6075.779008, +6 cols
    [CG]   [DIAG] iter=17 posCols=6 newCols=6 effImprove=6 updated=0
    [CG] CG iter 18: obj=2739071.355804, maxRC=678.871897, +3 cols
    [CG]   [DIAG] iter=18 posCols=3 newCols=3 effImprove=3 updated=0
    [CG] 列生成收敛，共 19 轮迭代
    [CG] [CG-NODE] depth=0 exit=CERTIFIED certified=1 feasible=1 iters=19 generatedColsBeforeNode=0 newCols=367 posCandidates=367 duplicateCandidates=0 updatedCols=0 zeroObjImproveIters=0 objFirst=1011935.357368 objLast=2739395.968780 objGain=1727460.611412 maxRC=1843574.740241 wallSec=0.263425 pricingSec=0.248349 cplexSolveSec=0.010037
      [BB] 根节点即为整数解，obj=2739395.968780
