    [CG] 列生成开始，初始列数=310
    [CG] CG iter 1: obj=976083.577082, maxRC=1637136.244814, +30 cols
    [CG]   [DIAG] iter=1 posCols=30 newCols=30 effImprove=30 updated=0
    [CG] CG iter 2: obj=1983141.075772, maxRC=231451.023312, +27 cols
    [CG]   [DIAG] iter=2 posCols=27 newCols=27 effImprove=27 updated=0
    [CG] CG iter 3: obj=2207665.134448, maxRC=565884.506140, +30 cols
    [CG]   [DIAG] iter=3 posCols=30 newCols=30 effImprove=30 updated=0
    [CG] CG iter 4: obj=2254428.376755, maxRC=199311.225117, +30 cols
    [CG]   [DIAG] iter=4 posCols=30 newCols=30 effImprove=30 updated=0
    [CG] CG iter 5: obj=2289910.155416, maxRC=186772.532075, +30 cols
    [CG]   [DIAG] iter=5 posCols=30 newCols=29 effImprove=30 updated=1
    [CG] CG iter 6: obj=2323611.107100, maxRC=120589.080052, +24 cols
    [CG]   [DIAG] iter=6 posCols=24 newCols=24 effImprove=24 updated=0
    [CG] CG iter 7: obj=2460304.092241, maxRC=117920.502378, +21 cols
    [CG]   [DIAG] iter=7 posCols=21 newCols=21 effImprove=21 updated=0
    [CG] CG iter 8: obj=2507280.359364, maxRC=64333.316098, +16 cols
    [CG]   [DIAG] iter=8 posCols=16 newCols=15 effImprove=16 updated=1
    [CG] CG iter 9: obj=2515390.731349, maxRC=78766.079030, +19 cols
    [CG]   [DIAG] iter=9 posCols=19 newCols=19 effImprove=19 updated=0
    [CG] CG iter 10: obj=2531641.622926, maxRC=24293.920938, +15 cols
    [CG]   [DIAG] iter=10 posCols=15 newCols=15 effImprove=15 updated=0
    [CG] CG iter 11: obj=2531641.622926, maxRC=14545.254227, +11 cols
    [CG]   [DIAG] iter=11 posCols=11 newCols=11 effImprove=11 updated=0
    [CG] CG iter 12: obj=2549542.489040, maxRC=12795.396041, +12 cols
    [CG]   [DIAG] iter=12 posCols=12 newCols=12 effImprove=12 updated=0
    [CG] CG iter 13: obj=2549542.489040, maxRC=8353.499603, +7 cols
    [CG]   [DIAG] iter=13 posCols=7 newCols=7 effImprove=7 updated=0
    [CG] CG iter 14: obj=2555045.293138, maxRC=6506.691207, +5 cols
    [CG]   [DIAG] iter=14 posCols=5 newCols=5 effImprove=5 updated=0
    [CG] CG iter 15: obj=2555045.293138, maxRC=274.893941, +2 cols
    [CG]   [DIAG] iter=15 posCols=2 newCols=2 effImprove=2 updated=0
    [CG] 列生成收敛，共 16 轮迭代
    [CG] [CG-NODE] depth=0 exit=CERTIFIED certified=1 feasible=1 iters=16 generatedColsBeforeNode=0 newCols=277 posCandidates=279 duplicateCandidates=2 updatedCols=2 zeroObjImproveIters=4 objFirst=976083.577082 objLast=2555045.293138 objGain=1578961.716056 maxRC=1637136.244814 wallSec=0.193723 pricingSec=0.180216 cplexSolveSec=0.008691
      [BB] 根节点即为整数解，obj=2555045.293138
