    [CG] 列生成开始，初始列数=310
    [CG] CG iter 1: obj=769052.011792, maxRC=689482.151130, +30 cols
    [CG]   [DIAG] iter=1 posCols=30 newCols=30 effImprove=30 updated=0
    [CG] CG iter 2: obj=1328788.614766, maxRC=261936.038764, +25 cols
    [CG]   [DIAG] iter=2 posCols=25 newCols=25 effImprove=25 updated=0
    [CG] CG iter 3: obj=1502128.440634, maxRC=160784.651761, +25 cols
    [CG]   [DIAG] iter=3 posCols=25 newCols=25 effImprove=25 updated=0
    [CG] CG iter 4: obj=1615173.678666, maxRC=120709.053783, +24 cols
    [CG]   [DIAG] iter=4 posCols=24 newCols=24 effImprove=24 updated=0
    [CG] CG iter 5: obj=1635875.925813, maxRC=70471.528119, +22 cols
    [CG]   [DIAG] iter=5 posCols=22 newCols=22 effImprove=22 updated=0
    [CG] CG iter 6: obj=1682676.717535, maxRC=80863.500345, +21 cols
    [CG]   [DIAG] iter=6 posCols=21 newCols=21 effImprove=21 updated=0
    [CG] CG iter 7: obj=1695929.896509, maxRC=33269.428706, +19 cols
    [CG]   [DIAG] iter=7 posCols=19 newCols=19 effImprove=19 updated=0
    [CG] CG iter 8: obj=1735994.125547, maxRC=14182.035559, +12 cols
    [CG]   [DIAG] iter=8 posCols=12 newCols=11 effImprove=12 updated=1
    [CG] CG iter 9: obj=1752216.511651, maxRC=7037.930337, +6 cols
    [CG]   [DIAG] iter=9 posCols=6 newCols=6 effImprove=6 updated=0
    [CG] CG iter 10: obj=1755338.739906, maxRC=1568.645059, +1 cols
    [CG]   [DIAG] iter=10 posCols=1 newCols=1 effImprove=1 updated=0
    [CG] CG iter 11: obj=1755338.739906, maxRC=295.124860, +1 cols
    [CG]   [DIAG] iter=11 posCols=1 newCols=1 effImprove=1 updated=0
    [CG] 列生成收敛，共 12 轮迭代
    [CG] [CG-NODE] depth=0 exit=CERTIFIED certified=1 feasible=1 iters=12 generatedColsBeforeNode=0 newCols=185 posCandidates=186 duplicateCandidates=1 updatedCols=1 zeroObjImproveIters=2 objFirst=769052.011792 objLast=1755338.739906 objGain=986286.728114 maxRC=689482.151130 wallSec=0.117779 pricingSec=0.111994 cplexSolveSec=0.003519
      [BB] 分支定界开始，根节点LP obj=1755338.739906，最大节点数=10000
      [BB] 根节点启发式下界 LB=1530127.337096（上界=1755338.739906）
    [CG] [BB-DIAG] 分支 x_{dc=4,retailer=1}, 节点数=1
    [CG] 列生成开始，初始列数=489
    [CG] CG iter 13: obj=1751122.374824, maxRC=85643.531163, +21 cols
    [CG]   [DIAG] iter=13 posCols=21 newCols=21 effImprove=21 updated=0
    [CG] CG iter 14: obj=1751122.374824, maxRC=26871.101851, +17 cols
    [CG]   [DIAG] iter=14 posCols=17 newCols=16 effImprove=17 updated=1
    [CG] CG iter 15: obj=1751122.374824, maxRC=5912.617955, +6 cols
    [CG]   [DIAG] iter=15 posCols=6 newCols=5 effImprove=6 updated=1
    [CG] CG iter 16: obj=1755278.825502, maxRC=3919.581303, +4 cols
    [CG]   [DIAG] iter=16 posCols=4 newCols=4 effImprove=4 updated=0
    [CG] 列生成收敛，共 17 轮迭代
    [CG] [CG-NODE] depth=1 exit=CERTIFIED certified=1 feasible=1 iters=5 generatedColsBeforeNode=185 newCols=46 posCandidates=48 duplicateCandidates=2 updatedCols=2 zeroObjImproveIters=3 objFirst=1751122.374824 objLast=1755278.825502 objGain=4156.450678 maxRC=85643.531163 wallSec=0.029249 pricingSec=0.025758 cplexSolveSec=0.002049
    [CG] 列生成开始，初始列数=452
    [CG] CG iter 18: obj=1753626.650028, maxRC=81956.850788, +21 cols
    [CG]   [DIAG] iter=18 posCols=21 newCols=21 effImprove=21 updated=0
    [CG] CG iter 19: obj=1753626.650028, maxRC=34188.640889, +13 cols
    [CG]   [DIAG] iter=19 posCols=13 newCols=13 effImprove=13 updated=0
    [CG] CG iter 20: obj=1753626.650028, maxRC=22812.690333, +9 cols
    [CG]   [DIAG] iter=20 posCols=9 newCols=8 effImprove=9 updated=1
    [CG] CG iter 21: obj=1753626.650028, maxRC=11123.750393, +6 cols
    [CG]   [DIAG] iter=21 posCols=6 newCols=6 effImprove=6 updated=0
    [CG] CG iter 22: obj=1753626.650028, maxRC=2721.614724, +3 cols
    [CG]   [DIAG] iter=22 posCols=3 newCols=2 effImprove=3 updated=1
    [CG] CG iter 23: obj=1753626.650028, maxRC=2317.255932, +2 cols
    [CG]   [DIAG] iter=23 posCols=2 newCols=1 effImprove=2 updated=1
    [CG] CG iter 24: obj=1753626.650028, maxRC=244.312050, +1 cols
    [CG]   [DIAG] iter=24 posCols=1 newCols=1 effImprove=1 updated=0
    [CG] 列生成收敛，共 25 轮迭代
    [CG] [CG-NODE] depth=1 exit=CERTIFIED certified=1 feasible=1 iters=8 generatedColsBeforeNode=231 newCols=52 posCandidates=55 duplicateCandidates=3 updatedCols=3 zeroObjImproveIters=7 objFirst=1753626.650028 objLast=1753626.650028 objGain=0.000000 maxRC=81956.850788 wallSec=0.045365 pricingSec=0.041248 cplexSolveSec=0.002595
    [CG] [BB-INCUMBENT] selection=2 node=1 previous=1530127.337096 value=1753626.650028 active=1
    [CG] [BB-NODESEL] strategy=hybrid choice=dfs eligibleCount=1 active=1 gap=0.000942
    [CG] [BB-INCUMBENT] selection=3 node=1 previous=1753626.650028 value=1755278.825502 active=0
      [BB] 分支定界结束：处理 3 节点，剪枝 0，剩余活跃 0，整数解 3，状态=OPTIMAL，最好可行 obj=1755278.825502，gap=0.000000
