    [CG] 列生成开始，初始列数=310
    [CG] CG iter 1: obj=979247.952770, maxRC=728967.703058, +30 cols
    [CG]   [DIAG] iter=1 posCols=30 newCols=30 effImprove=30 updated=0
    [CG] CG iter 2: obj=1557696.552198, maxRC=249704.701581, +30 cols
    [CG]   [DIAG] iter=2 posCols=30 newCols=30 effImprove=30 updated=0
    [CG] CG iter 3: obj=1670688.266854, maxRC=192211.081886, +27 cols
    [CG]   [DIAG] iter=3 posCols=27 newCols=27 effImprove=27 updated=0
    [CG] CG iter 4: obj=1810055.917212, maxRC=128784.874784, +25 cols
    [CG]   [DIAG] iter=4 posCols=25 newCols=24 effImprove=25 updated=1
    [CG] CG iter 5: obj=1874417.709527, maxRC=71899.501597, +22 cols
    [CG]   [DIAG] iter=5 posCols=22 newCols=22 effImprove=22 updated=0
    [CG] CG iter 6: obj=1889746.067486, maxRC=119553.616037, +20 cols
    [CG]   [DIAG] iter=6 posCols=20 newCols=20 effImprove=20 updated=0
    [CG] CG iter 7: obj=1936130.087913, maxRC=44450.590035, +14 cols
    [CG]   [DIAG] iter=7 posCols=14 newCols=14 effImprove=14 updated=0
    [CG] CG iter 8: obj=1951543.666666, maxRC=24725.511460, +10 cols
    [CG]   [DIAG] iter=8 posCols=10 newCols=10 effImprove=10 updated=0
    [CG] CG iter 9: obj=1976269.178126, maxRC=17866.921111, +1 cols
    [CG]   [DIAG] iter=9 posCols=1 newCols=1 effImprove=1 updated=0
    [CG] CG iter 10: obj=1976269.178126, maxRC=8068.028531, +4 cols
    [CG]   [DIAG] iter=10 posCols=4 newCols=4 effImprove=4 updated=0
    [CG] 列生成收敛，共 11 轮迭代
    [CG] [CG-NODE] depth=0 exit=CERTIFIED certified=1 feasible=1 iters=11 generatedColsBeforeNode=0 newCols=182 posCandidates=183 duplicateCandidates=1 updatedCols=1 zeroObjImproveIters=2 objFirst=979247.952770 objLast=1976269.178126 objGain=997021.225356 maxRC=728967.703058 wallSec=0.066565 pricingSec=0.060902 cplexSolveSec=0.003326
      [BB] 分支定界开始，根节点LP obj=1976269.178126，最大节点数=10000
      [BB] 根节点启发式下界 LB=1938339.770261（上界=1976269.178126）
    [CG] [BB-DIAG] 分支 x_{dc=4,retailer=1}, 节点数=1
    [CG] 列生成开始，初始列数=487
    [CG] CG iter 12: obj=1962074.298476, maxRC=60727.035210, +24 cols
    [CG]   [DIAG] iter=12 posCols=24 newCols=24 effImprove=24 updated=0
    [CG] CG iter 13: obj=1962768.025973, maxRC=46172.872002, +15 cols
    [CG]   [DIAG] iter=13 posCols=15 newCols=15 effImprove=15 updated=0
    [CG] CG iter 14: obj=1975976.503547, maxRC=21414.979751, +12 cols
    [CG]   [DIAG] iter=14 posCols=12 newCols=10 effImprove=12 updated=2
    [CG] CG iter 15: obj=1975976.503547, maxRC=10395.389160, +7 cols
    [CG]   [DIAG] iter=15 posCols=7 newCols=7 effImprove=7 updated=0
    [CG] CG iter 16: obj=1975976.503547, maxRC=3824.297994, +3 cols
    [CG]   [DIAG] iter=16 posCols=3 newCols=3 effImprove=3 updated=0
    [CG] 列生成收敛，共 17 轮迭代
    [CG] [CG-NODE] depth=1 exit=CERTIFIED certified=1 feasible=1 iters=6 generatedColsBeforeNode=182 newCols=59 posCandidates=61 duplicateCandidates=2 updatedCols=2 zeroObjImproveIters=3 objFirst=1962074.298476 objLast=1975976.503547 objGain=13902.205071 maxRC=60727.035210 wallSec=0.014141 pricingSec=0.010701 cplexSolveSec=0.002211
    [CG] 列生成开始，初始列数=451
    [CG] CG iter 18: obj=1975177.437270, maxRC=64650.634577, +25 cols
    [CG]   [DIAG] iter=18 posCols=25 newCols=25 effImprove=25 updated=0
    [CG] CG iter 19: obj=1975177.437270, maxRC=26324.052345, +17 cols
    [CG]   [DIAG] iter=19 posCols=17 newCols=16 effImprove=17 updated=1
    [CG] CG iter 20: obj=1975177.437270, maxRC=35214.107534, +12 cols
    [CG]   [DIAG] iter=20 posCols=12 newCols=12 effImprove=12 updated=0
    [CG] CG iter 21: obj=1975177.437270, maxRC=12599.863342, +10 cols
    [CG]   [DIAG] iter=21 posCols=10 newCols=10 effImprove=10 updated=0
    [CG] CG iter 22: obj=1975177.437270, maxRC=7357.787544, +8 cols
    [CG]   [DIAG] iter=22 posCols=8 newCols=8 effImprove=8 updated=0
    [CG] CG iter 23: obj=1975177.437270, maxRC=5752.319962, +2 cols
    [CG]   [DIAG] iter=23 posCols=2 newCols=2 effImprove=2 updated=0
    [CG] 列生成收敛，共 24 轮迭代
    [CG] [CG-NODE] depth=1 exit=CERTIFIED certified=1 feasible=1 iters=7 generatedColsBeforeNode=241 newCols=73 posCandidates=74 duplicateCandidates=1 updatedCols=1 zeroObjImproveIters=6 objFirst=1975177.437270 objLast=1975177.437270 objGain=0.000000 maxRC=64650.634577 wallSec=0.017542 pricingSec=0.014024 cplexSolveSec=0.002283
    [CG] [BB-INCUMBENT] selection=2 node=1 previous=1938339.770261 value=1975177.437270 active=1
    [CG] [BB-NODESEL] strategy=hybrid choice=dfs eligibleCount=1 active=1 gap=0.000405
    [CG] [BB-INCUMBENT] selection=3 node=1 previous=1975177.437270 value=1975976.503547 active=0
      [BB] 分支定界结束：处理 3 节点，剪枝 0，剩余活跃 0，整数解 3，状态=OPTIMAL，最好可行 obj=1975976.503547，gap=0.000000
