    [CG] 列生成开始，初始列数=310
    [CG] CG iter 1: obj=972809.138281, maxRC=728967.703058, +30 cols
    [CG]   [DIAG] iter=1 posCols=30 newCols=30 effImprove=30 updated=0
    [CG] CG iter 2: obj=1572287.996960, maxRC=268737.769731, +30 cols
    [CG]   [DIAG] iter=2 posCols=30 newCols=30 effImprove=30 updated=0
    [CG] CG iter 3: obj=1790734.401082, maxRC=165609.028745, +28 cols
    [CG]   [DIAG] iter=3 posCols=28 newCols=28 effImprove=28 updated=0
    [CG] CG iter 4: obj=1841058.451747, maxRC=103436.815509, +24 cols
    [CG]   [DIAG] iter=4 posCols=24 newCols=24 effImprove=24 updated=0
    [CG] CG iter 5: obj=1897563.635628, maxRC=86838.998703, +23 cols
    [CG]   [DIAG] iter=5 posCols=23 newCols=23 effImprove=23 updated=0
    [CG] CG iter 6: obj=1897563.635628, maxRC=49317.409842, +18 cols
    [CG]   [DIAG] iter=6 posCols=18 newCols=18 effImprove=18 updated=0
    [CG] CG iter 7: obj=1904536.397049, maxRC=35810.695054, +19 cols
    [CG]   [DIAG] iter=7 posCols=19 newCols=18 effImprove=19 updated=1
    [CG] CG iter 8: obj=1939552.306426, maxRC=24590.056035, +10 cols
    [CG]   [DIAG] iter=8 posCols=10 newCols=8 effImprove=10 updated=2
    [CG] CG iter 9: obj=1956982.747530, maxRC=10463.045403, +8 cols
    [CG]   [DIAG] iter=9 posCols=8 newCols=8 effImprove=8 updated=0
    [CG] CG iter 10: obj=1965147.438018, maxRC=7832.962598, +2 cols
    [CG]   [DIAG] iter=10 posCols=2 newCols=2 effImprove=2 updated=0
    [CG] CG iter 11: obj=1972980.400615, maxRC=592.360195, +1 cols
    [CG]   [DIAG] iter=11 posCols=1 newCols=1 effImprove=1 updated=0
    [CG] CG iter 12: obj=1972980.400615, maxRC=216.980851, +1 cols
    [CG]   [DIAG] iter=12 posCols=1 newCols=1 effImprove=1 updated=0
    [CG] 列生成收敛，共 13 轮迭代
    [CG] [CG-NODE] depth=0 exit=CERTIFIED certified=1 feasible=1 iters=13 generatedColsBeforeNode=0 newCols=191 posCandidates=194 duplicateCandidates=3 updatedCols=3 zeroObjImproveIters=3 objFirst=972809.138281 objLast=1972980.400615 objGain=1000171.262334 maxRC=728967.703058 wallSec=0.085115 pricingSec=0.076657 cplexSolveSec=0.004668
      [BB] 分支定界开始，根节点LP obj=1972980.400615，最大节点数=10000
      [BB] 根节点启发式下界 LB=1935154.031712（上界=1972980.400615）
    [CG] [BB-DIAG] 分支 x_{dc=4,retailer=1}, 节点数=1
    [CG] 列生成开始，初始列数=496
    [CG] CG iter 14: obj=1972797.122354, maxRC=65624.818345, +27 cols
    [CG]   [DIAG] iter=14 posCols=27 newCols=27 effImprove=27 updated=0
    [CG] CG iter 15: obj=1972797.122354, maxRC=30265.224801, +19 cols
    [CG]   [DIAG] iter=15 posCols=19 newCols=19 effImprove=19 updated=0
    [CG] CG iter 16: obj=1972797.122354, maxRC=19230.209623, +12 cols
    [CG]   [DIAG] iter=16 posCols=12 newCols=11 effImprove=12 updated=1
    [CG] CG iter 17: obj=1972797.122354, maxRC=7058.436930, +7 cols
    [CG]   [DIAG] iter=17 posCols=7 newCols=7 effImprove=7 updated=0
    [CG] CG iter 18: obj=1972797.122354, maxRC=2793.358061, +2 cols
    [CG]   [DIAG] iter=18 posCols=2 newCols=2 effImprove=2 updated=0
    [CG] 列生成收敛，共 19 轮迭代
    [CG] [CG-NODE] depth=1 exit=CERTIFIED certified=1 feasible=1 iters=6 generatedColsBeforeNode=191 newCols=66 posCandidates=67 duplicateCandidates=1 updatedCols=1 zeroObjImproveIters=5 objFirst=1972797.122354 objLast=1972797.122354 objGain=-0.000000 maxRC=65624.818345 wallSec=0.015137 pricingSec=0.011649 cplexSolveSec=0.002205
    [CG] 列生成开始，初始列数=461
    [CG] CG iter 20: obj=1971785.620798, maxRC=60943.314809, +25 cols
    [CG]   [DIAG] iter=20 posCols=25 newCols=24 effImprove=25 updated=1
    [CG] CG iter 21: obj=1971785.620798, maxRC=26346.623276, +18 cols
    [CG]   [DIAG] iter=21 posCols=18 newCols=18 effImprove=18 updated=0
    [CG] CG iter 22: obj=1971785.620798, maxRC=24394.339805, +16 cols
    [CG]   [DIAG] iter=22 posCols=16 newCols=16 effImprove=16 updated=0
    [CG] CG iter 23: obj=1971785.620798, maxRC=6712.269437, +7 cols
    [CG]   [DIAG] iter=23 posCols=7 newCols=5 effImprove=7 updated=2
    [CG] CG iter 24: obj=1971785.620798, maxRC=3545.964673, +5 cols
    [CG]   [DIAG] iter=24 posCols=5 newCols=4 effImprove=5 updated=1
    [CG] CG iter 25: obj=1971785.620798, maxRC=386.616938, +3 cols
    [CG]   [DIAG] iter=25 posCols=3 newCols=3 effImprove=3 updated=0
    [CG] CG iter 26: obj=1971785.620798, maxRC=265.701268, +1 cols
    [CG]   [DIAG] iter=26 posCols=1 newCols=1 effImprove=1 updated=0
    [CG] 列生成收敛，共 27 轮迭代
    [CG] [CG-NODE] depth=1 exit=CERTIFIED certified=1 feasible=1 iters=8 generatedColsBeforeNode=257 newCols=71 posCandidates=75 duplicateCandidates=4 updatedCols=4 zeroObjImproveIters=7 objFirst=1971785.620798 objLast=1971785.620798 objGain=0.000000 maxRC=60943.314809 wallSec=0.020862 pricingSec=0.017111 cplexSolveSec=0.002344
    [CG] [BB-INCUMBENT] selection=2 node=1 previous=1935154.031712 value=1971785.620798 active=1
    [CG] [BB-NODESEL] strategy=hybrid choice=dfs eligibleCount=1 active=1 gap=0.000513
    [CG] [BB-INCUMBENT] selection=3 node=1 previous=1971785.620798 value=1972797.122354 active=0
      [BB] 分支定界结束：处理 3 节点，剪枝 0，剩余活跃 0，整数解 3，状态=OPTIMAL，最好可行 obj=1972797.122354，gap=0.000000
