    [CG] 列生成开始，初始列数=310
    [CG] CG iter 1: obj=982145.962703, maxRC=728967.703058, +30 cols
    [CG]   [DIAG] iter=1 posCols=30 newCols=30 effImprove=30 updated=0
    [CG] CG iter 2: obj=1558892.794693, maxRC=225257.949180, +30 cols
    [CG]   [DIAG] iter=2 posCols=30 newCols=30 effImprove=30 updated=0
    [CG] CG iter 3: obj=1784752.779423, maxRC=150521.116086, +26 cols
    [CG]   [DIAG] iter=3 posCols=26 newCols=26 effImprove=26 updated=0
    [CG] CG iter 4: obj=1789155.767607, maxRC=126991.296064, +25 cols
    [CG]   [DIAG] iter=4 posCols=25 newCols=25 effImprove=25 updated=0
    [CG] CG iter 5: obj=1857870.852474, maxRC=72915.229078, +23 cols
    [CG]   [DIAG] iter=5 posCols=23 newCols=23 effImprove=23 updated=0
    [CG] CG iter 6: obj=1905218.290889, maxRC=77680.683372, +21 cols
    [CG]   [DIAG] iter=6 posCols=21 newCols=19 effImprove=21 updated=2
    [CG] CG iter 7: obj=1918047.568641, maxRC=36794.646865, +14 cols
    [CG]   [DIAG] iter=7 posCols=14 newCols=14 effImprove=14 updated=0
    [CG] CG iter 8: obj=1970675.947190, maxRC=15017.773664, +7 cols
    [CG]   [DIAG] iter=8 posCols=7 newCols=5 effImprove=7 updated=2
    [CG] CG iter 9: obj=1970675.947190, maxRC=9719.653273, +4 cols
    [CG]   [DIAG] iter=9 posCols=4 newCols=3 effImprove=4 updated=1
    [CG] CG iter 10: obj=1980395.600463, maxRC=4734.286498, +2 cols
    [CG]   [DIAG] iter=10 posCols=2 newCols=1 effImprove=2 updated=1
    [CG] CG iter 11: obj=1980688.275041, maxRC=4991.087353, +1 cols
    [CG]   [DIAG] iter=11 posCols=1 newCols=1 effImprove=1 updated=0
    [CG] 列生成收敛，共 12 轮迭代
    [CG] [CG-NODE] depth=0 exit=CERTIFIED certified=1 feasible=1 iters=12 generatedColsBeforeNode=0 newCols=177 posCandidates=183 duplicateCandidates=6 updatedCols=6 zeroObjImproveIters=2 objFirst=982145.962703 objLast=1980688.275041 objGain=998542.312339 maxRC=728967.703058 wallSec=0.086291 pricingSec=0.077540 cplexSolveSec=0.004666
      [BB] 分支定界开始，根节点LP obj=1980688.275041，最大节点数=10000
      [BB] 根节点启发式下界 LB=1942758.867177（上界=1980688.275041）
    [CG] [BB-DIAG] 分支 x_{dc=4,retailer=1}, 节点数=1
    [CG] 列生成开始，初始列数=479
    [CG] CG iter 13: obj=1980395.600463, maxRC=56878.913083, +25 cols
    [CG]   [DIAG] iter=13 posCols=25 newCols=25 effImprove=25 updated=0
    [CG] CG iter 14: obj=1980395.600463, maxRC=64671.159701, +20 cols
    [CG]   [DIAG] iter=14 posCols=20 newCols=20 effImprove=20 updated=0
    [CG] CG iter 15: obj=1980395.600463, maxRC=29253.591106, +12 cols
    [CG]   [DIAG] iter=15 posCols=12 newCols=12 effImprove=12 updated=0
    [CG] CG iter 16: obj=1980395.600463, maxRC=10918.082332, +5 cols
    [CG]   [DIAG] iter=16 posCols=5 newCols=5 effImprove=5 updated=0
    [CG] CG iter 17: obj=1980395.600463, maxRC=690.303210, +1 cols
    [CG]   [DIAG] iter=17 posCols=1 newCols=1 effImprove=1 updated=0
    [CG] 列生成收敛，共 18 轮迭代
    [CG] [CG-NODE] depth=1 exit=CERTIFIED certified=1 feasible=1 iters=6 generatedColsBeforeNode=177 newCols=63 posCandidates=63 duplicateCandidates=0 updatedCols=0 zeroObjImproveIters=5 objFirst=1980395.600463 objLast=1980395.600463 objGain=0.000000 maxRC=64671.159701 wallSec=0.017522 pricingSec=0.013786 cplexSolveSec=0.002463
    [CG] 列生成开始，初始列数=447
    [CG] CG iter 19: obj=1979596.534185, maxRC=75378.419914, +21 cols
    [CG]   [DIAG] iter=19 posCols=21 newCols=21 effImprove=21 updated=0
    [CG] CG iter 20: obj=1979596.534185, maxRC=24181.697260, +18 cols
    [CG]   [DIAG] iter=20 posCols=18 newCols=18 effImprove=18 updated=0
    [CG] CG iter 21: obj=1979596.534185, maxRC=17902.770459, +10 cols
    [CG]   [DIAG] iter=21 posCols=10 newCols=9 effImprove=10 updated=1
    [CG] CG iter 22: obj=1979596.534185, maxRC=12905.411044, +9 cols
    [CG]   [DIAG] iter=22 posCols=9 newCols=7 effImprove=9 updated=2
    [CG] CG iter 23: obj=1979596.534185, maxRC=4210.097934, +4 cols
    [CG]   [DIAG] iter=23 posCols=4 newCols=4 effImprove=4 updated=0
    [CG] 列生成收敛，共 24 轮迭代
    [CG] [CG-NODE] depth=1 exit=CERTIFIED certified=1 feasible=1 iters=6 generatedColsBeforeNode=240 newCols=59 posCandidates=62 duplicateCandidates=3 updatedCols=3 zeroObjImproveIters=5 objFirst=1979596.534185 objLast=1979596.534185 objGain=0.000000 maxRC=75378.419914 wallSec=0.014827 pricingSec=0.011260 cplexSolveSec=0.002284
    [CG] [BB-INCUMBENT] selection=2 node=1 previous=1942758.867177 value=1979596.534185 active=1
    [CG] [BB-NODESEL] strategy=hybrid choice=dfs eligibleCount=1 active=1 gap=0.000404
    [CG] [BB-INCUMBENT] selection=3 node=1 previous=1979596.534185 value=1980395.600463 active=0
      [BB] 分支定界结束：处理 3 节点，剪枝 0，剩余活跃 0，整数解 3，状态=OPTIMAL，最好可行 obj=1980395.600463，gap=0.000000
