    [CG] 列生成开始，初始列数=310
    [CG] CG iter 1: obj=726902.271255, maxRC=1877368.466560, +30 cols
    [CG]   [DIAG] iter=1 posCols=30 newCols=30 effImprove=30 updated=0
    [CG] CG iter 2: obj=2009388.858835, maxRC=535124.458047, +22 cols
    [CG]   [DIAG] iter=2 posCols=22 newCols=22 effImprove=22 updated=0
    [CG] CG iter 3: obj=2047426.575187, maxRC=682895.559798, +22 cols
    [CG]   [DIAG] iter=3 posCols=22 newCols=22 effImprove=22 updated=0
    [CG] CG iter 4: obj=2047426.575187, maxRC=647710.996846, +18 cols
    [CG]   [DIAG] iter=4 posCols=18 newCols=18 effImprove=18 updated=0
    [CG] CG iter 5: obj=2052202.569863, maxRC=665118.105471, +17 cols
    [CG]   [DIAG] iter=5 posCols=17 newCols=17 effImprove=17 updated=0
    [CG] CG iter 6: obj=2089108.162782, maxRC=536995.860484, +11 cols
    [CG]   [DIAG] iter=6 posCols=11 newCols=11 effImprove=11 updated=0
    [CG] CG iter 7: obj=2089108.162782, maxRC=491044.487255, +13 cols
    [CG]   [DIAG] iter=7 posCols=13 newCols=13 effImprove=13 updated=0
    [CG] CG iter 8: obj=2102524.963452, maxRC=454119.958059, +15 cols
    [CG]   [DIAG] iter=8 posCols=15 newCols=15 effImprove=15 updated=0
    [CG] CG iter 9: obj=2111740.584614, maxRC=292324.917850, +9 cols
    [CG]   [DIAG] iter=9 posCols=9 newCols=9 effImprove=9 updated=0
    [CG] CG iter 10: obj=2125248.420135, maxRC=269561.770106, +9 cols
    [CG]   [DIAG] iter=10 posCols=9 newCols=9 effImprove=9 updated=0
    [CG] CG iter 11: obj=2131225.604226, maxRC=303336.672647, +10 cols
    [CG]   [DIAG] iter=11 posCols=10 newCols=10 effImprove=10 updated=0
    [CG] CG iter 12: obj=2138072.162474, maxRC=147935.454725, +9 cols
    [CG]   [DIAG] iter=12 posCols=9 newCols=9 effImprove=9 updated=0
    [CG] CG iter 13: obj=2147632.107699, maxRC=122222.940440, +11 cols
    [CG]   [DIAG] iter=13 posCols=11 newCols=11 effImprove=11 updated=0
    [CG] CG iter 14: obj=2171324.203048, maxRC=84965.102168, +9 cols
    [CG]   [DIAG] iter=14 posCols=9 newCols=9 effImprove=9 updated=0
    [CG] CG iter 15: obj=2174551.581920, maxRC=87279.722425, +9 cols
    [CG]   [DIAG] iter=15 posCols=9 newCols=9 effImprove=9 updated=0
    [CG] CG iter 16: obj=2179656.346502, maxRC=80054.100250, +9 cols
    [CG]   [DIAG] iter=16 posCols=9 newCols=9 effImprove=9 updated=0
    [CG] CG iter 17: obj=2185913.196371, maxRC=89414.343964, +9 cols
    [CG]   [DIAG] iter=17 posCols=9 newCols=9 effImprove=9 updated=0
    [CG] CG iter 18: obj=2189211.546145, maxRC=66035.011613, +9 cols
    [CG]   [DIAG] iter=18 posCols=9 newCols=9 effImprove=9 updated=0
    [CG] CG iter 19: obj=2199586.809613, maxRC=74881.354153, +9 cols
    [CG]   [DIAG] iter=19 posCols=9 newCols=9 effImprove=9 updated=0
    [CG] CG iter 20: obj=2201577.154811, maxRC=39029.745216, +9 cols
    [CG]   [DIAG] iter=20 posCols=9 newCols=9 effImprove=9 updated=0
    [CG] CG iter 21: obj=2211483.443778, maxRC=51205.865982, +8 cols
    [CG]   [DIAG] iter=21 posCols=8 newCols=8 effImprove=8 updated=0
    [CG] CG iter 22: obj=2214792.078096, maxRC=52652.885054, +9 cols
    [CG]   [DIAG] iter=22 posCols=9 newCols=9 effImprove=9 updated=0
    [CG] CG iter 23: obj=2230879.483117, maxRC=39262.189867, +9 cols
    [CG]   [DIAG] iter=23 posCols=9 newCols=9 effImprove=9 updated=0
    [CG] CG iter 24: obj=2232300.784882, maxRC=17633.753097, +9 cols
    [CG]   [DIAG] iter=24 posCols=9 newCols=9 effImprove=9 updated=0
    [CG] CG iter 25: obj=2243471.541199, maxRC=9009.650231, +7 cols
    [CG]   [DIAG] iter=25 posCols=7 newCols=7 effImprove=7 updated=0
    [CG] CG iter 26: obj=2243471.541199, maxRC=22330.935058, +7 cols
    [CG]   [DIAG] iter=26 posCols=7 newCols=7 effImprove=7 updated=0
    [CG] CG iter 27: obj=2254220.490191, maxRC=6125.264116, +6 cols
    [CG]   [DIAG] iter=27 posCols=6 newCols=6 effImprove=6 updated=0
    [CG] CG iter 28: obj=2255964.776083, maxRC=3051.411114, +2 cols
    [CG]   [DIAG] iter=28 posCols=2 newCols=2 effImprove=2 updated=0
    [CG] CG iter 29: obj=2255964.776083, maxRC=649.993321, +2 cols
    [CG]   [DIAG] iter=29 posCols=2 newCols=2 effImprove=2 updated=0
    [CG] CG iter 30: obj=2255964.776083, maxRC=353.539270, +1 cols
    [CG]   [DIAG] iter=30 posCols=1 newCols=1 effImprove=1 updated=0
    [CG] 列生成收敛，共 31 轮迭代
    [CG] [CG-NODE] depth=0 exit=CERTIFIED certified=1 feasible=1 iters=31 generatedColsBeforeNode=0 newCols=319 posCandidates=319 duplicateCandidates=0 updatedCols=0 zeroObjImproveIters=6 objFirst=726902.271255 objLast=2255964.776083 objGain=1529062.504827 maxRC=1877368.466560 wallSec=0.347715 pricingSec=0.330493 cplexSolveSec=0.011354
      [BB] 根节点即为整数解，obj=2255964.776083
