    [CG] 列生成开始，初始列数=310
    [CG] CG iter 1: obj=971335.894161, maxRC=734780.259580, +30 cols
    [CG]   [DIAG] iter=1 posCols=30 newCols=30 effImprove=30 updated=0
    [CG] CG iter 2: obj=1469572.578395, maxRC=243346.649267, +27 cols
    [CG]   [DIAG] iter=2 posCols=27 newCols=27 effImprove=27 updated=0
    [CG] CG iter 3: obj=1659791.320894, maxRC=212405.620371, +29 cols
    [CG]   [DIAG] iter=3 posCols=29 newCols=29 effImprove=29 updated=0
    [CG] CG iter 4: obj=1895275.970388, maxRC=137173.306393, +26 cols
    [CG]   [DIAG] iter=4 posCols=26 newCols=26 effImprove=26 updated=0
    [CG] CG iter 5: obj=1926294.660839, maxRC=80133.396011, +23 cols
    [CG]   [DIAG] iter=5 posCols=23 newCols=23 effImprove=23 updated=0
    [CG] CG iter 6: obj=1931962.127125, maxRC=50267.137798, +18 cols
    [CG]   [DIAG] iter=6 posCols=18 newCols=18 effImprove=18 updated=0
    [CG] CG iter 7: obj=1980056.908494, maxRC=39114.115635, +11 cols
    [CG]   [DIAG] iter=7 posCols=11 newCols=10 effImprove=11 updated=1
    [CG] CG iter 8: obj=1983279.933934, maxRC=13707.288947, +7 cols
    [CG]   [DIAG] iter=8 posCols=7 newCols=7 effImprove=7 updated=0
    [CG] CG iter 9: obj=1983279.933934, maxRC=4928.678030, +3 cols
    [CG]   [DIAG] iter=9 posCols=3 newCols=3 effImprove=3 updated=0
    [CG] CG iter 10: obj=1988072.200656, maxRC=2011.681136, +1 cols
    [CG]   [DIAG] iter=10 posCols=1 newCols=1 effImprove=1 updated=0
    [CG] 列生成收敛，共 11 轮迭代
    [CG] [CG-NODE] depth=0 exit=CERTIFIED certified=1 feasible=1 iters=11 generatedColsBeforeNode=0 newCols=174 posCandidates=175 duplicateCandidates=1 updatedCols=1 zeroObjImproveIters=2 objFirst=971335.894161 objLast=1988072.200656 objGain=1016736.306495 maxRC=734780.259580 wallSec=0.063494 pricingSec=0.058085 cplexSolveSec=0.003203
      [BB] 根节点即为整数解，obj=1988072.200656
