    [CG] 列生成开始，初始列数=310
    [CG] CG iter 1: obj=955716.296941, maxRC=787266.822045, +30 cols
    [CG]   [DIAG] iter=1 posCols=30 newCols=30 effImprove=30 updated=0
    [CG] CG iter 2: obj=1487173.243364, maxRC=191363.860698, +25 cols
    [CG]   [DIAG] iter=2 posCols=25 newCols=25 effImprove=25 updated=0
    [CG] CG iter 3: obj=1652848.046061, maxRC=203805.783995, +30 cols
    [CG]   [DIAG] iter=3 posCols=30 newCols=30 effImprove=30 updated=0
    [CG] CG iter 4: obj=1842980.417908, maxRC=131932.572798, +25 cols
    [CG]   [DIAG] iter=4 posCols=25 newCols=25 effImprove=25 updated=0
    [CG] CG iter 5: obj=1893150.609199, maxRC=159868.119351, +24 cols
    [CG]   [DIAG] iter=5 posCols=24 newCols=24 effImprove=24 updated=0
    [CG] CG iter 6: obj=1893150.609199, maxRC=80763.847413, +19 cols
    [CG]   [DIAG] iter=6 posCols=19 newCols=19 effImprove=19 updated=0
    [CG] CG iter 7: obj=1914634.546066, maxRC=59757.710702, +16 cols
    [CG]   [DIAG] iter=7 posCols=16 newCols=15 effImprove=16 updated=1
    [CG] CG iter 8: obj=1949055.754611, maxRC=15576.381324, +8 cols
    [CG]   [DIAG] iter=8 posCols=8 newCols=8 effImprove=8 updated=0
    [CG] CG iter 9: obj=1962611.203351, maxRC=9719.653273, +5 cols
    [CG]   [DIAG] iter=9 posCols=5 newCols=4 effImprove=5 updated=1
    [CG] CG iter 10: obj=1972330.856623, maxRC=4569.349723, +2 cols
    [CG]   [DIAG] iter=10 posCols=2 newCols=2 effImprove=2 updated=0
    [CG] CG iter 11: obj=1972330.856623, maxRC=449.597495, +1 cols
    [CG]   [DIAG] iter=11 posCols=1 newCols=1 effImprove=1 updated=0
    [CG] CG iter 12: obj=1972330.856623, maxRC=280.559978, +1 cols
    [CG]   [DIAG] iter=12 posCols=1 newCols=1 effImprove=1 updated=0
    [CG] 列生成收敛，共 13 轮迭代
    [CG] [CG-NODE] depth=0 exit=CERTIFIED certified=1 feasible=1 iters=13 generatedColsBeforeNode=0 newCols=184 posCandidates=186 duplicateCandidates=2 updatedCols=2 zeroObjImproveIters=4 objFirst=955716.296941 objLast=1972330.856623 objGain=1016614.559682 maxRC=787266.822045 wallSec=0.107974 pricingSec=0.095892 cplexSolveSec=0.006820
      [BB] 根节点即为整数解，obj=1972330.856623
