    [CG] 列生成开始，初始列数=310
    [CG] CG iter 1: obj=967996.601987, maxRC=730828.133250, +30 cols
    [CG]   [DIAG] iter=1 posCols=30 newCols=30 effImprove=30 updated=0
    [CG] CG iter 2: obj=1500966.111977, maxRC=190299.376991, +25 cols
    [CG]   [DIAG] iter=2 posCols=25 newCols=25 effImprove=25 updated=0
    [CG] CG iter 3: obj=1774358.378152, maxRC=186790.949701, +27 cols
    [CG]   [DIAG] iter=3 posCols=27 newCols=27 effImprove=27 updated=0
    [CG] CG iter 4: obj=1904861.649883, maxRC=120985.129335, +25 cols
    [CG]   [DIAG] iter=4 posCols=25 newCols=25 effImprove=25 updated=0
    [CG] CG iter 5: obj=1923050.850042, maxRC=79382.539709, +21 cols
    [CG]   [DIAG] iter=5 posCols=21 newCols=20 effImprove=21 updated=1
    [CG] CG iter 6: obj=1940521.356464, maxRC=74415.600960, +16 cols
    [CG]   [DIAG] iter=6 posCols=16 newCols=16 effImprove=16 updated=0
    [CG] CG iter 7: obj=1962647.908546, maxRC=19534.344435, +10 cols
    [CG]   [DIAG] iter=7 posCols=10 newCols=10 effImprove=10 updated=0
    [CG] CG iter 8: obj=1967120.016223, maxRC=11753.035233, +5 cols
    [CG]   [DIAG] iter=8 posCols=5 newCols=4 effImprove=5 updated=1
    [CG] CG iter 9: obj=1983371.995631, maxRC=7480.540002, +3 cols
    [CG]   [DIAG] iter=9 posCols=3 newCols=3 effImprove=3 updated=0
    [CG] CG iter 10: obj=1983371.995631, maxRC=258.956856, +1 cols
    [CG]   [DIAG] iter=10 posCols=1 newCols=1 effImprove=1 updated=0
    [CG] 列生成收敛，共 11 轮迭代
    [CG] [CG-NODE] depth=0 exit=CERTIFIED certified=1 feasible=1 iters=11 generatedColsBeforeNode=0 newCols=161 posCandidates=163 duplicateCandidates=2 updatedCols=2 zeroObjImproveIters=2 objFirst=967996.601987 objLast=1983371.995631 objGain=1015375.393644 maxRC=730828.133250 wallSec=0.090442 pricingSec=0.081845 cplexSolveSec=0.004722
      [BB] 分支定界开始，根节点LP obj=1983371.995631，最大节点数=10000
      [BB] 根节点启发式下界 LB=1944174.713229（上界=1983371.995631）
    [CG] [BB-DIAG] 分支 x_{dc=4,retailer=1}, 节点数=1
    [CG] 列生成开始，初始列数=462
    [CG] CG iter 12: obj=1983026.447877, maxRC=67287.425418, +23 cols
    [CG]   [DIAG] iter=12 posCols=23 newCols=23 effImprove=23 updated=0
    [CG] CG iter 13: obj=1983026.447877, maxRC=46472.484730, +21 cols
    [CG]   [DIAG] iter=13 posCols=21 newCols=20 effImprove=21 updated=1
    [CG] CG iter 14: obj=1983026.447877, maxRC=11264.912772, +8 cols
    [CG]   [DIAG] iter=14 posCols=8 newCols=8 effImprove=8 updated=0
    [CG] CG iter 15: obj=1983026.447877, maxRC=6055.996386, +8 cols
    [CG]   [DIAG] iter=15 posCols=8 newCols=8 effImprove=8 updated=0
    [CG] CG iter 16: obj=1983026.447877, maxRC=5828.855613, +6 cols
    [CG]   [DIAG] iter=16 posCols=6 newCols=6 effImprove=6 updated=0
    [CG] CG iter 17: obj=1983026.447877, maxRC=934.434918, +3 cols
    [CG]   [DIAG] iter=17 posCols=3 newCols=3 effImprove=3 updated=0
    [CG] CG iter 18: obj=1983026.447877, maxRC=680.633336, +1 cols
    [CG]   [DIAG] iter=18 posCols=1 newCols=1 effImprove=1 updated=0
    [CG] 列生成收敛，共 19 轮迭代
    [CG] [CG-NODE] depth=1 exit=CERTIFIED certified=1 feasible=1 iters=8 generatedColsBeforeNode=161 newCols=69 posCandidates=70 duplicateCandidates=1 updatedCols=1 zeroObjImproveIters=7 objFirst=1983026.447877 objLast=1983026.447877 objGain=0.000000 maxRC=67287.425418 wallSec=0.018025 pricingSec=0.013804 cplexSolveSec=0.002739
    [CG] 列生成开始，初始列数=432
    [CG] CG iter 20: obj=1983355.868727, maxRC=80087.738478, +26 cols
    [CG]   [DIAG] iter=20 posCols=26 newCols=26 effImprove=26 updated=0
    [CG] CG iter 21: obj=1983355.868727, maxRC=33932.616324, +16 cols
    [CG]   [DIAG] iter=21 posCols=16 newCols=16 effImprove=16 updated=0
    [CG] CG iter 22: obj=1983355.868727, maxRC=26636.456994, +13 cols
    [CG]   [DIAG] iter=22 posCols=13 newCols=13 effImprove=13 updated=0
    [CG] CG iter 23: obj=1983355.868727, maxRC=10674.566274, +8 cols
    [CG]   [DIAG] iter=23 posCols=8 newCols=7 effImprove=8 updated=1
    [CG] CG iter 24: obj=1983355.868727, maxRC=13697.746378, +4 cols
    [CG]   [DIAG] iter=24 posCols=4 newCols=4 effImprove=4 updated=0
    [CG] 列生成收敛，共 25 轮迭代
    [CG] [CG-NODE] depth=1 exit=CERTIFIED certified=1 feasible=1 iters=6 generatedColsBeforeNode=230 newCols=66 posCandidates=67 duplicateCandidates=1 updatedCols=1 zeroObjImproveIters=5 objFirst=1983355.868727 objLast=1983355.868727 objGain=0.000000 maxRC=80087.738478 wallSec=0.016365 pricingSec=0.013152 cplexSolveSec=0.002059
    [CG] [BB-INCUMBENT] selection=2 node=1 previous=1944174.713229 value=1983355.868727 active=1
    [CG] [BB-NODESEL] strategy=hybrid choice=dfs eligibleCount=1 active=1 gap=0.000000
      [BB] 分支定界结束：处理 3 节点，剪枝 1，剩余活跃 0，整数解 2，状态=OPTIMAL，最好可行 obj=1983355.868727，gap=0.000000
