    [CG] 列生成开始，初始列数=310
    [CG] CG iter 1: obj=978484.520012, maxRC=729476.282536, +30 cols
    [CG]   [DIAG] iter=1 posCols=30 newCols=30 effImprove=30 updated=0
    [CG] CG iter 2: obj=1508964.904712, maxRC=196262.422369, +25 cols
    [CG]   [DIAG] iter=2 posCols=25 newCols=25 effImprove=25 updated=0
    [CG] CG iter 3: obj=1779843.617330, maxRC=182315.065087, +27 cols
    [CG]   [DIAG] iter=3 posCols=27 newCols=27 effImprove=27 updated=0
    [CG] CG iter 4: obj=1910708.754612, maxRC=111694.169019, +25 cols
    [CG]   [DIAG] iter=4 posCols=25 newCols=25 effImprove=25 updated=0
    [CG] CG iter 5: obj=1932445.375290, maxRC=62571.700731, +22 cols
    [CG]   [DIAG] iter=5 posCols=22 newCols=21 effImprove=22 updated=1
    [CG] CG iter 6: obj=1953640.417251, maxRC=92620.935376, +19 cols
    [CG]   [DIAG] iter=6 posCols=19 newCols=19 effImprove=19 updated=0
    [CG] CG iter 7: obj=1960643.197252, maxRC=22557.490840, +15 cols
    [CG]   [DIAG] iter=7 posCols=15 newCols=14 effImprove=15 updated=1
    [CG] CG iter 8: obj=1961295.957693, maxRC=18442.840716, +10 cols
    [CG]   [DIAG] iter=8 posCols=10 newCols=10 effImprove=10 updated=0
    [CG] CG iter 9: obj=1977711.232534, maxRC=23181.870257, +6 cols
    [CG]   [DIAG] iter=9 posCols=6 newCols=4 effImprove=6 updated=2
    [CG] CG iter 10: obj=1981728.605903, maxRC=9719.653273, +6 cols
    [CG]   [DIAG] iter=10 posCols=6 newCols=5 effImprove=6 updated=1
    [CG] CG iter 11: obj=1999415.831765, maxRC=108.777078, +1 cols
    [CG]   [DIAG] iter=11 posCols=1 newCols=1 effImprove=1 updated=0
    [CG] CG iter 12: obj=1999415.831765, maxRC=33.601621, +1 cols
    [CG]   [DIAG] iter=12 posCols=1 newCols=1 effImprove=1 updated=0
    [CG] 列生成收敛，共 13 轮迭代
    [CG] [CG-NODE] depth=0 exit=CERTIFIED certified=1 feasible=1 iters=13 generatedColsBeforeNode=0 newCols=182 posCandidates=187 duplicateCandidates=5 updatedCols=5 zeroObjImproveIters=2 objFirst=978484.520012 objLast=1999415.831765 objGain=1020931.311753 maxRC=729476.282536 wallSec=0.070483 pricingSec=0.063856 cplexSolveSec=0.003906
      [BB] 分支定界开始，根节点LP obj=1999415.831765，最大节点数=10000
      [BB] 根节点启发式下界 LB=1960963.402986（上界=1999415.831765）
    [CG] [BB-DIAG] 分支 x_{dc=4,retailer=1}, 节点数=1
    [CG] 列生成开始，初始列数=484
    [CG] CG iter 14: obj=1999399.436144, maxRC=56544.736478, +25 cols
    [CG]   [DIAG] iter=14 posCols=25 newCols=25 effImprove=25 updated=0
    [CG] CG iter 15: obj=1999399.436144, maxRC=39865.976143, +18 cols
    [CG]   [DIAG] iter=15 posCols=18 newCols=18 effImprove=18 updated=0
    [CG] CG iter 16: obj=1999399.436144, maxRC=27968.627872, +21 cols
    [CG]   [DIAG] iter=16 posCols=21 newCols=21 effImprove=21 updated=0
    [CG] CG iter 17: obj=1999399.436144, maxRC=16718.270832, +9 cols
    [CG]   [DIAG] iter=17 posCols=9 newCols=9 effImprove=9 updated=0
    [CG] CG iter 18: obj=1999399.436144, maxRC=4682.953026, +3 cols
    [CG]   [DIAG] iter=18 posCols=3 newCols=3 effImprove=3 updated=0
    [CG] 列生成收敛，共 19 轮迭代
    [CG] [CG-NODE] depth=1 exit=CERTIFIED certified=1 feasible=1 iters=6 generatedColsBeforeNode=182 newCols=76 posCandidates=76 duplicateCandidates=0 updatedCols=0 zeroObjImproveIters=5 objFirst=1999399.436144 objLast=1999399.436144 objGain=0.000000 maxRC=56544.736478 wallSec=0.017052 pricingSec=0.013334 cplexSolveSec=0.002409
    [CG] 列生成开始，初始列数=452
    [CG] CG iter 20: obj=1997400.923894, maxRC=55656.470442, +22 cols
    [CG]   [DIAG] iter=20 posCols=22 newCols=22 effImprove=22 updated=0
    [CG] CG iter 21: obj=1997400.923894, maxRC=32011.387985, +14 cols
    [CG]   [DIAG] iter=21 posCols=14 newCols=14 effImprove=14 updated=0
    [CG] CG iter 22: obj=1997400.923894, maxRC=13475.534295, +8 cols
    [CG]   [DIAG] iter=22 posCols=8 newCols=7 effImprove=8 updated=1
    [CG] CG iter 23: obj=1997400.923894, maxRC=8462.546453, +6 cols
    [CG]   [DIAG] iter=23 posCols=6 newCols=5 effImprove=6 updated=1
    [CG] 列生成收敛，共 24 轮迭代
    [CG] [CG-NODE] depth=1 exit=CERTIFIED certified=1 feasible=1 iters=5 generatedColsBeforeNode=258 newCols=48 posCandidates=50 duplicateCandidates=2 updatedCols=2 zeroObjImproveIters=4 objFirst=1997400.923894 objLast=1997400.923894 objGain=0.000000 maxRC=55656.470442 wallSec=0.013010 pricingSec=0.009904 cplexSolveSec=0.001968
    [CG] [BB-INCUMBENT] selection=2 node=1 previous=1960963.402986 value=1997400.923894 active=1
    [CG] [BB-NODESEL] strategy=hybrid choice=dfs eligibleCount=1 active=1 gap=0.001001
    [CG] [BB-INCUMBENT] selection=3 node=1 previous=1997400.923894 value=1999399.436144 active=0
      [BB] 分支定界结束：处理 3 节点，剪枝 0，剩余活跃 0，整数解 3，状态=OPTIMAL，最好可行 obj=1999399.436144，gap=0.000000
