    [CG] 列生成开始，初始列数=310
    [CG] CG iter 1: obj=980045.697546, maxRC=729476.162771, +30 cols
    [CG]   [DIAG] iter=1 posCols=30 newCols=30 effImprove=30 updated=0
    [CG] CG iter 2: obj=1509264.461539, maxRC=190601.219699, +25 cols
    [CG]   [DIAG] iter=2 posCols=25 newCols=25 effImprove=25 updated=0
    [CG] CG iter 3: obj=1784649.462208, maxRC=173235.163661, +26 cols
    [CG]   [DIAG] iter=3 posCols=26 newCols=26 effImprove=26 updated=0
    [CG] CG iter 4: obj=1915509.472470, maxRC=112496.498212, +27 cols
    [CG]   [DIAG] iter=4 posCols=27 newCols=27 effImprove=27 updated=0
    [CG] CG iter 5: obj=1937319.292715, maxRC=90525.582125, +20 cols
    [CG]   [DIAG] iter=5 posCols=20 newCols=18 effImprove=20 updated=2
    [CG] CG iter 6: obj=1946160.271129, maxRC=30306.557489, +20 cols
    [CG]   [DIAG] iter=6 posCols=20 newCols=19 effImprove=20 updated=1
    [CG] CG iter 7: obj=1965417.787266, maxRC=24379.592160, +16 cols
    [CG]   [DIAG] iter=7 posCols=16 newCols=15 effImprove=16 updated=1
    [CG] CG iter 8: obj=1995322.317520, maxRC=7768.527642, +3 cols
    [CG]   [DIAG] iter=8 posCols=3 newCols=3 effImprove=3 updated=0
    [CG] CG iter 9: obj=2003090.845161, maxRC=2666.216729, +2 cols
    [CG]   [DIAG] iter=9 posCols=2 newCols=2 effImprove=2 updated=0
    [CG] 列生成收敛，共 10 轮迭代
    [CG] [CG-NODE] depth=0 exit=CERTIFIED certified=1 feasible=1 iters=10 generatedColsBeforeNode=0 newCols=165 posCandidates=169 duplicateCandidates=4 updatedCols=4 zeroObjImproveIters=1 objFirst=980045.697546 objLast=2003090.845161 objGain=1023045.147616 maxRC=729476.162771 wallSec=0.090536 pricingSec=0.082184 cplexSolveSec=0.004264
      [BB] 根节点即为整数解，obj=2003090.845161
