    [CG] 列生成开始，初始列数=310
    [CG] CG iter 1: obj=971304.752626, maxRC=733832.295931, +30 cols
    [CG]   [DIAG] iter=1 posCols=30 newCols=30 effImprove=30 updated=0
    [CG] CG iter 2: obj=1489053.284542, maxRC=211921.067233, +24 cols
    [CG]   [DIAG] iter=2 posCols=24 newCols=24 effImprove=24 updated=0
    [CG] CG iter 3: obj=1693492.808036, maxRC=219418.776950, +30 cols
    [CG]   [DIAG] iter=3 posCols=30 newCols=30 effImprove=30 updated=0
    [CG] CG iter 4: obj=1869052.537663, maxRC=177178.852365, +28 cols
    [CG]   [DIAG] iter=4 posCols=28 newCols=28 effImprove=28 updated=0
    [CG] CG iter 5: obj=1915666.359989, maxRC=48476.286405, +17 cols
    [CG]   [DIAG] iter=5 posCols=17 newCols=15 effImprove=17 updated=2
    [CG] CG iter 6: obj=1937358.651382, maxRC=52278.613335, +21 cols
    [CG]   [DIAG] iter=6 posCols=21 newCols=20 effImprove=21 updated=1
    [CG] CG iter 7: obj=1948552.316160, maxRC=31716.135682, +13 cols
    [CG]   [DIAG] iter=7 posCols=13 newCols=13 effImprove=13 updated=0
    [CG] CG iter 8: obj=1968352.958707, maxRC=15808.565105, +10 cols
    [CG]   [DIAG] iter=8 posCols=10 newCols=10 effImprove=10 updated=0
    [CG] CG iter 9: obj=1973472.495747, maxRC=14649.319815, +5 cols
    [CG]   [DIAG] iter=9 posCols=5 newCols=3 effImprove=5 updated=2
    [CG] CG iter 10: obj=1983192.149019, maxRC=4332.133144, +5 cols
    [CG]   [DIAG] iter=10 posCols=5 newCols=5 effImprove=5 updated=0
    [CG] CG iter 11: obj=1983192.149019, maxRC=718.072433, +2 cols
    [CG]   [DIAG] iter=11 posCols=2 newCols=1 effImprove=2 updated=1
    [CG] CG iter 12: obj=1983192.149019, maxRC=332.723765, +1 cols
    [CG]   [DIAG] iter=12 posCols=1 newCols=1 effImprove=1 updated=0
    [CG] 列生成收敛，共 13 轮迭代
    [CG] [CG-NODE] depth=0 exit=CERTIFIED certified=1 feasible=1 iters=13 generatedColsBeforeNode=0 newCols=180 posCandidates=186 duplicateCandidates=6 updatedCols=6 zeroObjImproveIters=3 objFirst=971304.752626 objLast=1983192.149019 objGain=1011887.396393 maxRC=733832.295931 wallSec=0.088381 pricingSec=0.078589 cplexSolveSec=0.005454
      [BB] 根节点即为整数解，obj=1983192.149019
