    [CG] 列生成开始，初始列数=310
    [CG] CG iter 1: obj=970477.671753, maxRC=739828.557582, +30 cols
    [CG]   [DIAG] iter=1 posCols=30 newCols=30 effImprove=30 updated=0
    [CG] CG iter 2: obj=1469642.105344, maxRC=221001.439599, +27 cols
    [CG]   [DIAG] iter=2 posCols=27 newCols=27 effImprove=27 updated=0
    [CG] CG iter 3: obj=1689950.154339, maxRC=184748.875455, +28 cols
    [CG]   [DIAG] iter=3 posCols=28 newCols=28 effImprove=28 updated=0
    [CG] CG iter 4: obj=1807851.329734, maxRC=192705.757547, +29 cols
    [CG]   [DIAG] iter=4 posCols=29 newCols=29 effImprove=29 updated=0
    [CG] CG iter 5: obj=1867698.351115, maxRC=95913.528395, +24 cols
    [CG]   [DIAG] iter=5 posCols=24 newCols=24 effImprove=24 updated=0
    [CG] CG iter 6: obj=1891779.204026, maxRC=101597.780561, +18 cols
    [CG]   [DIAG] iter=6 posCols=18 newCols=18 effImprove=18 updated=0
    [CG] CG iter 7: obj=1927994.776540, maxRC=63501.686484, +17 cols
    [CG]   [DIAG] iter=7 posCols=17 newCols=17 effImprove=17 updated=0
    [CG] CG iter 8: obj=1964073.400396, maxRC=24126.511190, +13 cols
    [CG]   [DIAG] iter=8 posCols=13 newCols=12 effImprove=13 updated=1
    [CG] CG iter 9: obj=1988520.920316, maxRC=15233.565111, +8 cols
    [CG]   [DIAG] iter=9 posCols=8 newCols=8 effImprove=8 updated=0
    [CG] CG iter 10: obj=1988520.920316, maxRC=9435.251915, +2 cols
    [CG]   [DIAG] iter=10 posCols=2 newCols=2 effImprove=2 updated=0
    [CG] CG iter 11: obj=1988520.920316, maxRC=4187.292811, +3 cols
    [CG]   [DIAG] iter=11 posCols=3 newCols=3 effImprove=3 updated=0
    [CG] 列生成收敛，共 12 轮迭代
    [CG] [CG-NODE] depth=0 exit=CERTIFIED certified=1 feasible=1 iters=12 generatedColsBeforeNode=0 newCols=198 posCandidates=199 duplicateCandidates=1 updatedCols=1 zeroObjImproveIters=2 objFirst=970477.671753 objLast=1992708.213128 objGain=1022230.541375 maxRC=739828.557582 wallSec=0.099858 pricingSec=0.073359 cplexSolveSec=0.004344
      [BB] 根节点即为整数解，obj=1992708.213128
