    [CG] 列生成开始，初始列数=310
    [CG] CG iter 1: obj=967712.317370, maxRC=749993.599973, +30 cols
    [CG]   [DIAG] iter=1 posCols=30 newCols=30 effImprove=30 updated=0
    [CG] CG iter 2: obj=1492782.977358, maxRC=178847.492765, +25 cols
    [CG]   [DIAG] iter=2 posCols=25 newCols=25 effImprove=25 updated=0
    [CG] CG iter 3: obj=1718667.949070, maxRC=195128.620630, +30 cols
    [CG]   [DIAG] iter=3 posCols=30 newCols=30 effImprove=30 updated=0
    [CG] CG iter 4: obj=1898716.004071, maxRC=156925.729910, +26 cols
    [CG]   [DIAG] iter=4 posCols=26 newCols=26 effImprove=26 updated=0
    [CG] CG iter 5: obj=1915764.153245, maxRC=76138.106933, +23 cols
    [CG]   [DIAG] iter=5 posCols=23 newCols=23 effImprove=23 updated=0
    [CG] CG iter 6: obj=1924139.220286, maxRC=95386.623062, +18 cols
    [CG]   [DIAG] iter=6 posCols=18 newCols=17 effImprove=18 updated=1
    [CG] CG iter 7: obj=1942128.363874, maxRC=60980.045506, +18 cols
    [CG]   [DIAG] iter=7 posCols=18 newCols=18 effImprove=18 updated=0
    [CG] CG iter 8: obj=1959945.268312, maxRC=25216.478883, +13 cols
    [CG]   [DIAG] iter=8 posCols=13 newCols=12 effImprove=13 updated=1
    [CG] CG iter 9: obj=1971401.478982, maxRC=12359.475695, +7 cols
    [CG]   [DIAG] iter=9 posCols=7 newCols=6 effImprove=7 updated=1
    [CG] CG iter 10: obj=1974681.566664, maxRC=9921.164313, +3 cols
    [CG]   [DIAG] iter=10 posCols=3 newCols=3 effImprove=3 updated=0
    [CG] 列生成收敛，共 11 轮迭代
    [CG] [CG-NODE] depth=0 exit=CERTIFIED certified=1 feasible=1 iters=11 generatedColsBeforeNode=0 newCols=190 posCandidates=193 duplicateCandidates=3 updatedCols=3 zeroObjImproveIters=0 objFirst=967712.317370 objLast=1984602.730976 objGain=1016890.413606 maxRC=749993.599973 wallSec=0.067114 pricingSec=0.061180 cplexSolveSec=0.003559
      [BB] 分支定界开始，根节点LP obj=1984602.730976，最大节点数=10000
      [BB] 根节点启发式下界 LB=1751570.929898（上界=1984602.730976）
    [CG] [BB-DIAG] 分支 x_{dc=4,retailer=1}, 节点数=1
    [CG] 列生成开始，初始列数=494
    [CG] CG iter 12: obj=1984346.101363, maxRC=70903.954028, +25 cols
    [CG]   [DIAG] iter=12 posCols=25 newCols=25 effImprove=25 updated=0
    [CG] CG iter 13: obj=1984346.101363, maxRC=50482.009744, +20 cols
    [CG]   [DIAG] iter=13 posCols=20 newCols=20 effImprove=20 updated=0
    [CG] CG iter 14: obj=1984346.101363, maxRC=16510.012107, +11 cols
    [CG]   [DIAG] iter=14 posCols=11 newCols=9 effImprove=11 updated=2
    [CG] CG iter 15: obj=1984346.101363, maxRC=14548.563723, +2 cols
    [CG]   [DIAG] iter=15 posCols=2 newCols=2 effImprove=2 updated=0
    [CG] CG iter 16: obj=1984346.101363, maxRC=4148.577539, +6 cols
    [CG]   [DIAG] iter=16 posCols=6 newCols=5 effImprove=6 updated=1
    [CG] 列生成收敛，共 17 轮迭代
    [CG] [CG-NODE] depth=1 exit=CERTIFIED certified=1 feasible=1 iters=6 generatedColsBeforeNode=190 newCols=61 posCandidates=64 duplicateCandidates=3 updatedCols=3 zeroObjImproveIters=5 objFirst=1984346.101363 objLast=1984346.101363 objGain=0.000000 maxRC=70903.954028 wallSec=0.016958 pricingSec=0.012976 cplexSolveSec=0.002522
    [CG] 列生成开始，初始列数=459
    [CG] CG iter 18: obj=1983928.749455, maxRC=99460.973629, +27 cols
    [CG]   [DIAG] iter=18 posCols=27 newCols=27 effImprove=27 updated=0
    [CG] CG iter 19: obj=1983928.749455, maxRC=75111.453993, +18 cols
    [CG]   [DIAG] iter=19 posCols=18 newCols=17 effImprove=18 updated=1
    [CG] CG iter 20: obj=1983928.749455, maxRC=26087.592673, +10 cols
    [CG]   [DIAG] iter=20 posCols=10 newCols=10 effImprove=10 updated=0
    [CG] CG iter 21: obj=1983928.749455, maxRC=19048.841929, +6 cols
    [CG]   [DIAG] iter=21 posCols=6 newCols=6 effImprove=6 updated=0
    [CG] CG iter 22: obj=1983928.749455, maxRC=6720.771513, +4 cols
    [CG]   [DIAG] iter=22 posCols=4 newCols=4 effImprove=4 updated=0
    [CG] 列生成收敛，共 23 轮迭代
    [CG] [CG-NODE] depth=1 exit=CERTIFIED certified=1 feasible=1 iters=6 generatedColsBeforeNode=251 newCols=64 posCandidates=65 duplicateCandidates=1 updatedCols=1 zeroObjImproveIters=5 objFirst=1983928.749455 objLast=1983928.749455 objGain=0.000000 maxRC=99460.973629 wallSec=0.015238 pricingSec=0.011699 cplexSolveSec=0.002327
    [CG] [BB-INCUMBENT] selection=2 node=1 previous=1751570.929898 value=1983928.749455 active=1
    [CG] [BB-NODESEL] strategy=hybrid choice=dfs eligibleCount=1 active=1 gap=0.000210
    [CG] [BB-INCUMBENT] selection=3 node=1 previous=1983928.749455 value=1984346.101363 active=0
      [BB] 分支定界结束：处理 3 节点，剪枝 0，剩余活跃 0，整数解 3，状态=OPTIMAL，最好可行 obj=1984346.101363，gap=0.000000
