    [CG] 列生成开始，初始列数=310
    [CG] CG iter 1: obj=914492.748889, maxRC=729477.883471, +30 cols
    [CG]   [DIAG] iter=1 posCols=30 newCols=30 effImprove=30 updated=0
    [CG] CG iter 2: obj=1498840.390824, maxRC=204499.237515, +26 cols
    [CG]   [DIAG] iter=2 posCols=26 newCols=26 effImprove=26 updated=0
    [CG] CG iter 3: obj=1616129.201305, maxRC=214662.989580, +30 cols
    [CG]   [DIAG] iter=3 posCols=30 newCols=30 effImprove=30 updated=0
    [CG] CG iter 4: obj=1816016.274902, maxRC=223670.251983, +30 cols
    [CG]   [DIAG] iter=4 posCols=30 newCols=30 effImprove=30 updated=0
    [CG] CG iter 5: obj=1870008.327162, maxRC=137268.090792, +23 cols
    [CG]   [DIAG] iter=5 posCols=23 newCols=23 effImprove=23 updated=0
    [CG] CG iter 6: obj=1874918.641720, maxRC=116826.118770, +23 cols
    [CG]   [DIAG] iter=6 posCols=23 newCols=23 effImprove=23 updated=0
    [CG] CG iter 7: obj=1920199.903562, maxRC=87877.819094, +18 cols
    [CG]   [DIAG] iter=7 posCols=18 newCols=18 effImprove=18 updated=0
    [CG] CG iter 8: obj=1920199.903562, maxRC=50328.718486, +11 cols
    [CG]   [DIAG] iter=8 posCols=11 newCols=10 effImprove=11 updated=1
    [CG] CG iter 9: obj=1920199.903562, maxRC=32222.914117, +9 cols
    [CG]   [DIAG] iter=9 posCols=9 newCols=7 effImprove=9 updated=2
    [CG] CG iter 10: obj=1923060.814969, maxRC=18632.392765, +3 cols
    [CG]   [DIAG] iter=10 posCols=3 newCols=3 effImprove=3 updated=0
    [CG] CG iter 11: obj=1948171.160093, maxRC=3395.903465, +5 cols
    [CG]   [DIAG] iter=11 posCols=5 newCols=5 effImprove=5 updated=0
    [CG] CG iter 12: obj=1948171.160093, maxRC=3161.490271, +1 cols
    [CG]   [DIAG] iter=12 posCols=1 newCols=1 effImprove=1 updated=0
    [CG] 列生成收敛，共 13 轮迭代
    [CG] [CG-NODE] depth=0 exit=CERTIFIED certified=1 feasible=1 iters=13 generatedColsBeforeNode=0 newCols=206 posCandidates=209 duplicateCandidates=3 updatedCols=3 zeroObjImproveIters=4 objFirst=914492.748889 objLast=1948171.160093 objGain=1033678.411204 maxRC=729477.883471 wallSec=0.105067 pricingSec=0.095988 cplexSolveSec=0.004891
      [BB] 根节点即为整数解，obj=1948171.160093
