    [CG] 列生成开始，初始列数=310
    [CG] CG iter 1: obj=977047.294596, maxRC=728327.729119, +30 cols
    [CG]   [DIAG] iter=1 posCols=30 newCols=30 effImprove=30 updated=0
    [CG] CG iter 2: obj=1542912.127318, maxRC=208749.370916, +30 cols
    [CG]   [DIAG] iter=2 posCols=30 newCols=30 effImprove=30 updated=0
    [CG] CG iter 3: obj=1685633.842972, maxRC=233512.898689, +30 cols
    [CG]   [DIAG] iter=3 posCols=30 newCols=30 effImprove=30 updated=0
    [CG] CG iter 4: obj=1821993.926587, maxRC=138421.965437, +25 cols
    [CG]   [DIAG] iter=4 posCols=25 newCols=25 effImprove=25 updated=0
    [CG] CG iter 5: obj=1821993.926587, maxRC=99748.212005, +22 cols
    [CG]   [DIAG] iter=5 posCols=22 newCols=22 effImprove=22 updated=0
    [CG] CG iter 6: obj=1919050.733867, maxRC=59824.400891, +19 cols
    [CG]   [DIAG] iter=6 posCols=19 newCols=19 effImprove=19 updated=0
    [CG] CG iter 7: obj=1936961.160320, maxRC=51366.070668, +15 cols
    [CG]   [DIAG] iter=7 posCols=15 newCols=13 effImprove=15 updated=2
    [CG] CG iter 8: obj=1958108.522015, maxRC=18523.438243, +12 cols
    [CG]   [DIAG] iter=8 posCols=12 newCols=12 effImprove=12 updated=0
    [CG] CG iter 9: obj=1967022.574523, maxRC=9719.653273, +8 cols
    [CG]   [DIAG] iter=9 posCols=8 newCols=7 effImprove=8 updated=1
    [CG] CG iter 10: obj=1982895.152611, maxRC=5920.998183, +2 cols
    [CG]   [DIAG] iter=10 posCols=2 newCols=2 effImprove=2 updated=0
    [CG] 列生成收敛，共 11 轮迭代
    [CG] [CG-NODE] depth=0 exit=CERTIFIED certified=1 feasible=1 iters=11 generatedColsBeforeNode=0 newCols=190 posCandidates=193 duplicateCandidates=3 updatedCols=3 zeroObjImproveIters=2 objFirst=977047.294596 objLast=1982895.152611 objGain=1005847.858015 maxRC=728327.729119 wallSec=0.089151 pricingSec=0.079980 cplexSolveSec=0.004766
      [BB] 根节点即为整数解，obj=1982895.152611
