    [CG] 列生成开始，初始列数=310
    [CG] CG iter 1: obj=569177.599615, maxRC=810335.826712, +30 cols
    [CG]   [DIAG] iter=1 posCols=30 newCols=30 effImprove=30 updated=0
    [CG] CG iter 2: obj=1130451.767466, maxRC=253947.980286, +30 cols
    [CG]   [DIAG] iter=2 posCols=30 newCols=30 effImprove=30 updated=0
    [CG] CG iter 3: obj=1251493.937304, maxRC=343504.236654, +30 cols
    [CG]   [DIAG] iter=3 posCols=30 newCols=30 effImprove=30 updated=0
    [CG] CG iter 4: obj=1251493.937304, maxRC=388303.243050, +30 cols
    [CG]   [DIAG] iter=4 posCols=30 newCols=30 effImprove=30 updated=0
    [CG] CG iter 5: obj=1251493.937304, maxRC=350464.382210, +30 cols
    [CG]   [DIAG] iter=5 posCols=30 newCols=30 effImprove=30 updated=0
    [CG] CG iter 6: obj=1268821.029628, maxRC=194900.210430, +30 cols
    [CG]   [DIAG] iter=6 posCols=30 newCols=30 effImprove=30 updated=0
    [CG] CG iter 7: obj=1344989.984142, maxRC=112922.042858, +21 cols
    [CG]   [DIAG] iter=7 posCols=21 newCols=20 effImprove=21 updated=1
    [CG] CG iter 8: obj=1401919.733732, maxRC=110836.365905, +25 cols
    [CG]   [DIAG] iter=8 posCols=25 newCols=25 effImprove=25 updated=0
    [CG] CG iter 9: obj=1444618.364700, maxRC=118046.189846, +21 cols
    [CG]   [DIAG] iter=9 posCols=21 newCols=21 effImprove=21 updated=0
    [CG] CG iter 10: obj=1461104.756445, maxRC=78992.597851, +18 cols
    [CG]   [DIAG] iter=10 posCols=18 newCols=18 effImprove=18 updated=0
    [CG] CG iter 11: obj=1508752.156725, maxRC=49024.548649, +19 cols
    [CG]   [DIAG] iter=11 posCols=19 newCols=19 effImprove=19 updated=0
    [CG] CG iter 12: obj=1544608.403492, maxRC=52866.717131, +14 cols
    [CG]   [DIAG] iter=12 posCols=14 newCols=13 effImprove=14 updated=1
    [CG] CG iter 13: obj=1548238.116513, maxRC=47272.050040, +17 cols
    [CG]   [DIAG] iter=13 posCols=17 newCols=17 effImprove=17 updated=0
    [CG] CG iter 14: obj=1561615.602333, maxRC=45197.662690, +11 cols
    [CG]   [DIAG] iter=14 posCols=11 newCols=11 effImprove=11 updated=0
    [CG] CG iter 15: obj=1565204.978856, maxRC=21698.868470, +11 cols
    [CG]   [DIAG] iter=15 posCols=11 newCols=11 effImprove=11 updated=0
    [CG] CG iter 16: obj=1574049.327108, maxRC=38805.686993, +8 cols
    [CG]   [DIAG] iter=16 posCols=8 newCols=8 effImprove=8 updated=0
    [CG] CG iter 17: obj=1574049.327108, maxRC=18847.529447, +9 cols
    [CG]   [DIAG] iter=17 posCols=9 newCols=8 effImprove=9 updated=1
    [CG] CG iter 18: obj=1577729.264189, maxRC=31133.226811, +4 cols
    [CG]   [DIAG] iter=18 posCols=4 newCols=4 effImprove=4 updated=0
    [CG] CG iter 19: obj=1581191.102084, maxRC=13057.298509, +1 cols
    [CG]   [DIAG] iter=19 posCols=1 newCols=1 effImprove=1 updated=0
    [CG] CG iter 20: obj=1584257.913444, maxRC=5707.457346, +2 cols
    [CG]   [DIAG] iter=20 posCols=2 newCols=2 effImprove=2 updated=0
    [CG] CG iter 21: obj=1589965.370789, maxRC=3783.886739, +2 cols
    [CG]   [DIAG] iter=21 posCols=2 newCols=2 effImprove=2 updated=0
    [CG] CG iter 22: obj=1589965.370789, maxRC=3279.371905, +1 cols
    [CG]   [DIAG] iter=22 posCols=1 newCols=1 effImprove=1 updated=0
    [CG] CG iter 23: obj=1589965.370789, maxRC=615.057397, +1 cols
    [CG]   [DIAG] iter=23 posCols=1 newCols=1 effImprove=1 updated=0
    [CG] CG iter 24: obj=1589965.370789, maxRC=564.228426, +1 cols
    [CG]   [DIAG] iter=24 posCols=1 newCols=1 effImprove=1 updated=0
    [CG] CG iter 25: obj=1589965.370789, maxRC=197.267450, +1 cols
    [CG]   [DIAG] iter=25 posCols=1 newCols=1 effImprove=1 updated=0
    [CG] CG iter 26: obj=1589965.370789, maxRC=129.290807, +1 cols
    [CG]   [DIAG] iter=26 posCols=1 newCols=1 effImprove=1 updated=0
    [CG] 列生成收敛，共 27 轮迭代
    [CG] [CG-NODE] depth=0 exit=CERTIFIED certified=1 feasible=1 iters=27 generatedColsBeforeNode=0 newCols=365 posCandidates=368 duplicateCandidates=3 updatedCols=3 zeroObjImproveIters=9 objFirst=569177.599615 objLast=1589965.370789 objGain=1020787.771174 maxRC=810335.826712 wallSec=0.448802 pricingSec=0.433961 cplexSolveSec=0.009983
      [BB] 根节点即为整数解，obj=1589965.370789
