    [CG] 列生成开始，初始列数=310
    [CG] CG iter 1: obj=902408.403878, maxRC=1606419.035898, +30 cols
    [CG]   [DIAG] iter=1 posCols=30 newCols=30 effImprove=30 updated=0
    [CG] CG iter 2: obj=1786407.680125, maxRC=336634.380848, +29 cols
    [CG]   [DIAG] iter=2 posCols=29 newCols=29 effImprove=29 updated=0
    [CG] CG iter 3: obj=1952975.640168, maxRC=345330.492008, +30 cols
    [CG]   [DIAG] iter=3 posCols=30 newCols=30 effImprove=30 updated=0
    [CG] CG iter 4: obj=2113103.820687, maxRC=253823.782476, +30 cols
    [CG]   [DIAG] iter=4 posCols=30 newCols=30 effImprove=30 updated=0
    [CG] CG iter 5: obj=2115200.698276, maxRC=173270.400854, +29 cols
    [CG]   [DIAG] iter=5 posCols=29 newCols=29 effImprove=29 updated=0
    [CG] CG iter 6: obj=2186985.868485, maxRC=140757.079678, +24 cols
    [CG]   [DIAG] iter=6 posCols=24 newCols=24 effImprove=24 updated=0
    [CG] CG iter 7: obj=2211251.587159, maxRC=105165.875286, +20 cols
    [CG]   [DIAG] iter=7 posCols=20 newCols=20 effImprove=20 updated=0
    [CG] CG iter 8: obj=2254932.230482, maxRC=141261.128322, +21 cols
    [CG]   [DIAG] iter=8 posCols=21 newCols=21 effImprove=21 updated=0
    [CG] CG iter 9: obj=2269886.626707, maxRC=99341.965528, +21 cols
    [CG]   [DIAG] iter=9 posCols=21 newCols=20 effImprove=21 updated=1
    [CG] CG iter 10: obj=2303706.390020, maxRC=113092.760735, +21 cols
    [CG]   [DIAG] iter=10 posCols=21 newCols=21 effImprove=21 updated=0
    [CG] CG iter 11: obj=2314409.135922, maxRC=71365.647534, +19 cols
    [CG]   [DIAG] iter=11 posCols=19 newCols=19 effImprove=19 updated=0
    [CG] CG iter 12: obj=2329387.878966, maxRC=54342.386463, +14 cols
    [CG]   [DIAG] iter=12 posCols=14 newCols=14 effImprove=14 updated=0
    [CG] CG iter 13: obj=2358212.959050, maxRC=68518.329712, +18 cols
    [CG]   [DIAG] iter=13 posCols=18 newCols=17 effImprove=18 updated=1
    [CG] CG iter 14: obj=2371083.227246, maxRC=45966.936377, +12 cols
    [CG]   [DIAG] iter=14 posCols=12 newCols=12 effImprove=12 updated=0
    [CG] CG iter 15: obj=2372194.721450, maxRC=62003.682360, +10 cols
    [CG]   [DIAG] iter=15 posCols=10 newCols=10 effImprove=10 updated=0
    [CG] CG iter 16: obj=2387970.823412, maxRC=64342.788779, +13 cols
    [CG]   [DIAG] iter=16 posCols=13 newCols=13 effImprove=13 updated=0
    [CG] CG iter 17: obj=2402012.801719, maxRC=32921.896818, +7 cols
    [CG]   [DIAG] iter=17 posCols=7 newCols=7 effImprove=7 updated=0
    [CG] CG iter 18: obj=2402012.801719, maxRC=26812.948878, +6 cols
    [CG]   [DIAG] iter=18 posCols=6 newCols=6 effImprove=6 updated=0
    [CG] CG iter 19: obj=2402012.801719, maxRC=31407.421843, +3 cols
    [CG]   [DIAG] iter=19 posCols=3 newCols=3 effImprove=3 updated=0
    [CG] CG iter 20: obj=2402012.801719, maxRC=18485.805858, +5 cols
    [CG]   [DIAG] iter=20 posCols=5 newCols=5 effImprove=5 updated=0
    [CG] CG iter 21: obj=2402012.801719, maxRC=14109.066402, +3 cols
    [CG]   [DIAG] iter=21 posCols=3 newCols=3 effImprove=3 updated=0
    [CG] CG iter 22: obj=2402012.801719, maxRC=5394.065753, +3 cols
    [CG]   [DIAG] iter=22 posCols=3 newCols=3 effImprove=3 updated=0
    [CG] CG iter 23: obj=2402012.801719, maxRC=4718.922777, +5 cols
    [CG]   [DIAG] iter=23 posCols=5 newCols=4 effImprove=5 updated=1
    [CG] CG iter 24: obj=2402012.801719, maxRC=1797.148670, +3 cols
    [CG]   [DIAG] iter=24 posCols=3 newCols=3 effImprove=3 updated=0
    [CG] CG iter 25: obj=2403809.950388, maxRC=38.963271, +1 cols
    [CG]   [DIAG] iter=25 posCols=1 newCols=1 effImprove=1 updated=0
    [CG] 列生成收敛，共 26 轮迭代
    [CG] [CG-NODE] depth=0 exit=CERTIFIED certified=1 feasible=1 iters=26 generatedColsBeforeNode=0 newCols=374 posCandidates=377 duplicateCandidates=3 updatedCols=3 zeroObjImproveIters=8 objFirst=902408.403878 objLast=2403809.950388 objGain=1501401.546511 maxRC=1606419.035898 wallSec=0.264327 pricingSec=0.247367 cplexSolveSec=0.011086
      [BB] 根节点即为整数解，obj=2403809.950388
