    [CG] 列生成开始，初始列数=310
    [CG] CG iter 1: obj=910390.263474, maxRC=1485210.426202, +30 cols
    [CG]   [DIAG] iter=1 posCols=30 newCols=30 effImprove=30 updated=0
    [CG] CG iter 2: obj=1712002.767300, maxRC=345982.909080, +29 cols
    [CG]   [DIAG] iter=2 posCols=29 newCols=29 effImprove=29 updated=0
    [CG] CG iter 3: obj=1944883.136404, maxRC=420635.146995, +30 cols
    [CG]   [DIAG] iter=3 posCols=30 newCols=30 effImprove=30 updated=0
    [CG] CG iter 4: obj=2002322.340070, maxRC=286404.957260, +30 cols
    [CG]   [DIAG] iter=4 posCols=30 newCols=30 effImprove=30 updated=0
    [CG] CG iter 5: obj=2089861.637560, maxRC=191205.771923, +27 cols
    [CG]   [DIAG] iter=5 posCols=27 newCols=27 effImprove=27 updated=0
    [CG] CG iter 6: obj=2142396.703037, maxRC=165040.148302, +25 cols
    [CG]   [DIAG] iter=6 posCols=25 newCols=25 effImprove=25 updated=0
    [CG] CG iter 7: obj=2207021.441194, maxRC=106687.265231, +24 cols
    [CG]   [DIAG] iter=7 posCols=24 newCols=24 effImprove=24 updated=0
    [CG] CG iter 8: obj=2264531.196986, maxRC=116933.751188, +19 cols
    [CG]   [DIAG] iter=8 posCols=19 newCols=18 effImprove=19 updated=1
    [CG] CG iter 9: obj=2314575.274120, maxRC=169471.501862, +14 cols
    [CG]   [DIAG] iter=9 posCols=14 newCols=14 effImprove=14 updated=0
    [CG] CG iter 10: obj=2341983.405951, maxRC=104353.172208, +20 cols
    [CG]   [DIAG] iter=10 posCols=20 newCols=20 effImprove=20 updated=0
    [CG] CG iter 11: obj=2344416.934340, maxRC=83048.109345, +11 cols
    [CG]   [DIAG] iter=11 posCols=11 newCols=11 effImprove=11 updated=0
    [CG] CG iter 12: obj=2348035.589310, maxRC=45261.373491, +14 cols
    [CG]   [DIAG] iter=12 posCols=14 newCols=13 effImprove=14 updated=1
    [CG] CG iter 13: obj=2348035.589310, maxRC=45024.429790, +8 cols
    [CG]   [DIAG] iter=13 posCols=8 newCols=8 effImprove=8 updated=0
    [CG] CG iter 14: obj=2353949.231228, maxRC=32514.175198, +7 cols
    [CG]   [DIAG] iter=14 posCols=7 newCols=7 effImprove=7 updated=0
    [CG] CG iter 15: obj=2386463.406425, maxRC=16540.886233, +5 cols
    [CG]   [DIAG] iter=15 posCols=5 newCols=5 effImprove=5 updated=0
    [CG] CG iter 16: obj=2386463.406425, maxRC=14130.893183, +3 cols
    [CG]   [DIAG] iter=16 posCols=3 newCols=3 effImprove=3 updated=0
    [CG] CG iter 17: obj=2386463.406425, maxRC=12418.734649, +5 cols
    [CG]   [DIAG] iter=17 posCols=5 newCols=5 effImprove=5 updated=0
    [CG] CG iter 18: obj=2386463.406425, maxRC=8561.785617, +6 cols
    [CG]   [DIAG] iter=18 posCols=6 newCols=6 effImprove=6 updated=0
    [CG] CG iter 19: obj=2392057.424548, maxRC=4296.629808, +3 cols
    [CG]   [DIAG] iter=19 posCols=3 newCols=3 effImprove=3 updated=0
    [CG] CG iter 20: obj=2392057.424548, maxRC=281.301118, +1 cols
    [CG]   [DIAG] iter=20 posCols=1 newCols=1 effImprove=1 updated=0
    [CG] 列生成收敛，共 21 轮迭代
    [CG] [CG-NODE] depth=0 exit=CERTIFIED certified=1 feasible=1 iters=21 generatedColsBeforeNode=0 newCols=309 posCandidates=311 duplicateCandidates=2 updatedCols=2 zeroObjImproveIters=6 objFirst=910390.263474 objLast=2392057.424548 objGain=1481667.161075 maxRC=1485210.426202 wallSec=0.251568 pricingSec=0.237184 cplexSolveSec=0.009002
      [BB] 根节点即为整数解，obj=2392057.424548
