    [CG] 列生成开始，初始列数=310
    [CG] CG iter 1: obj=898762.868214, maxRC=1606279.471094, +30 cols
    [CG]   [DIAG] iter=1 posCols=30 newCols=30 effImprove=30 updated=0
    [CG] CG iter 2: obj=1788167.682445, maxRC=333110.924843, +28 cols
    [CG]   [DIAG] iter=2 posCols=28 newCols=28 effImprove=28 updated=0
    [CG] CG iter 3: obj=1950015.664106, maxRC=366422.133640, +30 cols
    [CG]   [DIAG] iter=3 posCols=30 newCols=30 effImprove=30 updated=0
    [CG] CG iter 4: obj=2049024.953705, maxRC=311827.038364, +28 cols
    [CG]   [DIAG] iter=4 posCols=28 newCols=28 effImprove=28 updated=0
    [CG] CG iter 5: obj=2088294.344613, maxRC=195073.291292, +27 cols
    [CG]   [DIAG] iter=5 posCols=27 newCols=27 effImprove=27 updated=0
    [CG] CG iter 6: obj=2159460.340176, maxRC=192791.328493, +26 cols
    [CG]   [DIAG] iter=6 posCols=26 newCols=26 effImprove=26 updated=0
    [CG] CG iter 7: obj=2199428.914264, maxRC=203082.885227, +24 cols
    [CG]   [DIAG] iter=7 posCols=24 newCols=24 effImprove=24 updated=0
    [CG] CG iter 8: obj=2228633.184281, maxRC=156763.987470, +24 cols
    [CG]   [DIAG] iter=8 posCols=24 newCols=24 effImprove=24 updated=0
    [CG] CG iter 9: obj=2253822.404827, maxRC=122241.673057, +21 cols
    [CG]   [DIAG] iter=9 posCols=21 newCols=21 effImprove=21 updated=0
    [CG] CG iter 10: obj=2283801.194800, maxRC=152049.329777, +21 cols
    [CG]   [DIAG] iter=10 posCols=21 newCols=20 effImprove=21 updated=1
    [CG] CG iter 11: obj=2297320.109219, maxRC=116690.725595, +18 cols
    [CG]   [DIAG] iter=11 posCols=18 newCols=18 effImprove=18 updated=0
    [CG] CG iter 12: obj=2306062.035361, maxRC=50528.677264, +14 cols
    [CG]   [DIAG] iter=12 posCols=14 newCols=14 effImprove=14 updated=0
    [CG] CG iter 13: obj=2353388.270209, maxRC=61768.830310, +20 cols
    [CG]   [DIAG] iter=13 posCols=20 newCols=19 effImprove=20 updated=1
    [CG] CG iter 14: obj=2353388.270209, maxRC=56436.864921, +16 cols
    [CG]   [DIAG] iter=14 posCols=16 newCols=16 effImprove=16 updated=0
    [CG] CG iter 15: obj=2355121.200569, maxRC=58775.815943, +13 cols
    [CG]   [DIAG] iter=15 posCols=13 newCols=12 effImprove=13 updated=1
    [CG] CG iter 16: obj=2355121.200569, maxRC=53353.939929, +9 cols
    [CG]   [DIAG] iter=16 posCols=9 newCols=9 effImprove=9 updated=0
    [CG] CG iter 17: obj=2359201.261096, maxRC=47515.347251, +10 cols
    [CG]   [DIAG] iter=17 posCols=10 newCols=10 effImprove=10 updated=0
    [CG] CG iter 18: obj=2365195.289756, maxRC=36094.954729, +9 cols
    [CG]   [DIAG] iter=18 posCols=9 newCols=8 effImprove=9 updated=1
    [CG] CG iter 19: obj=2383242.767121, maxRC=27129.449363, +12 cols
    [CG]   [DIAG] iter=19 posCols=12 newCols=12 effImprove=12 updated=0
    [CG] CG iter 20: obj=2383242.767121, maxRC=26172.498375, +9 cols
    [CG]   [DIAG] iter=20 posCols=9 newCols=8 effImprove=9 updated=1
    [CG] CG iter 21: obj=2386962.123830, maxRC=8323.385697, +3 cols
    [CG]   [DIAG] iter=21 posCols=3 newCols=3 effImprove=3 updated=0
    [CG] CG iter 22: obj=2395285.509526, maxRC=3553.948740, +3 cols
    [CG]   [DIAG] iter=22 posCols=3 newCols=3 effImprove=3 updated=0
    [CG] 列生成收敛，共 23 轮迭代
    [CG] [CG-NODE] depth=0 exit=CERTIFIED certified=1 feasible=1 iters=23 generatedColsBeforeNode=0 newCols=390 posCandidates=395 duplicateCandidates=5 updatedCols=5 zeroObjImproveIters=4 objFirst=898762.868214 objLast=2395285.509526 objGain=1496522.641312 maxRC=1606279.471094 wallSec=0.270433 pricingSec=0.253997 cplexSolveSec=0.010464
      [BB] 根节点即为整数解，obj=2395285.509526
