    [CG] 列生成开始，初始列数=310
    [CG] CG iter 1: obj=904252.351910, maxRC=1603362.291569, +30 cols
    [CG]   [DIAG] iter=1 posCols=30 newCols=30 effImprove=30 updated=0
    [CG] CG iter 2: obj=1789759.905707, maxRC=343541.338527, +29 cols
    [CG]   [DIAG] iter=2 posCols=29 newCols=29 effImprove=29 updated=0
    [CG] CG iter 3: obj=1963588.025933, maxRC=481841.169879, +30 cols
    [CG]   [DIAG] iter=3 posCols=30 newCols=30 effImprove=30 updated=0
    [CG] CG iter 4: obj=2087339.650219, maxRC=313295.937044, +30 cols
    [CG]   [DIAG] iter=4 posCols=30 newCols=30 effImprove=30 updated=0
    [CG] CG iter 5: obj=2118583.012531, maxRC=149666.213922, +24 cols
    [CG]   [DIAG] iter=5 posCols=24 newCols=24 effImprove=24 updated=0
    [CG] CG iter 6: obj=2170068.122843, maxRC=154919.282350, +29 cols
    [CG]   [DIAG] iter=6 posCols=29 newCols=29 effImprove=29 updated=0
    [CG] CG iter 7: obj=2225796.247762, maxRC=187204.798341, +23 cols
    [CG]   [DIAG] iter=7 posCols=23 newCols=23 effImprove=23 updated=0
    [CG] CG iter 8: obj=2233340.012801, maxRC=156195.612914, +21 cols
    [CG]   [DIAG] iter=8 posCols=21 newCols=21 effImprove=21 updated=0
    [CG] CG iter 9: obj=2281676.744109, maxRC=98859.358282, +15 cols
    [CG]   [DIAG] iter=9 posCols=15 newCols=14 effImprove=15 updated=1
    [CG] CG iter 10: obj=2297140.336083, maxRC=87172.727552, +16 cols
    [CG]   [DIAG] iter=10 posCols=16 newCols=16 effImprove=16 updated=0
    [CG] CG iter 11: obj=2333737.425949, maxRC=74384.557972, +10 cols
    [CG]   [DIAG] iter=11 posCols=10 newCols=10 effImprove=10 updated=0
    [CG] CG iter 12: obj=2333737.425949, maxRC=61941.020432, +13 cols
    [CG]   [DIAG] iter=12 posCols=13 newCols=13 effImprove=13 updated=0
    [CG] CG iter 13: obj=2350791.952927, maxRC=47381.858643, +11 cols
    [CG]   [DIAG] iter=13 posCols=11 newCols=11 effImprove=11 updated=0
    [CG] CG iter 14: obj=2350791.952927, maxRC=43749.878865, +7 cols
    [CG]   [DIAG] iter=14 posCols=7 newCols=7 effImprove=7 updated=0
    [CG] CG iter 15: obj=2382168.798782, maxRC=51041.528773, +21 cols
    [CG]   [DIAG] iter=15 posCols=21 newCols=20 effImprove=21 updated=1
    [CG] CG iter 16: obj=2382168.798782, maxRC=32597.349886, +10 cols
    [CG]   [DIAG] iter=16 posCols=10 newCols=10 effImprove=10 updated=0
    [CG] CG iter 17: obj=2382168.798782, maxRC=26519.786350, +10 cols
    [CG]   [DIAG] iter=17 posCols=10 newCols=10 effImprove=10 updated=0
    [CG] CG iter 18: obj=2387538.143954, maxRC=20854.653894, +9 cols
    [CG]   [DIAG] iter=18 posCols=9 newCols=9 effImprove=9 updated=0
    [CG] CG iter 19: obj=2392270.445737, maxRC=19803.008208, +9 cols
    [CG]   [DIAG] iter=19 posCols=9 newCols=9 effImprove=9 updated=0
    [CG] CG iter 20: obj=2392270.445737, maxRC=13667.758460, +3 cols
    [CG]   [DIAG] iter=20 posCols=3 newCols=3 effImprove=3 updated=0
    [CG] CG iter 21: obj=2396585.254817, maxRC=8824.004463, +4 cols
    [CG]   [DIAG] iter=21 posCols=4 newCols=4 effImprove=4 updated=0
    [CG] CG iter 22: obj=2402411.814992, maxRC=1222.831566, +1 cols
    [CG]   [DIAG] iter=22 posCols=1 newCols=1 effImprove=1 updated=0
    [CG] CG iter 23: obj=2403634.646558, maxRC=1416.367517, +1 cols
    [CG]   [DIAG] iter=23 posCols=1 newCols=1 effImprove=1 updated=0
    [CG] 列生成收敛，共 24 轮迭代
    [CG] [CG-NODE] depth=0 exit=CERTIFIED certified=1 feasible=1 iters=24 generatedColsBeforeNode=0 newCols=354 posCandidates=356 duplicateCandidates=2 updatedCols=2 zeroObjImproveIters=6 objFirst=904252.351910 objLast=2403634.646558 objGain=1499382.294648 maxRC=1603362.291569 wallSec=0.292282 pricingSec=0.253530 cplexSolveSec=0.010611
      [BB] 根节点即为整数解，obj=2403634.646558
