    [CG] 列生成开始，初始列数=310
    [CG] CG iter 1: obj=957575.530178, maxRC=981175.387094, +30 cols
    [CG]   [DIAG] iter=1 posCols=30 newCols=30 effImprove=30 updated=0
    [CG] CG iter 2: obj=1598589.738990, maxRC=337764.505923, +30 cols
    [CG]   [DIAG] iter=2 posCols=30 newCols=30 effImprove=30 updated=0
    [CG] CG iter 3: obj=1905704.603537, maxRC=376096.220677, +30 cols
    [CG]   [DIAG] iter=3 posCols=30 newCols=30 effImprove=30 updated=0
    [CG] CG iter 4: obj=1953277.437875, maxRC=203471.835539, +28 cols
    [CG]   [DIAG] iter=4 posCols=28 newCols=28 effImprove=28 updated=0
    [CG] CG iter 5: obj=2078074.806384, maxRC=169963.207590, +28 cols
    [CG]   [DIAG] iter=5 posCols=28 newCols=28 effImprove=28 updated=0
    [CG] CG iter 6: obj=2171109.420136, maxRC=102904.702516, +20 cols
    [CG]   [DIAG] iter=6 posCols=20 newCols=20 effImprove=20 updated=0
    [CG] CG iter 7: obj=2188842.469256, maxRC=61303.048548, +14 cols
    [CG]   [DIAG] iter=7 posCols=14 newCols=13 effImprove=14 updated=1
    [CG] CG iter 8: obj=2218794.425420, maxRC=87044.154345, +8 cols
    [CG]   [DIAG] iter=8 posCols=8 newCols=7 effImprove=8 updated=1
    [CG] CG iter 9: obj=2234020.629650, maxRC=54278.343299, +6 cols
    [CG]   [DIAG] iter=9 posCols=6 newCols=6 effImprove=6 updated=0
    [CG] CG iter 10: obj=2234020.629650, maxRC=53078.060651, +5 cols
    [CG]   [DIAG] iter=10 posCols=5 newCols=5 effImprove=5 updated=0
    [CG] CG iter 11: obj=2234020.629650, maxRC=22127.720780, +2 cols
    [CG]   [DIAG] iter=11 posCols=2 newCols=2 effImprove=2 updated=0
    [CG] CG iter 12: obj=2256148.350430, maxRC=31214.073047, +4 cols
    [CG]   [DIAG] iter=12 posCols=4 newCols=4 effImprove=4 updated=0
    [CG] CG iter 13: obj=2256148.350430, maxRC=22244.711843, +5 cols
    [CG]   [DIAG] iter=13 posCols=5 newCols=5 effImprove=5 updated=0
    [CG] 列生成收敛，共 14 轮迭代
    [CG] [CG-NODE] depth=0 exit=CERTIFIED certified=1 feasible=1 iters=14 generatedColsBeforeNode=0 newCols=208 posCandidates=210 duplicateCandidates=2 updatedCols=2 zeroObjImproveIters=4 objFirst=957575.530178 objLast=2256148.350430 objGain=1298572.820252 maxRC=981175.387094 wallSec=0.105957 pricingSec=0.096639 cplexSolveSec=0.005452
      [BB] 根节点即为整数解，obj=2256148.350430
