    [CG] 列生成开始，初始列数=310
    [CG] CG iter 1: obj=958305.325655, maxRC=985369.414220, +30 cols
    [CG]   [DIAG] iter=1 posCols=30 newCols=30 effImprove=30 updated=0
    [CG] CG iter 2: obj=1553408.601656, maxRC=321160.492460, +30 cols
    [CG]   [DIAG] iter=2 posCols=30 newCols=30 effImprove=30 updated=0
    [CG] CG iter 3: obj=1890695.427686, maxRC=287426.270307, +30 cols
    [CG]   [DIAG] iter=3 posCols=30 newCols=30 effImprove=30 updated=0
    [CG] CG iter 4: obj=1952775.444712, maxRC=183001.396885, +28 cols
    [CG]   [DIAG] iter=4 posCols=28 newCols=27 effImprove=28 updated=1
    [CG] CG iter 5: obj=2040889.838095, maxRC=130370.460223, +18 cols
    [CG]   [DIAG] iter=5 posCols=18 newCols=18 effImprove=18 updated=0
    [CG] CG iter 6: obj=2138526.105078, maxRC=202837.815742, +20 cols
    [CG]   [DIAG] iter=6 posCols=20 newCols=20 effImprove=20 updated=0
    [CG] CG iter 7: obj=2196978.454859, maxRC=178654.594084, +18 cols
    [CG]   [DIAG] iter=7 posCols=18 newCols=18 effImprove=18 updated=0
    [CG] CG iter 8: obj=2201072.361182, maxRC=230107.673997, +25 cols
    [CG]   [DIAG] iter=8 posCols=25 newCols=25 effImprove=25 updated=0
    [CG] CG iter 9: obj=2213613.341463, maxRC=57002.032996, +11 cols
    [CG]   [DIAG] iter=9 posCols=11 newCols=10 effImprove=11 updated=1
    [CG] CG iter 10: obj=2235579.965780, maxRC=28323.550604, +8 cols
    [CG]   [DIAG] iter=10 posCols=8 newCols=8 effImprove=8 updated=0
    [CG] CG iter 11: obj=2240508.026740, maxRC=19647.996646, +5 cols
    [CG]   [DIAG] iter=11 posCols=5 newCols=5 effImprove=5 updated=0
    [CG] CG iter 12: obj=2240508.026740, maxRC=75453.440773, +8 cols
    [CG]   [DIAG] iter=12 posCols=8 newCols=8 effImprove=8 updated=0
    [CG] CG iter 13: obj=2244599.342063, maxRC=22253.266561, +4 cols
    [CG]   [DIAG] iter=13 posCols=4 newCols=4 effImprove=4 updated=0
    [CG] CG iter 14: obj=2244599.342063, maxRC=23709.341137, +5 cols
    [CG]   [DIAG] iter=14 posCols=5 newCols=5 effImprove=5 updated=0
    [CG] CG iter 15: obj=2244599.342063, maxRC=9639.007751, +4 cols
    [CG]   [DIAG] iter=15 posCols=4 newCols=4 effImprove=4 updated=0
    [CG] CG iter 16: obj=2244599.342063, maxRC=5372.794684, +1 cols
    [CG]   [DIAG] iter=16 posCols=1 newCols=1 effImprove=1 updated=0
    [CG] CG iter 17: obj=2244599.342063, maxRC=315.356739, +1 cols
    [CG]   [DIAG] iter=17 posCols=1 newCols=1 effImprove=1 updated=0
    [CG] CG iter 18: obj=2244599.342063, maxRC=154.072032, +1 cols
    [CG]   [DIAG] iter=18 posCols=1 newCols=0 effImprove=1 updated=1
    [CG] CG iter 19: obj=2244599.342063, maxRC=96.354685, +1 cols
    [CG]   [DIAG] iter=19 posCols=1 newCols=1 effImprove=1 updated=0
    [CG] CG iter 20: obj=2244599.342063, maxRC=88.078235, +1 cols
    [CG]   [DIAG] iter=20 posCols=1 newCols=1 effImprove=1 updated=0
    [CG] 列生成收敛，共 21 轮迭代
    [CG] [CG-NODE] depth=0 exit=CERTIFIED certified=1 feasible=1 iters=21 generatedColsBeforeNode=0 newCols=246 posCandidates=249 duplicateCandidates=3 updatedCols=3 zeroObjImproveIters=9 objFirst=958305.325655 objLast=2244599.342063 objGain=1286294.016408 maxRC=985369.414220 wallSec=0.112198 pricingSec=0.100278 cplexSolveSec=0.007997
      [BB] 根节点即为整数解，obj=2244599.342063
