    [CG] 列生成开始，初始列数=310
    [CG] CG iter 1: obj=927633.500304, maxRC=989978.664577, +30 cols
    [CG]   [DIAG] iter=1 posCols=30 newCols=30 effImprove=30 updated=0
    [CG] CG iter 2: obj=1528338.498151, maxRC=321772.195404, +30 cols
    [CG]   [DIAG] iter=2 posCols=30 newCols=30 effImprove=30 updated=0
    [CG] CG iter 3: obj=1873736.858039, maxRC=485341.174779, +30 cols
    [CG]   [DIAG] iter=3 posCols=30 newCols=30 effImprove=30 updated=0
    [CG] CG iter 4: obj=1915766.089061, maxRC=298888.481559, +27 cols
    [CG]   [DIAG] iter=4 posCols=27 newCols=27 effImprove=27 updated=0
    [CG] CG iter 5: obj=2004778.570304, maxRC=216490.247948, +22 cols
    [CG]   [DIAG] iter=5 posCols=22 newCols=20 effImprove=22 updated=2
    [CG] CG iter 6: obj=2071919.351883, maxRC=171550.611774, +20 cols
    [CG]   [DIAG] iter=6 posCols=20 newCols=17 effImprove=20 updated=3
    [CG] CG iter 7: obj=2106415.099036, maxRC=109263.952914, +19 cols
    [CG]   [DIAG] iter=7 posCols=19 newCols=19 effImprove=19 updated=0
    [CG] CG iter 8: obj=2143995.635404, maxRC=185042.845781, +19 cols
    [CG]   [DIAG] iter=8 posCols=19 newCols=19 effImprove=19 updated=0
    [CG] CG iter 9: obj=2171764.889139, maxRC=121562.179120, +12 cols
    [CG]   [DIAG] iter=9 posCols=12 newCols=11 effImprove=12 updated=1
    [CG] CG iter 10: obj=2181322.566810, maxRC=30315.816931, +10 cols
    [CG]   [DIAG] iter=10 posCols=10 newCols=10 effImprove=10 updated=0
    [CG] CG iter 11: obj=2184554.392357, maxRC=38136.942999, +12 cols
    [CG]   [DIAG] iter=11 posCols=12 newCols=12 effImprove=12 updated=0
    [CG] CG iter 12: obj=2199328.661118, maxRC=17724.048413, +5 cols
    [CG]   [DIAG] iter=12 posCols=5 newCols=5 effImprove=5 updated=0
    [CG] CG iter 13: obj=2214527.182679, maxRC=17633.789324, +5 cols
    [CG]   [DIAG] iter=13 posCols=5 newCols=4 effImprove=5 updated=1
    [CG] CG iter 14: obj=2231995.385430, maxRC=14761.402787, +3 cols
    [CG]   [DIAG] iter=14 posCols=3 newCols=3 effImprove=3 updated=0
    [CG] CG iter 15: obj=2231995.385430, maxRC=218.662985, +1 cols
    [CG]   [DIAG] iter=15 posCols=1 newCols=1 effImprove=1 updated=0
    [CG] 列生成收敛，共 16 轮迭代
    [CG] [CG-NODE] depth=0 exit=CERTIFIED certified=1 feasible=1 iters=16 generatedColsBeforeNode=0 newCols=238 posCandidates=245 duplicateCandidates=7 updatedCols=7 zeroObjImproveIters=2 objFirst=927633.500304 objLast=2231995.385430 objGain=1304361.885126 maxRC=989978.664577 wallSec=0.106023 pricingSec=0.095013 cplexSolveSec=0.006680
      [BB] 根节点即为整数解，obj=2231995.385430
