    [CG] 列生成开始，初始列数=310
    [CG] CG iter 1: obj=877329.279622, maxRC=982949.574400, +30 cols
    [CG]   [DIAG] iter=1 posCols=30 newCols=30 effImprove=30 updated=0
    [CG] CG iter 2: obj=1570936.501755, maxRC=373432.221995, +27 cols
    [CG]   [DIAG] iter=2 posCols=27 newCols=27 effImprove=27 updated=0
    [CG] CG iter 3: obj=1734952.150335, maxRC=426825.650046, +28 cols
    [CG]   [DIAG] iter=3 posCols=28 newCols=28 effImprove=28 updated=0
    [CG] CG iter 4: obj=1842197.271369, maxRC=295718.278358, +27 cols
    [CG]   [DIAG] iter=4 posCols=27 newCols=27 effImprove=27 updated=0
    [CG] CG iter 5: obj=2011799.100913, maxRC=219840.610232, +25 cols
    [CG]   [DIAG] iter=5 posCols=25 newCols=25 effImprove=25 updated=0
    [CG] CG iter 6: obj=2056388.646914, maxRC=218012.447131, +26 cols
    [CG]   [DIAG] iter=6 posCols=26 newCols=26 effImprove=26 updated=0
    [CG] CG iter 7: obj=2086486.362864, maxRC=192137.961467, +23 cols
    [CG]   [DIAG] iter=7 posCols=23 newCols=23 effImprove=23 updated=0
    [CG] CG iter 8: obj=2125528.500533, maxRC=149415.036357, +17 cols
    [CG]   [DIAG] iter=8 posCols=17 newCols=17 effImprove=17 updated=0
    [CG] CG iter 9: obj=2165410.737838, maxRC=143712.494830, +12 cols
    [CG]   [DIAG] iter=9 posCols=12 newCols=12 effImprove=12 updated=0
    [CG] CG iter 10: obj=2177360.933061, maxRC=113693.906437, +11 cols
    [CG]   [DIAG] iter=10 posCols=11 newCols=11 effImprove=11 updated=0
    [CG] CG iter 11: obj=2177360.933061, maxRC=74127.704498, +11 cols
    [CG]   [DIAG] iter=11 posCols=11 newCols=11 effImprove=11 updated=0
    [CG] CG iter 12: obj=2193123.464298, maxRC=31740.859186, +6 cols
    [CG]   [DIAG] iter=12 posCols=6 newCols=5 effImprove=6 updated=1
    [CG] CG iter 13: obj=2206210.835000, maxRC=38790.819580, +8 cols
    [CG]   [DIAG] iter=13 posCols=8 newCols=7 effImprove=8 updated=1
    [CG] CG iter 14: obj=2208200.190560, maxRC=16539.848772, +5 cols
    [CG]   [DIAG] iter=14 posCols=5 newCols=4 effImprove=5 updated=1
    [CG] CG iter 15: obj=2217031.072391, maxRC=15318.847260, +2 cols
    [CG]   [DIAG] iter=15 posCols=2 newCols=1 effImprove=2 updated=1
    [CG] CG iter 16: obj=2217031.072391, maxRC=8070.531142, +2 cols
    [CG]   [DIAG] iter=16 posCols=2 newCols=2 effImprove=2 updated=0
    [CG] CG iter 17: obj=2225101.603533, maxRC=69.851783, +1 cols
    [CG]   [DIAG] iter=17 posCols=1 newCols=1 effImprove=1 updated=0
    [CG] 列生成收敛，共 18 轮迭代
    [CG] [CG-NODE] depth=0 exit=CERTIFIED certified=1 feasible=1 iters=18 generatedColsBeforeNode=0 newCols=257 posCandidates=261 duplicateCandidates=4 updatedCols=4 zeroObjImproveIters=3 objFirst=877329.279622 objLast=2225101.603533 objGain=1347772.323911 maxRC=982949.574400 wallSec=0.170897 pricingSec=0.159782 cplexSolveSec=0.006890
      [BB] 根节点即为整数解，obj=2225101.603533
