    [CG] 列生成开始，初始列数=310
    [CG] CG iter 1: obj=926787.187861, maxRC=979764.573141, +30 cols
    [CG]   [DIAG] iter=1 posCols=30 newCols=30 effImprove=30 updated=0
    [CG] CG iter 2: obj=1516445.856495, maxRC=319353.845782, +30 cols
    [CG]   [DIAG] iter=2 posCols=30 newCols=30 effImprove=30 updated=0
    [CG] CG iter 3: obj=1888711.749297, maxRC=462714.078954, +30 cols
    [CG]   [DIAG] iter=3 posCols=30 newCols=30 effImprove=30 updated=0
    [CG] CG iter 4: obj=1888711.749297, maxRC=356601.002093, +30 cols
    [CG]   [DIAG] iter=4 posCols=30 newCols=30 effImprove=30 updated=0
    [CG] CG iter 5: obj=1934452.997216, maxRC=170209.036533, +28 cols
    [CG]   [DIAG] iter=5 posCols=28 newCols=28 effImprove=28 updated=0
    [CG] CG iter 6: obj=2018927.199200, maxRC=211074.615366, +26 cols
    [CG]   [DIAG] iter=6 posCols=26 newCols=26 effImprove=26 updated=0
    [CG] CG iter 7: obj=2085955.478326, maxRC=107412.708157, +17 cols
    [CG]   [DIAG] iter=7 posCols=17 newCols=15 effImprove=17 updated=2
    [CG] CG iter 8: obj=2115540.685269, maxRC=114856.546488, +10 cols
    [CG]   [DIAG] iter=8 posCols=10 newCols=9 effImprove=10 updated=1
    [CG] CG iter 9: obj=2147437.762862, maxRC=117612.628518, +15 cols
    [CG]   [DIAG] iter=9 posCols=15 newCols=15 effImprove=15 updated=0
    [CG] CG iter 10: obj=2152390.875338, maxRC=85473.982108, +11 cols
    [CG]   [DIAG] iter=10 posCols=11 newCols=11 effImprove=11 updated=0
    [CG] CG iter 11: obj=2152390.875338, maxRC=33100.150241, +8 cols
    [CG]   [DIAG] iter=11 posCols=8 newCols=8 effImprove=8 updated=0
    [CG] CG iter 12: obj=2178054.078975, maxRC=34964.301685, +7 cols
    [CG]   [DIAG] iter=12 posCols=7 newCols=7 effImprove=7 updated=0
    [CG] CG iter 13: obj=2178054.078975, maxRC=31913.275923, +4 cols
    [CG]   [DIAG] iter=13 posCols=4 newCols=4 effImprove=4 updated=0
    [CG] CG iter 14: obj=2178472.451793, maxRC=17415.261517, +3 cols
    [CG]   [DIAG] iter=14 posCols=3 newCols=3 effImprove=3 updated=0
    [CG] CG iter 15: obj=2195050.967674, maxRC=1161.117142, +3 cols
    [CG]   [DIAG] iter=15 posCols=3 newCols=3 effImprove=3 updated=0
    [CG] 列生成收敛，共 16 轮迭代
    [CG] [CG-NODE] depth=0 exit=CERTIFIED certified=1 feasible=1 iters=16 generatedColsBeforeNode=0 newCols=249 posCandidates=252 duplicateCandidates=3 updatedCols=3 zeroObjImproveIters=4 objFirst=926787.187861 objLast=2195050.967674 objGain=1268263.779812 maxRC=979764.573141 wallSec=0.116630 pricingSec=0.105950 cplexSolveSec=0.006524
      [BB] 根节点即为整数解，obj=2195050.967674
