    [CG] 列生成开始，初始列数=310
    [CG] CG iter 1: obj=913155.728520, maxRC=985685.177597, +30 cols
    [CG]   [DIAG] iter=1 posCols=30 newCols=30 effImprove=30 updated=0
    [CG] CG iter 2: obj=1551051.979701, maxRC=317195.651230, +30 cols
    [CG]   [DIAG] iter=2 posCols=30 newCols=30 effImprove=30 updated=0
    [CG] CG iter 3: obj=1780513.130214, maxRC=387681.579878, +30 cols
    [CG]   [DIAG] iter=3 posCols=30 newCols=30 effImprove=30 updated=0
    [CG] CG iter 4: obj=1925673.038418, maxRC=214335.443902, +28 cols
    [CG]   [DIAG] iter=4 posCols=28 newCols=28 effImprove=28 updated=0
    [CG] CG iter 5: obj=1971014.358870, maxRC=152015.915893, +25 cols
    [CG]   [DIAG] iter=5 posCols=25 newCols=25 effImprove=25 updated=0
    [CG] CG iter 6: obj=2126980.373086, maxRC=154566.929595, +23 cols
    [CG]   [DIAG] iter=6 posCols=23 newCols=23 effImprove=23 updated=0
    [CG] CG iter 7: obj=2185549.392800, maxRC=75323.348744, +13 cols
    [CG]   [DIAG] iter=7 posCols=13 newCols=13 effImprove=13 updated=0
    [CG] CG iter 8: obj=2191776.014694, maxRC=93098.591919, +9 cols
    [CG]   [DIAG] iter=8 posCols=9 newCols=9 effImprove=9 updated=0
    [CG] CG iter 9: obj=2191776.014694, maxRC=57277.744039, +11 cols
    [CG]   [DIAG] iter=9 posCols=11 newCols=10 effImprove=11 updated=1
    [CG] CG iter 10: obj=2208027.318905, maxRC=18884.868769, +6 cols
    [CG]   [DIAG] iter=10 posCols=6 newCols=6 effImprove=6 updated=0
    [CG] CG iter 11: obj=2226912.187674, maxRC=12916.770954, +4 cols
    [CG]   [DIAG] iter=11 posCols=4 newCols=3 effImprove=4 updated=1
    [CG] CG iter 12: obj=2226912.187674, maxRC=5356.646290, +3 cols
    [CG]   [DIAG] iter=12 posCols=3 newCols=3 effImprove=3 updated=0
    [CG] CG iter 13: obj=2226912.187674, maxRC=7649.674075, +3 cols
    [CG]   [DIAG] iter=13 posCols=3 newCols=3 effImprove=3 updated=0
    [CG] CG iter 14: obj=2226912.187674, maxRC=3537.105202, +2 cols
    [CG]   [DIAG] iter=14 posCols=2 newCols=2 effImprove=2 updated=0
    [CG] CG iter 15: obj=2226912.187674, maxRC=82.511489, +1 cols
    [CG]   [DIAG] iter=15 posCols=1 newCols=1 effImprove=1 updated=0
    [CG] 列生成收敛，共 16 轮迭代
    [CG] [CG-NODE] depth=0 exit=CERTIFIED certified=1 feasible=1 iters=16 generatedColsBeforeNode=0 newCols=216 posCandidates=218 duplicateCandidates=2 updatedCols=2 zeroObjImproveIters=6 objFirst=913155.728520 objLast=2226912.187674 objGain=1313756.459154 maxRC=985685.177597 wallSec=0.125867 pricingSec=0.115653 cplexSolveSec=0.006160
      [BB] 根节点即为整数解，obj=2226912.187674
