    [CG] 列生成开始，初始列数=310
    [CG] CG iter 1: obj=921453.713898, maxRC=979748.354373, +30 cols
    [CG]   [DIAG] iter=1 posCols=30 newCols=30 effImprove=30 updated=0
    [CG] CG iter 2: obj=1580794.337786, maxRC=336476.472430, +30 cols
    [CG]   [DIAG] iter=2 posCols=30 newCols=30 effImprove=30 updated=0
    [CG] CG iter 3: obj=1809904.481577, maxRC=373835.694439, +30 cols
    [CG]   [DIAG] iter=3 posCols=30 newCols=30 effImprove=30 updated=0
    [CG] CG iter 4: obj=1871872.496533, maxRC=289407.983148, +30 cols
    [CG]   [DIAG] iter=4 posCols=30 newCols=30 effImprove=30 updated=0
    [CG] CG iter 5: obj=1916662.019262, maxRC=197273.610392, +24 cols
    [CG]   [DIAG] iter=5 posCols=24 newCols=24 effImprove=24 updated=0
    [CG] CG iter 6: obj=2075646.212068, maxRC=92785.855411, +20 cols
    [CG]   [DIAG] iter=6 posCols=20 newCols=20 effImprove=20 updated=0
    [CG] CG iter 7: obj=2160225.852881, maxRC=148256.329072, +21 cols
    [CG]   [DIAG] iter=7 posCols=21 newCols=21 effImprove=21 updated=0
    [CG] CG iter 8: obj=2183531.483188, maxRC=113663.530850, +12 cols
    [CG]   [DIAG] iter=8 posCols=12 newCols=12 effImprove=12 updated=0
    [CG] CG iter 9: obj=2210009.711362, maxRC=93648.990918, +10 cols
    [CG]   [DIAG] iter=9 posCols=10 newCols=10 effImprove=10 updated=0
    [CG] CG iter 10: obj=2215024.555324, maxRC=29344.205914, +5 cols
    [CG]   [DIAG] iter=10 posCols=5 newCols=5 effImprove=5 updated=0
    [CG] CG iter 11: obj=2229696.658281, maxRC=29042.588130, +3 cols
    [CG]   [DIAG] iter=11 posCols=3 newCols=3 effImprove=3 updated=0
    [CG] CG iter 12: obj=2231373.203937, maxRC=16523.167047, +1 cols
    [CG]   [DIAG] iter=12 posCols=1 newCols=1 effImprove=1 updated=0
    [CG] CG iter 13: obj=2247896.370984, maxRC=21291.933428, +3 cols
    [CG]   [DIAG] iter=13 posCols=3 newCols=3 effImprove=3 updated=0
    [CG] CG iter 14: obj=2247896.370984, maxRC=1345.154093, +2 cols
    [CG]   [DIAG] iter=14 posCols=2 newCols=2 effImprove=2 updated=0
    [CG] CG iter 15: obj=2247896.370984, maxRC=78.199561, +1 cols
    [CG]   [DIAG] iter=15 posCols=1 newCols=1 effImprove=1 updated=0
    [CG] 列生成收敛，共 16 轮迭代
    [CG] [CG-NODE] depth=0 exit=CERTIFIED certified=1 feasible=1 iters=16 generatedColsBeforeNode=0 newCols=222 posCandidates=222 duplicateCandidates=0 updatedCols=0 zeroObjImproveIters=3 objFirst=921453.713898 objLast=2247896.370984 objGain=1326442.657086 maxRC=979748.354373 wallSec=0.128232 pricingSec=0.116856 cplexSolveSec=0.007163
      [BB] 根节点即为整数解，obj=2247896.370984
