    [CG] 列生成开始，初始列数=310
    [CG] CG iter 1: obj=806541.303039, maxRC=1118844.385255, +30 cols
    [CG]   [DIAG] iter=1 posCols=30 newCols=30 effImprove=30 updated=0
    [CG] CG iter 2: obj=1484686.502242, maxRC=234178.005746, +25 cols
    [CG]   [DIAG] iter=2 posCols=25 newCols=25 effImprove=25 updated=0
    [CG] CG iter 3: obj=1616915.578948, maxRC=279116.417044, +24 cols
    [CG]   [DIAG] iter=3 posCols=24 newCols=24 effImprove=24 updated=0
    [CG] CG iter 4: obj=1738180.378563, maxRC=235343.072811, +24 cols
    [CG]   [DIAG] iter=4 posCols=24 newCols=24 effImprove=24 updated=0
    [CG] CG iter 5: obj=1845935.562564, maxRC=145570.321373, +24 cols
    [CG]   [DIAG] iter=5 posCols=24 newCols=24 effImprove=24 updated=0
    [CG] CG iter 6: obj=1928369.050011, maxRC=109196.641386, +22 cols
    [CG]   [DIAG] iter=6 posCols=22 newCols=21 effImprove=22 updated=1
    [CG] CG iter 7: obj=1928369.050011, maxRC=60348.023339, +15 cols
    [CG]   [DIAG] iter=7 posCols=15 newCols=14 effImprove=15 updated=1
    [CG] CG iter 8: obj=1932895.167839, maxRC=44746.626012, +17 cols
    [CG]   [DIAG] iter=8 posCols=17 newCols=15 effImprove=17 updated=2
    [CG] CG iter 9: obj=1973198.662428, maxRC=18930.463524, +10 cols
    [CG]   [DIAG] iter=9 posCols=10 newCols=9 effImprove=10 updated=1
    [CG] CG iter 10: obj=1973198.662428, maxRC=1151.404074, +2 cols
    [CG]   [DIAG] iter=10 posCols=2 newCols=2 effImprove=2 updated=0
    [CG] 列生成收敛，共 11 轮迭代
    [CG] [CG-NODE] depth=0 exit=CERTIFIED certified=1 feasible=1 iters=11 generatedColsBeforeNode=0 newCols=188 posCandidates=193 duplicateCandidates=5 updatedCols=5 zeroObjImproveIters=2 objFirst=806541.303039 objLast=1974350.066503 objGain=1167808.763463 maxRC=1118844.385255 wallSec=0.121256 pricingSec=0.112212 cplexSolveSec=0.005038
      [BB] 根节点即为整数解，obj=1974350.066503
