    [CG] 列生成开始，初始列数=310
    [CG] CG iter 1: obj=789461.433001, maxRC=1127941.982980, +30 cols
    [CG]   [DIAG] iter=1 posCols=30 newCols=30 effImprove=30 updated=0
    [CG] CG iter 2: obj=1478458.021539, maxRC=227575.434354, +25 cols
    [CG]   [DIAG] iter=2 posCols=25 newCols=25 effImprove=25 updated=0
    [CG] CG iter 3: obj=1658122.780177, maxRC=218557.485571, +26 cols
    [CG]   [DIAG] iter=3 posCols=26 newCols=26 effImprove=26 updated=0
    [CG] CG iter 4: obj=1754298.483956, maxRC=224856.648355, +24 cols
    [CG]   [DIAG] iter=4 posCols=24 newCols=24 effImprove=24 updated=0
    [CG] CG iter 5: obj=1835100.797576, maxRC=150826.691973, +23 cols
    [CG]   [DIAG] iter=5 posCols=23 newCols=23 effImprove=23 updated=0
    [CG] CG iter 6: obj=1882082.091765, maxRC=107239.823885, +23 cols
    [CG]   [DIAG] iter=6 posCols=23 newCols=22 effImprove=23 updated=1
    [CG] CG iter 7: obj=1948755.258182, maxRC=69831.872839, +17 cols
    [CG]   [DIAG] iter=7 posCols=17 newCols=17 effImprove=17 updated=0
    [CG] CG iter 8: obj=1954160.636054, maxRC=35556.718138, +18 cols
    [CG]   [DIAG] iter=8 posCols=18 newCols=18 effImprove=18 updated=0
    [CG] CG iter 9: obj=1954160.636054, maxRC=8657.070198, +9 cols
    [CG]   [DIAG] iter=9 posCols=9 newCols=7 effImprove=9 updated=2
    [CG] CG iter 10: obj=1957785.896497, maxRC=4478.079729, +2 cols
    [CG]   [DIAG] iter=10 posCols=2 newCols=2 effImprove=2 updated=0
    [CG] CG iter 11: obj=1962263.976226, maxRC=1478.572986, +1 cols
    [CG]   [DIAG] iter=11 posCols=1 newCols=1 effImprove=1 updated=0
    [CG] 列生成收敛，共 12 轮迭代
    [CG] [CG-NODE] depth=0 exit=CERTIFIED certified=1 feasible=1 iters=12 generatedColsBeforeNode=0 newCols=195 posCandidates=198 duplicateCandidates=3 updatedCols=3 zeroObjImproveIters=2 objFirst=789461.433001 objLast=1962263.976226 objGain=1172802.543225 maxRC=1127941.982980 wallSec=0.116904 pricingSec=0.109451 cplexSolveSec=0.004484
      [BB] 根节点即为整数解，obj=1962263.976226
