    [CG] 列生成开始，初始列数=310
    [CG] CG iter 1: obj=770971.532853, maxRC=1127810.916875, +30 cols
    [CG]   [DIAG] iter=1 posCols=30 newCols=30 effImprove=30 updated=0
    [CG] CG iter 2: obj=1470737.844184, maxRC=246160.838793, +26 cols
    [CG]   [DIAG] iter=2 posCols=26 newCols=26 effImprove=26 updated=0
    [CG] CG iter 3: obj=1637168.414465, maxRC=256857.874898, +24 cols
    [CG]   [DIAG] iter=3 posCols=24 newCols=24 effImprove=24 updated=0
    [CG] CG iter 4: obj=1735127.593894, maxRC=291648.417152, +24 cols
    [CG]   [DIAG] iter=4 posCols=24 newCols=24 effImprove=24 updated=0
    [CG] CG iter 5: obj=1824351.476933, maxRC=140685.109393, +24 cols
    [CG]   [DIAG] iter=5 posCols=24 newCols=24 effImprove=24 updated=0
    [CG] CG iter 6: obj=1887111.604373, maxRC=86282.917804, +21 cols
    [CG]   [DIAG] iter=6 posCols=21 newCols=20 effImprove=21 updated=1
    [CG] CG iter 7: obj=1898231.297873, maxRC=102111.928442, +17 cols
    [CG]   [DIAG] iter=7 posCols=17 newCols=16 effImprove=17 updated=1
    [CG] CG iter 8: obj=1903557.619666, maxRC=52540.955329, +15 cols
    [CG]   [DIAG] iter=8 posCols=15 newCols=15 effImprove=15 updated=0
    [CG] CG iter 9: obj=1946393.514766, maxRC=12173.688877, +12 cols
    [CG]   [DIAG] iter=9 posCols=12 newCols=12 effImprove=12 updated=0
    [CG] CG iter 10: obj=1946393.514766, maxRC=4470.676071, +4 cols
    [CG]   [DIAG] iter=10 posCols=4 newCols=4 effImprove=4 updated=0
    [CG] 列生成收敛，共 11 轮迭代
    [CG] [CG-NODE] depth=0 exit=CERTIFIED certified=1 feasible=1 iters=11 generatedColsBeforeNode=0 newCols=195 posCandidates=197 duplicateCandidates=2 updatedCols=2 zeroObjImproveIters=1 objFirst=770971.532853 objLast=1947374.725999 objGain=1176403.193146 maxRC=1127810.916875 wallSec=0.140641 pricingSec=0.132794 cplexSolveSec=0.004437
      [BB] 根节点即为整数解，obj=1947374.725999
