    [CG] 列生成开始，初始列数=310
    [CG] CG iter 1: obj=790002.157815, maxRC=1130524.237985, +30 cols
    [CG]   [DIAG] iter=1 posCols=30 newCols=30 effImprove=30 updated=0
    [CG] CG iter 2: obj=1475391.059973, maxRC=241663.879402, +25 cols
    [CG]   [DIAG] iter=2 posCols=25 newCols=25 effImprove=25 updated=0
    [CG] CG iter 3: obj=1603114.886666, maxRC=233906.313910, +26 cols
    [CG]   [DIAG] iter=3 posCols=26 newCols=26 effImprove=26 updated=0
    [CG] CG iter 4: obj=1781531.274285, maxRC=82762.115163, +21 cols
    [CG]   [DIAG] iter=4 posCols=21 newCols=21 effImprove=21 updated=0
    [CG] CG iter 5: obj=1874073.039159, maxRC=92224.914647, +22 cols
    [CG]   [DIAG] iter=5 posCols=22 newCols=22 effImprove=22 updated=0
    [CG] CG iter 6: obj=1914976.539946, maxRC=45023.991736, +15 cols
    [CG]   [DIAG] iter=6 posCols=15 newCols=13 effImprove=15 updated=2
    [CG] CG iter 7: obj=1919567.535922, maxRC=32748.778406, +8 cols
    [CG]   [DIAG] iter=7 posCols=8 newCols=8 effImprove=8 updated=0
    [CG] CG iter 8: obj=1924915.992349, maxRC=49942.664647, +18 cols
    [CG]   [DIAG] iter=8 posCols=18 newCols=18 effImprove=18 updated=0
    [CG] CG iter 9: obj=1952496.242154, maxRC=3722.120676, +2 cols
    [CG]   [DIAG] iter=9 posCols=2 newCols=2 effImprove=2 updated=0
    [CG] CG iter 10: obj=1952496.242154, maxRC=153.007374, +1 cols
    [CG]   [DIAG] iter=10 posCols=1 newCols=1 effImprove=1 updated=0
    [CG] 列生成收敛，共 11 轮迭代
    [CG] [CG-NODE] depth=0 exit=CERTIFIED certified=1 feasible=1 iters=11 generatedColsBeforeNode=0 newCols=166 posCandidates=168 duplicateCandidates=2 updatedCols=2 zeroObjImproveIters=2 objFirst=790002.157815 objLast=1952496.242154 objGain=1162494.084339 maxRC=1130524.237985 wallSec=0.132995 pricingSec=0.123895 cplexSolveSec=0.005059
      [BB] 根节点即为整数解，obj=1952496.242154
