    [CG] 列生成开始，初始列数=310
    [CG] CG iter 1: obj=764570.823988, maxRC=1157206.899189, +30 cols
    [CG]   [DIAG] iter=1 posCols=30 newCols=30 effImprove=30 updated=0
    [CG] CG iter 2: obj=1490594.235164, maxRC=251275.087675, +25 cols
    [CG]   [DIAG] iter=2 posCols=25 newCols=25 effImprove=25 updated=0
    [CG] CG iter 3: obj=1608149.633468, maxRC=270419.562492, +25 cols
    [CG]   [DIAG] iter=3 posCols=25 newCols=25 effImprove=25 updated=0
    [CG] CG iter 4: obj=1758731.786907, maxRC=296782.490289, +27 cols
    [CG]   [DIAG] iter=4 posCols=27 newCols=27 effImprove=27 updated=0
    [CG] CG iter 5: obj=1804178.939374, maxRC=119773.241132, +24 cols
    [CG]   [DIAG] iter=5 posCols=24 newCols=23 effImprove=24 updated=1
    [CG] CG iter 6: obj=1863977.434516, maxRC=160807.383324, +21 cols
    [CG]   [DIAG] iter=6 posCols=21 newCols=21 effImprove=21 updated=0
    [CG] CG iter 7: obj=1879079.233587, maxRC=66296.234147, +22 cols
    [CG]   [DIAG] iter=7 posCols=22 newCols=20 effImprove=22 updated=2
    [CG] CG iter 8: obj=1910465.676572, maxRC=31132.333346, +14 cols
    [CG]   [DIAG] iter=8 posCols=14 newCols=14 effImprove=14 updated=0
    [CG] CG iter 9: obj=1935965.819039, maxRC=9966.370327, +7 cols
    [CG]   [DIAG] iter=9 posCols=7 newCols=7 effImprove=7 updated=0
    [CG] CG iter 10: obj=1936864.262780, maxRC=4229.350775, +4 cols
    [CG]   [DIAG] iter=10 posCols=4 newCols=4 effImprove=4 updated=0
    [CG] CG iter 11: obj=1938196.041493, maxRC=320.803566, +1 cols
    [CG]   [DIAG] iter=11 posCols=1 newCols=1 effImprove=1 updated=0
    [CG] 列生成收敛，共 12 轮迭代
    [CG] [CG-NODE] depth=0 exit=CERTIFIED certified=1 feasible=1 iters=12 generatedColsBeforeNode=0 newCols=197 posCandidates=200 duplicateCandidates=3 updatedCols=3 zeroObjImproveIters=1 objFirst=764570.823988 objLast=1938196.041493 objGain=1173625.217504 maxRC=1157206.899189 wallSec=0.145027 pricingSec=0.135600 cplexSolveSec=0.005201
      [BB] 根节点即为整数解，obj=1938196.041493
