    [CG] 列生成开始，初始列数=310
    [CG] CG iter 1: obj=778447.093458, maxRC=1151476.435100, +30 cols
    [CG]   [DIAG] iter=1 posCols=30 newCols=30 effImprove=30 updated=0
    [CG] CG iter 2: obj=1460470.660267, maxRC=231113.345670, +28 cols
    [CG]   [DIAG] iter=2 posCols=28 newCols=28 effImprove=28 updated=0
    [CG] CG iter 3: obj=1635726.944156, maxRC=230530.548380, +28 cols
    [CG]   [DIAG] iter=3 posCols=28 newCols=28 effImprove=28 updated=0
    [CG] CG iter 4: obj=1790764.168556, maxRC=141067.869788, +23 cols
    [CG]   [DIAG] iter=4 posCols=23 newCols=22 effImprove=23 updated=1
    [CG] CG iter 5: obj=1802985.866155, maxRC=98657.110336, +19 cols
    [CG]   [DIAG] iter=5 posCols=19 newCols=19 effImprove=19 updated=0
    [CG] CG iter 6: obj=1823783.655738, maxRC=115996.385549, +24 cols
    [CG]   [DIAG] iter=6 posCols=24 newCols=24 effImprove=24 updated=0
    [CG] CG iter 7: obj=1842744.981637, maxRC=51878.443786, +17 cols
    [CG]   [DIAG] iter=7 posCols=17 newCols=16 effImprove=17 updated=1
    [CG] CG iter 8: obj=1866151.424652, maxRC=27858.432907, +13 cols
    [CG]   [DIAG] iter=8 posCols=13 newCols=11 effImprove=13 updated=2
    [CG] CG iter 9: obj=1871093.249257, maxRC=19039.752786, +8 cols
    [CG]   [DIAG] iter=9 posCols=8 newCols=8 effImprove=8 updated=0
    [CG] CG iter 10: obj=1871093.249257, maxRC=13231.022644, +9 cols
    [CG]   [DIAG] iter=10 posCols=9 newCols=8 effImprove=9 updated=1
    [CG] CG iter 11: obj=1883402.507287, maxRC=7994.305166, +6 cols
    [CG]   [DIAG] iter=11 posCols=6 newCols=6 effImprove=6 updated=0
    [CG] CG iter 12: obj=1885727.038119, maxRC=70.062336, +2 cols
    [CG]   [DIAG] iter=12 posCols=2 newCols=2 effImprove=2 updated=0
    [CG] 列生成收敛，共 13 轮迭代
    [CG] [CG-NODE] depth=0 exit=CERTIFIED certified=1 feasible=1 iters=13 generatedColsBeforeNode=0 newCols=202 posCandidates=207 duplicateCandidates=5 updatedCols=5 zeroObjImproveIters=2 objFirst=778447.093458 objLast=1885727.038119 objGain=1107279.944662 maxRC=1151476.435100 wallSec=0.124545 pricingSec=0.117087 cplexSolveSec=0.004671
      [BB] 根节点即为整数解，obj=1885727.038119
