    [CG] 列生成开始，初始列数=310
    [CG] CG iter 1: obj=664553.696118, maxRC=1026071.090082, +30 cols
    [CG]   [DIAG] iter=1 posCols=30 newCols=30 effImprove=30 updated=0
    [CG] CG iter 2: obj=1363412.437565, maxRC=261760.508511, +27 cols
    [CG]   [DIAG] iter=2 posCols=27 newCols=27 effImprove=27 updated=0
    [CG] CG iter 3: obj=1494078.181119, maxRC=234876.337814, +25 cols
    [CG]   [DIAG] iter=3 posCols=25 newCols=25 effImprove=25 updated=0
    [CG] CG iter 4: obj=1524666.599183, maxRC=242736.164204, +27 cols
    [CG]   [DIAG] iter=4 posCols=27 newCols=27 effImprove=27 updated=0
    [CG] CG iter 5: obj=1630515.566410, maxRC=144030.980689, +25 cols
    [CG]   [DIAG] iter=5 posCols=25 newCols=25 effImprove=25 updated=0
    [CG] CG iter 6: obj=1673364.725687, maxRC=90590.637334, +22 cols
    [CG]   [DIAG] iter=6 posCols=22 newCols=22 effImprove=22 updated=0
    [CG] CG iter 7: obj=1712235.670589, maxRC=147137.067744, +24 cols
    [CG]   [DIAG] iter=7 posCols=24 newCols=24 effImprove=24 updated=0
    [CG] CG iter 8: obj=1730213.443717, maxRC=79727.876713, +18 cols
    [CG]   [DIAG] iter=8 posCols=18 newCols=18 effImprove=18 updated=0
    [CG] CG iter 9: obj=1759344.761296, maxRC=47274.803462, +18 cols
    [CG]   [DIAG] iter=9 posCols=18 newCols=18 effImprove=18 updated=0
    [CG] CG iter 10: obj=1774131.114775, maxRC=23984.823771, +16 cols
    [CG]   [DIAG] iter=10 posCols=16 newCols=15 effImprove=16 updated=1
    [CG] CG iter 11: obj=1788374.380014, maxRC=22305.813340, +10 cols
    [CG]   [DIAG] iter=11 posCols=10 newCols=10 effImprove=10 updated=0
    [CG] CG iter 12: obj=1809649.033858, maxRC=27307.029877, +17 cols
    [CG]   [DIAG] iter=12 posCols=17 newCols=17 effImprove=17 updated=0
    [CG] CG iter 13: obj=1814136.027229, maxRC=12086.836077, +8 cols
    [CG]   [DIAG] iter=13 posCols=8 newCols=8 effImprove=8 updated=0
    [CG] CG iter 14: obj=1817317.055543, maxRC=3651.181119, +6 cols
    [CG]   [DIAG] iter=14 posCols=6 newCols=6 effImprove=6 updated=0
    [CG] 列生成收敛，共 15 轮迭代
    [CG] [CG-NODE] depth=0 exit=CERTIFIED certified=1 feasible=1 iters=15 generatedColsBeforeNode=0 newCols=272 posCandidates=273 duplicateCandidates=1 updatedCols=1 zeroObjImproveIters=0 objFirst=664553.696118 objLast=1821804.398488 objGain=1157250.702370 maxRC=1026071.090082 wallSec=0.200881 pricingSec=0.173529 cplexSolveSec=0.006926
      [BB] 根节点即为整数解，obj=1821804.398488
