    [CG] 列生成开始，初始列数=310
    [CG] CG iter 1: obj=697560.610668, maxRC=1157383.439650, +30 cols
    [CG]   [DIAG] iter=1 posCols=30 newCols=30 effImprove=30 updated=0
    [CG] CG iter 2: obj=1460427.300080, maxRC=248815.424046, +24 cols
    [CG]   [DIAG] iter=2 posCols=24 newCols=24 effImprove=24 updated=0
    [CG] CG iter 3: obj=1565720.121034, maxRC=290187.725569, +24 cols
    [CG]   [DIAG] iter=3 posCols=24 newCols=24 effImprove=24 updated=0
    [CG] CG iter 4: obj=1698971.253789, maxRC=165676.857223, +24 cols
    [CG]   [DIAG] iter=4 posCols=24 newCols=24 effImprove=24 updated=0
    [CG] CG iter 5: obj=1734438.261998, maxRC=135483.276666, +23 cols
    [CG]   [DIAG] iter=5 posCols=23 newCols=22 effImprove=23 updated=1
    [CG] CG iter 6: obj=1807744.528786, maxRC=134269.361541, +18 cols
    [CG]   [DIAG] iter=6 posCols=18 newCols=18 effImprove=18 updated=0
    [CG] CG iter 7: obj=1831851.333094, maxRC=84114.938678, +17 cols
    [CG]   [DIAG] iter=7 posCols=17 newCols=17 effImprove=17 updated=0
    [CG] CG iter 8: obj=1884121.519258, maxRC=114599.526501, +17 cols
    [CG]   [DIAG] iter=8 posCols=17 newCols=16 effImprove=17 updated=1
    [CG] CG iter 9: obj=1884121.519258, maxRC=75298.713306, +15 cols
    [CG]   [DIAG] iter=9 posCols=15 newCols=15 effImprove=15 updated=0
    [CG] CG iter 10: obj=1884121.519258, maxRC=45275.318564, +19 cols
    [CG]   [DIAG] iter=10 posCols=19 newCols=19 effImprove=19 updated=0
    [CG] CG iter 11: obj=1884121.519258, maxRC=75825.383308, +16 cols
    [CG]   [DIAG] iter=11 posCols=16 newCols=16 effImprove=16 updated=0
    [CG] CG iter 12: obj=1884121.519258, maxRC=38671.248391, +17 cols
    [CG]   [DIAG] iter=12 posCols=17 newCols=16 effImprove=17 updated=1
    [CG] CG iter 13: obj=1894532.575388, maxRC=37836.539025, +13 cols
    [CG]   [DIAG] iter=13 posCols=13 newCols=12 effImprove=13 updated=1
    [CG] CG iter 14: obj=1894532.575388, maxRC=17241.622738, +9 cols
    [CG]   [DIAG] iter=14 posCols=9 newCols=9 effImprove=9 updated=0
    [CG] CG iter 15: obj=1907505.650848, maxRC=9633.974581, +9 cols
    [CG]   [DIAG] iter=15 posCols=9 newCols=9 effImprove=9 updated=0
    [CG] CG iter 16: obj=1908200.664254, maxRC=5975.388552, +6 cols
    [CG]   [DIAG] iter=16 posCols=6 newCols=6 effImprove=6 updated=0
    [CG] CG iter 17: obj=1908200.664254, maxRC=2222.090581, +2 cols
    [CG]   [DIAG] iter=17 posCols=2 newCols=2 effImprove=2 updated=0
    [CG] CG iter 18: obj=1909311.709544, maxRC=876.687195, +1 cols
    [CG]   [DIAG] iter=18 posCols=1 newCols=1 effImprove=1 updated=0
    [CG] CG iter 19: obj=1910188.396739, maxRC=214.806860, +1 cols
    [CG]   [DIAG] iter=19 posCols=1 newCols=1 effImprove=1 updated=0
    [CG] 列生成收敛，共 20 轮迭代
    [CG] [CG-NODE] depth=0 exit=CERTIFIED certified=1 feasible=1 iters=20 generatedColsBeforeNode=0 newCols=281 posCandidates=285 duplicateCandidates=4 updatedCols=4 zeroObjImproveIters=7 objFirst=697560.610668 objLast=1910188.396739 objGain=1212627.786071 maxRC=1157383.439650 wallSec=0.200154 pricingSec=0.187133 cplexSolveSec=0.008237
      [BB] 根节点即为整数解，obj=1910188.396739
