    [CG] 列生成开始，初始列数=310
    [CG] CG iter 1: obj=792284.154831, maxRC=1119908.052195, +30 cols
    [CG]   [DIAG] iter=1 posCols=30 newCols=30 effImprove=30 updated=0
    [CG] CG iter 2: obj=1476453.439470, maxRC=235483.024987, +27 cols
    [CG]   [DIAG] iter=2 posCols=27 newCols=27 effImprove=27 updated=0
    [CG] CG iter 3: obj=1629519.543114, maxRC=289932.388775, +29 cols
    [CG]   [DIAG] iter=3 posCols=29 newCols=29 effImprove=29 updated=0
    [CG] CG iter 4: obj=1715385.418903, maxRC=278229.225280, +25 cols
    [CG]   [DIAG] iter=4 posCols=25 newCols=25 effImprove=25 updated=0
    [CG] CG iter 5: obj=1797250.497335, maxRC=126835.032955, +24 cols
    [CG]   [DIAG] iter=5 posCols=24 newCols=24 effImprove=24 updated=0
    [CG] CG iter 6: obj=1846782.100391, maxRC=99710.276516, +20 cols
    [CG]   [DIAG] iter=6 posCols=20 newCols=20 effImprove=20 updated=0
    [CG] CG iter 7: obj=1887082.924164, maxRC=59312.405461, +16 cols
    [CG]   [DIAG] iter=7 posCols=16 newCols=16 effImprove=16 updated=0
    [CG] CG iter 8: obj=1888281.240425, maxRC=42781.702674, +13 cols
    [CG]   [DIAG] iter=8 posCols=13 newCols=13 effImprove=13 updated=0
    [CG] CG iter 9: obj=1888281.240425, maxRC=41738.555644, +15 cols
    [CG]   [DIAG] iter=9 posCols=15 newCols=14 effImprove=15 updated=1
    [CG] CG iter 10: obj=1914326.939957, maxRC=4729.059755, +2 cols
    [CG]   [DIAG] iter=10 posCols=2 newCols=2 effImprove=2 updated=0
    [CG] CG iter 11: obj=1914326.939957, maxRC=1419.389123, +1 cols
    [CG]   [DIAG] iter=11 posCols=1 newCols=1 effImprove=1 updated=0
    [CG] 列生成收敛，共 12 轮迭代
    [CG] [CG-NODE] depth=0 exit=CERTIFIED certified=1 feasible=1 iters=12 generatedColsBeforeNode=0 newCols=201 posCandidates=202 duplicateCandidates=1 updatedCols=1 zeroObjImproveIters=2 objFirst=792284.154831 objLast=1915039.482420 objGain=1122755.327589 maxRC=1119908.052195 wallSec=0.109631 pricingSec=0.103093 cplexSolveSec=0.004114
      [BB] 分支定界开始，根节点LP obj=1915039.482420，最大节点数=10000
      [BB] 根节点启发式下界 LB=1776079.288265（上界=1915039.482420）
    [CG] [BB-DIAG] 分支 x_{dc=0,retailer=19}, 节点数=1
    [CG] 列生成开始，初始列数=505
    [CG] CG iter 13: obj=1914326.939957, maxRC=111069.965545, +21 cols
    [CG]   [DIAG] iter=13 posCols=21 newCols=20 effImprove=21 updated=1
    [CG] CG iter 14: obj=1914326.939957, maxRC=36982.526192, +12 cols
    [CG]   [DIAG] iter=14 posCols=12 newCols=12 effImprove=12 updated=0
    [CG] CG iter 15: obj=1914326.939957, maxRC=22257.743250, +9 cols
    [CG]   [DIAG] iter=15 posCols=9 newCols=9 effImprove=9 updated=0
    [CG] CG iter 16: obj=1914326.939957, maxRC=18968.981946, +5 cols
    [CG]   [DIAG] iter=16 posCols=5 newCols=5 effImprove=5 updated=0
    [CG] CG iter 17: obj=1914326.939957, maxRC=1727.629587, +3 cols
    [CG]   [DIAG] iter=17 posCols=3 newCols=3 effImprove=3 updated=0
    [CG] CG iter 18: obj=1914326.939957, maxRC=499.875565, +2 cols
    [CG]   [DIAG] iter=18 posCols=2 newCols=2 effImprove=2 updated=0
    [CG] 列生成收敛，共 19 轮迭代
    [CG] [CG-NODE] depth=1 exit=CERTIFIED certified=1 feasible=1 iters=7 generatedColsBeforeNode=201 newCols=51 posCandidates=52 duplicateCandidates=1 updatedCols=1 zeroObjImproveIters=5 objFirst=1914326.939957 objLast=1914826.815523 objGain=499.875565 maxRC=111069.965545 wallSec=0.038446 pricingSec=0.034090 cplexSolveSec=0.002972
    [CG] 列生成开始，初始列数=480
    [CG] CG iter 20: obj=1914828.645219, maxRC=109896.640238, +19 cols
    [CG]   [DIAG] iter=20 posCols=19 newCols=18 effImprove=19 updated=1
    [CG] CG iter 21: obj=1914828.645219, maxRC=68357.659735, +20 cols
    [CG]   [DIAG] iter=21 posCols=20 newCols=20 effImprove=20 updated=0
    [CG] CG iter 22: obj=1914828.645219, maxRC=69275.777851, +13 cols
    [CG]   [DIAG] iter=22 posCols=13 newCols=12 effImprove=13 updated=1
    [CG] CG iter 23: obj=1914828.645219, maxRC=16983.800284, +7 cols
    [CG]   [DIAG] iter=23 posCols=7 newCols=6 effImprove=7 updated=1
    [CG] CG iter 24: obj=1914828.645219, maxRC=13911.664319, +1 cols
    [CG]   [DIAG] iter=24 posCols=1 newCols=1 effImprove=1 updated=0
    [CG] CG iter 25: obj=1914828.645219, maxRC=1218.660669, +1 cols
    [CG]   [DIAG] iter=25 posCols=1 newCols=1 effImprove=1 updated=0
    [CG] CG iter 26: obj=1914866.929587, maxRC=367.071725, +2 cols
    [CG]   [DIAG] iter=26 posCols=2 newCols=2 effImprove=2 updated=0
    [CG] CG iter 27: obj=1914866.929587, maxRC=75.700860, +1 cols
    [CG]   [DIAG] iter=27 posCols=1 newCols=1 effImprove=1 updated=0
    [CG] 列生成收敛，共 28 轮迭代
    [CG] [CG-NODE] depth=1 exit=CERTIFIED certified=1 feasible=1 iters=9 generatedColsBeforeNode=252 newCols=61 posCandidates=64 duplicateCandidates=3 updatedCols=3 zeroObjImproveIters=7 objFirst=1914828.645219 objLast=1914866.929587 objGain=38.284367 maxRC=109896.640238 wallSec=0.045440 pricingSec=0.040518 cplexSolveSec=0.003203
    [CG] [BB-INCUMBENT] selection=2 node=1 previous=1776079.288265 value=1914866.929587 active=1
    [CG] [BB-NODESEL] strategy=hybrid choice=dfs eligibleCount=1 active=1 gap=0.000000
      [BB] 分支定界结束：处理 3 节点，剪枝 1，剩余活跃 0，整数解 2，状态=OPTIMAL，最好可行 obj=1914866.929587，gap=0.000000
