    [CG] 列生成开始，初始列数=310
    [CG] CG iter 1: obj=801492.302532, maxRC=1103078.205535, +30 cols
    [CG]   [DIAG] iter=1 posCols=30 newCols=30 effImprove=30 updated=0
    [CG] CG iter 2: obj=1475119.794770, maxRC=233827.519450, +28 cols
    [CG]   [DIAG] iter=2 posCols=28 newCols=28 effImprove=28 updated=0
    [CG] CG iter 3: obj=1605499.952287, maxRC=281947.549093, +24 cols
    [CG]   [DIAG] iter=3 posCols=24 newCols=24 effImprove=24 updated=0
    [CG] CG iter 4: obj=1726050.083738, maxRC=208655.625282, +26 cols
    [CG]   [DIAG] iter=4 posCols=26 newCols=26 effImprove=26 updated=0
    [CG] CG iter 5: obj=1832056.893855, maxRC=196623.663472, +24 cols
    [CG]   [DIAG] iter=5 posCols=24 newCols=24 effImprove=24 updated=0
    [CG] CG iter 6: obj=1851293.434785, maxRC=125914.605479, +24 cols
    [CG]   [DIAG] iter=6 posCols=24 newCols=24 effImprove=24 updated=0
    [CG] CG iter 7: obj=1932293.825360, maxRC=74250.262388, +22 cols
    [CG]   [DIAG] iter=7 posCols=22 newCols=22 effImprove=22 updated=0
    [CG] CG iter 8: obj=1939109.667147, maxRC=55125.984974, +12 cols
    [CG]   [DIAG] iter=8 posCols=12 newCols=12 effImprove=12 updated=0
    [CG] CG iter 9: obj=1948086.239176, maxRC=28872.127521, +8 cols
    [CG]   [DIAG] iter=9 posCols=8 newCols=8 effImprove=8 updated=0
    [CG] CG iter 10: obj=1960173.205279, maxRC=15015.284141, +3 cols
    [CG]   [DIAG] iter=10 posCols=3 newCols=2 effImprove=3 updated=1
    [CG] CG iter 11: obj=1960173.205279, maxRC=8613.592758, +2 cols
    [CG]   [DIAG] iter=11 posCols=2 newCols=2 effImprove=2 updated=0
    [CG] CG iter 12: obj=1968786.798037, maxRC=4737.636214, +4 cols
    [CG]   [DIAG] iter=12 posCols=4 newCols=4 effImprove=4 updated=0
    [CG] CG iter 13: obj=1968786.798037, maxRC=974.893519, +2 cols
    [CG]   [DIAG] iter=13 posCols=2 newCols=2 effImprove=2 updated=0
    [CG] 列生成收敛，共 14 轮迭代
    [CG] [CG-NODE] depth=0 exit=CERTIFIED certified=1 feasible=1 iters=14 generatedColsBeforeNode=0 newCols=208 posCandidates=209 duplicateCandidates=1 updatedCols=1 zeroObjImproveIters=3 objFirst=801492.302532 objLast=1968786.798037 objGain=1167294.495505 maxRC=1103078.205535 wallSec=0.113495 pricingSec=0.105371 cplexSolveSec=0.005179
      [BB] 根节点即为整数解，obj=1968786.798037
