    [CG] 列生成开始，初始列数=310
    [CG] CG iter 1: obj=802022.978810, maxRC=1120432.497043, +30 cols
    [CG]   [DIAG] iter=1 posCols=30 newCols=30 effImprove=30 updated=0
    [CG] CG iter 2: obj=1477877.822602, maxRC=238988.926779, +25 cols
    [CG]   [DIAG] iter=2 posCols=25 newCols=25 effImprove=25 updated=0
    [CG] CG iter 3: obj=1616818.864465, maxRC=292193.560474, +24 cols
    [CG]   [DIAG] iter=3 posCols=24 newCols=24 effImprove=24 updated=0
    [CG] CG iter 4: obj=1745100.291978, maxRC=251132.256761, +24 cols
    [CG]   [DIAG] iter=4 posCols=24 newCols=24 effImprove=24 updated=0
    [CG] CG iter 5: obj=1819974.521526, maxRC=107928.843935, +23 cols
    [CG]   [DIAG] iter=5 posCols=23 newCols=23 effImprove=23 updated=0
    [CG] CG iter 6: obj=1883815.139075, maxRC=100901.793045, +21 cols
    [CG]   [DIAG] iter=6 posCols=21 newCols=21 effImprove=21 updated=0
    [CG] CG iter 7: obj=1914180.217583, maxRC=75320.511844, +24 cols
    [CG]   [DIAG] iter=7 posCols=24 newCols=21 effImprove=24 updated=3
    [CG] CG iter 8: obj=1942206.730003, maxRC=28500.826009, +15 cols
    [CG]   [DIAG] iter=8 posCols=15 newCols=14 effImprove=15 updated=1
    [CG] CG iter 9: obj=1970707.556013, maxRC=7781.644742, +8 cols
    [CG]   [DIAG] iter=9 posCols=8 newCols=8 effImprove=8 updated=0
    [CG] CG iter 10: obj=1970707.556013, maxRC=1812.497988, +2 cols
    [CG]   [DIAG] iter=10 posCols=2 newCols=2 effImprove=2 updated=0
    [CG] CG iter 11: obj=1970707.556013, maxRC=1047.323784, +1 cols
    [CG]   [DIAG] iter=11 posCols=1 newCols=1 effImprove=1 updated=0
    [CG] 列生成收敛，共 12 轮迭代
    [CG] [CG-NODE] depth=0 exit=CERTIFIED certified=1 feasible=1 iters=12 generatedColsBeforeNode=0 newCols=193 posCandidates=197 duplicateCandidates=4 updatedCols=4 zeroObjImproveIters=3 objFirst=802022.978810 objLast=1970707.556013 objGain=1168684.577202 maxRC=1120432.497043 wallSec=0.133057 pricingSec=0.125821 cplexSolveSec=0.004347
      [BB] 根节点即为整数解，obj=1970707.556013
