    [CG] 列生成开始，初始列数=310
    [CG] CG iter 1: obj=283790.885574, maxRC=743809.408931, +12 cols
    [CG]   [DIAG] iter=1 posCols=12 newCols=12 effImprove=12 updated=0
    [CG] CG iter 2: obj=903951.053202, maxRC=454692.543968, +11 cols
    [CG]   [DIAG] iter=2 posCols=11 newCols=11 effImprove=11 updated=0
    [CG] CG iter 3: obj=947991.968575, maxRC=495133.282379, +9 cols
    [CG]   [DIAG] iter=3 posCols=9 newCols=9 effImprove=9 updated=0
    [CG] CG iter 4: obj=947991.968575, maxRC=480716.815060, +9 cols
    [CG]   [DIAG] iter=4 posCols=9 newCols=9 effImprove=9 updated=0
    [CG] CG iter 5: obj=947991.968575, maxRC=347654.841068, +9 cols
    [CG]   [DIAG] iter=5 posCols=9 newCols=9 effImprove=9 updated=0
    [CG] CG iter 6: obj=947991.968575, maxRC=410441.417568, +9 cols
    [CG]   [DIAG] iter=6 posCols=9 newCols=9 effImprove=9 updated=0
    [CG] CG iter 7: obj=1019961.635444, maxRC=324858.976304, +10 cols
    [CG]   [DIAG] iter=7 posCols=10 newCols=10 effImprove=10 updated=0
    [CG] CG iter 8: obj=1057302.931921, maxRC=262908.310470, +11 cols
    [CG]   [DIAG] iter=8 posCols=11 newCols=11 effImprove=11 updated=0
    [CG] CG iter 9: obj=1112449.617756, maxRC=243308.846736, +9 cols
    [CG]   [DIAG] iter=9 posCols=9 newCols=9 effImprove=9 updated=0
    [CG] CG iter 10: obj=1122378.284736, maxRC=174223.490177, +9 cols
    [CG]   [DIAG] iter=10 posCols=9 newCols=9 effImprove=9 updated=0
    [CG] CG iter 11: obj=1129815.106041, maxRC=170358.135836, +9 cols
    [CG]   [DIAG] iter=11 posCols=9 newCols=9 effImprove=9 updated=0
    [CG] CG iter 12: obj=1152198.167939, maxRC=133400.225625, +10 cols
    [CG]   [DIAG] iter=12 posCols=10 newCols=10 effImprove=10 updated=0
    [CG] CG iter 13: obj=1164518.296524, maxRC=84153.913964, +9 cols
    [CG]   [DIAG] iter=13 posCols=9 newCols=9 effImprove=9 updated=0
    [CG] CG iter 14: obj=1185764.658284, maxRC=70815.912433, +9 cols
    [CG]   [DIAG] iter=14 posCols=9 newCols=9 effImprove=9 updated=0
    [CG] CG iter 15: obj=1198538.268151, maxRC=55470.184387, +9 cols
    [CG]   [DIAG] iter=15 posCols=9 newCols=9 effImprove=9 updated=0
    [CG] CG iter 16: obj=1205404.326265, maxRC=29332.538283, +9 cols
    [CG]   [DIAG] iter=16 posCols=9 newCols=9 effImprove=9 updated=0
    [CG] CG iter 17: obj=1218068.336023, maxRC=20404.939427, +9 cols
    [CG]   [DIAG] iter=17 posCols=9 newCols=9 effImprove=9 updated=0
    [CG] CG iter 18: obj=1218443.050105, maxRC=29004.427152, +9 cols
    [CG]   [DIAG] iter=18 posCols=9 newCols=9 effImprove=9 updated=0
    [CG] CG iter 19: obj=1243398.361695, maxRC=14067.267506, +7 cols
    [CG]   [DIAG] iter=19 posCols=7 newCols=7 effImprove=7 updated=0
    [CG] CG iter 20: obj=1243398.361695, maxRC=21932.216765, +9 cols
    [CG]   [DIAG] iter=20 posCols=9 newCols=8 effImprove=9 updated=1
    [CG] CG iter 21: obj=1243398.361695, maxRC=10157.886907, +7 cols
    [CG]   [DIAG] iter=21 posCols=7 newCols=7 effImprove=7 updated=0
    [CG] CG iter 22: obj=1243398.361695, maxRC=4145.633315, +6 cols
    [CG]   [DIAG] iter=22 posCols=6 newCols=6 effImprove=6 updated=0
    [CG] CG iter 23: obj=1243398.361695, maxRC=1359.629690, +6 cols
    [CG]   [DIAG] iter=23 posCols=6 newCols=6 effImprove=6 updated=0
    [CG] CG iter 24: obj=1243398.361695, maxRC=85.050481, +1 cols
    [CG]   [DIAG] iter=24 posCols=1 newCols=1 effImprove=1 updated=0
    [CG] 列生成收敛，共 25 轮迭代
    [CG] [CG-NODE] depth=0 exit=CERTIFIED certified=1 feasible=1 iters=25 generatedColsBeforeNode=0 newCols=206 posCandidates=207 duplicateCandidates=1 updatedCols=1 zeroObjImproveIters=9 objFirst=283790.885574 objLast=1243398.361695 objGain=959607.476121 maxRC=743809.408931 wallSec=0.376193 pricingSec=0.346905 cplexSolveSec=0.007666
      [BB] 根节点即为整数解，obj=1243398.361695
