    [CG] 列生成开始，初始列数=310
    [CG] CG iter 1: obj=286528.200821, maxRC=354037.021274, +12 cols
    [CG]   [DIAG] iter=1 posCols=12 newCols=12 effImprove=12 updated=0
    [CG] CG iter 2: obj=587800.631574, maxRC=236094.194777, +12 cols
    [CG]   [DIAG] iter=2 posCols=12 newCols=12 effImprove=12 updated=0
    [CG] CG iter 3: obj=721539.447843, maxRC=157174.709657, +12 cols
    [CG]   [DIAG] iter=3 posCols=12 newCols=12 effImprove=12 updated=0
    [CG] CG iter 4: obj=808806.583134, maxRC=178706.857013, +12 cols
    [CG]   [DIAG] iter=4 posCols=12 newCols=12 effImprove=12 updated=0
    [CG] CG iter 5: obj=808806.583134, maxRC=101859.756404, +12 cols
    [CG]   [DIAG] iter=5 posCols=12 newCols=12 effImprove=12 updated=0
    [CG] CG iter 6: obj=827062.339380, maxRC=43585.147409, +11 cols
    [CG]   [DIAG] iter=6 posCols=11 newCols=11 effImprove=11 updated=0
    [CG] CG iter 7: obj=848503.047894, maxRC=61537.876594, +9 cols
    [CG]   [DIAG] iter=7 posCols=9 newCols=9 effImprove=9 updated=0
    [CG] CG iter 8: obj=848994.249278, maxRC=28927.413299, +10 cols
    [CG]   [DIAG] iter=8 posCols=10 newCols=10 effImprove=10 updated=0
    [CG] CG iter 9: obj=863759.495417, maxRC=14422.423998, +4 cols
    [CG]   [DIAG] iter=9 posCols=4 newCols=4 effImprove=4 updated=0
    [CG] CG iter 10: obj=876045.959427, maxRC=9839.155132, +9 cols
    [CG]   [DIAG] iter=10 posCols=9 newCols=9 effImprove=9 updated=0
    [CG] CG iter 11: obj=876045.959427, maxRC=1568.578804, +2 cols
    [CG]   [DIAG] iter=11 posCols=2 newCols=2 effImprove=2 updated=0
    [CG] CG iter 12: obj=876045.959427, maxRC=445.878763, +1 cols
    [CG]   [DIAG] iter=12 posCols=1 newCols=0 effImprove=1 updated=1
    [CG] 列生成收敛，共 13 轮迭代
    [CG] [CG-NODE] depth=0 exit=CERTIFIED certified=1 feasible=1 iters=13 generatedColsBeforeNode=0 newCols=105 posCandidates=106 duplicateCandidates=1 updatedCols=1 zeroObjImproveIters=4 objFirst=286528.200821 objLast=876045.959427 objGain=589517.758606 maxRC=354037.021274 wallSec=0.346278 pricingSec=0.341029 cplexSolveSec=0.003041
      [BB] 根节点即为整数解，obj=876045.959427
