    [CG] 列生成开始，初始列数=310
    [CG] CG iter 1: obj=440570.131550, maxRC=784073.291576, +21 cols
    [CG]   [DIAG] iter=1 posCols=21 newCols=21 effImprove=21 updated=0
    [CG] CG iter 2: obj=1015827.025162, maxRC=393065.272095, +16 cols
    [CG]   [DIAG] iter=2 posCols=16 newCols=16 effImprove=16 updated=0
    [CG] CG iter 3: obj=1113090.988174, maxRC=395384.644275, +17 cols
    [CG]   [DIAG] iter=3 posCols=17 newCols=17 effImprove=17 updated=0
    [CG] CG iter 4: obj=1119294.723843, maxRC=314654.510503, +16 cols
    [CG]   [DIAG] iter=4 posCols=16 newCols=15 effImprove=16 updated=1
    [CG] CG iter 5: obj=1163277.609074, maxRC=318196.637346, +15 cols
    [CG]   [DIAG] iter=5 posCols=15 newCols=15 effImprove=15 updated=0
    [CG] CG iter 6: obj=1183561.044974, maxRC=124742.379134, +17 cols
    [CG]   [DIAG] iter=6 posCols=17 newCols=17 effImprove=17 updated=0
    [CG] CG iter 7: obj=1266868.537651, maxRC=54517.793009, +12 cols
    [CG]   [DIAG] iter=7 posCols=12 newCols=12 effImprove=12 updated=0
    [CG] CG iter 8: obj=1318040.650125, maxRC=56700.491288, +15 cols
    [CG]   [DIAG] iter=8 posCols=15 newCols=15 effImprove=15 updated=0
    [CG] CG iter 9: obj=1332710.844687, maxRC=41516.441780, +11 cols
    [CG]   [DIAG] iter=9 posCols=11 newCols=11 effImprove=11 updated=0
    [CG] CG iter 10: obj=1334418.630657, maxRC=23132.684280, +5 cols
    [CG]   [DIAG] iter=10 posCols=5 newCols=5 effImprove=5 updated=0
    [CG] CG iter 11: obj=1344832.874816, maxRC=10181.002590, +6 cols
    [CG]   [DIAG] iter=11 posCols=6 newCols=6 effImprove=6 updated=0
    [CG] CG iter 12: obj=1344832.874816, maxRC=4804.219892, +4 cols
    [CG]   [DIAG] iter=12 posCols=4 newCols=4 effImprove=4 updated=0
    [CG] CG iter 13: obj=1344832.874816, maxRC=3088.074976, +3 cols
    [CG]   [DIAG] iter=13 posCols=3 newCols=3 effImprove=3 updated=0
    [CG] CG iter 14: obj=1347920.949792, maxRC=2269.258789, +2 cols
    [CG]   [DIAG] iter=14 posCols=2 newCols=2 effImprove=2 updated=0
    [CG] CG iter 15: obj=1347920.949792, maxRC=2187.905277, +1 cols
    [CG]   [DIAG] iter=15 posCols=1 newCols=1 effImprove=1 updated=0
    [CG] 列生成收敛，共 16 轮迭代
    [CG] [CG-NODE] depth=0 exit=CERTIFIED certified=1 feasible=1 iters=16 generatedColsBeforeNode=0 newCols=160 posCandidates=161 duplicateCandidates=1 updatedCols=1 zeroObjImproveIters=4 objFirst=440570.131550 objLast=1347920.949792 objGain=907350.818242 maxRC=784073.291576 wallSec=0.187028 pricingSec=0.180264 cplexSolveSec=0.004229
      [BB] 根节点即为整数解，obj=1347920.949792
