    [CG] 列生成开始，初始列数=310
    [CG] CG iter 1: obj=334055.111217, maxRC=767542.969482, +15 cols
    [CG]   [DIAG] iter=1 posCols=15 newCols=15 effImprove=15 updated=0
    [CG] CG iter 2: obj=865277.003956, maxRC=360977.446586, +11 cols
    [CG]   [DIAG] iter=2 posCols=11 newCols=11 effImprove=11 updated=0
    [CG] CG iter 3: obj=907884.355985, maxRC=373200.314517, +9 cols
    [CG]   [DIAG] iter=3 posCols=9 newCols=9 effImprove=9 updated=0
    [CG] CG iter 4: obj=918658.140035, maxRC=319240.573151, +9 cols
    [CG]   [DIAG] iter=4 posCols=9 newCols=9 effImprove=9 updated=0
    [CG] CG iter 5: obj=927847.628186, maxRC=404909.270023, +9 cols
    [CG]   [DIAG] iter=5 posCols=9 newCols=9 effImprove=9 updated=0
    [CG] CG iter 6: obj=967835.655490, maxRC=358992.964106, +12 cols
    [CG]   [DIAG] iter=6 posCols=12 newCols=12 effImprove=12 updated=0
    [CG] CG iter 7: obj=1008683.943478, maxRC=261366.999729, +11 cols
    [CG]   [DIAG] iter=7 posCols=11 newCols=11 effImprove=11 updated=0
    [CG] CG iter 8: obj=1059189.621067, maxRC=207986.837430, +9 cols
    [CG]   [DIAG] iter=8 posCols=9 newCols=9 effImprove=9 updated=0
    [CG] CG iter 9: obj=1090340.303492, maxRC=169231.465328, +12 cols
    [CG]   [DIAG] iter=9 posCols=12 newCols=12 effImprove=12 updated=0
    [CG] CG iter 10: obj=1109771.352282, maxRC=161442.299878, +9 cols
    [CG]   [DIAG] iter=10 posCols=9 newCols=9 effImprove=9 updated=0
    [CG] CG iter 11: obj=1114690.279670, maxRC=128080.115641, +9 cols
    [CG]   [DIAG] iter=11 posCols=9 newCols=9 effImprove=9 updated=0
    [CG] CG iter 12: obj=1123814.354751, maxRC=80167.722187, +10 cols
    [CG]   [DIAG] iter=12 posCols=10 newCols=10 effImprove=10 updated=0
    [CG] CG iter 13: obj=1146186.044318, maxRC=68073.905014, +9 cols
    [CG]   [DIAG] iter=13 posCols=9 newCols=9 effImprove=9 updated=0
    [CG] CG iter 14: obj=1147932.512793, maxRC=66395.086955, +9 cols
    [CG]   [DIAG] iter=14 posCols=9 newCols=9 effImprove=9 updated=0
    [CG] CG iter 15: obj=1161823.384131, maxRC=103712.764622, +9 cols
    [CG]   [DIAG] iter=15 posCols=9 newCols=9 effImprove=9 updated=0
    [CG] CG iter 16: obj=1170499.710739, maxRC=85983.216277, +9 cols
    [CG]   [DIAG] iter=16 posCols=9 newCols=9 effImprove=9 updated=0
    [CG] CG iter 17: obj=1170499.710739, maxRC=60908.509545, +10 cols
    [CG]   [DIAG] iter=17 posCols=10 newCols=9 effImprove=10 updated=1
    [CG] CG iter 18: obj=1170499.710739, maxRC=22867.295857, +8 cols
    [CG]   [DIAG] iter=18 posCols=8 newCols=8 effImprove=8 updated=0
    [CG] CG iter 19: obj=1179136.178299, maxRC=31255.122661, +7 cols
    [CG]   [DIAG] iter=19 posCols=7 newCols=7 effImprove=7 updated=0
    [CG] CG iter 20: obj=1179136.178299, maxRC=10400.964585, +6 cols
    [CG]   [DIAG] iter=20 posCols=6 newCols=4 effImprove=6 updated=2
    [CG] CG iter 21: obj=1179136.178299, maxRC=10034.477526, +2 cols
    [CG]   [DIAG] iter=21 posCols=2 newCols=2 effImprove=2 updated=0
    [CG] CG iter 22: obj=1187552.864762, maxRC=10022.047258, +5 cols
    [CG]   [DIAG] iter=22 posCols=5 newCols=5 effImprove=5 updated=0
    [CG] CG iter 23: obj=1187552.864762, maxRC=79.810786, +1 cols
    [CG]   [DIAG] iter=23 posCols=1 newCols=1 effImprove=1 updated=0
    [CG] 列生成收敛，共 24 轮迭代
    [CG] [CG-NODE] depth=0 exit=CERTIFIED certified=1 feasible=1 iters=24 generatedColsBeforeNode=0 newCols=197 posCandidates=200 duplicateCandidates=3 updatedCols=3 zeroObjImproveIters=6 objFirst=334055.111217 objLast=1187552.864762 objGain=853497.753545 maxRC=767542.969482 wallSec=0.444149 pricingSec=0.430274 cplexSolveSec=0.008492
      [BB] 根节点即为整数解，obj=1187552.864762
